[2024-09-04T12:08:10.179+0000][0.007s][info][gc,heap] Heap region size: 1M
[2024-09-04T12:08:10.185+0000][0.013s][info][gc     ] Using G1
[2024-09-04T12:08:10.185+0000][0.013s][info][gc,heap,coops] Heap address: 0x0000000084800000, size: 1976 MB, Compressed Oops mode: 32-bit
[2024-09-04T12:08:10.185+0000][0.014s][info][gc,cds       ] Mark closed archive regions in map: [0x00000000ffc00000, 0x00000000ffc6bff8]
[2024-09-04T12:08:10.186+0000][0.014s][info][gc,cds       ] Mark open archive regions in map: [0x00000000ff800000, 0x00000000ff847ff8]
[2024-09-04T12:08:10.299+0000][0.128s][debug][safepoint    ] Safepoint synchronization initiated. (9 threads)
[2024-09-04T12:08:10.299+0000][0.128s][info ][safepoint    ] Application time: 0.0538126 seconds
[2024-09-04T12:08:10.299+0000][0.128s][info ][safepoint    ] Entering safepoint region: Deoptimize
[2024-09-04T12:08:10.299+0000][0.128s][info ][safepoint    ] Leaving safepoint region
[2024-09-04T12:08:10.299+0000][0.128s][info ][safepoint    ] Total time for which application threads were stopped: 0.0001717 seconds, Stopping threads took: 0.0000150 seconds
[2024-09-04T12:08:10.783+0000][0.612s][debug][safepoint    ] Safepoint synchronization initiated. (10 threads)
[2024-09-04T12:08:10.783+0000][0.612s][info ][safepoint    ] Application time: 0.4838281 seconds
[2024-09-04T12:08:10.783+0000][0.612s][debug][safepoint    ] Waiting for 1 thread(s) to block
[2024-09-04T12:08:10.783+0000][0.612s][info ][safepoint    ] Entering safepoint region: G1CollectForAllocation
[2024-09-04T12:08:10.783+0000][0.612s][info ][gc,start     ] GC(0) Pause Young (Normal) (G1 Evacuation Pause)
[2024-09-04T12:08:10.785+0000][0.613s][info ][gc,task      ] GC(0) Using 3 workers of 4 for evacuation
[2024-09-04T12:08:10.799+0000][0.628s][info ][gc,phases    ] GC(0)   Pre Evacuate Collection Set: 0.0ms
[2024-09-04T12:08:10.799+0000][0.628s][info ][gc,phases    ] GC(0)   Evacuate Collection Set: 13.5ms
[2024-09-04T12:08:10.799+0000][0.628s][info ][gc,phases    ] GC(0)   Post Evacuate Collection Set: 1.0ms
[2024-09-04T12:08:10.799+0000][0.628s][info ][gc,phases    ] GC(0)   Other: 1.6ms
[2024-09-04T12:08:10.799+0000][0.628s][info ][gc,heap      ] GC(0) Eden regions: 38->0(69)
[2024-09-04T12:08:10.799+0000][0.628s][info ][gc,heap      ] GC(0) Survivor regions: 0->5(5)
[2024-09-04T12:08:10.800+0000][0.628s][info ][gc,heap      ] GC(0) Old regions: 2->5
[2024-09-04T12:08:10.800+0000][0.628s][info ][gc,heap      ] GC(0) Humongous regions: 2->0
[2024-09-04T12:08:10.800+0000][0.628s][info ][gc,metaspace ] GC(0) Metaspace: 1870K(5376K)->1870K(5376K) NonClass: 1716K(4864K)->1716K(4864K) Class: 153K(512K)->153K(512K)
[2024-09-04T12:08:10.800+0000][0.628s][info ][gc           ] GC(0) Pause Young (Normal) (G1 Evacuation Pause) 40M->7M(126M) 16.261ms
[2024-09-04T12:08:10.800+0000][0.628s][info ][gc,cpu       ] GC(0) User=0.04s Sys=0.01s Real=0.01s
[2024-09-04T12:08:10.800+0000][0.628s][info ][safepoint    ] Leaving safepoint region
[2024-09-04T12:08:10.800+0000][0.628s][info ][safepoint    ] Total time for which application threads were stopped: 0.0165570 seconds, Stopping threads took: 0.0000590 seconds
[2024-09-04T12:08:10.800+0000][0.629s][info ][gc,stringdedup] Concurrent String Deduplication (0.629s)
[2024-09-04T12:08:10.804+0000][0.633s][info ][gc,stringdedup] Concurrent String Deduplication 455.2K->422.5K(33480.0B) avg 4.5% (0.629s, 0.633s) 4.727ms
[2024-09-04T12:08:11.115+0000][0.944s][debug][safepoint     ] Safepoint synchronization initiated. (10 threads)
[2024-09-04T12:08:11.115+0000][0.944s][info ][safepoint     ] Application time: 0.3156430 seconds
[2024-09-04T12:08:11.115+0000][0.944s][info ][safepoint     ] Entering safepoint region: G1CollectForAllocation
[2024-09-04T12:08:11.115+0000][0.944s][info ][gc,start      ] GC(1) Pause Young (Normal) (G1 Evacuation Pause)
[2024-09-04T12:08:11.115+0000][0.944s][info ][gc,task       ] GC(1) Using 3 workers of 4 for evacuation
[2024-09-04T12:08:11.127+0000][0.956s][info ][gc,phases     ] GC(1)   Pre Evacuate Collection Set: 0.0ms
[2024-09-04T12:08:11.127+0000][0.956s][info ][gc,phases     ] GC(1)   Evacuate Collection Set: 9.9ms
[2024-09-04T12:08:11.127+0000][0.956s][info ][gc,phases     ] GC(1)   Post Evacuate Collection Set: 1.2ms
[2024-09-04T12:08:11.127+0000][0.956s][info ][gc,phases     ] GC(1)   Other: 0.2ms
[2024-09-04T12:08:11.127+0000][0.956s][info ][gc,heap       ] GC(1) Eden regions: 42->0(53)
[2024-09-04T12:08:11.127+0000][0.956s][info ][gc,heap       ] GC(1) Survivor regions: 5->2(6)
[2024-09-04T12:08:11.127+0000][0.956s][info ][gc,heap       ] GC(1) Old regions: 5->10
[2024-09-04T12:08:11.127+0000][0.956s][info ][gc,heap       ] GC(1) Humongous regions: 0->0
[2024-09-04T12:08:11.127+0000][0.956s][info ][gc,metaspace  ] GC(1) Metaspace: 3099K(6016K)->3099K(6016K) NonClass: 2813K(5376K)->2813K(5376K) Class: 285K(640K)->285K(640K)
[2024-09-04T12:08:11.127+0000][0.956s][info ][gc            ] GC(1) Pause Young (Normal) (G1 Evacuation Pause) 49M->9M(126M) 11.505ms
[2024-09-04T12:08:11.127+0000][0.956s][info ][gc,cpu        ] GC(1) User=0.04s Sys=0.00s Real=0.01s
[2024-09-04T12:08:11.127+0000][0.956s][info ][safepoint     ] Leaving safepoint region
[2024-09-04T12:08:11.127+0000][0.956s][info ][safepoint     ] Total time for which application threads were stopped: 0.0117698 seconds, Stopping threads took: 0.0000153 seconds
[2024-09-04T12:08:11.127+0000][0.956s][info ][gc,stringdedup] Concurrent String Deduplication (0.956s)
[2024-09-04T12:08:11.130+0000][0.959s][debug][safepoint     ] Safepoint synchronization initiated. (10 threads)
[2024-09-04T12:08:11.131+0000][0.959s][info ][safepoint     ] Application time: 0.0034523 seconds
[2024-09-04T12:08:11.131+0000][0.959s][info ][safepoint     ] Entering safepoint region: Deoptimize
[2024-09-04T12:08:11.131+0000][0.959s][info ][safepoint     ] Leaving safepoint region
[2024-09-04T12:08:11.131+0000][0.960s][info ][safepoint     ] Total time for which application threads were stopped: 0.0002289 seconds, Stopping threads took: 0.0000161 seconds
[2024-09-04T12:08:11.135+0000][0.964s][info ][gc,stringdedup] Concurrent String Deduplication 1420.9K->1349.1K(73584.0B) avg 4.9% (0.956s, 0.963s) 7.252ms
[2024-09-04T12:08:11.142+0000][0.970s][debug][safepoint     ] Safepoint synchronization initiated. (10 threads)
[2024-09-04T12:08:11.142+0000][0.970s][info ][safepoint     ] Application time: 0.0108023 seconds
[2024-09-04T12:08:11.142+0000][0.970s][info ][safepoint     ] Entering safepoint region: Deoptimize
[2024-09-04T12:08:11.142+0000][0.970s][info ][safepoint     ] Leaving safepoint region
[2024-09-04T12:08:11.142+0000][0.970s][info ][safepoint     ] Total time for which application threads were stopped: 0.0001208 seconds, Stopping threads took: 0.0000131 seconds
[2024-09-04T12:08:11.233+0000][1.062s][debug][safepoint     ] Safepoint synchronization initiated. (10 threads)
[2024-09-04T12:08:11.233+0000][1.062s][info ][safepoint     ] Application time: 0.0911133 seconds
[2024-09-04T12:08:11.233+0000][1.062s][info ][safepoint     ] Entering safepoint region: Deoptimize
[2024-09-04T12:08:11.233+0000][1.062s][info ][safepoint     ] Leaving safepoint region
[2024-09-04T12:08:11.233+0000][1.062s][info ][safepoint     ] Total time for which application threads were stopped: 0.0001635 seconds, Stopping threads took: 0.0000132 seconds
[2024-09-04T12:08:11.246+0000][1.075s][debug][safepoint     ] Safepoint synchronization initiated. (10 threads)
[2024-09-04T12:08:11.246+0000][1.075s][info ][safepoint     ] Application time: 0.0133747 seconds
[2024-09-04T12:08:11.246+0000][1.075s][info ][safepoint     ] Entering safepoint region: Deoptimize
[2024-09-04T12:08:11.247+0000][1.075s][info ][safepoint     ] Leaving safepoint region
[2024-09-04T12:08:11.247+0000][1.076s][info ][safepoint     ] Total time for which application threads were stopped: 0.0003609 seconds, Stopping threads took: 0.0000312 seconds
[2024-09-04T12:08:11.514+0000][1.343s][debug][safepoint     ] Safepoint synchronization initiated. (11 threads)
[2024-09-04T12:08:11.514+0000][1.343s][info ][safepoint     ] Application time: 0.2672802 seconds
[2024-09-04T12:08:11.514+0000][1.343s][debug][safepoint     ] Waiting for 1 thread(s) to block
[2024-09-04T12:08:11.514+0000][1.343s][info ][safepoint     ] Entering safepoint region: G1CollectForAllocation
[2024-09-04T12:08:11.514+0000][1.343s][info ][gc,start      ] GC(2) Pause Young (Normal) (G1 Evacuation Pause)
[2024-09-04T12:08:11.514+0000][1.343s][info ][gc,task       ] GC(2) Using 3 workers of 4 for evacuation
[2024-09-04T12:08:11.521+0000][1.350s][info ][gc,phases     ] GC(2)   Pre Evacuate Collection Set: 0.0ms
[2024-09-04T12:08:11.521+0000][1.350s][info ][gc,phases     ] GC(2)   Evacuate Collection Set: 5.0ms
[2024-09-04T12:08:11.521+0000][1.350s][info ][gc,phases     ] GC(2)   Post Evacuate Collection Set: 1.7ms
[2024-09-04T12:08:11.521+0000][1.350s][info ][gc,phases     ] GC(2)   Other: 0.2ms
[2024-09-04T12:08:11.521+0000][1.350s][info ][gc,heap       ] GC(2) Eden regions: 53->0(72)
[2024-09-04T12:08:11.521+0000][1.350s][info ][gc,heap       ] GC(2) Survivor regions: 2->2(7)
[2024-09-04T12:08:11.521+0000][1.350s][info ][gc,heap       ] GC(2) Old regions: 10->10
[2024-09-04T12:08:11.521+0000][1.350s][info ][gc,heap       ] GC(2) Humongous regions: 0->0
[2024-09-04T12:08:11.521+0000][1.350s][info ][gc,metaspace  ] GC(2) Metaspace: 5234K(7552K)->5234K(7552K) NonClass: 4670K(6656K)->4670K(6656K) Class: 564K(896K)->564K(896K)
[2024-09-04T12:08:11.521+0000][1.350s][info ][gc            ] GC(2) Pause Young (Normal) (G1 Evacuation Pause) 62M->9M(126M) 6.986ms
[2024-09-04T12:08:11.521+0000][1.350s][info ][gc,cpu        ] GC(2) User=0.01s Sys=0.00s Real=0.00s
[2024-09-04T12:08:11.521+0000][1.350s][info ][safepoint     ] Leaving safepoint region
[2024-09-04T12:08:11.521+0000][1.350s][info ][safepoint     ] Total time for which application threads were stopped: 0.0072367 seconds, Stopping threads took: 0.0000677 seconds
[2024-09-04T12:08:11.923+0000][1.752s][debug][safepoint     ] Safepoint synchronization initiated. (11 threads)
[2024-09-04T12:08:11.923+0000][1.752s][info ][safepoint     ] Application time: 0.4016941 seconds
[2024-09-04T12:08:11.923+0000][1.752s][debug][safepoint     ] Waiting for 1 thread(s) to block
[2024-09-04T12:08:11.923+0000][1.752s][info ][safepoint     ] Entering safepoint region: G1CollectForAllocation
[2024-09-04T12:08:11.923+0000][1.752s][info ][gc,start      ] GC(3) Pause Young (Normal) (G1 Evacuation Pause)
[2024-09-04T12:08:11.923+0000][1.752s][info ][gc,task       ] GC(3) Using 3 workers of 4 for evacuation
[2024-09-04T12:08:11.931+0000][1.760s][info ][gc,phases     ] GC(3)   Pre Evacuate Collection Set: 0.0ms
[2024-09-04T12:08:11.931+0000][1.760s][info ][gc,phases     ] GC(3)   Evacuate Collection Set: 5.8ms
[2024-09-04T12:08:11.931+0000][1.760s][info ][gc,phases     ] GC(3)   Post Evacuate Collection Set: 1.6ms
[2024-09-04T12:08:11.931+0000][1.760s][info ][gc,phases     ] GC(3)   Other: 0.2ms
[2024-09-04T12:08:11.931+0000][1.760s][info ][gc,heap       ] GC(3) Eden regions: 72->0(71)
[2024-09-04T12:08:11.931+0000][1.760s][info ][gc,heap       ] GC(3) Survivor regions: 2->3(10)
[2024-09-04T12:08:11.931+0000][1.760s][info ][gc,heap       ] GC(3) Old regions: 10->10
[2024-09-04T12:08:11.931+0000][1.760s][info ][gc,heap       ] GC(3) Humongous regions: 0->0
[2024-09-04T12:08:11.931+0000][1.760s][info ][gc,metaspace  ] GC(3) Metaspace: 7506K(9344K)->7506K(9344K) NonClass: 6632K(8192K)->6632K(8192K) Class: 874K(1152K)->874K(1152K)
[2024-09-04T12:08:11.931+0000][1.760s][info ][gc            ] GC(3) Pause Young (Normal) (G1 Evacuation Pause) 81M->10M(126M) 7.751ms
[2024-09-04T12:08:11.931+0000][1.760s][info ][gc,cpu        ] GC(3) User=0.03s Sys=0.00s Real=0.01s
[2024-09-04T12:08:11.931+0000][1.760s][info ][safepoint     ] Leaving safepoint region
[2024-09-04T12:08:11.931+0000][1.760s][info ][safepoint     ] Total time for which application threads were stopped: 0.0081565 seconds, Stopping threads took: 0.0000480 seconds
[2024-09-04T12:08:11.931+0000][1.760s][info ][gc,stringdedup] Concurrent String Deduplication (1.760s)
[2024-09-04T12:08:11.933+0000][1.762s][info ][gc,stringdedup] Concurrent String Deduplication 350.0K->264.5K(87552.0B) avg 7.6% (1.760s, 1.762s) 1.577ms
[2024-09-04T12:08:12.363+0000][2.191s][debug][safepoint     ] Safepoint synchronization initiated. (11 threads)
[2024-09-04T12:08:12.363+0000][2.191s][info ][safepoint     ] Application time: 0.4314804 seconds
[2024-09-04T12:08:12.363+0000][2.191s][info ][safepoint     ] Entering safepoint region: G1CollectForAllocation
[2024-09-04T12:08:12.363+0000][2.192s][info ][gc,start      ] GC(4) Pause Young (Normal) (G1 Evacuation Pause)
[2024-09-04T12:08:12.363+0000][2.192s][info ][gc,task       ] GC(4) Using 3 workers of 4 for evacuation
[2024-09-04T12:08:12.372+0000][2.200s][info ][gc,phases     ] GC(4)   Pre Evacuate Collection Set: 0.0ms
[2024-09-04T12:08:12.372+0000][2.200s][info ][gc,phases     ] GC(4)   Evacuate Collection Set: 5.1ms
[2024-09-04T12:08:12.372+0000][2.201s][info ][gc,phases     ] GC(4)   Post Evacuate Collection Set: 3.4ms
[2024-09-04T12:08:12.372+0000][2.201s][info ][gc,phases     ] GC(4)   Other: 0.2ms
[2024-09-04T12:08:12.372+0000][2.201s][info ][gc,heap       ] GC(4) Eden regions: 71->0(88)
[2024-09-04T12:08:12.372+0000][2.201s][info ][gc,heap       ] GC(4) Survivor regions: 3->4(10)
[2024-09-04T12:08:12.372+0000][2.201s][info ][gc,heap       ] GC(4) Old regions: 10->10
[2024-09-04T12:08:12.372+0000][2.201s][info ][gc,heap       ] GC(4) Humongous regions: 0->0
[2024-09-04T12:08:12.372+0000][2.201s][info ][gc,metaspace  ] GC(4) Metaspace: 10557K(11776K)->10557K(11776K) NonClass: 9255K(10240K)->9255K(10240K) Class: 1301K(1536K)->1301K(1536K)
[2024-09-04T12:08:12.372+0000][2.201s][info ][gc            ] GC(4) Pause Young (Normal) (G1 Evacuation Pause) 81M->11M(161M) 8.957ms
[2024-09-04T12:08:12.372+0000][2.201s][info ][gc,cpu        ] GC(4) User=0.03s Sys=0.00s Real=0.01s
[2024-09-04T12:08:12.372+0000][2.201s][info ][safepoint     ] Leaving safepoint region
[2024-09-04T12:08:12.372+0000][2.201s][info ][safepoint     ] Total time for which application threads were stopped: 0.0092489 seconds, Stopping threads took: 0.0000164 seconds
[2024-09-04T12:08:12.372+0000][2.201s][info ][gc,stringdedup] Concurrent String Deduplication (2.201s)
[2024-09-04T12:08:12.373+0000][2.201s][info ][gc,stringdedup] Concurrent String Deduplication 42128.0B->15432.0B(26696.0B) avg 8.5% (2.201s, 2.201s) 0.469ms
[2024-09-04T12:08:12.599+0000][2.428s][debug][safepoint     ] Safepoint synchronization initiated. (11 threads)
[2024-09-04T12:08:12.599+0000][2.428s][info ][safepoint     ] Application time: 0.2268489 seconds
[2024-09-04T12:08:12.599+0000][2.428s][info ][safepoint     ] Entering safepoint region: Deoptimize
[2024-09-04T12:08:12.599+0000][2.428s][info ][safepoint     ] Leaving safepoint region
[2024-09-04T12:08:12.599+0000][2.428s][info ][safepoint     ] Total time for which application threads were stopped: 0.0004507 seconds, Stopping threads took: 0.0000162 seconds
[2024-09-04T12:08:12.746+0000][2.575s][debug][safepoint     ] Safepoint synchronization initiated. (11 threads)
[2024-09-04T12:08:12.746+0000][2.575s][info ][safepoint     ] Application time: 0.1467084 seconds
[2024-09-04T12:08:12.746+0000][2.575s][debug][safepoint     ] Waiting for 1 thread(s) to block
[2024-09-04T12:08:12.746+0000][2.575s][info ][safepoint     ] Entering safepoint region: ICBufferFull
[2024-09-04T12:08:12.746+0000][2.575s][info ][safepoint     ] Leaving safepoint region
[2024-09-04T12:08:12.746+0000][2.575s][info ][safepoint     ] Total time for which application threads were stopped: 0.0002714 seconds, Stopping threads took: 0.0000487 seconds
[2024-09-04T12:08:12.883+0000][2.711s][debug][safepoint     ] Safepoint synchronization initiated. (12 threads)
[2024-09-04T12:08:12.883+0000][2.711s][info ][safepoint     ] Application time: 0.1364445 seconds
[2024-09-04T12:08:12.883+0000][2.712s][debug][safepoint     ] ... found polling page return exception at pc = 0x00007ff4a032bf7c, stub =0x00007ff498824b00
[2024-09-04T12:08:12.883+0000][2.712s][debug][safepoint     ] Waiting for 1 thread(s) to block
[2024-09-04T12:08:12.883+0000][2.712s][info ][safepoint     ] Entering safepoint region: G1CollectForAllocation
[2024-09-04T12:08:12.883+0000][2.712s][info ][gc,start      ] GC(5) Pause Young (Normal) (G1 Evacuation Pause)
[2024-09-04T12:08:12.883+0000][2.712s][info ][gc,task       ] GC(5) Using 4 workers of 4 for evacuation
[2024-09-04T12:08:12.892+0000][2.721s][info ][gc,phases     ] GC(5)   Pre Evacuate Collection Set: 0.0ms
[2024-09-04T12:08:12.892+0000][2.721s][info ][gc,phases     ] GC(5)   Evacuate Collection Set: 7.2ms
[2024-09-04T12:08:12.892+0000][2.721s][info ][gc,phases     ] GC(5)   Post Evacuate Collection Set: 1.4ms
[2024-09-04T12:08:12.892+0000][2.721s][info ][gc,phases     ] GC(5)   Other: 0.5ms
[2024-09-04T12:08:12.892+0000][2.721s][info ][gc,heap       ] GC(5) Eden regions: 88->0(90)
[2024-09-04T12:08:12.892+0000][2.721s][info ][gc,heap       ] GC(5) Survivor regions: 4->6(12)
[2024-09-04T12:08:12.892+0000][2.721s][info ][gc,heap       ] GC(5) Old regions: 10->10
[2024-09-04T12:08:12.892+0000][2.721s][info ][gc,heap       ] GC(5) Humongous regions: 0->0
[2024-09-04T12:08:12.892+0000][2.721s][info ][gc,metaspace  ] GC(5) Metaspace: 13334K(14208K)->13334K(14208K) NonClass: 11688K(12288K)->11688K(12288K) Class: 1646K(1920K)->1646K(1920K)
[2024-09-04T12:08:12.892+0000][2.721s][info ][gc            ] GC(5) Pause Young (Normal) (G1 Evacuation Pause) 99M->13M(161M) 9.229ms
[2024-09-04T12:08:12.892+0000][2.721s][info ][gc,cpu        ] GC(5) User=0.03s Sys=0.00s Real=0.01s
[2024-09-04T12:08:12.892+0000][2.721s][info ][safepoint     ] Leaving safepoint region
[2024-09-04T12:08:12.892+0000][2.721s][info ][safepoint     ] Total time for which application threads were stopped: 0.0095516 seconds, Stopping threads took: 0.0001191 seconds
[2024-09-04T12:08:12.892+0000][2.721s][info ][gc,stringdedup] Concurrent String Deduplication (2.721s)
[2024-09-04T12:08:12.894+0000][2.723s][info ][gc,stringdedup] Concurrent String Deduplication 120.9K->37864.0B(85968.0B) avg 11.3% (2.721s, 2.723s) 1.738ms
[2024-09-04T12:08:13.143+0000][2.972s][debug][safepoint     ] Safepoint synchronization initiated. (13 threads)
[2024-09-04T12:08:13.143+0000][2.972s][info ][safepoint     ] Application time: 0.2509945 seconds
[2024-09-04T12:08:13.143+0000][2.972s][debug][safepoint     ] ... found polling page return exception at pc = 0x00007ff4a0373295, stub =0x00007ff498824b00
[2024-09-04T12:08:13.143+0000][2.972s][debug][safepoint     ] Waiting for 1 thread(s) to block
[2024-09-04T12:08:13.143+0000][2.972s][info ][safepoint     ] Entering safepoint region: G1CollectForAllocation
[2024-09-04T12:08:13.144+0000][2.972s][info ][gc,start      ] GC(6) Pause Young (Normal) (G1 Evacuation Pause)
[2024-09-04T12:08:13.144+0000][2.972s][info ][gc,task       ] GC(6) Using 4 workers of 4 for evacuation
[2024-09-04T12:08:13.151+0000][2.979s][info ][gc,phases     ] GC(6)   Pre Evacuate Collection Set: 0.0ms
[2024-09-04T12:08:13.151+0000][2.980s][info ][gc,phases     ] GC(6)   Evacuate Collection Set: 5.7ms
[2024-09-04T12:08:13.151+0000][2.980s][info ][gc,phases     ] GC(6)   Post Evacuate Collection Set: 1.2ms
[2024-09-04T12:08:13.151+0000][2.980s][info ][gc,phases     ] GC(6)   Other: 0.2ms
[2024-09-04T12:08:13.151+0000][2.980s][info ][gc,heap       ] GC(6) Eden regions: 90->0(89)
[2024-09-04T12:08:13.151+0000][2.980s][info ][gc,heap       ] GC(6) Survivor regions: 6->7(12)
[2024-09-04T12:08:13.151+0000][2.980s][info ][gc,heap       ] GC(6) Old regions: 10->10
[2024-09-04T12:08:13.151+0000][2.980s][info ][gc,heap       ] GC(6) Humongous regions: 0->0
[2024-09-04T12:08:13.151+0000][2.980s][info ][gc,metaspace  ] GC(6) Metaspace: 15906K(16896K)->15906K(16896K) NonClass: 13882K(14592K)->13882K(14592K) Class: 2024K(2304K)->2024K(2304K)
[2024-09-04T12:08:13.151+0000][2.980s][info ][gc            ] GC(6) Pause Young (Normal) (G1 Evacuation Pause) 103M->14M(161M) 7.221ms
[2024-09-04T12:08:13.151+0000][2.980s][info ][gc,cpu        ] GC(6) User=0.02s Sys=0.00s Real=0.01s
[2024-09-04T12:08:13.151+0000][2.980s][info ][safepoint     ] Leaving safepoint region
[2024-09-04T12:08:13.151+0000][2.980s][info ][safepoint     ] Total time for which application threads were stopped: 0.0076247 seconds, Stopping threads took: 0.0001713 seconds
[2024-09-04T12:08:13.151+0000][2.980s][info ][gc,stringdedup] Concurrent String Deduplication (2.980s)
[2024-09-04T12:08:13.152+0000][2.980s][info ][gc,stringdedup] Concurrent String Deduplication 91016.0B->29752.0B(61264.0B) avg 13.1% (2.980s, 2.980s) 0.599ms
[2024-09-04T12:08:13.272+0000][3.101s][debug][safepoint     ] Safepoint synchronization initiated. (13 threads)
[2024-09-04T12:08:13.272+0000][3.101s][info ][safepoint     ] Application time: 0.1210517 seconds
[2024-09-04T12:08:13.272+0000][3.101s][debug][safepoint     ] ... found polling page loop exception at pc = 0x00007ff4a0364a84, stub =0x00007ff498826680
[2024-09-04T12:08:13.272+0000][3.101s][debug][safepoint     ] Waiting for 1 thread(s) to block
[2024-09-04T12:08:13.272+0000][3.101s][info ][safepoint     ] Entering safepoint region: Deoptimize
[2024-09-04T12:08:13.273+0000][3.102s][info ][safepoint     ] Leaving safepoint region
[2024-09-04T12:08:13.273+0000][3.102s][info ][safepoint     ] Total time for which application threads were stopped: 0.0008905 seconds, Stopping threads took: 0.0002149 seconds
[2024-09-04T12:08:13.291+0000][3.120s][debug][safepoint     ] Safepoint synchronization initiated. (13 threads)
[2024-09-04T12:08:13.291+0000][3.120s][info ][safepoint     ] Application time: 0.0178565 seconds
[2024-09-04T12:08:13.291+0000][3.120s][debug][safepoint     ] ... found polling page return exception at pc = 0x00007ff4a02c3476, stub =0x00007ff498824b00
[2024-09-04T12:08:13.291+0000][3.120s][debug][safepoint     ] Waiting for 2 thread(s) to block
[2024-09-04T12:08:13.291+0000][3.120s][info ][safepoint     ] Entering safepoint region: Deoptimize
[2024-09-04T12:08:13.291+0000][3.120s][info ][safepoint     ] Leaving safepoint region
[2024-09-04T12:08:13.291+0000][3.120s][info ][safepoint     ] Total time for which application threads were stopped: 0.0003988 seconds, Stopping threads took: 0.0001804 seconds
[2024-09-04T12:08:13.419+0000][3.248s][debug][safepoint     ] Safepoint synchronization initiated. (13 threads)
[2024-09-04T12:08:13.419+0000][3.248s][info ][safepoint     ] Application time: 0.1281100 seconds
[2024-09-04T12:08:13.419+0000][3.248s][info ][safepoint     ] Entering safepoint region: G1CollectForAllocation
[2024-09-04T12:08:13.419+0000][3.248s][info ][gc,start      ] GC(7) Pause Young (Normal) (G1 Evacuation Pause)
[2024-09-04T12:08:13.420+0000][3.248s][info ][gc,task       ] GC(7) Using 4 workers of 4 for evacuation
[2024-09-04T12:08:13.427+0000][3.256s][info ][gc,phases     ] GC(7)   Pre Evacuate Collection Set: 0.0ms
[2024-09-04T12:08:13.427+0000][3.256s][info ][gc,phases     ] GC(7)   Evacuate Collection Set: 6.6ms
[2024-09-04T12:08:13.428+0000][3.256s][info ][gc,phases     ] GC(7)   Post Evacuate Collection Set: 1.2ms
[2024-09-04T12:08:13.428+0000][3.256s][info ][gc,phases     ] GC(7)   Other: 0.2ms
[2024-09-04T12:08:13.428+0000][3.256s][info ][gc,heap       ] GC(7) Eden regions: 89->0(88)
[2024-09-04T12:08:13.428+0000][3.256s][info ][gc,heap       ] GC(7) Survivor regions: 7->8(12)
[2024-09-04T12:08:13.428+0000][3.256s][info ][gc,heap       ] GC(7) Old regions: 10->10
[2024-09-04T12:08:13.428+0000][3.256s][info ][gc,heap       ] GC(7) Humongous regions: 0->0
[2024-09-04T12:08:13.428+0000][3.256s][info ][gc,metaspace  ] GC(7) Metaspace: 17645K(18432K)->17645K(18432K) NonClass: 15339K(15872K)->15339K(15872K) Class: 2306K(2560K)->2306K(2560K)
[2024-09-04T12:08:13.428+0000][3.256s][info ][gc            ] GC(7) Pause Young (Normal) (G1 Evacuation Pause) 103M->15M(161M) 8.125ms
[2024-09-04T12:08:13.428+0000][3.256s][info ][gc,cpu        ] GC(7) User=0.03s Sys=0.00s Real=0.01s
[2024-09-04T12:08:13.428+0000][3.256s][info ][safepoint     ] Leaving safepoint region
[2024-09-04T12:08:13.428+0000][3.256s][info ][safepoint     ] Total time for which application threads were stopped: 0.0083357 seconds, Stopping threads took: 0.0000171 seconds
[2024-09-04T12:08:13.428+0000][3.257s][info ][gc,stringdedup] Concurrent String Deduplication (3.257s)
[2024-09-04T12:08:13.429+0000][3.258s][info ][gc,stringdedup] Concurrent String Deduplication 141.1K->103.5K(38488.0B) avg 13.8% (3.257s, 3.258s) 1.280ms
[2024-09-04T12:08:13.479+0000][3.307s][debug][safepoint     ] Safepoint synchronization initiated. (13 threads)
[2024-09-04T12:08:13.479+0000][3.307s][info ][safepoint     ] Application time: 0.0508862 seconds
[2024-09-04T12:08:13.479+0000][3.307s][info ][safepoint     ] Entering safepoint region: Deoptimize
[2024-09-04T12:08:13.479+0000][3.308s][info ][safepoint     ] Leaving safepoint region
[2024-09-04T12:08:13.479+0000][3.308s][info ][safepoint     ] Total time for which application threads were stopped: 0.0005576 seconds, Stopping threads took: 0.0000401 seconds
[2024-09-04T12:08:13.680+0000][3.509s][debug][safepoint     ] Safepoint synchronization initiated. (13 threads)
[2024-09-04T12:08:13.680+0000][3.509s][info ][safepoint     ] Application time: 0.2009423 seconds
[2024-09-04T12:08:13.680+0000][3.509s][info ][safepoint     ] Entering safepoint region: CollectForMetadataAllocation
[2024-09-04T12:08:13.680+0000][3.509s][info ][gc,start      ] GC(8) Pause Young (Concurrent Start) (Metadata GC Threshold)
[2024-09-04T12:08:13.680+0000][3.509s][info ][gc,task       ] GC(8) Using 4 workers of 4 for evacuation
[2024-09-04T12:08:13.698+0000][3.527s][info ][gc,phases     ] GC(8)   Pre Evacuate Collection Set: 0.1ms
[2024-09-04T12:08:13.698+0000][3.527s][info ][gc,phases     ] GC(8)   Evacuate Collection Set: 14.3ms
[2024-09-04T12:08:13.698+0000][3.527s][info ][gc,phases     ] GC(8)   Post Evacuate Collection Set: 3.0ms
[2024-09-04T12:08:13.698+0000][3.527s][info ][gc,phases     ] GC(8)   Other: 0.2ms
[2024-09-04T12:08:13.698+0000][3.527s][info ][gc,heap       ] GC(8) Eden regions: 64->0(108)
[2024-09-04T12:08:13.698+0000][3.527s][info ][gc,heap       ] GC(8) Survivor regions: 8->8(12)
[2024-09-04T12:08:13.698+0000][3.527s][info ][gc,heap       ] GC(8) Old regions: 10->11
[2024-09-04T12:08:13.698+0000][3.527s][info ][gc,heap       ] GC(8) Humongous regions: 0->0
[2024-09-04T12:08:13.698+0000][3.527s][info ][gc,metaspace  ] GC(8) Metaspace: 20505K(21248K)->20505K(21248K) NonClass: 17929K(18432K)->17929K(18432K) Class: 2576K(2816K)->2576K(2816K)
[2024-09-04T12:08:13.698+0000][3.527s][info ][gc            ] GC(8) Pause Young (Concurrent Start) (Metadata GC Threshold) 79M->16M(194M) 17.764ms
[2024-09-04T12:08:13.698+0000][3.527s][info ][gc,cpu        ] GC(8) User=0.05s Sys=0.00s Real=0.02s
[2024-09-04T12:08:13.698+0000][3.527s][info ][safepoint     ] Leaving safepoint region
[2024-09-04T12:08:13.698+0000][3.527s][info ][safepoint     ] Total time for which application threads were stopped: 0.0182075 seconds, Stopping threads took: 0.0000165 seconds
[2024-09-04T12:08:13.698+0000][3.527s][info ][gc            ] GC(9) Concurrent Cycle
[2024-09-04T12:08:13.698+0000][3.527s][info ][gc,marking    ] GC(9) Concurrent Clear Claimed Marks
[2024-09-04T12:08:13.698+0000][3.527s][info ][gc,marking    ] GC(9) Concurrent Clear Claimed Marks 0.047ms
[2024-09-04T12:08:13.698+0000][3.527s][info ][gc,marking    ] GC(9) Concurrent Scan Root Regions
[2024-09-04T12:08:13.698+0000][3.527s][info ][gc,stringdedup] Concurrent String Deduplication (3.527s)
[2024-09-04T12:08:13.699+0000][3.528s][debug][safepoint     ] Safepoint synchronization initiated. (13 threads)
[2024-09-04T12:08:13.699+0000][3.528s][info ][safepoint     ] Application time: 0.0004436 seconds
[2024-09-04T12:08:13.699+0000][3.528s][debug][safepoint     ] Waiting for 1 thread(s) to block
[2024-09-04T12:08:13.702+0000][3.531s][info ][safepoint     ] Entering safepoint region: CollectForMetadataAllocation
[2024-09-04T12:08:13.702+0000][3.531s][info ][safepoint     ] Leaving safepoint region
[2024-09-04T12:08:13.702+0000][3.531s][info ][safepoint     ] Total time for which application threads were stopped: 0.0033594 seconds, Stopping threads took: 0.0032512 seconds
[2024-09-04T12:08:13.703+0000][3.532s][info ][gc,stringdedup] Concurrent String Deduplication 78560.0B->16728.0B(61832.0B) avg 15.4% (3.527s, 3.532s) 1.505ms
[2024-09-04T12:08:13.704+0000][3.533s][info ][gc,marking    ] GC(9) Concurrent Scan Root Regions 5.805ms
[2024-09-04T12:08:13.704+0000][3.533s][info ][gc,marking    ] GC(9) Concurrent Mark (3.533s)
[2024-09-04T12:08:13.704+0000][3.533s][info ][gc,marking    ] GC(9) Concurrent Mark From Roots
[2024-09-04T12:08:13.704+0000][3.533s][info ][gc,task       ] GC(9) Using 1 workers of 1 for marking
[2024-09-04T12:08:13.717+0000][3.545s][info ][gc,marking    ] GC(9) Concurrent Mark From Roots 12.354ms
[2024-09-04T12:08:13.717+0000][3.546s][info ][gc,marking    ] GC(9) Concurrent Preclean
[2024-09-04T12:08:13.717+0000][3.546s][info ][gc,marking    ] GC(9) Concurrent Preclean 0.101ms
[2024-09-04T12:08:13.717+0000][3.546s][info ][gc,marking    ] GC(9) Concurrent Mark (3.533s, 3.546s) 12.537ms
[2024-09-04T12:08:13.717+0000][3.546s][debug][safepoint     ] Safepoint synchronization initiated. (13 threads)
[2024-09-04T12:08:13.717+0000][3.546s][info ][safepoint     ] Application time: 0.0147930 seconds
[2024-09-04T12:08:13.717+0000][3.546s][debug][safepoint     ] ... found polling page loop exception at pc = 0x00007ff49932fda9, stub =0x00007ff498826680
[2024-09-04T12:08:13.722+0000][3.550s][debug][safepoint     ] ... found polling page return exception at pc = 0x00007ff4a03271ff, stub =0x00007ff498824b00
[2024-09-04T12:08:13.723+0000][3.551s][debug][safepoint     ] Waiting for 2 thread(s) to block
[2024-09-04T12:08:13.723+0000][3.551s][info ][safepoint     ] Entering safepoint region: CGC_Operation
[2024-09-04T12:08:13.723+0000][3.552s][info ][gc,start      ] GC(9) Pause Remark
[2024-09-04T12:08:13.726+0000][3.555s][info ][gc,stringtable] GC(9) Cleaned string and symbol table, strings: 7567 processed, 6 removed, symbols: 55167 processed, 115 removed
[2024-09-04T12:08:13.726+0000][3.555s][info ][gc            ] GC(9) Pause Remark 19M->19M(194M) 3.627ms
[2024-09-04T12:08:13.726+0000][3.555s][info ][gc,cpu        ] GC(9) User=0.01s Sys=0.00s Real=0.00s
[2024-09-04T12:08:13.727+0000][3.555s][info ][safepoint     ] Leaving safepoint region
[2024-09-04T12:08:13.727+0000][3.555s][info ][safepoint     ] Total time for which application threads were stopped: 0.0095620 seconds, Stopping threads took: 0.0057984 seconds
[2024-09-04T12:08:13.727+0000][3.555s][info ][gc,marking    ] GC(9) Concurrent Rebuild Remembered Sets
[2024-09-04T12:08:13.734+0000][3.563s][info ][gc,marking    ] GC(9) Concurrent Rebuild Remembered Sets 7.275ms
[2024-09-04T12:08:13.734+0000][3.563s][debug][safepoint     ] Safepoint synchronization initiated. (13 threads)
[2024-09-04T12:08:13.734+0000][3.563s][info ][safepoint     ] Application time: 0.0073870 seconds
[2024-09-04T12:08:13.734+0000][3.563s][debug][safepoint     ] Waiting for 3 thread(s) to block
[2024-09-04T12:08:13.734+0000][3.563s][info ][safepoint     ] Entering safepoint region: CGC_Operation
[2024-09-04T12:08:13.734+0000][3.563s][info ][gc,start      ] GC(9) Pause Cleanup
[2024-09-04T12:08:13.735+0000][3.563s][info ][gc            ] GC(9) Pause Cleanup 20M->20M(194M) 0.137ms
[2024-09-04T12:08:13.735+0000][3.563s][info ][gc,cpu        ] GC(9) User=0.00s Sys=0.00s Real=0.00s
[2024-09-04T12:08:13.735+0000][3.563s][info ][safepoint     ] Leaving safepoint region
[2024-09-04T12:08:13.735+0000][3.563s][info ][safepoint     ] Total time for which application threads were stopped: 0.0006932 seconds, Stopping threads took: 0.0004116 seconds
[2024-09-04T12:08:13.735+0000][3.563s][info ][gc,marking    ] GC(9) Concurrent Cleanup for Next Mark
[2024-09-04T12:08:13.738+0000][3.567s][info ][gc,marking    ] GC(9) Concurrent Cleanup for Next Mark 3.619ms
[2024-09-04T12:08:13.738+0000][3.567s][info ][gc            ] GC(9) Concurrent Cycle 39.982ms
[2024-09-04T12:08:14.127+0000][3.956s][debug][safepoint     ] Safepoint synchronization initiated. (13 threads)
[2024-09-04T12:08:14.127+0000][3.956s][info ][safepoint     ] Application time: 0.3925684 seconds
[2024-09-04T12:08:14.127+0000][3.956s][debug][safepoint     ] ... found polling page return exception at pc = 0x00007ff4a02ac994, stub =0x00007ff498824b00
[2024-09-04T12:08:14.127+0000][3.956s][debug][safepoint     ] Waiting for 2 thread(s) to block
[2024-09-04T12:08:14.127+0000][3.956s][info ][safepoint     ] Entering safepoint region: Deoptimize
[2024-09-04T12:08:14.128+0000][3.957s][info ][safepoint     ] Leaving safepoint region
[2024-09-04T12:08:14.128+0000][3.957s][info ][safepoint     ] Total time for which application threads were stopped: 0.0007661 seconds, Stopping threads took: 0.0001462 seconds
[2024-09-04T12:08:14.274+0000][4.103s][debug][safepoint     ] Safepoint synchronization initiated. (12 threads)
[2024-09-04T12:08:14.274+0000][4.103s][info ][safepoint     ] Application time: 0.1462607 seconds
[2024-09-04T12:08:14.274+0000][4.103s][debug][safepoint     ] Waiting for 1 thread(s) to block
[2024-09-04T12:08:14.274+0000][4.103s][info ][safepoint     ] Entering safepoint region: G1CollectForAllocation
[2024-09-04T12:08:14.274+0000][4.103s][info ][gc,start      ] GC(10) Pause Young (Normal) (G1 Evacuation Pause)
[2024-09-04T12:08:14.275+0000][4.103s][info ][gc,task       ] GC(10) Using 4 workers of 4 for evacuation
[2024-09-04T12:08:14.285+0000][4.114s][info ][gc,phases     ] GC(10)   Pre Evacuate Collection Set: 0.0ms
[2024-09-04T12:08:14.286+0000][4.114s][info ][gc,phases     ] GC(10)   Evacuate Collection Set: 8.3ms
[2024-09-04T12:08:14.286+0000][4.114s][info ][gc,phases     ] GC(10)   Post Evacuate Collection Set: 2.5ms
[2024-09-04T12:08:14.286+0000][4.114s][info ][gc,phases     ] GC(10)   Other: 0.2ms
[2024-09-04T12:08:14.286+0000][4.114s][info ][gc,heap       ] GC(10) Eden regions: 108->0(106)
[2024-09-04T12:08:14.286+0000][4.114s][info ][gc,heap       ] GC(10) Survivor regions: 8->10(15)
[2024-09-04T12:08:14.286+0000][4.114s][info ][gc,heap       ] GC(10) Old regions: 11->11
[2024-09-04T12:08:14.286+0000][4.114s][info ][gc,heap       ] GC(10) Humongous regions: 0->0
[2024-09-04T12:08:14.286+0000][4.114s][info ][gc,metaspace  ] GC(10) Metaspace: 24038K(25212K)->24038K(25212K) NonClass: 21010K(21760K)->21010K(21760K) Class: 3028K(3452K)->3028K(3452K)
[2024-09-04T12:08:14.286+0000][4.114s][info ][gc            ] GC(10) Pause Young (Normal) (G1 Evacuation Pause) 124M->19M(194M) 11.164ms
[2024-09-04T12:08:14.286+0000][4.114s][info ][gc,cpu        ] GC(10) User=0.04s Sys=0.00s Real=0.01s
[2024-09-04T12:08:14.286+0000][4.114s][info ][safepoint     ] Leaving safepoint region
[2024-09-04T12:08:14.286+0000][4.114s][info ][safepoint     ] Total time for which application threads were stopped: 0.0114496 seconds, Stopping threads took: 0.0000470 seconds
[2024-09-04T12:08:14.286+0000][4.115s][info ][gc,stringdedup] Concurrent String Deduplication (4.115s)
[2024-09-04T12:08:14.287+0000][4.116s][info ][gc,stringdedup] Concurrent String Deduplication 323.8K->250.7K(74784.0B) avg 16.1% (4.115s, 4.116s) 0.991ms
[2024-09-04T12:08:14.780+0000][4.608s][debug][safepoint     ] Safepoint synchronization initiated. (12 threads)
[2024-09-04T12:08:14.780+0000][4.608s][info ][safepoint     ] Application time: 0.4938594 seconds
[2024-09-04T12:08:14.780+0000][4.608s][debug][safepoint     ] Waiting for 2 thread(s) to block
[2024-09-04T12:08:14.780+0000][4.608s][info ][safepoint     ] Entering safepoint region: G1CollectForAllocation
[2024-09-04T12:08:14.780+0000][4.609s][info ][gc,start      ] GC(11) Pause Young (Normal) (G1 Evacuation Pause)
[2024-09-04T12:08:14.780+0000][4.609s][info ][gc,task       ] GC(11) Using 4 workers of 4 for evacuation
[2024-09-04T12:08:14.792+0000][4.621s][info ][gc,phases     ] GC(11)   Pre Evacuate Collection Set: 0.0ms
[2024-09-04T12:08:14.792+0000][4.621s][info ][gc,phases     ] GC(11)   Evacuate Collection Set: 10.7ms
[2024-09-04T12:08:14.792+0000][4.621s][info ][gc,phases     ] GC(11)   Post Evacuate Collection Set: 1.5ms
[2024-09-04T12:08:14.792+0000][4.621s][info ][gc,phases     ] GC(11)   Other: 0.2ms
[2024-09-04T12:08:14.792+0000][4.621s][info ][gc,heap       ] GC(11) Eden regions: 106->0(107)
[2024-09-04T12:08:14.792+0000][4.621s][info ][gc,heap       ] GC(11) Survivor regions: 10->9(15)
[2024-09-04T12:08:14.792+0000][4.621s][info ][gc,heap       ] GC(11) Old regions: 11->15
[2024-09-04T12:08:14.792+0000][4.621s][info ][gc,heap       ] GC(11) Humongous regions: 0->0
[2024-09-04T12:08:14.792+0000][4.621s][info ][gc,metaspace  ] GC(11) Metaspace: 24312K(25468K)->24312K(25468K) NonClass: 21238K(22016K)->21238K(22016K) Class: 3074K(3452K)->3074K(3452K)
[2024-09-04T12:08:14.792+0000][4.621s][info ][gc            ] GC(11) Pause Young (Normal) (G1 Evacuation Pause) 125M->22M(194M) 12.595ms
[2024-09-04T12:08:14.792+0000][4.621s][info ][gc,cpu        ] GC(11) User=0.05s Sys=0.00s Real=0.02s
[2024-09-04T12:08:14.792+0000][4.621s][info ][safepoint     ] Leaving safepoint region
[2024-09-04T12:08:14.792+0000][4.621s][info ][safepoint     ] Total time for which application threads were stopped: 0.0128903 seconds, Stopping threads took: 0.0000537 seconds
[2024-09-04T12:08:14.793+0000][4.621s][info ][gc,stringdedup] Concurrent String Deduplication (4.621s)
[2024-09-04T12:08:14.794+0000][4.623s][info ][gc,stringdedup] Concurrent String Deduplication 553.3K->526.9K(27024.0B) avg 14.5% (4.621s, 4.623s) 1.850ms
[2024-09-04T12:08:15.267+0000][5.096s][debug][safepoint     ] Safepoint synchronization initiated. (12 threads)
[2024-09-04T12:08:15.267+0000][5.096s][info ][safepoint     ] Application time: 0.4743339 seconds
[2024-09-04T12:08:15.267+0000][5.096s][debug][safepoint     ] Waiting for 1 thread(s) to block
[2024-09-04T12:08:15.267+0000][5.096s][info ][safepoint     ] Entering safepoint region: ICBufferFull
[2024-09-04T12:08:15.267+0000][5.096s][info ][safepoint     ] Leaving safepoint region
[2024-09-04T12:08:15.267+0000][5.096s][info ][safepoint     ] Total time for which application threads were stopped: 0.0003469 seconds, Stopping threads took: 0.0000924 seconds
[2024-09-04T12:08:15.469+0000][5.297s][debug][safepoint     ] Safepoint synchronization initiated. (12 threads)
[2024-09-04T12:08:15.469+0000][5.298s][info ][safepoint     ] Application time: 0.2015703 seconds
[2024-09-04T12:08:15.469+0000][5.298s][info ][safepoint     ] Entering safepoint region: G1CollectForAllocation
[2024-09-04T12:08:15.469+0000][5.298s][info ][gc,start      ] GC(12) Pause Young (Normal) (G1 Evacuation Pause)
[2024-09-04T12:08:15.469+0000][5.298s][info ][gc,task       ] GC(12) Using 4 workers of 4 for evacuation
[2024-09-04T12:08:15.480+0000][5.309s][info ][gc,phases     ] GC(12)   Pre Evacuate Collection Set: 0.0ms
[2024-09-04T12:08:15.480+0000][5.309s][info ][gc,phases     ] GC(12)   Evacuate Collection Set: 7.6ms
[2024-09-04T12:08:15.480+0000][5.309s][info ][gc,phases     ] GC(12)   Post Evacuate Collection Set: 3.2ms
[2024-09-04T12:08:15.480+0000][5.309s][info ][gc,phases     ] GC(12)   Other: 0.1ms
[2024-09-04T12:08:15.480+0000][5.309s][info ][gc,heap       ] GC(12) Eden regions: 107->0(105)
[2024-09-04T12:08:15.480+0000][5.309s][info ][gc,heap       ] GC(12) Survivor regions: 9->11(15)
[2024-09-04T12:08:15.480+0000][5.309s][info ][gc,heap       ] GC(12) Old regions: 15->17
[2024-09-04T12:08:15.480+0000][5.309s][info ][gc,heap       ] GC(12) Humongous regions: 0->0
[2024-09-04T12:08:15.480+0000][5.309s][info ][gc,metaspace  ] GC(12) Metaspace: 24607K(25724K)->24607K(25724K) NonClass: 21518K(22272K)->21518K(22272K) Class: 3089K(3452K)->3089K(3452K)
[2024-09-04T12:08:15.480+0000][5.309s][info ][gc            ] GC(12) Pause Young (Normal) (G1 Evacuation Pause) 129M->25M(194M) 11.166ms
[2024-09-04T12:08:15.480+0000][5.309s][info ][gc,cpu        ] GC(12) User=0.03s Sys=0.00s Real=0.01s
[2024-09-04T12:08:15.480+0000][5.309s][info ][safepoint     ] Leaving safepoint region
[2024-09-04T12:08:15.480+0000][5.309s][info ][safepoint     ] Total time for which application threads were stopped: 0.0114194 seconds, Stopping threads took: 0.0000168 seconds
[2024-09-04T12:08:15.480+0000][5.309s][info ][gc,stringdedup] Concurrent String Deduplication (5.309s)
[2024-09-04T12:08:15.484+0000][5.313s][info ][gc,stringdedup] Concurrent String Deduplication 759.0K->493.8K(265.2K) avg 17.9% (5.309s, 5.313s) 3.586ms
[2024-09-04T12:08:15.845+0000][5.674s][debug][safepoint     ] Safepoint synchronization initiated. (12 threads)
[2024-09-04T12:08:15.845+0000][5.674s][info ][safepoint     ] Application time: 0.3648621 seconds
[2024-09-04T12:08:15.845+0000][5.674s][info ][safepoint     ] Entering safepoint region: ICBufferFull
[2024-09-04T12:08:15.845+0000][5.674s][info ][safepoint     ] Leaving safepoint region
[2024-09-04T12:08:15.845+0000][5.674s][info ][safepoint     ] Total time for which application threads were stopped: 0.0002599 seconds, Stopping threads took: 0.0000192 seconds
[2024-09-04T12:08:15.924+0000][5.753s][debug][safepoint     ] Safepoint synchronization initiated. (12 threads)
[2024-09-04T12:08:15.924+0000][5.753s][info ][safepoint     ] Application time: 0.0787118 seconds
[2024-09-04T12:08:15.924+0000][5.753s][info ][safepoint     ] Entering safepoint region: G1CollectForAllocation
[2024-09-04T12:08:15.924+0000][5.753s][info ][gc,start      ] GC(13) Pause Young (Normal) (G1 Evacuation Pause)
[2024-09-04T12:08:15.924+0000][5.753s][info ][gc,task       ] GC(13) Using 4 workers of 4 for evacuation
[2024-09-04T12:08:15.944+0000][5.773s][info ][gc,phases     ] GC(13)   Pre Evacuate Collection Set: 0.0ms
[2024-09-04T12:08:15.944+0000][5.773s][info ][gc,phases     ] GC(13)   Evacuate Collection Set: 15.5ms
[2024-09-04T12:08:15.944+0000][5.773s][info ][gc,phases     ] GC(13)   Post Evacuate Collection Set: 4.5ms
[2024-09-04T12:08:15.945+0000][5.773s][info ][gc,phases     ] GC(13)   Other: 0.2ms
[2024-09-04T12:08:15.945+0000][5.773s][info ][gc,heap       ] GC(13) Eden regions: 105->0(135)
[2024-09-04T12:08:15.945+0000][5.773s][info ][gc,heap       ] GC(13) Survivor regions: 11->9(15)
[2024-09-04T12:08:15.945+0000][5.773s][info ][gc,heap       ] GC(13) Old regions: 17->21
[2024-09-04T12:08:15.945+0000][5.773s][info ][gc,heap       ] GC(13) Humongous regions: 0->0
[2024-09-04T12:08:15.945+0000][5.773s][info ][gc,metaspace  ] GC(13) Metaspace: 24861K(25980K)->24861K(25980K) NonClass: 21745K(22528K)->21745K(22528K) Class: 3116K(3452K)->3116K(3452K)
[2024-09-04T12:08:15.945+0000][5.773s][info ][gc            ] GC(13) Pause Young (Normal) (G1 Evacuation Pause) 130M->27M(240M) 20.301ms
[2024-09-04T12:08:15.945+0000][5.773s][info ][gc,cpu        ] GC(13) User=0.05s Sys=0.00s Real=0.02s
[2024-09-04T12:08:15.945+0000][5.773s][info ][safepoint     ] Leaving safepoint region
[2024-09-04T12:08:15.945+0000][5.773s][info ][safepoint     ] Total time for which application threads were stopped: 0.0205355 seconds, Stopping threads took: 0.0000182 seconds
[2024-09-04T12:08:15.945+0000][5.774s][info ][gc,stringdedup] Concurrent String Deduplication (5.773s)
[2024-09-04T12:08:15.949+0000][5.778s][info ][gc,stringdedup] Concurrent String Deduplication 937.8K->396.1K(541.7K) avg 24.6% (5.773s, 5.778s) 4.549ms
[2024-09-04T12:08:16.278+0000][6.107s][debug][safepoint     ] Safepoint synchronization initiated. (13 threads)
[2024-09-04T12:08:16.278+0000][6.107s][info ][safepoint     ] Application time: 0.3335214 seconds
[2024-09-04T12:08:16.278+0000][6.107s][info ][safepoint     ] Entering safepoint region: G1CollectForAllocation
[2024-09-04T12:08:16.278+0000][6.107s][info ][gc,start      ] GC(14) Pause Young (Normal) (G1 Evacuation Pause)
[2024-09-04T12:08:16.278+0000][6.107s][info ][gc,task       ] GC(14) Using 4 workers of 4 for evacuation
[2024-09-04T12:08:16.286+0000][6.115s][info ][gc,phases     ] GC(14)   Pre Evacuate Collection Set: 0.0ms
[2024-09-04T12:08:16.286+0000][6.115s][info ][gc,phases     ] GC(14)   Evacuate Collection Set: 5.7ms
[2024-09-04T12:08:16.286+0000][6.115s][info ][gc,phases     ] GC(14)   Post Evacuate Collection Set: 1.8ms
[2024-09-04T12:08:16.286+0000][6.115s][info ][gc,phases     ] GC(14)   Other: 0.2ms
[2024-09-04T12:08:16.286+0000][6.115s][info ][gc,heap       ] GC(14) Eden regions: 135->0(135)
[2024-09-04T12:08:16.286+0000][6.115s][info ][gc,heap       ] GC(14) Survivor regions: 9->9(18)
[2024-09-04T12:08:16.286+0000][6.115s][info ][gc,heap       ] GC(14) Old regions: 21->21
[2024-09-04T12:08:16.286+0000][6.115s][info ][gc,heap       ] GC(14) Humongous regions: 0->0
[2024-09-04T12:08:16.286+0000][6.115s][info ][gc,metaspace  ] GC(14) Metaspace: 26228K(27388K)->26228K(27388K) NonClass: 23016K(23808K)->23016K(23808K) Class: 3212K(3580K)->3212K(3580K)
[2024-09-04T12:08:16.286+0000][6.115s][info ][gc            ] GC(14) Pause Young (Normal) (G1 Evacuation Pause) 162M->27M(240M) 7.958ms
[2024-09-04T12:08:16.286+0000][6.115s][info ][gc,cpu        ] GC(14) User=0.03s Sys=0.00s Real=0.01s
[2024-09-04T12:08:16.286+0000][6.115s][info ][safepoint     ] Leaving safepoint region
[2024-09-04T12:08:16.286+0000][6.115s][info ][safepoint     ] Total time for which application threads were stopped: 0.0081718 seconds, Stopping threads took: 0.0000170 seconds
[2024-09-04T12:08:16.286+0000][6.115s][info ][gc,stringdedup] Concurrent String Deduplication (6.115s)
[2024-09-04T12:08:16.290+0000][6.118s][info ][gc,stringdedup] Concurrent String Deduplication 903.7K->244.6K(659.1K) avg 31.4% (6.115s, 6.118s) 3.245ms
[2024-09-04T12:08:16.496+0000][6.325s][debug][safepoint     ] Safepoint synchronization initiated. (13 threads)
[2024-09-04T12:08:16.496+0000][6.325s][info ][safepoint     ] Application time: 0.2094713 seconds
[2024-09-04T12:08:16.496+0000][6.325s][debug][safepoint     ] Waiting for 2 thread(s) to block
[2024-09-04T12:08:16.496+0000][6.325s][info ][safepoint     ] Entering safepoint region: G1CollectForAllocation
[2024-09-04T12:08:16.496+0000][6.325s][info ][gc,start      ] GC(15) Pause Young (Normal) (G1 Evacuation Pause)
[2024-09-04T12:08:16.496+0000][6.325s][info ][gc,task       ] GC(15) Using 4 workers of 4 for evacuation
[2024-09-04T12:08:16.504+0000][6.332s][info ][gc,phases     ] GC(15)   Pre Evacuate Collection Set: 0.0ms
[2024-09-04T12:08:16.504+0000][6.332s][info ][gc,phases     ] GC(15)   Evacuate Collection Set: 5.4ms
[2024-09-04T12:08:16.504+0000][6.332s][info ][gc,phases     ] GC(15)   Post Evacuate Collection Set: 1.9ms
[2024-09-04T12:08:16.504+0000][6.332s][info ][gc,phases     ] GC(15)   Other: 0.2ms
[2024-09-04T12:08:16.504+0000][6.332s][info ][gc,heap       ] GC(15) Eden regions: 135->0(136)
[2024-09-04T12:08:16.504+0000][6.332s][info ][gc,heap       ] GC(15) Survivor regions: 9->8(18)
[2024-09-04T12:08:16.504+0000][6.332s][info ][gc,heap       ] GC(15) Old regions: 21->21
[2024-09-04T12:08:16.504+0000][6.332s][info ][gc,heap       ] GC(15) Humongous regions: 0->0
[2024-09-04T12:08:16.504+0000][6.332s][info ][gc,metaspace  ] GC(15) Metaspace: 26395K(27388K)->26395K(27388K) NonClass: 23162K(23808K)->23162K(23808K) Class: 3233K(3580K)->3233K(3580K)
[2024-09-04T12:08:16.504+0000][6.332s][info ][gc            ] GC(15) Pause Young (Normal) (G1 Evacuation Pause) 162M->26M(240M) 7.647ms
[2024-09-04T12:08:16.504+0000][6.333s][info ][gc,cpu        ] GC(15) User=0.03s Sys=0.00s Real=0.01s
[2024-09-04T12:08:16.504+0000][6.333s][info ][safepoint     ] Leaving safepoint region
[2024-09-04T12:08:16.504+0000][6.333s][info ][safepoint     ] Total time for which application threads were stopped: 0.0079054 seconds, Stopping threads took: 0.0000575 seconds
[2024-09-04T12:08:16.504+0000][6.333s][info ][gc,stringdedup] Concurrent String Deduplication (6.333s)
[2024-09-04T12:08:16.506+0000][6.335s][info ][gc,stringdedup] Concurrent String Deduplication 742.2K->263.0K(479.3K) avg 34.8% (6.333s, 6.335s) 2.292ms
[2024-09-04T12:08:17.134+0000][6.963s][debug][safepoint     ] Safepoint synchronization initiated. (12 threads)
[2024-09-04T12:08:17.134+0000][6.963s][info ][safepoint     ] Application time: 0.6303381 seconds
[2024-09-04T12:08:17.134+0000][6.963s][info ][safepoint     ] Entering safepoint region: G1CollectForAllocation
[2024-09-04T12:08:17.135+0000][6.963s][info ][gc,start      ] GC(16) Pause Young (Normal) (G1 Evacuation Pause)
[2024-09-04T12:08:17.135+0000][6.963s][info ][gc,task       ] GC(16) Using 4 workers of 4 for evacuation
[2024-09-04T12:08:17.144+0000][6.973s][info ][gc,phases     ] GC(16)   Pre Evacuate Collection Set: 0.1ms
[2024-09-04T12:08:17.144+0000][6.973s][info ][gc,phases     ] GC(16)   Evacuate Collection Set: 7.4ms
[2024-09-04T12:08:17.144+0000][6.973s][info ][gc,phases     ] GC(16)   Post Evacuate Collection Set: 2.1ms
[2024-09-04T12:08:17.144+0000][6.973s][info ][gc,phases     ] GC(16)   Other: 0.3ms
[2024-09-04T12:08:17.144+0000][6.973s][info ][gc,heap       ] GC(16) Eden regions: 136->0(135)
[2024-09-04T12:08:17.145+0000][6.973s][info ][gc,heap       ] GC(16) Survivor regions: 8->9(18)
[2024-09-04T12:08:17.145+0000][6.973s][info ][gc,heap       ] GC(16) Old regions: 21->21
[2024-09-04T12:08:17.145+0000][6.973s][info ][gc,heap       ] GC(16) Humongous regions: 0->0
[2024-09-04T12:08:17.145+0000][6.973s][info ][gc,metaspace  ] GC(16) Metaspace: 31570K(32892K)->31570K(32892K) NonClass: 27770K(28672K)->27770K(28672K) Class: 3800K(4220K)->3800K(4220K)
[2024-09-04T12:08:17.145+0000][6.973s][info ][gc            ] GC(16) Pause Young (Normal) (G1 Evacuation Pause) 162M->27M(240M) 10.006ms
[2024-09-04T12:08:17.145+0000][6.973s][info ][gc,cpu        ] GC(16) User=0.03s Sys=0.00s Real=0.01s
[2024-09-04T12:08:17.145+0000][6.973s][info ][safepoint     ] Leaving safepoint region
[2024-09-04T12:08:17.145+0000][6.973s][info ][safepoint     ] Total time for which application threads were stopped: 0.0105111 seconds, Stopping threads took: 0.0000323 seconds
[2024-09-04T12:08:17.145+0000][6.974s][info ][gc,stringdedup] Concurrent String Deduplication (6.974s)
[2024-09-04T12:08:17.146+0000][6.975s][info ][gc,stringdedup] Concurrent String Deduplication 376.2K->38432.0B(338.7K) avg 37.6% (6.974s, 6.975s) 1.086ms
[2024-09-04T12:08:17.369+0000][7.198s][debug][safepoint     ] Safepoint synchronization initiated. (12 threads)
[2024-09-04T12:08:17.370+0000][7.198s][info ][safepoint     ] Application time: 0.2248365 seconds
[2024-09-04T12:08:17.370+0000][7.198s][info ][safepoint     ] Entering safepoint region: Deoptimize
[2024-09-04T12:08:17.371+0000][7.199s][info ][safepoint     ] Leaving safepoint region
[2024-09-04T12:08:17.371+0000][7.199s][info ][safepoint     ] Total time for which application threads were stopped: 0.0010369 seconds, Stopping threads took: 0.0000223 seconds
[2024-09-04T12:08:17.664+0000][7.493s][debug][safepoint     ] Safepoint synchronization initiated. (12 threads)
[2024-09-04T12:08:17.664+0000][7.493s][info ][safepoint     ] Application time: 0.2932492 seconds
[2024-09-04T12:08:17.664+0000][7.493s][info ][safepoint     ] Entering safepoint region: G1CollectForAllocation
[2024-09-04T12:08:17.664+0000][7.493s][info ][gc,start      ] GC(17) Pause Young (Normal) (G1 Evacuation Pause)
[2024-09-04T12:08:17.664+0000][7.493s][info ][gc,task       ] GC(17) Using 4 workers of 4 for evacuation
[2024-09-04T12:08:17.674+0000][7.502s][info ][gc,phases     ] GC(17)   Pre Evacuate Collection Set: 0.0ms
[2024-09-04T12:08:17.674+0000][7.503s][info ][gc,phases     ] GC(17)   Evacuate Collection Set: 7.3ms
[2024-09-04T12:08:17.674+0000][7.503s][info ][gc,phases     ] GC(17)   Post Evacuate Collection Set: 2.1ms
[2024-09-04T12:08:17.674+0000][7.503s][info ][gc,phases     ] GC(17)   Other: 0.2ms
[2024-09-04T12:08:17.674+0000][7.503s][info ][gc,heap       ] GC(17) Eden regions: 135->0(135)
[2024-09-04T12:08:17.674+0000][7.503s][info ][gc,heap       ] GC(17) Survivor regions: 9->9(18)
[2024-09-04T12:08:17.674+0000][7.503s][info ][gc,heap       ] GC(17) Old regions: 21->21
[2024-09-04T12:08:17.674+0000][7.503s][info ][gc,heap       ] GC(17) Humongous regions: 0->0
[2024-09-04T12:08:17.674+0000][7.503s][info ][gc,metaspace  ] GC(17) Metaspace: 33202K(34300K)->33202K(34300K) NonClass: 29195K(29952K)->29195K(29952K) Class: 4007K(4348K)->4007K(4348K)
[2024-09-04T12:08:17.674+0000][7.503s][info ][gc            ] GC(17) Pause Young (Normal) (G1 Evacuation Pause) 162M->27M(240M) 9.728ms
[2024-09-04T12:08:17.674+0000][7.503s][info ][gc,cpu        ] GC(17) User=0.03s Sys=0.00s Real=0.01s
[2024-09-04T12:08:17.674+0000][7.503s][info ][safepoint     ] Leaving safepoint region
[2024-09-04T12:08:17.674+0000][7.503s][info ][safepoint     ] Total time for which application threads were stopped: 0.0100628 seconds, Stopping threads took: 0.0000330 seconds
[2024-09-04T12:08:17.674+0000][7.503s][info ][gc,stringdedup] Concurrent String Deduplication (7.503s)
[2024-09-04T12:08:17.674+0000][7.503s][info ][gc,stringdedup] Concurrent String Deduplication 31456.0B->3568.0B(27888.0B) avg 37.8% (7.503s, 7.503s) 0.170ms
[2024-09-04T12:08:17.707+0000][7.536s][debug][safepoint     ] Safepoint synchronization initiated. (12 threads)
[2024-09-04T12:08:17.707+0000][7.536s][info ][safepoint     ] Application time: 0.0329113 seconds
[2024-09-04T12:08:17.707+0000][7.536s][info ][safepoint     ] Entering safepoint region: Deoptimize
[2024-09-04T12:08:17.708+0000][7.537s][info ][safepoint     ] Leaving safepoint region
[2024-09-04T12:08:17.708+0000][7.537s][info ][safepoint     ] Total time for which application threads were stopped: 0.0011518 seconds, Stopping threads took: 0.0000295 seconds
[2024-09-04T12:08:18.128+0000][7.957s][debug][safepoint     ] Safepoint synchronization initiated. (12 threads)
[2024-09-04T12:08:18.128+0000][7.957s][info ][safepoint     ] Application time: 0.4202182 seconds
[2024-09-04T12:08:18.128+0000][7.957s][info ][safepoint     ] Entering safepoint region: G1CollectForAllocation
[2024-09-04T12:08:18.128+0000][7.957s][info ][gc,start      ] GC(18) Pause Young (Normal) (G1 Evacuation Pause)
[2024-09-04T12:08:18.129+0000][7.957s][info ][gc,task       ] GC(18) Using 4 workers of 4 for evacuation
[2024-09-04T12:08:18.139+0000][7.968s][info ][gc,phases     ] GC(18)   Pre Evacuate Collection Set: 0.0ms
[2024-09-04T12:08:18.139+0000][7.968s][info ][gc,phases     ] GC(18)   Evacuate Collection Set: 7.5ms
[2024-09-04T12:08:18.139+0000][7.968s][info ][gc,phases     ] GC(18)   Post Evacuate Collection Set: 3.0ms
[2024-09-04T12:08:18.139+0000][7.968s][info ][gc,phases     ] GC(18)   Other: 0.2ms
[2024-09-04T12:08:18.139+0000][7.968s][info ][gc,heap       ] GC(18) Eden regions: 135->0(133)
[2024-09-04T12:08:18.139+0000][7.968s][info ][gc,heap       ] GC(18) Survivor regions: 9->11(18)
[2024-09-04T12:08:18.139+0000][7.968s][info ][gc,heap       ] GC(18) Old regions: 21->21
[2024-09-04T12:08:18.139+0000][7.968s][info ][gc,heap       ] GC(18) Humongous regions: 0->0
[2024-09-04T12:08:18.139+0000][7.968s][info ][gc,metaspace  ] GC(18) Metaspace: 33463K(34684K)->33463K(34684K) NonClass: 29415K(30208K)->29415K(30208K) Class: 4048K(4476K)->4048K(4476K)
[2024-09-04T12:08:18.139+0000][7.968s][info ][gc            ] GC(18) Pause Young (Normal) (G1 Evacuation Pause) 162M->29M(240M) 10.883ms
[2024-09-04T12:08:18.139+0000][7.968s][info ][gc,cpu        ] GC(18) User=0.04s Sys=0.00s Real=0.01s
[2024-09-04T12:08:18.139+0000][7.968s][info ][safepoint     ] Leaving safepoint region
[2024-09-04T12:08:18.139+0000][7.968s][info ][safepoint     ] Total time for which application threads were stopped: 0.0111669 seconds, Stopping threads took: 0.0000182 seconds
[2024-09-04T12:08:18.140+0000][7.968s][info ][gc,stringdedup] Concurrent String Deduplication (7.968s)
[2024-09-04T12:08:18.141+0000][7.969s][info ][gc,stringdedup] Concurrent String Deduplication 375.7K->17568.0B(358.5K) avg 40.5% (7.968s, 7.969s) 1.148ms
[2024-09-04T12:08:18.223+0000][8.052s][debug][safepoint     ] Safepoint synchronization initiated. (12 threads)
[2024-09-04T12:08:18.223+0000][8.052s][info ][safepoint     ] Application time: 0.0837760 seconds
[2024-09-04T12:08:18.223+0000][8.052s][info ][safepoint     ] Entering safepoint region: Deoptimize
[2024-09-04T12:08:18.224+0000][8.053s][info ][safepoint     ] Leaving safepoint region
[2024-09-04T12:08:18.224+0000][8.053s][info ][safepoint     ] Total time for which application threads were stopped: 0.0008434 seconds, Stopping threads took: 0.0000160 seconds
[2024-09-04T12:08:18.586+0000][8.415s][debug][safepoint     ] Safepoint synchronization initiated. (12 threads)
[2024-09-04T12:08:18.586+0000][8.415s][info ][safepoint     ] Application time: 0.3622541 seconds
[2024-09-04T12:08:18.586+0000][8.415s][info ][safepoint     ] Entering safepoint region: CollectForMetadataAllocation
[2024-09-04T12:08:18.587+0000][8.415s][info ][gc,start      ] GC(19) Pause Young (Concurrent Start) (Metadata GC Threshold)
[2024-09-04T12:08:18.587+0000][8.415s][info ][gc,task       ] GC(19) Using 4 workers of 4 for evacuation
[2024-09-04T12:08:18.609+0000][8.438s][info ][gc,phases     ] GC(19)   Pre Evacuate Collection Set: 0.1ms
[2024-09-04T12:08:18.609+0000][8.438s][info ][gc,phases     ] GC(19)   Evacuate Collection Set: 18.2ms
[2024-09-04T12:08:18.609+0000][8.438s][info ][gc,phases     ] GC(19)   Post Evacuate Collection Set: 4.1ms
[2024-09-04T12:08:18.609+0000][8.438s][info ][gc,phases     ] GC(19)   Other: 0.3ms
[2024-09-04T12:08:18.609+0000][8.438s][info ][gc,heap       ] GC(19) Eden regions: 117->0(163)
[2024-09-04T12:08:18.609+0000][8.438s][info ][gc,heap       ] GC(19) Survivor regions: 11->9(18)
[2024-09-04T12:08:18.609+0000][8.438s][info ][gc,heap       ] GC(19) Old regions: 21->23
[2024-09-04T12:08:18.609+0000][8.438s][info ][gc,heap       ] GC(19) Humongous regions: 0->0
[2024-09-04T12:08:18.609+0000][8.438s][info ][gc,metaspace  ] GC(19) Metaspace: 34952K(36048K)->34952K(36048K) NonClass: 30722K(31444K)->30722K(31444K) Class: 4230K(4604K)->4230K(4604K)
[2024-09-04T12:08:18.610+0000][8.438s][info ][gc            ] GC(19) Pause Young (Concurrent Start) (Metadata GC Threshold) 145M->29M(288M) 22.927ms
[2024-09-04T12:08:18.610+0000][8.438s][info ][gc,cpu        ] GC(19) User=0.06s Sys=0.00s Real=0.03s
[2024-09-04T12:08:18.610+0000][8.438s][info ][gc            ] GC(20) Concurrent Cycle
[2024-09-04T12:08:18.610+0000][8.438s][info ][gc,marking    ] GC(20) Concurrent Clear Claimed Marks
[2024-09-04T12:08:18.610+0000][8.438s][info ][safepoint     ] Leaving safepoint region
[2024-09-04T12:08:18.610+0000][8.438s][info ][safepoint     ] Total time for which application threads were stopped: 0.0233664 seconds, Stopping threads took: 0.0000171 seconds
[2024-09-04T12:08:18.610+0000][8.439s][info ][gc,marking    ] GC(20) Concurrent Clear Claimed Marks 0.126ms
[2024-09-04T12:08:18.610+0000][8.439s][info ][gc,marking    ] GC(20) Concurrent Scan Root Regions
[2024-09-04T12:08:18.610+0000][8.439s][info ][gc,stringdedup] Concurrent String Deduplication (8.439s)
[2024-09-04T12:08:18.613+0000][8.441s][info ][gc,stringdedup] Concurrent String Deduplication 252.4K->106.9K(145.5K) avg 41.0% (8.439s, 8.441s) 2.841ms
[2024-09-04T12:08:18.623+0000][8.452s][info ][gc,marking    ] GC(20) Concurrent Scan Root Regions 13.138ms
[2024-09-04T12:08:18.623+0000][8.452s][info ][gc,marking    ] GC(20) Concurrent Mark (8.452s)
[2024-09-04T12:08:18.623+0000][8.452s][info ][gc,marking    ] GC(20) Concurrent Mark From Roots
[2024-09-04T12:08:18.623+0000][8.452s][info ][gc,task       ] GC(20) Using 1 workers of 1 for marking
[2024-09-04T12:08:18.641+0000][8.470s][debug][safepoint     ] Safepoint synchronization initiated. (12 threads)
[2024-09-04T12:08:18.641+0000][8.470s][info ][safepoint     ] Application time: 0.0316455 seconds
[2024-09-04T12:08:18.641+0000][8.470s][info ][safepoint     ] Entering safepoint region: Deoptimize
[2024-09-04T12:08:18.642+0000][8.471s][info ][safepoint     ] Leaving safepoint region
[2024-09-04T12:08:18.642+0000][8.471s][info ][safepoint     ] Total time for which application threads were stopped: 0.0008631 seconds, Stopping threads took: 0.0000427 seconds
[2024-09-04T12:08:18.656+0000][8.485s][debug][safepoint     ] Safepoint synchronization initiated. (12 threads)
[2024-09-04T12:08:18.656+0000][8.485s][info ][safepoint     ] Application time: 0.0137026 seconds
[2024-09-04T12:08:18.656+0000][8.485s][info ][safepoint     ] Entering safepoint region: Deoptimize
[2024-09-04T12:08:18.657+0000][8.485s][info ][safepoint     ] Leaving safepoint region
[2024-09-04T12:08:18.657+0000][8.486s][info ][safepoint     ] Total time for which application threads were stopped: 0.0007645 seconds, Stopping threads took: 0.0000154 seconds
[2024-09-04T12:08:18.669+0000][8.498s][info ][gc,marking    ] GC(20) Concurrent Mark From Roots 46.357ms
[2024-09-04T12:08:18.669+0000][8.498s][info ][gc,marking    ] GC(20) Concurrent Preclean
[2024-09-04T12:08:18.670+0000][8.498s][info ][gc,marking    ] GC(20) Concurrent Preclean 0.118ms
[2024-09-04T12:08:18.670+0000][8.498s][info ][gc,marking    ] GC(20) Concurrent Mark (8.452s, 8.498s) 46.538ms
[2024-09-04T12:08:18.670+0000][8.498s][debug][safepoint     ] Safepoint synchronization initiated. (12 threads)
[2024-09-04T12:08:18.670+0000][8.498s][info ][safepoint     ] Application time: 0.0128132 seconds
[2024-09-04T12:08:18.670+0000][8.498s][debug][safepoint     ] Waiting for 1 thread(s) to block
[2024-09-04T12:08:18.670+0000][8.498s][info ][safepoint     ] Entering safepoint region: CGC_Operation
[2024-09-04T12:08:18.670+0000][8.499s][info ][gc,start      ] GC(20) Pause Remark
[2024-09-04T12:08:18.678+0000][8.507s][info ][gc,stringtable] GC(20) Cleaned string and symbol table, strings: 12336 processed, 31 removed, symbols: 122500 processed, 307 removed
[2024-09-04T12:08:18.678+0000][8.507s][info ][gc            ] GC(20) Pause Remark 34M->34M(288M) 8.197ms
[2024-09-04T12:08:18.678+0000][8.507s][info ][gc,cpu        ] GC(20) User=0.02s Sys=0.00s Real=0.00s
[2024-09-04T12:08:18.678+0000][8.507s][info ][safepoint     ] Leaving safepoint region
[2024-09-04T12:08:18.678+0000][8.507s][info ][safepoint     ] Total time for which application threads were stopped: 0.0084180 seconds, Stopping threads took: 0.0001004 seconds
[2024-09-04T12:08:18.678+0000][8.507s][info ][gc,marking    ] GC(20) Concurrent Rebuild Remembered Sets
[2024-09-04T12:08:18.688+0000][8.517s][debug][safepoint     ] Safepoint synchronization initiated. (12 threads)
[2024-09-04T12:08:18.688+0000][8.517s][info ][safepoint     ] Application time: 0.0097544 seconds
[2024-09-04T12:08:18.688+0000][8.517s][info ][safepoint     ] Entering safepoint region: Deoptimize
[2024-09-04T12:08:18.688+0000][8.517s][info ][safepoint     ] Leaving safepoint region
[2024-09-04T12:08:18.688+0000][8.517s][info ][safepoint     ] Total time for which application threads were stopped: 0.0006333 seconds, Stopping threads took: 0.0000159 seconds
[2024-09-04T12:08:18.699+0000][8.528s][info ][gc,marking    ] GC(20) Concurrent Rebuild Remembered Sets 20.921ms
[2024-09-04T12:08:18.699+0000][8.528s][debug][safepoint     ] Safepoint synchronization initiated. (12 threads)
[2024-09-04T12:08:18.699+0000][8.528s][info ][safepoint     ] Application time: 0.0106300 seconds
[2024-09-04T12:08:18.699+0000][8.528s][info ][safepoint     ] Entering safepoint region: CGC_Operation
[2024-09-04T12:08:18.699+0000][8.528s][info ][gc,start      ] GC(20) Pause Cleanup
[2024-09-04T12:08:18.699+0000][8.528s][info ][gc            ] GC(20) Pause Cleanup 36M->36M(288M) 0.183ms
[2024-09-04T12:08:18.699+0000][8.528s][info ][gc,cpu        ] GC(20) User=0.00s Sys=0.00s Real=0.00s
[2024-09-04T12:08:18.699+0000][8.528s][info ][safepoint     ] Leaving safepoint region
[2024-09-04T12:08:18.699+0000][8.528s][info ][safepoint     ] Total time for which application threads were stopped: 0.0003139 seconds, Stopping threads took: 0.0000156 seconds
[2024-09-04T12:08:18.699+0000][8.528s][info ][gc,marking    ] GC(20) Concurrent Cleanup for Next Mark
[2024-09-04T12:08:18.701+0000][8.530s][info ][gc,marking    ] GC(20) Concurrent Cleanup for Next Mark 1.372ms
[2024-09-04T12:08:18.701+0000][8.530s][info ][gc            ] GC(20) Concurrent Cycle 91.286ms
[2024-09-04T12:08:18.724+0000][8.552s][debug][safepoint     ] Safepoint synchronization initiated. (12 threads)
[2024-09-04T12:08:18.724+0000][8.552s][info ][safepoint     ] Application time: 0.0242954 seconds
[2024-09-04T12:08:18.724+0000][8.553s][info ][safepoint     ] Entering safepoint region: Deoptimize
[2024-09-04T12:08:18.725+0000][8.553s][info ][safepoint     ] Leaving safepoint region
[2024-09-04T12:08:18.725+0000][8.553s][info ][safepoint     ] Total time for which application threads were stopped: 0.0008470 seconds, Stopping threads took: 0.0000154 seconds
[2024-09-04T12:08:19.031+0000][8.860s][debug][safepoint     ] Safepoint synchronization initiated. (11 threads)
[2024-09-04T12:08:19.031+0000][8.860s][info ][safepoint     ] Application time: 0.3065389 seconds
[2024-09-04T12:08:19.031+0000][8.860s][info ][safepoint     ] Entering safepoint region: Deoptimize
[2024-09-04T12:08:19.032+0000][8.861s][info ][safepoint     ] Leaving safepoint region
[2024-09-04T12:08:19.032+0000][8.861s][info ][safepoint     ] Total time for which application threads were stopped: 0.0010018 seconds, Stopping threads took: 0.0000305 seconds
[2024-09-04T12:08:19.071+0000][8.899s][debug][safepoint     ] Safepoint synchronization initiated. (11 threads)
[2024-09-04T12:08:19.071+0000][8.899s][info ][safepoint     ] Application time: 0.0384191 seconds
[2024-09-04T12:08:19.071+0000][8.899s][info ][safepoint     ] Entering safepoint region: Deoptimize
[2024-09-04T12:08:19.071+0000][8.900s][info ][safepoint     ] Leaving safepoint region
[2024-09-04T12:08:19.071+0000][8.900s][info ][safepoint     ] Total time for which application threads were stopped: 0.0006587 seconds, Stopping threads took: 0.0000286 seconds
[2024-09-04T12:08:19.344+0000][9.173s][debug][safepoint     ] Safepoint synchronization initiated. (12 threads)
[2024-09-04T12:08:19.344+0000][9.173s][info ][safepoint     ] Application time: 0.2726818 seconds
[2024-09-04T12:08:19.344+0000][9.173s][debug][safepoint     ] Waiting for 1 thread(s) to block
[2024-09-04T12:08:19.344+0000][9.173s][info ][safepoint     ] Entering safepoint region: G1CollectForAllocation
[2024-09-04T12:08:19.344+0000][9.173s][info ][gc,start      ] GC(21) Pause Young (Normal) (G1 Evacuation Pause)
[2024-09-04T12:08:19.344+0000][9.173s][info ][gc,task       ] GC(21) Using 4 workers of 4 for evacuation
[2024-09-04T12:08:19.356+0000][9.184s][info ][gc,phases     ] GC(21)   Pre Evacuate Collection Set: 0.0ms
[2024-09-04T12:08:19.356+0000][9.184s][info ][gc,phases     ] GC(21)   Evacuate Collection Set: 9.1ms
[2024-09-04T12:08:19.356+0000][9.184s][info ][gc,phases     ] GC(21)   Post Evacuate Collection Set: 1.9ms
[2024-09-04T12:08:19.356+0000][9.184s][info ][gc,phases     ] GC(21)   Other: 0.2ms
[2024-09-04T12:08:19.356+0000][9.184s][info ][gc,heap       ] GC(21) Eden regions: 163->0(163)
[2024-09-04T12:08:19.356+0000][9.184s][info ][gc,heap       ] GC(21) Survivor regions: 9->9(22)
[2024-09-04T12:08:19.356+0000][9.184s][info ][gc,heap       ] GC(21) Old regions: 23->23
[2024-09-04T12:08:19.356+0000][9.184s][info ][gc,heap       ] GC(21) Humongous regions: 0->0
[2024-09-04T12:08:19.356+0000][9.184s][info ][gc,metaspace  ] GC(21) Metaspace: 37612K(38864K)->37612K(38864K) NonClass: 32954K(33748K)->32954K(33748K) Class: 4658K(5116K)->4658K(5116K)
[2024-09-04T12:08:19.356+0000][9.185s][info ][gc            ] GC(21) Pause Young (Normal) (G1 Evacuation Pause) 192M->29M(288M) 11.463ms
[2024-09-04T12:08:19.356+0000][9.185s][info ][gc,cpu        ] GC(21) User=0.05s Sys=0.00s Real=0.01s
[2024-09-04T12:08:19.356+0000][9.185s][info ][safepoint     ] Leaving safepoint region
[2024-09-04T12:08:19.356+0000][9.185s][info ][safepoint     ] Total time for which application threads were stopped: 0.0117859 seconds, Stopping threads took: 0.0000838 seconds
[2024-09-04T12:08:19.356+0000][9.185s][info ][gc,stringdedup] Concurrent String Deduplication (9.185s)
[2024-09-04T12:08:19.357+0000][9.186s][info ][gc,stringdedup] Concurrent String Deduplication 308.3K->158.8K(149.5K) avg 41.3% (9.185s, 9.186s) 1.153ms
[2024-09-04T12:08:19.911+0000][9.740s][debug][safepoint     ] Safepoint synchronization initiated. (12 threads)
[2024-09-04T12:08:19.911+0000][9.740s][info ][safepoint     ] Application time: 0.5551827 seconds
[2024-09-04T12:08:19.911+0000][9.740s][info ][safepoint     ] Entering safepoint region: ICBufferFull
[2024-09-04T12:08:19.911+0000][9.740s][info ][safepoint     ] Leaving safepoint region
[2024-09-04T12:08:19.911+0000][9.740s][info ][safepoint     ] Total time for which application threads were stopped: 0.0002515 seconds, Stopping threads took: 0.0000172 seconds
[2024-09-04T12:08:20.049+0000][9.878s][debug][safepoint     ] Safepoint synchronization initiated. (12 threads)
[2024-09-04T12:08:20.049+0000][9.878s][info ][safepoint     ] Application time: 0.1379176 seconds
[2024-09-04T12:08:20.049+0000][9.878s][info ][safepoint     ] Entering safepoint region: G1CollectForAllocation
[2024-09-04T12:08:20.049+0000][9.878s][info ][gc,start      ] GC(22) Pause Young (Normal) (G1 Evacuation Pause)
[2024-09-04T12:08:20.049+0000][9.878s][info ][gc,task       ] GC(22) Using 4 workers of 4 for evacuation
[2024-09-04T12:08:20.068+0000][9.897s][info ][gc,phases     ] GC(22)   Pre Evacuate Collection Set: 0.0ms
[2024-09-04T12:08:20.068+0000][9.897s][info ][gc,phases     ] GC(22)   Evacuate Collection Set: 16.2ms
[2024-09-04T12:08:20.068+0000][9.897s][info ][gc,phases     ] GC(22)   Post Evacuate Collection Set: 2.0ms
[2024-09-04T12:08:20.068+0000][9.897s][info ][gc,phases     ] GC(22)   Other: 0.2ms
[2024-09-04T12:08:20.068+0000][9.897s][info ][gc,heap       ] GC(22) Eden regions: 163->0(161)
[2024-09-04T12:08:20.068+0000][9.897s][info ][gc,heap       ] GC(22) Survivor regions: 9->11(22)
[2024-09-04T12:08:20.068+0000][9.897s][info ][gc,heap       ] GC(22) Old regions: 23->23
[2024-09-04T12:08:20.068+0000][9.897s][info ][gc,heap       ] GC(22) Humongous regions: 0->0
[2024-09-04T12:08:20.068+0000][9.897s][info ][gc,metaspace  ] GC(22) Metaspace: 40150K(41424K)->40150K(41424K) NonClass: 35233K(36052K)->35233K(36052K) Class: 4916K(5372K)->4916K(5372K)
[2024-09-04T12:08:20.068+0000][9.897s][info ][gc            ] GC(22) Pause Young (Normal) (G1 Evacuation Pause) 192M->31M(288M) 18.702ms
[2024-09-04T12:08:20.068+0000][9.897s][info ][gc,cpu        ] GC(22) User=0.07s Sys=0.01s Real=0.01s
[2024-09-04T12:08:20.068+0000][9.897s][info ][safepoint     ] Leaving safepoint region
[2024-09-04T12:08:20.068+0000][9.897s][info ][safepoint     ] Total time for which application threads were stopped: 0.0189617 seconds, Stopping threads took: 0.0000171 seconds
[2024-09-04T12:08:20.068+0000][9.897s][info ][gc,stringdedup] Concurrent String Deduplication (9.897s)
[2024-09-04T12:08:20.069+0000][9.898s][info ][gc,stringdedup] Concurrent String Deduplication 94432.0B->32736.0B(61696.0B) avg 41.5% (9.897s, 9.898s) 0.586ms
[2024-09-04T12:08:20.800+0000][10.629s][debug][safepoint     ] Safepoint synchronization initiated. (12 threads)
[2024-09-04T12:08:20.800+0000][10.629s][info ][safepoint     ] Application time: 0.7321330 seconds
[2024-09-04T12:08:20.800+0000][10.629s][info ][safepoint     ] Entering safepoint region: G1CollectForAllocation
[2024-09-04T12:08:20.801+0000][10.629s][info ][gc,start      ] GC(23) Pause Young (Normal) (G1 Evacuation Pause)
[2024-09-04T12:08:20.801+0000][10.629s][info ][gc,task       ] GC(23) Using 4 workers of 4 for evacuation
[2024-09-04T12:08:20.816+0000][10.645s][info ][gc,phases     ] GC(23)   Pre Evacuate Collection Set: 0.0ms
[2024-09-04T12:08:20.816+0000][10.645s][info ][gc,phases     ] GC(23)   Evacuate Collection Set: 12.5ms
[2024-09-04T12:08:20.816+0000][10.645s][info ][gc,phases     ] GC(23)   Post Evacuate Collection Set: 2.5ms
[2024-09-04T12:08:20.816+0000][10.645s][info ][gc,phases     ] GC(23)   Other: 0.2ms
[2024-09-04T12:08:20.816+0000][10.645s][info ][gc,heap       ] GC(23) Eden regions: 161->0(162)
[2024-09-04T12:08:20.816+0000][10.645s][info ][gc,heap       ] GC(23) Survivor regions: 11->10(22)
[2024-09-04T12:08:20.816+0000][10.645s][info ][gc,heap       ] GC(23) Old regions: 23->25
[2024-09-04T12:08:20.816+0000][10.645s][info ][gc,heap       ] GC(23) Humongous regions: 0->0
[2024-09-04T12:08:20.816+0000][10.645s][info ][gc,metaspace  ] GC(23) Metaspace: 42224K(43344K)->42224K(43344K) NonClass: 36984K(37588K)->36984K(37588K) Class: 5240K(5756K)->5240K(5756K)
[2024-09-04T12:08:20.816+0000][10.645s][info ][gc            ] GC(23) Pause Young (Normal) (G1 Evacuation Pause) 192M->33M(288M) 15.395ms
[2024-09-04T12:08:20.816+0000][10.645s][info ][gc,cpu        ] GC(23) User=0.06s Sys=0.01s Real=0.02s
[2024-09-04T12:08:20.816+0000][10.645s][info ][safepoint     ] Leaving safepoint region
[2024-09-04T12:08:20.816+0000][10.645s][info ][safepoint     ] Total time for which application threads were stopped: 0.0157018 seconds, Stopping threads took: 0.0000173 seconds
[2024-09-04T12:08:20.816+0000][10.645s][info ][gc,stringdedup] Concurrent String Deduplication (10.645s)
[2024-09-04T12:08:20.817+0000][10.646s][info ][gc,stringdedup] Concurrent String Deduplication 113.4K->37080.0B(79016.0B) avg 41.9% (10.645s, 10.646s) 0.728ms
[2024-09-04T12:08:20.854+0000][10.683s][debug][safepoint     ] Safepoint synchronization initiated. (12 threads)
[2024-09-04T12:08:20.854+0000][10.683s][info ][safepoint     ] Application time: 0.0379658 seconds
[2024-09-04T12:08:20.854+0000][10.683s][info ][safepoint     ] Entering safepoint region: Deoptimize
[2024-09-04T12:08:20.855+0000][10.684s][info ][safepoint     ] Leaving safepoint region
[2024-09-04T12:08:20.855+0000][10.684s][info ][safepoint     ] Total time for which application threads were stopped: 0.0010998 seconds, Stopping threads took: 0.0000173 seconds
[2024-09-04T12:08:20.871+0000][10.700s][debug][safepoint     ] Safepoint synchronization initiated. (12 threads)
[2024-09-04T12:08:20.871+0000][10.700s][info ][safepoint     ] Application time: 0.0156455 seconds
[2024-09-04T12:08:20.871+0000][10.700s][info ][safepoint     ] Entering safepoint region: Deoptimize
[2024-09-04T12:08:20.872+0000][10.700s][info ][safepoint     ] Leaving safepoint region
[2024-09-04T12:08:20.872+0000][10.700s][info ][safepoint     ] Total time for which application threads were stopped: 0.0008855 seconds, Stopping threads took: 0.0000149 seconds
[2024-09-04T12:08:20.901+0000][10.730s][debug][safepoint     ] Safepoint synchronization initiated. (12 threads)
[2024-09-04T12:08:20.901+0000][10.730s][info ][safepoint     ] Application time: 0.0295637 seconds
[2024-09-04T12:08:20.901+0000][10.730s][info ][safepoint     ] Entering safepoint region: Deoptimize
[2024-09-04T12:08:20.902+0000][10.731s][info ][safepoint     ] Leaving safepoint region
[2024-09-04T12:08:20.902+0000][10.731s][info ][safepoint     ] Total time for which application threads were stopped: 0.0006966 seconds, Stopping threads took: 0.0000146 seconds
[2024-09-04T12:08:21.262+0000][11.091s][debug][safepoint     ] Safepoint synchronization initiated. (12 threads)
[2024-09-04T12:08:21.262+0000][11.091s][info ][safepoint     ] Application time: 0.3601313 seconds
[2024-09-04T12:08:21.262+0000][11.091s][info ][safepoint     ] Entering safepoint region: Deoptimize
[2024-09-04T12:08:21.263+0000][11.092s][info ][safepoint     ] Leaving safepoint region
[2024-09-04T12:08:21.263+0000][11.092s][info ][safepoint     ] Total time for which application threads were stopped: 0.0010773 seconds, Stopping threads took: 0.0000171 seconds
[2024-09-04T12:08:21.265+0000][11.093s][debug][safepoint     ] Safepoint synchronization initiated. (12 threads)
[2024-09-04T12:08:21.265+0000][11.093s][info ][safepoint     ] Application time: 0.0013889 seconds
[2024-09-04T12:08:21.265+0000][11.093s][info ][safepoint     ] Entering safepoint region: Deoptimize
[2024-09-04T12:08:21.265+0000][11.094s][info ][safepoint     ] Leaving safepoint region
[2024-09-04T12:08:21.265+0000][11.094s][info ][safepoint     ] Total time for which application threads were stopped: 0.0003040 seconds, Stopping threads took: 0.0000139 seconds
[2024-09-04T12:08:21.369+0000][11.198s][debug][safepoint     ] Safepoint synchronization initiated. (12 threads)
[2024-09-04T12:08:21.369+0000][11.198s][info ][safepoint     ] Application time: 0.1040405 seconds
[2024-09-04T12:08:21.369+0000][11.198s][info ][safepoint     ] Entering safepoint region: Deoptimize
[2024-09-04T12:08:21.370+0000][11.199s][info ][safepoint     ] Leaving safepoint region
[2024-09-04T12:08:21.370+0000][11.199s][info ][safepoint     ] Total time for which application threads were stopped: 0.0009798 seconds, Stopping threads took: 0.0000166 seconds
[2024-09-04T12:08:21.736+0000][11.564s][debug][safepoint     ] Safepoint synchronization initiated. (12 threads)
[2024-09-04T12:08:21.736+0000][11.564s][info ][safepoint     ] Application time: 0.3655774 seconds
[2024-09-04T12:08:21.736+0000][11.564s][info ][safepoint     ] Entering safepoint region: Deoptimize
[2024-09-04T12:08:21.737+0000][11.565s][info ][safepoint     ] Leaving safepoint region
[2024-09-04T12:08:21.737+0000][11.565s][info ][safepoint     ] Total time for which application threads were stopped: 0.0010352 seconds, Stopping threads took: 0.0000171 seconds
[2024-09-04T12:08:21.737+0000][11.566s][debug][safepoint     ] Safepoint synchronization initiated. (12 threads)
[2024-09-04T12:08:21.738+0000][11.566s][info ][safepoint     ] Application time: 0.0008427 seconds
[2024-09-04T12:08:21.738+0000][11.566s][info ][safepoint     ] Entering safepoint region: Deoptimize
[2024-09-04T12:08:21.738+0000][11.567s][info ][safepoint     ] Leaving safepoint region
[2024-09-04T12:08:21.738+0000][11.567s][info ][safepoint     ] Total time for which application threads were stopped: 0.0003504 seconds, Stopping threads took: 0.0000155 seconds
[2024-09-04T12:08:21.897+0000][11.726s][debug][safepoint     ] Safepoint synchronization initiated. (12 threads)
[2024-09-04T12:08:21.898+0000][11.726s][info ][safepoint     ] Application time: 0.1596069 seconds
[2024-09-04T12:08:21.898+0000][11.726s][info ][safepoint     ] Entering safepoint region: G1CollectForAllocation
[2024-09-04T12:08:21.898+0000][11.726s][info ][gc,start      ] GC(24) Pause Young (Normal) (G1 Evacuation Pause)
[2024-09-04T12:08:21.898+0000][11.726s][info ][gc,task       ] GC(24) Using 4 workers of 4 for evacuation
[2024-09-04T12:08:21.918+0000][11.747s][info ][gc,phases     ] GC(24)   Pre Evacuate Collection Set: 0.0ms
[2024-09-04T12:08:21.918+0000][11.747s][info ][gc,phases     ] GC(24)   Evacuate Collection Set: 16.2ms
[2024-09-04T12:08:21.918+0000][11.747s][info ][gc,phases     ] GC(24)   Post Evacuate Collection Set: 3.7ms
[2024-09-04T12:08:21.918+0000][11.747s][info ][gc,phases     ] GC(24)   Other: 0.2ms
[2024-09-04T12:08:21.918+0000][11.747s][info ][gc,heap       ] GC(24) Eden regions: 162->0(159)
[2024-09-04T12:08:21.918+0000][11.747s][info ][gc,heap       ] GC(24) Survivor regions: 10->13(22)
[2024-09-04T12:08:21.918+0000][11.747s][info ][gc,heap       ] GC(24) Old regions: 25->26
[2024-09-04T12:08:21.918+0000][11.747s][info ][gc,heap       ] GC(24) Humongous regions: 0->0
[2024-09-04T12:08:21.918+0000][11.747s][info ][gc,metaspace  ] GC(24) Metaspace: 47853K(49104K)->47853K(49104K) NonClass: 41917K(42708K)->41917K(42708K) Class: 5935K(6396K)->5935K(6396K)
[2024-09-04T12:08:21.918+0000][11.747s][info ][gc            ] GC(24) Pause Young (Normal) (G1 Evacuation Pause) 195M->36M(288M) 20.386ms
[2024-09-04T12:08:21.918+0000][11.747s][info ][gc,cpu        ] GC(24) User=0.08s Sys=0.00s Real=0.02s
[2024-09-04T12:08:21.918+0000][11.747s][info ][safepoint     ] Leaving safepoint region
[2024-09-04T12:08:21.918+0000][11.747s][info ][safepoint     ] Total time for which application threads were stopped: 0.0206070 seconds, Stopping threads took: 0.0000171 seconds
[2024-09-04T12:08:21.918+0000][11.747s][info ][gc,stringdedup] Concurrent String Deduplication (11.747s)
[2024-09-04T12:08:21.922+0000][11.751s][info ][gc,stringdedup] Concurrent String Deduplication 290.2K->72704.0B(219.2K) avg 43.0% (11.747s, 11.751s) 3.685ms
[2024-09-04T12:08:21.982+0000][11.811s][debug][safepoint     ] Safepoint synchronization initiated. (12 threads)
[2024-09-04T12:08:21.982+0000][11.811s][info ][safepoint     ] Application time: 0.0637398 seconds
[2024-09-04T12:08:21.982+0000][11.811s][info ][safepoint     ] Entering safepoint region: Deoptimize
[2024-09-04T12:08:21.983+0000][11.812s][info ][safepoint     ] Leaving safepoint region
[2024-09-04T12:08:21.983+0000][11.812s][info ][safepoint     ] Total time for which application threads were stopped: 0.0009692 seconds, Stopping threads took: 0.0000174 seconds
[2024-09-04T12:08:22.157+0000][11.985s][debug][safepoint     ] Safepoint synchronization initiated. (12 threads)
[2024-09-04T12:08:22.157+0000][11.986s][info ][safepoint     ] Application time: 0.1739291 seconds
[2024-09-04T12:08:22.157+0000][11.986s][info ][safepoint     ] Entering safepoint region: Deoptimize
[2024-09-04T12:08:22.158+0000][11.987s][info ][safepoint     ] Leaving safepoint region
[2024-09-04T12:08:22.158+0000][11.987s][info ][safepoint     ] Total time for which application threads were stopped: 0.0013010 seconds, Stopping threads took: 0.0000174 seconds
[2024-09-04T12:08:22.526+0000][12.355s][debug][safepoint     ] Safepoint synchronization initiated. (12 threads)
[2024-09-04T12:08:22.526+0000][12.355s][info ][safepoint     ] Application time: 0.3681419 seconds
[2024-09-04T12:08:22.526+0000][12.355s][info ][safepoint     ] Entering safepoint region: Deoptimize
[2024-09-04T12:08:22.528+0000][12.356s][info ][safepoint     ] Leaving safepoint region
[2024-09-04T12:08:22.528+0000][12.356s][info ][safepoint     ] Total time for which application threads were stopped: 0.0012461 seconds, Stopping threads took: 0.0000337 seconds
[2024-09-04T12:08:23.528+0000][13.357s][debug][safepoint     ] Safepoint synchronization initiated. (15 threads)
[2024-09-04T12:08:23.528+0000][13.357s][info ][safepoint     ] Application time: 1.0003618 seconds
[2024-09-04T12:08:23.528+0000][13.357s][info ][safepoint     ] Entering safepoint region: Cleanup
[2024-09-04T12:08:23.528+0000][13.357s][info ][safepoint     ] Leaving safepoint region
[2024-09-04T12:08:23.528+0000][13.357s][info ][safepoint     ] Total time for which application threads were stopped: 0.0003765 seconds, Stopping threads took: 0.0000358 seconds
[2024-09-04T12:08:23.623+0000][13.452s][debug][safepoint     ] Safepoint synchronization initiated. (14 threads)
[2024-09-04T12:08:23.623+0000][13.452s][info ][safepoint     ] Application time: 0.0950491 seconds
[2024-09-04T12:08:23.623+0000][13.452s][info ][safepoint     ] Entering safepoint region: Deoptimize
[2024-09-04T12:08:23.625+0000][13.453s][info ][safepoint     ] Leaving safepoint region
[2024-09-04T12:08:23.625+0000][13.453s][info ][safepoint     ] Total time for which application threads were stopped: 0.0011726 seconds, Stopping threads took: 0.0000172 seconds
[2024-09-04T12:08:23.705+0000][13.534s][debug][safepoint     ] Safepoint synchronization initiated. (15 threads)
[2024-09-04T12:08:23.705+0000][13.534s][info ][safepoint     ] Application time: 0.0802740 seconds
[2024-09-04T12:08:23.705+0000][13.534s][info ][safepoint     ] Entering safepoint region: Deoptimize
[2024-09-04T12:08:23.706+0000][13.535s][info ][safepoint     ] Leaving safepoint region
[2024-09-04T12:08:23.706+0000][13.535s][info ][safepoint     ] Total time for which application threads were stopped: 0.0011577 seconds, Stopping threads took: 0.0000182 seconds
[2024-09-04T12:08:24.005+0000][13.834s][debug][safepoint     ] Safepoint synchronization initiated. (15 threads)
[2024-09-04T12:08:24.005+0000][13.834s][info ][safepoint     ] Application time: 0.2989652 seconds
[2024-09-04T12:08:24.005+0000][13.834s][info ][safepoint     ] Entering safepoint region: G1CollectForAllocation
[2024-09-04T12:08:24.005+0000][13.834s][info ][gc,start      ] GC(25) Pause Young (Normal) (G1 Evacuation Pause)
[2024-09-04T12:08:24.005+0000][13.834s][info ][gc,task       ] GC(25) Using 4 workers of 4 for evacuation
[2024-09-04T12:08:24.032+0000][13.861s][info ][gc,phases     ] GC(25)   Pre Evacuate Collection Set: 0.0ms
[2024-09-04T12:08:24.032+0000][13.861s][info ][gc,phases     ] GC(25)   Evacuate Collection Set: 22.8ms
[2024-09-04T12:08:24.032+0000][13.861s][info ][gc,phases     ] GC(25)   Post Evacuate Collection Set: 4.1ms
[2024-09-04T12:08:24.033+0000][13.861s][info ][gc,phases     ] GC(25)   Other: 0.2ms
[2024-09-04T12:08:24.033+0000][13.861s][info ][gc,heap       ] GC(25) Eden regions: 159->0(192)
[2024-09-04T12:08:24.033+0000][13.861s][info ][gc,heap       ] GC(25) Survivor regions: 13->15(22)
[2024-09-04T12:08:24.033+0000][13.861s][info ][gc,heap       ] GC(25) Old regions: 26->26
[2024-09-04T12:08:24.033+0000][13.861s][info ][gc,heap       ] GC(25) Humongous regions: 0->0
[2024-09-04T12:08:24.033+0000][13.861s][info ][gc,metaspace  ] GC(25) Metaspace: 53623K(54992K)->53623K(54992K) NonClass: 47009K(47828K)->47009K(47828K) Class: 6614K(7164K)->6614K(7164K)
[2024-09-04T12:08:24.033+0000][13.861s][info ][gc            ] GC(25) Pause Young (Normal) (G1 Evacuation Pause) 195M->39M(346M) 27.297ms
[2024-09-04T12:08:24.033+0000][13.861s][info ][gc,cpu        ] GC(25) User=0.09s Sys=0.01s Real=0.03s
[2024-09-04T12:08:24.033+0000][13.861s][info ][safepoint     ] Leaving safepoint region
[2024-09-04T12:08:24.033+0000][13.861s][info ][safepoint     ] Total time for which application threads were stopped: 0.0276729 seconds, Stopping threads took: 0.0000181 seconds
[2024-09-04T12:08:24.033+0000][13.862s][info ][gc,stringdedup] Concurrent String Deduplication (13.862s)
[2024-09-04T12:08:24.035+0000][13.863s][info ][gc,stringdedup] Concurrent String Deduplication 160.7K->76032.0B(88544.0B) avg 43.2% (13.862s, 13.863s) 1.778ms
[2024-09-04T12:08:24.825+0000][14.654s][debug][safepoint     ] Safepoint synchronization initiated. (15 threads)
[2024-09-04T12:08:24.825+0000][14.654s][info ][safepoint     ] Application time: 0.7922318 seconds
[2024-09-04T12:08:24.825+0000][14.654s][info ][safepoint     ] Entering safepoint region: G1CollectForAllocation
[2024-09-04T12:08:24.825+0000][14.654s][info ][gc,start      ] GC(26) Pause Young (Normal) (G1 Evacuation Pause)
[2024-09-04T12:08:24.826+0000][14.654s][info ][gc,task       ] GC(26) Using 4 workers of 4 for evacuation
[2024-09-04T12:08:24.843+0000][14.671s][info ][gc,phases     ] GC(26)   Pre Evacuate Collection Set: 0.0ms
[2024-09-04T12:08:24.843+0000][14.671s][info ][gc,phases     ] GC(26)   Evacuate Collection Set: 14.1ms
[2024-09-04T12:08:24.843+0000][14.671s][info ][gc,phases     ] GC(26)   Post Evacuate Collection Set: 2.6ms
[2024-09-04T12:08:24.843+0000][14.671s][info ][gc,phases     ] GC(26)   Other: 0.4ms
[2024-09-04T12:08:24.843+0000][14.671s][info ][gc,heap       ] GC(26) Eden regions: 192->0(193)
[2024-09-04T12:08:24.843+0000][14.671s][info ][gc,heap       ] GC(26) Survivor regions: 15->14(26)
[2024-09-04T12:08:24.843+0000][14.671s][info ][gc,heap       ] GC(26) Old regions: 26->28
[2024-09-04T12:08:24.843+0000][14.671s][info ][gc,heap       ] GC(26) Humongous regions: 0->0
[2024-09-04T12:08:24.843+0000][14.671s][info ][gc,metaspace  ] GC(26) Metaspace: 56690K(58320K)->56690K(58320K) NonClass: 49636K(50644K)->49636K(50644K) Class: 7054K(7676K)->7054K(7676K)
[2024-09-04T12:08:24.843+0000][14.671s][info ][gc            ] GC(26) Pause Young (Normal) (G1 Evacuation Pause) 231M->40M(346M) 17.229ms
[2024-09-04T12:08:24.843+0000][14.672s][info ][gc,cpu        ] GC(26) User=0.07s Sys=0.00s Real=0.02s
[2024-09-04T12:08:24.843+0000][14.672s][info ][safepoint     ] Leaving safepoint region
[2024-09-04T12:08:24.843+0000][14.672s][info ][safepoint     ] Total time for which application threads were stopped: 0.0177923 seconds, Stopping threads took: 0.0000464 seconds
[2024-09-04T12:08:24.843+0000][14.672s][info ][gc,stringdedup] Concurrent String Deduplication (14.672s)
[2024-09-04T12:08:24.845+0000][14.674s][info ][gc,stringdedup] Concurrent String Deduplication 179.3K->71328.0B(109.7K) avg 43.5% (14.672s, 14.674s) 1.740ms
[2024-09-04T12:08:25.282+0000][15.111s][debug][safepoint     ] Safepoint synchronization initiated. (14 threads)
[2024-09-04T12:08:25.283+0000][15.111s][info ][safepoint     ] Application time: 0.4397372 seconds
[2024-09-04T12:08:25.283+0000][15.111s][info ][safepoint     ] Entering safepoint region: CollectForMetadataAllocation
[2024-09-04T12:08:25.283+0000][15.112s][info ][gc,start      ] GC(27) Pause Young (Concurrent Start) (Metadata GC Threshold)
[2024-09-04T12:08:25.283+0000][15.112s][info ][gc,task       ] GC(27) Using 4 workers of 4 for evacuation
[2024-09-04T12:08:25.302+0000][15.130s][info ][gc,phases     ] GC(27)   Pre Evacuate Collection Set: 0.3ms
[2024-09-04T12:08:25.302+0000][15.130s][info ][gc,phases     ] GC(27)   Evacuate Collection Set: 15.7ms
[2024-09-04T12:08:25.302+0000][15.130s][info ][gc,phases     ] GC(27)   Post Evacuate Collection Set: 2.3ms
[2024-09-04T12:08:25.302+0000][15.130s][info ][gc,phases     ] GC(27)   Other: 0.4ms
[2024-09-04T12:08:25.302+0000][15.130s][info ][gc,heap       ] GC(27) Eden regions: 107->0(192)
[2024-09-04T12:08:25.302+0000][15.130s][info ][gc,heap       ] GC(27) Survivor regions: 14->15(26)
[2024-09-04T12:08:25.302+0000][15.130s][info ][gc,heap       ] GC(27) Old regions: 28->28
[2024-09-04T12:08:25.302+0000][15.130s][info ][gc,heap       ] GC(27) Humongous regions: 0->0
[2024-09-04T12:08:25.302+0000][15.130s][info ][gc,metaspace  ] GC(27) Metaspace: 59052K(60496K)->59052K(60496K) NonClass: 51555K(52436K)->51555K(52436K) Class: 7497K(8060K)->7497K(8060K)
[2024-09-04T12:08:25.302+0000][15.131s][info ][gc            ] GC(27) Pause Young (Concurrent Start) (Metadata GC Threshold) 146M->40M(346M) 18.862ms
[2024-09-04T12:08:25.302+0000][15.131s][info ][gc,cpu        ] GC(27) User=0.05s Sys=0.01s Real=0.02s
[2024-09-04T12:08:25.302+0000][15.131s][info ][gc            ] GC(28) Concurrent Cycle
[2024-09-04T12:08:25.302+0000][15.131s][info ][gc,marking    ] GC(28) Concurrent Clear Claimed Marks
[2024-09-04T12:08:25.302+0000][15.131s][info ][safepoint     ] Leaving safepoint region
[2024-09-04T12:08:25.302+0000][15.131s][info ][safepoint     ] Total time for which application threads were stopped: 0.0194422 seconds, Stopping threads took: 0.0000276 seconds
[2024-09-04T12:08:25.302+0000][15.131s][info ][gc,marking    ] GC(28) Concurrent Clear Claimed Marks 0.110ms
[2024-09-04T12:08:25.302+0000][15.131s][info ][gc,marking    ] GC(28) Concurrent Scan Root Regions
[2024-09-04T12:08:25.302+0000][15.131s][info ][gc,stringdedup] Concurrent String Deduplication (15.131s)
[2024-09-04T12:08:25.305+0000][15.133s][info ][gc,stringdedup] Concurrent String Deduplication 325.0K->151.9K(173.2K) avg 43.8% (15.131s, 15.133s) 2.425ms
[2024-09-04T12:08:25.315+0000][15.144s][info ][gc,marking    ] GC(28) Concurrent Scan Root Regions 12.924ms
[2024-09-04T12:08:25.315+0000][15.144s][info ][gc,marking    ] GC(28) Concurrent Mark (15.144s)
[2024-09-04T12:08:25.315+0000][15.144s][info ][gc,marking    ] GC(28) Concurrent Mark From Roots
[2024-09-04T12:08:25.315+0000][15.144s][info ][gc,task       ] GC(28) Using 1 workers of 1 for marking
[2024-09-04T12:08:25.329+0000][15.158s][debug][safepoint     ] Safepoint synchronization initiated. (14 threads)
[2024-09-04T12:08:25.329+0000][15.158s][info ][safepoint     ] Application time: 0.0267531 seconds
[2024-09-04T12:08:25.329+0000][15.158s][info ][safepoint     ] Entering safepoint region: CollectForMetadataAllocation
[2024-09-04T12:08:25.329+0000][15.158s][info ][safepoint     ] Leaving safepoint region
[2024-09-04T12:08:25.329+0000][15.158s][info ][safepoint     ] Total time for which application threads were stopped: 0.0002710 seconds, Stopping threads took: 0.0000184 seconds
[2024-09-04T12:08:25.362+0000][15.191s][info ][gc,marking    ] GC(28) Concurrent Mark From Roots 46.699ms
[2024-09-04T12:08:25.362+0000][15.191s][info ][gc,marking    ] GC(28) Concurrent Preclean
[2024-09-04T12:08:25.362+0000][15.191s][info ][gc,marking    ] GC(28) Concurrent Preclean 0.115ms
[2024-09-04T12:08:25.362+0000][15.191s][info ][gc,marking    ] GC(28) Concurrent Mark (15.144s, 15.191s) 46.894ms
[2024-09-04T12:08:25.362+0000][15.191s][debug][safepoint     ] Safepoint synchronization initiated. (14 threads)
[2024-09-04T12:08:25.362+0000][15.191s][info ][safepoint     ] Application time: 0.0329385 seconds
[2024-09-04T12:08:25.362+0000][15.191s][debug][safepoint     ] Waiting for 1 thread(s) to block
[2024-09-04T12:08:25.362+0000][15.191s][info ][safepoint     ] Entering safepoint region: CGC_Operation
[2024-09-04T12:08:25.363+0000][15.191s][info ][gc,start      ] GC(28) Pause Remark
[2024-09-04T12:08:25.377+0000][15.205s][info ][gc,stringtable] GC(28) Cleaned string and symbol table, strings: 23623 processed, 0 removed, symbols: 194312 processed, 198 removed
[2024-09-04T12:08:25.377+0000][15.206s][info ][gc            ] GC(28) Pause Remark 49M->49M(346M) 14.284ms
[2024-09-04T12:08:25.377+0000][15.206s][info ][gc,cpu        ] GC(28) User=0.05s Sys=0.00s Real=0.01s
[2024-09-04T12:08:25.377+0000][15.206s][info ][safepoint     ] Leaving safepoint region
[2024-09-04T12:08:25.377+0000][15.206s][info ][safepoint     ] Total time for which application threads were stopped: 0.0149412 seconds, Stopping threads took: 0.0004216 seconds
[2024-09-04T12:08:25.377+0000][15.206s][info ][gc,marking    ] GC(28) Concurrent Rebuild Remembered Sets
[2024-09-04T12:08:25.404+0000][15.233s][info ][gc,marking    ] GC(28) Concurrent Rebuild Remembered Sets 27.209ms
[2024-09-04T12:08:25.404+0000][15.233s][debug][safepoint     ] Safepoint synchronization initiated. (14 threads)
[2024-09-04T12:08:25.405+0000][15.233s][info ][safepoint     ] Application time: 0.0275714 seconds
[2024-09-04T12:08:25.405+0000][15.233s][info ][safepoint     ] Entering safepoint region: CGC_Operation
[2024-09-04T12:08:25.405+0000][15.234s][info ][gc,start      ] GC(28) Pause Cleanup
[2024-09-04T12:08:25.405+0000][15.234s][info ][gc            ] GC(28) Pause Cleanup 51M->51M(346M) 0.297ms
[2024-09-04T12:08:25.405+0000][15.234s][info ][gc,cpu        ] GC(28) User=0.00s Sys=0.00s Real=0.00s
[2024-09-04T12:08:25.405+0000][15.234s][info ][safepoint     ] Leaving safepoint region
[2024-09-04T12:08:25.405+0000][15.234s][info ][safepoint     ] Total time for which application threads were stopped: 0.0006619 seconds, Stopping threads took: 0.0000455 seconds
[2024-09-04T12:08:25.405+0000][15.234s][info ][gc,marking    ] GC(28) Concurrent Cleanup for Next Mark
[2024-09-04T12:08:25.408+0000][15.237s][info ][gc,marking    ] GC(28) Concurrent Cleanup for Next Mark 2.439ms
[2024-09-04T12:08:25.408+0000][15.237s][info ][gc            ] GC(28) Concurrent Cycle 105.972ms
[2024-09-04T12:08:26.118+0000][15.947s][debug][safepoint     ] Safepoint synchronization initiated. (18 threads)
[2024-09-04T12:08:26.119+0000][15.947s][info ][safepoint     ] Application time: 0.7132018 seconds
[2024-09-04T12:08:26.119+0000][15.947s][debug][safepoint     ] Waiting for 1 thread(s) to block
[2024-09-04T12:08:26.119+0000][15.947s][info ][safepoint     ] Entering safepoint region: ICBufferFull
[2024-09-04T12:08:26.121+0000][15.950s][info ][safepoint     ] Leaving safepoint region
[2024-09-04T12:08:26.121+0000][15.950s][info ][safepoint     ] Total time for which application threads were stopped: 0.0023750 seconds, Stopping threads took: 0.0001204 seconds
[2024-09-04T12:08:26.387+0000][16.215s][debug][safepoint     ] Safepoint synchronization initiated. (18 threads)
[2024-09-04T12:08:26.387+0000][16.215s][info ][safepoint     ] Application time: 0.2657919 seconds
[2024-09-04T12:08:26.387+0000][16.215s][info ][safepoint     ] Entering safepoint region: Deoptimize
[2024-09-04T12:08:26.388+0000][16.217s][info ][safepoint     ] Leaving safepoint region
[2024-09-04T12:08:26.388+0000][16.217s][info ][safepoint     ] Total time for which application threads were stopped: 0.0014769 seconds, Stopping threads took: 0.0000245 seconds
[2024-09-04T12:08:26.508+0000][16.337s][debug][safepoint     ] Safepoint synchronization initiated. (18 threads)
[2024-09-04T12:08:26.508+0000][16.337s][info ][safepoint     ] Application time: 0.1200563 seconds
[2024-09-04T12:08:26.508+0000][16.337s][info ][safepoint     ] Entering safepoint region: G1CollectForAllocation
[2024-09-04T12:08:26.509+0000][16.337s][info ][gc,start      ] GC(29) Pause Young (Concurrent Start) (G1 Evacuation Pause)
[2024-09-04T12:08:26.509+0000][16.337s][info ][gc,task       ] GC(29) Using 4 workers of 4 for evacuation
[2024-09-04T12:08:26.539+0000][16.368s][info ][gc,phases     ] GC(29)   Pre Evacuate Collection Set: 0.3ms
[2024-09-04T12:08:26.539+0000][16.368s][info ][gc,phases     ] GC(29)   Evacuate Collection Set: 26.8ms
[2024-09-04T12:08:26.539+0000][16.368s][info ][gc,phases     ] GC(29)   Post Evacuate Collection Set: 2.9ms
[2024-09-04T12:08:26.539+0000][16.368s][info ][gc,phases     ] GC(29)   Other: 0.5ms
[2024-09-04T12:08:26.539+0000][16.368s][info ][gc,heap       ] GC(29) Eden regions: 192->0(189)
[2024-09-04T12:08:26.539+0000][16.368s][info ][gc,heap       ] GC(29) Survivor regions: 15->18(26)
[2024-09-04T12:08:26.539+0000][16.368s][info ][gc,heap       ] GC(29) Old regions: 28->29
[2024-09-04T12:08:26.539+0000][16.368s][info ][gc,heap       ] GC(29) Humongous regions: 0->0
[2024-09-04T12:08:26.539+0000][16.368s][info ][gc,metaspace  ] GC(29) Metaspace: 65653K(67368K)->65653K(67368K) NonClass: 57289K(58324K)->57289K(58324K) Class: 8363K(9044K)->8363K(9044K)
[2024-09-04T12:08:26.539+0000][16.368s][info ][gc            ] GC(29) Pause Young (Concurrent Start) (G1 Evacuation Pause) 232M->44M(346M) 30.658ms
[2024-09-04T12:08:26.539+0000][16.368s][info ][gc,cpu        ] GC(29) User=0.07s Sys=0.00s Real=0.03s
[2024-09-04T12:08:26.539+0000][16.368s][info ][safepoint     ] Leaving safepoint region
[2024-09-04T12:08:26.539+0000][16.368s][info ][safepoint     ] Total time for which application threads were stopped: 0.0310015 seconds, Stopping threads took: 0.0000208 seconds
[2024-09-04T12:08:26.539+0000][16.368s][info ][gc            ] GC(30) Concurrent Cycle
[2024-09-04T12:08:26.539+0000][16.368s][info ][gc,marking    ] GC(30) Concurrent Clear Claimed Marks
[2024-09-04T12:08:26.539+0000][16.368s][info ][gc,stringdedup] Concurrent String Deduplication (16.368s)
[2024-09-04T12:08:26.539+0000][16.368s][info ][gc,marking    ] GC(30) Concurrent Clear Claimed Marks 0.154ms
[2024-09-04T12:08:26.540+0000][16.368s][info ][gc,marking    ] GC(30) Concurrent Scan Root Regions
[2024-09-04T12:08:26.540+0000][16.369s][info ][gc,stringdedup] Concurrent String Deduplication 109.2K->26816.0B(85008.0B) avg 44.2% (16.368s, 16.369s) 1.065ms
[2024-09-04T12:08:26.555+0000][16.384s][info ][gc,marking    ] GC(30) Concurrent Scan Root Regions 15.878ms
[2024-09-04T12:08:26.555+0000][16.384s][info ][gc,marking    ] GC(30) Concurrent Mark (16.384s)
[2024-09-04T12:08:26.556+0000][16.384s][info ][gc,marking    ] GC(30) Concurrent Mark From Roots
[2024-09-04T12:08:26.556+0000][16.384s][info ][gc,task       ] GC(30) Using 1 workers of 1 for marking
[2024-09-04T12:08:26.607+0000][16.436s][info ][gc,marking    ] GC(30) Concurrent Mark From Roots 51.840ms
[2024-09-04T12:08:26.607+0000][16.436s][info ][gc,marking    ] GC(30) Concurrent Preclean
[2024-09-04T12:08:26.608+0000][16.436s][info ][gc,marking    ] GC(30) Concurrent Preclean 0.128ms
[2024-09-04T12:08:26.608+0000][16.436s][info ][gc,marking    ] GC(30) Concurrent Mark (16.384s, 16.436s) 52.039ms
[2024-09-04T12:08:26.608+0000][16.436s][debug][safepoint     ] Safepoint synchronization initiated. (17 threads)
[2024-09-04T12:08:26.608+0000][16.436s][info ][safepoint     ] Application time: 0.0683867 seconds
[2024-09-04T12:08:26.608+0000][16.436s][debug][safepoint     ] Waiting for 2 thread(s) to block
[2024-09-04T12:08:26.608+0000][16.437s][info ][safepoint     ] Entering safepoint region: CGC_Operation
[2024-09-04T12:08:26.608+0000][16.437s][info ][gc,start      ] GC(30) Pause Remark
[2024-09-04T12:08:26.619+0000][16.448s][info ][gc,stringtable] GC(30) Cleaned string and symbol table, strings: 26689 processed, 1 removed, symbols: 211123 processed, 20 removed
[2024-09-04T12:08:26.619+0000][16.448s][info ][gc            ] GC(30) Pause Remark 60M->60M(346M) 11.497ms
[2024-09-04T12:08:26.620+0000][16.448s][info ][gc,cpu        ] GC(30) User=0.04s Sys=0.00s Real=0.01s
[2024-09-04T12:08:26.620+0000][16.448s][info ][safepoint     ] Leaving safepoint region
[2024-09-04T12:08:26.620+0000][16.448s][info ][safepoint     ] Total time for which application threads were stopped: 0.0118520 seconds, Stopping threads took: 0.0001556 seconds
[2024-09-04T12:08:26.620+0000][16.448s][info ][gc,marking    ] GC(30) Concurrent Rebuild Remembered Sets
[2024-09-04T12:08:26.647+0000][16.476s][info ][gc,marking    ] GC(30) Concurrent Rebuild Remembered Sets 27.759ms
[2024-09-04T12:08:26.647+0000][16.476s][debug][safepoint     ] Safepoint synchronization initiated. (18 threads)
[2024-09-04T12:08:26.648+0000][16.476s][info ][safepoint     ] Application time: 0.0279392 seconds
[2024-09-04T12:08:26.648+0000][16.477s][debug][safepoint     ] Waiting for 2 thread(s) to block
[2024-09-04T12:08:26.649+0000][16.477s][info ][safepoint     ] Entering safepoint region: CGC_Operation
[2024-09-04T12:08:26.649+0000][16.478s][info ][gc,start      ] GC(30) Pause Cleanup
[2024-09-04T12:08:26.649+0000][16.478s][info ][gc            ] GC(30) Pause Cleanup 63M->63M(346M) 0.196ms
[2024-09-04T12:08:26.649+0000][16.478s][info ][gc,cpu        ] GC(30) User=0.00s Sys=0.00s Real=0.00s
[2024-09-04T12:08:26.649+0000][16.478s][info ][safepoint     ] Leaving safepoint region
[2024-09-04T12:08:26.649+0000][16.478s][info ][safepoint     ] Total time for which application threads were stopped: 0.0015108 seconds, Stopping threads took: 0.0010863 seconds
[2024-09-04T12:08:26.649+0000][16.478s][info ][gc,marking    ] GC(30) Concurrent Cleanup for Next Mark
[2024-09-04T12:08:26.650+0000][16.479s][info ][gc,marking    ] GC(30) Concurrent Cleanup for Next Mark 1.403ms
[2024-09-04T12:08:26.651+0000][16.479s][info ][gc            ] GC(30) Concurrent Cycle 111.218ms
[2024-09-04T12:08:26.904+0000][16.733s][debug][safepoint     ] Safepoint synchronization initiated. (18 threads)
[2024-09-04T12:08:26.904+0000][16.733s][info ][safepoint     ] Application time: 0.2548430 seconds
[2024-09-04T12:08:26.904+0000][16.733s][debug][safepoint     ] Waiting for 1 thread(s) to block
[2024-09-04T12:08:26.904+0000][16.733s][info ][safepoint     ] Entering safepoint region: ICBufferFull
[2024-09-04T12:08:26.904+0000][16.733s][info ][safepoint     ] Leaving safepoint region
[2024-09-04T12:08:26.904+0000][16.733s][info ][safepoint     ] Total time for which application threads were stopped: 0.0003321 seconds, Stopping threads took: 0.0000637 seconds
[2024-09-04T12:08:27.504+0000][17.333s][debug][safepoint     ] Safepoint synchronization initiated. (18 threads)
[2024-09-04T12:08:27.504+0000][17.333s][info ][safepoint     ] Application time: 0.5997057 seconds
[2024-09-04T12:08:27.504+0000][17.333s][info ][safepoint     ] Entering safepoint region: G1CollectForAllocation
[2024-09-04T12:08:27.505+0000][17.333s][info ][gc,start      ] GC(31) Pause Young (Normal) (G1 Evacuation Pause)
[2024-09-04T12:08:27.505+0000][17.333s][info ][gc,task       ] GC(31) Using 4 workers of 4 for evacuation
[2024-09-04T12:08:27.525+0000][17.354s][info ][gc,phases     ] GC(31)   Pre Evacuate Collection Set: 0.0ms
[2024-09-04T12:08:27.525+0000][17.354s][info ][gc,phases     ] GC(31)   Evacuate Collection Set: 17.4ms
[2024-09-04T12:08:27.525+0000][17.354s][info ][gc,phases     ] GC(31)   Post Evacuate Collection Set: 2.6ms
[2024-09-04T12:08:27.525+0000][17.354s][info ][gc,phases     ] GC(31)   Other: 0.4ms
[2024-09-04T12:08:27.525+0000][17.354s][info ][gc,heap       ] GC(31) Eden regions: 189->0(192)
[2024-09-04T12:08:27.525+0000][17.354s][info ][gc,heap       ] GC(31) Survivor regions: 18->15(26)
[2024-09-04T12:08:27.525+0000][17.354s][info ][gc,heap       ] GC(31) Old regions: 29->33
[2024-09-04T12:08:27.525+0000][17.354s][info ][gc,heap       ] GC(31) Humongous regions: 0->0
[2024-09-04T12:08:27.525+0000][17.354s][info ][gc,metaspace  ] GC(31) Metaspace: 69200K(70952K)->69200K(70952K) NonClass: 60313K(61396K)->60313K(61396K) Class: 8886K(9556K)->8886K(9556K)
[2024-09-04T12:08:27.525+0000][17.354s][info ][gc            ] GC(31) Pause Young (Normal) (G1 Evacuation Pause) 233M->46M(346M) 20.536ms
[2024-09-04T12:08:27.525+0000][17.354s][info ][gc,cpu        ] GC(31) User=0.07s Sys=0.00s Real=0.02s
[2024-09-04T12:08:27.525+0000][17.354s][info ][safepoint     ] Leaving safepoint region
[2024-09-04T12:08:27.525+0000][17.354s][info ][safepoint     ] Total time for which application threads were stopped: 0.0211376 seconds, Stopping threads took: 0.0000372 seconds
[2024-09-04T12:08:27.525+0000][17.354s][info ][gc,stringdedup] Concurrent String Deduplication (17.354s)
[2024-09-04T12:08:27.526+0000][17.355s][info ][gc,stringdedup] Concurrent String Deduplication 54904.0B->13992.0B(40912.0B) avg 44.4% (17.354s, 17.355s) 0.455ms
[2024-09-04T12:08:27.765+0000][17.594s][debug][safepoint     ] Safepoint synchronization initiated. (18 threads)
[2024-09-04T12:08:27.765+0000][17.594s][info ][safepoint     ] Application time: 0.2397452 seconds
[2024-09-04T12:08:27.765+0000][17.594s][info ][safepoint     ] Entering safepoint region: ICBufferFull
[2024-09-04T12:08:27.765+0000][17.594s][info ][safepoint     ] Leaving safepoint region
[2024-09-04T12:08:27.765+0000][17.594s][info ][safepoint     ] Total time for which application threads were stopped: 0.0003137 seconds, Stopping threads took: 0.0000192 seconds
[2024-09-04T12:08:27.848+0000][17.676s][debug][safepoint     ] Safepoint synchronization initiated. (18 threads)
[2024-09-04T12:08:27.848+0000][17.676s][info ][safepoint     ] Application time: 0.0823909 seconds
[2024-09-04T12:08:27.848+0000][17.676s][debug][safepoint     ] Waiting for 1 thread(s) to block
[2024-09-04T12:08:27.848+0000][17.676s][info ][safepoint     ] Entering safepoint region: ICBufferFull
[2024-09-04T12:08:27.848+0000][17.677s][info ][safepoint     ] Leaving safepoint region
[2024-09-04T12:08:27.848+0000][17.677s][info ][safepoint     ] Total time for which application threads were stopped: 0.0003265 seconds, Stopping threads took: 0.0001472 seconds
[2024-09-04T12:08:27.914+0000][17.742s][debug][safepoint     ] Safepoint synchronization initiated. (18 threads)
[2024-09-04T12:08:27.914+0000][17.742s][info ][safepoint     ] Application time: 0.0655899 seconds
[2024-09-04T12:08:27.914+0000][17.742s][info ][safepoint     ] Entering safepoint region: ICBufferFull
[2024-09-04T12:08:27.914+0000][17.743s][info ][safepoint     ] Leaving safepoint region
[2024-09-04T12:08:27.914+0000][17.743s][info ][safepoint     ] Total time for which application threads were stopped: 0.0002185 seconds, Stopping threads took: 0.0000165 seconds
[2024-09-04T12:08:28.043+0000][17.872s][debug][safepoint     ] Safepoint synchronization initiated. (18 threads)
[2024-09-04T12:08:28.043+0000][17.872s][info ][safepoint     ] Application time: 0.1290942 seconds
[2024-09-04T12:08:28.043+0000][17.872s][debug][safepoint     ] Waiting for 1 thread(s) to block
[2024-09-04T12:08:28.043+0000][17.872s][info ][safepoint     ] Entering safepoint region: ICBufferFull
[2024-09-04T12:08:28.043+0000][17.872s][info ][safepoint     ] Leaving safepoint region
[2024-09-04T12:08:28.043+0000][17.872s][info ][safepoint     ] Total time for which application threads were stopped: 0.0002438 seconds, Stopping threads took: 0.0000445 seconds
[2024-09-04T12:08:28.185+0000][18.014s][debug][safepoint     ] Safepoint synchronization initiated. (18 threads)
[2024-09-04T12:08:28.185+0000][18.014s][info ][safepoint     ] Application time: 0.1419872 seconds
[2024-09-04T12:08:28.185+0000][18.014s][debug][safepoint     ] Waiting for 2 thread(s) to block
[2024-09-04T12:08:28.185+0000][18.014s][info ][safepoint     ] Entering safepoint region: ICBufferFull
[2024-09-04T12:08:28.185+0000][18.014s][info ][safepoint     ] Leaving safepoint region
[2024-09-04T12:08:28.185+0000][18.014s][info ][safepoint     ] Total time for which application threads were stopped: 0.0003078 seconds, Stopping threads took: 0.0000661 seconds
[2024-09-04T12:08:28.523+0000][18.352s][debug][safepoint     ] Safepoint synchronization initiated. (18 threads)
[2024-09-04T12:08:28.523+0000][18.352s][info ][safepoint     ] Application time: 0.3380235 seconds
[2024-09-04T12:08:28.524+0000][18.352s][info ][safepoint     ] Entering safepoint region: G1CollectForAllocation
[2024-09-04T12:08:28.524+0000][18.353s][info ][gc,start      ] GC(32) Pause Young (Normal) (G1 Evacuation Pause)
[2024-09-04T12:08:28.524+0000][18.353s][info ][gc,task       ] GC(32) Using 4 workers of 4 for evacuation
[2024-09-04T12:08:28.542+0000][18.371s][info ][gc,phases     ] GC(32)   Pre Evacuate Collection Set: 0.0ms
[2024-09-04T12:08:28.542+0000][18.371s][info ][gc,phases     ] GC(32)   Evacuate Collection Set: 15.0ms
[2024-09-04T12:08:28.542+0000][18.371s][info ][gc,phases     ] GC(32)   Post Evacuate Collection Set: 3.1ms
[2024-09-04T12:08:28.542+0000][18.371s][info ][gc,phases     ] GC(32)   Other: 0.2ms
[2024-09-04T12:08:28.542+0000][18.371s][info ][gc,heap       ] GC(32) Eden regions: 192->0(194)
[2024-09-04T12:08:28.542+0000][18.371s][info ][gc,heap       ] GC(32) Survivor regions: 15->13(26)
[2024-09-04T12:08:28.542+0000][18.371s][info ][gc,heap       ] GC(32) Old regions: 33->37
[2024-09-04T12:08:28.542+0000][18.371s][info ][gc,heap       ] GC(32) Humongous regions: 0->0
[2024-09-04T12:08:28.542+0000][18.371s][info ][gc,metaspace  ] GC(32) Metaspace: 72053K(73768K)->72053K(73768K) NonClass: 62842K(63956K)->62842K(63956K) Class: 9211K(9812K)->9211K(9812K)
[2024-09-04T12:08:28.542+0000][18.371s][info ][gc            ] GC(32) Pause Young (Normal) (G1 Evacuation Pause) 238M->47M(346M) 18.558ms
[2024-09-04T12:08:28.542+0000][18.371s][info ][gc,cpu        ] GC(32) User=0.06s Sys=0.01s Real=0.02s
[2024-09-04T12:08:28.542+0000][18.371s][info ][safepoint     ] Leaving safepoint region
[2024-09-04T12:08:28.543+0000][18.371s][info ][safepoint     ] Total time for which application threads were stopped: 0.0190240 seconds, Stopping threads took: 0.0000185 seconds
[2024-09-04T12:08:28.543+0000][18.371s][info ][gc,stringdedup] Concurrent String Deduplication (18.371s)
[2024-09-04T12:08:28.545+0000][18.374s][info ][gc,stringdedup] Concurrent String Deduplication 246.9K->65056.0B(183.4K) avg 45.1% (18.371s, 18.374s) 2.168ms
[2024-09-04T12:08:28.785+0000][18.613s][debug][safepoint     ] Safepoint synchronization initiated. (18 threads)
[2024-09-04T12:08:28.785+0000][18.613s][info ][safepoint     ] Application time: 0.2420525 seconds
[2024-09-04T12:08:28.785+0000][18.613s][info ][safepoint     ] Entering safepoint region: Deoptimize
[2024-09-04T12:08:28.786+0000][18.615s][info ][safepoint     ] Leaving safepoint region
[2024-09-04T12:08:28.786+0000][18.615s][info ][safepoint     ] Total time for which application threads were stopped: 0.0015545 seconds, Stopping threads took: 0.0000185 seconds
[2024-09-04T12:08:28.787+0000][18.616s][debug][safepoint     ] Safepoint synchronization initiated. (18 threads)
[2024-09-04T12:08:28.787+0000][18.616s][info ][safepoint     ] Application time: 0.0009218 seconds
[2024-09-04T12:08:28.787+0000][18.616s][info ][safepoint     ] Entering safepoint region: Deoptimize
[2024-09-04T12:08:28.787+0000][18.616s][info ][safepoint     ] Leaving safepoint region
[2024-09-04T12:08:28.787+0000][18.616s][info ][safepoint     ] Total time for which application threads were stopped: 0.0003467 seconds, Stopping threads took: 0.0000133 seconds
[2024-09-04T12:08:29.124+0000][18.953s][debug][safepoint     ] Safepoint synchronization initiated. (18 threads)
[2024-09-04T12:08:29.125+0000][18.953s][info ][safepoint     ] Application time: 0.3370483 seconds
[2024-09-04T12:08:29.125+0000][18.953s][info ][safepoint     ] Entering safepoint region: Deoptimize
[2024-09-04T12:08:29.126+0000][18.955s][info ][safepoint     ] Leaving safepoint region
[2024-09-04T12:08:29.126+0000][18.955s][info ][safepoint     ] Total time for which application threads were stopped: 0.0015386 seconds, Stopping threads took: 0.0000186 seconds
[2024-09-04T12:08:29.341+0000][19.170s][debug][safepoint     ] Safepoint synchronization initiated. (18 threads)
[2024-09-04T12:08:29.342+0000][19.170s][info ][safepoint     ] Application time: 0.2154184 seconds
[2024-09-04T12:08:29.342+0000][19.170s][info ][safepoint     ] Entering safepoint region: Deoptimize
[2024-09-04T12:08:29.346+0000][19.175s][info ][safepoint     ] Leaving safepoint region
[2024-09-04T12:08:29.346+0000][19.175s][info ][safepoint     ] Total time for which application threads were stopped: 0.0047028 seconds, Stopping threads took: 0.0000181 seconds
[2024-09-04T12:08:29.495+0000][19.324s][debug][safepoint     ] Safepoint synchronization initiated. (18 threads)
[2024-09-04T12:08:29.495+0000][19.324s][info ][safepoint     ] Application time: 0.1488766 seconds
[2024-09-04T12:08:29.495+0000][19.324s][debug][safepoint     ] Waiting for 1 thread(s) to block
[2024-09-04T12:08:29.495+0000][19.324s][info ][safepoint     ] Entering safepoint region: Deoptimize
[2024-09-04T12:08:29.497+0000][19.326s][info ][safepoint     ] Leaving safepoint region
[2024-09-04T12:08:29.497+0000][19.326s][info ][safepoint     ] Total time for which application threads were stopped: 0.0016649 seconds, Stopping threads took: 0.0000509 seconds
[2024-09-04T12:08:29.698+0000][19.527s][debug][safepoint     ] Safepoint synchronization initiated. (18 threads)
[2024-09-04T12:08:29.698+0000][19.527s][info ][safepoint     ] Application time: 0.2014176 seconds
[2024-09-04T12:08:29.698+0000][19.527s][debug][safepoint     ] Waiting for 1 thread(s) to block
[2024-09-04T12:08:29.698+0000][19.527s][info ][safepoint     ] Entering safepoint region: G1CollectForAllocation
[2024-09-04T12:08:29.699+0000][19.527s][info ][gc,start      ] GC(33) Pause Young (Normal) (G1 Evacuation Pause)
[2024-09-04T12:08:29.699+0000][19.527s][info ][gc,task       ] GC(33) Using 4 workers of 4 for evacuation
[2024-09-04T12:08:29.714+0000][19.543s][info ][gc,phases     ] GC(33)   Pre Evacuate Collection Set: 0.0ms
[2024-09-04T12:08:29.714+0000][19.543s][info ][gc,phases     ] GC(33)   Evacuate Collection Set: 12.2ms
[2024-09-04T12:08:29.714+0000][19.543s][info ][gc,phases     ] GC(33)   Post Evacuate Collection Set: 2.8ms
[2024-09-04T12:08:29.714+0000][19.543s][info ][gc,phases     ] GC(33)   Other: 0.2ms
[2024-09-04T12:08:29.714+0000][19.543s][info ][gc,heap       ] GC(33) Eden regions: 194->0(193)
[2024-09-04T12:08:29.714+0000][19.543s][info ][gc,heap       ] GC(33) Survivor regions: 13->14(26)
[2024-09-04T12:08:29.714+0000][19.543s][info ][gc,heap       ] GC(33) Old regions: 37->37
[2024-09-04T12:08:29.714+0000][19.543s][info ][gc,heap       ] GC(33) Humongous regions: 0->0
[2024-09-04T12:08:29.714+0000][19.543s][info ][gc,metaspace  ] GC(33) Metaspace: 77944K(80040K)->77944K(80040K) NonClass: 67997K(69332K)->67997K(69332K) Class: 9947K(10708K)->9947K(10708K)
[2024-09-04T12:08:29.714+0000][19.543s][info ][gc            ] GC(33) Pause Young (Normal) (G1 Evacuation Pause) 241M->49M(346M) 15.411ms
[2024-09-04T12:08:29.714+0000][19.543s][info ][gc,cpu        ] GC(33) User=0.06s Sys=0.00s Real=0.02s
[2024-09-04T12:08:29.714+0000][19.543s][info ][safepoint     ] Leaving safepoint region
[2024-09-04T12:08:29.714+0000][19.543s][info ][safepoint     ] Total time for which application threads were stopped: 0.0157539 seconds, Stopping threads took: 0.0000573 seconds
[2024-09-04T12:08:29.714+0000][19.543s][info ][gc,stringdedup] Concurrent String Deduplication (19.543s)
[2024-09-04T12:08:29.715+0000][19.544s][info ][gc,stringdedup] Concurrent String Deduplication 183.2K->46352.0B(138.0K) avg 45.6% (19.543s, 19.544s) 1.212ms
[2024-09-04T12:08:30.292+0000][20.121s][debug][safepoint     ] Safepoint synchronization initiated. (18 threads)
[2024-09-04T12:08:30.292+0000][20.121s][info ][safepoint     ] Application time: 0.5780357 seconds
[2024-09-04T12:08:30.292+0000][20.121s][info ][safepoint     ] Entering safepoint region: ICBufferFull
[2024-09-04T12:08:30.293+0000][20.121s][info ][safepoint     ] Leaving safepoint region
[2024-09-04T12:08:30.293+0000][20.121s][info ][safepoint     ] Total time for which application threads were stopped: 0.0005108 seconds, Stopping threads took: 0.0000173 seconds
[2024-09-04T12:08:30.670+0000][20.499s][debug][safepoint     ] Safepoint synchronization initiated. (18 threads)
[2024-09-04T12:08:30.671+0000][20.499s][info ][safepoint     ] Application time: 0.3779204 seconds
[2024-09-04T12:08:30.671+0000][20.499s][debug][safepoint     ] Waiting for 1 thread(s) to block
[2024-09-04T12:08:30.671+0000][20.499s][info ][safepoint     ] Entering safepoint region: ICBufferFull
[2024-09-04T12:08:30.671+0000][20.500s][info ][safepoint     ] Leaving safepoint region
[2024-09-04T12:08:30.671+0000][20.500s][info ][safepoint     ] Total time for which application threads were stopped: 0.0003578 seconds, Stopping threads took: 0.0000798 seconds
[2024-09-04T12:08:30.843+0000][20.672s][debug][safepoint     ] Safepoint synchronization initiated. (17 threads)
[2024-09-04T12:08:30.843+0000][20.672s][info ][safepoint     ] Application time: 0.1725906 seconds
[2024-09-04T12:08:30.843+0000][20.672s][info ][safepoint     ] Entering safepoint region: G1CollectForAllocation
[2024-09-04T12:08:30.844+0000][20.672s][info ][gc,start      ] GC(34) Pause Young (Normal) (G1 Evacuation Pause)
[2024-09-04T12:08:30.844+0000][20.672s][info ][gc,task       ] GC(34) Using 4 workers of 4 for evacuation
[2024-09-04T12:08:30.862+0000][20.691s][info ][gc,phases     ] GC(34)   Pre Evacuate Collection Set: 0.0ms
[2024-09-04T12:08:30.862+0000][20.691s][info ][gc,phases     ] GC(34)   Evacuate Collection Set: 15.7ms
[2024-09-04T12:08:30.862+0000][20.691s][info ][gc,phases     ] GC(34)   Post Evacuate Collection Set: 2.6ms
[2024-09-04T12:08:30.862+0000][20.691s][info ][gc,phases     ] GC(34)   Other: 0.2ms
[2024-09-04T12:08:30.862+0000][20.691s][info ][gc,heap       ] GC(34) Eden regions: 193->0(189)
[2024-09-04T12:08:30.862+0000][20.691s][info ][gc,heap       ] GC(34) Survivor regions: 14->18(26)
[2024-09-04T12:08:30.862+0000][20.691s][info ][gc,heap       ] GC(34) Old regions: 37->37
[2024-09-04T12:08:30.862+0000][20.691s][info ][gc,heap       ] GC(34) Humongous regions: 0->0
[2024-09-04T12:08:30.862+0000][20.691s][info ][gc,metaspace  ] GC(34) Metaspace: 79894K(81960K)->79894K(81960K) NonClass: 69848K(71124K)->69848K(71124K) Class: 10045K(10836K)->10045K(10836K)
[2024-09-04T12:08:30.862+0000][20.691s][info ][gc            ] GC(34) Pause Young (Normal) (G1 Evacuation Pause) 242M->53M(346M) 18.641ms
[2024-09-04T12:08:30.862+0000][20.691s][info ][gc,cpu        ] GC(34) User=0.07s Sys=0.00s Real=0.02s
[2024-09-04T12:08:30.862+0000][20.691s][info ][safepoint     ] Leaving safepoint region
[2024-09-04T12:08:30.862+0000][20.691s][info ][safepoint     ] Total time for which application threads were stopped: 0.0188835 seconds, Stopping threads took: 0.0000167 seconds
[2024-09-04T12:08:30.862+0000][20.691s][info ][gc,stringdedup] Concurrent String Deduplication (20.691s)
[2024-09-04T12:08:30.864+0000][20.693s][info ][gc,stringdedup] Concurrent String Deduplication 225.4K->166.1K(60744.0B) avg 45.2% (20.691s, 20.693s) 1.437ms
[2024-09-04T12:08:31.349+0000][21.177s][debug][safepoint     ] Safepoint synchronization initiated. (17 threads)
[2024-09-04T12:08:31.349+0000][21.177s][info ][safepoint     ] Application time: 0.4862102 seconds
[2024-09-04T12:08:31.349+0000][21.177s][info ][safepoint     ] Entering safepoint region: ICBufferFull
[2024-09-04T12:08:31.349+0000][21.178s][info ][safepoint     ] Leaving safepoint region
[2024-09-04T12:08:31.349+0000][21.178s][info ][safepoint     ] Total time for which application threads were stopped: 0.0002623 seconds, Stopping threads took: 0.0000171 seconds
[2024-09-04T12:08:31.556+0000][21.385s][debug][safepoint     ] Safepoint synchronization initiated. (17 threads)
[2024-09-04T12:08:31.556+0000][21.385s][info ][safepoint     ] Application time: 0.2074938 seconds
[2024-09-04T12:08:31.556+0000][21.385s][info ][safepoint     ] Entering safepoint region: ICBufferFull
[2024-09-04T12:08:31.557+0000][21.385s][info ][safepoint     ] Leaving safepoint region
[2024-09-04T12:08:31.557+0000][21.385s][info ][safepoint     ] Total time for which application threads were stopped: 0.0002398 seconds, Stopping threads took: 0.0000151 seconds
[2024-09-04T12:08:31.720+0000][21.548s][debug][safepoint     ] Safepoint synchronization initiated. (17 threads)
[2024-09-04T12:08:31.720+0000][21.548s][info ][safepoint     ] Application time: 0.1630060 seconds
[2024-09-04T12:08:31.720+0000][21.548s][info ][safepoint     ] Entering safepoint region: ICBufferFull
[2024-09-04T12:08:31.720+0000][21.549s][info ][safepoint     ] Leaving safepoint region
[2024-09-04T12:08:31.720+0000][21.549s][info ][safepoint     ] Total time for which application threads were stopped: 0.0002549 seconds, Stopping threads took: 0.0000192 seconds
[2024-09-04T12:08:31.800+0000][21.629s][debug][safepoint     ] Safepoint synchronization initiated. (17 threads)
[2024-09-04T12:08:31.800+0000][21.629s][info ][safepoint     ] Application time: 0.0801297 seconds
[2024-09-04T12:08:31.800+0000][21.629s][info ][safepoint     ] Entering safepoint region: G1CollectForAllocation
[2024-09-04T12:08:31.800+0000][21.629s][info ][gc,start      ] GC(35) Pause Young (Normal) (G1 Evacuation Pause)
[2024-09-04T12:08:31.800+0000][21.629s][info ][gc,task       ] GC(35) Using 4 workers of 4 for evacuation
[2024-09-04T12:08:31.825+0000][21.654s][info ][gc,phases     ] GC(35)   Pre Evacuate Collection Set: 0.0ms
[2024-09-04T12:08:31.825+0000][21.654s][info ][gc,phases     ] GC(35)   Evacuate Collection Set: 21.9ms
[2024-09-04T12:08:31.825+0000][21.654s][info ][gc,phases     ] GC(35)   Post Evacuate Collection Set: 2.8ms
[2024-09-04T12:08:31.825+0000][21.654s][info ][gc,phases     ] GC(35)   Other: 0.1ms
[2024-09-04T12:08:31.825+0000][21.654s][info ][gc,heap       ] GC(35) Eden regions: 189->0(191)
[2024-09-04T12:08:31.825+0000][21.654s][info ][gc,heap       ] GC(35) Survivor regions: 18->16(26)
[2024-09-04T12:08:31.825+0000][21.654s][info ][gc,heap       ] GC(35) Old regions: 37->44
[2024-09-04T12:08:31.825+0000][21.654s][info ][gc,heap       ] GC(35) Humongous regions: 0->0
[2024-09-04T12:08:31.825+0000][21.654s][info ][gc,metaspace  ] GC(35) Metaspace: 81212K(83240K)->81212K(83240K) NonClass: 71100K(72404K)->71100K(72404K) Class: 10112K(10836K)->10112K(10836K)
[2024-09-04T12:08:31.825+0000][21.654s][info ][gc            ] GC(35) Pause Young (Normal) (G1 Evacuation Pause) 242M->58M(346M) 25.113ms
[2024-09-04T12:08:31.825+0000][21.654s][info ][gc,cpu        ] GC(35) User=0.10s Sys=0.00s Real=0.03s
[2024-09-04T12:08:31.825+0000][21.654s][info ][safepoint     ] Leaving safepoint region
[2024-09-04T12:08:31.825+0000][21.654s][info ][safepoint     ] Total time for which application threads were stopped: 0.0253081 seconds, Stopping threads took: 0.0000171 seconds
[2024-09-04T12:08:31.825+0000][21.654s][info ][gc,stringdedup] Concurrent String Deduplication (21.654s)
[2024-09-04T12:08:31.827+0000][21.656s][info ][gc,stringdedup] Concurrent String Deduplication 202.3K->69704.0B(134.2K) avg 45.6% (21.654s, 21.656s) 1.420ms
[2024-09-04T12:08:32.171+0000][22.000s][debug][safepoint     ] Safepoint synchronization initiated. (17 threads)
[2024-09-04T12:08:32.171+0000][22.000s][info ][safepoint     ] Application time: 0.3457202 seconds
[2024-09-04T12:08:32.171+0000][22.000s][info ][safepoint     ] Entering safepoint region: ICBufferFull
[2024-09-04T12:08:32.171+0000][22.000s][info ][safepoint     ] Leaving safepoint region
[2024-09-04T12:08:32.171+0000][22.000s][info ][safepoint     ] Total time for which application threads were stopped: 0.0002202 seconds, Stopping threads took: 0.0000170 seconds
[2024-09-04T12:08:32.392+0000][22.221s][debug][safepoint     ] Safepoint synchronization initiated. (17 threads)
[2024-09-04T12:08:32.393+0000][22.221s][info ][safepoint     ] Application time: 0.2212209 seconds
[2024-09-04T12:08:32.393+0000][22.221s][info ][safepoint     ] Entering safepoint region: Deoptimize
[2024-09-04T12:08:32.395+0000][22.223s][info ][safepoint     ] Leaving safepoint region
[2024-09-04T12:08:32.395+0000][22.223s][info ][safepoint     ] Total time for which application threads were stopped: 0.0020386 seconds, Stopping threads took: 0.0000402 seconds
[2024-09-04T12:08:32.668+0000][22.496s][debug][safepoint     ] Safepoint synchronization initiated. (17 threads)
[2024-09-04T12:08:32.668+0000][22.497s][info ][safepoint     ] Application time: 0.2731546 seconds
[2024-09-04T12:08:32.668+0000][22.497s][info ][safepoint     ] Entering safepoint region: G1CollectForAllocation
[2024-09-04T12:08:32.668+0000][22.497s][info ][gc,start      ] GC(36) Pause Young (Normal) (G1 Evacuation Pause)
[2024-09-04T12:08:32.668+0000][22.497s][info ][gc,task       ] GC(36) Using 4 workers of 4 for evacuation
[2024-09-04T12:08:32.687+0000][22.516s][info ][gc,phases     ] GC(36)   Pre Evacuate Collection Set: 0.0ms
[2024-09-04T12:08:32.687+0000][22.516s][info ][gc,phases     ] GC(36)   Evacuate Collection Set: 16.0ms
[2024-09-04T12:08:32.687+0000][22.516s][info ][gc,phases     ] GC(36)   Post Evacuate Collection Set: 2.7ms
[2024-09-04T12:08:32.687+0000][22.516s][info ][gc,phases     ] GC(36)   Other: 0.2ms
[2024-09-04T12:08:32.687+0000][22.516s][info ][gc,heap       ] GC(36) Eden regions: 191->0(188)
[2024-09-04T12:08:32.687+0000][22.516s][info ][gc,heap       ] GC(36) Survivor regions: 16->19(26)
[2024-09-04T12:08:32.687+0000][22.516s][info ][gc,heap       ] GC(36) Old regions: 44->47
[2024-09-04T12:08:32.687+0000][22.516s][info ][gc,heap       ] GC(36) Humongous regions: 0->0
[2024-09-04T12:08:32.687+0000][22.516s][info ][gc,metaspace  ] GC(36) Metaspace: 82886K(84904K)->82886K(84904K) NonClass: 72669K(73940K)->72669K(73940K) Class: 10217K(10964K)->10217K(10964K)
[2024-09-04T12:08:32.687+0000][22.516s][info ][gc            ] GC(36) Pause Young (Normal) (G1 Evacuation Pause) 249M->64M(346M) 19.027ms
[2024-09-04T12:08:32.687+0000][22.516s][info ][gc,cpu        ] GC(36) User=0.07s Sys=0.00s Real=0.02s
[2024-09-04T12:08:32.687+0000][22.516s][info ][safepoint     ] Leaving safepoint region
[2024-09-04T12:08:32.687+0000][22.516s][info ][safepoint     ] Total time for which application threads were stopped: 0.0192882 seconds, Stopping threads took: 0.0000170 seconds
[2024-09-04T12:08:32.687+0000][22.516s][info ][gc,stringdedup] Concurrent String Deduplication (22.516s)
[2024-09-04T12:08:32.689+0000][22.518s][info ][gc,stringdedup] Concurrent String Deduplication 433.1K->107.9K(325.1K) avg 46.8% (22.516s, 22.518s) 1.942ms
[2024-09-04T12:08:32.997+0000][22.826s][debug][safepoint     ] Safepoint synchronization initiated. (18 threads)
[2024-09-04T12:08:32.998+0000][22.826s][info ][safepoint     ] Application time: 0.3104624 seconds
[2024-09-04T12:08:32.998+0000][22.826s][info ][safepoint     ] Entering safepoint region: Deoptimize
[2024-09-04T12:08:33.000+0000][22.828s][info ][safepoint     ] Leaving safepoint region
[2024-09-04T12:08:33.000+0000][22.828s][info ][safepoint     ] Total time for which application threads were stopped: 0.0020020 seconds, Stopping threads took: 0.0000162 seconds
[2024-09-04T12:08:33.287+0000][23.116s][debug][safepoint     ] Safepoint synchronization initiated. (22 threads)
[2024-09-04T12:08:33.287+0000][23.116s][info ][safepoint     ] Application time: 0.2877909 seconds
[2024-09-04T12:08:33.287+0000][23.116s][debug][safepoint     ] Waiting for 1 thread(s) to block
[2024-09-04T12:08:33.288+0000][23.116s][info ][safepoint     ] Entering safepoint region: ICBufferFull
[2024-09-04T12:08:33.288+0000][23.117s][info ][safepoint     ] Leaving safepoint region
[2024-09-04T12:08:33.288+0000][23.117s][info ][safepoint     ] Total time for which application threads were stopped: 0.0004899 seconds, Stopping threads took: 0.0001512 seconds
[2024-09-04T12:08:33.380+0000][23.209s][debug][safepoint     ] Safepoint synchronization initiated. (22 threads)
[2024-09-04T12:08:33.380+0000][23.209s][info ][safepoint     ] Application time: 0.0922530 seconds
[2024-09-04T12:08:33.380+0000][23.209s][info ][safepoint     ] Entering safepoint region: ICBufferFull
[2024-09-04T12:08:33.380+0000][23.209s][info ][safepoint     ] Leaving safepoint region
[2024-09-04T12:08:33.380+0000][23.209s][info ][safepoint     ] Total time for which application threads were stopped: 0.0002028 seconds, Stopping threads took: 0.0000193 seconds
[2024-09-04T12:08:33.521+0000][23.350s][debug][safepoint     ] Safepoint synchronization initiated. (22 threads)
[2024-09-04T12:08:33.521+0000][23.350s][info ][safepoint     ] Application time: 0.1405898 seconds
[2024-09-04T12:08:33.521+0000][23.350s][info ][safepoint     ] Entering safepoint region: G1CollectForAllocation
[2024-09-04T12:08:33.521+0000][23.350s][info ][gc,start      ] GC(37) Pause Young (Normal) (G1 Evacuation Pause)
[2024-09-04T12:08:33.521+0000][23.350s][info ][gc,task       ] GC(37) Using 4 workers of 4 for evacuation
[2024-09-04T12:08:33.546+0000][23.374s][info ][gc,phases     ] GC(37)   Pre Evacuate Collection Set: 0.0ms
[2024-09-04T12:08:33.546+0000][23.375s][info ][gc,phases     ] GC(37)   Evacuate Collection Set: 21.4ms
[2024-09-04T12:08:33.546+0000][23.375s][info ][gc,phases     ] GC(37)   Post Evacuate Collection Set: 2.9ms
[2024-09-04T12:08:33.546+0000][23.375s][info ][gc,phases     ] GC(37)   Other: 0.2ms
[2024-09-04T12:08:33.546+0000][23.375s][info ][gc,heap       ] GC(37) Eden regions: 188->0(191)
[2024-09-04T12:08:33.546+0000][23.375s][info ][gc,heap       ] GC(37) Survivor regions: 19->16(26)
[2024-09-04T12:08:33.546+0000][23.375s][info ][gc,heap       ] GC(37) Old regions: 47->55
[2024-09-04T12:08:33.546+0000][23.375s][info ][gc,heap       ] GC(37) Humongous regions: 0->0
[2024-09-04T12:08:33.546+0000][23.375s][info ][gc,metaspace  ] GC(37) Metaspace: 85200K(87720K)->85200K(87720K) NonClass: 74678K(76244K)->74678K(76244K) Class: 10522K(11476K)->10522K(11476K)
[2024-09-04T12:08:33.546+0000][23.375s][info ][gc            ] GC(37) Pause Young (Normal) (G1 Evacuation Pause) 252M->68M(346M) 24.706ms
[2024-09-04T12:08:33.546+0000][23.375s][info ][gc,cpu        ] GC(37) User=0.10s Sys=0.00s Real=0.03s
[2024-09-04T12:08:33.546+0000][23.375s][info ][safepoint     ] Leaving safepoint region
[2024-09-04T12:08:33.546+0000][23.375s][info ][safepoint     ] Total time for which application threads were stopped: 0.0250174 seconds, Stopping threads took: 0.0000194 seconds
[2024-09-04T12:08:33.546+0000][23.375s][info ][gc,stringdedup] Concurrent String Deduplication (23.375s)
[2024-09-04T12:08:33.548+0000][23.377s][info ][gc,stringdedup] Concurrent String Deduplication 457.9K->104.3K(353.6K) avg 48.0% (23.375s, 23.377s) 2.030ms
[2024-09-04T12:08:33.824+0000][23.653s][debug][safepoint     ] Safepoint synchronization initiated. (22 threads)
[2024-09-04T12:08:33.824+0000][23.653s][info ][safepoint     ] Application time: 0.2781980 seconds
[2024-09-04T12:08:33.824+0000][23.653s][info ][safepoint     ] Entering safepoint region: Deoptimize
[2024-09-04T12:08:33.826+0000][23.655s][info ][safepoint     ] Leaving safepoint region
[2024-09-04T12:08:33.826+0000][23.655s][info ][safepoint     ] Total time for which application threads were stopped: 0.0017669 seconds, Stopping threads took: 0.0000184 seconds
[2024-09-04T12:08:33.963+0000][23.791s][debug][safepoint     ] Safepoint synchronization initiated. (23 threads)
[2024-09-04T12:08:33.963+0000][23.792s][info ][safepoint     ] Application time: 0.1367156 seconds
[2024-09-04T12:08:33.963+0000][23.792s][info ][safepoint     ] Entering safepoint region: Deoptimize
[2024-09-04T12:08:33.965+0000][23.793s][info ][safepoint     ] Leaving safepoint region
[2024-09-04T12:08:33.965+0000][23.793s][info ][safepoint     ] Total time for which application threads were stopped: 0.0019775 seconds, Stopping threads took: 0.0000179 seconds
[2024-09-04T12:08:34.136+0000][23.965s][debug][safepoint     ] Safepoint synchronization initiated. (23 threads)
[2024-09-04T12:08:34.136+0000][23.965s][info ][safepoint     ] Application time: 0.1716305 seconds
[2024-09-04T12:08:34.136+0000][23.965s][debug][safepoint     ] ... found polling page loop exception at pc = 0x00007ff4a058163b, stub =0x00007ff498826680
[2024-09-04T12:08:34.136+0000][23.965s][debug][safepoint     ] Waiting for 2 thread(s) to block
[2024-09-04T12:08:34.136+0000][23.965s][info ][safepoint     ] Entering safepoint region: ICBufferFull
[2024-09-04T12:08:34.137+0000][23.966s][info ][safepoint     ] Leaving safepoint region
[2024-09-04T12:08:34.137+0000][23.966s][info ][safepoint     ] Total time for which application threads were stopped: 0.0003845 seconds, Stopping threads took: 0.0001108 seconds
[2024-09-04T12:08:34.212+0000][24.041s][debug][safepoint     ] Safepoint synchronization initiated. (23 threads)
[2024-09-04T12:08:34.212+0000][24.041s][info ][safepoint     ] Application time: 0.0752277 seconds
[2024-09-04T12:08:34.212+0000][24.041s][info ][safepoint     ] Entering safepoint region: Deoptimize
[2024-09-04T12:08:34.214+0000][24.042s][info ][safepoint     ] Leaving safepoint region
[2024-09-04T12:08:34.214+0000][24.043s][info ][safepoint     ] Total time for which application threads were stopped: 0.0017199 seconds, Stopping threads took: 0.0000213 seconds
[2024-09-04T12:08:34.371+0000][24.200s][debug][safepoint     ] Safepoint synchronization initiated. (24 threads)
[2024-09-04T12:08:34.371+0000][24.200s][info ][safepoint     ] Application time: 0.1572985 seconds
[2024-09-04T12:08:34.371+0000][24.200s][info ][safepoint     ] Entering safepoint region: Deoptimize
[2024-09-04T12:08:34.373+0000][24.202s][info ][safepoint     ] Leaving safepoint region
[2024-09-04T12:08:34.373+0000][24.202s][info ][safepoint     ] Total time for which application threads were stopped: 0.0019894 seconds, Stopping threads took: 0.0000247 seconds
[2024-09-04T12:08:34.682+0000][24.510s][debug][safepoint     ] Safepoint synchronization initiated. (26 threads)
[2024-09-04T12:08:34.682+0000][24.510s][info ][safepoint     ] Application time: 0.3084835 seconds
[2024-09-04T12:08:34.682+0000][24.510s][debug][safepoint     ] Waiting for 1 thread(s) to block
[2024-09-04T12:08:34.682+0000][24.510s][info ][safepoint     ] Entering safepoint region: Deoptimize
[2024-09-04T12:08:34.683+0000][24.512s][info ][safepoint     ] Leaving safepoint region
[2024-09-04T12:08:34.684+0000][24.512s][info ][safepoint     ] Total time for which application threads were stopped: 0.0019467 seconds, Stopping threads took: 0.0000540 seconds
[2024-09-04T12:08:34.714+0000][24.543s][debug][safepoint     ] Safepoint synchronization initiated. (26 threads)
[2024-09-04T12:08:34.714+0000][24.543s][info ][safepoint     ] Application time: 0.0304766 seconds
[2024-09-04T12:08:34.714+0000][24.543s][debug][safepoint     ] Waiting for 1 thread(s) to block
[2024-09-04T12:08:34.714+0000][24.543s][info ][safepoint     ] Entering safepoint region: G1CollectForAllocation
[2024-09-04T12:08:34.714+0000][24.543s][info ][gc,start      ] GC(38) Pause Young (Normal) (G1 Evacuation Pause)
[2024-09-04T12:08:34.714+0000][24.543s][info ][gc,task       ] GC(38) Using 4 workers of 4 for evacuation
[2024-09-04T12:08:34.742+0000][24.571s][info ][gc,phases     ] GC(38)   Pre Evacuate Collection Set: 0.0ms
[2024-09-04T12:08:34.742+0000][24.571s][info ][gc,phases     ] GC(38)   Evacuate Collection Set: 23.1ms
[2024-09-04T12:08:34.742+0000][24.571s][info ][gc,phases     ] GC(38)   Post Evacuate Collection Set: 4.3ms
[2024-09-04T12:08:34.742+0000][24.571s][info ][gc,phases     ] GC(38)   Other: 0.2ms
[2024-09-04T12:08:34.742+0000][24.571s][info ][gc,heap       ] GC(38) Eden regions: 191->0(192)
[2024-09-04T12:08:34.742+0000][24.571s][info ][gc,heap       ] GC(38) Survivor regions: 16->15(26)
[2024-09-04T12:08:34.742+0000][24.571s][info ][gc,heap       ] GC(38) Old regions: 55->59
[2024-09-04T12:08:34.742+0000][24.571s][info ][gc,heap       ] GC(38) Humongous regions: 0->0
[2024-09-04T12:08:34.742+0000][24.571s][info ][gc,metaspace  ] GC(38) Metaspace: 96035K(98728K)->96035K(98728K) NonClass: 84473K(86228K)->84473K(86228K) Class: 11562K(12500K)->11562K(12500K)
[2024-09-04T12:08:34.742+0000][24.571s][info ][gc            ] GC(38) Pause Young (Normal) (G1 Evacuation Pause) 259M->72M(346M) 27.863ms
[2024-09-04T12:08:34.742+0000][24.571s][info ][gc,cpu        ] GC(38) User=0.10s Sys=0.00s Real=0.03s
[2024-09-04T12:08:34.742+0000][24.571s][info ][safepoint     ] Leaving safepoint region
[2024-09-04T12:08:34.742+0000][24.571s][info ][safepoint     ] Total time for which application threads were stopped: 0.0281403 seconds, Stopping threads took: 0.0000565 seconds
[2024-09-04T12:08:34.742+0000][24.571s][info ][gc,stringdedup] Concurrent String Deduplication (24.571s)
[2024-09-04T12:08:34.744+0000][24.573s][info ][gc,stringdedup] Concurrent String Deduplication 475.2K->111.6K(363.6K) avg 49.1% (24.571s, 24.573s) 2.235ms
[2024-09-04T12:08:35.541+0000][25.370s][debug][safepoint     ] Safepoint synchronization initiated. (46 threads)
[2024-09-04T12:08:35.541+0000][25.370s][info ][safepoint     ] Application time: 0.7991790 seconds
[2024-09-04T12:08:35.541+0000][25.370s][info ][safepoint     ] Entering safepoint region: ICBufferFull
[2024-09-04T12:08:35.542+0000][25.370s][info ][safepoint     ] Leaving safepoint region
[2024-09-04T12:08:35.542+0000][25.370s][info ][safepoint     ] Total time for which application threads were stopped: 0.0003414 seconds, Stopping threads took: 0.0000401 seconds
[2024-09-04T12:08:35.596+0000][25.425s][debug][safepoint     ] Safepoint synchronization initiated. (46 threads)
[2024-09-04T12:08:35.596+0000][25.425s][info ][safepoint     ] Application time: 0.0544558 seconds
[2024-09-04T12:08:35.597+0000][25.426s][info ][safepoint     ] Entering safepoint region: Deoptimize
[2024-09-04T12:08:35.599+0000][25.428s][info ][safepoint     ] Leaving safepoint region
[2024-09-04T12:08:35.599+0000][25.428s][info ][safepoint     ] Total time for which application threads were stopped: 0.0026112 seconds, Stopping threads took: 0.0007023 seconds
[2024-09-04T12:08:36.287+0000][26.116s][debug][safepoint     ] Safepoint synchronization initiated. (50 threads)
[2024-09-04T12:08:36.287+0000][26.116s][info ][safepoint     ] Application time: 0.6881337 seconds
[2024-09-04T12:08:36.287+0000][26.116s][info ][safepoint     ] Entering safepoint region: ICBufferFull
[2024-09-04T12:08:36.287+0000][26.116s][info ][safepoint     ] Leaving safepoint region
[2024-09-04T12:08:36.287+0000][26.116s][info ][safepoint     ] Total time for which application threads were stopped: 0.0003566 seconds, Stopping threads took: 0.0000628 seconds
[2024-09-04T12:08:36.320+0000][26.149s][debug][safepoint     ] Safepoint synchronization initiated. (50 threads)
[2024-09-04T12:08:36.320+0000][26.149s][info ][safepoint     ] Application time: 0.0329415 seconds
[2024-09-04T12:08:36.320+0000][26.149s][info ][safepoint     ] Entering safepoint region: Deoptimize
[2024-09-04T12:08:36.323+0000][26.152s][info ][safepoint     ] Leaving safepoint region
[2024-09-04T12:08:36.323+0000][26.152s][info ][safepoint     ] Total time for which application threads were stopped: 0.0025415 seconds, Stopping threads took: 0.0000418 seconds
[2024-09-04T12:08:36.338+0000][26.167s][debug][safepoint     ] Safepoint synchronization initiated. (50 threads)
[2024-09-04T12:08:36.338+0000][26.167s][info ][safepoint     ] Application time: 0.0153184 seconds
[2024-09-04T12:08:36.338+0000][26.167s][info ][safepoint     ] Entering safepoint region: G1CollectForAllocation
[2024-09-04T12:08:36.338+0000][26.167s][info ][gc,start      ] GC(39) Pause Young (Normal) (G1 Evacuation Pause)
[2024-09-04T12:08:36.338+0000][26.167s][info ][gc,task       ] GC(39) Using 4 workers of 4 for evacuation
[2024-09-04T12:08:36.362+0000][26.191s][info ][gc,phases     ] GC(39)   Pre Evacuate Collection Set: 0.0ms
[2024-09-04T12:08:36.362+0000][26.191s][info ][gc,phases     ] GC(39)   Evacuate Collection Set: 19.3ms
[2024-09-04T12:08:36.362+0000][26.191s][info ][gc,phases     ] GC(39)   Post Evacuate Collection Set: 3.9ms
[2024-09-04T12:08:36.362+0000][26.191s][info ][gc,phases     ] GC(39)   Other: 0.3ms
[2024-09-04T12:08:36.362+0000][26.191s][info ][gc,heap       ] GC(39) Eden regions: 192->0(187)
[2024-09-04T12:08:36.362+0000][26.191s][info ][gc,heap       ] GC(39) Survivor regions: 15->20(26)
[2024-09-04T12:08:36.362+0000][26.191s][info ][gc,heap       ] GC(39) Old regions: 59->59
[2024-09-04T12:08:36.362+0000][26.191s][info ][gc,heap       ] GC(39) Humongous regions: 0->0
[2024-09-04T12:08:36.362+0000][26.191s][info ][gc,metaspace  ] GC(39) Metaspace: 102449K(105512K)->102449K(105512K) NonClass: 90009K(91860K)->90009K(91860K) Class: 12440K(13652K)->12440K(13652K)
[2024-09-04T12:08:36.362+0000][26.191s][info ][gc            ] GC(39) Pause Young (Normal) (G1 Evacuation Pause) 264M->77M(346M) 23.637ms
[2024-09-04T12:08:36.362+0000][26.191s][info ][gc,cpu        ] GC(39) User=0.08s Sys=0.01s Real=0.03s
[2024-09-04T12:08:36.362+0000][26.191s][info ][safepoint     ] Leaving safepoint region
[2024-09-04T12:08:36.362+0000][26.191s][info ][safepoint     ] Total time for which application threads were stopped: 0.0239005 seconds, Stopping threads took: 0.0000240 seconds
[2024-09-04T12:08:36.364+0000][26.193s][info ][gc,stringdedup] Concurrent String Deduplication (26.193s)
[2024-09-04T12:08:36.365+0000][26.194s][info ][gc,stringdedup] Concurrent String Deduplication 258.0K->86664.0B(173.4K) avg 49.5% (26.193s, 26.194s) 1.381ms
[2024-09-04T12:08:36.407+0000][26.236s][debug][safepoint     ] Safepoint synchronization initiated. (50 threads)
[2024-09-04T12:08:36.407+0000][26.236s][info ][safepoint     ] Application time: 0.0452857 seconds
[2024-09-04T12:08:36.407+0000][26.236s][info ][safepoint     ] Entering safepoint region: Deoptimize
[2024-09-04T12:08:36.410+0000][26.239s][info ][safepoint     ] Leaving safepoint region
[2024-09-04T12:08:36.410+0000][26.239s][info ][safepoint     ] Total time for which application threads were stopped: 0.0027257 seconds, Stopping threads took: 0.0000421 seconds
[2024-09-04T12:08:36.471+0000][26.300s][debug][safepoint     ] Safepoint synchronization initiated. (50 threads)
[2024-09-04T12:08:36.471+0000][26.300s][info ][safepoint     ] Application time: 0.0610341 seconds
[2024-09-04T12:08:36.471+0000][26.300s][info ][safepoint     ] Entering safepoint region: Deoptimize
[2024-09-04T12:08:36.472+0000][26.301s][info ][safepoint     ] Leaving safepoint region
[2024-09-04T12:08:36.472+0000][26.301s][info ][safepoint     ] Total time for which application threads were stopped: 0.0009936 seconds, Stopping threads took: 0.0000269 seconds
[2024-09-04T12:08:36.479+0000][26.308s][debug][safepoint     ] Safepoint synchronization initiated. (50 threads)
[2024-09-04T12:08:36.479+0000][26.308s][info ][safepoint     ] Application time: 0.0065844 seconds
[2024-09-04T12:08:36.479+0000][26.308s][info ][safepoint     ] Entering safepoint region: Deoptimize
[2024-09-04T12:08:36.479+0000][26.308s][info ][safepoint     ] Leaving safepoint region
[2024-09-04T12:08:36.479+0000][26.308s][info ][safepoint     ] Total time for which application threads were stopped: 0.0005523 seconds, Stopping threads took: 0.0000219 seconds
[2024-09-04T12:08:36.524+0000][26.352s][debug][safepoint     ] Safepoint synchronization initiated. (50 threads)
[2024-09-04T12:08:36.524+0000][26.352s][info ][safepoint     ] Application time: 0.0442103 seconds
[2024-09-04T12:08:36.524+0000][26.352s][info ][safepoint     ] Entering safepoint region: Deoptimize
[2024-09-04T12:08:36.525+0000][26.353s][info ][safepoint     ] Leaving safepoint region
[2024-09-04T12:08:36.525+0000][26.353s][info ][safepoint     ] Total time for which application threads were stopped: 0.0009936 seconds, Stopping threads took: 0.0000289 seconds
[2024-09-04T12:08:37.259+0000][27.087s][debug][safepoint     ] Safepoint synchronization initiated. (53 threads)
[2024-09-04T12:08:37.259+0000][27.087s][info ][safepoint     ] Application time: 0.7340362 seconds
[2024-09-04T12:08:37.259+0000][27.088s][info ][safepoint     ] Entering safepoint region: Deoptimize
[2024-09-04T12:08:37.262+0000][27.091s][info ][safepoint     ] Leaving safepoint region
[2024-09-04T12:08:37.262+0000][27.091s][info ][safepoint     ] Total time for which application threads were stopped: 0.0034409 seconds, Stopping threads took: 0.0001424 seconds
[2024-09-04T12:08:37.324+0000][27.153s][debug][safepoint     ] Safepoint synchronization initiated. (52 threads)
[2024-09-04T12:08:37.324+0000][27.153s][info ][safepoint     ] Application time: 0.0620764 seconds
[2024-09-04T12:08:37.324+0000][27.153s][debug][safepoint     ] Waiting for 1 thread(s) to block
[2024-09-04T12:08:37.324+0000][27.153s][info ][safepoint     ] Entering safepoint region: G1CollectForAllocation
[2024-09-04T12:08:37.325+0000][27.153s][info ][gc,start      ] GC(40) Pause Young (Normal) (G1 Evacuation Pause)
[2024-09-04T12:08:37.325+0000][27.153s][info ][gc,task       ] GC(40) Using 4 workers of 4 for evacuation
[2024-09-04T12:08:37.349+0000][27.178s][info ][gc,phases     ] GC(40)   Pre Evacuate Collection Set: 0.0ms
[2024-09-04T12:08:37.349+0000][27.178s][info ][gc,phases     ] GC(40)   Evacuate Collection Set: 20.2ms
[2024-09-04T12:08:37.349+0000][27.178s][info ][gc,phases     ] GC(40)   Post Evacuate Collection Set: 4.0ms
[2024-09-04T12:08:37.349+0000][27.178s][info ][gc,phases     ] GC(40)   Other: 0.3ms
[2024-09-04T12:08:37.349+0000][27.178s][info ][gc,heap       ] GC(40) Eden regions: 187->0(193)
[2024-09-04T12:08:37.349+0000][27.178s][info ][gc,heap       ] GC(40) Survivor regions: 20->14(26)
[2024-09-04T12:08:37.349+0000][27.178s][info ][gc,heap       ] GC(40) Old regions: 59->68
[2024-09-04T12:08:37.349+0000][27.178s][info ][gc,heap       ] GC(40) Humongous regions: 0->0
[2024-09-04T12:08:37.349+0000][27.178s][info ][gc,metaspace  ] GC(40) Metaspace: 107523K(110760K)->107523K(110760K) NonClass: 94495K(96468K)->94495K(96468K) Class: 13028K(14292K)->13028K(14292K)
[2024-09-04T12:08:37.349+0000][27.178s][info ][gc            ] GC(40) Pause Young (Normal) (G1 Evacuation Pause) 264M->79M(346M) 24.740ms
[2024-09-04T12:08:37.349+0000][27.178s][info ][gc,cpu        ] GC(40) User=0.10s Sys=0.00s Real=0.02s
[2024-09-04T12:08:37.349+0000][27.178s][info ][safepoint     ] Leaving safepoint region
[2024-09-04T12:08:37.350+0000][27.178s][info ][safepoint     ] Total time for which application threads were stopped: 0.0252887 seconds, Stopping threads took: 0.0000823 seconds
[2024-09-04T12:08:37.350+0000][27.179s][info ][gc,stringdedup] Concurrent String Deduplication (27.179s)
[2024-09-04T12:08:37.353+0000][27.182s][info ][gc,stringdedup] Concurrent String Deduplication 305.2K->100.4K(204.8K) avg 49.9% (27.179s, 27.182s) 3.244ms
[2024-09-04T12:08:37.636+0000][27.465s][debug][safepoint     ] Safepoint synchronization initiated. (54 threads)
[2024-09-04T12:08:37.636+0000][27.465s][info ][safepoint     ] Application time: 0.2864424 seconds
[2024-09-04T12:08:37.636+0000][27.465s][debug][safepoint     ] Waiting for 1 thread(s) to block
[2024-09-04T12:08:37.636+0000][27.465s][info ][safepoint     ] Entering safepoint region: CollectForMetadataAllocation
[2024-09-04T12:08:37.636+0000][27.465s][info ][gc,start      ] GC(41) Pause Young (Concurrent Start) (Metadata GC Threshold)
[2024-09-04T12:08:37.636+0000][27.465s][info ][gc,task       ] GC(41) Using 4 workers of 4 for evacuation
[2024-09-04T12:08:37.653+0000][27.482s][info ][gc,phases     ] GC(41)   Pre Evacuate Collection Set: 0.5ms
[2024-09-04T12:08:37.654+0000][27.482s][info ][gc,phases     ] GC(41)   Evacuate Collection Set: 13.3ms
[2024-09-04T12:08:37.654+0000][27.482s][info ][gc,phases     ] GC(41)   Post Evacuate Collection Set: 3.2ms
[2024-09-04T12:08:37.654+0000][27.482s][info ][gc,phases     ] GC(41)   Other: 0.3ms
[2024-09-04T12:08:37.654+0000][27.482s][info ][gc,heap       ] GC(41) Eden regions: 43->0(192)
[2024-09-04T12:08:37.654+0000][27.482s][info ][gc,heap       ] GC(41) Survivor regions: 14->15(26)
[2024-09-04T12:08:37.654+0000][27.482s][info ][gc,heap       ] GC(41) Old regions: 68->68
[2024-09-04T12:08:37.654+0000][27.482s][info ][gc,heap       ] GC(41) Humongous regions: 0->0
[2024-09-04T12:08:37.654+0000][27.482s][info ][gc,metaspace  ] GC(41) Metaspace: 109961K(113136K)->109961K(113136K) NonClass: 96599K(98516K)->96599K(98516K) Class: 13361K(14620K)->13361K(14620K)
[2024-09-04T12:08:37.654+0000][27.482s][info ][gc            ] GC(41) Pause Young (Concurrent Start) (Metadata GC Threshold) 122M->80M(346M) 17.441ms
[2024-09-04T12:08:37.654+0000][27.482s][info ][gc,cpu        ] GC(41) User=0.06s Sys=0.00s Real=0.02s
[2024-09-04T12:08:37.654+0000][27.482s][info ][gc            ] GC(42) Concurrent Cycle
[2024-09-04T12:08:37.654+0000][27.483s][info ][gc,marking    ] GC(42) Concurrent Clear Claimed Marks
[2024-09-04T12:08:37.654+0000][27.483s][info ][safepoint     ] Leaving safepoint region
[2024-09-04T12:08:37.654+0000][27.483s][info ][safepoint     ] Total time for which application threads were stopped: 0.0178113 seconds, Stopping threads took: 0.0000623 seconds
[2024-09-04T12:08:37.654+0000][27.483s][info ][gc,stringdedup] Concurrent String Deduplication (27.483s)
[2024-09-04T12:08:37.654+0000][27.483s][info ][gc,marking    ] GC(42) Concurrent Clear Claimed Marks 0.155ms
[2024-09-04T12:08:37.654+0000][27.483s][info ][gc,marking    ] GC(42) Concurrent Scan Root Regions
[2024-09-04T12:08:37.659+0000][27.487s][info ][gc,stringdedup] Concurrent String Deduplication 601.0K->256.7K(344.3K) avg 50.2% (27.483s, 27.487s) 4.833ms
[2024-09-04T12:08:37.667+0000][27.496s][info ][gc,marking    ] GC(42) Concurrent Scan Root Regions 12.725ms
[2024-09-04T12:08:37.667+0000][27.496s][info ][gc,marking    ] GC(42) Concurrent Mark (27.496s)
[2024-09-04T12:08:37.667+0000][27.496s][info ][gc,marking    ] GC(42) Concurrent Mark From Roots
[2024-09-04T12:08:37.667+0000][27.496s][info ][gc,task       ] GC(42) Using 1 workers of 1 for marking
[2024-09-04T12:08:37.705+0000][27.534s][debug][safepoint     ] Safepoint synchronization initiated. (54 threads)
[2024-09-04T12:08:37.705+0000][27.534s][info ][safepoint     ] Application time: 0.0510328 seconds
[2024-09-04T12:08:37.705+0000][27.534s][info ][safepoint     ] Entering safepoint region: CollectForMetadataAllocation
[2024-09-04T12:08:37.705+0000][27.534s][info ][safepoint     ] Leaving safepoint region
[2024-09-04T12:08:37.705+0000][27.534s][info ][safepoint     ] Total time for which application threads were stopped: 0.0002392 seconds, Stopping threads took: 0.0000375 seconds
[2024-09-04T12:08:37.755+0000][27.584s][debug][safepoint     ] Safepoint synchronization initiated. (54 threads)
[2024-09-04T12:08:37.756+0000][27.584s][info ][safepoint     ] Application time: 0.0504754 seconds
[2024-09-04T12:08:37.756+0000][27.584s][info ][safepoint     ] Entering safepoint region: CollectForMetadataAllocation
[2024-09-04T12:08:37.756+0000][27.585s][info ][safepoint     ] Leaving safepoint region
[2024-09-04T12:08:37.756+0000][27.585s][info ][safepoint     ] Total time for which application threads were stopped: 0.0002460 seconds, Stopping threads took: 0.0000330 seconds
[2024-09-04T12:08:37.812+0000][27.640s][debug][safepoint     ] Safepoint synchronization initiated. (54 threads)
[2024-09-04T12:08:37.812+0000][27.641s][info ][safepoint     ] Application time: 0.0559027 seconds
[2024-09-04T12:08:37.812+0000][27.641s][info ][safepoint     ] Entering safepoint region: Deoptimize
[2024-09-04T12:08:37.814+0000][27.643s][info ][safepoint     ] Leaving safepoint region
[2024-09-04T12:08:37.814+0000][27.643s][info ][safepoint     ] Total time for which application threads were stopped: 0.0020299 seconds, Stopping threads took: 0.0000392 seconds
[2024-09-04T12:08:37.817+0000][27.646s][debug][safepoint     ] Safepoint synchronization initiated. (54 threads)
[2024-09-04T12:08:37.817+0000][27.646s][info ][safepoint     ] Application time: 0.0032908 seconds
[2024-09-04T12:08:37.817+0000][27.646s][info ][safepoint     ] Entering safepoint region: CollectForMetadataAllocation
[2024-09-04T12:08:37.817+0000][27.646s][info ][safepoint     ] Leaving safepoint region
[2024-09-04T12:08:37.817+0000][27.646s][info ][safepoint     ] Total time for which application threads were stopped: 0.0002237 seconds, Stopping threads took: 0.0000221 seconds
[2024-09-04T12:08:37.824+0000][27.653s][info ][gc,marking    ] GC(42) Concurrent Mark From Roots 157.263ms
[2024-09-04T12:08:37.824+0000][27.653s][info ][gc,marking    ] GC(42) Concurrent Preclean
[2024-09-04T12:08:37.824+0000][27.653s][info ][gc,marking    ] GC(42) Concurrent Preclean 0.161ms
[2024-09-04T12:08:37.824+0000][27.653s][info ][gc,marking    ] GC(42) Concurrent Mark (27.496s, 27.653s) 157.487ms
[2024-09-04T12:08:37.824+0000][27.653s][debug][safepoint     ] Safepoint synchronization initiated. (54 threads)
[2024-09-04T12:08:37.824+0000][27.653s][info ][safepoint     ] Application time: 0.0070128 seconds
[2024-09-04T12:08:37.824+0000][27.653s][debug][safepoint     ] Waiting for 2 thread(s) to block
[2024-09-04T12:08:37.824+0000][27.653s][info ][safepoint     ] Entering safepoint region: CGC_Operation
[2024-09-04T12:08:37.825+0000][27.653s][info ][gc,start      ] GC(42) Pause Remark
[2024-09-04T12:08:37.844+0000][27.673s][info ][gc,stringtable] GC(42) Cleaned string and symbol table, strings: 51811 processed, 51 removed, symbols: 305803 processed, 282 removed
[2024-09-04T12:08:37.845+0000][27.674s][info ][gc            ] GC(42) Pause Remark 119M->119M(346M) 20.183ms
[2024-09-04T12:08:37.845+0000][27.674s][info ][gc,cpu        ] GC(42) User=0.07s Sys=0.00s Real=0.02s
[2024-09-04T12:08:37.845+0000][27.674s][info ][safepoint     ] Leaving safepoint region
[2024-09-04T12:08:37.845+0000][27.674s][info ][safepoint     ] Total time for which application threads were stopped: 0.0205222 seconds, Stopping threads took: 0.0001122 seconds
[2024-09-04T12:08:37.845+0000][27.674s][info ][gc,marking    ] GC(42) Concurrent Rebuild Remembered Sets
[2024-09-04T12:08:37.912+0000][27.741s][debug][safepoint     ] Safepoint synchronization initiated. (55 threads)
[2024-09-04T12:08:37.912+0000][27.741s][info ][safepoint     ] Application time: 0.0669776 seconds
[2024-09-04T12:08:37.912+0000][27.741s][info ][safepoint     ] Entering safepoint region: Deoptimize
[2024-09-04T12:08:37.914+0000][27.743s][info ][safepoint     ] Leaving safepoint region
[2024-09-04T12:08:37.914+0000][27.743s][info ][safepoint     ] Total time for which application threads were stopped: 0.0021174 seconds, Stopping threads took: 0.0000389 seconds
[2024-09-04T12:08:37.925+0000][27.754s][info ][gc,marking    ] GC(42) Concurrent Rebuild Remembered Sets 79.784ms
[2024-09-04T12:08:37.925+0000][27.754s][debug][safepoint     ] Safepoint synchronization initiated. (55 threads)
[2024-09-04T12:08:37.925+0000][27.754s][info ][safepoint     ] Application time: 0.0108761 seconds
[2024-09-04T12:08:37.925+0000][27.754s][info ][safepoint     ] Entering safepoint region: CGC_Operation
[2024-09-04T12:08:37.925+0000][27.754s][info ][gc,start      ] GC(42) Pause Cleanup
[2024-09-04T12:08:37.925+0000][27.754s][info ][gc            ] GC(42) Pause Cleanup 126M->126M(346M) 0.288ms
[2024-09-04T12:08:37.925+0000][27.754s][info ][gc,cpu        ] GC(42) User=0.00s Sys=0.00s Real=0.00s
[2024-09-04T12:08:37.925+0000][27.754s][info ][safepoint     ] Leaving safepoint region
[2024-09-04T12:08:37.925+0000][27.754s][info ][safepoint     ] Total time for which application threads were stopped: 0.0005559 seconds, Stopping threads took: 0.0000248 seconds
[2024-09-04T12:08:37.926+0000][27.754s][info ][gc,marking    ] GC(42) Concurrent Cleanup for Next Mark
[2024-09-04T12:08:37.926+0000][27.755s][info ][gc,marking    ] GC(42) Concurrent Cleanup for Next Mark 0.853ms
[2024-09-04T12:08:37.926+0000][27.755s][info ][gc            ] GC(42) Concurrent Cycle 272.723ms
[2024-09-04T12:08:38.691+0000][28.520s][debug][safepoint     ] Safepoint synchronization initiated. (63 threads)
[2024-09-04T12:08:38.691+0000][28.520s][info ][safepoint     ] Application time: 0.7655019 seconds
[2024-09-04T12:08:38.691+0000][28.520s][debug][safepoint     ] Waiting for 1 thread(s) to block
[2024-09-04T12:08:38.691+0000][28.520s][info ][safepoint     ] Entering safepoint region: Deoptimize
[2024-09-04T12:08:38.694+0000][28.522s][info ][safepoint     ] Leaving safepoint region
[2024-09-04T12:08:38.694+0000][28.522s][info ][safepoint     ] Total time for which application threads were stopped: 0.0025403 seconds, Stopping threads took: 0.0000817 seconds
[2024-09-04T12:08:39.066+0000][28.895s][debug][safepoint     ] Safepoint synchronization initiated. (67 threads)
[2024-09-04T12:08:39.066+0000][28.895s][info ][safepoint     ] Application time: 0.3728552 seconds
[2024-09-04T12:08:39.066+0000][28.895s][debug][safepoint     ] Waiting for 1 thread(s) to block
[2024-09-04T12:08:39.067+0000][28.895s][info ][safepoint     ] Entering safepoint region: G1CollectForAllocation
[2024-09-04T12:08:39.067+0000][28.896s][info ][gc,start      ] GC(43) Pause Young (Concurrent Start) (G1 Evacuation Pause)
[2024-09-04T12:08:39.067+0000][28.896s][info ][gc,task       ] GC(43) Using 4 workers of 4 for evacuation
[2024-09-04T12:08:39.102+0000][28.931s][info ][gc,phases     ] GC(43)   Pre Evacuate Collection Set: 0.4ms
[2024-09-04T12:08:39.102+0000][28.931s][info ][gc,phases     ] GC(43)   Evacuate Collection Set: 28.0ms
[2024-09-04T12:08:39.102+0000][28.931s][info ][gc,phases     ] GC(43)   Post Evacuate Collection Set: 6.5ms
[2024-09-04T12:08:39.102+0000][28.931s][info ][gc,phases     ] GC(43)   Other: 0.3ms
[2024-09-04T12:08:39.102+0000][28.931s][info ][gc,heap       ] GC(43) Eden regions: 192->0(192)
[2024-09-04T12:08:39.102+0000][28.931s][info ][gc,heap       ] GC(43) Survivor regions: 15->15(26)
[2024-09-04T12:08:39.102+0000][28.931s][info ][gc,heap       ] GC(43) Old regions: 68->72
[2024-09-04T12:08:39.102+0000][28.931s][info ][gc,heap       ] GC(43) Humongous regions: 0->0
[2024-09-04T12:08:39.102+0000][28.931s][info ][gc,metaspace  ] GC(43) Metaspace: 116025K(119408K)->116025K(119408K) NonClass: 101861K(103892K)->101861K(103892K) Class: 14164K(15516K)->14164K(15516K)
[2024-09-04T12:08:39.102+0000][28.931s][info ][gc            ] GC(43) Pause Young (Concurrent Start) (G1 Evacuation Pause) 272M->85M(346M) 35.365ms
[2024-09-04T12:08:39.102+0000][28.931s][info ][gc,cpu        ] GC(43) User=0.12s Sys=0.00s Real=0.04s
[2024-09-04T12:08:39.102+0000][28.931s][info ][safepoint     ] Leaving safepoint region
[2024-09-04T12:08:39.102+0000][28.931s][info ][safepoint     ] Total time for which application threads were stopped: 0.0359038 seconds, Stopping threads took: 0.0001020 seconds
[2024-09-04T12:08:39.102+0000][28.931s][info ][gc            ] GC(44) Concurrent Cycle
[2024-09-04T12:08:39.102+0000][28.931s][info ][gc,marking    ] GC(44) Concurrent Clear Claimed Marks
[2024-09-04T12:08:39.103+0000][28.931s][info ][gc,marking    ] GC(44) Concurrent Clear Claimed Marks 0.164ms
[2024-09-04T12:08:39.103+0000][28.931s][info ][gc,marking    ] GC(44) Concurrent Scan Root Regions
[2024-09-04T12:08:39.103+0000][28.931s][info ][gc,stringdedup] Concurrent String Deduplication (28.931s)
[2024-09-04T12:08:39.106+0000][28.935s][info ][gc,stringdedup] Concurrent String Deduplication 420.8K->207.5K(213.3K) avg 50.2% (28.931s, 28.935s) 3.665ms
[2024-09-04T12:08:39.137+0000][28.965s][info ][gc,marking    ] GC(44) Concurrent Scan Root Regions 34.105ms
[2024-09-04T12:08:39.137+0000][28.966s][info ][gc,marking    ] GC(44) Concurrent Mark (28.966s)
[2024-09-04T12:08:39.137+0000][28.966s][info ][gc,marking    ] GC(44) Concurrent Mark From Roots
[2024-09-04T12:08:39.137+0000][28.966s][info ][gc,task       ] GC(44) Using 1 workers of 1 for marking
[2024-09-04T12:08:39.270+0000][29.099s][info ][gc,marking    ] GC(44) Concurrent Mark From Roots 133.472ms
[2024-09-04T12:08:39.270+0000][29.099s][info ][gc,marking    ] GC(44) Concurrent Preclean
[2024-09-04T12:08:39.270+0000][29.099s][info ][gc,marking    ] GC(44) Concurrent Preclean 0.127ms
[2024-09-04T12:08:39.270+0000][29.099s][info ][gc,marking    ] GC(44) Concurrent Mark (28.966s, 29.099s) 133.675ms
[2024-09-04T12:08:39.270+0000][29.099s][debug][safepoint     ] Safepoint synchronization initiated. (69 threads)
[2024-09-04T12:08:39.270+0000][29.099s][info ][safepoint     ] Application time: 0.1681396 seconds
[2024-09-04T12:08:39.271+0000][29.099s][debug][safepoint     ] Waiting for 1 thread(s) to block
[2024-09-04T12:08:39.271+0000][29.099s][info ][safepoint     ] Entering safepoint region: CGC_Operation
[2024-09-04T12:08:39.271+0000][29.100s][info ][gc,start      ] GC(44) Pause Remark
[2024-09-04T12:08:39.296+0000][29.124s][info ][gc,stringtable] GC(44) Cleaned string and symbol table, strings: 53907 processed, 1 removed, symbols: 315843 processed, 15 removed
[2024-09-04T12:08:39.296+0000][29.125s][info ][gc            ] GC(44) Pause Remark 105M->105M(346M) 25.003ms
[2024-09-04T12:08:39.296+0000][29.125s][info ][gc,cpu        ] GC(44) User=0.09s Sys=0.00s Real=0.02s
[2024-09-04T12:08:39.296+0000][29.125s][info ][safepoint     ] Leaving safepoint region
[2024-09-04T12:08:39.296+0000][29.125s][info ][safepoint     ] Total time for which application threads were stopped: 0.0254157 seconds, Stopping threads took: 0.0001209 seconds
[2024-09-04T12:08:39.296+0000][29.125s][info ][gc,marking    ] GC(44) Concurrent Rebuild Remembered Sets
[2024-09-04T12:08:39.397+0000][29.225s][info ][gc,marking    ] GC(44) Concurrent Rebuild Remembered Sets 100.568ms
[2024-09-04T12:08:39.397+0000][29.225s][debug][safepoint     ] Safepoint synchronization initiated. (69 threads)
[2024-09-04T12:08:39.397+0000][29.225s][info ][safepoint     ] Application time: 0.1006898 seconds
[2024-09-04T12:08:39.397+0000][29.225s][debug][safepoint     ] ... found polling page loop exception at pc = 0x00007ff4a0c1033f, stub =0x00007ff498826680
[2024-09-04T12:08:39.397+0000][29.225s][debug][safepoint     ] Waiting for 1 thread(s) to block
[2024-09-04T12:08:39.397+0000][29.226s][info ][safepoint     ] Entering safepoint region: CGC_Operation
[2024-09-04T12:08:39.397+0000][29.226s][info ][gc,start      ] GC(44) Pause Cleanup
[2024-09-04T12:08:39.397+0000][29.226s][info ][gc            ] GC(44) Pause Cleanup 125M->125M(346M) 0.362ms
[2024-09-04T12:08:39.397+0000][29.226s][info ][gc,cpu        ] GC(44) User=0.00s Sys=0.00s Real=0.00s
[2024-09-04T12:08:39.397+0000][29.226s][info ][safepoint     ] Leaving safepoint region
[2024-09-04T12:08:39.397+0000][29.226s][info ][safepoint     ] Total time for which application threads were stopped: 0.0007705 seconds, Stopping threads took: 0.0001573 seconds
[2024-09-04T12:08:39.397+0000][29.226s][info ][gc,marking    ] GC(44) Concurrent Cleanup for Next Mark
[2024-09-04T12:08:39.398+0000][29.227s][info ][gc,marking    ] GC(44) Concurrent Cleanup for Next Mark 1.035ms
[2024-09-04T12:08:39.399+0000][29.227s][info ][gc            ] GC(44) Concurrent Cycle 296.125ms
[2024-09-04T12:08:39.441+0000][29.270s][debug][safepoint     ] Safepoint synchronization initiated. (69 threads)
[2024-09-04T12:08:39.441+0000][29.270s][info ][safepoint     ] Application time: 0.0438218 seconds
[2024-09-04T12:08:39.441+0000][29.270s][debug][safepoint     ] Waiting for 1 thread(s) to block
[2024-09-04T12:08:39.442+0000][29.270s][info ][safepoint     ] Entering safepoint region: Deoptimize
[2024-09-04T12:08:39.444+0000][29.273s][info ][safepoint     ] Leaving safepoint region
[2024-09-04T12:08:39.444+0000][29.273s][info ][safepoint     ] Total time for which application threads were stopped: 0.0025516 seconds, Stopping threads took: 0.0003124 seconds
[2024-09-04T12:08:39.803+0000][29.632s][debug][safepoint     ] Safepoint synchronization initiated. (70 threads)
[2024-09-04T12:08:39.803+0000][29.632s][info ][safepoint     ] Application time: 0.3591455 seconds
[2024-09-04T12:08:39.803+0000][29.632s][debug][safepoint     ] Waiting for 1 thread(s) to block
[2024-09-04T12:08:39.803+0000][29.632s][info ][safepoint     ] Entering safepoint region: Deoptimize
[2024-09-04T12:08:39.805+0000][29.634s][info ][safepoint     ] Leaving safepoint region
[2024-09-04T12:08:39.805+0000][29.634s][info ][safepoint     ] Total time for which application threads were stopped: 0.0021891 seconds, Stopping threads took: 0.0000797 seconds
[2024-09-04T12:08:40.094+0000][29.923s][debug][safepoint     ] Safepoint synchronization initiated. (70 threads)
[2024-09-04T12:08:40.094+0000][29.923s][info ][safepoint     ] Application time: 0.2888630 seconds
[2024-09-04T12:08:40.094+0000][29.923s][info ][safepoint     ] Entering safepoint region: Deoptimize
[2024-09-04T12:08:40.096+0000][29.925s][info ][safepoint     ] Leaving safepoint region
[2024-09-04T12:08:40.096+0000][29.925s][info ][safepoint     ] Total time for which application threads were stopped: 0.0022552 seconds, Stopping threads took: 0.0000593 seconds
[2024-09-04T12:08:40.098+0000][29.927s][debug][safepoint     ] Safepoint synchronization initiated. (70 threads)
[2024-09-04T12:08:40.098+0000][29.927s][info ][safepoint     ] Application time: 0.0015222 seconds
[2024-09-04T12:08:40.098+0000][29.927s][info ][safepoint     ] Entering safepoint region: Deoptimize
[2024-09-04T12:08:40.099+0000][29.927s][info ][safepoint     ] Leaving safepoint region
[2024-09-04T12:08:40.099+0000][29.927s][info ][safepoint     ] Total time for which application threads were stopped: 0.0006915 seconds, Stopping threads took: 0.0000253 seconds
[2024-09-04T12:08:40.123+0000][29.952s][debug][safepoint     ] Safepoint synchronization initiated. (70 threads)
[2024-09-04T12:08:40.124+0000][29.952s][info ][safepoint     ] Application time: 0.0249730 seconds
[2024-09-04T12:08:40.124+0000][29.952s][info ][safepoint     ] Entering safepoint region: Deoptimize
[2024-09-04T12:08:40.126+0000][29.954s][info ][safepoint     ] Leaving safepoint region
[2024-09-04T12:08:40.126+0000][29.954s][info ][safepoint     ] Total time for which application threads were stopped: 0.0020690 seconds, Stopping threads took: 0.0000454 seconds
[2024-09-04T12:08:40.227+0000][30.056s][debug][safepoint     ] Safepoint synchronization initiated. (70 threads)
[2024-09-04T12:08:40.227+0000][30.056s][info ][safepoint     ] Application time: 0.1012959 seconds
[2024-09-04T12:08:40.227+0000][30.056s][info ][safepoint     ] Entering safepoint region: G1CollectForAllocation
[2024-09-04T12:08:40.227+0000][30.056s][info ][gc,start      ] GC(45) Pause Young (Normal) (G1 Evacuation Pause)
[2024-09-04T12:08:40.227+0000][30.056s][info ][gc,task       ] GC(45) Using 4 workers of 4 for evacuation
[2024-09-04T12:08:40.251+0000][30.080s][info ][gc,phases     ] GC(45)   Pre Evacuate Collection Set: 0.0ms
[2024-09-04T12:08:40.251+0000][30.080s][info ][gc,phases     ] GC(45)   Evacuate Collection Set: 19.7ms
[2024-09-04T12:08:40.251+0000][30.080s][info ][gc,phases     ] GC(45)   Post Evacuate Collection Set: 4.0ms
[2024-09-04T12:08:40.251+0000][30.080s][info ][gc,phases     ] GC(45)   Other: 0.3ms
[2024-09-04T12:08:40.251+0000][30.080s][info ][gc,heap       ] GC(45) Eden regions: 192->0(192)
[2024-09-04T12:08:40.251+0000][30.080s][info ][gc,heap       ] GC(45) Survivor regions: 15->15(26)
[2024-09-04T12:08:40.251+0000][30.080s][info ][gc,heap       ] GC(45) Old regions: 72->77
[2024-09-04T12:08:40.251+0000][30.080s][info ][gc,heap       ] GC(45) Humongous regions: 0->0
[2024-09-04T12:08:40.251+0000][30.080s][info ][gc,metaspace  ] GC(45) Metaspace: 120327K(124016K)->120327K(124016K) NonClass: 105698K(107988K)->105698K(107988K) Class: 14629K(16028K)->14629K(16028K)
[2024-09-04T12:08:40.251+0000][30.080s][info ][gc            ] GC(45) Pause Young (Normal) (G1 Evacuation Pause) 277M->90M(346M) 24.208ms
[2024-09-04T12:08:40.251+0000][30.080s][info ][gc,cpu        ] GC(45) User=0.09s Sys=0.00s Real=0.03s
[2024-09-04T12:08:40.251+0000][30.080s][info ][safepoint     ] Leaving safepoint region
[2024-09-04T12:08:40.251+0000][30.080s][info ][safepoint     ] Total time for which application threads were stopped: 0.0245479 seconds, Stopping threads took: 0.0000449 seconds
[2024-09-04T12:08:40.252+0000][30.080s][info ][gc,stringdedup] Concurrent String Deduplication (30.080s)
[2024-09-04T12:08:40.252+0000][30.081s][info ][gc,stringdedup] Concurrent String Deduplication 65096.0B->20336.0B(44760.0B) avg 50.3% (30.080s, 30.081s) 0.592ms
[2024-09-04T12:08:40.454+0000][30.283s][debug][safepoint     ] Safepoint synchronization initiated. (73 threads)
[2024-09-04T12:08:40.454+0000][30.283s][info ][safepoint     ] Application time: 0.2026381 seconds
[2024-09-04T12:08:40.454+0000][30.283s][info ][safepoint     ] Entering safepoint region: Deoptimize
[2024-09-04T12:08:40.458+0000][30.287s][info ][safepoint     ] Leaving safepoint region
[2024-09-04T12:08:40.458+0000][30.287s][info ][safepoint     ] Total time for which application threads were stopped: 0.0037502 seconds, Stopping threads took: 0.0000873 seconds
[2024-09-04T12:08:40.958+0000][30.787s][debug][safepoint     ] Safepoint synchronization initiated. (74 threads)
[2024-09-04T12:08:40.958+0000][30.787s][info ][safepoint     ] Application time: 0.4999694 seconds
[2024-09-04T12:08:40.958+0000][30.787s][info ][safepoint     ] Entering safepoint region: ICBufferFull
[2024-09-04T12:08:40.958+0000][30.787s][info ][safepoint     ] Leaving safepoint region
[2024-09-04T12:08:40.958+0000][30.787s][info ][safepoint     ] Total time for which application threads were stopped: 0.0003721 seconds, Stopping threads took: 0.0000502 seconds
[2024-09-04T12:08:41.026+0000][30.855s][debug][safepoint     ] Safepoint synchronization initiated. (74 threads)
[2024-09-04T12:08:41.026+0000][30.855s][info ][safepoint     ] Application time: 0.0675123 seconds
[2024-09-04T12:08:41.026+0000][30.855s][debug][safepoint     ] Waiting for 2 thread(s) to block
[2024-09-04T12:08:41.026+0000][30.855s][info ][safepoint     ] Entering safepoint region: ICBufferFull
[2024-09-04T12:08:41.026+0000][30.855s][info ][safepoint     ] Leaving safepoint region
[2024-09-04T12:08:41.026+0000][30.855s][info ][safepoint     ] Total time for which application threads were stopped: 0.0004739 seconds, Stopping threads took: 0.0001934 seconds
[2024-09-04T12:08:41.185+0000][31.014s][debug][safepoint     ] Safepoint synchronization initiated. (74 threads)
[2024-09-04T12:08:41.185+0000][31.014s][info ][safepoint     ] Application time: 0.1588658 seconds
[2024-09-04T12:08:41.185+0000][31.014s][info ][safepoint     ] Entering safepoint region: G1CollectForAllocation
[2024-09-04T12:08:41.185+0000][31.014s][info ][gc,start      ] GC(46) Pause Young (Normal) (G1 Evacuation Pause)
[2024-09-04T12:08:41.185+0000][31.014s][info ][gc,task       ] GC(46) Using 4 workers of 4 for evacuation
[2024-09-04T12:08:41.205+0000][31.033s][info ][gc,phases     ] GC(46)   Pre Evacuate Collection Set: 0.0ms
[2024-09-04T12:08:41.205+0000][31.033s][info ][gc,phases     ] GC(46)   Evacuate Collection Set: 15.2ms
[2024-09-04T12:08:41.205+0000][31.033s][info ][gc,phases     ] GC(46)   Post Evacuate Collection Set: 3.7ms
[2024-09-04T12:08:41.205+0000][31.033s][info ][gc,phases     ] GC(46)   Other: 0.2ms
[2024-09-04T12:08:41.205+0000][31.033s][info ][gc,heap       ] GC(46) Eden regions: 192->0(192)
[2024-09-04T12:08:41.205+0000][31.034s][info ][gc,heap       ] GC(46) Survivor regions: 15->15(26)
[2024-09-04T12:08:41.205+0000][31.034s][info ][gc,heap       ] GC(46) Old regions: 77->81
[2024-09-04T12:08:41.205+0000][31.034s][info ][gc,heap       ] GC(46) Humongous regions: 1->0
[2024-09-04T12:08:41.205+0000][31.034s][info ][gc,metaspace  ] GC(46) Metaspace: 124293K(127856K)->124293K(127856K) NonClass: 109387K(111572K)->109387K(111572K) Class: 14905K(16284K)->14905K(16284K)
[2024-09-04T12:08:41.205+0000][31.034s][info ][gc            ] GC(46) Pause Young (Normal) (G1 Evacuation Pause) 283M->93M(346M) 19.370ms
[2024-09-04T12:08:41.205+0000][31.034s][info ][gc,cpu        ] GC(46) User=0.07s Sys=0.00s Real=0.02s
[2024-09-04T12:08:41.205+0000][31.034s][info ][safepoint     ] Leaving safepoint region
[2024-09-04T12:08:41.205+0000][31.034s][info ][safepoint     ] Total time for which application threads were stopped: 0.0197595 seconds, Stopping threads took: 0.0000432 seconds
[2024-09-04T12:08:41.205+0000][31.034s][info ][gc,stringdedup] Concurrent String Deduplication (31.034s)
[2024-09-04T12:08:41.212+0000][31.041s][info ][gc,stringdedup] Concurrent String Deduplication 454.1K->234.6K(219.5K) avg 50.3% (31.034s, 31.041s) 7.043ms
[2024-09-04T12:08:41.902+0000][31.730s][debug][safepoint     ] Safepoint synchronization initiated. (74 threads)
[2024-09-04T12:08:41.902+0000][31.730s][info ][safepoint     ] Application time: 0.6967501 seconds
[2024-09-04T12:08:41.902+0000][31.731s][info ][safepoint     ] Entering safepoint region: Deoptimize
[2024-09-04T12:08:41.904+0000][31.733s][info ][safepoint     ] Leaving safepoint region
[2024-09-04T12:08:41.904+0000][31.733s][info ][safepoint     ] Total time for which application threads were stopped: 0.0023029 seconds, Stopping threads took: 0.0000695 seconds
[2024-09-04T12:08:42.202+0000][32.031s][debug][safepoint     ] Safepoint synchronization initiated. (74 threads)
[2024-09-04T12:08:42.202+0000][32.031s][info ][safepoint     ] Application time: 0.2983614 seconds
[2024-09-04T12:08:42.202+0000][32.031s][debug][safepoint     ] Waiting for 1 thread(s) to block
[2024-09-04T12:08:42.202+0000][32.031s][info ][safepoint     ] Entering safepoint region: ICBufferFull
[2024-09-04T12:08:42.203+0000][32.032s][info ][safepoint     ] Leaving safepoint region
[2024-09-04T12:08:42.203+0000][32.032s][info ][safepoint     ] Total time for which application threads were stopped: 0.0004264 seconds, Stopping threads took: 0.0001087 seconds
[2024-09-04T12:08:42.509+0000][32.338s][debug][safepoint     ] Safepoint synchronization initiated. (74 threads)
[2024-09-04T12:08:42.509+0000][32.338s][info ][safepoint     ] Application time: 0.3061680 seconds
[2024-09-04T12:08:42.509+0000][32.338s][debug][safepoint     ] Waiting for 1 thread(s) to block
[2024-09-04T12:08:42.509+0000][32.338s][info ][safepoint     ] Entering safepoint region: ICBufferFull
[2024-09-04T12:08:42.509+0000][32.338s][info ][safepoint     ] Leaving safepoint region
[2024-09-04T12:08:42.509+0000][32.338s][info ][safepoint     ] Total time for which application threads were stopped: 0.0004436 seconds, Stopping threads took: 0.0001385 seconds
[2024-09-04T12:08:42.644+0000][32.473s][debug][safepoint     ] Safepoint synchronization initiated. (75 threads)
[2024-09-04T12:08:42.644+0000][32.473s][info ][safepoint     ] Application time: 0.1347479 seconds
[2024-09-04T12:08:42.644+0000][32.473s][info ][safepoint     ] Entering safepoint region: G1CollectForAllocation
[2024-09-04T12:08:42.644+0000][32.473s][info ][gc,start      ] GC(47) Pause Young (Normal) (G1 Evacuation Pause)
[2024-09-04T12:08:42.645+0000][32.473s][info ][gc,task       ] GC(47) Using 4 workers of 4 for evacuation
[2024-09-04T12:08:42.669+0000][32.497s][info ][gc,phases     ] GC(47)   Pre Evacuate Collection Set: 0.0ms
[2024-09-04T12:08:42.669+0000][32.498s][info ][gc,phases     ] GC(47)   Evacuate Collection Set: 17.5ms
[2024-09-04T12:08:42.669+0000][32.498s][info ][gc,phases     ] GC(47)   Post Evacuate Collection Set: 6.4ms
[2024-09-04T12:08:42.669+0000][32.498s][info ][gc,phases     ] GC(47)   Other: 0.3ms
[2024-09-04T12:08:42.669+0000][32.498s][info ][gc,heap       ] GC(47) Eden regions: 192->0(188)
[2024-09-04T12:08:42.669+0000][32.498s][info ][gc,heap       ] GC(47) Survivor regions: 15->19(26)
[2024-09-04T12:08:42.669+0000][32.498s][info ][gc,heap       ] GC(47) Old regions: 81->82
[2024-09-04T12:08:42.669+0000][32.498s][info ][gc,heap       ] GC(47) Humongous regions: 0->0
[2024-09-04T12:08:42.669+0000][32.498s][info ][gc,metaspace  ] GC(47) Metaspace: 129107K(132720K)->129107K(132720K) NonClass: 113752K(115924K)->113752K(115924K) Class: 15354K(16796K)->15354K(16796K)
[2024-09-04T12:08:42.669+0000][32.498s][info ][gc            ] GC(47) Pause Young (Normal) (G1 Evacuation Pause) 285M->98M(346M) 24.400ms
[2024-09-04T12:08:42.669+0000][32.498s][info ][gc,cpu        ] GC(47) User=0.09s Sys=0.00s Real=0.02s
[2024-09-04T12:08:42.669+0000][32.498s][info ][safepoint     ] Leaving safepoint region
[2024-09-04T12:08:42.669+0000][32.498s][info ][safepoint     ] Total time for which application threads were stopped: 0.0247679 seconds, Stopping threads took: 0.0000468 seconds
[2024-09-04T12:08:42.669+0000][32.498s][info ][gc,stringdedup] Concurrent String Deduplication (32.498s)
[2024-09-04T12:08:42.674+0000][32.503s][info ][gc,stringdedup] Concurrent String Deduplication 535.7K->369.9K(165.8K) avg 49.6% (32.498s, 32.503s) 5.207ms
[2024-09-04T12:08:43.132+0000][32.961s][debug][safepoint     ] Safepoint synchronization initiated. (77 threads)
[2024-09-04T12:08:43.132+0000][32.961s][info ][safepoint     ] Application time: 0.4629491 seconds
[2024-09-04T12:08:43.132+0000][32.961s][debug][safepoint     ] Waiting for 2 thread(s) to block
[2024-09-04T12:08:43.132+0000][32.961s][info ][safepoint     ] Entering safepoint region: ICBufferFull
[2024-09-04T12:08:43.133+0000][32.961s][info ][safepoint     ] Leaving safepoint region
[2024-09-04T12:08:43.133+0000][32.962s][info ][safepoint     ] Total time for which application threads were stopped: 0.0007825 seconds, Stopping threads took: 0.0004344 seconds
[2024-09-04T12:08:43.451+0000][33.280s][debug][safepoint     ] Safepoint synchronization initiated. (77 threads)
[2024-09-04T12:08:43.451+0000][33.280s][info ][safepoint     ] Application time: 0.3182154 seconds
[2024-09-04T12:08:43.451+0000][33.280s][debug][safepoint     ] Waiting for 2 thread(s) to block
[2024-09-04T12:08:43.451+0000][33.280s][info ][safepoint     ] Entering safepoint region: G1CollectForAllocation
[2024-09-04T12:08:43.451+0000][33.280s][info ][gc,start      ] GC(48) Pause Young (Normal) (G1 Evacuation Pause)
[2024-09-04T12:08:43.451+0000][33.280s][info ][gc,task       ] GC(48) Using 4 workers of 4 for evacuation
[2024-09-04T12:08:43.473+0000][33.302s][info ][gc,phases     ] GC(48)   Pre Evacuate Collection Set: 0.0ms
[2024-09-04T12:08:43.473+0000][33.302s][info ][gc,phases     ] GC(48)   Evacuate Collection Set: 17.8ms
[2024-09-04T12:08:43.473+0000][33.302s][info ][gc,phases     ] GC(48)   Post Evacuate Collection Set: 3.9ms
[2024-09-04T12:08:43.473+0000][33.302s][info ][gc,phases     ] GC(48)   Other: 0.3ms
[2024-09-04T12:08:43.473+0000][33.302s][info ][gc,heap       ] GC(48) Eden regions: 188->0(190)
[2024-09-04T12:08:43.474+0000][33.302s][info ][gc,heap       ] GC(48) Survivor regions: 19->16(26)
[2024-09-04T12:08:43.474+0000][33.302s][info ][gc,heap       ] GC(48) Old regions: 82->87
[2024-09-04T12:08:43.474+0000][33.302s][info ][gc,heap       ] GC(48) Humongous regions: 0->0
[2024-09-04T12:08:43.474+0000][33.302s][info ][gc,metaspace  ] GC(48) Metaspace: 131239K(134768K)->131239K(134768K) NonClass: 115774K(117972K)->115774K(117972K) Class: 15464K(16796K)->15464K(16796K)
[2024-09-04T12:08:43.474+0000][33.302s][info ][gc            ] GC(48) Pause Young (Normal) (G1 Evacuation Pause) 286M->101M(346M) 22.219ms
[2024-09-04T12:08:43.474+0000][33.302s][info ][gc,cpu        ] GC(48) User=0.08s Sys=0.00s Real=0.02s
[2024-09-04T12:08:43.474+0000][33.302s][info ][safepoint     ] Leaving safepoint region
[2024-09-04T12:08:43.474+0000][33.302s][info ][safepoint     ] Total time for which application threads were stopped: 0.0227193 seconds, Stopping threads took: 0.0001013 seconds
[2024-09-04T12:08:43.474+0000][33.303s][info ][gc,stringdedup] Concurrent String Deduplication (33.303s)
[2024-09-04T12:08:43.476+0000][33.305s][info ][gc,stringdedup] Concurrent String Deduplication 410.9K->137.7K(273.2K) avg 50.0% (33.303s, 33.305s) 2.000ms
[2024-09-04T12:08:43.676+0000][33.505s][debug][safepoint     ] Safepoint synchronization initiated. (77 threads)
[2024-09-04T12:08:43.676+0000][33.505s][info ][safepoint     ] Application time: 0.2023692 seconds
[2024-09-04T12:08:43.676+0000][33.505s][debug][safepoint     ] Waiting for 1 thread(s) to block
[2024-09-04T12:08:43.676+0000][33.505s][info ][safepoint     ] Entering safepoint region: Deoptimize
[2024-09-04T12:08:43.678+0000][33.507s][info ][safepoint     ] Leaving safepoint region
[2024-09-04T12:08:43.678+0000][33.507s][info ][safepoint     ] Total time for which application threads were stopped: 0.0021445 seconds, Stopping threads took: 0.0001131 seconds
[2024-09-04T12:08:43.740+0000][33.569s][debug][safepoint     ] Safepoint synchronization initiated. (77 threads)
[2024-09-04T12:08:43.740+0000][33.569s][info ][safepoint     ] Application time: 0.0617159 seconds
[2024-09-04T12:08:43.740+0000][33.569s][debug][safepoint     ] Waiting for 1 thread(s) to block
[2024-09-04T12:08:43.740+0000][33.569s][info ][safepoint     ] Entering safepoint region: Deoptimize
[2024-09-04T12:08:43.742+0000][33.571s][info ][safepoint     ] Leaving safepoint region
[2024-09-04T12:08:43.742+0000][33.571s][info ][safepoint     ] Total time for which application threads were stopped: 0.0024214 seconds, Stopping threads took: 0.0000783 seconds
[2024-09-04T12:08:43.967+0000][33.796s][debug][safepoint     ] Safepoint synchronization initiated. (80 threads)
[2024-09-04T12:08:43.967+0000][33.796s][info ][safepoint     ] Application time: 0.2243698 seconds
[2024-09-04T12:08:43.967+0000][33.796s][info ][safepoint     ] Entering safepoint region: Deoptimize
[2024-09-04T12:08:43.969+0000][33.798s][info ][safepoint     ] Leaving safepoint region
[2024-09-04T12:08:43.969+0000][33.798s][info ][safepoint     ] Total time for which application threads were stopped: 0.0023326 seconds, Stopping threads took: 0.0000490 seconds
[2024-09-04T12:08:44.038+0000][33.866s][debug][safepoint     ] Safepoint synchronization initiated. (80 threads)
[2024-09-04T12:08:44.038+0000][33.866s][info ][safepoint     ] Application time: 0.0684886 seconds
[2024-09-04T12:08:44.038+0000][33.866s][debug][safepoint     ] ... found polling page return exception at pc = 0x00007ff4a0d6f346, stub =0x00007ff498824b00
[2024-09-04T12:08:44.038+0000][33.867s][debug][safepoint     ] Waiting for 1 thread(s) to block
[2024-09-04T12:08:44.038+0000][33.867s][info ][safepoint     ] Entering safepoint region: Deoptimize
[2024-09-04T12:08:44.041+0000][33.869s][info ][safepoint     ] Leaving safepoint region
[2024-09-04T12:08:44.041+0000][33.869s][info ][safepoint     ] Total time for which application threads were stopped: 0.0030788 seconds, Stopping threads took: 0.0002833 seconds
[2024-09-04T12:08:44.077+0000][33.906s][debug][safepoint     ] Safepoint synchronization initiated. (80 threads)
[2024-09-04T12:08:44.077+0000][33.906s][info ][safepoint     ] Application time: 0.0361898 seconds
[2024-09-04T12:08:44.077+0000][33.906s][info ][safepoint     ] Entering safepoint region: Deoptimize
[2024-09-04T12:08:44.079+0000][33.908s][info ][safepoint     ] Leaving safepoint region
[2024-09-04T12:08:44.079+0000][33.908s][info ][safepoint     ] Total time for which application threads were stopped: 0.0023720 seconds, Stopping threads took: 0.0000677 seconds
[2024-09-04T12:08:44.122+0000][33.951s][debug][safepoint     ] Safepoint synchronization initiated. (80 threads)
[2024-09-04T12:08:44.122+0000][33.951s][info ][safepoint     ] Application time: 0.0430597 seconds
[2024-09-04T12:08:44.122+0000][33.951s][info ][safepoint     ] Entering safepoint region: Deoptimize
[2024-09-04T12:08:44.125+0000][33.954s][info ][safepoint     ] Leaving safepoint region
[2024-09-04T12:08:44.125+0000][33.954s][info ][safepoint     ] Total time for which application threads were stopped: 0.0029739 seconds, Stopping threads took: 0.0000610 seconds
[2024-09-04T12:08:44.291+0000][34.120s][debug][safepoint     ] Safepoint synchronization initiated. (80 threads)
[2024-09-04T12:08:44.291+0000][34.120s][info ][safepoint     ] Application time: 0.1655736 seconds
[2024-09-04T12:08:44.291+0000][34.120s][info ][safepoint     ] Entering safepoint region: Deoptimize
[2024-09-04T12:08:44.293+0000][34.122s][info ][safepoint     ] Leaving safepoint region
[2024-09-04T12:08:44.293+0000][34.122s][info ][safepoint     ] Total time for which application threads were stopped: 0.0021502 seconds, Stopping threads took: 0.0000430 seconds
[2024-09-04T12:08:44.295+0000][34.124s][debug][safepoint     ] Safepoint synchronization initiated. (80 threads)
[2024-09-04T12:08:44.295+0000][34.124s][info ][safepoint     ] Application time: 0.0022579 seconds
[2024-09-04T12:08:44.295+0000][34.124s][debug][safepoint     ] Waiting for 1 thread(s) to block
[2024-09-04T12:08:44.296+0000][34.124s][info ][safepoint     ] Entering safepoint region: Deoptimize
[2024-09-04T12:08:44.296+0000][34.125s][info ][safepoint     ] Leaving safepoint region
[2024-09-04T12:08:44.296+0000][34.125s][info ][safepoint     ] Total time for which application threads were stopped: 0.0008566 seconds, Stopping threads took: 0.0001680 seconds
[2024-09-04T12:08:44.312+0000][34.141s][debug][safepoint     ] Safepoint synchronization initiated. (80 threads)
[2024-09-04T12:08:44.312+0000][34.141s][info ][safepoint     ] Application time: 0.0157592 seconds
[2024-09-04T12:08:44.312+0000][34.141s][debug][safepoint     ] ... found polling page return exception at pc = 0x00007ff4a032bf7c, stub =0x00007ff498824b00
[2024-09-04T12:08:44.312+0000][34.141s][debug][safepoint     ] Waiting for 2 thread(s) to block
[2024-09-04T12:08:44.312+0000][34.141s][info ][safepoint     ] Entering safepoint region: ICBufferFull
[2024-09-04T12:08:44.313+0000][34.141s][info ][safepoint     ] Leaving safepoint region
[2024-09-04T12:08:44.313+0000][34.141s][info ][safepoint     ] Total time for which application threads were stopped: 0.0004752 seconds, Stopping threads took: 0.0001153 seconds
[2024-09-04T12:08:44.880+0000][34.708s][debug][safepoint     ] Safepoint synchronization initiated. (80 threads)
[2024-09-04T12:08:44.880+0000][34.709s][info ][safepoint     ] Application time: 0.5672115 seconds
[2024-09-04T12:08:44.880+0000][34.709s][info ][safepoint     ] Entering safepoint region: G1CollectForAllocation
[2024-09-04T12:08:44.880+0000][34.709s][info ][gc,start      ] GC(49) Pause Young (Normal) (G1 Evacuation Pause)
[2024-09-04T12:08:44.880+0000][34.709s][info ][gc,task       ] GC(49) Using 4 workers of 4 for evacuation
[2024-09-04T12:08:44.911+0000][34.740s][info ][gc,phases     ] GC(49)   Pre Evacuate Collection Set: 0.0ms
[2024-09-04T12:08:44.911+0000][34.740s][info ][gc,phases     ] GC(49)   Evacuate Collection Set: 25.6ms
[2024-09-04T12:08:44.911+0000][34.740s][info ][gc,phases     ] GC(49)   Post Evacuate Collection Set: 5.3ms
[2024-09-04T12:08:44.911+0000][34.740s][info ][gc,phases     ] GC(49)   Other: 0.2ms
[2024-09-04T12:08:44.911+0000][34.740s][info ][gc,heap       ] GC(49) Eden regions: 190->0(184)
[2024-09-04T12:08:44.911+0000][34.740s][info ][gc,heap       ] GC(49) Survivor regions: 16->17(26)
[2024-09-04T12:08:44.911+0000][34.740s][info ][gc,heap       ] GC(49) Old regions: 87->92
[2024-09-04T12:08:44.911+0000][34.740s][info ][gc,heap       ] GC(49) Humongous regions: 0->0
[2024-09-04T12:08:44.911+0000][34.740s][info ][gc,metaspace  ] GC(49) Metaspace: 138264K(142192K)->138264K(142192K) NonClass: 121992K(124372K)->121992K(124372K) Class: 16272K(17820K)->16272K(17820K)
[2024-09-04T12:08:44.911+0000][34.740s][info ][gc            ] GC(49) Pause Young (Normal) (G1 Evacuation Pause) 291M->106M(346M) 31.288ms
[2024-09-04T12:08:44.912+0000][34.740s][info ][gc,cpu        ] GC(49) User=0.12s Sys=0.00s Real=0.04s
[2024-09-04T12:08:44.912+0000][34.740s][info ][safepoint     ] Leaving safepoint region
[2024-09-04T12:08:44.912+0000][34.740s][info ][safepoint     ] Total time for which application threads were stopped: 0.0318294 seconds, Stopping threads took: 0.0000450 seconds
[2024-09-04T12:08:44.912+0000][34.740s][info ][gc,stringdedup] Concurrent String Deduplication (34.740s)
[2024-09-04T12:08:44.914+0000][34.743s][info ][gc,stringdedup] Concurrent String Deduplication 533.8K->168.3K(365.5K) avg 50.6% (34.740s, 34.743s) 2.697ms
[2024-09-04T12:08:45.741+0000][35.569s][debug][safepoint     ] Safepoint synchronization initiated. (79 threads)
[2024-09-04T12:08:45.741+0000][35.570s][info ][safepoint     ] Application time: 0.8291528 seconds
[2024-09-04T12:08:45.741+0000][35.570s][debug][safepoint     ] ... found polling page return exception at pc = 0x00007ff49a944803, stub =0x00007ff498824b00
[2024-09-04T12:08:45.741+0000][35.570s][debug][safepoint     ] Waiting for 1 thread(s) to block
[2024-09-04T12:08:45.741+0000][35.570s][info ][safepoint     ] Entering safepoint region: G1CollectForAllocation
[2024-09-04T12:08:45.741+0000][35.570s][info ][gc,start      ] GC(50) Pause Young (Normal) (G1 Evacuation Pause)
[2024-09-04T12:08:45.741+0000][35.570s][info ][gc,task       ] GC(50) Using 4 workers of 4 for evacuation
[2024-09-04T12:08:45.764+0000][35.593s][info ][gc,phases     ] GC(50)   Pre Evacuate Collection Set: 0.0ms
[2024-09-04T12:08:45.764+0000][35.593s][info ][gc,phases     ] GC(50)   Evacuate Collection Set: 18.7ms
[2024-09-04T12:08:45.764+0000][35.593s][info ][gc,phases     ] GC(50)   Post Evacuate Collection Set: 4.2ms
[2024-09-04T12:08:45.764+0000][35.593s][info ][gc,phases     ] GC(50)   Other: 0.2ms
[2024-09-04T12:08:45.764+0000][35.593s][info ][gc,heap       ] GC(50) Eden regions: 184->0(184)
[2024-09-04T12:08:45.764+0000][35.593s][info ][gc,heap       ] GC(50) Survivor regions: 17->16(26)
[2024-09-04T12:08:45.764+0000][35.593s][info ][gc,heap       ] GC(50) Old regions: 92->95
[2024-09-04T12:08:45.764+0000][35.593s][info ][gc,heap       ] GC(50) Humongous regions: 0->0
[2024-09-04T12:08:45.764+0000][35.593s][info ][gc,metaspace  ] GC(50) Metaspace: 141977K(145904K)->141977K(145904K) NonClass: 125279K(127700K)->125279K(127700K) Class: 16698K(18204K)->16698K(18204K)
[2024-09-04T12:08:45.765+0000][35.593s][info ][gc            ] GC(50) Pause Young (Normal) (G1 Evacuation Pause) 290M->109M(346M) 23.284ms
[2024-09-04T12:08:45.765+0000][35.593s][info ][gc,cpu        ] GC(50) User=0.08s Sys=0.01s Real=0.03s
[2024-09-04T12:08:45.765+0000][35.593s][info ][safepoint     ] Leaving safepoint region
[2024-09-04T12:08:45.765+0000][35.593s][info ][safepoint     ] Total time for which application threads were stopped: 0.0238334 seconds, Stopping threads took: 0.0002026 seconds
[2024-09-04T12:08:45.765+0000][35.594s][info ][gc,stringdedup] Concurrent String Deduplication (35.594s)
[2024-09-04T12:08:45.766+0000][35.595s][info ][gc,stringdedup] Concurrent String Deduplication 168.6K->65776.0B(104.4K) avg 50.8% (35.594s, 35.595s) 1.076ms
[2024-09-04T12:08:46.739+0000][36.568s][debug][safepoint     ] Safepoint synchronization initiated. (81 threads)
[2024-09-04T12:08:46.739+0000][36.568s][info ][safepoint     ] Application time: 0.9744382 seconds
[2024-09-04T12:08:46.739+0000][36.568s][info ][safepoint     ] Entering safepoint region: G1CollectForAllocation
[2024-09-04T12:08:46.739+0000][36.568s][info ][gc,start      ] GC(51) Pause Young (Normal) (G1 Evacuation Pause)
[2024-09-04T12:08:46.739+0000][36.568s][info ][gc,task       ] GC(51) Using 4 workers of 4 for evacuation
[2024-09-04T12:08:46.768+0000][36.596s][info ][gc,phases     ] GC(51)   Pre Evacuate Collection Set: 0.0ms
[2024-09-04T12:08:46.768+0000][36.597s][info ][gc,phases     ] GC(51)   Evacuate Collection Set: 23.4ms
[2024-09-04T12:08:46.768+0000][36.597s][info ][gc,phases     ] GC(51)   Post Evacuate Collection Set: 4.7ms
[2024-09-04T12:08:46.768+0000][36.597s][info ][gc,phases     ] GC(51)   Other: 0.2ms
[2024-09-04T12:08:46.768+0000][36.597s][info ][gc,heap       ] GC(51) Eden regions: 184->0(175)
[2024-09-04T12:08:46.768+0000][36.597s][info ][gc,heap       ] GC(51) Survivor regions: 16->18(25)
[2024-09-04T12:08:46.768+0000][36.597s][info ][gc,heap       ] GC(51) Old regions: 95->100
[2024-09-04T12:08:46.768+0000][36.597s][info ][gc,heap       ] GC(51) Humongous regions: 0->0
[2024-09-04T12:08:46.768+0000][36.597s][info ][gc,metaspace  ] GC(51) Metaspace: 147047K(151152K)->147047K(151152K) NonClass: 130049K(132564K)->130049K(132564K) Class: 16998K(18588K)->16998K(18588K)
[2024-09-04T12:08:46.768+0000][36.597s][info ][gc            ] GC(51) Pause Young (Normal) (G1 Evacuation Pause) 293M->115M(346M) 28.537ms
[2024-09-04T12:08:46.768+0000][36.597s][info ][gc,cpu        ] GC(51) User=0.11s Sys=0.00s Real=0.03s
[2024-09-04T12:08:46.768+0000][36.597s][info ][safepoint     ] Leaving safepoint region
[2024-09-04T12:08:46.768+0000][36.597s][info ][safepoint     ] Total time for which application threads were stopped: 0.0289611 seconds, Stopping threads took: 0.0000615 seconds
[2024-09-04T12:08:46.768+0000][36.597s][info ][gc,stringdedup] Concurrent String Deduplication (36.597s)
[2024-09-04T12:08:46.771+0000][36.600s][info ][gc,stringdedup] Concurrent String Deduplication 412.8K->159.6K(253.2K) avg 51.0% (36.597s, 36.600s) 2.847ms
[2024-09-04T12:08:47.058+0000][36.887s][debug][safepoint     ] Safepoint synchronization initiated. (86 threads)
[2024-09-04T12:08:47.058+0000][36.887s][info ][safepoint     ] Application time: 0.2897303 seconds
[2024-09-04T12:08:47.058+0000][36.887s][info ][safepoint     ] Entering safepoint region: Deoptimize
[2024-09-04T12:08:47.060+0000][36.889s][info ][safepoint     ] Leaving safepoint region
[2024-09-04T12:08:47.060+0000][36.889s][info ][safepoint     ] Total time for which application threads were stopped: 0.0023669 seconds, Stopping threads took: 0.0000484 seconds
[2024-09-04T12:08:47.891+0000][37.720s][debug][safepoint     ] Safepoint synchronization initiated. (92 threads)
[2024-09-04T12:08:47.892+0000][37.720s][info ][safepoint     ] Application time: 0.8313356 seconds
[2024-09-04T12:08:47.892+0000][37.720s][info ][safepoint     ] Entering safepoint region: Deoptimize
[2024-09-04T12:08:47.895+0000][37.723s][info ][safepoint     ] Leaving safepoint region
[2024-09-04T12:08:47.895+0000][37.723s][info ][safepoint     ] Total time for which application threads were stopped: 0.0031862 seconds, Stopping threads took: 0.0000906 seconds
[2024-09-04T12:08:48.052+0000][37.881s][debug][safepoint     ] Safepoint synchronization initiated. (104 threads)
[2024-09-04T12:08:48.052+0000][37.881s][info ][safepoint     ] Application time: 0.1576577 seconds
[2024-09-04T12:08:48.052+0000][37.881s][info ][safepoint     ] Entering safepoint region: G1CollectForAllocation
[2024-09-04T12:08:48.053+0000][37.881s][info ][gc,start      ] GC(52) Pause Young (Normal) (G1 Evacuation Pause)
[2024-09-04T12:08:48.053+0000][37.881s][info ][gc,task       ] GC(52) Using 4 workers of 4 for evacuation
[2024-09-04T12:08:48.079+0000][37.908s][info ][gc,phases     ] GC(52)   Pre Evacuate Collection Set: 0.0ms
[2024-09-04T12:08:48.079+0000][37.908s][info ][gc,phases     ] GC(52)   Evacuate Collection Set: 21.5ms
[2024-09-04T12:08:48.079+0000][37.908s][info ][gc,phases     ] GC(52)   Post Evacuate Collection Set: 4.4ms
[2024-09-04T12:08:48.079+0000][37.908s][info ][gc,phases     ] GC(52)   Other: 0.3ms
[2024-09-04T12:08:48.079+0000][37.908s][info ][gc,heap       ] GC(52) Eden regions: 175->0(171)
[2024-09-04T12:08:48.079+0000][37.908s][info ][gc,heap       ] GC(52) Survivor regions: 18->16(25)
[2024-09-04T12:08:48.079+0000][37.908s][info ][gc,heap       ] GC(52) Old regions: 100->108
[2024-09-04T12:08:48.079+0000][37.908s][info ][gc,heap       ] GC(52) Humongous regions: 0->0
[2024-09-04T12:08:48.079+0000][37.908s][info ][gc,metaspace  ] GC(52) Metaspace: 153542K(157680K)->153542K(157680K) NonClass: 135861K(138452K)->135861K(138452K) Class: 17681K(19228K)->17681K(19228K)
[2024-09-04T12:08:48.079+0000][37.908s][info ][gc            ] GC(52) Pause Young (Normal) (G1 Evacuation Pause) 290M->121M(346M) 26.342ms
[2024-09-04T12:08:48.079+0000][37.908s][info ][gc,cpu        ] GC(52) User=0.10s Sys=0.00s Real=0.02s
[2024-09-04T12:08:48.079+0000][37.908s][info ][safepoint     ] Leaving safepoint region
[2024-09-04T12:08:48.079+0000][37.908s][info ][safepoint     ] Total time for which application threads were stopped: 0.0267368 seconds, Stopping threads took: 0.0000562 seconds
[2024-09-04T12:08:48.079+0000][37.908s][info ][gc,stringdedup] Concurrent String Deduplication (37.908s)
[2024-09-04T12:08:48.080+0000][37.909s][info ][gc,stringdedup] Concurrent String Deduplication 119.8K->25208.0B(97504.0B) avg 51.2% (37.908s, 37.909s) 0.695ms
[2024-09-04T12:08:48.640+0000][38.468s][debug][safepoint     ] Safepoint synchronization initiated. (104 threads)
[2024-09-04T12:08:48.640+0000][38.468s][info ][safepoint     ] Application time: 0.5605823 seconds
[2024-09-04T12:08:48.640+0000][38.469s][info ][safepoint     ] Entering safepoint region: Deoptimize
[2024-09-04T12:08:48.642+0000][38.471s][info ][safepoint     ] Leaving safepoint region
[2024-09-04T12:08:48.642+0000][38.471s][info ][safepoint     ] Total time for which application threads were stopped: 0.0025281 seconds, Stopping threads took: 0.0000573 seconds
[2024-09-04T12:08:48.642+0000][38.471s][debug][safepoint     ] Safepoint synchronization initiated. (104 threads)
[2024-09-04T12:08:48.642+0000][38.471s][info ][safepoint     ] Application time: 0.0002055 seconds
[2024-09-04T12:08:48.643+0000][38.471s][info ][safepoint     ] Entering safepoint region: Deoptimize
[2024-09-04T12:08:48.643+0000][38.472s][info ][safepoint     ] Leaving safepoint region
[2024-09-04T12:08:48.643+0000][38.472s][info ][safepoint     ] Total time for which application threads were stopped: 0.0008821 seconds, Stopping threads took: 0.0000269 seconds
[2024-09-04T12:08:48.645+0000][38.473s][debug][safepoint     ] Safepoint synchronization initiated. (104 threads)
[2024-09-04T12:08:48.645+0000][38.473s][info ][safepoint     ] Application time: 0.0011879 seconds
[2024-09-04T12:08:48.645+0000][38.473s][info ][safepoint     ] Entering safepoint region: Deoptimize
[2024-09-04T12:08:48.645+0000][38.474s][info ][safepoint     ] Leaving safepoint region
[2024-09-04T12:08:48.645+0000][38.474s][info ][safepoint     ] Total time for which application threads were stopped: 0.0006615 seconds, Stopping threads took: 0.0000250 seconds
[2024-09-04T12:08:48.680+0000][38.509s][debug][safepoint     ] Safepoint synchronization initiated. (104 threads)
[2024-09-04T12:08:48.680+0000][38.509s][info ][safepoint     ] Application time: 0.0345890 seconds
[2024-09-04T12:08:48.680+0000][38.509s][info ][safepoint     ] Entering safepoint region: Deoptimize
[2024-09-04T12:08:48.682+0000][38.511s][info ][safepoint     ] Leaving safepoint region
[2024-09-04T12:08:48.682+0000][38.511s][info ][safepoint     ] Total time for which application threads were stopped: 0.0022466 seconds, Stopping threads took: 0.0000336 seconds
[2024-09-04T12:08:48.886+0000][38.715s][debug][safepoint     ] Safepoint synchronization initiated. (104 threads)
[2024-09-04T12:08:48.886+0000][38.715s][info ][safepoint     ] Application time: 0.2040994 seconds
[2024-09-04T12:08:48.886+0000][38.715s][info ][safepoint     ] Entering safepoint region: Deoptimize
[2024-09-04T12:08:48.889+0000][38.717s][info ][safepoint     ] Leaving safepoint region
[2024-09-04T12:08:48.889+0000][38.717s][info ][safepoint     ] Total time for which application threads were stopped: 0.0022906 seconds, Stopping threads took: 0.0000561 seconds
[2024-09-04T12:08:48.910+0000][38.739s][debug][safepoint     ] Safepoint synchronization initiated. (104 threads)
[2024-09-04T12:08:48.911+0000][38.739s][info ][safepoint     ] Application time: 0.0219952 seconds
[2024-09-04T12:08:48.911+0000][38.739s][info ][safepoint     ] Entering safepoint region: G1CollectForAllocation
[2024-09-04T12:08:48.911+0000][38.740s][info ][gc,start      ] GC(53) Pause Young (Normal) (G1 Evacuation Pause)
[2024-09-04T12:08:48.911+0000][38.740s][info ][gc,task       ] GC(53) Using 4 workers of 4 for evacuation
[2024-09-04T12:08:48.940+0000][38.768s][info ][gc,phases     ] GC(53)   Pre Evacuate Collection Set: 0.0ms
[2024-09-04T12:08:48.940+0000][38.769s][info ][gc,phases     ] GC(53)   Evacuate Collection Set: 23.5ms
[2024-09-04T12:08:48.940+0000][38.769s][info ][gc,phases     ] GC(53)   Post Evacuate Collection Set: 5.0ms
[2024-09-04T12:08:48.940+0000][38.769s][info ][gc,phases     ] GC(53)   Other: 0.3ms
[2024-09-04T12:08:48.940+0000][38.769s][info ][gc,heap       ] GC(53) Eden regions: 171->0(168)
[2024-09-04T12:08:48.940+0000][38.769s][info ][gc,heap       ] GC(53) Survivor regions: 16->16(24)
[2024-09-04T12:08:48.940+0000][38.769s][info ][gc,heap       ] GC(53) Old regions: 108->111
[2024-09-04T12:08:48.940+0000][38.769s][info ][gc,heap       ] GC(53) Humongous regions: 0->0
[2024-09-04T12:08:48.940+0000][38.769s][info ][gc,metaspace  ] GC(53) Metaspace: 155353K(159472K)->155353K(159472K) NonClass: 137447K(139988K)->137447K(139988K) Class: 17905K(19484K)->17905K(19484K)
[2024-09-04T12:08:48.940+0000][38.769s][info ][gc            ] GC(53) Pause Young (Normal) (G1 Evacuation Pause) 292M->125M(346M) 28.954ms
[2024-09-04T12:08:48.940+0000][38.769s][info ][gc,cpu        ] GC(53) User=0.11s Sys=0.00s Real=0.02s
[2024-09-04T12:08:48.940+0000][38.769s][info ][safepoint     ] Leaving safepoint region
[2024-09-04T12:08:48.940+0000][38.769s][info ][safepoint     ] Total time for which application threads were stopped: 0.0294122 seconds, Stopping threads took: 0.0000760 seconds
[2024-09-04T12:08:48.940+0000][38.769s][info ][gc,stringdedup] Concurrent String Deduplication (38.769s)
[2024-09-04T12:08:48.942+0000][38.771s][info ][gc,stringdedup] Concurrent String Deduplication 405.7K->57600.0B(349.4K) avg 52.1% (38.769s, 38.771s) 2.081ms
[2024-09-04T12:08:49.612+0000][39.441s][debug][safepoint     ] Safepoint synchronization initiated. (104 threads)
[2024-09-04T12:08:49.612+0000][39.441s][info ][safepoint     ] Application time: 0.6720290 seconds
[2024-09-04T12:08:49.612+0000][39.441s][info ][safepoint     ] Entering safepoint region: G1CollectForAllocation
[2024-09-04T12:08:49.613+0000][39.441s][info ][gc,start      ] GC(54) Pause Young (Normal) (G1 Evacuation Pause)
[2024-09-04T12:08:49.613+0000][39.441s][info ][gc,task       ] GC(54) Using 4 workers of 4 for evacuation
[2024-09-04T12:08:49.636+0000][39.465s][info ][gc,phases     ] GC(54)   Pre Evacuate Collection Set: 0.0ms
[2024-09-04T12:08:49.636+0000][39.465s][info ][gc,phases     ] GC(54)   Evacuate Collection Set: 18.7ms
[2024-09-04T12:08:49.636+0000][39.465s][info ][gc,phases     ] GC(54)   Post Evacuate Collection Set: 4.3ms
[2024-09-04T12:08:49.636+0000][39.465s][info ][gc,phases     ] GC(54)   Other: 0.4ms
[2024-09-04T12:08:49.636+0000][39.465s][info ][gc,heap       ] GC(54) Eden regions: 168->0(169)
[2024-09-04T12:08:49.636+0000][39.465s][info ][gc,heap       ] GC(54) Survivor regions: 16->11(23)
[2024-09-04T12:08:49.636+0000][39.465s][info ][gc,heap       ] GC(54) Old regions: 111->118
[2024-09-04T12:08:49.636+0000][39.465s][info ][gc,heap       ] GC(54) Humongous regions: 0->0
[2024-09-04T12:08:49.636+0000][39.465s][info ][gc,metaspace  ] GC(54) Metaspace: 157139K(161520K)->157139K(161520K) NonClass: 138989K(141780K)->138989K(141780K) Class: 18149K(19740K)->18149K(19740K)
[2024-09-04T12:08:49.636+0000][39.465s][info ][gc            ] GC(54) Pause Young (Normal) (G1 Evacuation Pause) 293M->126M(346M) 23.558ms
[2024-09-04T12:08:49.636+0000][39.465s][info ][gc,cpu        ] GC(54) User=0.09s Sys=0.00s Real=0.02s
[2024-09-04T12:08:49.636+0000][39.465s][info ][safepoint     ] Leaving safepoint region
[2024-09-04T12:08:49.636+0000][39.465s][info ][safepoint     ] Total time for which application threads were stopped: 0.0241678 seconds, Stopping threads took: 0.0000592 seconds
[2024-09-04T12:08:49.636+0000][39.465s][info ][gc,stringdedup] Concurrent String Deduplication (39.465s)
[2024-09-04T12:08:49.639+0000][39.468s][info ][gc,stringdedup] Concurrent String Deduplication 402.7K->147.1K(255.6K) avg 52.4% (39.465s, 39.468s) 2.366ms
[2024-09-04T12:08:49.808+0000][39.637s][debug][safepoint     ] Safepoint synchronization initiated. (104 threads)
[2024-09-04T12:08:49.808+0000][39.637s][info ][safepoint     ] Application time: 0.1721247 seconds
[2024-09-04T12:08:49.808+0000][39.637s][info ][safepoint     ] Entering safepoint region: Deoptimize
[2024-09-04T12:08:49.811+0000][39.640s][info ][safepoint     ] Leaving safepoint region
[2024-09-04T12:08:49.811+0000][39.640s][info ][safepoint     ] Total time for which application threads were stopped: 0.0028737 seconds, Stopping threads took: 0.0000454 seconds
[2024-09-04T12:08:50.154+0000][39.983s][debug][safepoint     ] Safepoint synchronization initiated. (105 threads)
[2024-09-04T12:08:50.154+0000][39.983s][info ][safepoint     ] Application time: 0.3431553 seconds
[2024-09-04T12:08:50.154+0000][39.983s][info ][safepoint     ] Entering safepoint region: Deoptimize
[2024-09-04T12:08:50.157+0000][39.986s][info ][safepoint     ] Leaving safepoint region
[2024-09-04T12:08:50.157+0000][39.986s][info ][safepoint     ] Total time for which application threads were stopped: 0.0025769 seconds, Stopping threads took: 0.0000545 seconds
[2024-09-04T12:08:50.216+0000][40.045s][debug][safepoint     ] Safepoint synchronization initiated. (105 threads)
[2024-09-04T12:08:50.216+0000][40.045s][info ][safepoint     ] Application time: 0.0592023 seconds
[2024-09-04T12:08:50.216+0000][40.045s][info ][safepoint     ] Entering safepoint region: Deoptimize
[2024-09-04T12:08:50.219+0000][40.048s][info ][safepoint     ] Leaving safepoint region
[2024-09-04T12:08:50.219+0000][40.048s][info ][safepoint     ] Total time for which application threads were stopped: 0.0027381 seconds, Stopping threads took: 0.0000526 seconds
[2024-09-04T12:08:50.312+0000][40.141s][debug][safepoint     ] Safepoint synchronization initiated. (105 threads)
[2024-09-04T12:08:50.312+0000][40.141s][info ][safepoint     ] Application time: 0.0931393 seconds
[2024-09-04T12:08:50.312+0000][40.141s][info ][safepoint     ] Entering safepoint region: G1CollectForAllocation
[2024-09-04T12:08:50.312+0000][40.141s][info ][gc,start      ] GC(55) Pause Young (Normal) (G1 Evacuation Pause)
[2024-09-04T12:08:50.312+0000][40.141s][info ][gc,task       ] GC(55) Using 4 workers of 4 for evacuation
[2024-09-04T12:08:50.336+0000][40.165s][info ][gc,phases     ] GC(55)   Pre Evacuate Collection Set: 0.0ms
[2024-09-04T12:08:50.336+0000][40.165s][info ][gc,phases     ] GC(55)   Evacuate Collection Set: 19.3ms
[2024-09-04T12:08:50.336+0000][40.165s][info ][gc,phases     ] GC(55)   Post Evacuate Collection Set: 4.3ms
[2024-09-04T12:08:50.336+0000][40.165s][info ][gc,phases     ] GC(55)   Other: 0.2ms
[2024-09-04T12:08:50.336+0000][40.165s][info ][gc,heap       ] GC(55) Eden regions: 169->0(167)
[2024-09-04T12:08:50.336+0000][40.165s][info ][gc,heap       ] GC(55) Survivor regions: 11->13(23)
[2024-09-04T12:08:50.336+0000][40.165s][info ][gc,heap       ] GC(55) Old regions: 118->118
[2024-09-04T12:08:50.336+0000][40.165s][info ][gc,heap       ] GC(55) Humongous regions: 0->0
[2024-09-04T12:08:50.336+0000][40.165s][info ][gc,metaspace  ] GC(55) Metaspace: 158770K(163056K)->158770K(163056K) NonClass: 140382K(143060K)->140382K(143060K) Class: 18387K(19996K)->18387K(19996K)
[2024-09-04T12:08:50.336+0000][40.165s][info ][gc            ] GC(55) Pause Young (Normal) (G1 Evacuation Pause) 295M->129M(346M) 23.990ms
[2024-09-04T12:08:50.336+0000][40.165s][info ][gc,cpu        ] GC(55) User=0.09s Sys=0.00s Real=0.02s
[2024-09-04T12:08:50.336+0000][40.165s][info ][safepoint     ] Leaving safepoint region
[2024-09-04T12:08:50.336+0000][40.165s][info ][safepoint     ] Total time for which application threads were stopped: 0.0243374 seconds, Stopping threads took: 0.0000541 seconds
[2024-09-04T12:08:50.337+0000][40.165s][info ][gc,stringdedup] Concurrent String Deduplication (40.165s)
[2024-09-04T12:08:50.338+0000][40.167s][info ][gc,stringdedup] Concurrent String Deduplication 298.9K->181.1K(117.9K) avg 52.1% (40.165s, 40.167s) 1.839ms
[2024-09-04T12:08:50.962+0000][40.791s][debug][safepoint     ] Safepoint synchronization initiated. (110 threads)
[2024-09-04T12:08:50.962+0000][40.791s][info ][safepoint     ] Application time: 0.6255560 seconds
[2024-09-04T12:08:50.962+0000][40.791s][info ][safepoint     ] Entering safepoint region: G1CollectForAllocation
[2024-09-04T12:08:50.962+0000][40.791s][info ][gc,start      ] GC(56) Pause Young (Normal) (G1 Evacuation Pause)
[2024-09-04T12:08:50.962+0000][40.791s][info ][gc,task       ] GC(56) Using 4 workers of 4 for evacuation
[2024-09-04T12:08:50.989+0000][40.818s][info ][gc,phases     ] GC(56)   Pre Evacuate Collection Set: 0.0ms
[2024-09-04T12:08:50.989+0000][40.818s][info ][gc,phases     ] GC(56)   Evacuate Collection Set: 19.8ms
[2024-09-04T12:08:50.989+0000][40.818s][info ][gc,phases     ] GC(56)   Post Evacuate Collection Set: 6.5ms
[2024-09-04T12:08:50.989+0000][40.818s][info ][gc,phases     ] GC(56)   Other: 0.3ms
[2024-09-04T12:08:50.989+0000][40.818s][info ][gc,heap       ] GC(56) Eden regions: 167->0(166)
[2024-09-04T12:08:50.989+0000][40.818s][info ][gc,heap       ] GC(56) Survivor regions: 13->11(23)
[2024-09-04T12:08:50.989+0000][40.818s][info ][gc,heap       ] GC(56) Old regions: 118->123
[2024-09-04T12:08:50.989+0000][40.818s][info ][gc,heap       ] GC(56) Humongous regions: 0->0
[2024-09-04T12:08:50.989+0000][40.818s][info ][gc,metaspace  ] GC(56) Metaspace: 160297K(164720K)->160297K(164720K) NonClass: 141670K(144340K)->141670K(144340K) Class: 18627K(20380K)->18627K(20380K)
[2024-09-04T12:08:50.989+0000][40.818s][info ][gc            ] GC(56) Pause Young (Normal) (G1 Evacuation Pause) 296M->131M(346M) 26.884ms
[2024-09-04T12:08:50.989+0000][40.818s][info ][gc,cpu        ] GC(56) User=0.10s Sys=0.00s Real=0.02s
[2024-09-04T12:08:50.989+0000][40.818s][info ][safepoint     ] Leaving safepoint region
[2024-09-04T12:08:50.989+0000][40.818s][info ][safepoint     ] Total time for which application threads were stopped: 0.0273564 seconds, Stopping threads took: 0.0000653 seconds
[2024-09-04T12:08:50.989+0000][40.818s][info ][gc,stringdedup] Concurrent String Deduplication (40.818s)
[2024-09-04T12:08:50.991+0000][40.819s][info ][gc,stringdedup] Concurrent String Deduplication 193.1K->78384.0B(116.5K) avg 52.2% (40.818s, 40.819s) 1.100ms
[2024-09-04T12:08:51.087+0000][40.915s][debug][safepoint     ] Safepoint synchronization initiated. (110 threads)
[2024-09-04T12:08:51.087+0000][40.916s][info ][safepoint     ] Application time: 0.0973635 seconds
[2024-09-04T12:08:51.087+0000][40.916s][info ][safepoint     ] Entering safepoint region: Deoptimize
[2024-09-04T12:08:51.090+0000][40.918s][info ][safepoint     ] Leaving safepoint region
[2024-09-04T12:08:51.090+0000][40.918s][info ][safepoint     ] Total time for which application threads were stopped: 0.0028088 seconds, Stopping threads took: 0.0000814 seconds
[2024-09-04T12:08:51.737+0000][41.566s][debug][safepoint     ] Safepoint synchronization initiated. (122 threads)
[2024-09-04T12:08:51.738+0000][41.566s][info ][safepoint     ] Application time: 0.6478716 seconds
[2024-09-04T12:08:51.738+0000][41.566s][debug][safepoint     ] Waiting for 1 thread(s) to block
[2024-09-04T12:08:51.738+0000][41.566s][info ][safepoint     ] Entering safepoint region: ICBufferFull
[2024-09-04T12:08:51.738+0000][41.567s][info ][safepoint     ] Leaving safepoint region
[2024-09-04T12:08:51.738+0000][41.567s][info ][safepoint     ] Total time for which application threads were stopped: 0.0005779 seconds, Stopping threads took: 0.0002254 seconds
[2024-09-04T12:08:51.836+0000][41.664s][debug][safepoint     ] Safepoint synchronization initiated. (122 threads)
[2024-09-04T12:08:51.836+0000][41.664s][info ][safepoint     ] Application time: 0.0976105 seconds
[2024-09-04T12:08:51.836+0000][41.665s][debug][safepoint     ] Waiting for 2 thread(s) to block
[2024-09-04T12:08:51.836+0000][41.665s][info ][safepoint     ] Entering safepoint region: ICBufferFull
[2024-09-04T12:08:51.836+0000][41.665s][info ][safepoint     ] Leaving safepoint region
[2024-09-04T12:08:51.836+0000][41.665s][info ][safepoint     ] Total time for which application threads were stopped: 0.0005470 seconds, Stopping threads took: 0.0001300 seconds
[2024-09-04T12:08:52.096+0000][41.925s][debug][safepoint     ] Safepoint synchronization initiated. (122 threads)
[2024-09-04T12:08:52.096+0000][41.925s][info ][safepoint     ] Application time: 0.2597956 seconds
[2024-09-04T12:08:52.096+0000][41.925s][debug][safepoint     ] Waiting for 1 thread(s) to block
[2024-09-04T12:08:52.096+0000][41.925s][info ][safepoint     ] Entering safepoint region: G1CollectForAllocation
[2024-09-04T12:08:52.097+0000][41.925s][info ][gc,start      ] GC(57) Pause Young (Normal) (G1 Evacuation Pause)
[2024-09-04T12:08:52.097+0000][41.925s][info ][gc,task       ] GC(57) Using 4 workers of 4 for evacuation
[2024-09-04T12:08:52.132+0000][41.960s][info ][gc,phases     ] GC(57)   Pre Evacuate Collection Set: 0.0ms
[2024-09-04T12:08:52.132+0000][41.960s][info ][gc,phases     ] GC(57)   Evacuate Collection Set: 28.3ms
[2024-09-04T12:08:52.132+0000][41.960s][info ][gc,phases     ] GC(57)   Post Evacuate Collection Set: 6.5ms
[2024-09-04T12:08:52.132+0000][41.960s][info ][gc,phases     ] GC(57)   Other: 0.3ms
[2024-09-04T12:08:52.132+0000][41.960s][info ][gc,heap       ] GC(57) Eden regions: 166->0(154)
[2024-09-04T12:08:52.132+0000][41.961s][info ][gc,heap       ] GC(57) Survivor regions: 11->17(23)
[2024-09-04T12:08:52.132+0000][41.961s][info ][gc,heap       ] GC(57) Old regions: 123->123
[2024-09-04T12:08:52.132+0000][41.961s][info ][gc,heap       ] GC(57) Humongous regions: 0->0
[2024-09-04T12:08:52.132+0000][41.961s][info ][gc,metaspace  ] GC(57) Metaspace: 162709K(167536K)->162709K(167536K) NonClass: 143731K(146644K)->143731K(146644K) Class: 18978K(20892K)->18978K(20892K)
[2024-09-04T12:08:52.132+0000][41.961s][info ][gc            ] GC(57) Pause Young (Normal) (G1 Evacuation Pause) 297M->137M(346M) 35.238ms
[2024-09-04T12:08:52.132+0000][41.961s][info ][gc,cpu        ] GC(57) User=0.13s Sys=0.00s Real=0.04s
[2024-09-04T12:08:52.132+0000][41.961s][info ][safepoint     ] Leaving safepoint region
[2024-09-04T12:08:52.132+0000][41.961s][info ][safepoint     ] Total time for which application threads were stopped: 0.0358323 seconds, Stopping threads took: 0.0001379 seconds
[2024-09-04T12:08:52.132+0000][41.961s][info ][gc,stringdedup] Concurrent String Deduplication (41.961s)
[2024-09-04T12:08:52.133+0000][41.962s][info ][gc,stringdedup] Concurrent String Deduplication 162.1K->64064.0B(101928.0B) avg 52.3% (41.961s, 41.962s) 0.894ms
[2024-09-04T12:08:52.526+0000][42.355s][debug][safepoint     ] Safepoint synchronization initiated. (122 threads)
[2024-09-04T12:08:52.526+0000][42.355s][info ][safepoint     ] Application time: 0.3941140 seconds
[2024-09-04T12:08:52.526+0000][42.355s][info ][safepoint     ] Entering safepoint region: ICBufferFull
[2024-09-04T12:08:52.526+0000][42.355s][info ][safepoint     ] Leaving safepoint region
[2024-09-04T12:08:52.527+0000][42.355s][info ][safepoint     ] Total time for which application threads were stopped: 0.0004023 seconds, Stopping threads took: 0.0000694 seconds
[2024-09-04T12:08:52.950+0000][42.778s][debug][safepoint     ] Safepoint synchronization initiated. (123 threads)
[2024-09-04T12:08:52.950+0000][42.778s][info ][safepoint     ] Application time: 0.4231887 seconds
[2024-09-04T12:08:52.950+0000][42.779s][debug][safepoint     ] Waiting for 1 thread(s) to block
[2024-09-04T12:08:52.950+0000][42.779s][info ][safepoint     ] Entering safepoint region: ICBufferFull
[2024-09-04T12:08:52.950+0000][42.779s][info ][safepoint     ] Leaving safepoint region
[2024-09-04T12:08:52.950+0000][42.779s][info ][safepoint     ] Total time for which application threads were stopped: 0.0004810 seconds, Stopping threads took: 0.0001438 seconds
[2024-09-04T12:08:53.124+0000][42.952s][debug][safepoint     ] Safepoint synchronization initiated. (123 threads)
[2024-09-04T12:08:53.124+0000][42.952s][info ][safepoint     ] Application time: 0.1734053 seconds
[2024-09-04T12:08:53.124+0000][42.952s][debug][safepoint     ] Waiting for 2 thread(s) to block
[2024-09-04T12:08:53.124+0000][42.953s][info ][safepoint     ] Entering safepoint region: G1CollectForAllocation
[2024-09-04T12:08:53.124+0000][42.953s][info ][gc,start      ] GC(58) Pause Young (Normal) (G1 Evacuation Pause)
[2024-09-04T12:08:53.124+0000][42.953s][info ][gc,task       ] GC(58) Using 4 workers of 4 for evacuation
[2024-09-04T12:08:53.159+0000][42.988s][info ][gc,phases     ] GC(58)   Pre Evacuate Collection Set: 0.0ms
[2024-09-04T12:08:53.159+0000][42.988s][info ][gc,phases     ] GC(58)   Evacuate Collection Set: 28.6ms
[2024-09-04T12:08:53.159+0000][42.988s][info ][gc,phases     ] GC(58)   Post Evacuate Collection Set: 6.1ms
[2024-09-04T12:08:53.159+0000][42.988s][info ][gc,phases     ] GC(58)   Other: 0.3ms
[2024-09-04T12:08:53.159+0000][42.988s][info ][gc,heap       ] GC(58) Eden regions: 154->0(153)
[2024-09-04T12:08:53.159+0000][42.988s][info ][gc,heap       ] GC(58) Survivor regions: 17->14(22)
[2024-09-04T12:08:53.159+0000][42.988s][info ][gc,heap       ] GC(58) Old regions: 123->130
[2024-09-04T12:08:53.159+0000][42.988s][info ][gc,heap       ] GC(58) Humongous regions: 0->0
[2024-09-04T12:08:53.159+0000][42.988s][info ][gc,metaspace  ] GC(58) Metaspace: 163403K(168560K)->163403K(168560K) NonClass: 144402K(147668K)->144402K(147668K) Class: 19001K(20892K)->19001K(20892K)
[2024-09-04T12:08:53.159+0000][42.988s][info ][gc            ] GC(58) Pause Young (Normal) (G1 Evacuation Pause) 291M->142M(346M) 35.151ms
[2024-09-04T12:08:53.159+0000][42.988s][info ][gc,cpu        ] GC(58) User=0.13s Sys=0.00s Real=0.03s
[2024-09-04T12:08:53.159+0000][42.988s][info ][safepoint     ] Leaving safepoint region
[2024-09-04T12:08:53.159+0000][42.988s][info ][safepoint     ] Total time for which application threads were stopped: 0.0358102 seconds, Stopping threads took: 0.0001979 seconds
[2024-09-04T12:08:53.160+0000][42.988s][info ][gc,stringdedup] Concurrent String Deduplication (42.988s)
[2024-09-04T12:08:53.161+0000][42.990s][info ][gc,stringdedup] Concurrent String Deduplication 165.3K->74816.0B(94488.0B) avg 52.3% (42.988s, 42.990s) 1.480ms
[2024-09-04T12:08:53.459+0000][43.288s][debug][safepoint     ] Safepoint synchronization initiated. (123 threads)
[2024-09-04T12:08:53.459+0000][43.288s][info ][safepoint     ] Application time: 0.2998467 seconds
[2024-09-04T12:08:53.459+0000][43.288s][debug][safepoint     ] Waiting for 2 thread(s) to block
[2024-09-04T12:08:53.459+0000][43.288s][info ][safepoint     ] Entering safepoint region: ICBufferFull
[2024-09-04T12:08:53.460+0000][43.289s][info ][safepoint     ] Leaving safepoint region
[2024-09-04T12:08:53.460+0000][43.289s][info ][safepoint     ] Total time for which application threads were stopped: 0.0005618 seconds, Stopping threads took: 0.0001355 seconds
[2024-09-04T12:08:53.815+0000][43.643s][debug][safepoint     ] Safepoint synchronization initiated. (123 threads)
[2024-09-04T12:08:53.815+0000][43.643s][info ][safepoint     ] Application time: 0.3547456 seconds
[2024-09-04T12:08:53.815+0000][43.644s][info ][safepoint     ] Entering safepoint region: G1CollectForAllocation
[2024-09-04T12:08:53.815+0000][43.644s][info ][gc,start      ] GC(59) Pause Young (Normal) (G1 Evacuation Pause)
[2024-09-04T12:08:53.815+0000][43.644s][info ][gc,task       ] GC(59) Using 4 workers of 4 for evacuation
[2024-09-04T12:08:53.836+0000][43.665s][info ][gc,phases     ] GC(59)   Pre Evacuate Collection Set: 0.0ms
[2024-09-04T12:08:53.836+0000][43.665s][info ][gc,phases     ] GC(59)   Evacuate Collection Set: 14.8ms
[2024-09-04T12:08:53.836+0000][43.665s][info ][gc,phases     ] GC(59)   Post Evacuate Collection Set: 6.0ms
[2024-09-04T12:08:53.836+0000][43.665s][info ][gc,phases     ] GC(59)   Other: 0.2ms
[2024-09-04T12:08:53.836+0000][43.665s][info ][gc,heap       ] GC(59) Eden regions: 153->0(190)
[2024-09-04T12:08:53.836+0000][43.665s][info ][gc,heap       ] GC(59) Survivor regions: 14->14(21)
[2024-09-04T12:08:53.836+0000][43.665s][info ][gc,heap       ] GC(59) Old regions: 130->132
[2024-09-04T12:08:53.836+0000][43.665s][info ][gc,heap       ] GC(59) Humongous regions: 0->0
[2024-09-04T12:08:53.836+0000][43.665s][info ][gc,metaspace  ] GC(59) Metaspace: 163779K(168944K)->163779K(168944K) NonClass: 144751K(147924K)->144751K(147924K) Class: 19028K(21020K)->19028K(21020K)
[2024-09-04T12:08:53.836+0000][43.665s][info ][gc            ] GC(59) Pause Young (Normal) (G1 Evacuation Pause) 295M->144M(412M) 21.270ms
[2024-09-04T12:08:53.836+0000][43.665s][info ][gc,cpu        ] GC(59) User=0.07s Sys=0.00s Real=0.02s
[2024-09-04T12:08:53.836+0000][43.665s][info ][safepoint     ] Leaving safepoint region
[2024-09-04T12:08:53.837+0000][43.665s][info ][safepoint     ] Total time for which application threads were stopped: 0.0218400 seconds, Stopping threads took: 0.0000971 seconds
[2024-09-04T12:08:53.837+0000][43.665s][info ][gc,stringdedup] Concurrent String Deduplication (43.665s)
[2024-09-04T12:08:53.846+0000][43.675s][info ][gc,stringdedup] Concurrent String Deduplication 590.5K->130.0K(460.5K) avg 53.2% (43.665s, 43.675s) 9.392ms
[2024-09-04T12:08:54.658+0000][44.487s][debug][safepoint     ] Safepoint synchronization initiated. (123 threads)
[2024-09-04T12:08:54.659+0000][44.487s][info ][safepoint     ] Application time: 0.8219951 seconds
[2024-09-04T12:08:54.659+0000][44.487s][debug][safepoint     ] Waiting for 1 thread(s) to block
[2024-09-04T12:08:54.659+0000][44.487s][info ][safepoint     ] Entering safepoint region: G1CollectForAllocation
[2024-09-04T12:08:54.659+0000][44.488s][info ][gc,start      ] GC(60) Pause Young (Normal) (G1 Evacuation Pause)
[2024-09-04T12:08:54.659+0000][44.488s][info ][gc,task       ] GC(60) Using 4 workers of 4 for evacuation
[2024-09-04T12:08:54.683+0000][44.512s][info ][gc,phases     ] GC(60)   Pre Evacuate Collection Set: 0.0ms
[2024-09-04T12:08:54.683+0000][44.512s][info ][gc,phases     ] GC(60)   Evacuate Collection Set: 18.7ms
[2024-09-04T12:08:54.684+0000][44.512s][info ][gc,phases     ] GC(60)   Post Evacuate Collection Set: 5.5ms
[2024-09-04T12:08:54.684+0000][44.512s][info ][gc,phases     ] GC(60)   Other: 0.2ms
[2024-09-04T12:08:54.684+0000][44.512s][info ][gc,heap       ] GC(60) Eden regions: 190->0(191)
[2024-09-04T12:08:54.684+0000][44.512s][info ][gc,heap       ] GC(60) Survivor regions: 14->17(26)
[2024-09-04T12:08:54.684+0000][44.512s][info ][gc,heap       ] GC(60) Old regions: 132->132
[2024-09-04T12:08:54.684+0000][44.512s][info ][gc,heap       ] GC(60) Humongous regions: 0->0
[2024-09-04T12:08:54.684+0000][44.512s][info ][gc,metaspace  ] GC(60) Metaspace: 164039K(169200K)->164039K(169200K) NonClass: 144982K(148180K)->144982K(148180K) Class: 19057K(21020K)->19057K(21020K)
[2024-09-04T12:08:54.684+0000][44.512s][info ][gc            ] GC(60) Pause Young (Normal) (G1 Evacuation Pause) 334M->147M(412M) 24.671ms
[2024-09-04T12:08:54.684+0000][44.512s][info ][gc,cpu        ] GC(60) User=0.09s Sys=0.00s Real=0.03s
[2024-09-04T12:08:54.684+0000][44.513s][info ][safepoint     ] Leaving safepoint region
[2024-09-04T12:08:54.684+0000][44.513s][info ][safepoint     ] Total time for which application threads were stopped: 0.0252594 seconds, Stopping threads took: 0.0001014 seconds
[2024-09-04T12:08:54.684+0000][44.513s][info ][gc,stringdedup] Concurrent String Deduplication (44.513s)
[2024-09-04T12:08:54.686+0000][44.515s][info ][gc,stringdedup] Concurrent String Deduplication 334.6K->117.4K(217.1K) avg 53.4% (44.513s, 44.515s) 2.250ms
[2024-09-04T12:08:55.325+0000][45.154s][debug][safepoint     ] Safepoint synchronization initiated. (123 threads)
[2024-09-04T12:08:55.325+0000][45.154s][info ][safepoint     ] Application time: 0.6414772 seconds
[2024-09-04T12:08:55.325+0000][45.154s][debug][safepoint     ] ... found polling page return exception at pc = 0x00007ff49933132d, stub =0x00007ff498824b00
[2024-09-04T12:08:55.325+0000][45.154s][debug][safepoint     ] Waiting for 2 thread(s) to block
[2024-09-04T12:08:55.325+0000][45.154s][info ][safepoint     ] Entering safepoint region: G1CollectForAllocation
[2024-09-04T12:08:55.326+0000][45.155s][info ][gc,start      ] GC(61) Pause Young (Normal) (G1 Evacuation Pause)
[2024-09-04T12:08:55.326+0000][45.155s][info ][gc,task       ] GC(61) Using 4 workers of 4 for evacuation
[2024-09-04T12:08:55.349+0000][45.178s][info ][gc,phases     ] GC(61)   Pre Evacuate Collection Set: 0.0ms
[2024-09-04T12:08:55.349+0000][45.178s][info ][gc,phases     ] GC(61)   Evacuate Collection Set: 15.9ms
[2024-09-04T12:08:55.349+0000][45.178s][info ][gc,phases     ] GC(61)   Post Evacuate Collection Set: 7.3ms
[2024-09-04T12:08:55.349+0000][45.178s][info ][gc,phases     ] GC(61)   Other: 0.2ms
[2024-09-04T12:08:55.349+0000][45.178s][info ][gc,heap       ] GC(61) Eden regions: 191->0(193)
[2024-09-04T12:08:55.349+0000][45.178s][info ][gc,heap       ] GC(61) Survivor regions: 17->12(26)
[2024-09-04T12:08:55.349+0000][45.178s][info ][gc,heap       ] GC(61) Old regions: 132->139
[2024-09-04T12:08:55.349+0000][45.178s][info ][gc,heap       ] GC(61) Humongous regions: 0->0
[2024-09-04T12:08:55.349+0000][45.178s][info ][gc,metaspace  ] GC(61) Metaspace: 164267K(169456K)->164267K(169456K) NonClass: 145191K(148436K)->145191K(148436K) Class: 19076K(21020K)->19076K(21020K)
[2024-09-04T12:08:55.350+0000][45.178s][info ][gc            ] GC(61) Pause Young (Normal) (G1 Evacuation Pause) 338M->149M(412M) 23.743ms
[2024-09-04T12:08:55.350+0000][45.178s][info ][gc,cpu        ] GC(61) User=0.09s Sys=0.00s Real=0.03s
[2024-09-04T12:08:55.350+0000][45.178s][info ][safepoint     ] Leaving safepoint region
[2024-09-04T12:08:55.350+0000][45.178s][info ][safepoint     ] Total time for which application threads were stopped: 0.0243507 seconds, Stopping threads took: 0.0001641 seconds
[2024-09-04T12:08:55.350+0000][45.178s][info ][gc,stringdedup] Concurrent String Deduplication (45.178s)
[2024-09-04T12:08:55.352+0000][45.180s][info ][gc,stringdedup] Concurrent String Deduplication 269.5K->116.8K(152.7K) avg 53.4% (45.178s, 45.180s) 2.031ms
[2024-09-04T12:08:55.953+0000][45.781s][debug][safepoint     ] Safepoint synchronization initiated. (123 threads)
[2024-09-04T12:08:55.953+0000][45.782s][info ][safepoint     ] Application time: 0.6031144 seconds
[2024-09-04T12:08:55.953+0000][45.782s][info ][safepoint     ] Entering safepoint region: G1CollectForAllocation
[2024-09-04T12:08:55.953+0000][45.782s][info ][gc,start      ] GC(62) Pause Young (Normal) (G1 Evacuation Pause)
[2024-09-04T12:08:55.953+0000][45.782s][info ][gc,task       ] GC(62) Using 4 workers of 4 for evacuation
[2024-09-04T12:08:55.984+0000][45.812s][info ][gc,phases     ] GC(62)   Pre Evacuate Collection Set: 0.0ms
[2024-09-04T12:08:55.984+0000][45.812s][info ][gc,phases     ] GC(62)   Evacuate Collection Set: 23.0ms
[2024-09-04T12:08:55.984+0000][45.812s][info ][gc,phases     ] GC(62)   Post Evacuate Collection Set: 7.2ms
[2024-09-04T12:08:55.984+0000][45.812s][info ][gc,phases     ] GC(62)   Other: 0.2ms
[2024-09-04T12:08:55.984+0000][45.812s][info ][gc,heap       ] GC(62) Eden regions: 193->0(194)
[2024-09-04T12:08:55.984+0000][45.812s][info ][gc,heap       ] GC(62) Survivor regions: 12->15(26)
[2024-09-04T12:08:55.984+0000][45.812s][info ][gc,heap       ] GC(62) Old regions: 139->139
[2024-09-04T12:08:55.984+0000][45.812s][info ][gc,heap       ] GC(62) Humongous regions: 0->0
[2024-09-04T12:08:55.984+0000][45.813s][info ][gc,metaspace  ] GC(62) Metaspace: 164458K(169584K)->164458K(169584K) NonClass: 145358K(148436K)->145358K(148436K) Class: 19100K(21148K)->19100K(21148K)
[2024-09-04T12:08:55.984+0000][45.813s][info ][gc            ] GC(62) Pause Young (Normal) (G1 Evacuation Pause) 342M->151M(412M) 30.600ms
[2024-09-04T12:08:55.984+0000][45.813s][info ][gc,cpu        ] GC(62) User=0.12s Sys=0.00s Real=0.03s
[2024-09-04T12:08:55.984+0000][45.813s][info ][safepoint     ] Leaving safepoint region
[2024-09-04T12:08:55.984+0000][45.813s][info ][safepoint     ] Total time for which application threads were stopped: 0.0311314 seconds, Stopping threads took: 0.0000714 seconds
[2024-09-04T12:08:55.984+0000][45.813s][info ][gc,stringdedup] Concurrent String Deduplication (45.813s)
[2024-09-04T12:08:55.986+0000][45.815s][info ][gc,stringdedup] Concurrent String Deduplication 347.5K->101504.0B(248.4K) avg 53.7% (45.813s, 45.815s) 2.088ms
[2024-09-04T12:08:56.551+0000][46.380s][debug][safepoint     ] Safepoint synchronization initiated. (123 threads)
[2024-09-04T12:08:56.551+0000][46.380s][info ][safepoint     ] Application time: 0.5674065 seconds
[2024-09-04T12:08:56.551+0000][46.380s][info ][safepoint     ] Entering safepoint region: G1CollectForAllocation
[2024-09-04T12:08:56.552+0000][46.380s][info ][gc,start      ] GC(63) Pause Young (Normal) (G1 Evacuation Pause)
[2024-09-04T12:08:56.552+0000][46.380s][info ][gc,task       ] GC(63) Using 4 workers of 4 for evacuation
[2024-09-04T12:08:56.569+0000][46.398s][info ][gc,phases     ] GC(63)   Pre Evacuate Collection Set: 0.0ms
[2024-09-04T12:08:56.569+0000][46.398s][info ][gc,phases     ] GC(63)   Evacuate Collection Set: 12.5ms
[2024-09-04T12:08:56.569+0000][46.398s][info ][gc,phases     ] GC(63)   Post Evacuate Collection Set: 4.8ms
[2024-09-04T12:08:56.569+0000][46.398s][info ][gc,phases     ] GC(63)   Other: 0.2ms
[2024-09-04T12:08:56.569+0000][46.398s][info ][gc,heap       ] GC(63) Eden regions: 194->0(195)
[2024-09-04T12:08:56.569+0000][46.398s][info ][gc,heap       ] GC(63) Survivor regions: 15->17(27)
[2024-09-04T12:08:56.569+0000][46.398s][info ][gc,heap       ] GC(63) Old regions: 139->139
[2024-09-04T12:08:56.569+0000][46.398s][info ][gc,heap       ] GC(63) Humongous regions: 0->0
[2024-09-04T12:08:56.569+0000][46.398s][info ][gc,metaspace  ] GC(63) Metaspace: 164606K(169840K)->164606K(169840K) NonClass: 145486K(148692K)->145486K(148692K) Class: 19119K(21148K)->19119K(21148K)
[2024-09-04T12:08:56.570+0000][46.398s][info ][gc            ] GC(63) Pause Young (Normal) (G1 Evacuation Pause) 345M->153M(412M) 17.841ms
[2024-09-04T12:08:56.570+0000][46.398s][info ][gc,cpu        ] GC(63) User=0.07s Sys=0.00s Real=0.02s
[2024-09-04T12:08:56.570+0000][46.398s][info ][safepoint     ] Leaving safepoint region
[2024-09-04T12:08:56.570+0000][46.398s][info ][safepoint     ] Total time for which application threads were stopped: 0.0182970 seconds, Stopping threads took: 0.0000674 seconds
[2024-09-04T12:08:56.570+0000][46.399s][info ][gc,stringdedup] Concurrent String Deduplication (46.398s)
[2024-09-04T12:08:56.571+0000][46.400s][info ][gc,stringdedup] Concurrent String Deduplication 272.2K->91600.0B(182.8K) avg 53.9% (46.398s, 46.400s) 1.510ms
[2024-09-04T12:08:57.027+0000][46.856s][debug][safepoint     ] Safepoint synchronization initiated. (123 threads)
[2024-09-04T12:08:57.027+0000][46.856s][info ][safepoint     ] Application time: 0.4575999 seconds
[2024-09-04T12:08:57.027+0000][46.856s][info ][safepoint     ] Entering safepoint region: G1CollectForAllocation
[2024-09-04T12:08:57.028+0000][46.856s][info ][gc,start      ] GC(64) Pause Young (Normal) (G1 Evacuation Pause)
[2024-09-04T12:08:57.028+0000][46.856s][info ][gc,task       ] GC(64) Using 4 workers of 4 for evacuation
[2024-09-04T12:08:57.051+0000][46.880s][info ][gc,phases     ] GC(64)   Pre Evacuate Collection Set: 0.0ms
[2024-09-04T12:08:57.051+0000][46.880s][info ][gc,phases     ] GC(64)   Evacuate Collection Set: 17.3ms
[2024-09-04T12:08:57.051+0000][46.880s][info ][gc,phases     ] GC(64)   Post Evacuate Collection Set: 5.6ms
[2024-09-04T12:08:57.051+0000][46.880s][info ][gc,phases     ] GC(64)   Other: 0.2ms
[2024-09-04T12:08:57.051+0000][46.880s][info ][gc,heap       ] GC(64) Eden regions: 195->0(197)
[2024-09-04T12:08:57.051+0000][46.880s][info ][gc,heap       ] GC(64) Survivor regions: 17->15(27)
[2024-09-04T12:08:57.051+0000][46.880s][info ][gc,heap       ] GC(64) Old regions: 139->142
[2024-09-04T12:08:57.051+0000][46.880s][info ][gc,heap       ] GC(64) Humongous regions: 0->0
[2024-09-04T12:08:57.051+0000][46.880s][info ][gc,metaspace  ] GC(64) Metaspace: 164655K(169840K)->164655K(169840K) NonClass: 145531K(148692K)->145531K(148692K) Class: 19123K(21148K)->19123K(21148K)
[2024-09-04T12:08:57.051+0000][46.880s][info ][gc            ] GC(64) Pause Young (Normal) (G1 Evacuation Pause) 348M->154M(412M) 23.386ms
[2024-09-04T12:08:57.051+0000][46.880s][info ][gc,cpu        ] GC(64) User=0.08s Sys=0.00s Real=0.03s
[2024-09-04T12:08:57.051+0000][46.880s][info ][safepoint     ] Leaving safepoint region
[2024-09-04T12:08:57.051+0000][46.880s][info ][safepoint     ] Total time for which application threads were stopped: 0.0239411 seconds, Stopping threads took: 0.0000829 seconds
[2024-09-04T12:08:57.051+0000][46.880s][info ][gc,stringdedup] Concurrent String Deduplication (46.880s)
[2024-09-04T12:08:57.053+0000][46.881s][info ][gc,stringdedup] Concurrent String Deduplication 252.1K->88920.0B(165.2K) avg 54.1% (46.880s, 46.881s) 1.409ms
[2024-09-04T12:08:57.520+0000][47.348s][debug][safepoint     ] Safepoint synchronization initiated. (123 threads)
[2024-09-04T12:08:57.520+0000][47.348s][info ][safepoint     ] Application time: 0.4683452 seconds
[2024-09-04T12:08:57.520+0000][47.348s][info ][safepoint     ] Entering safepoint region: G1CollectForAllocation
[2024-09-04T12:08:57.520+0000][47.349s][info ][gc,start      ] GC(65) Pause Young (Normal) (G1 Evacuation Pause)
[2024-09-04T12:08:57.520+0000][47.349s][info ][gc,task       ] GC(65) Using 4 workers of 4 for evacuation
[2024-09-04T12:08:57.545+0000][47.374s][info ][gc,phases     ] GC(65)   Pre Evacuate Collection Set: 0.0ms
[2024-09-04T12:08:57.545+0000][47.374s][info ][gc,phases     ] GC(65)   Evacuate Collection Set: 17.5ms
[2024-09-04T12:08:57.545+0000][47.374s][info ][gc,phases     ] GC(65)   Post Evacuate Collection Set: 7.0ms
[2024-09-04T12:08:57.545+0000][47.374s][info ][gc,phases     ] GC(65)   Other: 0.2ms
[2024-09-04T12:08:57.545+0000][47.374s][info ][gc,heap       ] GC(65) Eden regions: 197->0(197)
[2024-09-04T12:08:57.545+0000][47.374s][info ][gc,heap       ] GC(65) Survivor regions: 15->14(27)
[2024-09-04T12:08:57.545+0000][47.374s][info ][gc,heap       ] GC(65) Old regions: 142->145
[2024-09-04T12:08:57.545+0000][47.374s][info ][gc,heap       ] GC(65) Humongous regions: 0->0
[2024-09-04T12:08:57.545+0000][47.374s][info ][gc,metaspace  ] GC(65) Metaspace: 164709K(169840K)->164709K(169840K) NonClass: 145582K(148692K)->145582K(148692K) Class: 19126K(21148K)->19126K(21148K)
[2024-09-04T12:08:57.545+0000][47.374s][info ][gc            ] GC(65) Pause Young (Normal) (G1 Evacuation Pause) 351M->156M(412M) 25.000ms
[2024-09-04T12:08:57.545+0000][47.374s][info ][gc,cpu        ] GC(65) User=0.09s Sys=0.00s Real=0.03s
[2024-09-04T12:08:57.545+0000][47.374s][info ][safepoint     ] Leaving safepoint region
[2024-09-04T12:08:57.545+0000][47.374s][info ][safepoint     ] Total time for which application threads were stopped: 0.0255049 seconds, Stopping threads took: 0.0000677 seconds
[2024-09-04T12:08:57.545+0000][47.374s][info ][gc,stringdedup] Concurrent String Deduplication (47.374s)
[2024-09-04T12:08:57.547+0000][47.375s][info ][gc,stringdedup] Concurrent String Deduplication 293.3K->91336.0B(204.1K) avg 54.3% (47.374s, 47.375s) 1.491ms
[2024-09-04T12:08:57.980+0000][47.809s][debug][safepoint     ] Safepoint synchronization initiated. (123 threads)
[2024-09-04T12:08:57.980+0000][47.809s][info ][safepoint     ] Application time: 0.4348199 seconds
[2024-09-04T12:08:57.980+0000][47.809s][debug][safepoint     ] Waiting for 1 thread(s) to block
[2024-09-04T12:08:57.980+0000][47.809s][info ][safepoint     ] Entering safepoint region: G1CollectForAllocation
[2024-09-04T12:08:57.980+0000][47.809s][info ][gc,start      ] GC(66) Pause Young (Normal) (G1 Evacuation Pause)
[2024-09-04T12:08:57.980+0000][47.809s][info ][gc,task       ] GC(66) Using 4 workers of 4 for evacuation
[2024-09-04T12:08:58.001+0000][47.830s][info ][gc,phases     ] GC(66)   Pre Evacuate Collection Set: 0.0ms
[2024-09-04T12:08:58.001+0000][47.830s][info ][gc,phases     ] GC(66)   Evacuate Collection Set: 14.5ms
[2024-09-04T12:08:58.001+0000][47.830s][info ][gc,phases     ] GC(66)   Post Evacuate Collection Set: 5.8ms
[2024-09-04T12:08:58.001+0000][47.830s][info ][gc,phases     ] GC(66)   Other: 0.2ms
[2024-09-04T12:08:58.001+0000][47.830s][info ][gc,heap       ] GC(66) Eden regions: 197->0(195)
[2024-09-04T12:08:58.001+0000][47.830s][info ][gc,heap       ] GC(66) Survivor regions: 14->15(27)
[2024-09-04T12:08:58.001+0000][47.830s][info ][gc,heap       ] GC(66) Old regions: 145->145
[2024-09-04T12:08:58.001+0000][47.830s][info ][gc,heap       ] GC(66) Humongous regions: 0->0
[2024-09-04T12:08:58.001+0000][47.830s][info ][gc,metaspace  ] GC(66) Metaspace: 164792K(169840K)->164792K(169840K) NonClass: 145660K(148692K)->145660K(148692K) Class: 19132K(21148K)->19132K(21148K)
[2024-09-04T12:08:58.001+0000][47.830s][info ][gc            ] GC(66) Pause Young (Normal) (G1 Evacuation Pause) 353M->157M(412M) 20.765ms
[2024-09-04T12:08:58.001+0000][47.830s][info ][gc,cpu        ] GC(66) User=0.08s Sys=0.00s Real=0.02s
[2024-09-04T12:08:58.001+0000][47.830s][info ][safepoint     ] Leaving safepoint region
[2024-09-04T12:08:58.001+0000][47.830s][info ][safepoint     ] Total time for which application threads were stopped: 0.0213027 seconds, Stopping threads took: 0.0001008 seconds
[2024-09-04T12:08:58.001+0000][47.830s][info ][gc,stringdedup] Concurrent String Deduplication (47.830s)
[2024-09-04T12:08:58.002+0000][47.831s][info ][gc,stringdedup] Concurrent String Deduplication 160.5K->61392.0B(100.6K) avg 54.3% (47.830s, 47.831s) 0.913ms
[2024-09-04T12:08:58.256+0000][48.084s][debug][safepoint     ] Safepoint synchronization initiated. (127 threads)
[2024-09-04T12:08:58.256+0000][48.084s][info ][safepoint     ] Application time: 0.2543747 seconds
[2024-09-04T12:08:58.256+0000][48.085s][info ][safepoint     ] Entering safepoint region: Deoptimize
[2024-09-04T12:08:58.259+0000][48.087s][info ][safepoint     ] Leaving safepoint region
[2024-09-04T12:08:58.259+0000][48.087s][info ][safepoint     ] Total time for which application threads were stopped: 0.0029217 seconds, Stopping threads took: 0.0001468 seconds
[2024-09-04T12:08:58.300+0000][48.129s][debug][safepoint     ] Safepoint synchronization initiated. (129 threads)
[2024-09-04T12:08:58.300+0000][48.129s][info ][safepoint     ] Application time: 0.0415793 seconds
[2024-09-04T12:08:58.300+0000][48.129s][info ][safepoint     ] Entering safepoint region: Deoptimize
[2024-09-04T12:08:58.303+0000][48.132s][info ][safepoint     ] Leaving safepoint region
[2024-09-04T12:08:58.303+0000][48.132s][info ][safepoint     ] Total time for which application threads were stopped: 0.0029615 seconds, Stopping threads took: 0.0000694 seconds
[2024-09-04T12:08:58.401+0000][48.230s][debug][safepoint     ] Safepoint synchronization initiated. (132 threads)
[2024-09-04T12:08:58.402+0000][48.230s][info ][safepoint     ] Application time: 0.0983839 seconds
[2024-09-04T12:08:58.402+0000][48.230s][debug][safepoint     ] Waiting for 1 thread(s) to block
[2024-09-04T12:08:58.403+0000][48.232s][info ][safepoint     ] Entering safepoint region: Deoptimize
[2024-09-04T12:08:58.407+0000][48.235s][info ][safepoint     ] Leaving safepoint region
[2024-09-04T12:08:58.407+0000][48.235s][info ][safepoint     ] Total time for which application threads were stopped: 0.0050279 seconds, Stopping threads took: 0.0018501 seconds
[2024-09-04T12:08:58.627+0000][48.456s][debug][safepoint     ] Safepoint synchronization initiated. (141 threads)
[2024-09-04T12:08:58.628+0000][48.456s][info ][safepoint     ] Application time: 0.2209413 seconds
[2024-09-04T12:08:58.628+0000][48.456s][debug][safepoint     ] Waiting for 2 thread(s) to block
[2024-09-04T12:08:58.629+0000][48.458s][info ][safepoint     ] Entering safepoint region: Deoptimize
[2024-09-04T12:08:58.632+0000][48.461s][info ][safepoint     ] Leaving safepoint region
[2024-09-04T12:08:58.632+0000][48.461s][info ][safepoint     ] Total time for which application threads were stopped: 0.0048860 seconds, Stopping threads took: 0.0016414 seconds
[2024-09-04T12:08:58.741+0000][48.570s][debug][safepoint     ] Safepoint synchronization initiated. (147 threads)
[2024-09-04T12:08:58.741+0000][48.570s][info ][safepoint     ] Application time: 0.1083600 seconds
[2024-09-04T12:08:58.741+0000][48.570s][info ][safepoint     ] Entering safepoint region: Deoptimize
[2024-09-04T12:08:58.744+0000][48.572s][info ][safepoint     ] Leaving safepoint region
[2024-09-04T12:08:58.744+0000][48.572s][info ][safepoint     ] Total time for which application threads were stopped: 0.0028529 seconds, Stopping threads took: 0.0000744 seconds
[2024-09-04T12:08:58.896+0000][48.725s][debug][safepoint     ] Safepoint synchronization initiated. (169 threads)
[2024-09-04T12:08:58.896+0000][48.725s][info ][safepoint     ] Application time: 0.1526814 seconds
[2024-09-04T12:08:58.896+0000][48.725s][debug][safepoint     ] ... found polling page return exception at pc = 0x00007ff4a02f4f01, stub =0x00007ff498824b00
[2024-09-04T12:08:58.897+0000][48.725s][debug][safepoint     ] Waiting for 4 thread(s) to block
[2024-09-04T12:08:58.897+0000][48.726s][info ][safepoint     ] Entering safepoint region: ICBufferFull
[2024-09-04T12:08:58.897+0000][48.726s][info ][safepoint     ] Leaving safepoint region
[2024-09-04T12:08:58.897+0000][48.726s][info ][safepoint     ] Total time for which application threads were stopped: 0.0010860 seconds, Stopping threads took: 0.0005845 seconds
[2024-09-04T12:08:58.933+0000][48.761s][debug][safepoint     ] Safepoint synchronization initiated. (175 threads)
[2024-09-04T12:08:58.933+0000][48.762s][info ][safepoint     ] Application time: 0.0352685 seconds
[2024-09-04T12:08:58.933+0000][48.762s][debug][safepoint     ] ... found polling page return exception at pc = 0x00007ff4a056a51f, stub =0x00007ff498824b00
[2024-09-04T12:08:58.933+0000][48.762s][debug][safepoint     ] ... found polling page return exception at pc = 0x00007ff4a0d4d41b, stub =0x00007ff498824b00
[2024-09-04T12:08:58.934+0000][48.762s][debug][safepoint     ] Waiting for 4 thread(s) to block
[2024-09-04T12:08:58.934+0000][48.763s][info ][safepoint     ] Entering safepoint region: G1CollectForAllocation
[2024-09-04T12:08:58.934+0000][48.763s][info ][gc,start      ] GC(67) Pause Young (Normal) (G1 Evacuation Pause)
[2024-09-04T12:08:58.934+0000][48.763s][info ][gc,task       ] GC(67) Using 4 workers of 4 for evacuation
[2024-09-04T12:08:58.956+0000][48.784s][info ][gc,phases     ] GC(67)   Pre Evacuate Collection Set: 0.0ms
[2024-09-04T12:08:58.956+0000][48.784s][info ][gc,phases     ] GC(67)   Evacuate Collection Set: 16.3ms
[2024-09-04T12:08:58.956+0000][48.784s][info ][gc,phases     ] GC(67)   Post Evacuate Collection Set: 4.9ms
[2024-09-04T12:08:58.956+0000][48.785s][info ][gc,phases     ] GC(67)   Other: 0.3ms
[2024-09-04T12:08:58.956+0000][48.785s][info ][gc,heap       ] GC(67) Eden regions: 195->0(189)
[2024-09-04T12:08:58.956+0000][48.785s][info ][gc,heap       ] GC(67) Survivor regions: 15->17(27)
[2024-09-04T12:08:58.956+0000][48.785s][info ][gc,heap       ] GC(67) Old regions: 145->147
[2024-09-04T12:08:58.956+0000][48.785s][info ][gc,heap       ] GC(67) Humongous regions: 0->0
[2024-09-04T12:08:58.956+0000][48.785s][info ][gc,metaspace  ] GC(67) Metaspace: 169870K(175472K)->169870K(175472K) NonClass: 150138K(153556K)->150138K(153556K) Class: 19732K(21916K)->19732K(21916K)
[2024-09-04T12:08:58.956+0000][48.785s][info ][gc            ] GC(67) Pause Young (Normal) (G1 Evacuation Pause) 352M->162M(412M) 21.695ms
[2024-09-04T12:08:58.956+0000][48.785s][info ][gc,cpu        ] GC(67) User=0.08s Sys=0.01s Real=0.02s
[2024-09-04T12:08:58.956+0000][48.785s][info ][safepoint     ] Leaving safepoint region
[2024-09-04T12:08:58.956+0000][48.785s][info ][safepoint     ] Total time for which application threads were stopped: 0.0232248 seconds, Stopping threads took: 0.0011138 seconds
[2024-09-04T12:08:58.956+0000][48.785s][info ][gc,stringdedup] Concurrent String Deduplication (48.785s)
[2024-09-04T12:08:58.957+0000][48.786s][info ][gc,stringdedup] Concurrent String Deduplication 167.1K->54448.0B(113.9K) avg 54.5% (48.785s, 48.786s) 0.907ms
[2024-09-04T12:08:59.956+0000][49.785s][debug][safepoint     ] Safepoint synchronization initiated. (274 threads)
[2024-09-04T12:08:59.956+0000][49.785s][info ][safepoint     ] Application time: 1.0003142 seconds
[2024-09-04T12:08:59.957+0000][49.785s][info ][safepoint     ] Entering safepoint region: Cleanup
[2024-09-04T12:08:59.957+0000][49.786s][info ][safepoint     ] Leaving safepoint region
[2024-09-04T12:08:59.957+0000][49.786s][info ][safepoint     ] Total time for which application threads were stopped: 0.0010632 seconds, Stopping threads took: 0.0002020 seconds
[2024-09-04T12:09:00.958+0000][50.786s][debug][safepoint     ] Safepoint synchronization initiated. (273 threads)
[2024-09-04T12:09:00.958+0000][50.787s][info ][safepoint     ] Application time: 1.0002142 seconds
[2024-09-04T12:09:00.958+0000][50.787s][debug][safepoint     ] ... found polling page return exception at pc = 0x00007ff4a09c2674, stub =0x00007ff498824b00
[2024-09-04T12:09:00.958+0000][50.787s][debug][safepoint     ] Waiting for 1 thread(s) to block
[2024-09-04T12:09:00.958+0000][50.787s][info ][safepoint     ] Entering safepoint region: Cleanup
[2024-09-04T12:09:00.959+0000][50.788s][info ][safepoint     ] Leaving safepoint region
[2024-09-04T12:09:00.959+0000][50.788s][info ][safepoint     ] Total time for which application threads were stopped: 0.0010847 seconds, Stopping threads took: 0.0003740 seconds
[2024-09-04T12:09:01.959+0000][51.788s][debug][safepoint     ] Safepoint synchronization initiated. (276 threads)
[2024-09-04T12:09:01.959+0000][51.788s][info ][safepoint     ] Application time: 1.0001472 seconds
[2024-09-04T12:09:01.959+0000][51.788s][debug][safepoint     ] Waiting for 1 thread(s) to block
[2024-09-04T12:09:01.959+0000][51.788s][info ][safepoint     ] Entering safepoint region: Cleanup
[2024-09-04T12:09:01.960+0000][51.789s][info ][safepoint     ] Leaving safepoint region
[2024-09-04T12:09:01.960+0000][51.789s][info ][safepoint     ] Total time for which application threads were stopped: 0.0008176 seconds, Stopping threads took: 0.0002202 seconds
[2024-09-04T12:09:02.960+0000][52.789s][debug][safepoint     ] Safepoint synchronization initiated. (277 threads)
[2024-09-04T12:09:02.960+0000][52.789s][info ][safepoint     ] Application time: 1.0001649 seconds
[2024-09-04T12:09:02.960+0000][52.789s][debug][safepoint     ] ... found polling page return exception at pc = 0x00007ff4a0fa339e, stub =0x00007ff498824b00
[2024-09-04T12:09:02.960+0000][52.789s][debug][safepoint     ] Waiting for 1 thread(s) to block
[2024-09-04T12:09:02.960+0000][52.789s][info ][safepoint     ] Entering safepoint region: Cleanup
[2024-09-04T12:09:02.961+0000][52.790s][info ][safepoint     ] Leaving safepoint region
[2024-09-04T12:09:02.961+0000][52.790s][info ][safepoint     ] Total time for which application threads were stopped: 0.0008776 seconds, Stopping threads took: 0.0002332 seconds
[2024-09-04T12:09:03.961+0000][53.790s][debug][safepoint     ] Safepoint synchronization initiated. (276 threads)
[2024-09-04T12:09:03.961+0000][53.790s][info ][safepoint     ] Application time: 1.0001490 seconds
[2024-09-04T12:09:03.961+0000][53.790s][info ][safepoint     ] Entering safepoint region: Cleanup
[2024-09-04T12:09:03.962+0000][53.791s][info ][safepoint     ] Leaving safepoint region
[2024-09-04T12:09:03.962+0000][53.791s][info ][safepoint     ] Total time for which application threads were stopped: 0.0009048 seconds, Stopping threads took: 0.0001538 seconds
[2024-09-04T12:09:04.962+0000][54.791s][debug][safepoint     ] Safepoint synchronization initiated. (275 threads)
[2024-09-04T12:09:04.962+0000][54.791s][info ][safepoint     ] Application time: 1.0001638 seconds
[2024-09-04T12:09:04.962+0000][54.791s][info ][safepoint     ] Entering safepoint region: Cleanup
[2024-09-04T12:09:04.963+0000][54.792s][info ][safepoint     ] Leaving safepoint region
[2024-09-04T12:09:04.963+0000][54.792s][info ][safepoint     ] Total time for which application threads were stopped: 0.0010077 seconds, Stopping threads took: 0.0001616 seconds
[2024-09-04T12:09:05.963+0000][55.792s][debug][safepoint     ] Safepoint synchronization initiated. (275 threads)
[2024-09-04T12:09:05.964+0000][55.792s][info ][safepoint     ] Application time: 1.0002911 seconds
[2024-09-04T12:09:05.964+0000][55.793s][info ][safepoint     ] Entering safepoint region: Cleanup
[2024-09-04T12:09:05.964+0000][55.793s][info ][safepoint     ] Leaving safepoint region
[2024-09-04T12:09:05.965+0000][55.793s][info ][safepoint     ] Total time for which application threads were stopped: 0.0009306 seconds, Stopping threads took: 0.0002619 seconds
[2024-09-04T12:09:06.965+0000][56.794s][debug][safepoint     ] Safepoint synchronization initiated. (275 threads)
[2024-09-04T12:09:06.965+0000][56.794s][info ][safepoint     ] Application time: 1.0001996 seconds
[2024-09-04T12:09:06.965+0000][56.794s][info ][safepoint     ] Entering safepoint region: Cleanup
[2024-09-04T12:09:06.965+0000][56.794s][info ][safepoint     ] Leaving safepoint region
[2024-09-04T12:09:06.966+0000][56.794s][info ][safepoint     ] Total time for which application threads were stopped: 0.0006861 seconds, Stopping threads took: 0.0001511 seconds
[2024-09-04T12:09:07.966+0000][57.794s][debug][safepoint     ] Safepoint synchronization initiated. (275 threads)
[2024-09-04T12:09:07.966+0000][57.795s][info ][safepoint     ] Application time: 1.0002809 seconds
[2024-09-04T12:09:07.966+0000][57.795s][info ][safepoint     ] Entering safepoint region: Cleanup
[2024-09-04T12:09:07.967+0000][57.795s][info ][safepoint     ] Leaving safepoint region
[2024-09-04T12:09:07.967+0000][57.795s][info ][safepoint     ] Total time for which application threads were stopped: 0.0008539 seconds, Stopping threads took: 0.0002015 seconds
[2024-09-04T12:09:08.967+0000][58.796s][debug][safepoint     ] Safepoint synchronization initiated. (275 threads)
[2024-09-04T12:09:08.967+0000][58.796s][info ][safepoint     ] Application time: 1.0002392 seconds
[2024-09-04T12:09:08.967+0000][58.796s][debug][safepoint     ] ... found polling page return exception at pc = 0x00007ff4a0b927d4, stub =0x00007ff498824b00
[2024-09-04T12:09:08.967+0000][58.796s][debug][safepoint     ] Waiting for 1 thread(s) to block
[2024-09-04T12:09:08.967+0000][58.796s][info ][safepoint     ] Entering safepoint region: Cleanup
[2024-09-04T12:09:08.968+0000][58.797s][info ][safepoint     ] Leaving safepoint region
[2024-09-04T12:09:08.968+0000][58.797s][info ][safepoint     ] Total time for which application threads were stopped: 0.0008144 seconds, Stopping threads took: 0.0002784 seconds
[2024-09-04T12:09:09.968+0000][59.797s][debug][safepoint     ] Safepoint synchronization initiated. (275 threads)
[2024-09-04T12:09:09.968+0000][59.797s][info ][safepoint     ] Application time: 1.0004334 seconds
[2024-09-04T12:09:09.968+0000][59.797s][info ][safepoint     ] Entering safepoint region: Cleanup
[2024-09-04T12:09:09.969+0000][59.798s][info ][safepoint     ] Leaving safepoint region
[2024-09-04T12:09:09.969+0000][59.798s][info ][safepoint     ] Total time for which application threads were stopped: 0.0007423 seconds, Stopping threads took: 0.0002283 seconds
[2024-09-04T12:09:09.969+0000][59.798s][debug][safepoint     ] ... found polling page return exception at pc = 0x00007ff4a0937f0f, stub =0x00007ff498824b00
[2024-09-04T12:09:10.969+0000][60.798s][debug][safepoint     ] Safepoint synchronization initiated. (275 threads)
[2024-09-04T12:09:10.969+0000][60.798s][info ][safepoint     ] Application time: 1.0001802 seconds
[2024-09-04T12:09:10.969+0000][60.798s][info ][safepoint     ] Entering safepoint region: Cleanup
[2024-09-04T12:09:10.970+0000][60.799s][info ][safepoint     ] Leaving safepoint region
[2024-09-04T12:09:10.970+0000][60.799s][info ][safepoint     ] Total time for which application threads were stopped: 0.0006530 seconds, Stopping threads took: 0.0001400 seconds
[2024-09-04T12:09:11.970+0000][61.799s][debug][safepoint     ] Safepoint synchronization initiated. (275 threads)
[2024-09-04T12:09:11.970+0000][61.799s][info ][safepoint     ] Application time: 1.0002252 seconds
[2024-09-04T12:09:11.970+0000][61.799s][info ][safepoint     ] Entering safepoint region: Cleanup
[2024-09-04T12:09:11.971+0000][61.800s][info ][safepoint     ] Leaving safepoint region
[2024-09-04T12:09:11.971+0000][61.800s][info ][safepoint     ] Total time for which application threads were stopped: 0.0007967 seconds, Stopping threads took: 0.0001848 seconds
[2024-09-04T12:09:12.971+0000][62.800s][debug][safepoint     ] Safepoint synchronization initiated. (276 threads)
[2024-09-04T12:09:12.971+0000][62.800s][info ][safepoint     ] Application time: 1.0002523 seconds
[2024-09-04T12:09:12.971+0000][62.800s][info ][safepoint     ] Entering safepoint region: Cleanup
[2024-09-04T12:09:12.972+0000][62.801s][info ][safepoint     ] Leaving safepoint region
[2024-09-04T12:09:12.972+0000][62.801s][debug][safepoint     ] ... found polling page return exception at pc = 0x00007ff4a06a8636, stub =0x00007ff498824b00
[2024-09-04T12:09:12.972+0000][62.801s][info ][safepoint     ] Total time for which application threads were stopped: 0.0008875 seconds, Stopping threads took: 0.0002074 seconds
[2024-09-04T12:09:13.972+0000][63.801s][debug][safepoint     ] Safepoint synchronization initiated. (276 threads)
[2024-09-04T12:09:13.990+0000][63.819s][info ][safepoint     ] Application time: 1.0175047 seconds
[2024-09-04T12:09:13.990+0000][63.819s][info ][safepoint     ] Entering safepoint region: Cleanup
[2024-09-04T12:09:13.991+0000][63.820s][info ][safepoint     ] Leaving safepoint region
[2024-09-04T12:09:13.991+0000][63.820s][info ][safepoint     ] Total time for which application threads were stopped: 0.0009335 seconds, Stopping threads took: 0.0001864 seconds
[2024-09-04T12:09:14.991+0000][64.820s][debug][safepoint     ] Safepoint synchronization initiated. (277 threads)
[2024-09-04T12:09:14.991+0000][64.820s][info ][safepoint     ] Application time: 1.0002317 seconds
[2024-09-04T12:09:14.991+0000][64.820s][debug][safepoint     ] ... found polling page return exception at pc = 0x00007ff4a03d509f, stub =0x00007ff498824b00
[2024-09-04T12:09:14.991+0000][64.820s][debug][safepoint     ] Waiting for 1 thread(s) to block
[2024-09-04T12:09:14.991+0000][64.820s][info ][safepoint     ] Entering safepoint region: Cleanup
[2024-09-04T12:09:14.992+0000][64.821s][info ][safepoint     ] Leaving safepoint region
[2024-09-04T12:09:14.992+0000][64.821s][info ][safepoint     ] Total time for which application threads were stopped: 0.0007285 seconds, Stopping threads took: 0.0003138 seconds
[2024-09-04T12:09:15.992+0000][65.821s][debug][safepoint     ] Safepoint synchronization initiated. (276 threads)
[2024-09-04T12:09:15.992+0000][65.821s][info ][safepoint     ] Application time: 1.0001973 seconds
[2024-09-04T12:09:15.992+0000][65.821s][info ][safepoint     ] Entering safepoint region: Cleanup
[2024-09-04T12:09:15.993+0000][65.822s][info ][safepoint     ] Leaving safepoint region
[2024-09-04T12:09:15.993+0000][65.822s][info ][safepoint     ] Total time for which application threads were stopped: 0.0007213 seconds, Stopping threads took: 0.0001543 seconds
[2024-09-04T12:09:16.340+0000][66.169s][debug][safepoint     ] Safepoint synchronization initiated. (276 threads)
[2024-09-04T12:09:16.340+0000][66.169s][info ][safepoint     ] Application time: 0.3472977 seconds
[2024-09-04T12:09:16.340+0000][66.169s][info ][safepoint     ] Entering safepoint region: G1CollectForAllocation
[2024-09-04T12:09:16.341+0000][66.170s][info ][gc,start      ] GC(68) Pause Young (Normal) (G1 Evacuation Pause)
[2024-09-04T12:09:16.341+0000][66.170s][info ][gc,task       ] GC(68) Using 4 workers of 4 for evacuation
[2024-09-04T12:09:16.367+0000][66.196s][info ][gc,phases     ] GC(68)   Pre Evacuate Collection Set: 0.0ms
[2024-09-04T12:09:16.367+0000][66.196s][info ][gc,phases     ] GC(68)   Evacuate Collection Set: 19.8ms
[2024-09-04T12:09:16.367+0000][66.196s][info ][gc,phases     ] GC(68)   Post Evacuate Collection Set: 5.5ms
[2024-09-04T12:09:16.367+0000][66.196s][info ][gc,phases     ] GC(68)   Other: 0.6ms
[2024-09-04T12:09:16.367+0000][66.196s][info ][gc,heap       ] GC(68) Eden regions: 189->0(178)
[2024-09-04T12:09:16.367+0000][66.196s][info ][gc,heap       ] GC(68) Survivor regions: 17->20(26)
[2024-09-04T12:09:16.367+0000][66.196s][info ][gc,heap       ] GC(68) Old regions: 147->152
[2024-09-04T12:09:16.367+0000][66.196s][info ][gc,heap       ] GC(68) Humongous regions: 0->0
[2024-09-04T12:09:16.367+0000][66.196s][info ][gc,metaspace  ] GC(68) Metaspace: 171319K(177008K)->171319K(177008K) NonClass: 151381K(154836K)->151381K(154836K) Class: 19938K(22172K)->19938K(22172K)
[2024-09-04T12:09:16.367+0000][66.196s][info ][gc            ] GC(68) Pause Young (Normal) (G1 Evacuation Pause) 351M->169M(412M) 26.137ms
[2024-09-04T12:09:16.367+0000][66.196s][info ][gc,cpu        ] GC(68) User=0.08s Sys=0.00s Real=0.03s
[2024-09-04T12:09:16.367+0000][66.196s][info ][safepoint     ] Leaving safepoint region
[2024-09-04T12:09:16.367+0000][66.196s][info ][safepoint     ] Total time for which application threads were stopped: 0.0270972 seconds, Stopping threads took: 0.0001455 seconds
[2024-09-04T12:09:16.367+0000][66.196s][info ][gc,stringdedup] Concurrent String Deduplication (66.196s)
[2024-09-04T12:09:16.370+0000][66.198s][info ][gc,stringdedup] Concurrent String Deduplication 169.2K->58064.0B(112.5K) avg 54.6% (66.196s, 66.198s) 2.116ms
[2024-09-04T12:09:17.367+0000][67.196s][debug][safepoint     ] Safepoint synchronization initiated. (276 threads)
[2024-09-04T12:09:17.368+0000][67.196s][info ][safepoint     ] Application time: 1.0003333 seconds
[2024-09-04T12:09:17.368+0000][67.197s][info ][safepoint     ] Entering safepoint region: Cleanup
[2024-09-04T12:09:17.368+0000][67.197s][info ][safepoint     ] Leaving safepoint region
[2024-09-04T12:09:17.369+0000][67.197s][info ][safepoint     ] Total time for which application threads were stopped: 0.0009341 seconds, Stopping threads took: 0.0002243 seconds
[2024-09-04T12:09:18.369+0000][68.198s][debug][safepoint     ] Safepoint synchronization initiated. (276 threads)
[2024-09-04T12:09:18.369+0000][68.198s][info ][safepoint     ] Application time: 1.0003093 seconds
[2024-09-04T12:09:18.369+0000][68.198s][info ][safepoint     ] Entering safepoint region: Cleanup
[2024-09-04T12:09:18.370+0000][68.199s][info ][safepoint     ] Leaving safepoint region
[2024-09-04T12:09:18.370+0000][68.199s][info ][safepoint     ] Total time for which application threads were stopped: 0.0009189 seconds, Stopping threads took: 0.0001873 seconds
[2024-09-04T12:09:19.370+0000][69.199s][debug][safepoint     ] Safepoint synchronization initiated. (276 threads)
[2024-09-04T12:09:19.370+0000][69.199s][info ][safepoint     ] Application time: 1.0001950 seconds
[2024-09-04T12:09:19.370+0000][69.199s][info ][safepoint     ] Entering safepoint region: Cleanup
[2024-09-04T12:09:19.371+0000][69.200s][info ][safepoint     ] Leaving safepoint region
[2024-09-04T12:09:19.371+0000][69.200s][info ][safepoint     ] Total time for which application threads were stopped: 0.0009815 seconds, Stopping threads took: 0.0003049 seconds
[2024-09-04T12:09:20.371+0000][70.200s][debug][safepoint     ] Safepoint synchronization initiated. (276 threads)
[2024-09-04T12:09:20.371+0000][70.200s][info ][safepoint     ] Application time: 1.0002363 seconds
[2024-09-04T12:09:20.371+0000][70.200s][info ][safepoint     ] Entering safepoint region: Cleanup
[2024-09-04T12:09:20.372+0000][70.201s][info ][safepoint     ] Leaving safepoint region
[2024-09-04T12:09:20.372+0000][70.201s][info ][safepoint     ] Total time for which application threads were stopped: 0.0010171 seconds, Stopping threads took: 0.0002151 seconds
[2024-09-04T12:09:21.372+0000][71.201s][debug][safepoint     ] Safepoint synchronization initiated. (276 threads)
[2024-09-04T12:09:21.373+0000][71.201s][info ][safepoint     ] Application time: 1.0002111 seconds
[2024-09-04T12:09:21.373+0000][71.202s][info ][safepoint     ] Entering safepoint region: Cleanup
[2024-09-04T12:09:21.373+0000][71.202s][info ][safepoint     ] Leaving safepoint region
[2024-09-04T12:09:21.374+0000][71.202s][info ][safepoint     ] Total time for which application threads were stopped: 0.0009903 seconds, Stopping threads took: 0.0002285 seconds
[2024-09-04T12:09:22.374+0000][72.202s][debug][safepoint     ] Safepoint synchronization initiated. (276 threads)
[2024-09-04T12:09:22.374+0000][72.203s][info ][safepoint     ] Application time: 1.0002062 seconds
[2024-09-04T12:09:22.374+0000][72.203s][info ][safepoint     ] Entering safepoint region: Cleanup
[2024-09-04T12:09:22.375+0000][72.203s][info ][safepoint     ] Leaving safepoint region
[2024-09-04T12:09:22.375+0000][72.203s][info ][safepoint     ] Total time for which application threads were stopped: 0.0009085 seconds, Stopping threads took: 0.0002083 seconds
[2024-09-04T12:09:23.375+0000][73.204s][debug][safepoint     ] Safepoint synchronization initiated. (275 threads)
[2024-09-04T12:09:23.375+0000][73.204s][info ][safepoint     ] Application time: 1.0002608 seconds
[2024-09-04T12:09:23.375+0000][73.204s][info ][safepoint     ] Entering safepoint region: Cleanup
[2024-09-04T12:09:23.376+0000][73.204s][info ][safepoint     ] Leaving safepoint region
[2024-09-04T12:09:23.376+0000][73.205s][info ][safepoint     ] Total time for which application threads were stopped: 0.0006603 seconds, Stopping threads took: 0.0001771 seconds
[2024-09-04T12:09:24.376+0000][74.205s][debug][safepoint     ] Safepoint synchronization initiated. (275 threads)
[2024-09-04T12:09:24.376+0000][74.205s][info ][safepoint     ] Application time: 1.0001935 seconds
[2024-09-04T12:09:24.376+0000][74.205s][info ][safepoint     ] Entering safepoint region: Cleanup
[2024-09-04T12:09:24.377+0000][74.205s][info ][safepoint     ] Leaving safepoint region
[2024-09-04T12:09:24.377+0000][74.205s][info ][safepoint     ] Total time for which application threads were stopped: 0.0006682 seconds, Stopping threads took: 0.0001500 seconds
[2024-09-04T12:09:25.377+0000][75.206s][debug][safepoint     ] Safepoint synchronization initiated. (275 threads)
[2024-09-04T12:09:25.377+0000][75.206s][info ][safepoint     ] Application time: 1.0001728 seconds
[2024-09-04T12:09:25.377+0000][75.206s][info ][safepoint     ] Entering safepoint region: Cleanup
[2024-09-04T12:09:25.378+0000][75.206s][info ][safepoint     ] Leaving safepoint region
[2024-09-04T12:09:25.378+0000][75.206s][info ][safepoint     ] Total time for which application threads were stopped: 0.0007055 seconds, Stopping threads took: 0.0001578 seconds
[2024-09-04T12:09:26.378+0000][76.207s][debug][safepoint     ] Safepoint synchronization initiated. (275 threads)
[2024-09-04T12:09:26.378+0000][76.207s][info ][safepoint     ] Application time: 1.0004099 seconds
[2024-09-04T12:09:26.378+0000][76.207s][info ][safepoint     ] Entering safepoint region: Cleanup
[2024-09-04T12:09:26.379+0000][76.208s][info ][safepoint     ] Leaving safepoint region
[2024-09-04T12:09:26.379+0000][76.208s][info ][safepoint     ] Total time for which application threads were stopped: 0.0008299 seconds, Stopping threads took: 0.0002354 seconds
[2024-09-04T12:09:27.379+0000][77.208s][debug][safepoint     ] Safepoint synchronization initiated. (275 threads)
[2024-09-04T12:09:27.379+0000][77.208s][info ][safepoint     ] Application time: 1.0003704 seconds
[2024-09-04T12:09:27.379+0000][77.208s][info ][safepoint     ] Entering safepoint region: Cleanup
[2024-09-04T12:09:27.380+0000][77.209s][info ][safepoint     ] Leaving safepoint region
[2024-09-04T12:09:27.380+0000][77.209s][info ][safepoint     ] Total time for which application threads were stopped: 0.0010925 seconds, Stopping threads took: 0.0002629 seconds
[2024-09-04T12:09:28.381+0000][78.209s][debug][safepoint     ] Safepoint synchronization initiated. (275 threads)
[2024-09-04T12:09:28.381+0000][78.209s][info ][safepoint     ] Application time: 1.0003067 seconds
[2024-09-04T12:09:28.381+0000][78.210s][info ][safepoint     ] Entering safepoint region: Cleanup
[2024-09-04T12:09:28.382+0000][78.210s][info ][safepoint     ] Leaving safepoint region
[2024-09-04T12:09:28.382+0000][78.210s][info ][safepoint     ] Total time for which application threads were stopped: 0.0008907 seconds, Stopping threads took: 0.0002584 seconds
[2024-09-04T12:09:29.382+0000][79.211s][debug][safepoint     ] Safepoint synchronization initiated. (275 threads)
[2024-09-04T12:09:29.382+0000][79.211s][info ][safepoint     ] Application time: 1.0002762 seconds
[2024-09-04T12:09:29.382+0000][79.211s][info ][safepoint     ] Entering safepoint region: Cleanup
[2024-09-04T12:09:29.383+0000][79.211s][info ][safepoint     ] Leaving safepoint region
[2024-09-04T12:09:29.383+0000][79.212s][info ][safepoint     ] Total time for which application threads were stopped: 0.0008208 seconds, Stopping threads took: 0.0002452 seconds
[2024-09-04T12:09:30.383+0000][80.212s][debug][safepoint     ] Safepoint synchronization initiated. (275 threads)
[2024-09-04T12:09:30.383+0000][80.212s][info ][safepoint     ] Application time: 1.0002139 seconds
[2024-09-04T12:09:30.383+0000][80.212s][info ][safepoint     ] Entering safepoint region: Cleanup
[2024-09-04T12:09:30.384+0000][80.213s][info ][safepoint     ] Leaving safepoint region
[2024-09-04T12:09:30.384+0000][80.213s][info ][safepoint     ] Total time for which application threads were stopped: 0.0007711 seconds, Stopping threads took: 0.0001943 seconds
[2024-09-04T12:09:31.384+0000][81.213s][debug][safepoint     ] Safepoint synchronization initiated. (275 threads)
[2024-09-04T12:09:31.384+0000][81.213s][info ][safepoint     ] Application time: 1.0002579 seconds
[2024-09-04T12:09:31.384+0000][81.213s][info ][safepoint     ] Entering safepoint region: Cleanup
[2024-09-04T12:09:31.385+0000][81.214s][info ][safepoint     ] Leaving safepoint region
[2024-09-04T12:09:31.385+0000][81.214s][info ][safepoint     ] Total time for which application threads were stopped: 0.0010549 seconds, Stopping threads took: 0.0002371 seconds
[2024-09-04T12:09:32.385+0000][82.214s][debug][safepoint     ] Safepoint synchronization initiated. (275 threads)
[2024-09-04T12:09:32.386+0000][82.214s][info ][safepoint     ] Application time: 1.0003837 seconds
[2024-09-04T12:09:32.386+0000][82.215s][debug][safepoint     ] ... found polling page loop exception at pc = 0x00007ff4a0cbf2a4, stub =0x00007ff498826680
[2024-09-04T12:09:32.386+0000][82.215s][debug][safepoint     ] Waiting for 1 thread(s) to block
[2024-09-04T12:09:32.386+0000][82.215s][info ][safepoint     ] Entering safepoint region: Cleanup
[2024-09-04T12:09:32.386+0000][82.215s][debug][safepoint     ] ... found polling page return exception at pc = 0x00007ff4a06a8636, stub =0x00007ff498824b00
[2024-09-04T12:09:32.387+0000][82.215s][info ][safepoint     ] Leaving safepoint region
[2024-09-04T12:09:32.387+0000][82.215s][debug][safepoint     ] ... found polling page return exception at pc = 0x00007ff4a0937f0f, stub =0x00007ff498824b00
[2024-09-04T12:09:32.387+0000][82.215s][info ][safepoint     ] Total time for which application threads were stopped: 0.0009431 seconds, Stopping threads took: 0.0005175 seconds
[2024-09-04T12:09:33.387+0000][83.216s][debug][safepoint     ] Safepoint synchronization initiated. (275 threads)
[2024-09-04T12:09:33.387+0000][83.216s][info ][safepoint     ] Application time: 1.0002060 seconds
[2024-09-04T12:09:33.387+0000][83.216s][info ][safepoint     ] Entering safepoint region: Cleanup
[2024-09-04T12:09:33.388+0000][83.216s][info ][safepoint     ] Leaving safepoint region
[2024-09-04T12:09:33.388+0000][83.216s][info ][safepoint     ] Total time for which application threads were stopped: 0.0008071 seconds, Stopping threads took: 0.0002398 seconds
[2024-09-04T12:09:34.388+0000][84.217s][debug][safepoint     ] Safepoint synchronization initiated. (275 threads)
[2024-09-04T12:09:34.388+0000][84.217s][info ][safepoint     ] Application time: 1.0002303 seconds
[2024-09-04T12:09:34.388+0000][84.217s][info ][safepoint     ] Entering safepoint region: Cleanup
[2024-09-04T12:09:34.389+0000][84.217s][info ][safepoint     ] Leaving safepoint region
[2024-09-04T12:09:34.389+0000][84.217s][info ][safepoint     ] Total time for which application threads were stopped: 0.0006045 seconds, Stopping threads took: 0.0001938 seconds
[2024-09-04T12:09:35.389+0000][85.218s][debug][safepoint     ] Safepoint synchronization initiated. (275 threads)
[2024-09-04T12:09:35.389+0000][85.218s][info ][safepoint     ] Application time: 1.0001693 seconds
[2024-09-04T12:09:35.389+0000][85.218s][info ][safepoint     ] Entering safepoint region: Cleanup
[2024-09-04T12:09:35.389+0000][85.218s][info ][safepoint     ] Leaving safepoint region
[2024-09-04T12:09:35.389+0000][85.218s][info ][safepoint     ] Total time for which application threads were stopped: 0.0005185 seconds, Stopping threads took: 0.0001532 seconds
[2024-09-04T12:09:36.390+0000][86.218s][debug][safepoint     ] Safepoint synchronization initiated. (275 threads)
[2024-09-04T12:09:36.390+0000][86.218s][info ][safepoint     ] Application time: 1.0003574 seconds
[2024-09-04T12:09:36.390+0000][86.219s][info ][safepoint     ] Entering safepoint region: Cleanup
[2024-09-04T12:09:36.391+0000][86.219s][info ][safepoint     ] Leaving safepoint region
[2024-09-04T12:09:36.391+0000][86.219s][info ][safepoint     ] Total time for which application threads were stopped: 0.0009461 seconds, Stopping threads took: 0.0002931 seconds
[2024-09-04T12:09:37.391+0000][87.220s][debug][safepoint     ] Safepoint synchronization initiated. (275 threads)
[2024-09-04T12:09:37.391+0000][87.220s][info ][safepoint     ] Application time: 1.0002890 seconds
[2024-09-04T12:09:37.391+0000][87.220s][info ][safepoint     ] Entering safepoint region: Cleanup
[2024-09-04T12:09:37.392+0000][87.220s][info ][safepoint     ] Leaving safepoint region
[2024-09-04T12:09:37.392+0000][87.221s][info ][safepoint     ] Total time for which application threads were stopped: 0.0007283 seconds, Stopping threads took: 0.0001543 seconds
[2024-09-04T12:09:38.392+0000][88.221s][debug][safepoint     ] Safepoint synchronization initiated. (275 threads)
[2024-09-04T12:09:38.392+0000][88.221s][info ][safepoint     ] Application time: 1.0002767 seconds
[2024-09-04T12:09:38.392+0000][88.221s][info ][safepoint     ] Entering safepoint region: Cleanup
[2024-09-04T12:09:38.393+0000][88.222s][info ][safepoint     ] Leaving safepoint region
[2024-09-04T12:09:38.393+0000][88.222s][info ][safepoint     ] Total time for which application threads were stopped: 0.0008798 seconds, Stopping threads took: 0.0001915 seconds
[2024-09-04T12:09:39.393+0000][89.222s][debug][safepoint     ] Safepoint synchronization initiated. (275 threads)
[2024-09-04T12:09:39.393+0000][89.222s][info ][safepoint     ] Application time: 1.0003189 seconds
[2024-09-04T12:09:39.394+0000][89.222s][info ][safepoint     ] Entering safepoint region: Cleanup
[2024-09-04T12:09:39.394+0000][89.223s][info ][safepoint     ] Leaving safepoint region
[2024-09-04T12:09:39.394+0000][89.223s][info ][safepoint     ] Total time for which application threads were stopped: 0.0009107 seconds, Stopping threads took: 0.0003351 seconds
[2024-09-04T12:09:40.395+0000][90.223s][debug][safepoint     ] Safepoint synchronization initiated. (275 threads)
[2024-09-04T12:09:40.395+0000][90.223s][info ][safepoint     ] Application time: 1.0003013 seconds
[2024-09-04T12:09:40.395+0000][90.224s][info ][safepoint     ] Entering safepoint region: Cleanup
[2024-09-04T12:09:40.396+0000][90.224s][info ][safepoint     ] Leaving safepoint region
[2024-09-04T12:09:40.396+0000][90.224s][info ][safepoint     ] Total time for which application threads were stopped: 0.0010936 seconds, Stopping threads took: 0.0002609 seconds
[2024-09-04T12:09:40.939+0000][90.768s][debug][safepoint     ] Safepoint synchronization initiated. (275 threads)
[2024-09-04T12:09:40.939+0000][90.768s][info ][safepoint     ] Application time: 0.5432264 seconds
[2024-09-04T12:09:40.939+0000][90.768s][info ][safepoint     ] Entering safepoint region: G1CollectForAllocation
[2024-09-04T12:09:40.940+0000][90.769s][info ][gc,start      ] GC(69) Pause Young (Normal) (G1 Evacuation Pause)
[2024-09-04T12:09:40.940+0000][90.769s][info ][gc,task       ] GC(69) Using 4 workers of 4 for evacuation
[2024-09-04T12:09:40.962+0000][90.791s][info ][gc,phases     ] GC(69)   Pre Evacuate Collection Set: 0.1ms
[2024-09-04T12:09:40.962+0000][90.791s][info ][gc,phases     ] GC(69)   Evacuate Collection Set: 15.6ms
[2024-09-04T12:09:40.962+0000][90.791s][info ][gc,phases     ] GC(69)   Post Evacuate Collection Set: 5.6ms
[2024-09-04T12:09:40.962+0000][90.791s][info ][gc,phases     ] GC(69)   Other: 0.7ms
[2024-09-04T12:09:40.962+0000][90.791s][info ][gc,heap       ] GC(69) Eden regions: 178->0(185)
[2024-09-04T12:09:40.962+0000][90.791s][info ][gc,heap       ] GC(69) Survivor regions: 20->13(25)
[2024-09-04T12:09:40.962+0000][90.791s][info ][gc,heap       ] GC(69) Old regions: 152->159
[2024-09-04T12:09:40.962+0000][90.791s][info ][gc,heap       ] GC(69) Humongous regions: 0->0
[2024-09-04T12:09:40.962+0000][90.791s][info ][gc,metaspace  ] GC(69) Metaspace: 171511K(177264K)->171511K(177264K) NonClass: 151545K(155092K)->151545K(155092K) Class: 19965K(22172K)->19965K(22172K)
[2024-09-04T12:09:40.962+0000][90.791s][info ][gc            ] GC(69) Pause Young (Normal) (G1 Evacuation Pause) 347M->170M(412M) 22.139ms
[2024-09-04T12:09:40.962+0000][90.791s][info ][gc,cpu        ] GC(69) User=0.07s Sys=0.01s Real=0.03s
[2024-09-04T12:09:40.962+0000][90.791s][info ][safepoint     ] Leaving safepoint region
[2024-09-04T12:09:40.962+0000][90.791s][info ][safepoint     ] Total time for which application threads were stopped: 0.0232799 seconds, Stopping threads took: 0.0002380 seconds
[2024-09-04T12:09:40.962+0000][90.791s][info ][gc,stringdedup] Concurrent String Deduplication (90.791s)
[2024-09-04T12:09:40.965+0000][90.794s][info ][gc,stringdedup] Concurrent String Deduplication 427.8K->243.6K(184.2K) avg 54.3% (90.791s, 90.794s) 2.576ms
[2024-09-04T12:09:41.963+0000][91.791s][debug][safepoint     ] Safepoint synchronization initiated. (275 threads)
[2024-09-04T12:09:41.963+0000][91.791s][info ][safepoint     ] Application time: 1.0003188 seconds
[2024-09-04T12:09:41.963+0000][91.792s][info ][safepoint     ] Entering safepoint region: Cleanup
[2024-09-04T12:09:41.963+0000][91.792s][info ][safepoint     ] Leaving safepoint region
[2024-09-04T12:09:41.963+0000][91.792s][info ][safepoint     ] Total time for which application threads were stopped: 0.0008089 seconds, Stopping threads took: 0.0002586 seconds
[2024-09-04T12:09:42.964+0000][92.793s][debug][safepoint     ] Safepoint synchronization initiated. (275 threads)
[2024-09-04T12:09:42.964+0000][92.793s][info ][safepoint     ] Application time: 1.0003548 seconds
[2024-09-04T12:09:42.964+0000][92.793s][info ][safepoint     ] Entering safepoint region: Cleanup
[2024-09-04T12:09:42.964+0000][92.793s][info ][safepoint     ] Leaving safepoint region
[2024-09-04T12:09:42.965+0000][92.793s][info ][safepoint     ] Total time for which application threads were stopped: 0.0006854 seconds, Stopping threads took: 0.0001411 seconds
[2024-09-04T12:09:43.965+0000][93.793s][debug][safepoint     ] Safepoint synchronization initiated. (275 threads)
[2024-09-04T12:09:43.965+0000][93.794s][info ][safepoint     ] Application time: 1.0001865 seconds
[2024-09-04T12:09:43.965+0000][93.794s][info ][safepoint     ] Entering safepoint region: Cleanup
[2024-09-04T12:09:43.966+0000][93.794s][info ][safepoint     ] Leaving safepoint region
[2024-09-04T12:09:43.966+0000][93.794s][info ][safepoint     ] Total time for which application threads were stopped: 0.0007712 seconds, Stopping threads took: 0.0001794 seconds
[2024-09-04T12:09:44.966+0000][94.794s][debug][safepoint     ] Safepoint synchronization initiated. (275 threads)
[2024-09-04T12:09:44.966+0000][94.795s][info ][safepoint     ] Application time: 1.0002634 seconds
[2024-09-04T12:09:44.966+0000][94.795s][info ][safepoint     ] Entering safepoint region: Cleanup
[2024-09-04T12:09:44.967+0000][94.795s][info ][safepoint     ] Leaving safepoint region
[2024-09-04T12:09:44.967+0000][94.795s][info ][safepoint     ] Total time for which application threads were stopped: 0.0007728 seconds, Stopping threads took: 0.0002333 seconds
[2024-09-04T12:09:45.967+0000][95.796s][debug][safepoint     ] Safepoint synchronization initiated. (275 threads)
[2024-09-04T12:09:45.967+0000][95.796s][info ][safepoint     ] Application time: 1.0002312 seconds
[2024-09-04T12:09:45.967+0000][95.796s][info ][safepoint     ] Entering safepoint region: Cleanup
[2024-09-04T12:09:45.968+0000][95.796s][info ][safepoint     ] Leaving safepoint region
[2024-09-04T12:09:45.968+0000][95.796s][info ][safepoint     ] Total time for which application threads were stopped: 0.0007500 seconds, Stopping threads took: 0.0001535 seconds
[2024-09-04T12:09:46.968+0000][96.797s][debug][safepoint     ] Safepoint synchronization initiated. (275 threads)
[2024-09-04T12:09:46.968+0000][96.797s][info ][safepoint     ] Application time: 1.0001848 seconds
[2024-09-04T12:09:46.968+0000][96.797s][debug][safepoint     ] ... found polling page loop exception at pc = 0x00007ff4a09f95f2, stub =0x00007ff498826680
[2024-09-04T12:09:46.968+0000][96.797s][debug][safepoint     ] ... found polling page return exception at pc = 0x00007ff4a09c2674, stub =0x00007ff498824b00
[2024-09-04T12:09:46.968+0000][96.797s][debug][safepoint     ] Waiting for 2 thread(s) to block
[2024-09-04T12:09:46.968+0000][96.797s][info ][safepoint     ] Entering safepoint region: Cleanup
[2024-09-04T12:09:46.969+0000][96.797s][debug][safepoint     ] ... found polling page return exception at pc = 0x00007ff4a06a8636, stub =0x00007ff498824b00
[2024-09-04T12:09:46.969+0000][96.797s][info ][safepoint     ] Leaving safepoint region
[2024-09-04T12:09:46.969+0000][96.797s][info ][safepoint     ] Total time for which application threads were stopped: 0.0007354 seconds, Stopping threads took: 0.0004369 seconds
[2024-09-04T12:09:47.969+0000][97.798s][debug][safepoint     ] Safepoint synchronization initiated. (275 threads)
[2024-09-04T12:09:47.969+0000][97.798s][info ][safepoint     ] Application time: 1.0003388 seconds
[2024-09-04T12:09:47.969+0000][97.798s][info ][safepoint     ] Entering safepoint region: Cleanup
[2024-09-04T12:09:47.970+0000][97.799s][info ][safepoint     ] Leaving safepoint region
[2024-09-04T12:09:47.970+0000][97.799s][info ][safepoint     ] Total time for which application threads were stopped: 0.0008499 seconds, Stopping threads took: 0.0002144 seconds
[2024-09-04T12:09:48.970+0000][98.799s][debug][safepoint     ] Safepoint synchronization initiated. (275 threads)
[2024-09-04T12:09:48.970+0000][98.799s][info ][safepoint     ] Application time: 1.0002514 seconds
[2024-09-04T12:09:48.970+0000][98.799s][info ][safepoint     ] Entering safepoint region: Cleanup
[2024-09-04T12:09:48.971+0000][98.800s][info ][safepoint     ] Leaving safepoint region
[2024-09-04T12:09:48.971+0000][98.800s][info ][safepoint     ] Total time for which application threads were stopped: 0.0007031 seconds, Stopping threads took: 0.0002231 seconds
[2024-09-04T12:09:49.971+0000][99.800s][debug][safepoint     ] Safepoint synchronization initiated. (275 threads)
[2024-09-04T12:09:49.971+0000][99.800s][info ][safepoint     ] Application time: 1.0003113 seconds
[2024-09-04T12:09:49.971+0000][99.800s][debug][safepoint     ] ... found polling page loop exception at pc = 0x00007ff4a09f95f2, stub =0x00007ff498826680
[2024-09-04T12:09:49.972+0000][99.800s][debug][safepoint     ] Waiting for 1 thread(s) to block
[2024-09-04T12:09:49.972+0000][99.800s][info ][safepoint     ] Entering safepoint region: Cleanup
[2024-09-04T12:09:49.972+0000][99.801s][info ][safepoint     ] Leaving safepoint region
[2024-09-04T12:09:49.972+0000][99.801s][info ][safepoint     ] Total time for which application threads were stopped: 0.0007946 seconds, Stopping threads took: 0.0004389 seconds
[2024-09-04T12:09:50.972+0000][100.801s][debug][safepoint     ] Safepoint synchronization initiated. (275 threads)
[2024-09-04T12:09:50.972+0000][100.801s][info ][safepoint     ] Application time: 1.0002974 seconds
[2024-09-04T12:09:50.973+0000][100.801s][info ][safepoint     ] Entering safepoint region: Cleanup
[2024-09-04T12:09:50.973+0000][100.802s][info ][safepoint     ] Leaving safepoint region
[2024-09-04T12:09:50.973+0000][100.802s][info ][safepoint     ] Total time for which application threads were stopped: 0.0009442 seconds, Stopping threads took: 0.0002639 seconds
[2024-09-04T12:09:51.974+0000][101.802s][debug][safepoint     ] Safepoint synchronization initiated. (275 threads)
[2024-09-04T12:09:51.974+0000][101.802s][info ][safepoint     ] Application time: 1.0002832 seconds
[2024-09-04T12:09:51.974+0000][101.803s][info ][safepoint     ] Entering safepoint region: Cleanup
[2024-09-04T12:09:51.974+0000][101.803s][info ][safepoint     ] Leaving safepoint region
[2024-09-04T12:09:51.974+0000][101.803s][info ][safepoint     ] Total time for which application threads were stopped: 0.0007723 seconds, Stopping threads took: 0.0002183 seconds
[2024-09-04T12:09:52.975+0000][102.804s][debug][safepoint     ] Safepoint synchronization initiated. (275 threads)
[2024-09-04T12:09:52.975+0000][102.804s][info ][safepoint     ] Application time: 1.0003542 seconds
[2024-09-04T12:09:52.975+0000][102.804s][debug][safepoint     ] Waiting for 1 thread(s) to block
[2024-09-04T12:09:52.975+0000][102.804s][info ][safepoint     ] Entering safepoint region: Cleanup
[2024-09-04T12:09:52.976+0000][102.804s][info ][safepoint     ] Leaving safepoint region
[2024-09-04T12:09:52.976+0000][102.804s][info ][safepoint     ] Total time for which application threads were stopped: 0.0007908 seconds, Stopping threads took: 0.0003870 seconds
[2024-09-04T12:09:53.976+0000][103.805s][debug][safepoint     ] Safepoint synchronization initiated. (275 threads)
[2024-09-04T12:09:53.976+0000][103.805s][info ][safepoint     ] Application time: 1.0003231 seconds
[2024-09-04T12:09:53.976+0000][103.805s][info ][safepoint     ] Entering safepoint region: Cleanup
[2024-09-04T12:09:53.977+0000][103.806s][info ][safepoint     ] Leaving safepoint region
[2024-09-04T12:09:53.977+0000][103.806s][info ][safepoint     ] Total time for which application threads were stopped: 0.0009070 seconds, Stopping threads took: 0.0002025 seconds
[2024-09-04T12:09:54.977+0000][104.806s][debug][safepoint     ] Safepoint synchronization initiated. (275 threads)
[2024-09-04T12:09:54.977+0000][104.806s][info ][safepoint     ] Application time: 1.0002711 seconds
[2024-09-04T12:09:54.978+0000][104.806s][info ][safepoint     ] Entering safepoint region: Cleanup
[2024-09-04T12:09:54.978+0000][104.807s][info ][safepoint     ] Leaving safepoint region
[2024-09-04T12:09:54.978+0000][104.807s][info ][safepoint     ] Total time for which application threads were stopped: 0.0009512 seconds, Stopping threads took: 0.0003834 seconds
[2024-09-04T12:09:55.978+0000][105.807s][debug][safepoint     ] Safepoint synchronization initiated. (275 threads)
[2024-09-04T12:09:55.979+0000][105.807s][info ][safepoint     ] Application time: 1.0002835 seconds
[2024-09-04T12:09:55.979+0000][105.808s][info ][safepoint     ] Entering safepoint region: Cleanup
[2024-09-04T12:09:55.979+0000][105.808s][info ][safepoint     ] Leaving safepoint region
[2024-09-04T12:09:55.979+0000][105.808s][info ][safepoint     ] Total time for which application threads were stopped: 0.0006533 seconds, Stopping threads took: 0.0002537 seconds
[2024-09-04T12:09:56.979+0000][106.808s][debug][safepoint     ] Safepoint synchronization initiated. (275 threads)
[2024-09-04T12:09:56.980+0000][106.808s][info ][safepoint     ] Application time: 1.0003333 seconds
[2024-09-04T12:09:56.980+0000][106.809s][info ][safepoint     ] Entering safepoint region: Cleanup
[2024-09-04T12:09:56.980+0000][106.809s][info ][safepoint     ] Leaving safepoint region
[2024-09-04T12:09:56.980+0000][106.809s][info ][safepoint     ] Total time for which application threads were stopped: 0.0008565 seconds, Stopping threads took: 0.0002867 seconds
[2024-09-04T12:09:57.981+0000][107.809s][debug][safepoint     ] Safepoint synchronization initiated. (275 threads)
[2024-09-04T12:09:57.981+0000][107.809s][info ][safepoint     ] Application time: 1.0002394 seconds
[2024-09-04T12:09:57.981+0000][107.810s][info ][safepoint     ] Entering safepoint region: Cleanup
[2024-09-04T12:09:57.982+0000][107.810s][info ][safepoint     ] Leaving safepoint region
[2024-09-04T12:09:57.982+0000][107.811s][info ][safepoint     ] Total time for which application threads were stopped: 0.0010362 seconds, Stopping threads took: 0.0001991 seconds
[2024-09-04T12:09:58.982+0000][108.811s][debug][safepoint     ] Safepoint synchronization initiated. (273 threads)
[2024-09-04T12:09:58.982+0000][108.811s][info ][safepoint     ] Application time: 1.0001722 seconds
[2024-09-04T12:09:58.982+0000][108.811s][info ][safepoint     ] Entering safepoint region: Cleanup
[2024-09-04T12:09:58.983+0000][108.811s][info ][safepoint     ] Leaving safepoint region
[2024-09-04T12:09:58.983+0000][108.811s][info ][safepoint     ] Total time for which application threads were stopped: 0.0005673 seconds, Stopping threads took: 0.0001630 seconds
[2024-09-04T12:09:59.983+0000][109.812s][debug][safepoint     ] Safepoint synchronization initiated. (269 threads)
[2024-09-04T12:09:59.983+0000][109.812s][info ][safepoint     ] Application time: 1.0002505 seconds
[2024-09-04T12:09:59.983+0000][109.812s][info ][safepoint     ] Entering safepoint region: Cleanup
[2024-09-04T12:09:59.984+0000][109.813s][info ][safepoint     ] Leaving safepoint region
[2024-09-04T12:09:59.984+0000][109.813s][info ][safepoint     ] Total time for which application threads were stopped: 0.0009318 seconds, Stopping threads took: 0.0002258 seconds
[2024-09-04T12:10:00.984+0000][110.813s][debug][safepoint     ] Safepoint synchronization initiated. (270 threads)
[2024-09-04T12:10:00.984+0000][110.813s][info ][safepoint     ] Application time: 1.0002942 seconds
[2024-09-04T12:10:00.984+0000][110.813s][info ][safepoint     ] Entering safepoint region: Cleanup
[2024-09-04T12:10:00.985+0000][110.814s][info ][safepoint     ] Leaving safepoint region
[2024-09-04T12:10:00.985+0000][110.814s][info ][safepoint     ] Total time for which application threads were stopped: 0.0008706 seconds, Stopping threads took: 0.0002311 seconds
[2024-09-04T12:10:01.985+0000][111.814s][debug][safepoint     ] Safepoint synchronization initiated. (270 threads)
[2024-09-04T12:10:01.985+0000][111.814s][info ][safepoint     ] Application time: 1.0001835 seconds
[2024-09-04T12:10:01.985+0000][111.814s][info ][safepoint     ] Entering safepoint region: Cleanup
[2024-09-04T12:10:01.986+0000][111.815s][info ][safepoint     ] Leaving safepoint region
[2024-09-04T12:10:01.986+0000][111.815s][info ][safepoint     ] Total time for which application threads were stopped: 0.0006543 seconds, Stopping threads took: 0.0001318 seconds
[2024-09-04T12:10:02.986+0000][112.815s][debug][safepoint     ] Safepoint synchronization initiated. (270 threads)
[2024-09-04T12:10:02.986+0000][112.815s][info ][safepoint     ] Application time: 1.0002548 seconds
[2024-09-04T12:10:02.986+0000][112.815s][info ][safepoint     ] Entering safepoint region: Cleanup
[2024-09-04T12:10:02.987+0000][112.816s][debug][safepoint     ] ... found polling page return exception at pc = 0x00007ff4a06a8636, stub =0x00007ff498824b00
[2024-09-04T12:10:02.987+0000][112.816s][info ][safepoint     ] Leaving safepoint region
[2024-09-04T12:10:02.987+0000][112.816s][info ][safepoint     ] Total time for which application threads were stopped: 0.0010174 seconds, Stopping threads took: 0.0002082 seconds
[2024-09-04T12:10:03.987+0000][113.816s][debug][safepoint     ] Safepoint synchronization initiated. (270 threads)
[2024-09-04T12:10:03.988+0000][113.816s][info ][safepoint     ] Application time: 1.0003059 seconds
[2024-09-04T12:10:03.988+0000][113.817s][info ][safepoint     ] Entering safepoint region: Cleanup
[2024-09-04T12:10:03.988+0000][113.817s][info ][safepoint     ] Leaving safepoint region
[2024-09-04T12:10:03.988+0000][113.817s][info ][safepoint     ] Total time for which application threads were stopped: 0.0006294 seconds, Stopping threads took: 0.0002221 seconds
[2024-09-04T12:10:04.988+0000][114.817s][debug][safepoint     ] Safepoint synchronization initiated. (270 threads)
[2024-09-04T12:10:04.989+0000][114.817s][info ][safepoint     ] Application time: 1.0003375 seconds
[2024-09-04T12:10:04.989+0000][114.818s][info ][safepoint     ] Entering safepoint region: Cleanup
[2024-09-04T12:10:04.990+0000][114.818s][info ][safepoint     ] Leaving safepoint region
[2024-09-04T12:10:04.990+0000][114.818s][info ][safepoint     ] Total time for which application threads were stopped: 0.0009652 seconds, Stopping threads took: 0.0002937 seconds
[2024-09-04T12:10:05.990+0000][115.819s][debug][safepoint     ] Safepoint synchronization initiated. (270 threads)
[2024-09-04T12:10:05.990+0000][115.819s][info ][safepoint     ] Application time: 1.0003212 seconds
[2024-09-04T12:10:05.990+0000][115.819s][info ][safepoint     ] Entering safepoint region: Cleanup
[2024-09-04T12:10:05.991+0000][115.819s][info ][safepoint     ] Leaving safepoint region
[2024-09-04T12:10:05.991+0000][115.819s][info ][safepoint     ] Total time for which application threads were stopped: 0.0006880 seconds, Stopping threads took: 0.0002184 seconds
[2024-09-04T12:10:06.991+0000][116.820s][debug][safepoint     ] Safepoint synchronization initiated. (270 threads)
[2024-09-04T12:10:06.991+0000][116.820s][info ][safepoint     ] Application time: 1.0003132 seconds
[2024-09-04T12:10:06.991+0000][116.820s][info ][safepoint     ] Entering safepoint region: Cleanup
[2024-09-04T12:10:06.992+0000][116.821s][info ][safepoint     ] Leaving safepoint region
[2024-09-04T12:10:06.992+0000][116.821s][info ][safepoint     ] Total time for which application threads were stopped: 0.0009441 seconds, Stopping threads took: 0.0002047 seconds
[2024-09-04T12:10:07.992+0000][117.821s][debug][safepoint     ] Safepoint synchronization initiated. (270 threads)
[2024-09-04T12:10:07.992+0000][117.821s][info ][safepoint     ] Application time: 1.0003743 seconds
[2024-09-04T12:10:07.993+0000][117.821s][info ][safepoint     ] Entering safepoint region: Cleanup
[2024-09-04T12:10:07.993+0000][117.822s][info ][safepoint     ] Leaving safepoint region
[2024-09-04T12:10:07.993+0000][117.822s][info ][safepoint     ] Total time for which application threads were stopped: 0.0010083 seconds, Stopping threads took: 0.0002064 seconds
[2024-09-04T12:10:08.203+0000][118.031s][debug][safepoint     ] Safepoint synchronization initiated. (270 threads)
[2024-09-04T12:10:08.203+0000][118.032s][info ][safepoint     ] Application time: 0.2093963 seconds
[2024-09-04T12:10:08.203+0000][118.032s][debug][safepoint     ] ... found polling page return exception at pc = 0x00007ff4a0a468c4, stub =0x00007ff498824b00
[2024-09-04T12:10:08.203+0000][118.032s][debug][safepoint     ] Waiting for 2 thread(s) to block
[2024-09-04T12:10:08.203+0000][118.032s][info ][safepoint     ] Entering safepoint region: G1CollectForAllocation
[2024-09-04T12:10:08.204+0000][118.032s][info ][gc,start      ] GC(70) Pause Young (Normal) (G1 Evacuation Pause)
[2024-09-04T12:10:08.204+0000][118.032s][info ][gc,task       ] GC(70) Using 4 workers of 4 for evacuation
[2024-09-04T12:10:08.220+0000][118.049s][info ][gc,phases     ] GC(70)   Pre Evacuate Collection Set: 0.1ms
[2024-09-04T12:10:08.220+0000][118.049s][info ][gc,phases     ] GC(70)   Evacuate Collection Set: 11.2ms
[2024-09-04T12:10:08.220+0000][118.049s][info ][gc,phases     ] GC(70)   Post Evacuate Collection Set: 5.2ms
[2024-09-04T12:10:08.221+0000][118.049s][info ][gc,phases     ] GC(70)   Other: 0.5ms
[2024-09-04T12:10:08.221+0000][118.049s][info ][gc,heap       ] GC(70) Eden regions: 185->0(183)
[2024-09-04T12:10:08.221+0000][118.049s][info ][gc,heap       ] GC(70) Survivor regions: 13->14(25)
[2024-09-04T12:10:08.221+0000][118.049s][info ][gc,heap       ] GC(70) Old regions: 159->159
[2024-09-04T12:10:08.221+0000][118.049s][info ][gc,heap       ] GC(70) Humongous regions: 0->0
[2024-09-04T12:10:08.221+0000][118.049s][info ][gc,metaspace  ] GC(70) Metaspace: 171688K(177392K)->171688K(177392K) NonClass: 151704K(155092K)->151704K(155092K) Class: 19984K(22300K)->19984K(22300K)
[2024-09-04T12:10:08.221+0000][118.049s][info ][gc            ] GC(70) Pause Young (Normal) (G1 Evacuation Pause) 355M->170M(412M) 17.084ms
[2024-09-04T12:10:08.221+0000][118.049s][info ][gc,cpu        ] GC(70) User=0.06s Sys=0.00s Real=0.01s
[2024-09-04T12:10:08.221+0000][118.050s][info ][safepoint     ] Leaving safepoint region
[2024-09-04T12:10:08.221+0000][118.050s][info ][safepoint     ] Total time for which application threads were stopped: 0.0180521 seconds, Stopping threads took: 0.0003106 seconds
[2024-09-04T12:10:08.221+0000][118.050s][info ][gc,stringdedup] Concurrent String Deduplication (118.050s)
[2024-09-04T12:10:08.223+0000][118.052s][info ][gc,stringdedup] Concurrent String Deduplication 467.0K->157.3K(309.7K) avg 54.6% (118.050s, 118.052s) 2.355ms
[2024-09-04T12:10:09.221+0000][119.050s][debug][safepoint     ] Safepoint synchronization initiated. (270 threads)
[2024-09-04T12:10:09.221+0000][119.050s][info ][safepoint     ] Application time: 1.0003570 seconds
[2024-09-04T12:10:09.222+0000][119.050s][info ][safepoint     ] Entering safepoint region: Cleanup
[2024-09-04T12:10:09.222+0000][119.051s][info ][safepoint     ] Leaving safepoint region
[2024-09-04T12:10:09.222+0000][119.051s][info ][safepoint     ] Total time for which application threads were stopped: 0.0009481 seconds, Stopping threads took: 0.0003114 seconds
[2024-09-04T12:10:10.222+0000][120.051s][debug][safepoint     ] Safepoint synchronization initiated. (270 threads)
[2024-09-04T12:10:10.223+0000][120.051s][info ][safepoint     ] Application time: 1.0003235 seconds
[2024-09-04T12:10:10.223+0000][120.052s][info ][safepoint     ] Entering safepoint region: Cleanup
[2024-09-04T12:10:10.223+0000][120.052s][info ][safepoint     ] Leaving safepoint region
[2024-09-04T12:10:10.223+0000][120.052s][info ][safepoint     ] Total time for which application threads were stopped: 0.0008433 seconds, Stopping threads took: 0.0002733 seconds
[2024-09-04T12:10:11.224+0000][121.052s][debug][safepoint     ] Safepoint synchronization initiated. (270 threads)
[2024-09-04T12:10:11.224+0000][121.053s][info ][safepoint     ] Application time: 1.0003426 seconds
[2024-09-04T12:10:11.224+0000][121.053s][info ][safepoint     ] Entering safepoint region: Cleanup
[2024-09-04T12:10:11.225+0000][121.054s][debug][safepoint     ] ... found polling page return exception at pc = 0x00007ff4a06a8636, stub =0x00007ff498824b00
[2024-09-04T12:10:11.225+0000][121.054s][debug][safepoint     ] ... found polling page return exception at pc = 0x00007ff4a0937f0f, stub =0x00007ff498824b00
[2024-09-04T12:10:11.225+0000][121.054s][info ][safepoint     ] Leaving safepoint region
[2024-09-04T12:10:11.225+0000][121.054s][info ][safepoint     ] Total time for which application threads were stopped: 0.0012600 seconds, Stopping threads took: 0.0004237 seconds
[2024-09-04T12:10:12.225+0000][122.054s][debug][safepoint     ] Safepoint synchronization initiated. (270 threads)
[2024-09-04T12:10:12.225+0000][122.054s][info ][safepoint     ] Application time: 1.0001636 seconds
[2024-09-04T12:10:12.225+0000][122.054s][info ][safepoint     ] Entering safepoint region: Cleanup
[2024-09-04T12:10:12.226+0000][122.055s][info ][safepoint     ] Leaving safepoint region
[2024-09-04T12:10:12.226+0000][122.055s][info ][safepoint     ] Total time for which application threads were stopped: 0.0005781 seconds, Stopping threads took: 0.0002121 seconds
[2024-09-04T12:10:13.226+0000][123.055s][debug][safepoint     ] Safepoint synchronization initiated. (270 threads)
[2024-09-04T12:10:13.226+0000][123.055s][info ][safepoint     ] Application time: 1.0003676 seconds
[2024-09-04T12:10:13.227+0000][123.055s][info ][safepoint     ] Entering safepoint region: Cleanup
[2024-09-04T12:10:13.227+0000][123.056s][info ][safepoint     ] Leaving safepoint region
[2024-09-04T12:10:13.227+0000][123.056s][info ][safepoint     ] Total time for which application threads were stopped: 0.0008744 seconds, Stopping threads took: 0.0003214 seconds
[2024-09-04T12:10:14.227+0000][124.056s][debug][safepoint     ] Safepoint synchronization initiated. (270 threads)
[2024-09-04T12:10:14.227+0000][124.056s][info ][safepoint     ] Application time: 1.0003010 seconds
[2024-09-04T12:10:14.228+0000][124.056s][debug][safepoint     ] ... found polling page return exception at pc = 0x00007ff4a123816a, stub =0x00007ff498824b00
[2024-09-04T12:10:14.228+0000][124.056s][debug][safepoint     ] ... found polling page return exception at pc = 0x00007ff4a03b2d78, stub =0x00007ff498824b00
[2024-09-04T12:10:14.228+0000][124.057s][debug][safepoint     ] Waiting for 2 thread(s) to block
[2024-09-04T12:10:14.228+0000][124.057s][info ][safepoint     ] Entering safepoint region: Cleanup
[2024-09-04T12:10:14.228+0000][124.057s][info ][safepoint     ] Leaving safepoint region
[2024-09-04T12:10:14.229+0000][124.057s][info ][safepoint     ] Total time for which application threads were stopped: 0.0009995 seconds, Stopping threads took: 0.0005122 seconds
[2024-09-04T12:10:15.229+0000][125.058s][debug][safepoint     ] Safepoint synchronization initiated. (270 threads)
[2024-09-04T12:10:15.229+0000][125.058s][info ][safepoint     ] Application time: 1.0002010 seconds
[2024-09-04T12:10:15.229+0000][125.058s][info ][safepoint     ] Entering safepoint region: Cleanup
[2024-09-04T12:10:15.229+0000][125.058s][info ][safepoint     ] Leaving safepoint region
[2024-09-04T12:10:15.229+0000][125.058s][info ][safepoint     ] Total time for which application threads were stopped: 0.0005554 seconds, Stopping threads took: 0.0001724 seconds
[2024-09-04T12:10:16.230+0000][126.058s][debug][safepoint     ] Safepoint synchronization initiated. (270 threads)
[2024-09-04T12:10:16.230+0000][126.058s][info ][safepoint     ] Application time: 1.0002440 seconds
[2024-09-04T12:10:16.230+0000][126.059s][info ][safepoint     ] Entering safepoint region: Cleanup
[2024-09-04T12:10:16.231+0000][126.059s][info ][safepoint     ] Leaving safepoint region
[2024-09-04T12:10:16.231+0000][126.059s][info ][safepoint     ] Total time for which application threads were stopped: 0.0010001 seconds, Stopping threads took: 0.0002653 seconds
[2024-09-04T12:10:17.231+0000][127.060s][debug][safepoint     ] Safepoint synchronization initiated. (270 threads)
[2024-09-04T12:10:17.231+0000][127.060s][info ][safepoint     ] Application time: 1.0001983 seconds
[2024-09-04T12:10:17.231+0000][127.060s][debug][safepoint     ] ... found polling page return exception at pc = 0x00007ff4a0cbdc72, stub =0x00007ff498824b00
[2024-09-04T12:10:17.231+0000][127.060s][debug][safepoint     ] Waiting for 1 thread(s) to block
[2024-09-04T12:10:17.231+0000][127.060s][info ][safepoint     ] Entering safepoint region: Cleanup
[2024-09-04T12:10:17.232+0000][127.060s][info ][safepoint     ] Leaving safepoint region
[2024-09-04T12:10:17.232+0000][127.060s][info ][safepoint     ] Total time for which application threads were stopped: 0.0007288 seconds, Stopping threads took: 0.0003228 seconds
[2024-09-04T12:10:18.232+0000][128.061s][debug][safepoint     ] Safepoint synchronization initiated. (270 threads)
[2024-09-04T12:10:18.232+0000][128.061s][info ][safepoint     ] Application time: 1.0003803 seconds
[2024-09-04T12:10:18.232+0000][128.061s][info ][safepoint     ] Entering safepoint region: Cleanup
[2024-09-04T12:10:18.233+0000][128.062s][info ][safepoint     ] Leaving safepoint region
[2024-09-04T12:10:18.233+0000][128.062s][info ][safepoint     ] Total time for which application threads were stopped: 0.0008579 seconds, Stopping threads took: 0.0002697 seconds
[2024-09-04T12:10:19.233+0000][129.062s][debug][safepoint     ] Safepoint synchronization initiated. (270 threads)
[2024-09-04T12:10:19.233+0000][129.062s][info ][safepoint     ] Application time: 1.0003268 seconds
[2024-09-04T12:10:19.234+0000][129.062s][info ][safepoint     ] Entering safepoint region: Cleanup
[2024-09-04T12:10:19.234+0000][129.063s][info ][safepoint     ] Leaving safepoint region
[2024-09-04T12:10:19.234+0000][129.063s][info ][safepoint     ] Total time for which application threads were stopped: 0.0009876 seconds, Stopping threads took: 0.0003564 seconds
[2024-09-04T12:10:20.234+0000][130.063s][debug][safepoint     ] Safepoint synchronization initiated. (270 threads)
[2024-09-04T12:10:20.235+0000][130.063s][info ][safepoint     ] Application time: 1.0001845 seconds
[2024-09-04T12:10:20.235+0000][130.063s][debug][safepoint     ] Waiting for 1 thread(s) to block
[2024-09-04T12:10:20.235+0000][130.064s][info ][safepoint     ] Entering safepoint region: Cleanup
[2024-09-04T12:10:20.235+0000][130.064s][info ][safepoint     ] Leaving safepoint region
[2024-09-04T12:10:20.235+0000][130.064s][info ][safepoint     ] Total time for which application threads were stopped: 0.0007671 seconds, Stopping threads took: 0.0003206 seconds
[2024-09-04T12:10:21.236+0000][131.064s][debug][safepoint     ] Safepoint synchronization initiated. (270 threads)
[2024-09-04T12:10:21.236+0000][131.064s][info ][safepoint     ] Application time: 1.0002955 seconds
[2024-09-04T12:10:21.236+0000][131.065s][info ][safepoint     ] Entering safepoint region: Cleanup
[2024-09-04T12:10:21.236+0000][131.065s][info ][safepoint     ] Leaving safepoint region
[2024-09-04T12:10:21.236+0000][131.065s][info ][safepoint     ] Total time for which application threads were stopped: 0.0008209 seconds, Stopping threads took: 0.0002555 seconds
[2024-09-04T12:10:22.237+0000][132.065s][debug][safepoint     ] Safepoint synchronization initiated. (270 threads)
[2024-09-04T12:10:22.237+0000][132.065s][info ][safepoint     ] Application time: 1.0001724 seconds
[2024-09-04T12:10:22.237+0000][132.066s][info ][safepoint     ] Entering safepoint region: Cleanup
[2024-09-04T12:10:22.237+0000][132.066s][info ][safepoint     ] Leaving safepoint region
[2024-09-04T12:10:22.237+0000][132.066s][info ][safepoint     ] Total time for which application threads were stopped: 0.0006021 seconds, Stopping threads took: 0.0001818 seconds
[2024-09-04T12:10:23.237+0000][133.066s][debug][safepoint     ] Safepoint synchronization initiated. (270 threads)
[2024-09-04T12:10:23.238+0000][133.067s][info ][safepoint     ] Application time: 1.0005665 seconds
[2024-09-04T12:10:23.238+0000][133.067s][debug][safepoint     ] ... found polling page return exception at pc = 0x00007ff4a129faef, stub =0x00007ff498824b00
[2024-09-04T12:10:23.238+0000][133.067s][debug][safepoint     ] Waiting for 1 thread(s) to block
[2024-09-04T12:10:23.239+0000][133.067s][info ][safepoint     ] Entering safepoint region: Cleanup
[2024-09-04T12:10:23.239+0000][133.068s][info ][safepoint     ] Leaving safepoint region
[2024-09-04T12:10:23.239+0000][133.068s][info ][safepoint     ] Total time for which application threads were stopped: 0.0009442 seconds, Stopping threads took: 0.0006467 seconds
[2024-09-04T12:10:24.239+0000][134.068s][debug][safepoint     ] Safepoint synchronization initiated. (270 threads)
[2024-09-04T12:10:24.239+0000][134.068s][info ][safepoint     ] Application time: 1.0005380 seconds
[2024-09-04T12:10:24.239+0000][134.068s][debug][safepoint     ] ... found polling page loop exception at pc = 0x00007ff4a125c7ea, stub =0x00007ff498826680
[2024-09-04T12:10:24.239+0000][134.068s][debug][safepoint     ] ... found polling page return exception at pc = 0x00007ff4a1201434, stub =0x00007ff498824b00
[2024-09-04T12:10:24.240+0000][134.068s][debug][safepoint     ] Waiting for 2 thread(s) to block
[2024-09-04T12:10:24.240+0000][134.069s][info ][safepoint     ] Entering safepoint region: Cleanup
[2024-09-04T12:10:24.240+0000][134.069s][debug][safepoint     ] ... found polling page return exception at pc = 0x00007ff4a0937f0f, stub =0x00007ff498824b00
[2024-09-04T12:10:24.240+0000][134.069s][info ][safepoint     ] Leaving safepoint region
[2024-09-04T12:10:24.240+0000][134.069s][info ][safepoint     ] Total time for which application threads were stopped: 0.0007652 seconds, Stopping threads took: 0.0003848 seconds
[2024-09-04T12:10:24.240+0000][134.069s][debug][safepoint     ] ... found polling page return exception at pc = 0x00007ff4a06a8636, stub =0x00007ff498824b00
[2024-09-04T12:10:25.240+0000][135.069s][debug][safepoint     ] Safepoint synchronization initiated. (270 threads)
[2024-09-04T12:10:25.240+0000][135.069s][info ][safepoint     ] Application time: 1.0002616 seconds
[2024-09-04T12:10:25.241+0000][135.069s][debug][safepoint     ] ... found polling page loop exception at pc = 0x00007ff4a120cf58, stub =0x00007ff498826680
[2024-09-04T12:10:25.241+0000][135.069s][debug][safepoint     ] Waiting for 1 thread(s) to block
[2024-09-04T12:10:25.241+0000][135.070s][info ][safepoint     ] Entering safepoint region: Cleanup
[2024-09-04T12:10:25.241+0000][135.070s][info ][safepoint     ] Leaving safepoint region
[2024-09-04T12:10:25.241+0000][135.070s][info ][safepoint     ] Total time for which application threads were stopped: 0.0008182 seconds, Stopping threads took: 0.0004097 seconds
[2024-09-04T12:10:26.242+0000][136.070s][debug][safepoint     ] Safepoint synchronization initiated. (270 threads)
[2024-09-04T12:10:26.242+0000][136.070s][info ][safepoint     ] Application time: 1.0003592 seconds
[2024-09-04T12:10:26.242+0000][136.071s][info ][safepoint     ] Entering safepoint region: Cleanup
[2024-09-04T12:10:26.243+0000][136.071s][info ][safepoint     ] Leaving safepoint region
[2024-09-04T12:10:26.243+0000][136.071s][info ][safepoint     ] Total time for which application threads were stopped: 0.0009088 seconds, Stopping threads took: 0.0002397 seconds
[2024-09-04T12:10:27.243+0000][137.072s][debug][safepoint     ] Safepoint synchronization initiated. (270 threads)
[2024-09-04T12:10:27.243+0000][137.072s][info ][safepoint     ] Application time: 1.0001538 seconds
[2024-09-04T12:10:27.243+0000][137.072s][debug][safepoint     ] ... found polling page return exception at pc = 0x00007ff4a0ee1b9f, stub =0x00007ff498824b00
[2024-09-04T12:10:27.243+0000][137.072s][debug][safepoint     ] ... found polling page return exception at pc = 0x00007ff4a0ee1b9f, stub =0x00007ff498824b00
[2024-09-04T12:10:27.243+0000][137.072s][debug][safepoint     ] Waiting for 3 thread(s) to block
[2024-09-04T12:10:27.244+0000][137.072s][info ][safepoint     ] Entering safepoint region: Cleanup
[2024-09-04T12:10:27.244+0000][137.073s][info ][safepoint     ] Leaving safepoint region
[2024-09-04T12:10:27.244+0000][137.073s][info ][safepoint     ] Total time for which application threads were stopped: 0.0012430 seconds, Stopping threads took: 0.0007712 seconds
[2024-09-04T12:10:28.244+0000][138.073s][debug][safepoint     ] Safepoint synchronization initiated. (270 threads)
[2024-09-04T12:10:28.244+0000][138.073s][info ][safepoint     ] Application time: 1.0003395 seconds
[2024-09-04T12:10:28.245+0000][138.073s][info ][safepoint     ] Entering safepoint region: Cleanup
[2024-09-04T12:10:28.245+0000][138.074s][info ][safepoint     ] Leaving safepoint region
[2024-09-04T12:10:28.245+0000][138.074s][info ][safepoint     ] Total time for which application threads were stopped: 0.0010153 seconds, Stopping threads took: 0.0002808 seconds
[2024-09-04T12:10:29.246+0000][139.075s][debug][safepoint     ] Safepoint synchronization initiated. (270 threads)
[2024-09-04T12:10:29.246+0000][139.075s][info ][safepoint     ] Application time: 1.0004100 seconds
[2024-09-04T12:10:29.246+0000][139.075s][info ][safepoint     ] Entering safepoint region: Cleanup
[2024-09-04T12:10:29.247+0000][139.076s][info ][safepoint     ] Leaving safepoint region
[2024-09-04T12:10:29.247+0000][139.076s][info ][safepoint     ] Total time for which application threads were stopped: 0.0009354 seconds, Stopping threads took: 0.0002417 seconds
[2024-09-04T12:10:30.247+0000][140.076s][debug][safepoint     ] Safepoint synchronization initiated. (270 threads)
[2024-09-04T12:10:30.247+0000][140.076s][info ][safepoint     ] Application time: 1.0001776 seconds
[2024-09-04T12:10:30.247+0000][140.076s][info ][safepoint     ] Entering safepoint region: Cleanup
[2024-09-04T12:10:30.248+0000][140.076s][info ][safepoint     ] Leaving safepoint region
[2024-09-04T12:10:30.248+0000][140.076s][info ][safepoint     ] Total time for which application threads were stopped: 0.0005370 seconds, Stopping threads took: 0.0001632 seconds
[2024-09-04T12:10:31.248+0000][141.077s][debug][safepoint     ] Safepoint synchronization initiated. (270 threads)
[2024-09-04T12:10:31.248+0000][141.077s][info ][safepoint     ] Application time: 1.0002164 seconds
[2024-09-04T12:10:31.248+0000][141.077s][info ][safepoint     ] Entering safepoint region: Cleanup
[2024-09-04T12:10:31.249+0000][141.077s][info ][safepoint     ] Leaving safepoint region
[2024-09-04T12:10:31.249+0000][141.077s][info ][safepoint     ] Total time for which application threads were stopped: 0.0007730 seconds, Stopping threads took: 0.0001698 seconds
[2024-09-04T12:10:32.249+0000][142.078s][debug][safepoint     ] Safepoint synchronization initiated. (270 threads)
[2024-09-04T12:10:32.249+0000][142.078s][info ][safepoint     ] Application time: 1.0002880 seconds
[2024-09-04T12:10:32.249+0000][142.078s][info ][safepoint     ] Entering safepoint region: Cleanup
[2024-09-04T12:10:32.250+0000][142.078s][info ][safepoint     ] Leaving safepoint region
[2024-09-04T12:10:32.250+0000][142.079s][info ][safepoint     ] Total time for which application threads were stopped: 0.0007926 seconds, Stopping threads took: 0.0001946 seconds
[2024-09-04T12:10:33.250+0000][143.079s][debug][safepoint     ] Safepoint synchronization initiated. (270 threads)
[2024-09-04T12:10:33.250+0000][143.079s][info ][safepoint     ] Application time: 1.0001813 seconds
[2024-09-04T12:10:33.250+0000][143.079s][info ][safepoint     ] Entering safepoint region: Cleanup
[2024-09-04T12:10:33.251+0000][143.079s][info ][safepoint     ] Leaving safepoint region
[2024-09-04T12:10:33.251+0000][143.079s][info ][safepoint     ] Total time for which application threads were stopped: 0.0005659 seconds, Stopping threads took: 0.0001496 seconds
[2024-09-04T12:10:34.251+0000][144.079s][debug][safepoint     ] Safepoint synchronization initiated. (270 threads)
[2024-09-04T12:10:34.251+0000][144.080s][info ][safepoint     ] Application time: 1.0001983 seconds
[2024-09-04T12:10:34.251+0000][144.080s][info ][safepoint     ] Entering safepoint region: Cleanup
[2024-09-04T12:10:34.252+0000][144.080s][info ][safepoint     ] Leaving safepoint region
[2024-09-04T12:10:34.252+0000][144.080s][info ][safepoint     ] Total time for which application threads were stopped: 0.0007744 seconds, Stopping threads took: 0.0003029 seconds
[2024-09-04T12:10:35.252+0000][145.081s][debug][safepoint     ] Safepoint synchronization initiated. (270 threads)
[2024-09-04T12:10:35.252+0000][145.081s][info ][safepoint     ] Application time: 1.0003559 seconds
[2024-09-04T12:10:35.252+0000][145.081s][info ][safepoint     ] Entering safepoint region: Cleanup
[2024-09-04T12:10:35.253+0000][145.082s][info ][safepoint     ] Leaving safepoint region
[2024-09-04T12:10:35.253+0000][145.082s][info ][safepoint     ] Total time for which application threads were stopped: 0.0012134 seconds, Stopping threads took: 0.0005495 seconds
[2024-09-04T12:10:36.253+0000][146.082s][debug][safepoint     ] Safepoint synchronization initiated. (270 threads)
[2024-09-04T12:10:36.254+0000][146.082s][info ][safepoint     ] Application time: 1.0003183 seconds
[2024-09-04T12:10:36.254+0000][146.082s][info ][safepoint     ] Entering safepoint region: Cleanup
[2024-09-04T12:10:36.254+0000][146.083s][info ][safepoint     ] Leaving safepoint region
[2024-09-04T12:10:36.254+0000][146.083s][info ][safepoint     ] Total time for which application threads were stopped: 0.0004356 seconds, Stopping threads took: 0.0001377 seconds
[2024-09-04T12:10:37.184+0000][147.013s][debug][safepoint     ] Safepoint synchronization initiated. (270 threads)
[2024-09-04T12:10:37.184+0000][147.013s][info ][safepoint     ] Application time: 0.9303084 seconds
[2024-09-04T12:10:37.185+0000][147.013s][info ][safepoint     ] Entering safepoint region: G1CollectForAllocation
[2024-09-04T12:10:37.185+0000][147.014s][info ][gc,start      ] GC(71) Pause Young (Normal) (G1 Evacuation Pause)
[2024-09-04T12:10:37.185+0000][147.014s][info ][gc,task       ] GC(71) Using 4 workers of 4 for evacuation
[2024-09-04T12:10:37.206+0000][147.035s][info ][gc,phases     ] GC(71)   Pre Evacuate Collection Set: 0.0ms
[2024-09-04T12:10:37.206+0000][147.035s][info ][gc,phases     ] GC(71)   Evacuate Collection Set: 14.2ms
[2024-09-04T12:10:37.206+0000][147.035s][info ][gc,phases     ] GC(71)   Post Evacuate Collection Set: 6.7ms
[2024-09-04T12:10:37.206+0000][147.035s][info ][gc,phases     ] GC(71)   Other: 0.5ms
[2024-09-04T12:10:37.206+0000][147.035s][info ][gc,heap       ] GC(71) Eden regions: 183->0(185)
[2024-09-04T12:10:37.206+0000][147.035s][info ][gc,heap       ] GC(71) Survivor regions: 14->13(25)
[2024-09-04T12:10:37.207+0000][147.035s][info ][gc,heap       ] GC(71) Old regions: 159->159
[2024-09-04T12:10:37.207+0000][147.035s][info ][gc,heap       ] GC(71) Humongous regions: 0->0
[2024-09-04T12:10:37.207+0000][147.035s][info ][gc,metaspace  ] GC(71) Metaspace: 171706K(177648K)->171706K(177648K) NonClass: 151721K(155348K)->151721K(155348K) Class: 19984K(22300K)->19984K(22300K)
[2024-09-04T12:10:37.207+0000][147.035s][info ][gc            ] GC(71) Pause Young (Normal) (G1 Evacuation Pause) 353M->169M(412M) 21.512ms
[2024-09-04T12:10:37.207+0000][147.035s][info ][gc,cpu        ] GC(71) User=0.08s Sys=0.00s Real=0.02s
[2024-09-04T12:10:37.207+0000][147.036s][info ][safepoint     ] Leaving safepoint region
[2024-09-04T12:10:37.207+0000][147.036s][info ][safepoint     ] Total time for which application threads were stopped: 0.0224944 seconds, Stopping threads took: 0.0003307 seconds
[2024-09-04T12:10:37.207+0000][147.036s][info ][gc,stringdedup] Concurrent String Deduplication (147.036s)
[2024-09-04T12:10:37.207+0000][147.036s][info ][gc,stringdedup] Concurrent String Deduplication 11104.0B->5864.0B(5240.0B) avg 54.6% (147.036s, 147.036s) 0.116ms
[2024-09-04T12:10:38.207+0000][148.036s][debug][safepoint     ] Safepoint synchronization initiated. (270 threads)
[2024-09-04T12:10:38.207+0000][148.036s][info ][safepoint     ] Application time: 1.0003621 seconds
[2024-09-04T12:10:38.208+0000][148.036s][info ][safepoint     ] Entering safepoint region: Cleanup
[2024-09-04T12:10:38.208+0000][148.037s][info ][safepoint     ] Leaving safepoint region
[2024-09-04T12:10:38.208+0000][148.037s][info ][safepoint     ] Total time for which application threads were stopped: 0.0012303 seconds, Stopping threads took: 0.0004450 seconds
[2024-09-04T12:10:39.209+0000][149.038s][debug][safepoint     ] Safepoint synchronization initiated. (270 threads)
[2024-09-04T12:10:39.209+0000][149.038s][info ][safepoint     ] Application time: 1.0003457 seconds
[2024-09-04T12:10:39.209+0000][149.038s][info ][safepoint     ] Entering safepoint region: Cleanup
[2024-09-04T12:10:39.210+0000][149.038s][info ][safepoint     ] Leaving safepoint region
[2024-09-04T12:10:39.210+0000][149.039s][info ][safepoint     ] Total time for which application threads were stopped: 0.0008809 seconds, Stopping threads took: 0.0002151 seconds
[2024-09-04T12:10:40.210+0000][150.039s][debug][safepoint     ] Safepoint synchronization initiated. (270 threads)
[2024-09-04T12:10:40.210+0000][150.039s][info ][safepoint     ] Application time: 1.0001743 seconds
[2024-09-04T12:10:40.210+0000][150.039s][info ][safepoint     ] Entering safepoint region: Cleanup
[2024-09-04T12:10:40.211+0000][150.039s][info ][safepoint     ] Leaving safepoint region
[2024-09-04T12:10:40.211+0000][150.039s][info ][safepoint     ] Total time for which application threads were stopped: 0.0006494 seconds, Stopping threads took: 0.0003358 seconds
[2024-09-04T12:10:41.211+0000][151.040s][debug][safepoint     ] Safepoint synchronization initiated. (270 threads)
[2024-09-04T12:10:41.211+0000][151.040s][info ][safepoint     ] Application time: 1.0003493 seconds
[2024-09-04T12:10:41.212+0000][151.040s][info ][safepoint     ] Entering safepoint region: Cleanup
[2024-09-04T12:10:41.212+0000][151.041s][info ][safepoint     ] Leaving safepoint region
[2024-09-04T12:10:41.212+0000][151.041s][info ][safepoint     ] Total time for which application threads were stopped: 0.0011457 seconds, Stopping threads took: 0.0005907 seconds
[2024-09-04T12:10:42.212+0000][152.041s][debug][safepoint     ] Safepoint synchronization initiated. (270 threads)
[2024-09-04T12:10:42.212+0000][152.041s][info ][safepoint     ] Application time: 1.0002609 seconds
[2024-09-04T12:10:42.213+0000][152.041s][info ][safepoint     ] Entering safepoint region: Cleanup
[2024-09-04T12:10:42.213+0000][152.042s][info ][safepoint     ] Leaving safepoint region
[2024-09-04T12:10:42.213+0000][152.042s][info ][safepoint     ] Total time for which application threads were stopped: 0.0004616 seconds, Stopping threads took: 0.0001476 seconds
[2024-09-04T12:10:43.213+0000][153.042s][debug][safepoint     ] Safepoint synchronization initiated. (270 threads)
[2024-09-04T12:10:43.213+0000][153.042s][info ][safepoint     ] Application time: 1.0003289 seconds
[2024-09-04T12:10:43.214+0000][153.042s][info ][safepoint     ] Entering safepoint region: Cleanup
[2024-09-04T12:10:43.214+0000][153.043s][info ][safepoint     ] Leaving safepoint region
[2024-09-04T12:10:43.214+0000][153.043s][info ][safepoint     ] Total time for which application threads were stopped: 0.0011272 seconds, Stopping threads took: 0.0004217 seconds
[2024-09-04T12:10:44.215+0000][154.044s][debug][safepoint     ] Safepoint synchronization initiated. (270 threads)
[2024-09-04T12:10:44.215+0000][154.044s][info ][safepoint     ] Application time: 1.0005709 seconds
[2024-09-04T12:10:44.215+0000][154.044s][info ][safepoint     ] Entering safepoint region: Cleanup
[2024-09-04T12:10:44.216+0000][154.045s][info ][safepoint     ] Leaving safepoint region
[2024-09-04T12:10:44.216+0000][154.045s][info ][safepoint     ] Total time for which application threads were stopped: 0.0009655 seconds, Stopping threads took: 0.0003251 seconds
[2024-09-04T12:10:45.216+0000][155.045s][debug][safepoint     ] Safepoint synchronization initiated. (270 threads)
[2024-09-04T12:10:45.216+0000][155.045s][info ][safepoint     ] Application time: 1.0002814 seconds
[2024-09-04T12:10:45.217+0000][155.045s][info ][safepoint     ] Entering safepoint region: Cleanup
[2024-09-04T12:10:45.217+0000][155.046s][info ][safepoint     ] Leaving safepoint region
[2024-09-04T12:10:45.217+0000][155.046s][info ][safepoint     ] Total time for which application threads were stopped: 0.0007661 seconds, Stopping threads took: 0.0002058 seconds
[2024-09-04T12:10:46.217+0000][156.046s][debug][safepoint     ] Safepoint synchronization initiated. (270 threads)
[2024-09-04T12:10:46.217+0000][156.046s][info ][safepoint     ] Application time: 1.0003308 seconds
[2024-09-04T12:10:46.218+0000][156.046s][info ][safepoint     ] Entering safepoint region: Cleanup
[2024-09-04T12:10:46.219+0000][156.047s][info ][safepoint     ] Leaving safepoint region
[2024-09-04T12:10:46.219+0000][156.047s][info ][safepoint     ] Total time for which application threads were stopped: 0.0011021 seconds, Stopping threads took: 0.0001968 seconds
[2024-09-04T12:10:47.219+0000][157.048s][debug][safepoint     ] Safepoint synchronization initiated. (270 threads)
[2024-09-04T12:10:47.219+0000][157.048s][info ][safepoint     ] Application time: 1.0002899 seconds
[2024-09-04T12:10:47.219+0000][157.048s][info ][safepoint     ] Entering safepoint region: Cleanup
[2024-09-04T12:10:47.220+0000][157.048s][info ][safepoint     ] Leaving safepoint region
[2024-09-04T12:10:47.220+0000][157.049s][info ][safepoint     ] Total time for which application threads were stopped: 0.0008195 seconds, Stopping threads took: 0.0001641 seconds
[2024-09-04T12:10:48.220+0000][158.049s][debug][safepoint     ] Safepoint synchronization initiated. (270 threads)
[2024-09-04T12:10:48.220+0000][158.049s][info ][safepoint     ] Application time: 1.0003238 seconds
[2024-09-04T12:10:48.220+0000][158.049s][info ][safepoint     ] Entering safepoint region: Cleanup
[2024-09-04T12:10:48.221+0000][158.050s][info ][safepoint     ] Leaving safepoint region
[2024-09-04T12:10:48.221+0000][158.050s][info ][safepoint     ] Total time for which application threads were stopped: 0.0009563 seconds, Stopping threads took: 0.0003067 seconds
[2024-09-04T12:10:49.221+0000][159.050s][debug][safepoint     ] Safepoint synchronization initiated. (270 threads)
[2024-09-04T12:10:49.221+0000][159.050s][info ][safepoint     ] Application time: 1.0003590 seconds
[2024-09-04T12:10:49.222+0000][159.050s][debug][safepoint     ] ... found polling page return exception at pc = 0x00007ff4a04b7468, stub =0x00007ff498824b00
[2024-09-04T12:10:49.222+0000][159.051s][debug][safepoint     ] Waiting for 1 thread(s) to block
[2024-09-04T12:10:49.222+0000][159.051s][info ][safepoint     ] Entering safepoint region: Cleanup
[2024-09-04T12:10:49.223+0000][159.051s][info ][safepoint     ] Leaving safepoint region
[2024-09-04T12:10:49.223+0000][159.052s][info ][safepoint     ] Total time for which application threads were stopped: 0.0012333 seconds, Stopping threads took: 0.0005387 seconds
[2024-09-04T12:10:50.223+0000][160.052s][debug][safepoint     ] Safepoint synchronization initiated. (270 threads)
[2024-09-04T12:10:50.223+0000][160.052s][info ][safepoint     ] Application time: 1.0003494 seconds
[2024-09-04T12:10:50.223+0000][160.052s][info ][safepoint     ] Entering safepoint region: Cleanup
[2024-09-04T12:10:50.224+0000][160.053s][info ][safepoint     ] Leaving safepoint region
[2024-09-04T12:10:50.224+0000][160.053s][info ][safepoint     ] Total time for which application threads were stopped: 0.0008888 seconds, Stopping threads took: 0.0002571 seconds
[2024-09-04T12:10:51.224+0000][161.053s][debug][safepoint     ] Safepoint synchronization initiated. (270 threads)
[2024-09-04T12:10:51.224+0000][161.053s][info ][safepoint     ] Application time: 1.0002010 seconds
[2024-09-04T12:10:51.224+0000][161.053s][info ][safepoint     ] Entering safepoint region: Cleanup
[2024-09-04T12:10:51.225+0000][161.054s][info ][safepoint     ] Leaving safepoint region
[2024-09-04T12:10:51.225+0000][161.054s][info ][safepoint     ] Total time for which application threads were stopped: 0.0005836 seconds, Stopping threads took: 0.0001551 seconds
[2024-09-04T12:10:52.225+0000][162.054s][debug][safepoint     ] Safepoint synchronization initiated. (270 threads)
[2024-09-04T12:10:52.225+0000][162.054s][info ][safepoint     ] Application time: 1.0003372 seconds
[2024-09-04T12:10:52.226+0000][162.054s][info ][safepoint     ] Entering safepoint region: Cleanup
[2024-09-04T12:10:52.226+0000][162.055s][debug][safepoint     ] ... found polling page return exception at pc = 0x00007ff4a06a8636, stub =0x00007ff498824b00
[2024-09-04T12:10:52.226+0000][162.055s][info ][safepoint     ] Leaving safepoint region
[2024-09-04T12:10:52.227+0000][162.055s][info ][safepoint     ] Total time for which application threads were stopped: 0.0013142 seconds, Stopping threads took: 0.0003294 seconds
[2024-09-04T12:10:52.226+0000][162.055s][debug][safepoint     ] ... found polling page return exception at pc = 0x00007ff4a06a8636, stub =0x00007ff498824b00
[2024-09-04T12:10:52.226+0000][162.055s][debug][safepoint     ] ... found polling page return exception at pc = 0x00007ff4a06a8636, stub =0x00007ff498824b00
[2024-09-04T12:10:53.227+0000][163.056s][debug][safepoint     ] Safepoint synchronization initiated. (270 threads)
[2024-09-04T12:10:53.227+0000][163.056s][info ][safepoint     ] Application time: 1.0003154 seconds
[2024-09-04T12:10:53.227+0000][163.056s][info ][safepoint     ] Entering safepoint region: Cleanup
[2024-09-04T12:10:53.228+0000][163.057s][info ][safepoint     ] Leaving safepoint region
[2024-09-04T12:10:53.228+0000][163.057s][info ][safepoint     ] Total time for which application threads were stopped: 0.0009573 seconds, Stopping threads took: 0.0002843 seconds
[2024-09-04T12:10:54.228+0000][164.057s][debug][safepoint     ] Safepoint synchronization initiated. (270 threads)
[2024-09-04T12:10:54.228+0000][164.057s][info ][safepoint     ] Application time: 1.0004089 seconds
[2024-09-04T12:10:54.229+0000][164.057s][debug][safepoint     ] ... found polling page loop exception at pc = 0x00007ff4a120cf58, stub =0x00007ff498826680
[2024-09-04T12:10:54.229+0000][164.057s][debug][safepoint     ] Waiting for 1 thread(s) to block
[2024-09-04T12:10:54.229+0000][164.058s][info ][safepoint     ] Entering safepoint region: Cleanup
[2024-09-04T12:10:54.230+0000][164.058s][info ][safepoint     ] Leaving safepoint region
[2024-09-04T12:10:54.230+0000][164.058s][info ][safepoint     ] Total time for which application threads were stopped: 0.0012059 seconds, Stopping threads took: 0.0004385 seconds
[2024-09-04T12:10:55.230+0000][165.059s][debug][safepoint     ] Safepoint synchronization initiated. (270 threads)
[2024-09-04T12:10:55.230+0000][165.059s][info ][safepoint     ] Application time: 1.0003549 seconds
[2024-09-04T12:10:55.230+0000][165.059s][info ][safepoint     ] Entering safepoint region: Cleanup
[2024-09-04T12:10:55.231+0000][165.060s][info ][safepoint     ] Leaving safepoint region
[2024-09-04T12:10:55.231+0000][165.060s][info ][safepoint     ] Total time for which application threads were stopped: 0.0009971 seconds, Stopping threads took: 0.0002287 seconds
[2024-09-04T12:10:56.231+0000][166.060s][debug][safepoint     ] Safepoint synchronization initiated. (270 threads)
[2024-09-04T12:10:56.231+0000][166.060s][info ][safepoint     ] Application time: 1.0003472 seconds
[2024-09-04T12:10:56.232+0000][166.060s][info ][safepoint     ] Entering safepoint region: Cleanup
[2024-09-04T12:10:56.232+0000][166.061s][info ][safepoint     ] Leaving safepoint region
[2024-09-04T12:10:56.232+0000][166.061s][info ][safepoint     ] Total time for which application threads were stopped: 0.0007118 seconds, Stopping threads took: 0.0002203 seconds
[2024-09-04T12:10:57.232+0000][167.061s][debug][safepoint     ] Safepoint synchronization initiated. (270 threads)
[2024-09-04T12:10:57.232+0000][167.061s][info ][safepoint     ] Application time: 1.0002910 seconds
[2024-09-04T12:10:57.233+0000][167.061s][info ][safepoint     ] Entering safepoint region: Cleanup
[2024-09-04T12:10:57.233+0000][167.062s][info ][safepoint     ] Leaving safepoint region
[2024-09-04T12:10:57.233+0000][167.062s][info ][safepoint     ] Total time for which application threads were stopped: 0.0009574 seconds, Stopping threads took: 0.0002092 seconds
[2024-09-04T12:10:58.234+0000][168.062s][debug][safepoint     ] Safepoint synchronization initiated. (270 threads)
[2024-09-04T12:10:58.234+0000][168.062s][info ][safepoint     ] Application time: 1.0001988 seconds
[2024-09-04T12:10:58.234+0000][168.063s][info ][safepoint     ] Entering safepoint region: Cleanup
[2024-09-04T12:10:58.235+0000][168.063s][info ][safepoint     ] Leaving safepoint region
[2024-09-04T12:10:58.235+0000][168.063s][info ][safepoint     ] Total time for which application threads were stopped: 0.0008695 seconds, Stopping threads took: 0.0001931 seconds
[2024-09-04T12:10:59.235+0000][169.064s][debug][safepoint     ] Safepoint synchronization initiated. (266 threads)
[2024-09-04T12:10:59.235+0000][169.064s][info ][safepoint     ] Application time: 1.0002289 seconds
[2024-09-04T12:10:59.235+0000][169.064s][info ][safepoint     ] Entering safepoint region: Cleanup
[2024-09-04T12:10:59.236+0000][169.064s][info ][safepoint     ] Leaving safepoint region
[2024-09-04T12:10:59.236+0000][169.064s][info ][safepoint     ] Total time for which application threads were stopped: 0.0006712 seconds, Stopping threads took: 0.0001766 seconds
[2024-09-04T12:11:00.236+0000][170.065s][debug][safepoint     ] Safepoint synchronization initiated. (265 threads)
[2024-09-04T12:11:00.236+0000][170.065s][info ][safepoint     ] Application time: 1.0002838 seconds
[2024-09-04T12:11:00.236+0000][170.065s][info ][safepoint     ] Entering safepoint region: Cleanup
[2024-09-04T12:11:00.237+0000][170.065s][info ][safepoint     ] Leaving safepoint region
[2024-09-04T12:11:00.237+0000][170.065s][info ][safepoint     ] Total time for which application threads were stopped: 0.0007918 seconds, Stopping threads took: 0.0002317 seconds
[2024-09-04T12:11:01.237+0000][171.066s][debug][safepoint     ] Safepoint synchronization initiated. (265 threads)
[2024-09-04T12:11:01.237+0000][171.066s][info ][safepoint     ] Application time: 1.0002553 seconds
[2024-09-04T12:11:01.237+0000][171.066s][info ][safepoint     ] Entering safepoint region: Cleanup
[2024-09-04T12:11:01.238+0000][171.066s][info ][safepoint     ] Leaving safepoint region
[2024-09-04T12:11:01.238+0000][171.067s][info ][safepoint     ] Total time for which application threads were stopped: 0.0007805 seconds, Stopping threads took: 0.0002011 seconds
[2024-09-04T12:11:02.238+0000][172.067s][debug][safepoint     ] Safepoint synchronization initiated. (265 threads)
[2024-09-04T12:11:02.238+0000][172.067s][info ][safepoint     ] Application time: 1.0002744 seconds
[2024-09-04T12:11:02.238+0000][172.067s][info ][safepoint     ] Entering safepoint region: Cleanup
[2024-09-04T12:11:02.239+0000][172.068s][info ][safepoint     ] Leaving safepoint region
[2024-09-04T12:11:02.239+0000][172.068s][info ][safepoint     ] Total time for which application threads were stopped: 0.0010165 seconds, Stopping threads took: 0.0002169 seconds
[2024-09-04T12:11:03.239+0000][173.068s][debug][safepoint     ] Safepoint synchronization initiated. (265 threads)
[2024-09-04T12:11:03.239+0000][173.068s][info ][safepoint     ] Application time: 1.0003507 seconds
[2024-09-04T12:11:03.240+0000][173.068s][info ][safepoint     ] Entering safepoint region: Cleanup
[2024-09-04T12:11:03.240+0000][173.069s][info ][safepoint     ] Leaving safepoint region
[2024-09-04T12:11:03.240+0000][173.069s][info ][safepoint     ] Total time for which application threads were stopped: 0.0007646 seconds, Stopping threads took: 0.0001922 seconds
[2024-09-04T12:11:04.240+0000][174.069s][debug][safepoint     ] Safepoint synchronization initiated. (265 threads)
[2024-09-04T12:11:04.241+0000][174.069s][info ][safepoint     ] Application time: 1.0002915 seconds
[2024-09-04T12:11:04.241+0000][174.070s][info ][safepoint     ] Entering safepoint region: Cleanup
[2024-09-04T12:11:04.242+0000][174.070s][info ][safepoint     ] Leaving safepoint region
[2024-09-04T12:11:04.242+0000][174.070s][info ][safepoint     ] Total time for which application threads were stopped: 0.0009804 seconds, Stopping threads took: 0.0002427 seconds
[2024-09-04T12:11:05.242+0000][175.071s][debug][safepoint     ] Safepoint synchronization initiated. (265 threads)
[2024-09-04T12:11:05.242+0000][175.071s][info ][safepoint     ] Application time: 1.0003093 seconds
[2024-09-04T12:11:05.242+0000][175.071s][info ][safepoint     ] Entering safepoint region: Cleanup
[2024-09-04T12:11:05.243+0000][175.072s][info ][safepoint     ] Leaving safepoint region
[2024-09-04T12:11:05.243+0000][175.072s][info ][safepoint     ] Total time for which application threads were stopped: 0.0010974 seconds, Stopping threads took: 0.0002742 seconds
[2024-09-04T12:11:06.031+0000][175.859s][debug][safepoint     ] Safepoint synchronization initiated. (265 threads)
[2024-09-04T12:11:06.031+0000][175.860s][info ][safepoint     ] Application time: 0.7877550 seconds
[2024-09-04T12:11:06.031+0000][175.860s][info ][safepoint     ] Entering safepoint region: G1CollectForAllocation
[2024-09-04T12:11:06.032+0000][175.861s][info ][gc,start      ] GC(72) Pause Young (Normal) (G1 Evacuation Pause)
[2024-09-04T12:11:06.032+0000][175.861s][info ][gc,task       ] GC(72) Using 4 workers of 4 for evacuation
[2024-09-04T12:11:06.061+0000][175.890s][info ][gc,phases     ] GC(72)   Pre Evacuate Collection Set: 0.6ms
[2024-09-04T12:11:06.061+0000][175.890s][info ][gc,phases     ] GC(72)   Evacuate Collection Set: 16.3ms
[2024-09-04T12:11:06.061+0000][175.890s][info ][gc,phases     ] GC(72)   Post Evacuate Collection Set: 11.3ms
[2024-09-04T12:11:06.061+0000][175.890s][info ][gc,phases     ] GC(72)   Other: 1.0ms
[2024-09-04T12:11:06.061+0000][175.890s][info ][gc,heap       ] GC(72) Eden regions: 185->0(185)
[2024-09-04T12:11:06.061+0000][175.890s][info ][gc,heap       ] GC(72) Survivor regions: 13->13(25)
[2024-09-04T12:11:06.061+0000][175.890s][info ][gc,heap       ] GC(72) Old regions: 159->159
[2024-09-04T12:11:06.061+0000][175.890s][info ][gc,heap       ] GC(72) Humongous regions: 0->0
[2024-09-04T12:11:06.061+0000][175.890s][info ][gc,metaspace  ] GC(72) Metaspace: 171765K(177648K)->171765K(177648K) NonClass: 151780K(155348K)->151780K(155348K) Class: 19984K(22300K)->19984K(22300K)
[2024-09-04T12:11:06.061+0000][175.890s][info ][gc            ] GC(72) Pause Young (Normal) (G1 Evacuation Pause) 354M->169M(412M) 29.341ms
[2024-09-04T12:11:06.061+0000][175.890s][info ][gc,cpu        ] GC(72) User=0.10s Sys=0.00s Real=0.02s
[2024-09-04T12:11:06.061+0000][175.890s][info ][safepoint     ] Leaving safepoint region
[2024-09-04T12:11:06.061+0000][175.890s][info ][safepoint     ] Total time for which application threads were stopped: 0.0306162 seconds, Stopping threads took: 0.0002325 seconds
[2024-09-04T12:11:06.062+0000][175.890s][info ][gc,stringdedup] Concurrent String Deduplication (175.890s)
[2024-09-04T12:11:06.062+0000][175.891s][info ][gc,stringdedup] Concurrent String Deduplication 6952.0B->4312.0B(2640.0B) avg 54.6% (175.890s, 175.890s) 0.206ms
[2024-09-04T12:11:07.062+0000][176.890s][debug][safepoint     ] Safepoint synchronization initiated. (265 threads)
[2024-09-04T12:11:07.062+0000][176.891s][info ][safepoint     ] Application time: 1.0002849 seconds
[2024-09-04T12:11:07.062+0000][176.891s][info ][safepoint     ] Entering safepoint region: Cleanup
[2024-09-04T12:11:07.063+0000][176.891s][info ][safepoint     ] Leaving safepoint region
[2024-09-04T12:11:07.063+0000][176.892s][info ][safepoint     ] Total time for which application threads were stopped: 0.0009378 seconds, Stopping threads took: 0.0002068 seconds
[2024-09-04T12:11:08.063+0000][177.892s][debug][safepoint     ] Safepoint synchronization initiated. (265 threads)
[2024-09-04T12:11:08.063+0000][177.892s][info ][safepoint     ] Application time: 1.0003596 seconds
[2024-09-04T12:11:08.063+0000][177.892s][info ][safepoint     ] Entering safepoint region: Cleanup
[2024-09-04T12:11:08.064+0000][177.893s][info ][safepoint     ] Leaving safepoint region
[2024-09-04T12:11:08.064+0000][177.893s][info ][safepoint     ] Total time for which application threads were stopped: 0.0011023 seconds, Stopping threads took: 0.0002031 seconds
[2024-09-04T12:11:09.064+0000][178.893s][debug][safepoint     ] Safepoint synchronization initiated. (265 threads)
[2024-09-04T12:11:09.064+0000][178.893s][info ][safepoint     ] Application time: 1.0001904 seconds
[2024-09-04T12:11:09.065+0000][178.893s][info ][safepoint     ] Entering safepoint region: Cleanup
[2024-09-04T12:11:09.065+0000][178.894s][info ][safepoint     ] Leaving safepoint region
[2024-09-04T12:11:09.065+0000][178.894s][info ][safepoint     ] Total time for which application threads were stopped: 0.0006105 seconds, Stopping threads took: 0.0001410 seconds
[2024-09-04T12:11:10.065+0000][179.894s][debug][safepoint     ] Safepoint synchronization initiated. (265 threads)
[2024-09-04T12:11:10.065+0000][179.894s][info ][safepoint     ] Application time: 1.0001990 seconds
[2024-09-04T12:11:10.065+0000][179.894s][info ][safepoint     ] Entering safepoint region: Cleanup
[2024-09-04T12:11:10.066+0000][179.895s][info ][safepoint     ] Leaving safepoint region
[2024-09-04T12:11:10.066+0000][179.895s][info ][safepoint     ] Total time for which application threads were stopped: 0.0006588 seconds, Stopping threads took: 0.0001797 seconds
[2024-09-04T12:11:11.066+0000][180.895s][debug][safepoint     ] Safepoint synchronization initiated. (265 threads)
[2024-09-04T12:11:11.066+0000][180.895s][info ][safepoint     ] Application time: 1.0001569 seconds
[2024-09-04T12:11:11.066+0000][180.895s][info ][safepoint     ] Entering safepoint region: Cleanup
[2024-09-04T12:11:11.067+0000][180.896s][info ][safepoint     ] Leaving safepoint region
[2024-09-04T12:11:11.067+0000][180.896s][info ][safepoint     ] Total time for which application threads were stopped: 0.0007408 seconds, Stopping threads took: 0.0001367 seconds
[2024-09-04T12:11:12.067+0000][181.896s][debug][safepoint     ] Safepoint synchronization initiated. (265 threads)
[2024-09-04T12:11:12.067+0000][181.896s][info ][safepoint     ] Application time: 1.0002979 seconds
[2024-09-04T12:11:12.067+0000][181.896s][debug][safepoint     ] ... found polling page return exception at pc = 0x00007ff4a123a143, stub =0x00007ff498824b00
[2024-09-04T12:11:12.068+0000][181.896s][debug][safepoint     ] ... found polling page return exception at pc = 0x00007ff4a0cbdc72, stub =0x00007ff498824b00
[2024-09-04T12:11:12.068+0000][181.897s][debug][safepoint     ] Waiting for 2 thread(s) to block
[2024-09-04T12:11:12.068+0000][181.897s][info ][safepoint     ] Entering safepoint region: Cleanup
[2024-09-04T12:11:12.069+0000][181.897s][info ][safepoint     ] Leaving safepoint region
[2024-09-04T12:11:12.069+0000][181.897s][info ][safepoint     ] Total time for which application threads were stopped: 0.0012139 seconds, Stopping threads took: 0.0007717 seconds
[2024-09-04T12:11:13.069+0000][182.898s][debug][safepoint     ] Safepoint synchronization initiated. (265 threads)
[2024-09-04T12:11:13.069+0000][182.898s][info ][safepoint     ] Application time: 1.0003755 seconds
[2024-09-04T12:11:13.069+0000][182.898s][info ][safepoint     ] Entering safepoint region: Cleanup
[2024-09-04T12:11:13.070+0000][182.899s][info ][safepoint     ] Leaving safepoint region
[2024-09-04T12:11:13.070+0000][182.899s][info ][safepoint     ] Total time for which application threads were stopped: 0.0010940 seconds, Stopping threads took: 0.0002411 seconds
[2024-09-04T12:11:14.070+0000][183.899s][debug][safepoint     ] Safepoint synchronization initiated. (265 threads)
[2024-09-04T12:11:14.070+0000][183.899s][info ][safepoint     ] Application time: 1.0002872 seconds
[2024-09-04T12:11:14.071+0000][183.899s][info ][safepoint     ] Entering safepoint region: Cleanup
[2024-09-04T12:11:14.071+0000][183.900s][info ][safepoint     ] Leaving safepoint region
[2024-09-04T12:11:14.071+0000][183.900s][info ][safepoint     ] Total time for which application threads were stopped: 0.0007968 seconds, Stopping threads took: 0.0002071 seconds
[2024-09-04T12:11:15.071+0000][184.900s][debug][safepoint     ] Safepoint synchronization initiated. (265 threads)
[2024-09-04T12:11:15.071+0000][184.900s][info ][safepoint     ] Application time: 1.0002083 seconds
[2024-09-04T12:11:15.072+0000][184.900s][info ][safepoint     ] Entering safepoint region: Cleanup
[2024-09-04T12:11:15.072+0000][184.901s][info ][safepoint     ] Leaving safepoint region
[2024-09-04T12:11:15.072+0000][184.901s][info ][safepoint     ] Total time for which application threads were stopped: 0.0007854 seconds, Stopping threads took: 0.0001659 seconds
[2024-09-04T12:11:16.072+0000][185.901s][debug][safepoint     ] Safepoint synchronization initiated. (265 threads)
[2024-09-04T12:11:16.072+0000][185.901s][info ][safepoint     ] Application time: 1.0002436 seconds
[2024-09-04T12:11:16.073+0000][185.901s][info ][safepoint     ] Entering safepoint region: Cleanup
[2024-09-04T12:11:16.073+0000][185.902s][info ][safepoint     ] Leaving safepoint region
[2024-09-04T12:11:16.073+0000][185.902s][info ][safepoint     ] Total time for which application threads were stopped: 0.0007405 seconds, Stopping threads took: 0.0001786 seconds
[2024-09-04T12:11:17.074+0000][186.902s][debug][safepoint     ] Safepoint synchronization initiated. (265 threads)
[2024-09-04T12:11:17.074+0000][186.902s][info ][safepoint     ] Application time: 1.0003291 seconds
[2024-09-04T12:11:17.074+0000][186.903s][info ][safepoint     ] Entering safepoint region: Cleanup
[2024-09-04T12:11:17.075+0000][186.903s][info ][safepoint     ] Leaving safepoint region
[2024-09-04T12:11:17.075+0000][186.903s][info ][safepoint     ] Total time for which application threads were stopped: 0.0009262 seconds, Stopping threads took: 0.0002466 seconds
[2024-09-04T12:11:18.075+0000][187.903s][debug][safepoint     ] Safepoint synchronization initiated. (265 threads)
[2024-09-04T12:11:18.075+0000][187.904s][info ][safepoint     ] Application time: 1.0002105 seconds
[2024-09-04T12:11:18.075+0000][187.904s][info ][safepoint     ] Entering safepoint region: Cleanup
[2024-09-04T12:11:18.075+0000][187.904s][info ][safepoint     ] Leaving safepoint region
[2024-09-04T12:11:18.075+0000][187.904s][info ][safepoint     ] Total time for which application threads were stopped: 0.0005372 seconds, Stopping threads took: 0.0001518 seconds
[2024-09-04T12:11:19.075+0000][188.904s][debug][safepoint     ] Safepoint synchronization initiated. (265 threads)
[2024-09-04T12:11:19.076+0000][188.904s][info ][safepoint     ] Application time: 1.0002838 seconds
[2024-09-04T12:11:19.076+0000][188.905s][debug][safepoint     ] ... found polling page return exception at pc = 0x00007ff4a0b9f79b, stub =0x00007ff498824b00
[2024-09-04T12:11:19.076+0000][188.905s][debug][safepoint     ] Waiting for 1 thread(s) to block
[2024-09-04T12:11:19.076+0000][188.905s][info ][safepoint     ] Entering safepoint region: Cleanup
[2024-09-04T12:11:19.076+0000][188.905s][info ][safepoint     ] Leaving safepoint region
[2024-09-04T12:11:19.076+0000][188.905s][info ][safepoint     ] Total time for which application threads were stopped: 0.0008149 seconds, Stopping threads took: 0.0004039 seconds
[2024-09-04T12:11:20.077+0000][189.905s][debug][safepoint     ] Safepoint synchronization initiated. (265 threads)
[2024-09-04T12:11:20.077+0000][189.906s][info ][safepoint     ] Application time: 1.0003327 seconds
[2024-09-04T12:11:20.077+0000][189.906s][info ][safepoint     ] Entering safepoint region: Cleanup
[2024-09-04T12:11:20.077+0000][189.906s][info ][safepoint     ] Leaving safepoint region
[2024-09-04T12:11:20.077+0000][189.906s][info ][safepoint     ] Total time for which application threads were stopped: 0.0004907 seconds, Stopping threads took: 0.0001954 seconds
[2024-09-04T12:11:21.077+0000][190.906s][debug][safepoint     ] Safepoint synchronization initiated. (265 threads)
[2024-09-04T12:11:21.078+0000][190.906s][info ][safepoint     ] Application time: 1.0002466 seconds
[2024-09-04T12:11:21.078+0000][190.907s][info ][safepoint     ] Entering safepoint region: Cleanup
[2024-09-04T12:11:21.078+0000][190.907s][info ][safepoint     ] Leaving safepoint region
[2024-09-04T12:11:21.078+0000][190.907s][info ][safepoint     ] Total time for which application threads were stopped: 0.0005218 seconds, Stopping threads took: 0.0001828 seconds
[2024-09-04T12:11:22.078+0000][191.907s][debug][safepoint     ] Safepoint synchronization initiated. (265 threads)
[2024-09-04T12:11:22.078+0000][191.907s][info ][safepoint     ] Application time: 1.0002158 seconds
[2024-09-04T12:11:22.079+0000][191.907s][info ][safepoint     ] Entering safepoint region: Cleanup
[2024-09-04T12:11:22.079+0000][191.908s][info ][safepoint     ] Leaving safepoint region
[2024-09-04T12:11:22.079+0000][191.908s][info ][safepoint     ] Total time for which application threads were stopped: 0.0005004 seconds, Stopping threads took: 0.0001493 seconds
[2024-09-04T12:11:23.079+0000][192.908s][debug][safepoint     ] Safepoint synchronization initiated. (265 threads)
[2024-09-04T12:11:23.079+0000][192.908s][info ][safepoint     ] Application time: 1.0002821 seconds
[2024-09-04T12:11:23.079+0000][192.908s][info ][safepoint     ] Entering safepoint region: Cleanup
[2024-09-04T12:11:23.080+0000][192.908s][info ][safepoint     ] Leaving safepoint region
[2024-09-04T12:11:23.080+0000][192.909s][info ][safepoint     ] Total time for which application threads were stopped: 0.0005552 seconds, Stopping threads took: 0.0001956 seconds
[2024-09-04T12:11:24.080+0000][193.909s][debug][safepoint     ] Safepoint synchronization initiated. (265 threads)
[2024-09-04T12:11:24.080+0000][193.909s][info ][safepoint     ] Application time: 1.0003290 seconds
[2024-09-04T12:11:24.080+0000][193.909s][info ][safepoint     ] Entering safepoint region: Cleanup
[2024-09-04T12:11:24.081+0000][193.910s][info ][safepoint     ] Leaving safepoint region
[2024-09-04T12:11:24.081+0000][193.910s][info ][safepoint     ] Total time for which application threads were stopped: 0.0009006 seconds, Stopping threads took: 0.0002118 seconds
[2024-09-04T12:11:25.081+0000][194.910s][debug][safepoint     ] Safepoint synchronization initiated. (265 threads)
[2024-09-04T12:11:25.081+0000][194.910s][info ][safepoint     ] Application time: 1.0002708 seconds
[2024-09-04T12:11:25.082+0000][194.910s][info ][safepoint     ] Entering safepoint region: Cleanup
[2024-09-04T12:11:25.082+0000][194.911s][info ][safepoint     ] Leaving safepoint region
[2024-09-04T12:11:25.082+0000][194.911s][info ][safepoint     ] Total time for which application threads were stopped: 0.0006353 seconds, Stopping threads took: 0.0002645 seconds
[2024-09-04T12:11:26.082+0000][195.911s][debug][safepoint     ] Safepoint synchronization initiated. (265 threads)
[2024-09-04T12:11:26.082+0000][195.911s][info ][safepoint     ] Application time: 1.0002636 seconds
[2024-09-04T12:11:26.082+0000][195.911s][info ][safepoint     ] Entering safepoint region: Cleanup
[2024-09-04T12:11:26.083+0000][195.912s][info ][safepoint     ] Leaving safepoint region
[2024-09-04T12:11:26.083+0000][195.912s][info ][safepoint     ] Total time for which application threads were stopped: 0.0010471 seconds, Stopping threads took: 0.0002038 seconds
[2024-09-04T12:11:27.084+0000][196.912s][debug][safepoint     ] Safepoint synchronization initiated. (265 threads)
[2024-09-04T12:11:27.084+0000][196.912s][info ][safepoint     ] Application time: 1.0002239 seconds
[2024-09-04T12:11:27.084+0000][196.913s][info ][safepoint     ] Entering safepoint region: Cleanup
[2024-09-04T12:11:27.084+0000][196.913s][info ][safepoint     ] Leaving safepoint region
[2024-09-04T12:11:27.084+0000][196.913s][info ][safepoint     ] Total time for which application threads were stopped: 0.0006047 seconds, Stopping threads took: 0.0001720 seconds
[2024-09-04T12:11:28.084+0000][197.913s][debug][safepoint     ] Safepoint synchronization initiated. (265 threads)
[2024-09-04T12:11:28.084+0000][197.913s][info ][safepoint     ] Application time: 1.0002536 seconds
[2024-09-04T12:11:28.085+0000][197.913s][info ][safepoint     ] Entering safepoint region: Cleanup
[2024-09-04T12:11:28.085+0000][197.914s][info ][safepoint     ] Leaving safepoint region
[2024-09-04T12:11:28.085+0000][197.914s][info ][safepoint     ] Total time for which application threads were stopped: 0.0006101 seconds, Stopping threads took: 0.0001706 seconds
[2024-09-04T12:11:29.085+0000][198.914s][debug][safepoint     ] Safepoint synchronization initiated. (265 threads)
[2024-09-04T12:11:29.086+0000][198.914s][info ][safepoint     ] Application time: 1.0003752 seconds
[2024-09-04T12:11:29.086+0000][198.915s][info ][safepoint     ] Entering safepoint region: Cleanup
[2024-09-04T12:11:29.086+0000][198.915s][info ][safepoint     ] Leaving safepoint region
[2024-09-04T12:11:29.086+0000][198.915s][info ][safepoint     ] Total time for which application threads were stopped: 0.0008377 seconds, Stopping threads took: 0.0003202 seconds
[2024-09-04T12:11:30.087+0000][199.915s][debug][safepoint     ] Safepoint synchronization initiated. (265 threads)
[2024-09-04T12:11:30.087+0000][199.916s][info ][safepoint     ] Application time: 1.0003096 seconds
[2024-09-04T12:11:30.087+0000][199.916s][info ][safepoint     ] Entering safepoint region: Cleanup
[2024-09-04T12:11:30.088+0000][199.916s][info ][safepoint     ] Leaving safepoint region
[2024-09-04T12:11:30.088+0000][199.916s][info ][safepoint     ] Total time for which application threads were stopped: 0.0008076 seconds, Stopping threads took: 0.0002382 seconds
[2024-09-04T12:11:31.088+0000][200.917s][debug][safepoint     ] Safepoint synchronization initiated. (265 threads)
[2024-09-04T12:11:31.088+0000][200.917s][info ][safepoint     ] Application time: 1.0003392 seconds
[2024-09-04T12:11:31.088+0000][200.917s][info ][safepoint     ] Entering safepoint region: Cleanup
[2024-09-04T12:11:31.089+0000][200.917s][info ][safepoint     ] Leaving safepoint region
[2024-09-04T12:11:31.089+0000][200.917s][info ][safepoint     ] Total time for which application threads were stopped: 0.0007183 seconds, Stopping threads took: 0.0002036 seconds
[2024-09-04T12:11:32.089+0000][201.918s][debug][safepoint     ] Safepoint synchronization initiated. (265 threads)
[2024-09-04T12:11:32.089+0000][201.918s][info ][safepoint     ] Application time: 1.0001845 seconds
[2024-09-04T12:11:32.089+0000][201.918s][info ][safepoint     ] Entering safepoint region: Cleanup
[2024-09-04T12:11:32.090+0000][201.918s][info ][safepoint     ] Leaving safepoint region
[2024-09-04T12:11:32.090+0000][201.918s][info ][safepoint     ] Total time for which application threads were stopped: 0.0007134 seconds, Stopping threads took: 0.0001910 seconds
[2024-09-04T12:11:33.090+0000][202.919s][debug][safepoint     ] Safepoint synchronization initiated. (265 threads)
[2024-09-04T12:11:33.090+0000][202.919s][info ][safepoint     ] Application time: 1.0002625 seconds
[2024-09-04T12:11:33.090+0000][202.919s][info ][safepoint     ] Entering safepoint region: Cleanup
[2024-09-04T12:11:33.091+0000][202.919s][info ][safepoint     ] Leaving safepoint region
[2024-09-04T12:11:33.091+0000][202.919s][info ][safepoint     ] Total time for which application threads were stopped: 0.0007558 seconds, Stopping threads took: 0.0002011 seconds
[2024-09-04T12:11:34.091+0000][203.920s][debug][safepoint     ] Safepoint synchronization initiated. (265 threads)
[2024-09-04T12:11:34.091+0000][203.920s][info ][safepoint     ] Application time: 1.0002561 seconds
[2024-09-04T12:11:34.091+0000][203.920s][info ][safepoint     ] Entering safepoint region: Cleanup
[2024-09-04T12:11:34.092+0000][203.920s][info ][safepoint     ] Leaving safepoint region
[2024-09-04T12:11:34.092+0000][203.920s][info ][safepoint     ] Total time for which application threads were stopped: 0.0005854 seconds, Stopping threads took: 0.0001724 seconds
[2024-09-04T12:11:34.712+0000][204.541s][debug][safepoint     ] Safepoint synchronization initiated. (265 threads)
[2024-09-04T12:11:34.712+0000][204.541s][info ][safepoint     ] Application time: 0.6207813 seconds
[2024-09-04T12:11:34.713+0000][204.541s][debug][safepoint     ] Waiting for 1 thread(s) to block
[2024-09-04T12:11:34.713+0000][204.542s][info ][safepoint     ] Entering safepoint region: G1CollectForAllocation
[2024-09-04T12:11:34.713+0000][204.542s][info ][gc,start      ] GC(73) Pause Young (Normal) (G1 Evacuation Pause)
[2024-09-04T12:11:34.713+0000][204.542s][info ][gc,task       ] GC(73) Using 4 workers of 4 for evacuation
[2024-09-04T12:11:34.730+0000][204.559s][info ][gc,phases     ] GC(73)   Pre Evacuate Collection Set: 0.0ms
[2024-09-04T12:11:34.730+0000][204.559s][info ][gc,phases     ] GC(73)   Evacuate Collection Set: 11.1ms
[2024-09-04T12:11:34.730+0000][204.559s][info ][gc,phases     ] GC(73)   Post Evacuate Collection Set: 5.1ms
[2024-09-04T12:11:34.730+0000][204.559s][info ][gc,phases     ] GC(73)   Other: 0.6ms
[2024-09-04T12:11:34.730+0000][204.559s][info ][gc,heap       ] GC(73) Eden regions: 185->0(185)
[2024-09-04T12:11:34.730+0000][204.559s][info ][gc,heap       ] GC(73) Survivor regions: 13->13(25)
[2024-09-04T12:11:34.730+0000][204.559s][info ][gc,heap       ] GC(73) Old regions: 159->159
[2024-09-04T12:11:34.730+0000][204.559s][info ][gc,heap       ] GC(73) Humongous regions: 0->0
[2024-09-04T12:11:34.730+0000][204.559s][info ][gc,metaspace  ] GC(73) Metaspace: 171832K(177648K)->171832K(177648K) NonClass: 151843K(155348K)->151843K(155348K) Class: 19989K(22300K)->19989K(22300K)
[2024-09-04T12:11:34.730+0000][204.559s][info ][gc            ] GC(73) Pause Young (Normal) (G1 Evacuation Pause) 354M->170M(412M) 16.903ms
[2024-09-04T12:11:34.730+0000][204.559s][info ][gc,cpu        ] GC(73) User=0.06s Sys=0.01s Real=0.02s
[2024-09-04T12:11:34.730+0000][204.559s][info ][safepoint     ] Leaving safepoint region
[2024-09-04T12:11:34.730+0000][204.559s][info ][safepoint     ] Total time for which application threads were stopped: 0.0180008 seconds, Stopping threads took: 0.0003697 seconds
[2024-09-04T12:11:34.731+0000][204.559s][info ][gc,stringdedup] Concurrent String Deduplication (204.559s)
[2024-09-04T12:11:34.731+0000][204.559s][info ][gc,stringdedup] Concurrent String Deduplication 0.0B->0.0B(0.0B) avg 54.6% (204.559s, 204.559s) 0.056ms
[2024-09-04T12:11:35.731+0000][205.559s][debug][safepoint     ] Safepoint synchronization initiated. (265 threads)
[2024-09-04T12:11:35.731+0000][205.560s][info ][safepoint     ] Application time: 1.0003910 seconds
[2024-09-04T12:11:35.731+0000][205.560s][info ][safepoint     ] Entering safepoint region: Cleanup
[2024-09-04T12:11:35.732+0000][205.560s][info ][safepoint     ] Leaving safepoint region
[2024-09-04T12:11:35.732+0000][205.560s][info ][safepoint     ] Total time for which application threads were stopped: 0.0008594 seconds, Stopping threads took: 0.0002296 seconds
[2024-09-04T12:11:36.732+0000][206.561s][debug][safepoint     ] Safepoint synchronization initiated. (265 threads)
[2024-09-04T12:11:36.732+0000][206.561s][info ][safepoint     ] Application time: 1.0002515 seconds
[2024-09-04T12:11:36.732+0000][206.561s][info ][safepoint     ] Entering safepoint region: Cleanup
[2024-09-04T12:11:36.733+0000][206.562s][info ][safepoint     ] Leaving safepoint region
[2024-09-04T12:11:36.733+0000][206.562s][info ][safepoint     ] Total time for which application threads were stopped: 0.0008561 seconds, Stopping threads took: 0.0001767 seconds
[2024-09-04T12:11:37.733+0000][207.562s][debug][safepoint     ] Safepoint synchronization initiated. (265 threads)
[2024-09-04T12:11:37.733+0000][207.562s][info ][safepoint     ] Application time: 1.0003255 seconds
[2024-09-04T12:11:37.733+0000][207.562s][debug][safepoint     ] ... found polling page return exception at pc = 0x00007ff4a0ca7143, stub =0x00007ff498824b00
[2024-09-04T12:11:37.734+0000][207.562s][debug][safepoint     ] Waiting for 1 thread(s) to block
[2024-09-04T12:11:37.734+0000][207.563s][info ][safepoint     ] Entering safepoint region: Cleanup
[2024-09-04T12:11:37.734+0000][207.563s][info ][safepoint     ] Leaving safepoint region
[2024-09-04T12:11:37.734+0000][207.563s][info ][safepoint     ] Total time for which application threads were stopped: 0.0011453 seconds, Stopping threads took: 0.0006065 seconds
[2024-09-04T12:11:38.735+0000][208.563s][debug][safepoint     ] Safepoint synchronization initiated. (265 threads)
[2024-09-04T12:11:38.735+0000][208.563s][info ][safepoint     ] Application time: 1.0002125 seconds
[2024-09-04T12:11:38.735+0000][208.564s][info ][safepoint     ] Entering safepoint region: Cleanup
[2024-09-04T12:11:38.735+0000][208.564s][info ][safepoint     ] Leaving safepoint region
[2024-09-04T12:11:38.735+0000][208.564s][info ][safepoint     ] Total time for which application threads were stopped: 0.0005816 seconds, Stopping threads took: 0.0001777 seconds
[2024-09-04T12:11:39.735+0000][209.564s][debug][safepoint     ] Safepoint synchronization initiated. (265 threads)
[2024-09-04T12:11:39.736+0000][209.564s][info ][safepoint     ] Application time: 1.0002785 seconds
[2024-09-04T12:11:39.736+0000][209.564s][info ][safepoint     ] Entering safepoint region: Cleanup
[2024-09-04T12:11:39.737+0000][209.565s][info ][safepoint     ] Leaving safepoint region
[2024-09-04T12:11:39.737+0000][209.565s][info ][safepoint     ] Total time for which application threads were stopped: 0.0010255 seconds, Stopping threads took: 0.0002208 seconds
[2024-09-04T12:11:40.737+0000][210.566s][debug][safepoint     ] Safepoint synchronization initiated. (265 threads)
[2024-09-04T12:11:40.737+0000][210.566s][info ][safepoint     ] Application time: 1.0002356 seconds
[2024-09-04T12:11:40.737+0000][210.566s][debug][safepoint     ] ... found polling page return exception at pc = 0x00007ff4a03bfff2, stub =0x00007ff498824b00
[2024-09-04T12:11:40.737+0000][210.566s][debug][safepoint     ] ... found polling page return exception at pc = 0x00007ff4a0cbdc72, stub =0x00007ff498824b00
[2024-09-04T12:11:40.737+0000][210.566s][debug][safepoint     ] Waiting for 2 thread(s) to block
[2024-09-04T12:11:40.737+0000][210.566s][info ][safepoint     ] Entering safepoint region: Cleanup
[2024-09-04T12:11:40.738+0000][210.567s][info ][safepoint     ] Leaving safepoint region
[2024-09-04T12:11:40.738+0000][210.567s][info ][safepoint     ] Total time for which application threads were stopped: 0.0011048 seconds, Stopping threads took: 0.0004848 seconds
[2024-09-04T12:11:41.738+0000][211.567s][debug][safepoint     ] Safepoint synchronization initiated. (265 threads)
[2024-09-04T12:11:41.738+0000][211.567s][info ][safepoint     ] Application time: 1.0002196 seconds
[2024-09-04T12:11:41.738+0000][211.567s][info ][safepoint     ] Entering safepoint region: Cleanup
[2024-09-04T12:11:41.739+0000][211.568s][info ][safepoint     ] Leaving safepoint region
[2024-09-04T12:11:41.739+0000][211.568s][info ][safepoint     ] Total time for which application threads were stopped: 0.0009968 seconds, Stopping threads took: 0.0001389 seconds
[2024-09-04T12:11:42.739+0000][212.568s][debug][safepoint     ] Safepoint synchronization initiated. (265 threads)
[2024-09-04T12:11:42.739+0000][212.568s][info ][safepoint     ] Application time: 1.0001958 seconds
[2024-09-04T12:11:42.740+0000][212.568s][info ][safepoint     ] Entering safepoint region: Cleanup
[2024-09-04T12:11:42.740+0000][212.569s][info ][safepoint     ] Leaving safepoint region
[2024-09-04T12:11:42.740+0000][212.569s][info ][safepoint     ] Total time for which application threads were stopped: 0.0006971 seconds, Stopping threads took: 0.0001643 seconds
[2024-09-04T12:11:43.740+0000][213.569s][debug][safepoint     ] Safepoint synchronization initiated. (265 threads)
[2024-09-04T12:11:43.740+0000][213.569s][info ][safepoint     ] Application time: 1.0002521 seconds
[2024-09-04T12:11:43.741+0000][213.569s][info ][safepoint     ] Entering safepoint region: Cleanup
[2024-09-04T12:11:43.741+0000][213.570s][info ][safepoint     ] Leaving safepoint region
[2024-09-04T12:11:43.741+0000][213.570s][info ][safepoint     ] Total time for which application threads were stopped: 0.0008520 seconds, Stopping threads took: 0.0003061 seconds
[2024-09-04T12:11:44.741+0000][214.570s][debug][safepoint     ] Safepoint synchronization initiated. (265 threads)
[2024-09-04T12:11:44.742+0000][214.570s][info ][safepoint     ] Application time: 1.0002398 seconds
[2024-09-04T12:11:44.742+0000][214.571s][info ][safepoint     ] Entering safepoint region: Cleanup
[2024-09-04T12:11:44.742+0000][214.571s][info ][safepoint     ] Leaving safepoint region
[2024-09-04T12:11:44.742+0000][214.571s][info ][safepoint     ] Total time for which application threads were stopped: 0.0008144 seconds, Stopping threads took: 0.0002551 seconds
[2024-09-04T12:11:45.743+0000][215.571s][debug][safepoint     ] Safepoint synchronization initiated. (265 threads)
[2024-09-04T12:11:45.743+0000][215.571s][info ][safepoint     ] Application time: 1.0002915 seconds
[2024-09-04T12:11:45.743+0000][215.572s][info ][safepoint     ] Entering safepoint region: Cleanup
[2024-09-04T12:11:45.744+0000][215.572s][info ][safepoint     ] Leaving safepoint region
[2024-09-04T12:11:45.744+0000][215.572s][info ][safepoint     ] Total time for which application threads were stopped: 0.0009163 seconds, Stopping threads took: 0.0002337 seconds
[2024-09-04T12:11:46.744+0000][216.573s][debug][safepoint     ] Safepoint synchronization initiated. (265 threads)
[2024-09-04T12:11:46.744+0000][216.573s][info ][safepoint     ] Application time: 1.0001930 seconds
[2024-09-04T12:11:46.744+0000][216.573s][info ][safepoint     ] Entering safepoint region: Cleanup
[2024-09-04T12:11:46.745+0000][216.573s][info ][safepoint     ] Leaving safepoint region
[2024-09-04T12:11:46.745+0000][216.573s][info ][safepoint     ] Total time for which application threads were stopped: 0.0006827 seconds, Stopping threads took: 0.0002015 seconds
[2024-09-04T12:11:47.745+0000][217.574s][debug][safepoint     ] Safepoint synchronization initiated. (265 threads)
[2024-09-04T12:11:47.745+0000][217.574s][info ][safepoint     ] Application time: 1.0003289 seconds
[2024-09-04T12:11:47.745+0000][217.574s][info ][safepoint     ] Entering safepoint region: Cleanup
[2024-09-04T12:11:47.746+0000][217.575s][info ][safepoint     ] Leaving safepoint region
[2024-09-04T12:11:47.746+0000][217.575s][info ][safepoint     ] Total time for which application threads were stopped: 0.0008388 seconds, Stopping threads took: 0.0002674 seconds
[2024-09-04T12:11:48.746+0000][218.575s][debug][safepoint     ] Safepoint synchronization initiated. (265 threads)
[2024-09-04T12:11:48.746+0000][218.575s][info ][safepoint     ] Application time: 1.0002466 seconds
[2024-09-04T12:11:48.746+0000][218.575s][info ][safepoint     ] Entering safepoint region: Cleanup
[2024-09-04T12:11:48.747+0000][218.576s][info ][safepoint     ] Leaving safepoint region
[2024-09-04T12:11:48.747+0000][218.576s][info ][safepoint     ] Total time for which application threads were stopped: 0.0008185 seconds, Stopping threads took: 0.0002072 seconds
[2024-09-04T12:11:49.747+0000][219.576s][debug][safepoint     ] Safepoint synchronization initiated. (265 threads)
[2024-09-04T12:11:49.747+0000][219.576s][info ][safepoint     ] Application time: 1.0002787 seconds
[2024-09-04T12:11:49.748+0000][219.576s][info ][safepoint     ] Entering safepoint region: Cleanup
[2024-09-04T12:11:49.748+0000][219.577s][info ][safepoint     ] Leaving safepoint region
[2024-09-04T12:11:49.748+0000][219.577s][info ][safepoint     ] Total time for which application threads were stopped: 0.0009886 seconds, Stopping threads took: 0.0002375 seconds
[2024-09-04T12:11:50.749+0000][220.577s][debug][safepoint     ] Safepoint synchronization initiated. (265 threads)
[2024-09-04T12:11:50.749+0000][220.577s][info ][safepoint     ] Application time: 1.0003217 seconds
[2024-09-04T12:11:50.749+0000][220.578s][info ][safepoint     ] Entering safepoint region: Cleanup
[2024-09-04T12:11:50.750+0000][220.578s][info ][safepoint     ] Leaving safepoint region
[2024-09-04T12:11:50.750+0000][220.579s][info ][safepoint     ] Total time for which application threads were stopped: 0.0010811 seconds, Stopping threads took: 0.0001964 seconds
[2024-09-04T12:11:51.750+0000][221.579s][debug][safepoint     ] Safepoint synchronization initiated. (265 threads)
[2024-09-04T12:11:51.750+0000][221.579s][info ][safepoint     ] Application time: 1.0002593 seconds
[2024-09-04T12:11:51.750+0000][221.579s][info ][safepoint     ] Entering safepoint region: Cleanup
[2024-09-04T12:11:51.751+0000][221.579s][info ][safepoint     ] Leaving safepoint region
[2024-09-04T12:11:51.751+0000][221.580s][info ][safepoint     ] Total time for which application threads were stopped: 0.0006799 seconds, Stopping threads took: 0.0001866 seconds
[2024-09-04T12:11:52.751+0000][222.580s][debug][safepoint     ] Safepoint synchronization initiated. (265 threads)
[2024-09-04T12:11:52.751+0000][222.580s][info ][safepoint     ] Application time: 1.0003466 seconds
[2024-09-04T12:11:52.751+0000][222.580s][info ][safepoint     ] Entering safepoint region: Cleanup
[2024-09-04T12:11:52.752+0000][222.581s][info ][safepoint     ] Leaving safepoint region
[2024-09-04T12:11:52.752+0000][222.581s][info ][safepoint     ] Total time for which application threads were stopped: 0.0008851 seconds, Stopping threads took: 0.0002490 seconds
[2024-09-04T12:11:53.752+0000][223.581s][debug][safepoint     ] Safepoint synchronization initiated. (265 threads)
[2024-09-04T12:11:53.752+0000][223.581s][info ][safepoint     ] Application time: 1.0002783 seconds
[2024-09-04T12:11:53.753+0000][223.581s][info ][safepoint     ] Entering safepoint region: Cleanup
[2024-09-04T12:11:53.753+0000][223.582s][info ][safepoint     ] Leaving safepoint region
[2024-09-04T12:11:53.753+0000][223.582s][debug][safepoint     ] ... found polling page return exception at pc = 0x00007ff4a06a8636, stub =0x00007ff498824b00
[2024-09-04T12:11:53.753+0000][223.582s][debug][safepoint     ] ... found polling page return exception at pc = 0x00007ff4a06a8636, stub =0x00007ff498824b00
[2024-09-04T12:11:53.753+0000][223.582s][debug][safepoint     ] ... found polling page return exception at pc = 0x00007ff4a06a8636, stub =0x00007ff498824b00
[2024-09-04T12:11:53.753+0000][223.582s][info ][safepoint     ] Total time for which application threads were stopped: 0.0008561 seconds, Stopping threads took: 0.0003705 seconds
[2024-09-04T12:11:54.754+0000][224.583s][debug][safepoint     ] Safepoint synchronization initiated. (265 threads)
[2024-09-04T12:11:54.754+0000][224.583s][info ][safepoint     ] Application time: 1.0002739 seconds
[2024-09-04T12:11:54.754+0000][224.583s][info ][safepoint     ] Entering safepoint region: Cleanup
[2024-09-04T12:11:54.755+0000][224.584s][info ][safepoint     ] Leaving safepoint region
[2024-09-04T12:11:54.755+0000][224.584s][info ][safepoint     ] Total time for which application threads were stopped: 0.0009526 seconds, Stopping threads took: 0.0002107 seconds
[2024-09-04T12:11:55.755+0000][225.584s][debug][safepoint     ] Safepoint synchronization initiated. (265 threads)
[2024-09-04T12:11:55.755+0000][225.584s][info ][safepoint     ] Application time: 1.0003090 seconds
[2024-09-04T12:11:55.755+0000][225.584s][info ][safepoint     ] Entering safepoint region: Cleanup
[2024-09-04T12:11:55.756+0000][225.585s][info ][safepoint     ] Leaving safepoint region
[2024-09-04T12:11:55.756+0000][225.585s][info ][safepoint     ] Total time for which application threads were stopped: 0.0008889 seconds, Stopping threads took: 0.0002390 seconds
[2024-09-04T12:11:56.756+0000][226.585s][debug][safepoint     ] Safepoint synchronization initiated. (265 threads)
[2024-09-04T12:11:56.756+0000][226.585s][info ][safepoint     ] Application time: 1.0002088 seconds
[2024-09-04T12:11:56.757+0000][226.585s][info ][safepoint     ] Entering safepoint region: Cleanup
[2024-09-04T12:11:56.757+0000][226.586s][info ][safepoint     ] Leaving safepoint region
[2024-09-04T12:11:56.757+0000][226.586s][info ][safepoint     ] Total time for which application threads were stopped: 0.0006074 seconds, Stopping threads took: 0.0001589 seconds
[2024-09-04T12:11:57.757+0000][227.586s][debug][safepoint     ] Safepoint synchronization initiated. (265 threads)
[2024-09-04T12:11:57.757+0000][227.586s][info ][safepoint     ] Application time: 1.0002769 seconds
[2024-09-04T12:11:57.758+0000][227.586s][info ][safepoint     ] Entering safepoint region: Cleanup
[2024-09-04T12:11:57.758+0000][227.587s][info ][safepoint     ] Leaving safepoint region
[2024-09-04T12:11:57.758+0000][227.587s][info ][safepoint     ] Total time for which application threads were stopped: 0.0008896 seconds, Stopping threads took: 0.0003036 seconds
[2024-09-04T12:11:58.759+0000][228.587s][debug][safepoint     ] Safepoint synchronization initiated. (264 threads)
[2024-09-04T12:11:58.759+0000][228.587s][info ][safepoint     ] Application time: 1.0003858 seconds
[2024-09-04T12:11:58.759+0000][228.588s][info ][safepoint     ] Entering safepoint region: Cleanup
[2024-09-04T12:11:58.760+0000][228.588s][info ][safepoint     ] Leaving safepoint region
[2024-09-04T12:11:58.760+0000][228.588s][info ][safepoint     ] Total time for which application threads were stopped: 0.0009911 seconds, Stopping threads took: 0.0003740 seconds
[2024-09-04T12:11:59.760+0000][229.589s][debug][safepoint     ] Safepoint synchronization initiated. (262 threads)
[2024-09-04T12:11:59.760+0000][229.589s][info ][safepoint     ] Application time: 1.0002236 seconds
[2024-09-04T12:11:59.760+0000][229.589s][info ][safepoint     ] Entering safepoint region: Cleanup
[2024-09-04T12:11:59.761+0000][229.589s][info ][safepoint     ] Leaving safepoint region
[2024-09-04T12:11:59.761+0000][229.589s][info ][safepoint     ] Total time for which application threads were stopped: 0.0007497 seconds, Stopping threads took: 0.0001523 seconds
[2024-09-04T12:12:00.761+0000][230.590s][debug][safepoint     ] Safepoint synchronization initiated. (262 threads)
[2024-09-04T12:12:00.761+0000][230.590s][info ][safepoint     ] Application time: 1.0003164 seconds
[2024-09-04T12:12:00.761+0000][230.590s][info ][safepoint     ] Entering safepoint region: Cleanup
[2024-09-04T12:12:00.762+0000][230.590s][info ][safepoint     ] Leaving safepoint region
[2024-09-04T12:12:00.762+0000][230.590s][info ][safepoint     ] Total time for which application threads were stopped: 0.0006674 seconds, Stopping threads took: 0.0001736 seconds
[2024-09-04T12:12:01.762+0000][231.591s][debug][safepoint     ] Safepoint synchronization initiated. (262 threads)
[2024-09-04T12:12:01.762+0000][231.591s][info ][safepoint     ] Application time: 1.0002070 seconds
[2024-09-04T12:12:01.762+0000][231.591s][info ][safepoint     ] Entering safepoint region: Cleanup
[2024-09-04T12:12:01.763+0000][231.591s][info ][safepoint     ] Leaving safepoint region
[2024-09-04T12:12:01.763+0000][231.591s][info ][safepoint     ] Total time for which application threads were stopped: 0.0007782 seconds, Stopping threads took: 0.0001918 seconds
[2024-09-04T12:12:02.128+0000][231.956s][debug][safepoint     ] Safepoint synchronization initiated. (262 threads)
[2024-09-04T12:12:02.128+0000][231.956s][info ][safepoint     ] Application time: 0.3649322 seconds
[2024-09-04T12:12:02.128+0000][231.957s][debug][safepoint     ] ... found polling page loop exception at pc = 0x00007ff4a123d5da, stub =0x00007ff498826680
[2024-09-04T12:12:02.128+0000][231.957s][debug][safepoint     ] ... found polling page return exception at pc = 0x00007ff4a0fa339e, stub =0x00007ff498824b00
[2024-09-04T12:12:02.128+0000][231.957s][debug][safepoint     ] ... found polling page return exception at pc = 0x00007ff4a03bfff2, stub =0x00007ff498824b00
[2024-09-04T12:12:02.128+0000][231.957s][debug][safepoint     ] Waiting for 3 thread(s) to block
[2024-09-04T12:12:02.128+0000][231.957s][info ][safepoint     ] Entering safepoint region: G1CollectForAllocation
[2024-09-04T12:12:02.129+0000][231.957s][info ][gc,start      ] GC(74) Pause Young (Normal) (G1 Evacuation Pause)
[2024-09-04T12:12:02.129+0000][231.957s][info ][gc,task       ] GC(74) Using 4 workers of 4 for evacuation
[2024-09-04T12:12:02.145+0000][231.974s][info ][gc,phases     ] GC(74)   Pre Evacuate Collection Set: 0.0ms
[2024-09-04T12:12:02.145+0000][231.974s][info ][gc,phases     ] GC(74)   Evacuate Collection Set: 10.2ms
[2024-09-04T12:12:02.145+0000][231.974s][info ][gc,phases     ] GC(74)   Post Evacuate Collection Set: 5.7ms
[2024-09-04T12:12:02.145+0000][231.974s][info ][gc,phases     ] GC(74)   Other: 0.5ms
[2024-09-04T12:12:02.145+0000][231.974s][info ][gc,heap       ] GC(74) Eden regions: 185->0(185)
[2024-09-04T12:12:02.145+0000][231.974s][info ][gc,heap       ] GC(74) Survivor regions: 13->13(25)
[2024-09-04T12:12:02.145+0000][231.974s][info ][gc,heap       ] GC(74) Old regions: 159->159
[2024-09-04T12:12:02.145+0000][231.974s][info ][gc,heap       ] GC(74) Humongous regions: 0->0
[2024-09-04T12:12:02.145+0000][231.974s][info ][gc,metaspace  ] GC(74) Metaspace: 171840K(177648K)->171840K(177648K) NonClass: 151851K(155348K)->151851K(155348K) Class: 19989K(22300K)->19989K(22300K)
[2024-09-04T12:12:02.145+0000][231.974s][info ][gc            ] GC(74) Pause Young (Normal) (G1 Evacuation Pause) 355M->169M(412M) 16.510ms
[2024-09-04T12:12:02.145+0000][231.974s][info ][gc,cpu        ] GC(74) User=0.06s Sys=0.00s Real=0.02s
[2024-09-04T12:12:02.145+0000][231.974s][info ][safepoint     ] Leaving safepoint region
[2024-09-04T12:12:02.145+0000][231.974s][info ][safepoint     ] Total time for which application threads were stopped: 0.0175542 seconds, Stopping threads took: 0.0005051 seconds
[2024-09-04T12:12:02.145+0000][231.974s][info ][gc,stringdedup] Concurrent String Deduplication (231.974s)
[2024-09-04T12:12:02.146+0000][231.974s][info ][gc,stringdedup] Concurrent String Deduplication 0.0B->0.0B(0.0B) avg 54.6% (231.974s, 231.974s) 0.152ms
[2024-09-04T12:12:03.146+0000][232.974s][debug][safepoint     ] Safepoint synchronization initiated. (262 threads)
[2024-09-04T12:12:03.146+0000][232.974s][info ][safepoint     ] Application time: 1.0003647 seconds
[2024-09-04T12:12:03.146+0000][232.975s][info ][safepoint     ] Entering safepoint region: Cleanup
[2024-09-04T12:12:03.146+0000][232.975s][info ][safepoint     ] Leaving safepoint region
[2024-09-04T12:12:03.146+0000][232.975s][info ][safepoint     ] Total time for which application threads were stopped: 0.0007813 seconds, Stopping threads took: 0.0002545 seconds
[2024-09-04T12:12:04.147+0000][233.975s][debug][safepoint     ] Safepoint synchronization initiated. (262 threads)
[2024-09-04T12:12:04.147+0000][233.975s][info ][safepoint     ] Application time: 1.0002390 seconds
[2024-09-04T12:12:04.147+0000][233.976s][info ][safepoint     ] Entering safepoint region: Cleanup
[2024-09-04T12:12:04.147+0000][233.976s][info ][safepoint     ] Leaving safepoint region
[2024-09-04T12:12:04.147+0000][233.976s][info ][safepoint     ] Total time for which application threads were stopped: 0.0005640 seconds, Stopping threads took: 0.0001780 seconds
[2024-09-04T12:12:05.147+0000][234.976s][debug][safepoint     ] Safepoint synchronization initiated. (262 threads)
[2024-09-04T12:12:05.148+0000][234.976s][info ][safepoint     ] Application time: 1.0001796 seconds
[2024-09-04T12:12:05.148+0000][234.976s][info ][safepoint     ] Entering safepoint region: Cleanup
[2024-09-04T12:12:05.148+0000][234.977s][info ][safepoint     ] Leaving safepoint region
[2024-09-04T12:12:05.148+0000][234.977s][info ][safepoint     ] Total time for which application threads were stopped: 0.0005240 seconds, Stopping threads took: 0.0001659 seconds
[2024-09-04T12:12:06.148+0000][235.977s][debug][safepoint     ] Safepoint synchronization initiated. (262 threads)
[2024-09-04T12:12:06.148+0000][235.977s][info ][safepoint     ] Application time: 1.0002671 seconds
[2024-09-04T12:12:06.149+0000][235.977s][info ][safepoint     ] Entering safepoint region: Cleanup
[2024-09-04T12:12:06.149+0000][235.978s][info ][safepoint     ] Leaving safepoint region
[2024-09-04T12:12:06.149+0000][235.978s][info ][safepoint     ] Total time for which application threads were stopped: 0.0009520 seconds, Stopping threads took: 0.0002514 seconds
[2024-09-04T12:12:07.149+0000][236.978s][debug][safepoint     ] Safepoint synchronization initiated. (262 threads)
[2024-09-04T12:12:07.150+0000][236.978s][info ][safepoint     ] Application time: 1.0002208 seconds
[2024-09-04T12:12:07.150+0000][236.978s][info ][safepoint     ] Entering safepoint region: Cleanup
[2024-09-04T12:12:07.150+0000][236.979s][info ][safepoint     ] Leaving safepoint region
[2024-09-04T12:12:07.150+0000][236.979s][info ][safepoint     ] Total time for which application threads were stopped: 0.0007037 seconds, Stopping threads took: 0.0001752 seconds
[2024-09-04T12:12:08.151+0000][237.979s][debug][safepoint     ] Safepoint synchronization initiated. (262 threads)
[2024-09-04T12:12:08.151+0000][237.979s][info ][safepoint     ] Application time: 1.0003035 seconds
[2024-09-04T12:12:08.151+0000][237.980s][info ][safepoint     ] Entering safepoint region: Cleanup
[2024-09-04T12:12:08.151+0000][237.980s][debug][safepoint     ] ... found polling page return exception at pc = 0x00007ff4a06a8636, stub =0x00007ff498824b00
[2024-09-04T12:12:08.151+0000][237.980s][info ][safepoint     ] Leaving safepoint region
[2024-09-04T12:12:08.152+0000][237.980s][info ][safepoint     ] Total time for which application threads were stopped: 0.0009379 seconds, Stopping threads took: 0.0003073 seconds
[2024-09-04T12:12:09.152+0000][238.981s][debug][safepoint     ] Safepoint synchronization initiated. (262 threads)
[2024-09-04T12:12:09.152+0000][238.981s][info ][safepoint     ] Application time: 1.0003563 seconds
[2024-09-04T12:12:09.152+0000][238.981s][info ][safepoint     ] Entering safepoint region: Cleanup
[2024-09-04T12:12:09.153+0000][238.981s][info ][safepoint     ] Leaving safepoint region
[2024-09-04T12:12:09.153+0000][238.981s][info ][safepoint     ] Total time for which application threads were stopped: 0.0007685 seconds, Stopping threads took: 0.0002328 seconds
[2024-09-04T12:12:10.153+0000][239.982s][debug][safepoint     ] Safepoint synchronization initiated. (262 threads)
[2024-09-04T12:12:10.153+0000][239.982s][info ][safepoint     ] Application time: 1.0001967 seconds
[2024-09-04T12:12:10.153+0000][239.982s][info ][safepoint     ] Entering safepoint region: Cleanup
[2024-09-04T12:12:10.154+0000][239.982s][info ][safepoint     ] Leaving safepoint region
[2024-09-04T12:12:10.154+0000][239.982s][info ][safepoint     ] Total time for which application threads were stopped: 0.0006621 seconds, Stopping threads took: 0.0001624 seconds
[2024-09-04T12:12:11.154+0000][240.983s][debug][safepoint     ] Safepoint synchronization initiated. (262 threads)
[2024-09-04T12:12:11.154+0000][240.983s][info ][safepoint     ] Application time: 1.0002516 seconds
[2024-09-04T12:12:11.154+0000][240.983s][debug][safepoint     ] ... found polling page return exception at pc = 0x00007ff4a085e306, stub =0x00007ff498824b00
[2024-09-04T12:12:11.154+0000][240.983s][debug][safepoint     ] ... found polling page return exception at pc = 0x00007ff4a093b034, stub =0x00007ff498824b00
[2024-09-04T12:12:11.154+0000][240.983s][debug][safepoint     ] Waiting for 3 thread(s) to block
[2024-09-04T12:12:11.155+0000][240.983s][info ][safepoint     ] Entering safepoint region: Cleanup
[2024-09-04T12:12:11.155+0000][240.984s][info ][safepoint     ] Leaving safepoint region
[2024-09-04T12:12:11.155+0000][240.984s][info ][safepoint     ] Total time for which application threads were stopped: 0.0009945 seconds, Stopping threads took: 0.0006441 seconds
[2024-09-04T12:12:12.155+0000][241.984s][debug][safepoint     ] Safepoint synchronization initiated. (262 threads)
[2024-09-04T12:12:12.155+0000][241.984s][info ][safepoint     ] Application time: 1.0003363 seconds
[2024-09-04T12:12:12.155+0000][241.984s][info ][safepoint     ] Entering safepoint region: Cleanup
[2024-09-04T12:12:12.156+0000][241.985s][info ][safepoint     ] Leaving safepoint region
[2024-09-04T12:12:12.156+0000][241.985s][info ][safepoint     ] Total time for which application threads were stopped: 0.0008764 seconds, Stopping threads took: 0.0002483 seconds
[2024-09-04T12:12:13.156+0000][242.985s][debug][safepoint     ] Safepoint synchronization initiated. (262 threads)
[2024-09-04T12:12:13.157+0000][242.985s][info ][safepoint     ] Application time: 1.0003007 seconds
[2024-09-04T12:12:13.157+0000][242.985s][info ][safepoint     ] Entering safepoint region: Cleanup
[2024-09-04T12:12:13.157+0000][242.986s][info ][safepoint     ] Leaving safepoint region
[2024-09-04T12:12:13.157+0000][242.986s][info ][safepoint     ] Total time for which application threads were stopped: 0.0007947 seconds, Stopping threads took: 0.0002358 seconds
[2024-09-04T12:12:14.157+0000][243.986s][debug][safepoint     ] Safepoint synchronization initiated. (262 threads)
[2024-09-04T12:12:14.158+0000][243.986s][info ][safepoint     ] Application time: 1.0002067 seconds
[2024-09-04T12:12:14.158+0000][243.986s][info ][safepoint     ] Entering safepoint region: Cleanup
[2024-09-04T12:12:14.158+0000][243.987s][info ][safepoint     ] Leaving safepoint region
[2024-09-04T12:12:14.158+0000][243.987s][info ][safepoint     ] Total time for which application threads were stopped: 0.0007407 seconds, Stopping threads took: 0.0001937 seconds
[2024-09-04T12:12:15.159+0000][244.987s][debug][safepoint     ] Safepoint synchronization initiated. (262 threads)
[2024-09-04T12:12:15.159+0000][244.987s][info ][safepoint     ] Application time: 1.0002597 seconds
[2024-09-04T12:12:15.159+0000][244.988s][info ][safepoint     ] Entering safepoint region: Cleanup
[2024-09-04T12:12:15.159+0000][244.988s][info ][safepoint     ] Leaving safepoint region
[2024-09-04T12:12:15.159+0000][244.988s][info ][safepoint     ] Total time for which application threads were stopped: 0.0006914 seconds, Stopping threads took: 0.0002118 seconds
[2024-09-04T12:12:16.159+0000][245.988s][debug][safepoint     ] Safepoint synchronization initiated. (262 threads)
[2024-09-04T12:12:16.160+0000][245.988s][info ][safepoint     ] Application time: 1.0002143 seconds
[2024-09-04T12:12:16.160+0000][245.988s][info ][safepoint     ] Entering safepoint region: Cleanup
[2024-09-04T12:12:16.160+0000][245.989s][info ][safepoint     ] Leaving safepoint region
[2024-09-04T12:12:16.160+0000][245.989s][info ][safepoint     ] Total time for which application threads were stopped: 0.0006071 seconds, Stopping threads took: 0.0001395 seconds
[2024-09-04T12:12:17.160+0000][246.989s][debug][safepoint     ] Safepoint synchronization initiated. (262 threads)
[2024-09-04T12:12:17.160+0000][246.989s][info ][safepoint     ] Application time: 1.0002856 seconds
[2024-09-04T12:12:17.161+0000][246.989s][info ][safepoint     ] Entering safepoint region: Cleanup
[2024-09-04T12:12:17.161+0000][246.990s][info ][safepoint     ] Leaving safepoint region
[2024-09-04T12:12:17.161+0000][246.990s][info ][safepoint     ] Total time for which application threads were stopped: 0.0008957 seconds, Stopping threads took: 0.0002410 seconds
[2024-09-04T12:12:18.162+0000][247.991s][debug][safepoint     ] Safepoint synchronization initiated. (262 threads)
[2024-09-04T12:12:18.162+0000][247.991s][info ][safepoint     ] Application time: 1.0004126 seconds
[2024-09-04T12:12:18.162+0000][247.991s][info ][safepoint     ] Entering safepoint region: Cleanup
[2024-09-04T12:12:18.163+0000][247.992s][info ][safepoint     ] Leaving safepoint region
[2024-09-04T12:12:18.163+0000][247.992s][info ][safepoint     ] Total time for which application threads were stopped: 0.0009659 seconds, Stopping threads took: 0.0002156 seconds
[2024-09-04T12:12:19.163+0000][248.992s][debug][safepoint     ] Safepoint synchronization initiated. (262 threads)
[2024-09-04T12:12:19.163+0000][248.992s][info ][safepoint     ] Application time: 1.0001802 seconds
[2024-09-04T12:12:19.163+0000][248.992s][info ][safepoint     ] Entering safepoint region: Cleanup
[2024-09-04T12:12:19.164+0000][248.993s][info ][safepoint     ] Leaving safepoint region
[2024-09-04T12:12:19.164+0000][248.993s][info ][safepoint     ] Total time for which application threads were stopped: 0.0007659 seconds, Stopping threads took: 0.0002512 seconds
[2024-09-04T12:12:20.164+0000][249.993s][debug][safepoint     ] Safepoint synchronization initiated. (262 threads)
[2024-09-04T12:12:20.164+0000][249.993s][info ][safepoint     ] Application time: 1.0002820 seconds
[2024-09-04T12:12:20.164+0000][249.993s][info ][safepoint     ] Entering safepoint region: Cleanup
[2024-09-04T12:12:20.165+0000][249.994s][info ][safepoint     ] Leaving safepoint region
[2024-09-04T12:12:20.165+0000][249.994s][info ][safepoint     ] Total time for which application threads were stopped: 0.0007990 seconds, Stopping threads took: 0.0002133 seconds
[2024-09-04T12:12:21.165+0000][250.994s][debug][safepoint     ] Safepoint synchronization initiated. (262 threads)
[2024-09-04T12:12:21.165+0000][250.994s][info ][safepoint     ] Application time: 1.0002398 seconds
[2024-09-04T12:12:21.165+0000][250.994s][info ][safepoint     ] Entering safepoint region: Cleanup
[2024-09-04T12:12:21.166+0000][250.995s][info ][safepoint     ] Leaving safepoint region
[2024-09-04T12:12:21.166+0000][250.995s][info ][safepoint     ] Total time for which application threads were stopped: 0.0008068 seconds, Stopping threads took: 0.0003066 seconds
[2024-09-04T12:12:22.166+0000][251.995s][debug][safepoint     ] Safepoint synchronization initiated. (262 threads)
[2024-09-04T12:12:22.166+0000][251.995s][info ][safepoint     ] Application time: 1.0002511 seconds
[2024-09-04T12:12:22.167+0000][251.995s][info ][safepoint     ] Entering safepoint region: Cleanup
[2024-09-04T12:12:22.167+0000][251.996s][info ][safepoint     ] Leaving safepoint region
[2024-09-04T12:12:22.167+0000][251.996s][info ][safepoint     ] Total time for which application threads were stopped: 0.0008120 seconds, Stopping threads took: 0.0002243 seconds
[2024-09-04T12:12:23.167+0000][252.996s][debug][safepoint     ] Safepoint synchronization initiated. (262 threads)
[2024-09-04T12:12:23.167+0000][252.996s][info ][safepoint     ] Application time: 1.0002011 seconds
[2024-09-04T12:12:23.168+0000][252.996s][info ][safepoint     ] Entering safepoint region: Cleanup
[2024-09-04T12:12:23.168+0000][252.997s][info ][safepoint     ] Leaving safepoint region
[2024-09-04T12:12:23.168+0000][252.997s][info ][safepoint     ] Total time for which application threads were stopped: 0.0006311 seconds, Stopping threads took: 0.0002364 seconds
[2024-09-04T12:12:24.168+0000][253.997s][debug][safepoint     ] Safepoint synchronization initiated. (262 threads)
[2024-09-04T12:12:24.168+0000][253.997s][info ][safepoint     ] Application time: 1.0002370 seconds
[2024-09-04T12:12:24.168+0000][253.997s][info ][safepoint     ] Entering safepoint region: Cleanup
[2024-09-04T12:12:24.169+0000][253.998s][info ][safepoint     ] Leaving safepoint region
[2024-09-04T12:12:24.169+0000][253.998s][info ][safepoint     ] Total time for which application threads were stopped: 0.0005689 seconds, Stopping threads took: 0.0001739 seconds
[2024-09-04T12:12:25.169+0000][254.998s][debug][safepoint     ] Safepoint synchronization initiated. (262 threads)
[2024-09-04T12:12:25.169+0000][254.998s][info ][safepoint     ] Application time: 1.0002373 seconds
[2024-09-04T12:12:25.169+0000][254.998s][info ][safepoint     ] Entering safepoint region: Cleanup
[2024-09-04T12:12:25.170+0000][254.998s][info ][safepoint     ] Leaving safepoint region
[2024-09-04T12:12:25.170+0000][254.999s][info ][safepoint     ] Total time for which application threads were stopped: 0.0005894 seconds, Stopping threads took: 0.0001660 seconds
[2024-09-04T12:12:26.170+0000][255.999s][debug][safepoint     ] Safepoint synchronization initiated. (262 threads)
[2024-09-04T12:12:26.170+0000][255.999s][info ][safepoint     ] Application time: 1.0002146 seconds
[2024-09-04T12:12:26.170+0000][255.999s][info ][safepoint     ] Entering safepoint region: Cleanup
[2024-09-04T12:12:26.171+0000][255.999s][info ][safepoint     ] Leaving safepoint region
[2024-09-04T12:12:26.171+0000][255.999s][info ][safepoint     ] Total time for which application threads were stopped: 0.0005997 seconds, Stopping threads took: 0.0001721 seconds
[2024-09-04T12:12:27.171+0000][257.000s][debug][safepoint     ] Safepoint synchronization initiated. (262 threads)
[2024-09-04T12:12:27.171+0000][257.000s][info ][safepoint     ] Application time: 1.0002552 seconds
[2024-09-04T12:12:27.171+0000][257.000s][info ][safepoint     ] Entering safepoint region: Cleanup
[2024-09-04T12:12:27.172+0000][257.000s][info ][safepoint     ] Leaving safepoint region
[2024-09-04T12:12:27.172+0000][257.000s][info ][safepoint     ] Total time for which application threads were stopped: 0.0007451 seconds, Stopping threads took: 0.0002415 seconds
[2024-09-04T12:12:28.172+0000][258.001s][debug][safepoint     ] Safepoint synchronization initiated. (262 threads)
[2024-09-04T12:12:28.172+0000][258.001s][info ][safepoint     ] Application time: 1.0002838 seconds
[2024-09-04T12:12:28.172+0000][258.001s][info ][safepoint     ] Entering safepoint region: Cleanup
[2024-09-04T12:12:28.173+0000][258.002s][info ][safepoint     ] Leaving safepoint region
[2024-09-04T12:12:28.173+0000][258.002s][info ][safepoint     ] Total time for which application threads were stopped: 0.0007989 seconds, Stopping threads took: 0.0002108 seconds
[2024-09-04T12:12:29.173+0000][259.002s][debug][safepoint     ] Safepoint synchronization initiated. (262 threads)
[2024-09-04T12:12:29.173+0000][259.002s][info ][safepoint     ] Application time: 1.0002777 seconds
[2024-09-04T12:12:29.173+0000][259.002s][info ][safepoint     ] Entering safepoint region: Cleanup
[2024-09-04T12:12:29.174+0000][259.003s][info ][safepoint     ] Leaving safepoint region
[2024-09-04T12:12:29.174+0000][259.003s][info ][safepoint     ] Total time for which application threads were stopped: 0.0008672 seconds, Stopping threads took: 0.0001998 seconds
[2024-09-04T12:12:30.174+0000][260.003s][debug][safepoint     ] Safepoint synchronization initiated. (262 threads)
[2024-09-04T12:12:30.174+0000][260.003s][info ][safepoint     ] Application time: 1.0001973 seconds
[2024-09-04T12:12:30.175+0000][260.003s][info ][safepoint     ] Entering safepoint region: Cleanup
[2024-09-04T12:12:30.175+0000][260.004s][info ][safepoint     ] Leaving safepoint region
[2024-09-04T12:12:30.175+0000][260.004s][info ][safepoint     ] Total time for which application threads were stopped: 0.0007549 seconds, Stopping threads took: 0.0002302 seconds
[2024-09-04T12:12:31.175+0000][261.004s][debug][safepoint     ] Safepoint synchronization initiated. (262 threads)
[2024-09-04T12:12:31.175+0000][261.004s][info ][safepoint     ] Application time: 1.0002535 seconds
[2024-09-04T12:12:31.176+0000][261.004s][info ][safepoint     ] Entering safepoint region: Cleanup
[2024-09-04T12:12:31.176+0000][261.005s][info ][safepoint     ] Leaving safepoint region
[2024-09-04T12:12:31.176+0000][261.005s][info ][safepoint     ] Total time for which application threads were stopped: 0.0007970 seconds, Stopping threads took: 0.0002410 seconds
[2024-09-04T12:12:31.284+0000][261.113s][debug][safepoint     ] Safepoint synchronization initiated. (262 threads)
[2024-09-04T12:12:31.284+0000][261.113s][info ][safepoint     ] Application time: 0.1077987 seconds
[2024-09-04T12:12:31.284+0000][261.113s][debug][safepoint     ] ... found polling page return exception at pc = 0x00007ff4a0ad015b, stub =0x00007ff498824b00
[2024-09-04T12:12:31.284+0000][261.113s][debug][safepoint     ] Waiting for 1 thread(s) to block
[2024-09-04T12:12:31.284+0000][261.113s][info ][safepoint     ] Entering safepoint region: G1CollectForAllocation
[2024-09-04T12:12:31.285+0000][261.113s][info ][gc,start      ] GC(75) Pause Young (Normal) (G1 Evacuation Pause)
[2024-09-04T12:12:31.285+0000][261.113s][info ][gc,task       ] GC(75) Using 4 workers of 4 for evacuation
[2024-09-04T12:12:31.302+0000][261.130s][info ][gc,phases     ] GC(75)   Pre Evacuate Collection Set: 0.0ms
[2024-09-04T12:12:31.302+0000][261.130s][info ][gc,phases     ] GC(75)   Evacuate Collection Set: 11.3ms
[2024-09-04T12:12:31.302+0000][261.131s][info ][gc,phases     ] GC(75)   Post Evacuate Collection Set: 5.3ms
[2024-09-04T12:12:31.302+0000][261.131s][info ][gc,phases     ] GC(75)   Other: 0.5ms
[2024-09-04T12:12:31.302+0000][261.131s][info ][gc,heap       ] GC(75) Eden regions: 185->0(185)
[2024-09-04T12:12:31.302+0000][261.131s][info ][gc,heap       ] GC(75) Survivor regions: 13->13(25)
[2024-09-04T12:12:31.302+0000][261.131s][info ][gc,heap       ] GC(75) Old regions: 159->159
[2024-09-04T12:12:31.302+0000][261.131s][info ][gc,heap       ] GC(75) Humongous regions: 0->0
[2024-09-04T12:12:31.302+0000][261.131s][info ][gc,metaspace  ] GC(75) Metaspace: 171891K(177648K)->171891K(177648K) NonClass: 151902K(155348K)->151902K(155348K) Class: 19989K(22300K)->19989K(22300K)
[2024-09-04T12:12:31.302+0000][261.131s][info ][gc            ] GC(75) Pause Young (Normal) (G1 Evacuation Pause) 354M->169M(412M) 17.271ms
[2024-09-04T12:12:31.302+0000][261.131s][info ][gc,cpu        ] GC(75) User=0.06s Sys=0.00s Real=0.02s
[2024-09-04T12:12:31.302+0000][261.131s][info ][safepoint     ] Leaving safepoint region
[2024-09-04T12:12:31.302+0000][261.131s][info ][safepoint     ] Total time for which application threads were stopped: 0.0180705 seconds, Stopping threads took: 0.0002789 seconds
[2024-09-04T12:12:31.302+0000][261.131s][info ][gc,stringdedup] Concurrent String Deduplication (261.131s)
[2024-09-04T12:12:31.302+0000][261.131s][info ][gc,stringdedup] Concurrent String Deduplication 1088.0B->592.0B(496.0B) avg 54.6% (261.131s, 261.131s) 0.109ms
[2024-09-04T12:12:32.302+0000][262.131s][debug][safepoint     ] Safepoint synchronization initiated. (262 threads)
[2024-09-04T12:12:32.302+0000][262.131s][info ][safepoint     ] Application time: 1.0003120 seconds
[2024-09-04T12:12:32.303+0000][262.131s][info ][safepoint     ] Entering safepoint region: Cleanup
[2024-09-04T12:12:32.303+0000][262.132s][info ][safepoint     ] Leaving safepoint region
[2024-09-04T12:12:32.303+0000][262.132s][info ][safepoint     ] Total time for which application threads were stopped: 0.0008513 seconds, Stopping threads took: 0.0002462 seconds
[2024-09-04T12:12:33.303+0000][263.132s][debug][safepoint     ] Safepoint synchronization initiated. (262 threads)
[2024-09-04T12:12:33.304+0000][263.132s][info ][safepoint     ] Application time: 1.0002400 seconds
[2024-09-04T12:12:33.304+0000][263.133s][info ][safepoint     ] Entering safepoint region: Cleanup
[2024-09-04T12:12:33.304+0000][263.133s][info ][safepoint     ] Leaving safepoint region
[2024-09-04T12:12:33.304+0000][263.133s][info ][safepoint     ] Total time for which application threads were stopped: 0.0007537 seconds, Stopping threads took: 0.0002163 seconds
[2024-09-04T12:12:34.304+0000][264.133s][debug][safepoint     ] Safepoint synchronization initiated. (262 threads)
[2024-09-04T12:12:34.305+0000][264.133s][info ][safepoint     ] Application time: 1.0001940 seconds
[2024-09-04T12:12:34.305+0000][264.133s][debug][safepoint     ] ... found polling page return exception at pc = 0x00007ff4a0a468c4, stub =0x00007ff498824b00
[2024-09-04T12:12:34.305+0000][264.133s][debug][safepoint     ] ... found polling page return exception at pc = 0x00007ff4a02e4fd3, stub =0x00007ff498824b00
[2024-09-04T12:12:34.305+0000][264.134s][debug][safepoint     ] Waiting for 3 thread(s) to block
[2024-09-04T12:12:34.305+0000][264.134s][info ][safepoint     ] Entering safepoint region: Cleanup
[2024-09-04T12:12:34.306+0000][264.134s][info ][safepoint     ] Leaving safepoint region
[2024-09-04T12:12:34.306+0000][264.134s][info ][safepoint     ] Total time for which application threads were stopped: 0.0010150 seconds, Stopping threads took: 0.0005038 seconds
[2024-09-04T12:12:35.306+0000][265.135s][debug][safepoint     ] Safepoint synchronization initiated. (262 threads)
[2024-09-04T12:12:35.306+0000][265.135s][info ][safepoint     ] Application time: 1.0002686 seconds
[2024-09-04T12:12:35.306+0000][265.135s][info ][safepoint     ] Entering safepoint region: Cleanup
[2024-09-04T12:12:35.307+0000][265.136s][info ][safepoint     ] Leaving safepoint region
[2024-09-04T12:12:35.307+0000][265.136s][info ][safepoint     ] Total time for which application threads were stopped: 0.0010091 seconds, Stopping threads took: 0.0002185 seconds
[2024-09-04T12:12:36.307+0000][266.136s][debug][safepoint     ] Safepoint synchronization initiated. (262 threads)
[2024-09-04T12:12:36.307+0000][266.136s][info ][safepoint     ] Application time: 1.0002674 seconds
[2024-09-04T12:12:36.307+0000][266.136s][info ][safepoint     ] Entering safepoint region: Cleanup
[2024-09-04T12:12:36.308+0000][266.137s][info ][safepoint     ] Leaving safepoint region
[2024-09-04T12:12:36.308+0000][266.137s][info ][safepoint     ] Total time for which application threads were stopped: 0.0008028 seconds, Stopping threads took: 0.0002055 seconds
[2024-09-04T12:12:37.308+0000][267.137s][debug][safepoint     ] Safepoint synchronization initiated. (262 threads)
[2024-09-04T12:12:37.308+0000][267.137s][info ][safepoint     ] Application time: 1.0002786 seconds
[2024-09-04T12:12:37.309+0000][267.137s][info ][safepoint     ] Entering safepoint region: Cleanup
[2024-09-04T12:12:37.309+0000][267.138s][info ][safepoint     ] Leaving safepoint region
[2024-09-04T12:12:37.309+0000][267.138s][info ][safepoint     ] Total time for which application threads were stopped: 0.0006798 seconds, Stopping threads took: 0.0002038 seconds
[2024-09-04T12:12:38.309+0000][268.138s][debug][safepoint     ] Safepoint synchronization initiated. (262 threads)
[2024-09-04T12:12:38.309+0000][268.138s][info ][safepoint     ] Application time: 1.0002201 seconds
[2024-09-04T12:12:38.310+0000][268.138s][info ][safepoint     ] Entering safepoint region: Cleanup
[2024-09-04T12:12:38.310+0000][268.139s][info ][safepoint     ] Leaving safepoint region
[2024-09-04T12:12:38.310+0000][268.139s][info ][safepoint     ] Total time for which application threads were stopped: 0.0007616 seconds, Stopping threads took: 0.0003087 seconds
[2024-09-04T12:12:39.310+0000][269.139s][debug][safepoint     ] Safepoint synchronization initiated. (262 threads)
[2024-09-04T12:12:39.310+0000][269.139s][info ][safepoint     ] Application time: 1.0001829 seconds
[2024-09-04T12:12:39.310+0000][269.139s][info ][safepoint     ] Entering safepoint region: Cleanup
[2024-09-04T12:12:39.311+0000][269.140s][info ][safepoint     ] Leaving safepoint region
[2024-09-04T12:12:39.311+0000][269.140s][info ][safepoint     ] Total time for which application threads were stopped: 0.0005791 seconds, Stopping threads took: 0.0001457 seconds
[2024-09-04T12:12:40.311+0000][270.140s][debug][safepoint     ] Safepoint synchronization initiated. (262 threads)
[2024-09-04T12:12:40.311+0000][270.140s][info ][safepoint     ] Application time: 1.0002926 seconds
[2024-09-04T12:12:40.311+0000][270.140s][info ][safepoint     ] Entering safepoint region: Cleanup
[2024-09-04T12:12:40.312+0000][270.141s][info ][safepoint     ] Leaving safepoint region
[2024-09-04T12:12:40.312+0000][270.141s][info ][safepoint     ] Total time for which application threads were stopped: 0.0008293 seconds, Stopping threads took: 0.0001922 seconds
[2024-09-04T12:12:41.312+0000][271.141s][debug][safepoint     ] Safepoint synchronization initiated. (262 threads)
[2024-09-04T12:12:41.312+0000][271.141s][info ][safepoint     ] Application time: 1.0002842 seconds
[2024-09-04T12:12:41.313+0000][271.141s][info ][safepoint     ] Entering safepoint region: Cleanup
[2024-09-04T12:12:41.313+0000][271.142s][info ][safepoint     ] Leaving safepoint region
[2024-09-04T12:12:41.313+0000][271.142s][info ][safepoint     ] Total time for which application threads were stopped: 0.0009990 seconds, Stopping threads took: 0.0002117 seconds
[2024-09-04T12:12:42.314+0000][272.142s][debug][safepoint     ] Safepoint synchronization initiated. (262 threads)
[2024-09-04T12:12:42.314+0000][272.142s][info ][safepoint     ] Application time: 1.0003061 seconds
[2024-09-04T12:12:42.314+0000][272.143s][info ][safepoint     ] Entering safepoint region: Cleanup
[2024-09-04T12:12:42.315+0000][272.143s][info ][safepoint     ] Leaving safepoint region
[2024-09-04T12:12:42.315+0000][272.143s][info ][safepoint     ] Total time for which application threads were stopped: 0.0009339 seconds, Stopping threads took: 0.0002858 seconds
[2024-09-04T12:12:43.315+0000][273.144s][debug][safepoint     ] Safepoint synchronization initiated. (262 threads)
[2024-09-04T12:12:43.315+0000][273.144s][info ][safepoint     ] Application time: 1.0002400 seconds
[2024-09-04T12:12:43.315+0000][273.144s][info ][safepoint     ] Entering safepoint region: Cleanup
[2024-09-04T12:12:43.316+0000][273.144s][info ][safepoint     ] Leaving safepoint region
[2024-09-04T12:12:43.316+0000][273.145s][info ][safepoint     ] Total time for which application threads were stopped: 0.0007472 seconds, Stopping threads took: 0.0001892 seconds
[2024-09-04T12:12:44.316+0000][274.145s][debug][safepoint     ] Safepoint synchronization initiated. (262 threads)
[2024-09-04T12:12:44.316+0000][274.145s][info ][safepoint     ] Application time: 1.0003484 seconds
[2024-09-04T12:12:44.316+0000][274.145s][info ][safepoint     ] Entering safepoint region: Cleanup
[2024-09-04T12:12:44.317+0000][274.146s][info ][safepoint     ] Leaving safepoint region
[2024-09-04T12:12:44.317+0000][274.146s][info ][safepoint     ] Total time for which application threads were stopped: 0.0008731 seconds, Stopping threads took: 0.0002455 seconds
[2024-09-04T12:12:45.317+0000][275.146s][debug][safepoint     ] Safepoint synchronization initiated. (262 threads)
[2024-09-04T12:12:45.317+0000][275.146s][info ][safepoint     ] Application time: 1.0002863 seconds
[2024-09-04T12:12:45.318+0000][275.146s][info ][safepoint     ] Entering safepoint region: Cleanup
[2024-09-04T12:12:45.318+0000][275.147s][info ][safepoint     ] Leaving safepoint region
[2024-09-04T12:12:45.318+0000][275.147s][info ][safepoint     ] Total time for which application threads were stopped: 0.0008353 seconds, Stopping threads took: 0.0002866 seconds
[2024-09-04T12:12:46.318+0000][276.147s][debug][safepoint     ] Safepoint synchronization initiated. (262 threads)
[2024-09-04T12:12:46.318+0000][276.147s][info ][safepoint     ] Application time: 1.0002387 seconds
[2024-09-04T12:12:46.319+0000][276.147s][info ][safepoint     ] Entering safepoint region: Cleanup
[2024-09-04T12:12:46.319+0000][276.148s][info ][safepoint     ] Leaving safepoint region
[2024-09-04T12:12:46.319+0000][276.148s][info ][safepoint     ] Total time for which application threads were stopped: 0.0006938 seconds, Stopping threads took: 0.0001962 seconds
[2024-09-04T12:12:47.319+0000][277.148s][debug][safepoint     ] Safepoint synchronization initiated. (262 threads)
[2024-09-04T12:12:47.319+0000][277.148s][info ][safepoint     ] Application time: 1.0001829 seconds
[2024-09-04T12:12:47.320+0000][277.148s][info ][safepoint     ] Entering safepoint region: Cleanup
[2024-09-04T12:12:47.320+0000][277.149s][info ][safepoint     ] Leaving safepoint region
[2024-09-04T12:12:47.320+0000][277.149s][info ][safepoint     ] Total time for which application threads were stopped: 0.0007268 seconds, Stopping threads took: 0.0001363 seconds
[2024-09-04T12:12:48.320+0000][278.149s][debug][safepoint     ] Safepoint synchronization initiated. (262 threads)
[2024-09-04T12:12:48.320+0000][278.149s][info ][safepoint     ] Application time: 1.0002494 seconds
[2024-09-04T12:12:48.321+0000][278.149s][info ][safepoint     ] Entering safepoint region: Cleanup
[2024-09-04T12:12:48.321+0000][278.150s][info ][safepoint     ] Leaving safepoint region
[2024-09-04T12:12:48.321+0000][278.150s][info ][safepoint     ] Total time for which application threads were stopped: 0.0008241 seconds, Stopping threads took: 0.0001669 seconds
[2024-09-04T12:12:49.321+0000][279.150s][debug][safepoint     ] Safepoint synchronization initiated. (262 threads)
[2024-09-04T12:12:49.322+0000][279.150s][info ][safepoint     ] Application time: 1.0003545 seconds
[2024-09-04T12:12:49.322+0000][279.151s][info ][safepoint     ] Entering safepoint region: Cleanup
[2024-09-04T12:12:49.323+0000][279.151s][info ][safepoint     ] Leaving safepoint region
[2024-09-04T12:12:49.323+0000][279.151s][info ][safepoint     ] Total time for which application threads were stopped: 0.0010346 seconds, Stopping threads took: 0.0002727 seconds
[2024-09-04T12:12:50.323+0000][280.152s][debug][safepoint     ] Safepoint synchronization initiated. (262 threads)
[2024-09-04T12:12:50.323+0000][280.152s][info ][safepoint     ] Application time: 1.0002563 seconds
[2024-09-04T12:12:50.323+0000][280.152s][info ][safepoint     ] Entering safepoint region: Cleanup
[2024-09-04T12:12:50.324+0000][280.152s][info ][safepoint     ] Leaving safepoint region
[2024-09-04T12:12:50.324+0000][280.152s][info ][safepoint     ] Total time for which application threads were stopped: 0.0006495 seconds, Stopping threads took: 0.0002704 seconds
[2024-09-04T12:12:51.324+0000][281.153s][debug][safepoint     ] Safepoint synchronization initiated. (262 threads)
[2024-09-04T12:12:51.324+0000][281.153s][info ][safepoint     ] Application time: 1.0002996 seconds
[2024-09-04T12:12:51.324+0000][281.153s][info ][safepoint     ] Entering safepoint region: Cleanup
[2024-09-04T12:12:51.325+0000][281.154s][info ][safepoint     ] Leaving safepoint region
[2024-09-04T12:12:51.325+0000][281.154s][info ][safepoint     ] Total time for which application threads were stopped: 0.0008449 seconds, Stopping threads took: 0.0002263 seconds
[2024-09-04T12:12:52.325+0000][282.154s][debug][safepoint     ] Safepoint synchronization initiated. (262 threads)
[2024-09-04T12:12:52.325+0000][282.154s][info ][safepoint     ] Application time: 1.0002398 seconds
[2024-09-04T12:12:52.325+0000][282.154s][info ][safepoint     ] Entering safepoint region: Cleanup
[2024-09-04T12:12:52.326+0000][282.155s][info ][safepoint     ] Leaving safepoint region
[2024-09-04T12:12:52.326+0000][282.155s][info ][safepoint     ] Total time for which application threads were stopped: 0.0009805 seconds, Stopping threads took: 0.0001441 seconds
[2024-09-04T12:12:53.326+0000][283.155s][debug][safepoint     ] Safepoint synchronization initiated. (262 threads)
[2024-09-04T12:12:53.326+0000][283.155s][info ][safepoint     ] Application time: 1.0001757 seconds
[2024-09-04T12:12:53.326+0000][283.155s][info ][safepoint     ] Entering safepoint region: Cleanup
[2024-09-04T12:12:53.327+0000][283.156s][info ][safepoint     ] Leaving safepoint region
[2024-09-04T12:12:53.327+0000][283.156s][info ][safepoint     ] Total time for which application threads were stopped: 0.0005678 seconds, Stopping threads took: 0.0001730 seconds
[2024-09-04T12:12:54.327+0000][284.156s][debug][safepoint     ] Safepoint synchronization initiated. (262 threads)
[2024-09-04T12:12:54.327+0000][284.156s][info ][safepoint     ] Application time: 1.0003513 seconds
[2024-09-04T12:12:54.327+0000][284.156s][info ][safepoint     ] Entering safepoint region: Cleanup
[2024-09-04T12:12:54.328+0000][284.157s][info ][safepoint     ] Leaving safepoint region
[2024-09-04T12:12:54.328+0000][284.157s][info ][safepoint     ] Total time for which application threads were stopped: 0.0008901 seconds, Stopping threads took: 0.0002300 seconds
[2024-09-04T12:12:55.328+0000][285.157s][debug][safepoint     ] Safepoint synchronization initiated. (262 threads)
[2024-09-04T12:12:55.329+0000][285.157s][info ][safepoint     ] Application time: 1.0003235 seconds
[2024-09-04T12:12:55.329+0000][285.158s][info ][safepoint     ] Entering safepoint region: Cleanup
[2024-09-04T12:12:55.329+0000][285.158s][info ][safepoint     ] Leaving safepoint region
[2024-09-04T12:12:55.330+0000][285.158s][info ][safepoint     ] Total time for which application threads were stopped: 0.0009569 seconds, Stopping threads took: 0.0002492 seconds
[2024-09-04T12:12:56.330+0000][286.158s][debug][safepoint     ] Safepoint synchronization initiated. (262 threads)
[2024-09-04T12:12:56.330+0000][286.159s][info ][safepoint     ] Application time: 1.0002166 seconds
[2024-09-04T12:12:56.330+0000][286.159s][info ][safepoint     ] Entering safepoint region: Cleanup
[2024-09-04T12:12:56.331+0000][286.159s][info ][safepoint     ] Leaving safepoint region
[2024-09-04T12:12:56.331+0000][286.159s][info ][safepoint     ] Total time for which application threads were stopped: 0.0008318 seconds, Stopping threads took: 0.0002166 seconds
[2024-09-04T12:12:57.331+0000][287.160s][debug][safepoint     ] Safepoint synchronization initiated. (262 threads)
[2024-09-04T12:12:57.331+0000][287.160s][info ][safepoint     ] Application time: 1.0002796 seconds
[2024-09-04T12:12:57.331+0000][287.160s][info ][safepoint     ] Entering safepoint region: Cleanup
[2024-09-04T12:12:57.332+0000][287.161s][info ][safepoint     ] Leaving safepoint region
[2024-09-04T12:12:57.332+0000][287.161s][info ][safepoint     ] Total time for which application threads were stopped: 0.0011161 seconds, Stopping threads took: 0.0002285 seconds
[2024-09-04T12:12:58.332+0000][288.161s][debug][safepoint     ] Safepoint synchronization initiated. (262 threads)
[2024-09-04T12:12:58.332+0000][288.161s][info ][safepoint     ] Application time: 1.0002474 seconds
[2024-09-04T12:12:58.333+0000][288.161s][info ][safepoint     ] Entering safepoint region: Cleanup
[2024-09-04T12:12:58.333+0000][288.162s][info ][safepoint     ] Leaving safepoint region
[2024-09-04T12:12:58.333+0000][288.162s][info ][safepoint     ] Total time for which application threads were stopped: 0.0005673 seconds, Stopping threads took: 0.0001645 seconds
[2024-09-04T12:12:59.333+0000][289.162s][debug][safepoint     ] Safepoint synchronization initiated. (260 threads)
[2024-09-04T12:12:59.333+0000][289.162s][info ][safepoint     ] Application time: 1.0002642 seconds
[2024-09-04T12:12:59.333+0000][289.162s][info ][safepoint     ] Entering safepoint region: Cleanup
[2024-09-04T12:12:59.334+0000][289.163s][info ][safepoint     ] Leaving safepoint region
[2024-09-04T12:12:59.334+0000][289.163s][info ][safepoint     ] Total time for which application threads were stopped: 0.0007101 seconds, Stopping threads took: 0.0002467 seconds
[2024-09-04T12:13:00.334+0000][290.163s][debug][safepoint     ] Safepoint synchronization initiated. (260 threads)
[2024-09-04T12:13:00.334+0000][290.163s][info ][safepoint     ] Application time: 1.0002682 seconds
[2024-09-04T12:13:00.334+0000][290.163s][info ][safepoint     ] Entering safepoint region: Cleanup
[2024-09-04T12:13:00.335+0000][290.164s][info ][safepoint     ] Leaving safepoint region
[2024-09-04T12:13:00.335+0000][290.164s][info ][safepoint     ] Total time for which application threads were stopped: 0.0008607 seconds, Stopping threads took: 0.0002490 seconds
[2024-09-04T12:13:00.490+0000][290.319s][debug][safepoint     ] Safepoint synchronization initiated. (260 threads)
[2024-09-04T12:13:00.490+0000][290.319s][info ][safepoint     ] Application time: 0.1551279 seconds
[2024-09-04T12:13:00.490+0000][290.319s][info ][safepoint     ] Entering safepoint region: G1CollectForAllocation
[2024-09-04T12:13:00.491+0000][290.320s][info ][gc,start      ] GC(76) Pause Young (Normal) (G1 Evacuation Pause)
[2024-09-04T12:13:00.491+0000][290.320s][info ][gc,task       ] GC(76) Using 4 workers of 4 for evacuation
[2024-09-04T12:13:00.507+0000][290.335s][info ][gc,phases     ] GC(76)   Pre Evacuate Collection Set: 0.1ms
[2024-09-04T12:13:00.507+0000][290.335s][info ][gc,phases     ] GC(76)   Evacuate Collection Set: 10.3ms
[2024-09-04T12:13:00.507+0000][290.335s][info ][gc,phases     ] GC(76)   Post Evacuate Collection Set: 5.1ms
[2024-09-04T12:13:00.507+0000][290.335s][info ][gc,phases     ] GC(76)   Other: 0.5ms
[2024-09-04T12:13:00.507+0000][290.335s][info ][gc,heap       ] GC(76) Eden regions: 185->0(185)
[2024-09-04T12:13:00.507+0000][290.335s][info ][gc,heap       ] GC(76) Survivor regions: 13->13(25)
[2024-09-04T12:13:00.507+0000][290.335s][info ][gc,heap       ] GC(76) Old regions: 159->159
[2024-09-04T12:13:00.507+0000][290.335s][info ][gc,heap       ] GC(76) Humongous regions: 0->0
[2024-09-04T12:13:00.507+0000][290.335s][info ][gc,metaspace  ] GC(76) Metaspace: 171927K(177648K)->171927K(177648K) NonClass: 151937K(155348K)->151937K(155348K) Class: 19989K(22300K)->19989K(22300K)
[2024-09-04T12:13:00.507+0000][290.336s][info ][gc            ] GC(76) Pause Young (Normal) (G1 Evacuation Pause) 354M->169M(412M) 16.074ms
[2024-09-04T12:13:00.507+0000][290.336s][info ][gc,cpu        ] GC(76) User=0.06s Sys=0.01s Real=0.01s
[2024-09-04T12:13:00.507+0000][290.336s][info ][safepoint     ] Leaving safepoint region
[2024-09-04T12:13:00.507+0000][290.336s][info ][safepoint     ] Total time for which application threads were stopped: 0.0167179 seconds, Stopping threads took: 0.0001155 seconds
[2024-09-04T12:13:00.507+0000][290.336s][info ][gc,stringdedup] Concurrent String Deduplication (290.336s)
[2024-09-04T12:13:00.507+0000][290.336s][info ][gc,stringdedup] Concurrent String Deduplication 0.0B->0.0B(0.0B) avg 54.6% (290.336s, 290.336s) 0.069ms
[2024-09-04T12:13:01.507+0000][291.336s][debug][safepoint     ] Safepoint synchronization initiated. (260 threads)
[2024-09-04T12:13:01.507+0000][291.336s][info ][safepoint     ] Application time: 1.0003508 seconds
[2024-09-04T12:13:01.507+0000][291.336s][debug][safepoint     ] ... found polling page return exception at pc = 0x00007ff4a12f256e, stub =0x00007ff498824b00
[2024-09-04T12:13:01.508+0000][291.336s][debug][safepoint     ] Waiting for 1 thread(s) to block
[2024-09-04T12:13:01.508+0000][291.337s][info ][safepoint     ] Entering safepoint region: Cleanup
[2024-09-04T12:13:01.509+0000][291.337s][info ][safepoint     ] Leaving safepoint region
[2024-09-04T12:13:01.509+0000][291.337s][info ][safepoint     ] Total time for which application threads were stopped: 0.0012261 seconds, Stopping threads took: 0.0004355 seconds
[2024-09-04T12:13:02.509+0000][292.338s][debug][safepoint     ] Safepoint synchronization initiated. (260 threads)
[2024-09-04T12:13:02.509+0000][292.338s][info ][safepoint     ] Application time: 1.0002300 seconds
[2024-09-04T12:13:02.509+0000][292.338s][info ][safepoint     ] Entering safepoint region: Cleanup
[2024-09-04T12:13:02.510+0000][292.338s][info ][safepoint     ] Leaving safepoint region
[2024-09-04T12:13:02.510+0000][292.338s][info ][safepoint     ] Total time for which application threads were stopped: 0.0006930 seconds, Stopping threads took: 0.0002235 seconds
[2024-09-04T12:13:03.510+0000][293.339s][debug][safepoint     ] Safepoint synchronization initiated. (260 threads)
[2024-09-04T12:13:03.510+0000][293.339s][info ][safepoint     ] Application time: 1.0002543 seconds
[2024-09-04T12:13:03.510+0000][293.339s][info ][safepoint     ] Entering safepoint region: Cleanup
[2024-09-04T12:13:03.511+0000][293.339s][info ][safepoint     ] Leaving safepoint region
[2024-09-04T12:13:03.511+0000][293.340s][info ][safepoint     ] Total time for which application threads were stopped: 0.0008439 seconds, Stopping threads took: 0.0001871 seconds
[2024-09-04T12:13:04.511+0000][294.340s][debug][safepoint     ] Safepoint synchronization initiated. (260 threads)
[2024-09-04T12:13:04.511+0000][294.340s][info ][safepoint     ] Application time: 1.0002964 seconds
[2024-09-04T12:13:04.511+0000][294.340s][info ][safepoint     ] Entering safepoint region: Cleanup
[2024-09-04T12:13:04.512+0000][294.341s][info ][safepoint     ] Leaving safepoint region
[2024-09-04T12:13:04.512+0000][294.341s][info ][safepoint     ] Total time for which application threads were stopped: 0.0009684 seconds, Stopping threads took: 0.0002199 seconds
[2024-09-04T12:13:05.512+0000][295.341s][debug][safepoint     ] Safepoint synchronization initiated. (260 threads)
[2024-09-04T12:13:05.512+0000][295.341s][info ][safepoint     ] Application time: 1.0002961 seconds
[2024-09-04T12:13:05.513+0000][295.341s][info ][safepoint     ] Entering safepoint region: Cleanup
[2024-09-04T12:13:05.513+0000][295.342s][info ][safepoint     ] Leaving safepoint region
[2024-09-04T12:13:05.513+0000][295.342s][info ][safepoint     ] Total time for which application threads were stopped: 0.0008322 seconds, Stopping threads took: 0.0001971 seconds
[2024-09-04T12:13:06.514+0000][296.342s][debug][safepoint     ] Safepoint synchronization initiated. (260 threads)
[2024-09-04T12:13:06.514+0000][296.342s][info ][safepoint     ] Application time: 1.0003485 seconds
[2024-09-04T12:13:06.514+0000][296.343s][info ][safepoint     ] Entering safepoint region: Cleanup
[2024-09-04T12:13:06.515+0000][296.343s][info ][safepoint     ] Leaving safepoint region
[2024-09-04T12:13:06.515+0000][296.343s][info ][safepoint     ] Total time for which application threads were stopped: 0.0010656 seconds, Stopping threads took: 0.0002811 seconds
[2024-09-04T12:13:07.515+0000][297.344s][debug][safepoint     ] Safepoint synchronization initiated. (260 threads)
[2024-09-04T12:13:07.515+0000][297.344s][info ][safepoint     ] Application time: 1.0002871 seconds
[2024-09-04T12:13:07.515+0000][297.344s][info ][safepoint     ] Entering safepoint region: Cleanup
[2024-09-04T12:13:07.516+0000][297.345s][info ][safepoint     ] Leaving safepoint region
[2024-09-04T12:13:07.516+0000][297.345s][info ][safepoint     ] Total time for which application threads were stopped: 0.0008922 seconds, Stopping threads took: 0.0001950 seconds
[2024-09-04T12:13:08.516+0000][298.345s][debug][safepoint     ] Safepoint synchronization initiated. (260 threads)
[2024-09-04T12:13:08.516+0000][298.345s][info ][safepoint     ] Application time: 1.0003041 seconds
[2024-09-04T12:13:08.516+0000][298.345s][info ][safepoint     ] Entering safepoint region: Cleanup
[2024-09-04T12:13:08.517+0000][298.346s][info ][safepoint     ] Leaving safepoint region
[2024-09-04T12:13:08.517+0000][298.346s][info ][safepoint     ] Total time for which application threads were stopped: 0.0008922 seconds, Stopping threads took: 0.0002069 seconds
[2024-09-04T12:13:09.517+0000][299.346s][debug][safepoint     ] Safepoint synchronization initiated. (260 threads)
[2024-09-04T12:13:09.518+0000][299.346s][info ][safepoint     ] Application time: 1.0003136 seconds
[2024-09-04T12:13:09.518+0000][299.347s][info ][safepoint     ] Entering safepoint region: Cleanup
[2024-09-04T12:13:09.519+0000][299.347s][debug][safepoint     ] ... found polling page return exception at pc = 0x00007ff4a06a8636, stub =0x00007ff498824b00
[2024-09-04T12:13:09.519+0000][299.347s][info ][safepoint     ] Leaving safepoint region
[2024-09-04T12:13:09.519+0000][299.347s][info ][safepoint     ] Total time for which application threads were stopped: 0.0010588 seconds, Stopping threads took: 0.0002832 seconds
[2024-09-04T12:13:10.519+0000][300.348s][debug][safepoint     ] Safepoint synchronization initiated. (260 threads)
[2024-09-04T12:13:10.519+0000][300.348s][info ][safepoint     ] Application time: 1.0003791 seconds
[2024-09-04T12:13:10.519+0000][300.348s][info ][safepoint     ] Entering safepoint region: Cleanup
[2024-09-04T12:13:10.520+0000][300.349s][info ][safepoint     ] Leaving safepoint region
[2024-09-04T12:13:10.520+0000][300.349s][info ][safepoint     ] Total time for which application threads were stopped: 0.0007310 seconds, Stopping threads took: 0.0002209 seconds
[2024-09-04T12:13:11.520+0000][301.349s][debug][safepoint     ] Safepoint synchronization initiated. (260 threads)
[2024-09-04T12:13:11.520+0000][301.349s][info ][safepoint     ] Application time: 1.0002091 seconds
[2024-09-04T12:13:11.520+0000][301.349s][info ][safepoint     ] Entering safepoint region: Cleanup
[2024-09-04T12:13:11.521+0000][301.349s][info ][safepoint     ] Leaving safepoint region
[2024-09-04T12:13:11.521+0000][301.349s][info ][safepoint     ] Total time for which application threads were stopped: 0.0005491 seconds, Stopping threads took: 0.0001439 seconds
[2024-09-04T12:13:12.521+0000][302.350s][debug][safepoint     ] Safepoint synchronization initiated. (260 threads)
[2024-09-04T12:13:12.521+0000][302.350s][info ][safepoint     ] Application time: 1.0003034 seconds
[2024-09-04T12:13:12.521+0000][302.350s][info ][safepoint     ] Entering safepoint region: Cleanup
[2024-09-04T12:13:12.522+0000][302.350s][info ][safepoint     ] Leaving safepoint region
[2024-09-04T12:13:12.522+0000][302.350s][info ][safepoint     ] Total time for which application threads were stopped: 0.0007419 seconds, Stopping threads took: 0.0002422 seconds
[2024-09-04T12:13:13.522+0000][303.351s][debug][safepoint     ] Safepoint synchronization initiated. (260 threads)
[2024-09-04T12:13:13.522+0000][303.351s][info ][safepoint     ] Application time: 1.0002568 seconds
[2024-09-04T12:13:13.522+0000][303.351s][info ][safepoint     ] Entering safepoint region: Cleanup
[2024-09-04T12:13:13.523+0000][303.352s][info ][safepoint     ] Leaving safepoint region
[2024-09-04T12:13:13.523+0000][303.352s][info ][safepoint     ] Total time for which application threads were stopped: 0.0009708 seconds, Stopping threads took: 0.0002163 seconds
[2024-09-04T12:13:14.523+0000][304.352s][debug][safepoint     ] Safepoint synchronization initiated. (260 threads)
[2024-09-04T12:13:14.523+0000][304.352s][info ][safepoint     ] Application time: 1.0003066 seconds
[2024-09-04T12:13:14.523+0000][304.352s][info ][safepoint     ] Entering safepoint region: Cleanup
[2024-09-04T12:13:14.524+0000][304.353s][info ][safepoint     ] Leaving safepoint region
[2024-09-04T12:13:14.524+0000][304.353s][info ][safepoint     ] Total time for which application threads were stopped: 0.0009885 seconds, Stopping threads took: 0.0002056 seconds
[2024-09-04T12:13:15.524+0000][305.353s][debug][safepoint     ] Safepoint synchronization initiated. (260 threads)
[2024-09-04T12:13:15.525+0000][305.353s][info ][safepoint     ] Application time: 1.0002261 seconds
[2024-09-04T12:13:15.525+0000][305.353s][info ][safepoint     ] Entering safepoint region: Cleanup
[2024-09-04T12:13:15.525+0000][305.354s][info ][safepoint     ] Leaving safepoint region
[2024-09-04T12:13:15.525+0000][305.354s][info ][safepoint     ] Total time for which application threads were stopped: 0.0008080 seconds, Stopping threads took: 0.0001846 seconds
[2024-09-04T12:13:16.526+0000][306.354s][debug][safepoint     ] Safepoint synchronization initiated. (260 threads)
[2024-09-04T12:13:16.526+0000][306.355s][info ][safepoint     ] Application time: 1.0003559 seconds
[2024-09-04T12:13:16.526+0000][306.355s][info ][safepoint     ] Entering safepoint region: Cleanup
[2024-09-04T12:13:16.527+0000][306.355s][info ][safepoint     ] Leaving safepoint region
[2024-09-04T12:13:16.527+0000][306.355s][info ][safepoint     ] Total time for which application threads were stopped: 0.0008312 seconds, Stopping threads took: 0.0002133 seconds
[2024-09-04T12:13:17.527+0000][307.356s][debug][safepoint     ] Safepoint synchronization initiated. (260 threads)
[2024-09-04T12:13:17.527+0000][307.356s][info ][safepoint     ] Application time: 1.0002659 seconds
[2024-09-04T12:13:17.527+0000][307.356s][info ][safepoint     ] Entering safepoint region: Cleanup
[2024-09-04T12:13:17.528+0000][307.356s][info ][safepoint     ] Leaving safepoint region
[2024-09-04T12:13:17.528+0000][307.356s][info ][safepoint     ] Total time for which application threads were stopped: 0.0006817 seconds, Stopping threads took: 0.0002251 seconds
[2024-09-04T12:13:17.528+0000][307.356s][debug][safepoint     ] ... found polling page return exception at pc = 0x00007ff4a0937f0f, stub =0x00007ff498824b00
[2024-09-04T12:13:18.528+0000][308.357s][debug][safepoint     ] Safepoint synchronization initiated. (260 threads)
[2024-09-04T12:13:18.528+0000][308.357s][info ][safepoint     ] Application time: 1.0002506 seconds
[2024-09-04T12:13:18.528+0000][308.357s][info ][safepoint     ] Entering safepoint region: Cleanup
[2024-09-04T12:13:18.529+0000][308.357s][info ][safepoint     ] Leaving safepoint region
[2024-09-04T12:13:18.529+0000][308.357s][info ][safepoint     ] Total time for which application threads were stopped: 0.0006545 seconds, Stopping threads took: 0.0001445 seconds
[2024-09-04T12:13:19.529+0000][309.358s][debug][safepoint     ] Safepoint synchronization initiated. (260 threads)
[2024-09-04T12:13:19.529+0000][309.358s][info ][safepoint     ] Application time: 1.0003422 seconds
[2024-09-04T12:13:19.529+0000][309.358s][info ][safepoint     ] Entering safepoint region: Cleanup
[2024-09-04T12:13:19.530+0000][309.359s][info ][safepoint     ] Leaving safepoint region
[2024-09-04T12:13:19.530+0000][309.359s][info ][safepoint     ] Total time for which application threads were stopped: 0.0008441 seconds, Stopping threads took: 0.0002217 seconds
[2024-09-04T12:13:20.530+0000][310.359s][debug][safepoint     ] Safepoint synchronization initiated. (260 threads)
[2024-09-04T12:13:20.530+0000][310.359s][info ][safepoint     ] Application time: 1.0003280 seconds
[2024-09-04T12:13:20.530+0000][310.359s][info ][safepoint     ] Entering safepoint region: Cleanup
[2024-09-04T12:13:20.531+0000][310.360s][info ][safepoint     ] Leaving safepoint region
[2024-09-04T12:13:20.531+0000][310.360s][info ][safepoint     ] Total time for which application threads were stopped: 0.0007835 seconds, Stopping threads took: 0.0002252 seconds
[2024-09-04T12:13:21.531+0000][311.360s][debug][safepoint     ] Safepoint synchronization initiated. (260 threads)
[2024-09-04T12:13:21.531+0000][311.360s][info ][safepoint     ] Application time: 1.0002656 seconds
[2024-09-04T12:13:21.531+0000][311.360s][info ][safepoint     ] Entering safepoint region: Cleanup
[2024-09-04T12:13:21.532+0000][311.361s][info ][safepoint     ] Leaving safepoint region
[2024-09-04T12:13:21.532+0000][311.361s][info ][safepoint     ] Total time for which application threads were stopped: 0.0006149 seconds, Stopping threads took: 0.0001660 seconds
[2024-09-04T12:13:22.532+0000][312.361s][debug][safepoint     ] Safepoint synchronization initiated. (260 threads)
[2024-09-04T12:13:22.532+0000][312.361s][info ][safepoint     ] Application time: 1.0002409 seconds
[2024-09-04T12:13:22.532+0000][312.361s][info ][safepoint     ] Entering safepoint region: Cleanup
[2024-09-04T12:13:22.533+0000][312.362s][info ][safepoint     ] Leaving safepoint region
[2024-09-04T12:13:22.533+0000][312.362s][info ][safepoint     ] Total time for which application threads were stopped: 0.0009179 seconds, Stopping threads took: 0.0002489 seconds
[2024-09-04T12:13:23.533+0000][313.362s][debug][safepoint     ] Safepoint synchronization initiated. (260 threads)
[2024-09-04T12:13:23.533+0000][313.362s][info ][safepoint     ] Application time: 1.0002218 seconds
[2024-09-04T12:13:23.534+0000][313.362s][info ][safepoint     ] Entering safepoint region: Cleanup
[2024-09-04T12:13:23.534+0000][313.363s][info ][safepoint     ] Leaving safepoint region
[2024-09-04T12:13:23.534+0000][313.363s][info ][safepoint     ] Total time for which application threads were stopped: 0.0008425 seconds, Stopping threads took: 0.0002174 seconds
[2024-09-04T12:13:24.534+0000][314.363s][debug][safepoint     ] Safepoint synchronization initiated. (260 threads)
[2024-09-04T12:13:24.534+0000][314.363s][info ][safepoint     ] Application time: 1.0002042 seconds
[2024-09-04T12:13:24.535+0000][314.363s][info ][safepoint     ] Entering safepoint region: Cleanup
[2024-09-04T12:13:24.535+0000][314.364s][info ][safepoint     ] Leaving safepoint region
[2024-09-04T12:13:24.535+0000][314.364s][info ][safepoint     ] Total time for which application threads were stopped: 0.0008568 seconds, Stopping threads took: 0.0002227 seconds
[2024-09-04T12:13:25.536+0000][315.364s][debug][safepoint     ] Safepoint synchronization initiated. (260 threads)
[2024-09-04T12:13:25.536+0000][315.364s][info ][safepoint     ] Application time: 1.0002873 seconds
[2024-09-04T12:13:25.536+0000][315.365s][info ][safepoint     ] Entering safepoint region: Cleanup
[2024-09-04T12:13:25.537+0000][315.365s][info ][safepoint     ] Leaving safepoint region
[2024-09-04T12:13:25.537+0000][315.365s][debug][safepoint     ] ... found polling page return exception at pc = 0x00007ff4a06a8636, stub =0x00007ff498824b00
[2024-09-04T12:13:25.537+0000][315.365s][info ][safepoint     ] Total time for which application threads were stopped: 0.0009444 seconds, Stopping threads took: 0.0003073 seconds
[2024-09-04T12:13:25.537+0000][315.365s][debug][safepoint     ] ... found polling page return exception at pc = 0x00007ff4a06a8636, stub =0x00007ff498824b00
[2024-09-04T12:13:25.537+0000][315.366s][debug][safepoint     ] ... found polling page return exception at pc = 0x00007ff4a06a8636, stub =0x00007ff498824b00
[2024-09-04T12:13:26.537+0000][316.366s][debug][safepoint     ] Safepoint synchronization initiated. (260 threads)
[2024-09-04T12:13:26.537+0000][316.366s][info ][safepoint     ] Application time: 1.0003630 seconds
[2024-09-04T12:13:26.538+0000][316.366s][info ][safepoint     ] Entering safepoint region: Cleanup
[2024-09-04T12:13:26.538+0000][316.367s][info ][safepoint     ] Leaving safepoint region
[2024-09-04T12:13:26.538+0000][316.367s][info ][safepoint     ] Total time for which application threads were stopped: 0.0010804 seconds, Stopping threads took: 0.0003615 seconds
[2024-09-04T12:13:27.539+0000][317.367s][debug][safepoint     ] Safepoint synchronization initiated. (260 threads)
[2024-09-04T12:13:27.539+0000][317.367s][info ][safepoint     ] Application time: 1.0001802 seconds
[2024-09-04T12:13:27.539+0000][317.368s][info ][safepoint     ] Entering safepoint region: Cleanup
[2024-09-04T12:13:27.539+0000][317.368s][info ][safepoint     ] Leaving safepoint region
[2024-09-04T12:13:27.539+0000][317.368s][info ][safepoint     ] Total time for which application threads were stopped: 0.0005701 seconds, Stopping threads took: 0.0001688 seconds
[2024-09-04T12:13:28.539+0000][318.368s][debug][safepoint     ] Safepoint synchronization initiated. (260 threads)
[2024-09-04T12:13:28.539+0000][318.368s][info ][safepoint     ] Application time: 1.0002650 seconds
[2024-09-04T12:13:28.540+0000][318.368s][debug][safepoint     ] ... found polling page return exception at pc = 0x00007ff4a0cbdc72, stub =0x00007ff498824b00
[2024-09-04T12:13:28.540+0000][318.369s][debug][safepoint     ] Waiting for 1 thread(s) to block
[2024-09-04T12:13:28.540+0000][318.369s][info ][safepoint     ] Entering safepoint region: Cleanup
[2024-09-04T12:13:28.541+0000][318.369s][info ][safepoint     ] Leaving safepoint region
[2024-09-04T12:13:28.541+0000][318.369s][info ][safepoint     ] Total time for which application threads were stopped: 0.0011758 seconds, Stopping threads took: 0.0005736 seconds
[2024-09-04T12:13:29.541+0000][319.370s][debug][safepoint     ] Safepoint synchronization initiated. (260 threads)
[2024-09-04T12:13:29.541+0000][319.370s][info ][safepoint     ] Application time: 1.0002563 seconds
[2024-09-04T12:13:29.541+0000][319.370s][info ][safepoint     ] Entering safepoint region: Cleanup
[2024-09-04T12:13:29.542+0000][319.371s][info ][safepoint     ] Leaving safepoint region
[2024-09-04T12:13:29.542+0000][319.371s][info ][safepoint     ] Total time for which application threads were stopped: 0.0008332 seconds, Stopping threads took: 0.0002039 seconds
[2024-09-04T12:13:29.700+0000][319.529s][debug][safepoint     ] Safepoint synchronization initiated. (260 threads)
[2024-09-04T12:13:29.700+0000][319.529s][info ][safepoint     ] Application time: 0.1582929 seconds
[2024-09-04T12:13:29.700+0000][319.529s][info ][safepoint     ] Entering safepoint region: G1CollectForAllocation
[2024-09-04T12:13:29.701+0000][319.529s][info ][gc,start      ] GC(77) Pause Young (Normal) (G1 Evacuation Pause)
[2024-09-04T12:13:29.701+0000][319.529s][info ][gc,task       ] GC(77) Using 4 workers of 4 for evacuation
[2024-09-04T12:13:29.720+0000][319.548s][info ][gc,phases     ] GC(77)   Pre Evacuate Collection Set: 0.0ms
[2024-09-04T12:13:29.720+0000][319.548s][info ][gc,phases     ] GC(77)   Evacuate Collection Set: 13.5ms
[2024-09-04T12:13:29.720+0000][319.548s][info ][gc,phases     ] GC(77)   Post Evacuate Collection Set: 5.0ms
[2024-09-04T12:13:29.720+0000][319.548s][info ][gc,phases     ] GC(77)   Other: 0.5ms
[2024-09-04T12:13:29.720+0000][319.548s][info ][gc,heap       ] GC(77) Eden regions: 185->0(189)
[2024-09-04T12:13:29.720+0000][319.548s][info ][gc,heap       ] GC(77) Survivor regions: 13->9(25)
[2024-09-04T12:13:29.720+0000][319.549s][info ][gc,heap       ] GC(77) Old regions: 159->163
[2024-09-04T12:13:29.720+0000][319.549s][info ][gc,heap       ] GC(77) Humongous regions: 0->0
[2024-09-04T12:13:29.720+0000][319.549s][info ][gc,metaspace  ] GC(77) Metaspace: 171985K(177904K)->171985K(177904K) NonClass: 151995K(155604K)->151995K(155604K) Class: 19989K(22300K)->19989K(22300K)
[2024-09-04T12:13:29.720+0000][319.549s][info ][gc            ] GC(77) Pause Young (Normal) (G1 Evacuation Pause) 354M->169M(412M) 19.231ms
[2024-09-04T12:13:29.720+0000][319.549s][info ][gc,cpu        ] GC(77) User=0.07s Sys=0.00s Real=0.02s
[2024-09-04T12:13:29.720+0000][319.549s][info ][safepoint     ] Leaving safepoint region
[2024-09-04T12:13:29.720+0000][319.549s][info ][safepoint     ] Total time for which application threads were stopped: 0.0199237 seconds, Stopping threads took: 0.0001482 seconds
[2024-09-04T12:13:29.720+0000][319.549s][info ][gc,stringdedup] Concurrent String Deduplication (319.549s)
[2024-09-04T12:13:29.720+0000][319.549s][info ][gc,stringdedup] Concurrent String Deduplication 0.0B->0.0B(0.0B) avg 54.6% (319.549s, 319.549s) 0.039ms
[2024-09-04T12:13:30.720+0000][320.549s][debug][safepoint     ] Safepoint synchronization initiated. (260 threads)
[2024-09-04T12:13:30.720+0000][320.549s][info ][safepoint     ] Application time: 1.0003719 seconds
[2024-09-04T12:13:30.721+0000][320.549s][info ][safepoint     ] Entering safepoint region: Cleanup
[2024-09-04T12:13:30.721+0000][320.550s][info ][safepoint     ] Leaving safepoint region
[2024-09-04T12:13:30.721+0000][320.550s][info ][safepoint     ] Total time for which application threads were stopped: 0.0009540 seconds, Stopping threads took: 0.0002358 seconds
[2024-09-04T12:13:31.722+0000][321.550s][debug][safepoint     ] Safepoint synchronization initiated. (260 threads)
[2024-09-04T12:13:31.722+0000][321.550s][info ][safepoint     ] Application time: 1.0002044 seconds
[2024-09-04T12:13:31.722+0000][321.551s][info ][safepoint     ] Entering safepoint region: Cleanup
[2024-09-04T12:13:31.723+0000][321.551s][info ][safepoint     ] Leaving safepoint region
[2024-09-04T12:13:31.723+0000][321.552s][info ][safepoint     ] Total time for which application threads were stopped: 0.0010859 seconds, Stopping threads took: 0.0002488 seconds
[2024-09-04T12:13:32.723+0000][322.552s][debug][safepoint     ] Safepoint synchronization initiated. (260 threads)
[2024-09-04T12:13:32.723+0000][322.552s][info ][safepoint     ] Application time: 1.0003431 seconds
[2024-09-04T12:13:32.723+0000][322.552s][info ][safepoint     ] Entering safepoint region: Cleanup
[2024-09-04T12:13:32.724+0000][322.553s][info ][safepoint     ] Leaving safepoint region
[2024-09-04T12:13:32.724+0000][322.553s][debug][safepoint     ] ... found polling page return exception at pc = 0x00007ff4a06a8636, stub =0x00007ff498824b00
[2024-09-04T12:13:32.724+0000][322.553s][info ][safepoint     ] Total time for which application threads were stopped: 0.0010800 seconds, Stopping threads took: 0.0002807 seconds
[2024-09-04T12:13:33.725+0000][323.554s][debug][safepoint     ] Safepoint synchronization initiated. (260 threads)
[2024-09-04T12:13:33.725+0000][323.554s][info ][safepoint     ] Application time: 1.0004603 seconds
[2024-09-04T12:13:33.725+0000][323.554s][info ][safepoint     ] Entering safepoint region: Cleanup
[2024-09-04T12:13:33.726+0000][323.555s][info ][safepoint     ] Leaving safepoint region
[2024-09-04T12:13:33.726+0000][323.555s][info ][safepoint     ] Total time for which application threads were stopped: 0.0011534 seconds, Stopping threads took: 0.0005092 seconds
[2024-09-04T12:13:34.726+0000][324.555s][debug][safepoint     ] Safepoint synchronization initiated. (260 threads)
[2024-09-04T12:13:34.726+0000][324.555s][info ][safepoint     ] Application time: 1.0002429 seconds
[2024-09-04T12:13:34.726+0000][324.555s][info ][safepoint     ] Entering safepoint region: Cleanup
[2024-09-04T12:13:34.727+0000][324.556s][info ][safepoint     ] Leaving safepoint region
[2024-09-04T12:13:34.727+0000][324.556s][info ][safepoint     ] Total time for which application threads were stopped: 0.0006613 seconds, Stopping threads took: 0.0001750 seconds
[2024-09-04T12:13:34.925+0000][324.754s][debug][safepoint     ] Safepoint synchronization initiated. (260 threads)
[2024-09-04T12:13:34.925+0000][324.754s][info ][safepoint     ] Application time: 0.1981196 seconds
[2024-09-04T12:13:34.925+0000][324.754s][info ][safepoint     ] Entering safepoint region: Deoptimize
[2024-09-04T12:13:34.946+0000][324.775s][debug][safepoint     ] ... found polling page return exception at pc = 0x00007ff4a06a8636, stub =0x00007ff498824b00
[2024-09-04T12:13:34.946+0000][324.775s][debug][safepoint     ] ... found polling page return exception at pc = 0x00007ff4a06a8636, stub =0x00007ff498824b00
[2024-09-04T12:13:34.946+0000][324.775s][info ][safepoint     ] Leaving safepoint region
[2024-09-04T12:13:34.946+0000][324.775s][info ][safepoint     ] Total time for which application threads were stopped: 0.0210158 seconds, Stopping threads took: 0.0001444 seconds
[2024-09-04T12:13:35.946+0000][325.775s][debug][safepoint     ] Safepoint synchronization initiated. (260 threads)
[2024-09-04T12:13:35.946+0000][325.775s][info ][safepoint     ] Application time: 1.0003234 seconds
[2024-09-04T12:13:35.947+0000][325.775s][info ][safepoint     ] Entering safepoint region: Cleanup
[2024-09-04T12:13:35.947+0000][325.776s][info ][safepoint     ] Leaving safepoint region
[2024-09-04T12:13:35.947+0000][325.776s][info ][safepoint     ] Total time for which application threads were stopped: 0.0009508 seconds, Stopping threads took: 0.0001852 seconds
[2024-09-04T12:13:36.948+0000][326.776s][debug][safepoint     ] Safepoint synchronization initiated. (260 threads)
[2024-09-04T12:13:36.948+0000][326.777s][info ][safepoint     ] Application time: 1.0002880 seconds
[2024-09-04T12:13:36.948+0000][326.777s][info ][safepoint     ] Entering safepoint region: Cleanup
[2024-09-04T12:13:36.948+0000][326.777s][info ][safepoint     ] Leaving safepoint region
[2024-09-04T12:13:36.948+0000][326.777s][info ][safepoint     ] Total time for which application threads were stopped: 0.0005809 seconds, Stopping threads took: 0.0001680 seconds
[2024-09-04T12:13:37.949+0000][327.777s][debug][safepoint     ] Safepoint synchronization initiated. (260 threads)
[2024-09-04T12:13:37.949+0000][327.778s][info ][safepoint     ] Application time: 1.0003264 seconds
[2024-09-04T12:13:37.949+0000][327.778s][info ][safepoint     ] Entering safepoint region: Cleanup
[2024-09-04T12:13:37.950+0000][327.778s][info ][safepoint     ] Leaving safepoint region
[2024-09-04T12:13:37.950+0000][327.778s][info ][safepoint     ] Total time for which application threads were stopped: 0.0007005 seconds, Stopping threads took: 0.0002063 seconds
[2024-09-04T12:13:38.950+0000][328.779s][debug][safepoint     ] Safepoint synchronization initiated. (260 threads)
[2024-09-04T12:13:38.950+0000][328.779s][info ][safepoint     ] Application time: 1.0003355 seconds
[2024-09-04T12:13:38.950+0000][328.779s][info ][safepoint     ] Entering safepoint region: Cleanup
[2024-09-04T12:13:38.951+0000][328.780s][info ][safepoint     ] Leaving safepoint region
[2024-09-04T12:13:38.951+0000][328.780s][info ][safepoint     ] Total time for which application threads were stopped: 0.0009158 seconds, Stopping threads took: 0.0001976 seconds
[2024-09-04T12:13:39.951+0000][329.780s][debug][safepoint     ] Safepoint synchronization initiated. (260 threads)
[2024-09-04T12:13:39.951+0000][329.780s][info ][safepoint     ] Application time: 1.0003022 seconds
[2024-09-04T12:13:39.951+0000][329.780s][info ][safepoint     ] Entering safepoint region: Cleanup
[2024-09-04T12:13:39.952+0000][329.781s][info ][safepoint     ] Leaving safepoint region
[2024-09-04T12:13:39.952+0000][329.781s][info ][safepoint     ] Total time for which application threads were stopped: 0.0006720 seconds, Stopping threads took: 0.0001890 seconds
[2024-09-04T12:13:40.952+0000][330.781s][debug][safepoint     ] Safepoint synchronization initiated. (260 threads)
[2024-09-04T12:13:40.952+0000][330.781s][info ][safepoint     ] Application time: 1.0001828 seconds
[2024-09-04T12:13:40.952+0000][330.781s][info ][safepoint     ] Entering safepoint region: Cleanup
[2024-09-04T12:13:40.953+0000][330.782s][info ][safepoint     ] Leaving safepoint region
[2024-09-04T12:13:40.953+0000][330.782s][info ][safepoint     ] Total time for which application threads were stopped: 0.0007196 seconds, Stopping threads took: 0.0001475 seconds
[2024-09-04T12:13:41.953+0000][331.782s][debug][safepoint     ] Safepoint synchronization initiated. (260 threads)
[2024-09-04T12:13:41.953+0000][331.782s][info ][safepoint     ] Application time: 1.0002545 seconds
[2024-09-04T12:13:41.954+0000][331.782s][info ][safepoint     ] Entering safepoint region: Cleanup
[2024-09-04T12:13:41.954+0000][331.783s][info ][safepoint     ] Leaving safepoint region
[2024-09-04T12:13:41.954+0000][331.783s][info ][safepoint     ] Total time for which application threads were stopped: 0.0008122 seconds, Stopping threads took: 0.0003381 seconds
[2024-09-04T12:13:42.954+0000][332.783s][debug][safepoint     ] Safepoint synchronization initiated. (260 threads)
[2024-09-04T12:13:42.954+0000][332.783s][info ][safepoint     ] Application time: 1.0002403 seconds
[2024-09-04T12:13:42.955+0000][332.783s][info ][safepoint     ] Entering safepoint region: Cleanup
[2024-09-04T12:13:42.955+0000][332.784s][info ][safepoint     ] Leaving safepoint region
[2024-09-04T12:13:42.955+0000][332.784s][info ][safepoint     ] Total time for which application threads were stopped: 0.0008653 seconds, Stopping threads took: 0.0001989 seconds
[2024-09-04T12:13:43.955+0000][333.784s][debug][safepoint     ] Safepoint synchronization initiated. (260 threads)
[2024-09-04T12:13:43.955+0000][333.784s][info ][safepoint     ] Application time: 1.0002091 seconds
[2024-09-04T12:13:43.956+0000][333.784s][debug][safepoint     ] ... found polling page return exception at pc = 0x00007ff4a1223882, stub =0x00007ff498824b00
[2024-09-04T12:13:43.956+0000][333.785s][debug][safepoint     ] Waiting for 1 thread(s) to block
[2024-09-04T12:13:43.956+0000][333.785s][info ][safepoint     ] Entering safepoint region: Cleanup
[2024-09-04T12:13:43.956+0000][333.785s][info ][safepoint     ] Leaving safepoint region
[2024-09-04T12:13:43.956+0000][333.785s][info ][safepoint     ] Total time for which application threads were stopped: 0.0008909 seconds, Stopping threads took: 0.0003775 seconds
[2024-09-04T12:13:44.957+0000][334.785s][debug][safepoint     ] Safepoint synchronization initiated. (260 threads)
[2024-09-04T12:13:44.957+0000][334.786s][info ][safepoint     ] Application time: 1.0003831 seconds
[2024-09-04T12:13:44.957+0000][334.786s][info ][safepoint     ] Entering safepoint region: Cleanup
[2024-09-04T12:13:44.958+0000][334.786s][info ][safepoint     ] Leaving safepoint region
[2024-09-04T12:13:44.958+0000][334.787s][info ][safepoint     ] Total time for which application threads were stopped: 0.0009255 seconds, Stopping threads took: 0.0002530 seconds
[2024-09-04T12:13:45.958+0000][335.787s][debug][safepoint     ] Safepoint synchronization initiated. (260 threads)
[2024-09-04T12:13:45.958+0000][335.787s][info ][safepoint     ] Application time: 1.0002327 seconds
[2024-09-04T12:13:45.958+0000][335.787s][info ][safepoint     ] Entering safepoint region: Cleanup
[2024-09-04T12:13:45.959+0000][335.788s][info ][safepoint     ] Leaving safepoint region
[2024-09-04T12:13:45.959+0000][335.788s][info ][safepoint     ] Total time for which application threads were stopped: 0.0009847 seconds, Stopping threads took: 0.0002014 seconds
[2024-09-04T12:13:46.959+0000][336.788s][debug][safepoint     ] Safepoint synchronization initiated. (260 threads)
[2024-09-04T12:13:46.959+0000][336.788s][info ][safepoint     ] Application time: 1.0002047 seconds
[2024-09-04T12:13:46.959+0000][336.788s][info ][safepoint     ] Entering safepoint region: Cleanup
[2024-09-04T12:13:46.960+0000][336.789s][info ][safepoint     ] Leaving safepoint region
[2024-09-04T12:13:46.960+0000][336.789s][info ][safepoint     ] Total time for which application threads were stopped: 0.0007779 seconds, Stopping threads took: 0.0001517 seconds
[2024-09-04T12:13:47.960+0000][337.789s][debug][safepoint     ] Safepoint synchronization initiated. (260 threads)
[2024-09-04T12:13:47.960+0000][337.789s][info ][safepoint     ] Application time: 1.0002750 seconds
[2024-09-04T12:13:47.961+0000][337.789s][info ][safepoint     ] Entering safepoint region: Cleanup
[2024-09-04T12:13:47.961+0000][337.790s][info ][safepoint     ] Leaving safepoint region
[2024-09-04T12:13:47.961+0000][337.790s][info ][safepoint     ] Total time for which application threads were stopped: 0.0008425 seconds, Stopping threads took: 0.0002274 seconds
[2024-09-04T12:13:48.962+0000][338.790s][debug][safepoint     ] Safepoint synchronization initiated. (260 threads)
[2024-09-04T12:13:48.962+0000][338.790s][info ][safepoint     ] Application time: 1.0003958 seconds
[2024-09-04T12:13:48.962+0000][338.791s][info ][safepoint     ] Entering safepoint region: Cleanup
[2024-09-04T12:13:48.962+0000][338.791s][info ][safepoint     ] Leaving safepoint region
[2024-09-04T12:13:48.962+0000][338.791s][info ][safepoint     ] Total time for which application threads were stopped: 0.0008493 seconds, Stopping threads took: 0.0002664 seconds
[2024-09-04T12:13:49.963+0000][339.791s][debug][safepoint     ] Safepoint synchronization initiated. (260 threads)
[2024-09-04T12:13:49.963+0000][339.792s][info ][safepoint     ] Application time: 1.0003220 seconds
[2024-09-04T12:13:49.963+0000][339.792s][info ][safepoint     ] Entering safepoint region: Cleanup
[2024-09-04T12:13:49.963+0000][339.792s][info ][safepoint     ] Leaving safepoint region
[2024-09-04T12:13:49.964+0000][339.792s][info ][safepoint     ] Total time for which application threads were stopped: 0.0006515 seconds, Stopping threads took: 0.0001825 seconds
[2024-09-04T12:13:50.964+0000][340.792s][debug][safepoint     ] Safepoint synchronization initiated. (260 threads)
[2024-09-04T12:13:50.964+0000][340.793s][info ][safepoint     ] Application time: 1.0002278 seconds
[2024-09-04T12:13:50.964+0000][340.793s][info ][safepoint     ] Entering safepoint region: Cleanup
[2024-09-04T12:13:50.964+0000][340.793s][info ][safepoint     ] Leaving safepoint region
[2024-09-04T12:13:50.964+0000][340.793s][info ][safepoint     ] Total time for which application threads were stopped: 0.0006889 seconds, Stopping threads took: 0.0001842 seconds
[2024-09-04T12:13:51.965+0000][341.793s][debug][safepoint     ] Safepoint synchronization initiated. (260 threads)
[2024-09-04T12:13:51.965+0000][341.793s][info ][safepoint     ] Application time: 1.0002070 seconds
[2024-09-04T12:13:51.965+0000][341.794s][info ][safepoint     ] Entering safepoint region: Cleanup
[2024-09-04T12:13:51.965+0000][341.794s][info ][safepoint     ] Leaving safepoint region
[2024-09-04T12:13:51.965+0000][341.794s][info ][safepoint     ] Total time for which application threads were stopped: 0.0005347 seconds, Stopping threads took: 0.0001695 seconds
[2024-09-04T12:13:52.965+0000][342.794s][debug][safepoint     ] Safepoint synchronization initiated. (260 threads)
[2024-09-04T12:13:52.966+0000][342.794s][info ][safepoint     ] Application time: 1.0003170 seconds
[2024-09-04T12:13:52.966+0000][342.795s][info ][safepoint     ] Entering safepoint region: Cleanup
[2024-09-04T12:13:52.967+0000][342.795s][info ][safepoint     ] Leaving safepoint region
[2024-09-04T12:13:52.967+0000][342.795s][info ][safepoint     ] Total time for which application threads were stopped: 0.0009880 seconds, Stopping threads took: 0.0002640 seconds
[2024-09-04T12:13:53.967+0000][343.796s][debug][safepoint     ] Safepoint synchronization initiated. (260 threads)
[2024-09-04T12:13:53.967+0000][343.796s][info ][safepoint     ] Application time: 1.0002927 seconds
[2024-09-04T12:13:53.967+0000][343.796s][info ][safepoint     ] Entering safepoint region: Cleanup
[2024-09-04T12:13:53.968+0000][343.797s][info ][safepoint     ] Leaving safepoint region
[2024-09-04T12:13:53.968+0000][343.797s][info ][safepoint     ] Total time for which application threads were stopped: 0.0008741 seconds, Stopping threads took: 0.0002073 seconds
[2024-09-04T12:13:54.968+0000][344.797s][debug][safepoint     ] Safepoint synchronization initiated. (260 threads)
[2024-09-04T12:13:54.968+0000][344.797s][info ][safepoint     ] Application time: 1.0002933 seconds
[2024-09-04T12:13:54.968+0000][344.797s][info ][safepoint     ] Entering safepoint region: Cleanup
[2024-09-04T12:13:54.969+0000][344.798s][info ][safepoint     ] Leaving safepoint region
[2024-09-04T12:13:54.969+0000][344.798s][info ][safepoint     ] Total time for which application threads were stopped: 0.0011380 seconds, Stopping threads took: 0.0002360 seconds
[2024-09-04T12:13:55.970+0000][345.798s][debug][safepoint     ] Safepoint synchronization initiated. (260 threads)
[2024-09-04T12:13:55.970+0000][345.798s][info ][safepoint     ] Application time: 1.0003515 seconds
[2024-09-04T12:13:55.970+0000][345.799s][info ][safepoint     ] Entering safepoint region: Cleanup
[2024-09-04T12:13:55.970+0000][345.799s][info ][safepoint     ] Leaving safepoint region
[2024-09-04T12:13:55.970+0000][345.799s][info ][safepoint     ] Total time for which application threads were stopped: 0.0007084 seconds, Stopping threads took: 0.0002228 seconds
[2024-09-04T12:13:56.971+0000][346.799s][debug][safepoint     ] Safepoint synchronization initiated. (260 threads)
[2024-09-04T12:13:56.971+0000][346.799s][info ][safepoint     ] Application time: 1.0002249 seconds
[2024-09-04T12:13:56.971+0000][346.800s][debug][safepoint     ] Waiting for 1 thread(s) to block
[2024-09-04T12:13:56.971+0000][346.800s][info ][safepoint     ] Entering safepoint region: Cleanup
[2024-09-04T12:13:56.971+0000][346.800s][info ][safepoint     ] Leaving safepoint region
[2024-09-04T12:13:56.971+0000][346.800s][info ][safepoint     ] Total time for which application threads were stopped: 0.0006751 seconds, Stopping threads took: 0.0003844 seconds
[2024-09-04T12:13:57.972+0000][347.800s][debug][safepoint     ] Safepoint synchronization initiated. (260 threads)
[2024-09-04T12:13:57.972+0000][347.801s][info ][safepoint     ] Application time: 1.0003213 seconds
[2024-09-04T12:13:57.972+0000][347.801s][info ][safepoint     ] Entering safepoint region: Cleanup
[2024-09-04T12:13:57.973+0000][347.801s][info ][safepoint     ] Leaving safepoint region
[2024-09-04T12:13:57.973+0000][347.802s][info ][safepoint     ] Total time for which application threads were stopped: 0.0009229 seconds, Stopping threads took: 0.0001996 seconds
[2024-09-04T12:13:58.055+0000][347.884s][debug][safepoint     ] Safepoint synchronization initiated. (260 threads)
[2024-09-04T12:13:58.055+0000][347.884s][info ][safepoint     ] Application time: 0.0822363 seconds
[2024-09-04T12:13:58.055+0000][347.884s][debug][safepoint     ] ... found polling page return exception at pc = 0x00007ff4a09c2674, stub =0x00007ff498824b00
[2024-09-04T12:13:58.055+0000][347.884s][debug][safepoint     ] ... found polling page return exception at pc = 0x00007ff4a07d79e8, stub =0x00007ff498824b00
[2024-09-04T12:13:58.055+0000][347.884s][debug][safepoint     ] ... found polling page loop exception at pc = 0x00007ff4a12558ff, stub =0x00007ff498826680
[2024-09-04T12:13:58.056+0000][347.884s][debug][safepoint     ] Waiting for 4 thread(s) to block
[2024-09-04T12:13:58.056+0000][347.885s][info ][safepoint     ] Entering safepoint region: G1CollectForAllocation
[2024-09-04T12:13:58.056+0000][347.885s][info ][gc,start      ] GC(78) Pause Young (Normal) (G1 Evacuation Pause)
[2024-09-04T12:13:58.056+0000][347.885s][info ][gc,task       ] GC(78) Using 4 workers of 4 for evacuation
[2024-09-04T12:13:58.071+0000][347.900s][info ][gc,phases     ] GC(78)   Pre Evacuate Collection Set: 0.0ms
[2024-09-04T12:13:58.071+0000][347.900s][info ][gc,phases     ] GC(78)   Evacuate Collection Set: 9.1ms
[2024-09-04T12:13:58.071+0000][347.900s][info ][gc,phases     ] GC(78)   Post Evacuate Collection Set: 5.2ms
[2024-09-04T12:13:58.071+0000][347.900s][info ][gc,phases     ] GC(78)   Other: 0.5ms
[2024-09-04T12:13:58.071+0000][347.900s][info ][gc,heap       ] GC(78) Eden regions: 189->0(193)
[2024-09-04T12:13:58.071+0000][347.900s][info ][gc,heap       ] GC(78) Survivor regions: 9->2(25)
[2024-09-04T12:13:58.071+0000][347.900s][info ][gc,heap       ] GC(78) Old regions: 163->170
[2024-09-04T12:13:58.071+0000][347.900s][info ][gc,heap       ] GC(78) Humongous regions: 0->0
[2024-09-04T12:13:58.071+0000][347.900s][info ][gc,metaspace  ] GC(78) Metaspace: 172087K(177904K)->172087K(177904K) NonClass: 152094K(155604K)->152094K(155604K) Class: 19993K(22300K)->19993K(22300K)
[2024-09-04T12:13:58.071+0000][347.900s][info ][gc            ] GC(78) Pause Young (Normal) (G1 Evacuation Pause) 358M->170M(412M) 14.976ms
[2024-09-04T12:13:58.071+0000][347.900s][info ][gc,cpu        ] GC(78) User=0.05s Sys=0.00s Real=0.02s
[2024-09-04T12:13:58.071+0000][347.900s][info ][safepoint     ] Leaving safepoint region
[2024-09-04T12:13:58.071+0000][347.900s][info ][safepoint     ] Total time for which application threads were stopped: 0.0163512 seconds, Stopping threads took: 0.0008188 seconds
[2024-09-04T12:13:58.072+0000][347.901s][info ][gc,stringdedup] Concurrent String Deduplication (347.901s)
[2024-09-04T12:13:58.072+0000][347.901s][info ][gc,stringdedup] Concurrent String Deduplication 80.0B->48.0B(32.0B) avg 54.6% (347.901s, 347.901s) 0.032ms
[2024-09-04T12:13:59.072+0000][348.900s][debug][safepoint     ] Safepoint synchronization initiated. (258 threads)
[2024-09-04T12:13:59.072+0000][348.901s][info ][safepoint     ] Application time: 1.0003731 seconds
[2024-09-04T12:13:59.072+0000][348.901s][info ][safepoint     ] Entering safepoint region: Cleanup
[2024-09-04T12:13:59.073+0000][348.902s][info ][safepoint     ] Leaving safepoint region
[2024-09-04T12:13:59.073+0000][348.902s][info ][safepoint     ] Total time for which application threads were stopped: 0.0009617 seconds, Stopping threads took: 0.0001807 seconds
[2024-09-04T12:14:00.073+0000][349.902s][debug][safepoint     ] Safepoint synchronization initiated. (258 threads)
[2024-09-04T12:14:00.073+0000][349.902s][info ][safepoint     ] Application time: 1.0001801 seconds
[2024-09-04T12:14:00.073+0000][349.902s][info ][safepoint     ] Entering safepoint region: Cleanup
[2024-09-04T12:14:00.074+0000][349.903s][info ][safepoint     ] Leaving safepoint region
[2024-09-04T12:14:00.074+0000][349.903s][info ][safepoint     ] Total time for which application threads were stopped: 0.0007606 seconds, Stopping threads took: 0.0002144 seconds
[2024-09-04T12:14:01.074+0000][350.903s][debug][safepoint     ] Safepoint synchronization initiated. (258 threads)
[2024-09-04T12:14:01.074+0000][350.903s][info ][safepoint     ] Application time: 1.0002975 seconds
[2024-09-04T12:14:01.074+0000][350.903s][info ][safepoint     ] Entering safepoint region: Cleanup
[2024-09-04T12:14:01.075+0000][350.904s][info ][safepoint     ] Leaving safepoint region
[2024-09-04T12:14:01.075+0000][350.904s][info ][safepoint     ] Total time for which application threads were stopped: 0.0010428 seconds, Stopping threads took: 0.0002420 seconds
[2024-09-04T12:14:02.075+0000][351.904s][debug][safepoint     ] Safepoint synchronization initiated. (258 threads)
[2024-09-04T12:14:02.075+0000][351.904s][info ][safepoint     ] Application time: 1.0002596 seconds
[2024-09-04T12:14:02.076+0000][351.904s][info ][safepoint     ] Entering safepoint region: Cleanup
[2024-09-04T12:14:02.076+0000][351.905s][info ][safepoint     ] Leaving safepoint region
[2024-09-04T12:14:02.076+0000][351.905s][info ][safepoint     ] Total time for which application threads were stopped: 0.0007887 seconds, Stopping threads took: 0.0001665 seconds
[2024-09-04T12:14:03.076+0000][352.905s][debug][safepoint     ] Safepoint synchronization initiated. (258 threads)
[2024-09-04T12:14:03.077+0000][352.905s][info ][safepoint     ] Application time: 1.0002526 seconds
[2024-09-04T12:14:03.077+0000][352.905s][debug][safepoint     ] ... found polling page return exception at pc = 0x00007ff4a11eabe8, stub =0x00007ff498824b00
[2024-09-04T12:14:03.077+0000][352.905s][debug][safepoint     ] Waiting for 1 thread(s) to block
[2024-09-04T12:14:03.077+0000][352.906s][info ][safepoint     ] Entering safepoint region: Cleanup
[2024-09-04T12:14:03.077+0000][352.906s][info ][safepoint     ] Leaving safepoint region
[2024-09-04T12:14:03.077+0000][352.906s][info ][safepoint     ] Total time for which application threads were stopped: 0.0007907 seconds, Stopping threads took: 0.0004004 seconds
[2024-09-04T12:14:04.078+0000][353.906s][debug][safepoint     ] Safepoint synchronization initiated. (258 threads)
[2024-09-04T12:14:04.078+0000][353.906s][info ][safepoint     ] Application time: 1.0003567 seconds
[2024-09-04T12:14:04.078+0000][353.907s][info ][safepoint     ] Entering safepoint region: Cleanup
[2024-09-04T12:14:04.078+0000][353.907s][info ][safepoint     ] Leaving safepoint region
[2024-09-04T12:14:04.079+0000][353.907s][info ][safepoint     ] Total time for which application threads were stopped: 0.0007224 seconds, Stopping threads took: 0.0002021 seconds
[2024-09-04T12:14:04.079+0000][353.907s][debug][safepoint     ] ... found polling page loop exception at pc = 0x00007ff4a1317510, stub =0x00007ff498826680
[2024-09-04T12:14:04.079+0000][353.908s][debug][safepoint     ] ... found polling page loop exception at pc = 0x00007ff4a1317510, stub =0x00007ff498826680
[2024-09-04T12:14:05.079+0000][354.908s][debug][safepoint     ] Safepoint synchronization initiated. (258 threads)
[2024-09-04T12:14:05.079+0000][354.908s][info ][safepoint     ] Application time: 1.0002849 seconds
[2024-09-04T12:14:05.079+0000][354.908s][info ][safepoint     ] Entering safepoint region: Cleanup
[2024-09-04T12:14:05.080+0000][354.908s][info ][safepoint     ] Leaving safepoint region
[2024-09-04T12:14:05.080+0000][354.908s][info ][safepoint     ] Total time for which application threads were stopped: 0.0006985 seconds, Stopping threads took: 0.0002149 seconds
[2024-09-04T12:14:06.080+0000][355.909s][debug][safepoint     ] Safepoint synchronization initiated. (258 threads)
[2024-09-04T12:14:06.080+0000][355.909s][info ][safepoint     ] Application time: 1.0003600 seconds
[2024-09-04T12:14:06.080+0000][355.909s][info ][safepoint     ] Entering safepoint region: Cleanup
[2024-09-04T12:14:06.081+0000][355.909s][info ][safepoint     ] Leaving safepoint region
[2024-09-04T12:14:06.081+0000][355.910s][info ][safepoint     ] Total time for which application threads were stopped: 0.0008001 seconds, Stopping threads took: 0.0002041 seconds
[2024-09-04T12:14:07.081+0000][356.910s][debug][safepoint     ] Safepoint synchronization initiated. (258 threads)
[2024-09-04T12:14:07.081+0000][356.910s][info ][safepoint     ] Application time: 1.0002254 seconds
[2024-09-04T12:14:07.081+0000][356.910s][info ][safepoint     ] Entering safepoint region: Cleanup
[2024-09-04T12:14:07.082+0000][356.911s][info ][safepoint     ] Leaving safepoint region
[2024-09-04T12:14:07.082+0000][356.911s][debug][safepoint     ] ... found polling page return exception at pc = 0x00007ff4a131ffd6, stub =0x00007ff498824b00
[2024-09-04T12:14:07.082+0000][356.911s][info ][safepoint     ] Total time for which application threads were stopped: 0.0009129 seconds, Stopping threads took: 0.0002184 seconds
[2024-09-04T12:14:07.082+0000][356.911s][debug][safepoint     ] ... found polling page return exception at pc = 0x00007ff4a131ffd6, stub =0x00007ff498824b00
[2024-09-04T12:14:07.082+0000][356.911s][debug][safepoint     ] ... found polling page return exception at pc = 0x00007ff4a131ffd6, stub =0x00007ff498824b00
[2024-09-04T12:14:08.082+0000][357.911s][debug][safepoint     ] Safepoint synchronization initiated. (258 threads)
[2024-09-04T12:14:08.082+0000][357.911s][info ][safepoint     ] Application time: 1.0002499 seconds
[2024-09-04T12:14:08.082+0000][357.911s][info ][safepoint     ] Entering safepoint region: Cleanup
[2024-09-04T12:14:08.083+0000][357.912s][info ][safepoint     ] Leaving safepoint region
[2024-09-04T12:14:08.083+0000][357.912s][info ][safepoint     ] Total time for which application threads were stopped: 0.0009440 seconds, Stopping threads took: 0.0001853 seconds
[2024-09-04T12:14:09.083+0000][358.912s][debug][safepoint     ] Safepoint synchronization initiated. (258 threads)
[2024-09-04T12:14:09.084+0000][358.912s][info ][safepoint     ] Application time: 1.0003590 seconds
[2024-09-04T12:14:09.084+0000][358.913s][info ][safepoint     ] Entering safepoint region: Cleanup
[2024-09-04T12:14:09.084+0000][358.913s][info ][safepoint     ] Leaving safepoint region
[2024-09-04T12:14:09.084+0000][358.913s][info ][safepoint     ] Total time for which application threads were stopped: 0.0008206 seconds, Stopping threads took: 0.0002802 seconds
[2024-09-04T12:14:10.085+0000][359.913s][debug][safepoint     ] Safepoint synchronization initiated. (258 threads)
[2024-09-04T12:14:10.085+0000][359.913s][info ][safepoint     ] Application time: 1.0002076 seconds
[2024-09-04T12:14:10.085+0000][359.914s][info ][safepoint     ] Entering safepoint region: Cleanup
[2024-09-04T12:14:10.085+0000][359.914s][info ][safepoint     ] Leaving safepoint region
[2024-09-04T12:14:10.085+0000][359.914s][info ][safepoint     ] Total time for which application threads were stopped: 0.0006783 seconds, Stopping threads took: 0.0001849 seconds
[2024-09-04T12:14:11.086+0000][360.914s][debug][safepoint     ] Safepoint synchronization initiated. (258 threads)
[2024-09-04T12:14:11.086+0000][360.914s][info ][safepoint     ] Application time: 1.0002445 seconds
[2024-09-04T12:14:11.086+0000][360.915s][info ][safepoint     ] Entering safepoint region: Cleanup
[2024-09-04T12:14:11.086+0000][360.915s][info ][safepoint     ] Leaving safepoint region
[2024-09-04T12:14:11.086+0000][360.915s][info ][safepoint     ] Total time for which application threads were stopped: 0.0007270 seconds, Stopping threads took: 0.0002232 seconds
[2024-09-04T12:14:12.087+0000][361.915s][debug][safepoint     ] Safepoint synchronization initiated. (258 threads)
[2024-09-04T12:14:12.087+0000][361.916s][info ][safepoint     ] Application time: 1.0003023 seconds
[2024-09-04T12:14:12.087+0000][361.916s][info ][safepoint     ] Entering safepoint region: Cleanup
[2024-09-04T12:14:12.088+0000][361.916s][info ][safepoint     ] Leaving safepoint region
[2024-09-04T12:14:12.088+0000][361.916s][info ][safepoint     ] Total time for which application threads were stopped: 0.0008169 seconds, Stopping threads took: 0.0002458 seconds
[2024-09-04T12:14:13.088+0000][362.917s][debug][safepoint     ] Safepoint synchronization initiated. (258 threads)
[2024-09-04T12:14:13.088+0000][362.917s][info ][safepoint     ] Application time: 1.0002323 seconds
[2024-09-04T12:14:13.088+0000][362.917s][info ][safepoint     ] Entering safepoint region: Cleanup
[2024-09-04T12:14:13.089+0000][362.917s][info ][safepoint     ] Leaving safepoint region
[2024-09-04T12:14:13.089+0000][362.917s][info ][safepoint     ] Total time for which application threads were stopped: 0.0007881 seconds, Stopping threads took: 0.0001779 seconds
[2024-09-04T12:14:14.089+0000][363.918s][debug][safepoint     ] Safepoint synchronization initiated. (258 threads)
[2024-09-04T12:14:14.089+0000][363.918s][info ][safepoint     ] Application time: 1.0002524 seconds
[2024-09-04T12:14:14.089+0000][363.918s][info ][safepoint     ] Entering safepoint region: Cleanup
[2024-09-04T12:14:14.090+0000][363.918s][info ][safepoint     ] Leaving safepoint region
[2024-09-04T12:14:14.090+0000][363.918s][info ][safepoint     ] Total time for which application threads were stopped: 0.0007247 seconds, Stopping threads took: 0.0001465 seconds
[2024-09-04T12:14:14.090+0000][363.918s][debug][safepoint     ] ... found polling page return exception at pc = 0x00007ff4a131ffd6, stub =0x00007ff498824b00
[2024-09-04T12:14:15.090+0000][364.919s][debug][safepoint     ] Safepoint synchronization initiated. (258 threads)
[2024-09-04T12:14:15.090+0000][364.919s][info ][safepoint     ] Application time: 1.0003255 seconds
[2024-09-04T12:14:15.090+0000][364.919s][info ][safepoint     ] Entering safepoint region: Cleanup
[2024-09-04T12:14:15.091+0000][364.920s][info ][safepoint     ] Leaving safepoint region
[2024-09-04T12:14:15.091+0000][364.920s][info ][safepoint     ] Total time for which application threads were stopped: 0.0007578 seconds, Stopping threads took: 0.0002392 seconds
[2024-09-04T12:14:16.091+0000][365.920s][debug][safepoint     ] Safepoint synchronization initiated. (258 threads)
[2024-09-04T12:14:16.091+0000][365.920s][info ][safepoint     ] Application time: 1.0002332 seconds
[2024-09-04T12:14:16.091+0000][365.920s][info ][safepoint     ] Entering safepoint region: Cleanup
[2024-09-04T12:14:16.092+0000][365.920s][info ][safepoint     ] Leaving safepoint region
[2024-09-04T12:14:16.092+0000][365.920s][info ][safepoint     ] Total time for which application threads were stopped: 0.0006717 seconds, Stopping threads took: 0.0001537 seconds
[2024-09-04T12:14:17.092+0000][366.921s][debug][safepoint     ] Safepoint synchronization initiated. (258 threads)
[2024-09-04T12:14:17.092+0000][366.921s][info ][safepoint     ] Application time: 1.0002089 seconds
[2024-09-04T12:14:17.092+0000][366.921s][debug][safepoint     ] ... found polling page return exception at pc = 0x00007ff4a110aec3, stub =0x00007ff498824b00
[2024-09-04T12:14:17.092+0000][366.921s][debug][safepoint     ] Waiting for 2 thread(s) to block
[2024-09-04T12:14:17.092+0000][366.921s][info ][safepoint     ] Entering safepoint region: Cleanup
[2024-09-04T12:14:17.093+0000][366.921s][info ][safepoint     ] Leaving safepoint region
[2024-09-04T12:14:17.093+0000][366.922s][info ][safepoint     ] Total time for which application threads were stopped: 0.0007714 seconds, Stopping threads took: 0.0003835 seconds
[2024-09-04T12:14:18.093+0000][367.922s][debug][safepoint     ] Safepoint synchronization initiated. (258 threads)
[2024-09-04T12:14:18.093+0000][367.922s][info ][safepoint     ] Application time: 1.0003529 seconds
[2024-09-04T12:14:18.093+0000][367.922s][info ][safepoint     ] Entering safepoint region: Cleanup
[2024-09-04T12:14:18.094+0000][367.923s][info ][safepoint     ] Leaving safepoint region
[2024-09-04T12:14:18.094+0000][367.923s][info ][safepoint     ] Total time for which application threads were stopped: 0.0008524 seconds, Stopping threads took: 0.0002118 seconds
[2024-09-04T12:14:19.094+0000][368.923s][debug][safepoint     ] Safepoint synchronization initiated. (258 threads)
[2024-09-04T12:14:19.094+0000][368.923s][info ][safepoint     ] Application time: 1.0002598 seconds
[2024-09-04T12:14:19.094+0000][368.923s][info ][safepoint     ] Entering safepoint region: Cleanup
[2024-09-04T12:14:19.095+0000][368.924s][info ][safepoint     ] Leaving safepoint region
[2024-09-04T12:14:19.095+0000][368.924s][info ][safepoint     ] Total time for which application threads were stopped: 0.0007864 seconds, Stopping threads took: 0.0001739 seconds
[2024-09-04T12:14:20.095+0000][369.924s][debug][safepoint     ] Safepoint synchronization initiated. (258 threads)
[2024-09-04T12:14:20.096+0000][369.924s][info ][safepoint     ] Application time: 1.0004622 seconds
[2024-09-04T12:14:20.096+0000][369.925s][info ][safepoint     ] Entering safepoint region: Cleanup
[2024-09-04T12:14:20.096+0000][369.925s][info ][safepoint     ] Leaving safepoint region
[2024-09-04T12:14:20.096+0000][369.925s][info ][safepoint     ] Total time for which application threads were stopped: 0.0008628 seconds, Stopping threads took: 0.0002724 seconds
[2024-09-04T12:14:21.097+0000][370.925s][debug][safepoint     ] Safepoint synchronization initiated. (258 threads)
[2024-09-04T12:14:21.097+0000][370.925s][info ][safepoint     ] Application time: 1.0001912 seconds
[2024-09-04T12:14:21.097+0000][370.926s][info ][safepoint     ] Entering safepoint region: Cleanup
[2024-09-04T12:14:21.097+0000][370.926s][info ][safepoint     ] Leaving safepoint region
[2024-09-04T12:14:21.097+0000][370.926s][info ][safepoint     ] Total time for which application threads were stopped: 0.0007800 seconds, Stopping threads took: 0.0001793 seconds
[2024-09-04T12:14:22.098+0000][371.926s][debug][safepoint     ] Safepoint synchronization initiated. (258 threads)
[2024-09-04T12:14:22.098+0000][371.927s][info ][safepoint     ] Application time: 1.0002800 seconds
[2024-09-04T12:14:22.098+0000][371.927s][info ][safepoint     ] Entering safepoint region: Cleanup
[2024-09-04T12:14:22.099+0000][371.927s][info ][safepoint     ] Leaving safepoint region
[2024-09-04T12:14:22.099+0000][371.927s][info ][safepoint     ] Total time for which application threads were stopped: 0.0008256 seconds, Stopping threads took: 0.0001773 seconds
[2024-09-04T12:14:23.099+0000][372.928s][debug][safepoint     ] Safepoint synchronization initiated. (258 threads)
[2024-09-04T12:14:23.099+0000][372.928s][info ][safepoint     ] Application time: 1.0003001 seconds
[2024-09-04T12:14:23.099+0000][372.928s][info ][safepoint     ] Entering safepoint region: Cleanup
[2024-09-04T12:14:23.100+0000][372.929s][info ][safepoint     ] Leaving safepoint region
[2024-09-04T12:14:23.100+0000][372.929s][info ][safepoint     ] Total time for which application threads were stopped: 0.0008147 seconds, Stopping threads took: 0.0002056 seconds
[2024-09-04T12:14:24.100+0000][373.929s][debug][safepoint     ] Safepoint synchronization initiated. (258 threads)
[2024-09-04T12:14:24.100+0000][373.929s][info ][safepoint     ] Application time: 1.0001998 seconds
[2024-09-04T12:14:24.100+0000][373.929s][info ][safepoint     ] Entering safepoint region: Cleanup
[2024-09-04T12:14:24.101+0000][373.930s][info ][safepoint     ] Leaving safepoint region
[2024-09-04T12:14:24.101+0000][373.930s][info ][safepoint     ] Total time for which application threads were stopped: 0.0009019 seconds, Stopping threads took: 0.0002170 seconds
[2024-09-04T12:14:25.101+0000][374.930s][debug][safepoint     ] Safepoint synchronization initiated. (258 threads)
[2024-09-04T12:14:25.101+0000][374.930s][info ][safepoint     ] Application time: 1.0003477 seconds
[2024-09-04T12:14:25.102+0000][374.930s][info ][safepoint     ] Entering safepoint region: Cleanup
[2024-09-04T12:14:25.102+0000][374.931s][info ][safepoint     ] Leaving safepoint region
[2024-09-04T12:14:25.102+0000][374.931s][info ][safepoint     ] Total time for which application threads were stopped: 0.0007637 seconds, Stopping threads took: 0.0002832 seconds
[2024-09-04T12:14:26.102+0000][375.931s][debug][safepoint     ] Safepoint synchronization initiated. (258 threads)
[2024-09-04T12:14:26.102+0000][375.931s][info ][safepoint     ] Application time: 1.0003057 seconds
[2024-09-04T12:14:26.103+0000][375.931s][info ][safepoint     ] Entering safepoint region: Cleanup
[2024-09-04T12:14:26.103+0000][375.932s][info ][safepoint     ] Leaving safepoint region
[2024-09-04T12:14:26.103+0000][375.932s][info ][safepoint     ] Total time for which application threads were stopped: 0.0007893 seconds, Stopping threads took: 0.0002339 seconds
[2024-09-04T12:14:27.103+0000][376.932s][debug][safepoint     ] Safepoint synchronization initiated. (258 threads)
[2024-09-04T12:14:27.104+0000][376.932s][info ][safepoint     ] Application time: 1.0002543 seconds
[2024-09-04T12:14:27.104+0000][376.933s][debug][safepoint     ] ... found polling page return exception at pc = 0x00007ff4a0cbdc72, stub =0x00007ff498824b00
[2024-09-04T12:14:27.104+0000][376.933s][debug][safepoint     ] ... found polling page loop exception at pc = 0x00007ff4a131e1a3, stub =0x00007ff498826680
[2024-09-04T12:14:27.104+0000][376.933s][debug][safepoint     ] Waiting for 2 thread(s) to block
[2024-09-04T12:14:27.104+0000][376.933s][info ][safepoint     ] Entering safepoint region: Cleanup
[2024-09-04T12:14:27.105+0000][376.934s][debug][safepoint     ] ... found polling page return exception at pc = 0x00007ff4a131ffd6, stub =0x00007ff498824b00
[2024-09-04T12:14:27.105+0000][376.934s][debug][safepoint     ] ... found polling page return exception at pc = 0x00007ff4a131ffd6, stub =0x00007ff498824b00
[2024-09-04T12:14:27.105+0000][376.934s][debug][safepoint     ] ... found polling page return exception at pc = 0x00007ff4a131ffd6, stub =0x00007ff498824b00
[2024-09-04T12:14:27.105+0000][376.934s][info ][safepoint     ] Leaving safepoint region
[2024-09-04T12:14:27.105+0000][376.934s][info ][safepoint     ] Total time for which application threads were stopped: 0.0016313 seconds, Stopping threads took: 0.0007084 seconds
[2024-09-04T12:14:27.534+0000][377.363s][debug][safepoint     ] Safepoint synchronization initiated. (258 threads)
[2024-09-04T12:14:27.534+0000][377.363s][info ][safepoint     ] Application time: 0.4287698 seconds
[2024-09-04T12:14:27.534+0000][377.363s][info ][safepoint     ] Entering safepoint region: G1CollectForAllocation
[2024-09-04T12:14:27.535+0000][377.364s][info ][gc,start      ] GC(79) Pause Young (Normal) (G1 Evacuation Pause)
[2024-09-04T12:14:27.535+0000][377.364s][info ][gc,task       ] GC(79) Using 4 workers of 4 for evacuation
[2024-09-04T12:14:27.545+0000][377.374s][info ][gc,phases     ] GC(79)   Pre Evacuate Collection Set: 0.0ms
[2024-09-04T12:14:27.545+0000][377.374s][info ][gc,phases     ] GC(79)   Evacuate Collection Set: 4.5ms
[2024-09-04T12:14:27.545+0000][377.374s][info ][gc,phases     ] GC(79)   Post Evacuate Collection Set: 4.7ms
[2024-09-04T12:14:27.545+0000][377.374s][info ][gc,phases     ] GC(79)   Other: 0.7ms
[2024-09-04T12:14:27.545+0000][377.374s][info ][gc,heap       ] GC(79) Eden regions: 193->0(192)
[2024-09-04T12:14:27.545+0000][377.374s][info ][gc,heap       ] GC(79) Survivor regions: 2->2(25)
[2024-09-04T12:14:27.545+0000][377.374s][info ][gc,heap       ] GC(79) Old regions: 170->171
[2024-09-04T12:14:27.545+0000][377.374s][info ][gc,heap       ] GC(79) Humongous regions: 0->0
[2024-09-04T12:14:27.545+0000][377.374s][info ][gc,metaspace  ] GC(79) Metaspace: 172116K(177904K)->172116K(177904K) NonClass: 152122K(155604K)->152122K(155604K) Class: 19993K(22300K)->19993K(22300K)
[2024-09-04T12:14:27.545+0000][377.374s][info ][gc            ] GC(79) Pause Young (Normal) (G1 Evacuation Pause) 363M->170M(412M) 10.061ms
[2024-09-04T12:14:27.545+0000][377.374s][info ][gc,cpu        ] GC(79) User=0.04s Sys=0.00s Real=0.01s
[2024-09-04T12:14:27.545+0000][377.374s][info ][safepoint     ] Leaving safepoint region
[2024-09-04T12:14:27.545+0000][377.374s][info ][safepoint     ] Total time for which application threads were stopped: 0.0112811 seconds, Stopping threads took: 0.0002190 seconds
[2024-09-04T12:14:27.546+0000][377.374s][info ][gc,stringdedup] Concurrent String Deduplication (377.374s)
[2024-09-04T12:14:27.546+0000][377.374s][info ][gc,stringdedup] Concurrent String Deduplication 0.0B->0.0B(0.0B) avg 54.6% (377.374s, 377.374s) 0.063ms
[2024-09-04T12:14:28.546+0000][378.374s][debug][safepoint     ] Safepoint synchronization initiated. (258 threads)
[2024-09-04T12:14:28.546+0000][378.374s][info ][safepoint     ] Application time: 1.0002219 seconds
[2024-09-04T12:14:28.546+0000][378.374s][info ][safepoint     ] Entering safepoint region: Cleanup
[2024-09-04T12:14:28.546+0000][378.375s][info ][safepoint     ] Leaving safepoint region
[2024-09-04T12:14:28.546+0000][378.375s][info ][safepoint     ] Total time for which application threads were stopped: 0.0006202 seconds, Stopping threads took: 0.0001812 seconds
[2024-09-04T12:14:29.546+0000][379.375s][debug][safepoint     ] Safepoint synchronization initiated. (258 threads)
[2024-09-04T12:14:29.546+0000][379.375s][info ][safepoint     ] Application time: 1.0002380 seconds
[2024-09-04T12:14:29.547+0000][379.375s][info ][safepoint     ] Entering safepoint region: Cleanup
[2024-09-04T12:14:29.547+0000][379.376s][info ][safepoint     ] Leaving safepoint region
[2024-09-04T12:14:29.547+0000][379.376s][info ][safepoint     ] Total time for which application threads were stopped: 0.0007093 seconds, Stopping threads took: 0.0001916 seconds
[2024-09-04T12:14:29.923+0000][379.752s][debug][safepoint     ] Safepoint synchronization initiated. (258 threads)
[2024-09-04T12:14:29.923+0000][379.752s][info ][safepoint     ] Application time: 0.3757946 seconds
[2024-09-04T12:14:29.923+0000][379.752s][info ][safepoint     ] Entering safepoint region: Deoptimize
[2024-09-04T12:14:29.927+0000][379.756s][info ][safepoint     ] Leaving safepoint region
[2024-09-04T12:14:29.927+0000][379.756s][info ][safepoint     ] Total time for which application threads were stopped: 0.0043185 seconds, Stopping threads took: 0.0001584 seconds
[2024-09-04T12:14:30.642+0000][380.470s][debug][safepoint     ] Safepoint synchronization initiated. (259 threads)
[2024-09-04T12:14:30.642+0000][380.470s][info ][safepoint     ] Application time: 0.7142626 seconds
[2024-09-04T12:14:30.642+0000][380.471s][info ][safepoint     ] Entering safepoint region: G1CollectForAllocation
[2024-09-04T12:14:30.642+0000][380.471s][info ][gc,start      ] GC(80) Pause Young (Concurrent Start) (G1 Humongous Allocation)
[2024-09-04T12:14:30.642+0000][380.471s][info ][gc,task       ] GC(80) Using 4 workers of 4 for evacuation
[2024-09-04T12:14:30.658+0000][380.486s][info ][gc,phases     ] GC(80)   Pre Evacuate Collection Set: 0.9ms
[2024-09-04T12:14:30.658+0000][380.486s][info ][gc,phases     ] GC(80)   Evacuate Collection Set: 9.0ms
[2024-09-04T12:14:30.658+0000][380.486s][info ][gc,phases     ] GC(80)   Post Evacuate Collection Set: 4.9ms
[2024-09-04T12:14:30.658+0000][380.487s][info ][gc,phases     ] GC(80)   Other: 0.6ms
[2024-09-04T12:14:30.658+0000][380.487s][info ][gc,heap       ] GC(80) Eden regions: 108->0(190)
[2024-09-04T12:14:30.658+0000][380.487s][info ][gc,heap       ] GC(80) Survivor regions: 2->3(25)
[2024-09-04T12:14:30.658+0000][380.487s][info ][gc,heap       ] GC(80) Old regions: 171->172
[2024-09-04T12:14:30.658+0000][380.487s][info ][gc,heap       ] GC(80) Humongous regions: 7->0
[2024-09-04T12:14:30.658+0000][380.487s][info ][gc,metaspace  ] GC(80) Metaspace: 173764K(179568K)->173764K(179568K) NonClass: 153602K(157140K)->153602K(157140K) Class: 20162K(22428K)->20162K(22428K)
[2024-09-04T12:14:30.658+0000][380.487s][info ][gc            ] GC(80) Pause Young (Concurrent Start) (G1 Humongous Allocation) 285M->172M(412M) 15.622ms
[2024-09-04T12:14:30.658+0000][380.487s][info ][gc,cpu        ] GC(80) User=0.05s Sys=0.00s Real=0.01s
[2024-09-04T12:14:30.658+0000][380.487s][info ][gc            ] GC(81) Concurrent Cycle
[2024-09-04T12:14:30.658+0000][380.487s][info ][gc,marking    ] GC(81) Concurrent Clear Claimed Marks
[2024-09-04T12:14:30.658+0000][380.487s][info ][safepoint     ] Leaving safepoint region
[2024-09-04T12:14:30.658+0000][380.487s][info ][safepoint     ] Total time for which application threads were stopped: 0.0164837 seconds, Stopping threads took: 0.0001474 seconds
[2024-09-04T12:14:30.658+0000][380.487s][info ][gc,stringdedup] Concurrent String Deduplication (380.487s)
[2024-09-04T12:14:30.658+0000][380.487s][info ][gc,marking    ] GC(81) Concurrent Clear Claimed Marks 0.191ms
[2024-09-04T12:14:30.658+0000][380.487s][info ][gc,marking    ] GC(81) Concurrent Scan Root Regions
[2024-09-04T12:14:30.659+0000][380.488s][info ][gc,stringdedup] Concurrent String Deduplication 101112.0B->2040.0B(99072.0B) avg 54.8% (380.487s, 380.488s) 0.782ms
[2024-09-04T12:14:30.663+0000][380.492s][info ][gc,marking    ] GC(81) Concurrent Scan Root Regions 4.485ms
[2024-09-04T12:14:30.663+0000][380.492s][info ][gc,marking    ] GC(81) Concurrent Mark (380.492s)
[2024-09-04T12:14:30.663+0000][380.492s][info ][gc,marking    ] GC(81) Concurrent Mark From Roots
[2024-09-04T12:14:30.663+0000][380.492s][info ][gc,task       ] GC(81) Using 1 workers of 1 for marking
[2024-09-04T12:14:31.061+0000][380.890s][info ][gc,marking    ] GC(81) Concurrent Mark From Roots 398.349ms
[2024-09-04T12:14:31.061+0000][380.890s][info ][gc,marking    ] GC(81) Concurrent Preclean
[2024-09-04T12:14:31.061+0000][380.890s][info ][gc,marking    ] GC(81) Concurrent Preclean 0.176ms
[2024-09-04T12:14:31.061+0000][380.890s][info ][gc,marking    ] GC(81) Concurrent Mark (380.492s, 380.890s) 398.617ms
[2024-09-04T12:14:31.061+0000][380.890s][debug][safepoint     ] Safepoint synchronization initiated. (259 threads)
[2024-09-04T12:14:31.062+0000][380.890s][info ][safepoint     ] Application time: 0.4033829 seconds
[2024-09-04T12:14:31.062+0000][380.891s][debug][safepoint     ] Waiting for 3 thread(s) to block
[2024-09-04T12:14:31.062+0000][380.891s][info ][safepoint     ] Entering safepoint region: CGC_Operation
[2024-09-04T12:14:31.063+0000][380.892s][info ][gc,start      ] GC(81) Pause Remark
[2024-09-04T12:14:31.134+0000][380.963s][info ][gc,stringtable] GC(81) Cleaned string and symbol table, strings: 85051 processed, 125 removed, symbols: 424868 processed, 267 removed
[2024-09-04T12:14:31.135+0000][380.964s][info ][gc            ] GC(81) Pause Remark 190M->190M(412M) 72.460ms
[2024-09-04T12:14:31.135+0000][380.964s][info ][gc,cpu        ] GC(81) User=0.25s Sys=0.00s Real=0.07s
[2024-09-04T12:14:31.136+0000][380.964s][info ][safepoint     ] Leaving safepoint region
[2024-09-04T12:14:31.136+0000][380.964s][info ][safepoint     ] Total time for which application threads were stopped: 0.0740687 seconds, Stopping threads took: 0.0008990 seconds
[2024-09-04T12:14:31.136+0000][380.964s][info ][gc,marking    ] GC(81) Concurrent Rebuild Remembered Sets
[2024-09-04T12:14:31.168+0000][380.997s][debug][safepoint     ] Safepoint synchronization initiated. (259 threads)
[2024-09-04T12:14:31.168+0000][380.997s][info ][safepoint     ] Application time: 0.0323162 seconds
[2024-09-04T12:14:31.168+0000][380.997s][debug][safepoint     ] ... found polling page return exception at pc = 0x00007ff4a0ef57a3, stub =0x00007ff498824b00
[2024-09-04T12:14:31.168+0000][380.997s][debug][safepoint     ] Waiting for 2 thread(s) to block
[2024-09-04T12:14:31.168+0000][380.997s][info ][safepoint     ] Entering safepoint region: Deoptimize
[2024-09-04T12:14:31.171+0000][381.000s][info ][safepoint     ] Leaving safepoint region
[2024-09-04T12:14:31.171+0000][381.000s][info ][safepoint     ] Total time for which application threads were stopped: 0.0032341 seconds, Stopping threads took: 0.0002432 seconds
[2024-09-04T12:14:31.263+0000][381.092s][debug][safepoint     ] Safepoint synchronization initiated. (259 threads)
[2024-09-04T12:14:31.263+0000][381.092s][info ][safepoint     ] Application time: 0.0920596 seconds
[2024-09-04T12:14:31.263+0000][381.092s][debug][safepoint     ] Waiting for 1 thread(s) to block
[2024-09-04T12:14:31.263+0000][381.092s][info ][safepoint     ] Entering safepoint region: ICBufferFull
[2024-09-04T12:14:31.264+0000][381.093s][info ][safepoint     ] Leaving safepoint region
[2024-09-04T12:14:31.264+0000][381.093s][info ][safepoint     ] Total time for which application threads were stopped: 0.0007598 seconds, Stopping threads took: 0.0002255 seconds
[2024-09-04T12:14:31.413+0000][381.241s][info ][gc,marking    ] GC(81) Concurrent Rebuild Remembered Sets 276.999ms
[2024-09-04T12:14:31.413+0000][381.242s][debug][safepoint     ] Safepoint synchronization initiated. (259 threads)
[2024-09-04T12:14:31.413+0000][381.242s][info ][safepoint     ] Application time: 0.1487979 seconds
[2024-09-04T12:14:31.413+0000][381.242s][info ][safepoint     ] Entering safepoint region: CGC_Operation
[2024-09-04T12:14:31.413+0000][381.242s][info ][gc,start      ] GC(81) Pause Cleanup
[2024-09-04T12:14:31.414+0000][381.243s][info ][gc            ] GC(81) Pause Cleanup 213M->213M(412M) 0.643ms
[2024-09-04T12:14:31.414+0000][381.243s][info ][gc,cpu        ] GC(81) User=0.00s Sys=0.01s Real=0.00s
[2024-09-04T12:14:31.414+0000][381.243s][info ][safepoint     ] Leaving safepoint region
[2024-09-04T12:14:31.414+0000][381.243s][info ][safepoint     ] Total time for which application threads were stopped: 0.0014581 seconds, Stopping threads took: 0.0001663 seconds
[2024-09-04T12:14:31.414+0000][381.243s][info ][gc,marking    ] GC(81) Concurrent Cleanup for Next Mark
[2024-09-04T12:14:31.419+0000][381.248s][info ][gc,marking    ] GC(81) Concurrent Cleanup for Next Mark 4.478ms
[2024-09-04T12:14:31.419+0000][381.248s][info ][gc            ] GC(81) Concurrent Cycle 760.899ms
[2024-09-04T12:14:32.414+0000][382.243s][debug][safepoint     ] Safepoint synchronization initiated. (258 threads)
[2024-09-04T12:14:32.415+0000][382.243s][info ][safepoint     ] Application time: 1.0002465 seconds
[2024-09-04T12:14:32.415+0000][382.244s][info ][safepoint     ] Entering safepoint region: Cleanup
[2024-09-04T12:14:32.415+0000][382.244s][info ][safepoint     ] Leaving safepoint region
[2024-09-04T12:14:32.415+0000][382.244s][info ][safepoint     ] Total time for which application threads were stopped: 0.0008864 seconds, Stopping threads took: 0.0002254 seconds
[2024-09-04T12:14:33.416+0000][383.244s][debug][safepoint     ] Safepoint synchronization initiated. (258 threads)
[2024-09-04T12:14:33.416+0000][383.245s][info ][safepoint     ] Application time: 1.0003285 seconds
[2024-09-04T12:14:33.416+0000][383.245s][debug][safepoint     ] ... found polling page return exception at pc = 0x00007ff4a03bfff2, stub =0x00007ff498824b00
[2024-09-04T12:14:33.416+0000][383.245s][debug][safepoint     ] Waiting for 1 thread(s) to block
[2024-09-04T12:14:33.416+0000][383.245s][info ][safepoint     ] Entering safepoint region: Cleanup
[2024-09-04T12:14:33.417+0000][383.245s][info ][safepoint     ] Leaving safepoint region
[2024-09-04T12:14:33.417+0000][383.245s][info ][safepoint     ] Total time for which application threads were stopped: 0.0007148 seconds, Stopping threads took: 0.0003498 seconds
[2024-09-04T12:14:34.417+0000][384.246s][debug][safepoint     ] Safepoint synchronization initiated. (258 threads)
[2024-09-04T12:14:34.417+0000][384.246s][info ][safepoint     ] Application time: 1.0003799 seconds
[2024-09-04T12:14:34.417+0000][384.246s][debug][safepoint     ] ... found polling page return exception at pc = 0x00007ff4a1161ee1, stub =0x00007ff498824b00
[2024-09-04T12:14:34.417+0000][384.246s][debug][safepoint     ] Waiting for 1 thread(s) to block
[2024-09-04T12:14:34.418+0000][384.246s][info ][safepoint     ] Entering safepoint region: Cleanup
[2024-09-04T12:14:34.418+0000][384.247s][info ][safepoint     ] Leaving safepoint region
[2024-09-04T12:14:34.418+0000][384.247s][info ][safepoint     ] Total time for which application threads were stopped: 0.0011655 seconds, Stopping threads took: 0.0005658 seconds
[2024-09-04T12:14:35.418+0000][385.247s][debug][safepoint     ] Safepoint synchronization initiated. (258 threads)
[2024-09-04T12:14:35.419+0000][385.247s][info ][safepoint     ] Application time: 1.0003417 seconds
[2024-09-04T12:14:35.419+0000][385.248s][info ][safepoint     ] Entering safepoint region: Cleanup
[2024-09-04T12:14:35.420+0000][385.248s][info ][safepoint     ] Leaving safepoint region
[2024-09-04T12:14:35.420+0000][385.248s][info ][safepoint     ] Total time for which application threads were stopped: 0.0011096 seconds, Stopping threads took: 0.0002764 seconds
[2024-09-04T12:14:36.420+0000][386.249s][debug][safepoint     ] Safepoint synchronization initiated. (258 threads)
[2024-09-04T12:14:36.420+0000][386.249s][info ][safepoint     ] Application time: 1.0002706 seconds
[2024-09-04T12:14:36.420+0000][386.249s][info ][safepoint     ] Entering safepoint region: Cleanup
[2024-09-04T12:14:36.421+0000][386.250s][info ][safepoint     ] Leaving safepoint region
[2024-09-04T12:14:36.421+0000][386.250s][info ][safepoint     ] Total time for which application threads were stopped: 0.0008884 seconds, Stopping threads took: 0.0002165 seconds
[2024-09-04T12:14:37.421+0000][387.250s][debug][safepoint     ] Safepoint synchronization initiated. (258 threads)
[2024-09-04T12:14:37.421+0000][387.250s][info ][safepoint     ] Application time: 1.0001827 seconds
[2024-09-04T12:14:37.421+0000][387.250s][info ][safepoint     ] Entering safepoint region: Cleanup
[2024-09-04T12:14:37.422+0000][387.251s][info ][safepoint     ] Leaving safepoint region
[2024-09-04T12:14:37.422+0000][387.251s][info ][safepoint     ] Total time for which application threads were stopped: 0.0006965 seconds, Stopping threads took: 0.0001685 seconds
[2024-09-04T12:14:38.422+0000][388.251s][debug][safepoint     ] Safepoint synchronization initiated. (258 threads)
[2024-09-04T12:14:38.422+0000][388.251s][info ][safepoint     ] Application time: 1.0003754 seconds
[2024-09-04T12:14:38.422+0000][388.251s][info ][safepoint     ] Entering safepoint region: Cleanup
[2024-09-04T12:14:38.423+0000][388.252s][info ][safepoint     ] Leaving safepoint region
[2024-09-04T12:14:38.423+0000][388.252s][info ][safepoint     ] Total time for which application threads were stopped: 0.0010874 seconds, Stopping threads took: 0.0001895 seconds
[2024-09-04T12:14:39.424+0000][389.252s][debug][safepoint     ] Safepoint synchronization initiated. (258 threads)
[2024-09-04T12:14:39.424+0000][389.252s][info ][safepoint     ] Application time: 1.0002910 seconds
[2024-09-04T12:14:39.424+0000][389.253s][info ][safepoint     ] Entering safepoint region: Cleanup
[2024-09-04T12:14:39.424+0000][389.253s][info ][safepoint     ] Leaving safepoint region
[2024-09-04T12:14:39.424+0000][389.253s][info ][safepoint     ] Total time for which application threads were stopped: 0.0007312 seconds, Stopping threads took: 0.0002424 seconds
[2024-09-04T12:14:40.425+0000][390.253s][debug][safepoint     ] Safepoint synchronization initiated. (258 threads)
[2024-09-04T12:14:40.425+0000][390.254s][info ][safepoint     ] Application time: 1.0003223 seconds
[2024-09-04T12:14:40.425+0000][390.254s][info ][safepoint     ] Entering safepoint region: Cleanup
[2024-09-04T12:14:40.426+0000][390.254s][info ][safepoint     ] Leaving safepoint region
[2024-09-04T12:14:40.426+0000][390.254s][info ][safepoint     ] Total time for which application threads were stopped: 0.0007808 seconds, Stopping threads took: 0.0002277 seconds
[2024-09-04T12:14:41.426+0000][391.255s][debug][safepoint     ] Safepoint synchronization initiated. (258 threads)
[2024-09-04T12:14:41.426+0000][391.255s][info ][safepoint     ] Application time: 1.0002359 seconds
[2024-09-04T12:14:41.426+0000][391.255s][info ][safepoint     ] Entering safepoint region: Cleanup
[2024-09-04T12:14:41.426+0000][391.255s][info ][safepoint     ] Leaving safepoint region
[2024-09-04T12:14:41.426+0000][391.255s][info ][safepoint     ] Total time for which application threads were stopped: 0.0004869 seconds, Stopping threads took: 0.0001577 seconds
[2024-09-04T12:14:42.427+0000][392.255s][debug][safepoint     ] Safepoint synchronization initiated. (258 threads)
[2024-09-04T12:14:42.427+0000][392.255s][info ][safepoint     ] Application time: 1.0002879 seconds
[2024-09-04T12:14:42.427+0000][392.256s][info ][safepoint     ] Entering safepoint region: Cleanup
[2024-09-04T12:14:42.427+0000][392.256s][info ][safepoint     ] Leaving safepoint region
[2024-09-04T12:14:42.427+0000][392.256s][info ][safepoint     ] Total time for which application threads were stopped: 0.0007461 seconds, Stopping threads took: 0.0002313 seconds
[2024-09-04T12:14:43.428+0000][393.256s][debug][safepoint     ] Safepoint synchronization initiated. (258 threads)
[2024-09-04T12:14:43.428+0000][393.256s][info ][safepoint     ] Application time: 1.0002202 seconds
[2024-09-04T12:14:43.428+0000][393.257s][debug][safepoint     ] ... found polling page return exception at pc = 0x00007ff4a12b5235, stub =0x00007ff498824b00
[2024-09-04T12:14:43.428+0000][393.257s][debug][safepoint     ] Waiting for 1 thread(s) to block
[2024-09-04T12:14:43.428+0000][393.257s][info ][safepoint     ] Entering safepoint region: Cleanup
[2024-09-04T12:14:43.429+0000][393.257s][info ][safepoint     ] Leaving safepoint region
[2024-09-04T12:14:43.429+0000][393.257s][info ][safepoint     ] Total time for which application threads were stopped: 0.0009502 seconds, Stopping threads took: 0.0004047 seconds
[2024-09-04T12:14:44.429+0000][394.258s][debug][safepoint     ] Safepoint synchronization initiated. (258 threads)
[2024-09-04T12:14:44.429+0000][394.258s][info ][safepoint     ] Application time: 1.0003985 seconds
[2024-09-04T12:14:44.429+0000][394.258s][info ][safepoint     ] Entering safepoint region: Cleanup
[2024-09-04T12:14:44.430+0000][394.259s][info ][safepoint     ] Leaving safepoint region
[2024-09-04T12:14:44.430+0000][394.259s][info ][safepoint     ] Total time for which application threads were stopped: 0.0006843 seconds, Stopping threads took: 0.0002700 seconds
[2024-09-04T12:14:45.430+0000][395.259s][debug][safepoint     ] Safepoint synchronization initiated. (258 threads)
[2024-09-04T12:14:45.430+0000][395.259s][info ][safepoint     ] Application time: 1.0002556 seconds
[2024-09-04T12:14:45.430+0000][395.259s][info ][safepoint     ] Entering safepoint region: Cleanup
[2024-09-04T12:14:45.431+0000][395.260s][info ][safepoint     ] Leaving safepoint region
[2024-09-04T12:14:45.431+0000][395.260s][info ][safepoint     ] Total time for which application threads were stopped: 0.0007550 seconds, Stopping threads took: 0.0002121 seconds
[2024-09-04T12:14:46.431+0000][396.260s][debug][safepoint     ] Safepoint synchronization initiated. (258 threads)
[2024-09-04T12:14:46.431+0000][396.260s][info ][safepoint     ] Application time: 1.0001828 seconds
[2024-09-04T12:14:46.431+0000][396.260s][info ][safepoint     ] Entering safepoint region: Cleanup
[2024-09-04T12:14:46.432+0000][396.260s][debug][safepoint     ] ... found polling page return exception at pc = 0x00007ff4a131ffd6, stub =0x00007ff498824b00
[2024-09-04T12:14:46.432+0000][396.260s][info ][safepoint     ] Leaving safepoint region
[2024-09-04T12:14:46.432+0000][396.260s][info ][safepoint     ] Total time for which application threads were stopped: 0.0006841 seconds, Stopping threads took: 0.0002099 seconds
[2024-09-04T12:14:47.432+0000][397.261s][debug][safepoint     ] Safepoint synchronization initiated. (258 threads)
[2024-09-04T12:14:47.432+0000][397.261s][info ][safepoint     ] Application time: 1.0002058 seconds
[2024-09-04T12:14:47.432+0000][397.261s][info ][safepoint     ] Entering safepoint region: Cleanup
[2024-09-04T12:14:47.433+0000][397.262s][info ][safepoint     ] Leaving safepoint region
[2024-09-04T12:14:47.433+0000][397.262s][info ][safepoint     ] Total time for which application threads were stopped: 0.0009474 seconds, Stopping threads took: 0.0001813 seconds
[2024-09-04T12:14:48.433+0000][398.262s][debug][safepoint     ] Safepoint synchronization initiated. (258 threads)
[2024-09-04T12:14:48.433+0000][398.262s][info ][safepoint     ] Application time: 1.0002975 seconds
[2024-09-04T12:14:48.433+0000][398.262s][info ][safepoint     ] Entering safepoint region: Cleanup
[2024-09-04T12:14:48.434+0000][398.263s][info ][safepoint     ] Leaving safepoint region
[2024-09-04T12:14:48.434+0000][398.263s][info ][safepoint     ] Total time for which application threads were stopped: 0.0007130 seconds, Stopping threads took: 0.0002408 seconds
[2024-09-04T12:14:49.434+0000][399.263s][debug][safepoint     ] Safepoint synchronization initiated. (258 threads)
[2024-09-04T12:14:49.434+0000][399.263s][info ][safepoint     ] Application time: 1.0002615 seconds
[2024-09-04T12:14:49.434+0000][399.263s][info ][safepoint     ] Entering safepoint region: Cleanup
[2024-09-04T12:14:49.435+0000][399.264s][info ][safepoint     ] Leaving safepoint region
[2024-09-04T12:14:49.435+0000][399.264s][info ][safepoint     ] Total time for which application threads were stopped: 0.0007745 seconds, Stopping threads took: 0.0001998 seconds
[2024-09-04T12:14:50.435+0000][400.264s][debug][safepoint     ] Safepoint synchronization initiated. (258 threads)
[2024-09-04T12:14:50.435+0000][400.264s][info ][safepoint     ] Application time: 1.0003536 seconds
[2024-09-04T12:14:50.436+0000][400.264s][info ][safepoint     ] Entering safepoint region: Cleanup
[2024-09-04T12:14:50.436+0000][400.265s][info ][safepoint     ] Leaving safepoint region
[2024-09-04T12:14:50.436+0000][400.265s][info ][safepoint     ] Total time for which application threads were stopped: 0.0008847 seconds, Stopping threads took: 0.0002212 seconds
[2024-09-04T12:14:51.437+0000][401.265s][debug][safepoint     ] Safepoint synchronization initiated. (258 threads)
[2024-09-04T12:14:51.437+0000][401.266s][info ][safepoint     ] Application time: 1.0003691 seconds
[2024-09-04T12:14:51.437+0000][401.266s][info ][safepoint     ] Entering safepoint region: Cleanup
[2024-09-04T12:14:51.438+0000][401.267s][info ][safepoint     ] Leaving safepoint region
[2024-09-04T12:14:51.438+0000][401.267s][info ][safepoint     ] Total time for which application threads were stopped: 0.0010042 seconds, Stopping threads took: 0.0002533 seconds
[2024-09-04T12:14:52.438+0000][402.267s][debug][safepoint     ] Safepoint synchronization initiated. (258 threads)
[2024-09-04T12:14:52.438+0000][402.267s][info ][safepoint     ] Application time: 1.0002387 seconds
[2024-09-04T12:14:52.438+0000][402.267s][debug][safepoint     ] ... found polling page return exception at pc = 0x00007ff4a123816a, stub =0x00007ff498824b00
[2024-09-04T12:14:52.438+0000][402.267s][debug][safepoint     ] Waiting for 1 thread(s) to block
[2024-09-04T12:14:52.438+0000][402.267s][info ][safepoint     ] Entering safepoint region: Cleanup
[2024-09-04T12:14:52.439+0000][402.268s][info ][safepoint     ] Leaving safepoint region
[2024-09-04T12:14:52.439+0000][402.268s][info ][safepoint     ] Total time for which application threads were stopped: 0.0011452 seconds, Stopping threads took: 0.0004193 seconds
[2024-09-04T12:14:52.439+0000][402.268s][debug][safepoint     ] ... found polling page return exception at pc = 0x00007ff4a131ffd6, stub =0x00007ff498824b00
[2024-09-04T12:14:53.439+0000][403.268s][debug][safepoint     ] Safepoint synchronization initiated. (258 threads)
[2024-09-04T12:14:53.439+0000][403.268s][info ][safepoint     ] Application time: 1.0002098 seconds
[2024-09-04T12:14:53.440+0000][403.269s][debug][safepoint     ] ... found polling page return exception at pc = 0x00007ff4a125d43c, stub =0x00007ff498824b00
[2024-09-04T12:14:53.440+0000][403.269s][debug][safepoint     ] Waiting for 1 thread(s) to block
[2024-09-04T12:14:53.440+0000][403.269s][info ][safepoint     ] Entering safepoint region: Cleanup
[2024-09-04T12:14:53.441+0000][403.270s][info ][safepoint     ] Leaving safepoint region
[2024-09-04T12:14:53.441+0000][403.270s][info ][safepoint     ] Total time for which application threads were stopped: 0.0013627 seconds, Stopping threads took: 0.0005340 seconds
[2024-09-04T12:14:54.441+0000][404.270s][debug][safepoint     ] Safepoint synchronization initiated. (258 threads)
[2024-09-04T12:14:54.441+0000][404.270s][info ][safepoint     ] Application time: 1.0002543 seconds
[2024-09-04T12:14:54.441+0000][404.270s][info ][safepoint     ] Entering safepoint region: Cleanup
[2024-09-04T12:14:54.442+0000][404.271s][info ][safepoint     ] Leaving safepoint region
[2024-09-04T12:14:54.442+0000][404.271s][info ][safepoint     ] Total time for which application threads were stopped: 0.0006666 seconds, Stopping threads took: 0.0001604 seconds
[2024-09-04T12:14:55.442+0000][405.271s][debug][safepoint     ] Safepoint synchronization initiated. (258 threads)
[2024-09-04T12:14:55.442+0000][405.271s][info ][safepoint     ] Application time: 1.0001587 seconds
[2024-09-04T12:14:55.442+0000][405.271s][info ][safepoint     ] Entering safepoint region: Cleanup
[2024-09-04T12:14:55.443+0000][405.271s][info ][safepoint     ] Leaving safepoint region
[2024-09-04T12:14:55.443+0000][405.271s][info ][safepoint     ] Total time for which application threads were stopped: 0.0005338 seconds, Stopping threads took: 0.0001592 seconds
[2024-09-04T12:14:56.223+0000][406.051s][debug][safepoint     ] Safepoint synchronization initiated. (258 threads)
[2024-09-04T12:14:56.223+0000][406.052s][info ][safepoint     ] Application time: 0.7801949 seconds
[2024-09-04T12:14:56.223+0000][406.052s][debug][safepoint     ] ... found polling page return exception at pc = 0x00007ff4a0ca7143, stub =0x00007ff498824b00
[2024-09-04T12:14:56.223+0000][406.052s][debug][safepoint     ] ... found polling page return exception at pc = 0x00007ff4a03bfff2, stub =0x00007ff498824b00
[2024-09-04T12:14:56.223+0000][406.052s][debug][safepoint     ] Waiting for 3 thread(s) to block
[2024-09-04T12:14:56.224+0000][406.052s][info ][safepoint     ] Entering safepoint region: G1CollectForAllocation
[2024-09-04T12:14:56.224+0000][406.053s][info ][gc,start      ] GC(82) Pause Young (Prepare Mixed) (G1 Evacuation Pause)
[2024-09-04T12:14:56.224+0000][406.053s][info ][gc,task       ] GC(82) Using 4 workers of 4 for evacuation
[2024-09-04T12:14:56.236+0000][406.065s][info ][gc,phases     ] GC(82)   Pre Evacuate Collection Set: 0.0ms
[2024-09-04T12:14:56.236+0000][406.065s][info ][gc,phases     ] GC(82)   Evacuate Collection Set: 6.9ms
[2024-09-04T12:14:56.236+0000][406.065s][info ][gc,phases     ] GC(82)   Post Evacuate Collection Set: 5.0ms
[2024-09-04T12:14:56.236+0000][406.065s][info ][gc,phases     ] GC(82)   Other: 0.5ms
[2024-09-04T12:14:56.236+0000][406.065s][info ][gc,heap       ] GC(82) Eden regions: 190->0(17)
[2024-09-04T12:14:56.236+0000][406.065s][info ][gc,heap       ] GC(82) Survivor regions: 3->3(25)
[2024-09-04T12:14:56.236+0000][406.065s][info ][gc,heap       ] GC(82) Old regions: 172->172
[2024-09-04T12:14:56.236+0000][406.065s][info ][gc,heap       ] GC(82) Humongous regions: 11->0
[2024-09-04T12:14:56.236+0000][406.065s][info ][gc,metaspace  ] GC(82) Metaspace: 173801K(179952K)->173801K(179952K) NonClass: 153675K(157396K)->153675K(157396K) Class: 20125K(22556K)->20125K(22556K)
[2024-09-04T12:14:56.237+0000][406.065s][info ][gc            ] GC(82) Pause Young (Prepare Mixed) (G1 Evacuation Pause) 373M->172M(412M) 12.656ms
[2024-09-04T12:14:56.237+0000][406.065s][info ][gc,cpu        ] GC(82) User=0.04s Sys=0.00s Real=0.01s
[2024-09-04T12:14:56.237+0000][406.065s][info ][safepoint     ] Leaving safepoint region
[2024-09-04T12:14:56.237+0000][406.066s][info ][safepoint     ] Total time for which application threads were stopped: 0.0139452 seconds, Stopping threads took: 0.0007498 seconds
[2024-09-04T12:14:56.237+0000][406.066s][info ][gc,stringdedup] Concurrent String Deduplication (406.066s)
[2024-09-04T12:14:56.237+0000][406.066s][info ][gc,stringdedup] Concurrent String Deduplication 7192.0B->72.0B(7120.0B) avg 54.8% (406.066s, 406.066s) 0.116ms
[2024-09-04T12:14:57.237+0000][407.066s][debug][safepoint     ] Safepoint synchronization initiated. (258 threads)
[2024-09-04T12:14:57.237+0000][407.066s][info ][safepoint     ] Application time: 1.0002982 seconds
[2024-09-04T12:14:57.237+0000][407.066s][info ][safepoint     ] Entering safepoint region: Cleanup
[2024-09-04T12:14:57.238+0000][407.067s][info ][safepoint     ] Leaving safepoint region
[2024-09-04T12:14:57.238+0000][407.067s][info ][safepoint     ] Total time for which application threads were stopped: 0.0011815 seconds, Stopping threads took: 0.0001969 seconds
[2024-09-04T12:14:58.239+0000][408.067s][debug][safepoint     ] Safepoint synchronization initiated. (258 threads)
[2024-09-04T12:14:58.239+0000][408.067s][info ][safepoint     ] Application time: 1.0002970 seconds
[2024-09-04T12:14:58.239+0000][408.068s][info ][safepoint     ] Entering safepoint region: Cleanup
[2024-09-04T12:14:58.239+0000][408.068s][info ][safepoint     ] Leaving safepoint region
[2024-09-04T12:14:58.239+0000][408.068s][info ][safepoint     ] Total time for which application threads were stopped: 0.0008283 seconds, Stopping threads took: 0.0001706 seconds
[2024-09-04T12:14:58.509+0000][408.338s][debug][safepoint     ] Safepoint synchronization initiated. (258 threads)
[2024-09-04T12:14:58.509+0000][408.338s][info ][safepoint     ] Application time: 0.2698818 seconds
[2024-09-04T12:14:58.510+0000][408.338s][debug][safepoint     ] ... found polling page return exception at pc = 0x00007ff4a0c6df9d, stub =0x00007ff498824b00
[2024-09-04T12:14:58.510+0000][408.338s][debug][safepoint     ] ... found polling page return exception at pc = 0x00007ff4a0ee1b9f, stub =0x00007ff498824b00
[2024-09-04T12:14:58.510+0000][408.338s][debug][safepoint     ] ... found polling page loop exception at pc = 0x00007ff49b70b7fe, stub =0x00007ff498826680
[2024-09-04T12:14:58.510+0000][408.339s][debug][safepoint     ] Waiting for 3 thread(s) to block
[2024-09-04T12:14:58.510+0000][408.339s][info ][safepoint     ] Entering safepoint region: G1CollectForAllocation
[2024-09-04T12:14:58.511+0000][408.339s][info ][gc,start      ] GC(83) Pause Young (Mixed) (G1 Evacuation Pause)
[2024-09-04T12:14:58.511+0000][408.339s][info ][gc,task       ] GC(83) Using 4 workers of 4 for evacuation
[2024-09-04T12:14:58.531+0000][408.360s][info ][gc,phases     ] GC(83)   Pre Evacuate Collection Set: 0.2ms
[2024-09-04T12:14:58.531+0000][408.360s][info ][gc,phases     ] GC(83)   Evacuate Collection Set: 14.7ms
[2024-09-04T12:14:58.531+0000][408.360s][info ][gc,phases     ] GC(83)   Post Evacuate Collection Set: 4.7ms
[2024-09-04T12:14:58.531+0000][408.360s][info ][gc,phases     ] GC(83)   Other: 0.8ms
[2024-09-04T12:14:58.531+0000][408.360s][info ][gc,heap       ] GC(83) Eden regions: 17->0(194)
[2024-09-04T12:14:58.531+0000][408.360s][info ][gc,heap       ] GC(83) Survivor regions: 3->1(3)
[2024-09-04T12:14:58.531+0000][408.360s][info ][gc,heap       ] GC(83) Old regions: 172->169
[2024-09-04T12:14:58.531+0000][408.360s][info ][gc,heap       ] GC(83) Humongous regions: 0->0
[2024-09-04T12:14:58.531+0000][408.360s][info ][gc,metaspace  ] GC(83) Metaspace: 173806K(179952K)->173806K(179952K) NonClass: 153680K(157396K)->153680K(157396K) Class: 20125K(22556K)->20125K(22556K)
[2024-09-04T12:14:58.531+0000][408.360s][info ][gc            ] GC(83) Pause Young (Mixed) (G1 Evacuation Pause) 189M->167M(412M) 20.588ms
[2024-09-04T12:14:58.531+0000][408.360s][info ][gc,cpu        ] GC(83) User=0.07s Sys=0.00s Real=0.02s
[2024-09-04T12:14:58.531+0000][408.360s][info ][safepoint     ] Leaving safepoint region
[2024-09-04T12:14:58.531+0000][408.360s][info ][safepoint     ] Total time for which application threads were stopped: 0.0219637 seconds, Stopping threads took: 0.0007204 seconds
[2024-09-04T12:14:58.531+0000][408.360s][info ][gc,stringdedup] Concurrent String Deduplication (408.360s)
[2024-09-04T12:14:58.533+0000][408.361s][info ][gc,stringdedup] Concurrent String Deduplication 129.2K->44152.0B(88136.0B) avg 54.9% (408.360s, 408.361s) 1.194ms
[2024-09-04T12:14:59.532+0000][409.360s][debug][safepoint     ] Safepoint synchronization initiated. (256 threads)
[2024-09-04T12:14:59.532+0000][409.360s][info ][safepoint     ] Application time: 1.0003553 seconds
[2024-09-04T12:14:59.532+0000][409.361s][info ][safepoint     ] Entering safepoint region: Cleanup
[2024-09-04T12:14:59.533+0000][409.361s][info ][safepoint     ] Leaving safepoint region
[2024-09-04T12:14:59.533+0000][409.361s][info ][safepoint     ] Total time for which application threads were stopped: 0.0009620 seconds, Stopping threads took: 0.0002520 seconds
[2024-09-04T12:15:00.533+0000][410.362s][debug][safepoint     ] Safepoint synchronization initiated. (256 threads)
[2024-09-04T12:15:00.533+0000][410.362s][info ][safepoint     ] Application time: 1.0002636 seconds
[2024-09-04T12:15:00.533+0000][410.362s][info ][safepoint     ] Entering safepoint region: Cleanup
[2024-09-04T12:15:00.534+0000][410.363s][info ][safepoint     ] Leaving safepoint region
[2024-09-04T12:15:00.534+0000][410.363s][info ][safepoint     ] Total time for which application threads were stopped: 0.0007779 seconds, Stopping threads took: 0.0002019 seconds
[2024-09-04T12:15:01.534+0000][411.363s][debug][safepoint     ] Safepoint synchronization initiated. (256 threads)
[2024-09-04T12:15:01.534+0000][411.363s][info ][safepoint     ] Application time: 1.0002694 seconds
[2024-09-04T12:15:01.534+0000][411.363s][debug][safepoint     ] Waiting for 1 thread(s) to block
[2024-09-04T12:15:01.534+0000][411.363s][info ][safepoint     ] Entering safepoint region: Cleanup
[2024-09-04T12:15:01.535+0000][411.364s][info ][safepoint     ] Leaving safepoint region
[2024-09-04T12:15:01.535+0000][411.364s][info ][safepoint     ] Total time for which application threads were stopped: 0.0010165 seconds, Stopping threads took: 0.0003503 seconds
[2024-09-04T12:15:02.535+0000][412.364s][debug][safepoint     ] Safepoint synchronization initiated. (257 threads)
[2024-09-04T12:15:02.535+0000][412.364s][info ][safepoint     ] Application time: 1.0001495 seconds
[2024-09-04T12:15:02.535+0000][412.364s][debug][safepoint     ] Waiting for 1 thread(s) to block
[2024-09-04T12:15:02.536+0000][412.364s][info ][safepoint     ] Entering safepoint region: Cleanup
[2024-09-04T12:15:02.536+0000][412.365s][info ][safepoint     ] Leaving safepoint region
[2024-09-04T12:15:02.536+0000][412.365s][info ][safepoint     ] Total time for which application threads were stopped: 0.0007513 seconds, Stopping threads took: 0.0002184 seconds
[2024-09-04T12:15:02.867+0000][412.695s][debug][safepoint     ] Safepoint synchronization initiated. (256 threads)
[2024-09-04T12:15:02.867+0000][412.695s][info ][safepoint     ] Application time: 0.3305392 seconds
[2024-09-04T12:15:02.867+0000][412.696s][info ][safepoint     ] Entering safepoint region: Deoptimize
[2024-09-04T12:15:02.871+0000][412.700s][info ][safepoint     ] Leaving safepoint region
[2024-09-04T12:15:02.871+0000][412.700s][info ][safepoint     ] Total time for which application threads were stopped: 0.0045225 seconds, Stopping threads took: 0.0001500 seconds
[2024-09-04T12:15:02.913+0000][412.741s][debug][safepoint     ] Safepoint synchronization initiated. (256 threads)
[2024-09-04T12:15:02.913+0000][412.741s][info ][safepoint     ] Application time: 0.0414026 seconds
[2024-09-04T12:15:02.913+0000][412.741s][info ][safepoint     ] Entering safepoint region: Deoptimize
[2024-09-04T12:15:02.915+0000][412.744s][debug][safepoint     ] ... found polling page return exception at pc = 0x00007ff4a131ffd6, stub =0x00007ff498824b00
[2024-09-04T12:15:02.915+0000][412.744s][info ][safepoint     ] Leaving safepoint region
[2024-09-04T12:15:02.916+0000][412.744s][info ][safepoint     ] Total time for which application threads were stopped: 0.0029456 seconds, Stopping threads took: 0.0001210 seconds
[2024-09-04T12:15:02.916+0000][412.745s][debug][safepoint     ] Safepoint synchronization initiated. (256 threads)
[2024-09-04T12:15:02.916+0000][412.745s][info ][safepoint     ] Application time: 0.0005456 seconds
[2024-09-04T12:15:02.916+0000][412.745s][debug][safepoint     ] Waiting for 1 thread(s) to block
[2024-09-04T12:15:02.916+0000][412.745s][info ][safepoint     ] Entering safepoint region: Deoptimize
[2024-09-04T12:15:02.917+0000][412.746s][info ][safepoint     ] Leaving safepoint region
[2024-09-04T12:15:02.917+0000][412.746s][info ][safepoint     ] Total time for which application threads were stopped: 0.0010728 seconds, Stopping threads took: 0.0000833 seconds
[2024-09-04T12:15:02.922+0000][412.750s][debug][safepoint     ] Safepoint synchronization initiated. (256 threads)
[2024-09-04T12:15:02.922+0000][412.750s][info ][safepoint     ] Application time: 0.0042827 seconds
[2024-09-04T12:15:02.922+0000][412.750s][debug][safepoint     ] ... found polling page return exception at pc = 0x00007ff4a0b2d88a, stub =0x00007ff498824b00
[2024-09-04T12:15:02.922+0000][412.750s][debug][safepoint     ] Waiting for 2 thread(s) to block
[2024-09-04T12:15:02.922+0000][412.751s][info ][safepoint     ] Entering safepoint region: Deoptimize
[2024-09-04T12:15:02.923+0000][412.752s][info ][safepoint     ] Leaving safepoint region
[2024-09-04T12:15:02.923+0000][412.752s][info ][safepoint     ] Total time for which application threads were stopped: 0.0014673 seconds, Stopping threads took: 0.0002041 seconds
[2024-09-04T12:15:03.029+0000][412.858s][debug][safepoint     ] Safepoint synchronization initiated. (257 threads)
[2024-09-04T12:15:03.029+0000][412.858s][info ][safepoint     ] Application time: 0.1058463 seconds
[2024-09-04T12:15:03.029+0000][412.858s][info ][safepoint     ] Entering safepoint region: Deoptimize
[2024-09-04T12:15:03.033+0000][412.862s][info ][safepoint     ] Leaving safepoint region
[2024-09-04T12:15:03.033+0000][412.862s][info ][safepoint     ] Total time for which application threads were stopped: 0.0041253 seconds, Stopping threads took: 0.0001377 seconds
[2024-09-04T12:15:03.041+0000][412.869s][debug][safepoint     ] Safepoint synchronization initiated. (257 threads)
[2024-09-04T12:15:03.041+0000][412.870s][info ][safepoint     ] Application time: 0.0076310 seconds
[2024-09-04T12:15:03.041+0000][412.870s][info ][safepoint     ] Entering safepoint region: Deoptimize
[2024-09-04T12:15:03.043+0000][412.871s][info ][safepoint     ] Leaving safepoint region
[2024-09-04T12:15:03.043+0000][412.871s][info ][safepoint     ] Total time for which application threads were stopped: 0.0017972 seconds, Stopping threads took: 0.0001095 seconds
[2024-09-04T12:15:03.073+0000][412.902s][debug][safepoint     ] Safepoint synchronization initiated. (257 threads)
[2024-09-04T12:15:03.073+0000][412.902s][info ][safepoint     ] Application time: 0.0307246 seconds
[2024-09-04T12:15:03.073+0000][412.902s][info ][safepoint     ] Entering safepoint region: Deoptimize
[2024-09-04T12:15:03.076+0000][412.905s][info ][safepoint     ] Leaving safepoint region
[2024-09-04T12:15:03.076+0000][412.905s][info ][safepoint     ] Total time for which application threads were stopped: 0.0025508 seconds, Stopping threads took: 0.0001294 seconds
[2024-09-04T12:15:03.637+0000][413.466s][debug][safepoint     ] Safepoint synchronization initiated. (257 threads)
[2024-09-04T12:15:03.638+0000][413.466s][info ][safepoint     ] Application time: 0.5616333 seconds
[2024-09-04T12:15:03.638+0000][413.466s][debug][safepoint     ] Waiting for 3 thread(s) to block
[2024-09-04T12:15:03.638+0000][413.467s][info ][safepoint     ] Entering safepoint region: ICBufferFull
[2024-09-04T12:15:03.638+0000][413.467s][info ][safepoint     ] Leaving safepoint region
[2024-09-04T12:15:03.638+0000][413.467s][info ][safepoint     ] Total time for which application threads were stopped: 0.0007374 seconds, Stopping threads took: 0.0002472 seconds
[2024-09-04T12:15:03.943+0000][413.771s][debug][safepoint     ] Safepoint synchronization initiated. (257 threads)
[2024-09-04T12:15:03.943+0000][413.771s][info ][safepoint     ] Application time: 0.3043538 seconds
[2024-09-04T12:15:03.943+0000][413.772s][debug][safepoint     ] ... found polling page return exception at pc = 0x00007ff4a053a98d, stub =0x00007ff498824b00
[2024-09-04T12:15:03.943+0000][413.772s][debug][safepoint     ] ... found polling page return exception at pc = 0x00007ff4a0549bab, stub =0x00007ff498824b00
[2024-09-04T12:15:03.943+0000][413.772s][debug][safepoint     ] Waiting for 6 thread(s) to block
[2024-09-04T12:15:03.943+0000][413.772s][info ][safepoint     ] Entering safepoint region: G1CollectForAllocation
[2024-09-04T12:15:03.944+0000][413.773s][info ][gc,start      ] GC(84) Pause Young (Normal) (G1 Evacuation Pause)
[2024-09-04T12:15:03.944+0000][413.773s][info ][gc,task       ] GC(84) Using 4 workers of 4 for evacuation
[2024-09-04T12:15:03.960+0000][413.789s][info ][gc,phases     ] GC(84)   Pre Evacuate Collection Set: 0.1ms
[2024-09-04T12:15:03.960+0000][413.789s][info ][gc,phases     ] GC(84)   Evacuate Collection Set: 10.1ms
[2024-09-04T12:15:03.960+0000][413.789s][info ][gc,phases     ] GC(84)   Post Evacuate Collection Set: 5.2ms
[2024-09-04T12:15:03.960+0000][413.789s][info ][gc,phases     ] GC(84)   Other: 0.5ms
[2024-09-04T12:15:03.960+0000][413.789s][info ][gc,heap       ] GC(84) Eden regions: 194->0(191)
[2024-09-04T12:15:03.960+0000][413.789s][info ][gc,heap       ] GC(84) Survivor regions: 1->4(25)
[2024-09-04T12:15:03.960+0000][413.789s][info ][gc,heap       ] GC(84) Old regions: 169->169
[2024-09-04T12:15:03.960+0000][413.789s][info ][gc,heap       ] GC(84) Humongous regions: 1->0
[2024-09-04T12:15:03.960+0000][413.789s][info ][gc,metaspace  ] GC(84) Metaspace: 178345K(184432K)->178345K(184432K) NonClass: 157682K(161492K)->157682K(161492K) Class: 20663K(22940K)->20663K(22940K)
[2024-09-04T12:15:03.960+0000][413.789s][info ][gc            ] GC(84) Pause Young (Normal) (G1 Evacuation Pause) 362M->170M(412M) 16.106ms
[2024-09-04T12:15:03.960+0000][413.789s][info ][gc,cpu        ] GC(84) User=0.06s Sys=0.00s Real=0.01s
[2024-09-04T12:15:03.960+0000][413.789s][info ][safepoint     ] Leaving safepoint region
[2024-09-04T12:15:03.960+0000][413.789s][info ][safepoint     ] Total time for which application threads were stopped: 0.0174762 seconds, Stopping threads took: 0.0006211 seconds
[2024-09-04T12:15:03.960+0000][413.789s][info ][gc,stringdedup] Concurrent String Deduplication (413.789s)
[2024-09-04T12:15:03.961+0000][413.790s][info ][gc,stringdedup] Concurrent String Deduplication 102.8K->57584.0B(47728.0B) avg 54.8% (413.789s, 413.790s) 1.173ms
[2024-09-04T12:15:04.357+0000][414.185s][debug][safepoint     ] Safepoint synchronization initiated. (265 threads)
[2024-09-04T12:15:04.357+0000][414.186s][info ][safepoint     ] Application time: 0.3966034 seconds
[2024-09-04T12:15:04.358+0000][414.186s][debug][safepoint     ] Waiting for 1 thread(s) to block
[2024-09-04T12:15:04.358+0000][414.186s][info ][safepoint     ] Entering safepoint region: ICBufferFull
[2024-09-04T12:15:04.358+0000][414.187s][info ][safepoint     ] Leaving safepoint region
[2024-09-04T12:15:04.358+0000][414.187s][info ][safepoint     ] Total time for which application threads were stopped: 0.0013904 seconds, Stopping threads took: 0.0008065 seconds
[2024-09-04T12:15:05.358+0000][415.187s][debug][safepoint     ] Safepoint synchronization initiated. (267 threads)
[2024-09-04T12:15:05.358+0000][415.187s][info ][safepoint     ] Application time: 1.0002173 seconds
[2024-09-04T12:15:05.359+0000][415.187s][info ][safepoint     ] Entering safepoint region: Cleanup
[2024-09-04T12:15:05.359+0000][415.188s][info ][safepoint     ] Leaving safepoint region
[2024-09-04T12:15:05.360+0000][415.188s][info ][safepoint     ] Total time for which application threads were stopped: 0.0010735 seconds, Stopping threads took: 0.0002088 seconds
[2024-09-04T12:15:06.360+0000][416.189s][debug][safepoint     ] Safepoint synchronization initiated. (267 threads)
[2024-09-04T12:15:06.360+0000][416.189s][info ][safepoint     ] Application time: 1.0003259 seconds
[2024-09-04T12:15:06.360+0000][416.189s][info ][safepoint     ] Entering safepoint region: Cleanup
[2024-09-04T12:15:06.361+0000][416.189s][info ][safepoint     ] Leaving safepoint region
[2024-09-04T12:15:06.361+0000][416.190s][info ][safepoint     ] Total time for which application threads were stopped: 0.0008750 seconds, Stopping threads took: 0.0002177 seconds
[2024-09-04T12:15:07.361+0000][417.190s][debug][safepoint     ] Safepoint synchronization initiated. (267 threads)
[2024-09-04T12:15:07.361+0000][417.190s][info ][safepoint     ] Application time: 1.0003053 seconds
[2024-09-04T12:15:07.361+0000][417.190s][info ][safepoint     ] Entering safepoint region: Cleanup
[2024-09-04T12:15:07.362+0000][417.191s][info ][safepoint     ] Leaving safepoint region
[2024-09-04T12:15:07.362+0000][417.191s][info ][safepoint     ] Total time for which application threads were stopped: 0.0008953 seconds, Stopping threads took: 0.0002077 seconds
[2024-09-04T12:15:08.362+0000][418.191s][debug][safepoint     ] Safepoint synchronization initiated. (267 threads)
[2024-09-04T12:15:08.362+0000][418.191s][info ][safepoint     ] Application time: 1.0002897 seconds
[2024-09-04T12:15:08.363+0000][418.191s][info ][safepoint     ] Entering safepoint region: Cleanup
[2024-09-04T12:15:08.363+0000][418.192s][info ][safepoint     ] Leaving safepoint region
[2024-09-04T12:15:08.363+0000][418.192s][info ][safepoint     ] Total time for which application threads were stopped: 0.0008137 seconds, Stopping threads took: 0.0002220 seconds
[2024-09-04T12:15:09.363+0000][419.192s][debug][safepoint     ] Safepoint synchronization initiated. (267 threads)
[2024-09-04T12:15:09.363+0000][419.192s][info ][safepoint     ] Application time: 1.0002377 seconds
[2024-09-04T12:15:09.364+0000][419.192s][info ][safepoint     ] Entering safepoint region: Cleanup
[2024-09-04T12:15:09.364+0000][419.193s][info ][safepoint     ] Leaving safepoint region
[2024-09-04T12:15:09.364+0000][419.193s][info ][safepoint     ] Total time for which application threads were stopped: 0.0006846 seconds, Stopping threads took: 0.0001871 seconds
[2024-09-04T12:15:10.364+0000][420.193s][debug][safepoint     ] Safepoint synchronization initiated. (268 threads)
[2024-09-04T12:15:10.364+0000][420.193s][info ][safepoint     ] Application time: 1.0002817 seconds
[2024-09-04T12:15:10.365+0000][420.193s][info ][safepoint     ] Entering safepoint region: Cleanup
[2024-09-04T12:15:10.365+0000][420.194s][info ][safepoint     ] Leaving safepoint region
[2024-09-04T12:15:10.366+0000][420.194s][info ][safepoint     ] Total time for which application threads were stopped: 0.0010625 seconds, Stopping threads took: 0.0001749 seconds
[2024-09-04T12:15:11.366+0000][421.194s][debug][safepoint     ] Safepoint synchronization initiated. (267 threads)
[2024-09-04T12:15:11.366+0000][421.195s][info ][safepoint     ] Application time: 1.0002652 seconds
[2024-09-04T12:15:11.366+0000][421.195s][info ][safepoint     ] Entering safepoint region: Cleanup
[2024-09-04T12:15:11.367+0000][421.196s][info ][safepoint     ] Leaving safepoint region
[2024-09-04T12:15:11.367+0000][421.196s][info ][safepoint     ] Total time for which application threads were stopped: 0.0010814 seconds, Stopping threads took: 0.0002475 seconds
[2024-09-04T12:15:12.367+0000][422.196s][debug][safepoint     ] Safepoint synchronization initiated. (267 threads)
[2024-09-04T12:15:12.367+0000][422.196s][info ][safepoint     ] Application time: 1.0002827 seconds
[2024-09-04T12:15:12.367+0000][422.196s][info ][safepoint     ] Entering safepoint region: Cleanup
[2024-09-04T12:15:12.368+0000][422.197s][info ][safepoint     ] Leaving safepoint region
[2024-09-04T12:15:12.368+0000][422.197s][info ][safepoint     ] Total time for which application threads were stopped: 0.0007625 seconds, Stopping threads took: 0.0001889 seconds
[2024-09-04T12:15:13.368+0000][423.197s][debug][safepoint     ] Safepoint synchronization initiated. (268 threads)
[2024-09-04T12:15:13.368+0000][423.197s][info ][safepoint     ] Application time: 1.0002709 seconds
[2024-09-04T12:15:13.369+0000][423.197s][info ][safepoint     ] Entering safepoint region: Cleanup
[2024-09-04T12:15:13.369+0000][423.198s][info ][safepoint     ] Leaving safepoint region
[2024-09-04T12:15:13.369+0000][423.198s][info ][safepoint     ] Total time for which application threads were stopped: 0.0009737 seconds, Stopping threads took: 0.0002412 seconds
[2024-09-04T12:15:14.370+0000][424.198s][debug][safepoint     ] Safepoint synchronization initiated. (268 threads)
[2024-09-04T12:15:14.370+0000][424.199s][info ][safepoint     ] Application time: 1.0003819 seconds
[2024-09-04T12:15:14.370+0000][424.199s][info ][safepoint     ] Entering safepoint region: Cleanup
[2024-09-04T12:15:14.370+0000][424.199s][info ][safepoint     ] Leaving safepoint region
[2024-09-04T12:15:14.370+0000][424.199s][info ][safepoint     ] Total time for which application threads were stopped: 0.0006721 seconds, Stopping threads took: 0.0002224 seconds
[2024-09-04T12:15:15.371+0000][425.199s][debug][safepoint     ] Safepoint synchronization initiated. (267 threads)
[2024-09-04T12:15:15.371+0000][425.199s][info ][safepoint     ] Application time: 1.0002159 seconds
[2024-09-04T12:15:15.371+0000][425.200s][info ][safepoint     ] Entering safepoint region: Cleanup
[2024-09-04T12:15:15.372+0000][425.200s][info ][safepoint     ] Leaving safepoint region
[2024-09-04T12:15:15.372+0000][425.200s][info ][safepoint     ] Total time for which application threads were stopped: 0.0008219 seconds, Stopping threads took: 0.0002366 seconds
[2024-09-04T12:15:16.372+0000][426.201s][debug][safepoint     ] Safepoint synchronization initiated. (267 threads)
[2024-09-04T12:15:16.372+0000][426.201s][info ][safepoint     ] Application time: 1.0002769 seconds
[2024-09-04T12:15:16.372+0000][426.201s][info ][safepoint     ] Entering safepoint region: Cleanup
[2024-09-04T12:15:16.373+0000][426.201s][info ][safepoint     ] Leaving safepoint region
[2024-09-04T12:15:16.373+0000][426.201s][info ][safepoint     ] Total time for which application threads were stopped: 0.0006863 seconds, Stopping threads took: 0.0001728 seconds
[2024-09-04T12:15:17.373+0000][427.202s][debug][safepoint     ] Safepoint synchronization initiated. (267 threads)
[2024-09-04T12:15:17.373+0000][427.202s][info ][safepoint     ] Application time: 1.0002881 seconds
[2024-09-04T12:15:17.373+0000][427.202s][info ][safepoint     ] Entering safepoint region: Cleanup
[2024-09-04T12:15:17.374+0000][427.202s][info ][safepoint     ] Leaving safepoint region
[2024-09-04T12:15:17.374+0000][427.202s][info ][safepoint     ] Total time for which application threads were stopped: 0.0006369 seconds, Stopping threads took: 0.0001936 seconds
[2024-09-04T12:15:18.374+0000][428.203s][debug][safepoint     ] Safepoint synchronization initiated. (267 threads)
[2024-09-04T12:15:18.374+0000][428.203s][info ][safepoint     ] Application time: 1.0003656 seconds
[2024-09-04T12:15:18.374+0000][428.203s][info ][safepoint     ] Entering safepoint region: Cleanup
[2024-09-04T12:15:18.375+0000][428.204s][info ][safepoint     ] Leaving safepoint region
[2024-09-04T12:15:18.375+0000][428.204s][info ][safepoint     ] Total time for which application threads were stopped: 0.0008897 seconds, Stopping threads took: 0.0002492 seconds
[2024-09-04T12:15:19.375+0000][429.204s][debug][safepoint     ] Safepoint synchronization initiated. (267 threads)
[2024-09-04T12:15:19.375+0000][429.204s][info ][safepoint     ] Application time: 1.0002627 seconds
[2024-09-04T12:15:19.375+0000][429.204s][info ][safepoint     ] Entering safepoint region: Cleanup
[2024-09-04T12:15:19.376+0000][429.205s][info ][safepoint     ] Leaving safepoint region
[2024-09-04T12:15:19.376+0000][429.205s][info ][safepoint     ] Total time for which application threads were stopped: 0.0009921 seconds, Stopping threads took: 0.0002408 seconds
[2024-09-04T12:15:20.228+0000][430.057s][debug][safepoint     ] Safepoint synchronization initiated. (267 threads)
[2024-09-04T12:15:20.228+0000][430.057s][info ][safepoint     ] Application time: 0.8522061 seconds
[2024-09-04T12:15:20.229+0000][430.057s][info ][safepoint     ] Entering safepoint region: G1CollectForAllocation
[2024-09-04T12:15:20.229+0000][430.058s][info ][gc,start      ] GC(85) Pause Young (Normal) (G1 Evacuation Pause)
[2024-09-04T12:15:20.229+0000][430.058s][info ][gc,task       ] GC(85) Using 4 workers of 4 for evacuation
[2024-09-04T12:15:20.247+0000][430.076s][info ][gc,phases     ] GC(85)   Pre Evacuate Collection Set: 0.1ms
[2024-09-04T12:15:20.247+0000][430.076s][info ][gc,phases     ] GC(85)   Evacuate Collection Set: 11.3ms
[2024-09-04T12:15:20.247+0000][430.076s][info ][gc,phases     ] GC(85)   Post Evacuate Collection Set: 6.4ms
[2024-09-04T12:15:20.247+0000][430.076s][info ][gc,phases     ] GC(85)   Other: 0.6ms
[2024-09-04T12:15:20.247+0000][430.076s][info ][gc,heap       ] GC(85) Eden regions: 191->0(188)
[2024-09-04T12:15:20.247+0000][430.076s][info ][gc,heap       ] GC(85) Survivor regions: 4->6(25)
[2024-09-04T12:15:20.247+0000][430.076s][info ][gc,heap       ] GC(85) Old regions: 169->169
[2024-09-04T12:15:20.248+0000][430.076s][info ][gc,heap       ] GC(85) Humongous regions: 0->0
[2024-09-04T12:15:20.248+0000][430.076s][info ][gc,metaspace  ] GC(85) Metaspace: 180056K(185968K)->180056K(185968K) NonClass: 159199K(162772K)->159199K(162772K) Class: 20856K(23196K)->20856K(23196K)
[2024-09-04T12:15:20.248+0000][430.076s][info ][gc            ] GC(85) Pause Young (Normal) (G1 Evacuation Pause) 361M->172M(412M) 18.508ms
[2024-09-04T12:15:20.248+0000][430.076s][info ][gc,cpu        ] GC(85) User=0.06s Sys=0.00s Real=0.02s
[2024-09-04T12:15:20.248+0000][430.077s][info ][safepoint     ] Leaving safepoint region
[2024-09-04T12:15:20.248+0000][430.077s][info ][safepoint     ] Total time for which application threads were stopped: 0.0193850 seconds, Stopping threads took: 0.0001617 seconds
[2024-09-04T12:15:20.248+0000][430.077s][info ][gc,stringdedup] Concurrent String Deduplication (430.077s)
[2024-09-04T12:15:20.248+0000][430.077s][info ][gc,stringdedup] Concurrent String Deduplication 0.0B->0.0B(0.0B) avg 54.8% (430.077s, 430.077s) 0.039ms
[2024-09-04T12:15:21.248+0000][431.077s][debug][safepoint     ] Safepoint synchronization initiated. (267 threads)
[2024-09-04T12:15:21.248+0000][431.077s][info ][safepoint     ] Application time: 1.0002255 seconds
[2024-09-04T12:15:21.248+0000][431.077s][info ][safepoint     ] Entering safepoint region: Cleanup
[2024-09-04T12:15:21.249+0000][431.077s][info ][safepoint     ] Leaving safepoint region
[2024-09-04T12:15:21.249+0000][431.078s][info ][safepoint     ] Total time for which application threads were stopped: 0.0006732 seconds, Stopping threads took: 0.0001529 seconds
[2024-09-04T12:15:22.249+0000][432.078s][debug][safepoint     ] Safepoint synchronization initiated. (267 threads)
[2024-09-04T12:15:22.249+0000][432.078s][info ][safepoint     ] Application time: 1.0002779 seconds
[2024-09-04T12:15:22.249+0000][432.078s][info ][safepoint     ] Entering safepoint region: Cleanup
[2024-09-04T12:15:22.250+0000][432.079s][info ][safepoint     ] Leaving safepoint region
[2024-09-04T12:15:22.250+0000][432.079s][info ][safepoint     ] Total time for which application threads were stopped: 0.0007532 seconds, Stopping threads took: 0.0002007 seconds
[2024-09-04T12:15:23.250+0000][433.079s][debug][safepoint     ] Safepoint synchronization initiated. (267 threads)
[2024-09-04T12:15:23.250+0000][433.079s][info ][safepoint     ] Application time: 1.0002595 seconds
[2024-09-04T12:15:23.250+0000][433.079s][info ][safepoint     ] Entering safepoint region: Cleanup
[2024-09-04T12:15:23.251+0000][433.080s][info ][safepoint     ] Leaving safepoint region
[2024-09-04T12:15:23.251+0000][433.080s][debug][safepoint     ] ... found polling page return exception at pc = 0x00007ff4a131ffd6, stub =0x00007ff498824b00
[2024-09-04T12:15:23.251+0000][433.080s][info ][safepoint     ] Total time for which application threads were stopped: 0.0009115 seconds, Stopping threads took: 0.0002469 seconds
[2024-09-04T12:15:23.251+0000][433.080s][debug][safepoint     ] ... found polling page return exception at pc = 0x00007ff4a131ffd6, stub =0x00007ff498824b00
[2024-09-04T12:15:23.251+0000][433.080s][debug][safepoint     ] ... found polling page return exception at pc = 0x00007ff4a131ffd6, stub =0x00007ff498824b00
[2024-09-04T12:15:24.251+0000][434.080s][debug][safepoint     ] Safepoint synchronization initiated. (267 threads)
[2024-09-04T12:15:24.252+0000][434.081s][info ][safepoint     ] Application time: 1.0012886 seconds
[2024-09-04T12:15:24.253+0000][434.081s][info ][safepoint     ] Entering safepoint region: Cleanup
[2024-09-04T12:15:24.253+0000][434.082s][info ][safepoint     ] Leaving safepoint region
[2024-09-04T12:15:24.253+0000][434.082s][info ][safepoint     ] Total time for which application threads were stopped: 0.0007253 seconds, Stopping threads took: 0.0001877 seconds
[2024-09-04T12:15:25.254+0000][435.082s][debug][safepoint     ] Safepoint synchronization initiated. (267 threads)
[2024-09-04T12:15:25.254+0000][435.082s][info ][safepoint     ] Application time: 1.0004597 seconds
[2024-09-04T12:15:25.254+0000][435.083s][info ][safepoint     ] Entering safepoint region: Cleanup
[2024-09-04T12:15:25.255+0000][435.083s][info ][safepoint     ] Leaving safepoint region
[2024-09-04T12:15:25.255+0000][435.083s][info ][safepoint     ] Total time for which application threads were stopped: 0.0009728 seconds, Stopping threads took: 0.0002806 seconds
[2024-09-04T12:15:26.255+0000][436.084s][debug][safepoint     ] Safepoint synchronization initiated. (267 threads)
[2024-09-04T12:15:26.255+0000][436.084s][info ][safepoint     ] Application time: 1.0003017 seconds
[2024-09-04T12:15:26.255+0000][436.084s][info ][safepoint     ] Entering safepoint region: Cleanup
[2024-09-04T12:15:26.256+0000][436.085s][info ][safepoint     ] Leaving safepoint region
[2024-09-04T12:15:26.256+0000][436.085s][info ][safepoint     ] Total time for which application threads were stopped: 0.0009432 seconds, Stopping threads took: 0.0002392 seconds
[2024-09-04T12:15:27.256+0000][437.085s][debug][safepoint     ] Safepoint synchronization initiated. (267 threads)
[2024-09-04T12:15:27.256+0000][437.085s][info ][safepoint     ] Application time: 1.0003707 seconds
[2024-09-04T12:15:27.257+0000][437.085s][info ][safepoint     ] Entering safepoint region: Cleanup
[2024-09-04T12:15:27.257+0000][437.086s][info ][safepoint     ] Leaving safepoint region
[2024-09-04T12:15:27.257+0000][437.086s][info ][safepoint     ] Total time for which application threads were stopped: 0.0010712 seconds, Stopping threads took: 0.0002121 seconds
[2024-09-04T12:15:28.258+0000][438.086s][debug][safepoint     ] Safepoint synchronization initiated. (267 threads)
[2024-09-04T12:15:28.258+0000][438.087s][info ][safepoint     ] Application time: 1.0003076 seconds
[2024-09-04T12:15:28.258+0000][438.087s][debug][safepoint     ] Waiting for 1 thread(s) to block
[2024-09-04T12:15:28.258+0000][438.087s][info ][safepoint     ] Entering safepoint region: Cleanup
[2024-09-04T12:15:28.259+0000][438.088s][info ][safepoint     ] Leaving safepoint region
[2024-09-04T12:15:28.259+0000][438.088s][info ][safepoint     ] Total time for which application threads were stopped: 0.0012869 seconds, Stopping threads took: 0.0005288 seconds
[2024-09-04T12:15:29.259+0000][439.088s][debug][safepoint     ] Safepoint synchronization initiated. (267 threads)
[2024-09-04T12:15:29.259+0000][439.088s][info ][safepoint     ] Application time: 1.0003172 seconds
[2024-09-04T12:15:29.260+0000][439.088s][info ][safepoint     ] Entering safepoint region: Cleanup
[2024-09-04T12:15:29.260+0000][439.089s][info ][safepoint     ] Leaving safepoint region
[2024-09-04T12:15:29.260+0000][439.089s][info ][safepoint     ] Total time for which application threads were stopped: 0.0007430 seconds, Stopping threads took: 0.0002095 seconds
[2024-09-04T12:15:29.855+0000][439.683s][debug][safepoint     ] Safepoint synchronization initiated. (268 threads)
[2024-09-04T12:15:29.855+0000][439.683s][info ][safepoint     ] Application time: 0.5944483 seconds
[2024-09-04T12:15:29.855+0000][439.684s][info ][safepoint     ] Entering safepoint region: Deoptimize
[2024-09-04T12:15:29.859+0000][439.687s][info ][safepoint     ] Leaving safepoint region
[2024-09-04T12:15:29.859+0000][439.687s][info ][safepoint     ] Total time for which application threads were stopped: 0.0038670 seconds, Stopping threads took: 0.0001252 seconds
[2024-09-04T12:15:30.859+0000][440.688s][debug][safepoint     ] Safepoint synchronization initiated. (268 threads)
[2024-09-04T12:15:30.859+0000][440.688s][info ][safepoint     ] Application time: 1.0002733 seconds
[2024-09-04T12:15:30.859+0000][440.688s][info ][safepoint     ] Entering safepoint region: Cleanup
[2024-09-04T12:15:30.860+0000][440.688s][info ][safepoint     ] Leaving safepoint region
[2024-09-04T12:15:30.860+0000][440.689s][info ][safepoint     ] Total time for which application threads were stopped: 0.0008589 seconds, Stopping threads took: 0.0001903 seconds
[2024-09-04T12:15:31.860+0000][441.689s][debug][safepoint     ] Safepoint synchronization initiated. (268 threads)
[2024-09-04T12:15:31.860+0000][441.689s][info ][safepoint     ] Application time: 1.0002990 seconds
[2024-09-04T12:15:31.860+0000][441.689s][info ][safepoint     ] Entering safepoint region: Cleanup
[2024-09-04T12:15:31.861+0000][441.690s][info ][safepoint     ] Leaving safepoint region
[2024-09-04T12:15:31.861+0000][441.690s][info ][safepoint     ] Total time for which application threads were stopped: 0.0008128 seconds, Stopping threads took: 0.0002139 seconds
[2024-09-04T12:15:32.861+0000][442.690s][debug][safepoint     ] Safepoint synchronization initiated. (268 threads)
[2024-09-04T12:15:32.861+0000][442.690s][info ][safepoint     ] Application time: 1.0002774 seconds
[2024-09-04T12:15:32.861+0000][442.690s][debug][safepoint     ] ... found polling page return exception at pc = 0x00007ff4a0befa7a, stub =0x00007ff498824b00
[2024-09-04T12:15:32.862+0000][442.690s][debug][safepoint     ] Waiting for 2 thread(s) to block
[2024-09-04T12:15:32.862+0000][442.691s][info ][safepoint     ] Entering safepoint region: Cleanup
[2024-09-04T12:15:32.863+0000][442.691s][debug][safepoint     ] ... found polling page return exception at pc = 0x00007ff4a131ffd6, stub =0x00007ff498824b00
[2024-09-04T12:15:32.863+0000][442.691s][info ][safepoint     ] Leaving safepoint region
[2024-09-04T12:15:32.863+0000][442.691s][info ][safepoint     ] Total time for which application threads were stopped: 0.0014144 seconds, Stopping threads took: 0.0007329 seconds
[2024-09-04T12:15:33.863+0000][443.692s][debug][safepoint     ] Safepoint synchronization initiated. (268 threads)
[2024-09-04T12:15:33.863+0000][443.692s][info ][safepoint     ] Application time: 1.0003767 seconds
[2024-09-04T12:15:33.863+0000][443.692s][info ][safepoint     ] Entering safepoint region: Cleanup
[2024-09-04T12:15:33.864+0000][443.693s][info ][safepoint     ] Leaving safepoint region
[2024-09-04T12:15:33.864+0000][443.693s][info ][safepoint     ] Total time for which application threads were stopped: 0.0008122 seconds, Stopping threads took: 0.0002402 seconds
[2024-09-04T12:15:34.864+0000][444.693s][debug][safepoint     ] Safepoint synchronization initiated. (268 threads)
[2024-09-04T12:15:34.864+0000][444.693s][info ][safepoint     ] Application time: 1.0002294 seconds
[2024-09-04T12:15:34.864+0000][444.693s][info ][safepoint     ] Entering safepoint region: Cleanup
[2024-09-04T12:15:34.865+0000][444.694s][info ][safepoint     ] Leaving safepoint region
[2024-09-04T12:15:34.865+0000][444.694s][info ][safepoint     ] Total time for which application threads were stopped: 0.0009717 seconds, Stopping threads took: 0.0002138 seconds
[2024-09-04T12:15:35.865+0000][445.694s][debug][safepoint     ] Safepoint synchronization initiated. (268 threads)
[2024-09-04T12:15:35.866+0000][445.694s][info ][safepoint     ] Application time: 1.0003336 seconds
[2024-09-04T12:15:35.866+0000][445.695s][debug][safepoint     ] Waiting for 2 thread(s) to block
[2024-09-04T12:15:35.866+0000][445.695s][info ][safepoint     ] Entering safepoint region: Cleanup
[2024-09-04T12:15:35.867+0000][445.695s][info ][safepoint     ] Leaving safepoint region
[2024-09-04T12:15:35.867+0000][445.695s][info ][safepoint     ] Total time for which application threads were stopped: 0.0009923 seconds, Stopping threads took: 0.0005051 seconds
[2024-09-04T12:15:36.867+0000][446.696s][debug][safepoint     ] Safepoint synchronization initiated. (268 threads)
[2024-09-04T12:15:36.867+0000][446.696s][info ][safepoint     ] Application time: 1.0002121 seconds
[2024-09-04T12:15:36.867+0000][446.696s][info ][safepoint     ] Entering safepoint region: Cleanup
[2024-09-04T12:15:36.868+0000][446.696s][info ][safepoint     ] Leaving safepoint region
[2024-09-04T12:15:36.868+0000][446.696s][info ][safepoint     ] Total time for which application threads were stopped: 0.0007096 seconds, Stopping threads took: 0.0001661 seconds
[2024-09-04T12:15:37.868+0000][447.697s][debug][safepoint     ] Safepoint synchronization initiated. (268 threads)
[2024-09-04T12:15:37.868+0000][447.697s][info ][safepoint     ] Application time: 1.0002656 seconds
[2024-09-04T12:15:37.868+0000][447.697s][info ][safepoint     ] Entering safepoint region: Cleanup
[2024-09-04T12:15:37.869+0000][447.697s][info ][safepoint     ] Leaving safepoint region
[2024-09-04T12:15:37.869+0000][447.697s][info ][safepoint     ] Total time for which application threads were stopped: 0.0007166 seconds, Stopping threads took: 0.0001601 seconds
[2024-09-04T12:15:38.869+0000][448.698s][debug][safepoint     ] Safepoint synchronization initiated. (268 threads)
[2024-09-04T12:15:38.869+0000][448.698s][info ][safepoint     ] Application time: 1.0002183 seconds
[2024-09-04T12:15:38.869+0000][448.698s][debug][safepoint     ] ... found polling page return exception at pc = 0x00007ff4a0ad015b, stub =0x00007ff498824b00
[2024-09-04T12:15:38.869+0000][448.698s][debug][safepoint     ] ... found polling page return exception at pc = 0x00007ff4a0fe196f, stub =0x00007ff498824b00
[2024-09-04T12:15:38.869+0000][448.698s][debug][safepoint     ] Waiting for 2 thread(s) to block
[2024-09-04T12:15:38.869+0000][448.698s][info ][safepoint     ] Entering safepoint region: Cleanup
[2024-09-04T12:15:38.870+0000][448.699s][info ][safepoint     ] Leaving safepoint region
[2024-09-04T12:15:38.870+0000][448.699s][info ][safepoint     ] Total time for which application threads were stopped: 0.0009016 seconds, Stopping threads took: 0.0004298 seconds
[2024-09-04T12:15:39.870+0000][449.699s][debug][safepoint     ] Safepoint synchronization initiated. (268 threads)
[2024-09-04T12:15:39.870+0000][449.699s][info ][safepoint     ] Application time: 1.0003759 seconds
[2024-09-04T12:15:39.870+0000][449.699s][info ][safepoint     ] Entering safepoint region: Cleanup
[2024-09-04T12:15:39.871+0000][449.700s][info ][safepoint     ] Leaving safepoint region
[2024-09-04T12:15:39.871+0000][449.700s][info ][safepoint     ] Total time for which application threads were stopped: 0.0010418 seconds, Stopping threads took: 0.0001936 seconds
[2024-09-04T12:15:40.872+0000][450.700s][debug][safepoint     ] Safepoint synchronization initiated. (268 threads)
[2024-09-04T12:15:40.872+0000][450.700s][info ][safepoint     ] Application time: 1.0003777 seconds
[2024-09-04T12:15:40.872+0000][450.701s][info ][safepoint     ] Entering safepoint region: Cleanup
[2024-09-04T12:15:40.872+0000][450.701s][info ][safepoint     ] Leaving safepoint region
[2024-09-04T12:15:40.873+0000][450.701s][info ][safepoint     ] Total time for which application threads were stopped: 0.0008477 seconds, Stopping threads took: 0.0002623 seconds
[2024-09-04T12:15:41.873+0000][451.702s][debug][safepoint     ] Safepoint synchronization initiated. (268 threads)
[2024-09-04T12:15:41.873+0000][451.702s][info ][safepoint     ] Application time: 1.0003302 seconds
[2024-09-04T12:15:41.873+0000][451.702s][debug][safepoint     ] ... found polling page return exception at pc = 0x00007ff4a0ee1b9f, stub =0x00007ff498824b00
[2024-09-04T12:15:41.873+0000][451.702s][debug][safepoint     ] Waiting for 1 thread(s) to block
[2024-09-04T12:15:41.873+0000][451.702s][info ][safepoint     ] Entering safepoint region: Cleanup
[2024-09-04T12:15:41.874+0000][451.702s][info ][safepoint     ] Leaving safepoint region
[2024-09-04T12:15:41.874+0000][451.702s][info ][safepoint     ] Total time for which application threads were stopped: 0.0007342 seconds, Stopping threads took: 0.0003386 seconds
[2024-09-04T12:15:42.874+0000][452.703s][debug][safepoint     ] Safepoint synchronization initiated. (268 threads)
[2024-09-04T12:15:42.874+0000][452.703s][info ][safepoint     ] Application time: 1.0003052 seconds
[2024-09-04T12:15:42.874+0000][452.703s][info ][safepoint     ] Entering safepoint region: Cleanup
[2024-09-04T12:15:42.875+0000][452.704s][info ][safepoint     ] Leaving safepoint region
[2024-09-04T12:15:42.875+0000][452.704s][info ][safepoint     ] Total time for which application threads were stopped: 0.0008958 seconds, Stopping threads took: 0.0002877 seconds
[2024-09-04T12:15:43.875+0000][453.704s][debug][safepoint     ] Safepoint synchronization initiated. (268 threads)
[2024-09-04T12:15:43.875+0000][453.704s][info ][safepoint     ] Application time: 1.0002606 seconds
[2024-09-04T12:15:43.875+0000][453.704s][info ][safepoint     ] Entering safepoint region: Cleanup
[2024-09-04T12:15:43.876+0000][453.705s][info ][safepoint     ] Leaving safepoint region
[2024-09-04T12:15:43.876+0000][453.705s][info ][safepoint     ] Total time for which application threads were stopped: 0.0009927 seconds, Stopping threads took: 0.0001650 seconds
[2024-09-04T12:15:44.877+0000][454.705s][debug][safepoint     ] Safepoint synchronization initiated. (268 threads)
[2024-09-04T12:15:44.877+0000][454.705s][info ][safepoint     ] Application time: 1.0003505 seconds
[2024-09-04T12:15:44.877+0000][454.706s][info ][safepoint     ] Entering safepoint region: Cleanup
[2024-09-04T12:15:44.878+0000][454.706s][info ][safepoint     ] Leaving safepoint region
[2024-09-04T12:15:44.878+0000][454.706s][info ][safepoint     ] Total time for which application threads were stopped: 0.0009573 seconds, Stopping threads took: 0.0002985 seconds
[2024-09-04T12:15:45.878+0000][455.707s][debug][safepoint     ] Safepoint synchronization initiated. (268 threads)
[2024-09-04T12:15:45.878+0000][455.707s][info ][safepoint     ] Application time: 1.0004141 seconds
[2024-09-04T12:15:45.878+0000][455.707s][debug][safepoint     ] ... found polling page return exception at pc = 0x00007ff4a0a468c4, stub =0x00007ff498824b00
[2024-09-04T12:15:45.878+0000][455.707s][debug][safepoint     ] ... found polling page return exception at pc = 0x00007ff4a0ee1b9f, stub =0x00007ff498824b00
[2024-09-04T12:15:45.879+0000][455.707s][debug][safepoint     ] Waiting for 2 thread(s) to block
[2024-09-04T12:15:45.879+0000][455.708s][info ][safepoint     ] Entering safepoint region: Cleanup
[2024-09-04T12:15:45.879+0000][455.708s][info ][safepoint     ] Leaving safepoint region
[2024-09-04T12:15:45.879+0000][455.708s][debug][safepoint     ] ... found polling page return exception at pc = 0x00007ff4a131ffd6, stub =0x00007ff498824b00
[2024-09-04T12:15:45.879+0000][455.708s][info ][safepoint     ] Total time for which application threads were stopped: 0.0012354 seconds, Stopping threads took: 0.0008299 seconds
[2024-09-04T12:15:46.880+0000][456.708s][debug][safepoint     ] Safepoint synchronization initiated. (268 threads)
[2024-09-04T12:15:46.880+0000][456.708s][info ][safepoint     ] Application time: 1.0003115 seconds
[2024-09-04T12:15:46.880+0000][456.709s][info ][safepoint     ] Entering safepoint region: Cleanup
[2024-09-04T12:15:46.880+0000][456.709s][info ][safepoint     ] Leaving safepoint region
[2024-09-04T12:15:46.880+0000][456.709s][info ][safepoint     ] Total time for which application threads were stopped: 0.0005923 seconds, Stopping threads took: 0.0001565 seconds
[2024-09-04T12:15:47.182+0000][457.011s][debug][safepoint     ] Safepoint synchronization initiated. (268 threads)
[2024-09-04T12:15:47.182+0000][457.011s][info ][safepoint     ] Application time: 0.3015906 seconds
[2024-09-04T12:15:47.182+0000][457.011s][info ][safepoint     ] Entering safepoint region: G1CollectForAllocation
[2024-09-04T12:15:47.183+0000][457.011s][info ][gc,start      ] GC(86) Pause Young (Normal) (G1 Evacuation Pause)
[2024-09-04T12:15:47.183+0000][457.011s][info ][gc,task       ] GC(86) Using 4 workers of 4 for evacuation
[2024-09-04T12:15:47.200+0000][457.029s][info ][gc,phases     ] GC(86)   Pre Evacuate Collection Set: 0.0ms
[2024-09-04T12:15:47.200+0000][457.029s][info ][gc,phases     ] GC(86)   Evacuate Collection Set: 10.5ms
[2024-09-04T12:15:47.200+0000][457.029s][info ][gc,phases     ] GC(86)   Post Evacuate Collection Set: 6.1ms
[2024-09-04T12:15:47.200+0000][457.029s][info ][gc,phases     ] GC(86)   Other: 0.6ms
[2024-09-04T12:15:47.200+0000][457.029s][info ][gc,heap       ] GC(86) Eden regions: 188->0(188)
[2024-09-04T12:15:47.200+0000][457.029s][info ][gc,heap       ] GC(86) Survivor regions: 6->6(25)
[2024-09-04T12:15:47.200+0000][457.029s][info ][gc,heap       ] GC(86) Old regions: 169->169
[2024-09-04T12:15:47.200+0000][457.029s][info ][gc,heap       ] GC(86) Humongous regions: 0->0
[2024-09-04T12:15:47.200+0000][457.029s][info ][gc,metaspace  ] GC(86) Metaspace: 180383K(186480K)->180383K(186480K) NonClass: 159489K(163284K)->159489K(163284K) Class: 20893K(23196K)->20893K(23196K)
[2024-09-04T12:15:47.200+0000][457.029s][info ][gc            ] GC(86) Pause Young (Normal) (G1 Evacuation Pause) 360M->172M(412M) 17.490ms
[2024-09-04T12:15:47.200+0000][457.029s][info ][gc,cpu        ] GC(86) User=0.06s Sys=0.00s Real=0.01s
[2024-09-04T12:15:47.200+0000][457.029s][info ][safepoint     ] Leaving safepoint region
[2024-09-04T12:15:47.200+0000][457.029s][info ][safepoint     ] Total time for which application threads were stopped: 0.0183038 seconds, Stopping threads took: 0.0001357 seconds
[2024-09-04T12:15:47.200+0000][457.029s][info ][gc,stringdedup] Concurrent String Deduplication (457.029s)
[2024-09-04T12:15:47.203+0000][457.032s][info ][gc,stringdedup] Concurrent String Deduplication 346.1K->226.6K(119.6K) avg 54.5% (457.029s, 457.032s) 2.850ms
[2024-09-04T12:15:48.201+0000][458.029s][debug][safepoint     ] Safepoint synchronization initiated. (268 threads)
[2024-09-04T12:15:48.205+0000][458.034s][info ][safepoint     ] Application time: 1.0050273 seconds
[2024-09-04T12:15:48.211+0000][458.039s][debug][safepoint     ] ... found polling page return exception at pc = 0x00007ff4a0ee1b9f, stub =0x00007ff498824b00
[2024-09-04T12:15:48.211+0000][458.039s][debug][safepoint     ] ... found polling page return exception at pc = 0x00007ff4a06a5bff, stub =0x00007ff498824b00
[2024-09-04T12:15:48.211+0000][458.040s][debug][safepoint     ] Waiting for 2 thread(s) to block
[2024-09-04T12:15:48.211+0000][458.040s][info ][safepoint     ] Entering safepoint region: Cleanup
[2024-09-04T12:15:48.213+0000][458.042s][info ][safepoint     ] Leaving safepoint region
[2024-09-04T12:15:48.213+0000][458.042s][info ][safepoint     ] Total time for which application threads were stopped: 0.0075847 seconds, Stopping threads took: 0.0061044 seconds
[2024-09-04T12:15:49.213+0000][459.042s][debug][safepoint     ] Safepoint synchronization initiated. (268 threads)
[2024-09-04T12:15:49.213+0000][459.042s][info ][safepoint     ] Application time: 1.0002369 seconds
[2024-09-04T12:15:49.214+0000][459.043s][info ][safepoint     ] Entering safepoint region: Cleanup
[2024-09-04T12:15:49.214+0000][459.043s][info ][safepoint     ] Leaving safepoint region
[2024-09-04T12:15:49.215+0000][459.043s][info ][safepoint     ] Total time for which application threads were stopped: 0.0013354 seconds, Stopping threads took: 0.0007453 seconds
[2024-09-04T12:15:50.215+0000][460.044s][debug][safepoint     ] Safepoint synchronization initiated. (268 threads)
[2024-09-04T12:15:50.215+0000][460.044s][info ][safepoint     ] Application time: 1.0002778 seconds
[2024-09-04T12:15:50.215+0000][460.044s][info ][safepoint     ] Entering safepoint region: Cleanup
[2024-09-04T12:15:50.216+0000][460.045s][info ][safepoint     ] Leaving safepoint region
[2024-09-04T12:15:50.216+0000][460.045s][info ][safepoint     ] Total time for which application threads were stopped: 0.0010436 seconds, Stopping threads took: 0.0004386 seconds
[2024-09-04T12:15:51.216+0000][461.045s][debug][safepoint     ] Safepoint synchronization initiated. (268 threads)
[2024-09-04T12:15:51.216+0000][461.045s][info ][safepoint     ] Application time: 1.0003080 seconds
[2024-09-04T12:15:51.217+0000][461.045s][info ][safepoint     ] Entering safepoint region: Cleanup
[2024-09-04T12:15:51.218+0000][461.047s][info ][safepoint     ] Leaving safepoint region
[2024-09-04T12:15:51.218+0000][461.047s][info ][safepoint     ] Total time for which application threads were stopped: 0.0019091 seconds, Stopping threads took: 0.0003646 seconds
[2024-09-04T12:15:52.219+0000][462.047s][debug][safepoint     ] Safepoint synchronization initiated. (268 threads)
[2024-09-04T12:15:52.219+0000][462.048s][info ][safepoint     ] Application time: 1.0003921 seconds
[2024-09-04T12:15:52.219+0000][462.048s][info ][safepoint     ] Entering safepoint region: Cleanup
[2024-09-04T12:15:52.220+0000][462.048s][info ][safepoint     ] Leaving safepoint region
[2024-09-04T12:15:52.220+0000][462.049s][info ][safepoint     ] Total time for which application threads were stopped: 0.0009394 seconds, Stopping threads took: 0.0002189 seconds
[2024-09-04T12:15:53.220+0000][463.049s][debug][safepoint     ] Safepoint synchronization initiated. (268 threads)
[2024-09-04T12:15:53.220+0000][463.049s][info ][safepoint     ] Application time: 1.0002706 seconds
[2024-09-04T12:15:53.220+0000][463.049s][info ][safepoint     ] Entering safepoint region: Cleanup
[2024-09-04T12:15:53.221+0000][463.050s][info ][safepoint     ] Leaving safepoint region
[2024-09-04T12:15:53.221+0000][463.050s][info ][safepoint     ] Total time for which application threads were stopped: 0.0011684 seconds, Stopping threads took: 0.0003981 seconds
[2024-09-04T12:15:54.222+0000][464.050s][debug][safepoint     ] Safepoint synchronization initiated. (268 threads)
[2024-09-04T12:15:54.222+0000][464.050s][info ][safepoint     ] Application time: 1.0003218 seconds
[2024-09-04T12:15:54.222+0000][464.051s][info ][safepoint     ] Entering safepoint region: Cleanup
[2024-09-04T12:15:54.223+0000][464.052s][info ][safepoint     ] Leaving safepoint region
[2024-09-04T12:15:54.223+0000][464.052s][info ][safepoint     ] Total time for which application threads were stopped: 0.0011461 seconds, Stopping threads took: 0.0003306 seconds
[2024-09-04T12:15:55.223+0000][465.052s][debug][safepoint     ] Safepoint synchronization initiated. (268 threads)
[2024-09-04T12:15:55.223+0000][465.052s][info ][safepoint     ] Application time: 1.0003807 seconds
[2024-09-04T12:15:55.223+0000][465.052s][info ][safepoint     ] Entering safepoint region: Cleanup
[2024-09-04T12:15:55.225+0000][465.054s][info ][safepoint     ] Leaving safepoint region
[2024-09-04T12:15:55.225+0000][465.054s][info ][safepoint     ] Total time for which application threads were stopped: 0.0019388 seconds, Stopping threads took: 0.0002363 seconds
[2024-09-04T12:15:56.225+0000][466.054s][debug][safepoint     ] Safepoint synchronization initiated. (268 threads)
[2024-09-04T12:15:56.225+0000][466.054s][info ][safepoint     ] Application time: 1.0003102 seconds
[2024-09-04T12:15:56.226+0000][466.054s][info ][safepoint     ] Entering safepoint region: Cleanup
[2024-09-04T12:15:56.226+0000][466.055s][info ][safepoint     ] Leaving safepoint region
[2024-09-04T12:15:56.227+0000][466.055s][info ][safepoint     ] Total time for which application threads were stopped: 0.0009821 seconds, Stopping threads took: 0.0002382 seconds
[2024-09-04T12:15:57.227+0000][467.056s][debug][safepoint     ] Safepoint synchronization initiated. (268 threads)
[2024-09-04T12:15:57.227+0000][467.056s][info ][safepoint     ] Application time: 1.0003453 seconds
[2024-09-04T12:15:57.227+0000][467.056s][info ][safepoint     ] Entering safepoint region: Cleanup
[2024-09-04T12:15:57.228+0000][467.057s][info ][safepoint     ] Leaving safepoint region
[2024-09-04T12:15:57.228+0000][467.057s][info ][safepoint     ] Total time for which application threads were stopped: 0.0008365 seconds, Stopping threads took: 0.0002518 seconds
[2024-09-04T12:15:58.228+0000][468.057s][debug][safepoint     ] Safepoint synchronization initiated. (268 threads)
[2024-09-04T12:15:58.228+0000][468.057s][info ][safepoint     ] Application time: 1.0002988 seconds
[2024-09-04T12:15:58.228+0000][468.057s][info ][safepoint     ] Entering safepoint region: Cleanup
[2024-09-04T12:15:58.229+0000][468.058s][info ][safepoint     ] Leaving safepoint region
[2024-09-04T12:15:58.229+0000][468.058s][info ][safepoint     ] Total time for which application threads were stopped: 0.0007486 seconds, Stopping threads took: 0.0001947 seconds
[2024-09-04T12:15:59.229+0000][469.058s][debug][safepoint     ] Safepoint synchronization initiated. (267 threads)
[2024-09-04T12:15:59.229+0000][469.058s][info ][safepoint     ] Application time: 1.0002176 seconds
[2024-09-04T12:15:59.229+0000][469.058s][info ][safepoint     ] Entering safepoint region: Cleanup
[2024-09-04T12:15:59.230+0000][469.059s][info ][safepoint     ] Leaving safepoint region
[2024-09-04T12:15:59.230+0000][469.059s][info ][safepoint     ] Total time for which application threads were stopped: 0.0007190 seconds, Stopping threads took: 0.0001524 seconds
[2024-09-04T12:16:00.230+0000][470.059s][debug][safepoint     ] Safepoint synchronization initiated. (267 threads)
[2024-09-04T12:16:00.230+0000][470.059s][info ][safepoint     ] Application time: 1.0002314 seconds
[2024-09-04T12:16:00.230+0000][470.059s][info ][safepoint     ] Entering safepoint region: Cleanup
[2024-09-04T12:16:00.231+0000][470.060s][info ][safepoint     ] Leaving safepoint region
[2024-09-04T12:16:00.231+0000][470.060s][info ][safepoint     ] Total time for which application threads were stopped: 0.0008028 seconds, Stopping threads took: 0.0002287 seconds
[2024-09-04T12:16:01.231+0000][471.060s][debug][safepoint     ] Safepoint synchronization initiated. (267 threads)
[2024-09-04T12:16:01.231+0000][471.060s][info ][safepoint     ] Application time: 1.0002685 seconds
[2024-09-04T12:16:01.231+0000][471.060s][info ][safepoint     ] Entering safepoint region: Cleanup
[2024-09-04T12:16:01.232+0000][471.061s][info ][safepoint     ] Leaving safepoint region
[2024-09-04T12:16:01.232+0000][471.061s][info ][safepoint     ] Total time for which application threads were stopped: 0.0007820 seconds, Stopping threads took: 0.0002055 seconds
[2024-09-04T12:16:02.232+0000][472.061s][debug][safepoint     ] Safepoint synchronization initiated. (267 threads)
[2024-09-04T12:16:02.232+0000][472.061s][info ][safepoint     ] Application time: 1.0003356 seconds
[2024-09-04T12:16:02.233+0000][472.061s][info ][safepoint     ] Entering safepoint region: Cleanup
[2024-09-04T12:16:02.234+0000][472.062s][info ][safepoint     ] Leaving safepoint region
[2024-09-04T12:16:02.234+0000][472.062s][info ][safepoint     ] Total time for which application threads were stopped: 0.0011187 seconds, Stopping threads took: 0.0002574 seconds
[2024-09-04T12:16:03.234+0000][473.062s][debug][safepoint     ] Safepoint synchronization initiated. (267 threads)
[2024-09-04T12:16:03.234+0000][473.063s][info ][safepoint     ] Application time: 1.0002604 seconds
[2024-09-04T12:16:03.234+0000][473.063s][info ][safepoint     ] Entering safepoint region: Cleanup
[2024-09-04T12:16:03.235+0000][473.063s][info ][safepoint     ] Leaving safepoint region
[2024-09-04T12:16:03.235+0000][473.063s][info ][safepoint     ] Total time for which application threads were stopped: 0.0006881 seconds, Stopping threads took: 0.0002003 seconds
[2024-09-04T12:16:04.235+0000][474.064s][debug][safepoint     ] Safepoint synchronization initiated. (267 threads)
[2024-09-04T12:16:04.235+0000][474.064s][info ][safepoint     ] Application time: 1.0003902 seconds
[2024-09-04T12:16:04.235+0000][474.064s][info ][safepoint     ] Entering safepoint region: Cleanup
[2024-09-04T12:16:04.236+0000][474.065s][info ][safepoint     ] Leaving safepoint region
[2024-09-04T12:16:04.236+0000][474.065s][info ][safepoint     ] Total time for which application threads were stopped: 0.0009825 seconds, Stopping threads took: 0.0002402 seconds
[2024-09-04T12:16:05.236+0000][475.065s][debug][safepoint     ] Safepoint synchronization initiated. (266 threads)
[2024-09-04T12:16:05.236+0000][475.065s][info ][safepoint     ] Application time: 1.0003436 seconds
[2024-09-04T12:16:05.237+0000][475.065s][info ][safepoint     ] Entering safepoint region: Cleanup
[2024-09-04T12:16:05.237+0000][475.066s][info ][safepoint     ] Leaving safepoint region
[2024-09-04T12:16:05.237+0000][475.066s][info ][safepoint     ] Total time for which application threads were stopped: 0.0009251 seconds, Stopping threads took: 0.0002739 seconds
[2024-09-04T12:16:06.237+0000][476.066s][debug][safepoint     ] Safepoint synchronization initiated. (266 threads)
[2024-09-04T12:16:06.238+0000][476.066s][info ][safepoint     ] Application time: 1.0002266 seconds
[2024-09-04T12:16:06.238+0000][476.067s][info ][safepoint     ] Entering safepoint region: Cleanup
[2024-09-04T12:16:06.238+0000][476.067s][info ][safepoint     ] Leaving safepoint region
[2024-09-04T12:16:06.238+0000][476.067s][info ][safepoint     ] Total time for which application threads were stopped: 0.0009077 seconds, Stopping threads took: 0.0002874 seconds
[2024-09-04T12:16:07.239+0000][477.067s][debug][safepoint     ] Safepoint synchronization initiated. (266 threads)
[2024-09-04T12:16:07.239+0000][477.067s][info ][safepoint     ] Application time: 1.0001606 seconds
[2024-09-04T12:16:07.239+0000][477.068s][info ][safepoint     ] Entering safepoint region: Cleanup
[2024-09-04T12:16:07.239+0000][477.068s][info ][safepoint     ] Leaving safepoint region
[2024-09-04T12:16:07.239+0000][477.068s][info ][safepoint     ] Total time for which application threads were stopped: 0.0006771 seconds, Stopping threads took: 0.0002076 seconds
[2024-09-04T12:16:08.240+0000][478.068s][debug][safepoint     ] Safepoint synchronization initiated. (268 threads)
[2024-09-04T12:16:08.240+0000][478.068s][info ][safepoint     ] Application time: 1.0002632 seconds
[2024-09-04T12:16:08.240+0000][478.069s][info ][safepoint     ] Entering safepoint region: Cleanup
[2024-09-04T12:16:08.240+0000][478.069s][info ][safepoint     ] Leaving safepoint region
[2024-09-04T12:16:08.240+0000][478.069s][info ][safepoint     ] Total time for which application threads were stopped: 0.0008184 seconds, Stopping threads took: 0.0002490 seconds
[2024-09-04T12:16:09.241+0000][479.069s][debug][safepoint     ] Safepoint synchronization initiated. (268 threads)
[2024-09-04T12:16:09.241+0000][479.070s][info ][safepoint     ] Application time: 1.0002993 seconds
[2024-09-04T12:16:09.241+0000][479.070s][info ][safepoint     ] Entering safepoint region: Cleanup
[2024-09-04T12:16:09.241+0000][479.070s][info ][safepoint     ] Leaving safepoint region
[2024-09-04T12:16:09.242+0000][479.070s][info ][safepoint     ] Total time for which application threads were stopped: 0.0007138 seconds, Stopping threads took: 0.0001826 seconds
[2024-09-04T12:16:10.242+0000][480.070s][debug][safepoint     ] Safepoint synchronization initiated. (268 threads)
[2024-09-04T12:16:10.242+0000][480.071s][info ][safepoint     ] Application time: 1.0002697 seconds
[2024-09-04T12:16:10.242+0000][480.071s][info ][safepoint     ] Entering safepoint region: Cleanup
[2024-09-04T12:16:10.243+0000][480.071s][info ][safepoint     ] Leaving safepoint region
[2024-09-04T12:16:10.243+0000][480.071s][info ][safepoint     ] Total time for which application threads were stopped: 0.0007801 seconds, Stopping threads took: 0.0002373 seconds
[2024-09-04T12:16:11.243+0000][481.072s][debug][safepoint     ] Safepoint synchronization initiated. (268 threads)
[2024-09-04T12:16:11.243+0000][481.072s][info ][safepoint     ] Application time: 1.0002595 seconds
[2024-09-04T12:16:11.243+0000][481.072s][info ][safepoint     ] Entering safepoint region: Cleanup
[2024-09-04T12:16:11.244+0000][481.072s][info ][safepoint     ] Leaving safepoint region
[2024-09-04T12:16:11.244+0000][481.072s][info ][safepoint     ] Total time for which application threads were stopped: 0.0006419 seconds, Stopping threads took: 0.0001782 seconds
[2024-09-04T12:16:12.244+0000][482.073s][debug][safepoint     ] Safepoint synchronization initiated. (268 threads)
[2024-09-04T12:16:12.244+0000][482.073s][info ][safepoint     ] Application time: 1.0002830 seconds
[2024-09-04T12:16:12.244+0000][482.073s][info ][safepoint     ] Entering safepoint region: Cleanup
[2024-09-04T12:16:12.245+0000][482.073s][info ][safepoint     ] Leaving safepoint region
[2024-09-04T12:16:12.245+0000][482.073s][info ][safepoint     ] Total time for which application threads were stopped: 0.0007086 seconds, Stopping threads took: 0.0002401 seconds
[2024-09-04T12:16:13.245+0000][483.074s][debug][safepoint     ] Safepoint synchronization initiated. (268 threads)
[2024-09-04T12:16:13.245+0000][483.074s][info ][safepoint     ] Application time: 1.0003432 seconds
[2024-09-04T12:16:13.245+0000][483.074s][info ][safepoint     ] Entering safepoint region: Cleanup
[2024-09-04T12:16:13.246+0000][483.075s][info ][safepoint     ] Leaving safepoint region
[2024-09-04T12:16:13.246+0000][483.075s][info ][safepoint     ] Total time for which application threads were stopped: 0.0010286 seconds, Stopping threads took: 0.0002544 seconds
[2024-09-04T12:16:14.246+0000][484.075s][debug][safepoint     ] Safepoint synchronization initiated. (268 threads)
[2024-09-04T12:16:14.246+0000][484.075s][info ][safepoint     ] Application time: 1.0003610 seconds
[2024-09-04T12:16:14.247+0000][484.075s][info ][safepoint     ] Entering safepoint region: Cleanup
[2024-09-04T12:16:14.247+0000][484.076s][info ][safepoint     ] Leaving safepoint region
[2024-09-04T12:16:14.247+0000][484.076s][info ][safepoint     ] Total time for which application threads were stopped: 0.0010354 seconds, Stopping threads took: 0.0002443 seconds
[2024-09-04T12:16:15.248+0000][485.077s][debug][safepoint     ] Safepoint synchronization initiated. (268 threads)
[2024-09-04T12:16:15.248+0000][485.077s][info ][safepoint     ] Application time: 1.0003717 seconds
[2024-09-04T12:16:15.248+0000][485.077s][info ][safepoint     ] Entering safepoint region: Cleanup
[2024-09-04T12:16:15.249+0000][485.077s][info ][safepoint     ] Leaving safepoint region
[2024-09-04T12:16:15.249+0000][485.077s][info ][safepoint     ] Total time for which application threads were stopped: 0.0007481 seconds, Stopping threads took: 0.0001933 seconds
[2024-09-04T12:16:15.712+0000][485.541s][debug][safepoint     ] Safepoint synchronization initiated. (268 threads)
[2024-09-04T12:16:15.712+0000][485.541s][info ][safepoint     ] Application time: 0.4636239 seconds
[2024-09-04T12:16:15.712+0000][485.541s][info ][safepoint     ] Entering safepoint region: G1CollectForAllocation
[2024-09-04T12:16:15.713+0000][485.542s][info ][gc,start      ] GC(87) Pause Young (Normal) (G1 Evacuation Pause)
[2024-09-04T12:16:15.713+0000][485.542s][info ][gc,task       ] GC(87) Using 4 workers of 4 for evacuation
[2024-09-04T12:16:15.738+0000][485.567s][info ][gc,phases     ] GC(87)   Pre Evacuate Collection Set: 0.8ms
[2024-09-04T12:16:15.738+0000][485.567s][info ][gc,phases     ] GC(87)   Evacuate Collection Set: 14.1ms
[2024-09-04T12:16:15.738+0000][485.567s][info ][gc,phases     ] GC(87)   Post Evacuate Collection Set: 8.9ms
[2024-09-04T12:16:15.738+0000][485.567s][info ][gc,phases     ] GC(87)   Other: 1.3ms
[2024-09-04T12:16:15.738+0000][485.567s][info ][gc,heap       ] GC(87) Eden regions: 188->0(187)
[2024-09-04T12:16:15.738+0000][485.567s][info ][gc,heap       ] GC(87) Survivor regions: 6->7(25)
[2024-09-04T12:16:15.738+0000][485.567s][info ][gc,heap       ] GC(87) Old regions: 169->169
[2024-09-04T12:16:15.738+0000][485.567s][info ][gc,heap       ] GC(87) Humongous regions: 0->0
[2024-09-04T12:16:15.738+0000][485.567s][info ][gc,metaspace  ] GC(87) Metaspace: 180454K(186480K)->180454K(186480K) NonClass: 159558K(163284K)->159558K(163284K) Class: 20896K(23196K)->20896K(23196K)
[2024-09-04T12:16:15.738+0000][485.567s][info ][gc            ] GC(87) Pause Young (Normal) (G1 Evacuation Pause) 360M->173M(412M) 25.162ms
[2024-09-04T12:16:15.738+0000][485.567s][info ][gc,cpu        ] GC(87) User=0.09s Sys=0.00s Real=0.02s
[2024-09-04T12:16:15.739+0000][485.567s][info ][safepoint     ] Leaving safepoint region
[2024-09-04T12:16:15.739+0000][485.567s][info ][safepoint     ] Total time for which application threads were stopped: 0.0263647 seconds, Stopping threads took: 0.0002476 seconds
[2024-09-04T12:16:15.739+0000][485.568s][info ][gc,stringdedup] Concurrent String Deduplication (485.568s)
[2024-09-04T12:16:15.740+0000][485.569s][info ][gc,stringdedup] Concurrent String Deduplication 181.4K->100.6K(82664.0B) avg 54.4% (485.568s, 485.569s) 1.470ms
[2024-09-04T12:16:16.739+0000][486.568s][debug][safepoint     ] Safepoint synchronization initiated. (268 threads)
[2024-09-04T12:16:16.739+0000][486.568s][info ][safepoint     ] Application time: 1.0003952 seconds
[2024-09-04T12:16:16.739+0000][486.568s][info ][safepoint     ] Entering safepoint region: Cleanup
[2024-09-04T12:16:16.740+0000][486.569s][info ][safepoint     ] Leaving safepoint region
[2024-09-04T12:16:16.740+0000][486.569s][info ][safepoint     ] Total time for which application threads were stopped: 0.0008459 seconds, Stopping threads took: 0.0002713 seconds
[2024-09-04T12:16:17.740+0000][487.569s][debug][safepoint     ] Safepoint synchronization initiated. (268 threads)
[2024-09-04T12:16:17.740+0000][487.569s][info ][safepoint     ] Application time: 1.0002939 seconds
[2024-09-04T12:16:17.740+0000][487.569s][info ][safepoint     ] Entering safepoint region: Cleanup
[2024-09-04T12:16:17.741+0000][487.570s][info ][safepoint     ] Leaving safepoint region
[2024-09-04T12:16:17.741+0000][487.570s][info ][safepoint     ] Total time for which application threads were stopped: 0.0008022 seconds, Stopping threads took: 0.0002236 seconds
[2024-09-04T12:16:18.741+0000][488.570s][debug][safepoint     ] Safepoint synchronization initiated. (268 threads)
[2024-09-04T12:16:18.741+0000][488.570s][info ][safepoint     ] Application time: 1.0002508 seconds
[2024-09-04T12:16:18.742+0000][488.571s][info ][safepoint     ] Entering safepoint region: Cleanup
[2024-09-04T12:16:18.742+0000][488.571s][info ][safepoint     ] Leaving safepoint region
[2024-09-04T12:16:18.742+0000][488.571s][info ][safepoint     ] Total time for which application threads were stopped: 0.0010706 seconds, Stopping threads took: 0.0004392 seconds
[2024-09-04T12:16:18.742+0000][488.571s][debug][safepoint     ] ... found polling page return exception at pc = 0x00007ff4a131ffd6, stub =0x00007ff498824b00
[2024-09-04T12:16:19.743+0000][489.572s][debug][safepoint     ] Safepoint synchronization initiated. (268 threads)
[2024-09-04T12:16:19.743+0000][489.572s][info ][safepoint     ] Application time: 1.0004088 seconds
[2024-09-04T12:16:19.743+0000][489.572s][info ][safepoint     ] Entering safepoint region: Cleanup
[2024-09-04T12:16:19.744+0000][489.572s][info ][safepoint     ] Leaving safepoint region
[2024-09-04T12:16:19.744+0000][489.573s][info ][safepoint     ] Total time for which application threads were stopped: 0.0009060 seconds, Stopping threads took: 0.0002554 seconds
[2024-09-04T12:16:20.744+0000][490.573s][debug][safepoint     ] Safepoint synchronization initiated. (268 threads)
[2024-09-04T12:16:20.744+0000][490.573s][info ][safepoint     ] Application time: 1.0002913 seconds
[2024-09-04T12:16:20.744+0000][490.573s][info ][safepoint     ] Entering safepoint region: Cleanup
[2024-09-04T12:16:20.745+0000][490.574s][info ][safepoint     ] Leaving safepoint region
[2024-09-04T12:16:20.745+0000][490.574s][info ][safepoint     ] Total time for which application threads were stopped: 0.0007759 seconds, Stopping threads took: 0.0002618 seconds
[2024-09-04T12:16:21.745+0000][491.574s][debug][safepoint     ] Safepoint synchronization initiated. (268 threads)
[2024-09-04T12:16:21.745+0000][491.574s][info ][safepoint     ] Application time: 1.0002223 seconds
[2024-09-04T12:16:21.745+0000][491.574s][debug][safepoint     ] ... found polling page return exception at pc = 0x00007ff4a03bfff2, stub =0x00007ff498824b00
[2024-09-04T12:16:21.746+0000][491.574s][debug][safepoint     ] Waiting for 1 thread(s) to block
[2024-09-04T12:16:21.746+0000][491.575s][info ][safepoint     ] Entering safepoint region: Cleanup
[2024-09-04T12:16:21.746+0000][491.575s][info ][safepoint     ] Leaving safepoint region
[2024-09-04T12:16:21.746+0000][491.575s][info ][safepoint     ] Total time for which application threads were stopped: 0.0011432 seconds, Stopping threads took: 0.0006022 seconds
[2024-09-04T12:16:22.747+0000][492.575s][debug][safepoint     ] Safepoint synchronization initiated. (268 threads)
[2024-09-04T12:16:22.747+0000][492.575s][info ][safepoint     ] Application time: 1.0003344 seconds
[2024-09-04T12:16:22.747+0000][492.576s][info ][safepoint     ] Entering safepoint region: Cleanup
[2024-09-04T12:16:22.748+0000][492.577s][info ][safepoint     ] Leaving safepoint region
[2024-09-04T12:16:22.748+0000][492.577s][info ][safepoint     ] Total time for which application threads were stopped: 0.0011163 seconds, Stopping threads took: 0.0002608 seconds
[2024-09-04T12:16:23.748+0000][493.577s][debug][safepoint     ] Safepoint synchronization initiated. (268 threads)
[2024-09-04T12:16:23.748+0000][493.577s][info ][safepoint     ] Application time: 1.0002726 seconds
[2024-09-04T12:16:23.748+0000][493.577s][info ][safepoint     ] Entering safepoint region: Cleanup
[2024-09-04T12:16:23.749+0000][493.578s][info ][safepoint     ] Leaving safepoint region
[2024-09-04T12:16:23.749+0000][493.578s][info ][safepoint     ] Total time for which application threads were stopped: 0.0008740 seconds, Stopping threads took: 0.0002312 seconds
[2024-09-04T12:16:24.749+0000][494.578s][debug][safepoint     ] Safepoint synchronization initiated. (268 threads)
[2024-09-04T12:16:24.749+0000][494.578s][info ][safepoint     ] Application time: 1.0001939 seconds
[2024-09-04T12:16:24.750+0000][494.578s][info ][safepoint     ] Entering safepoint region: Cleanup
[2024-09-04T12:16:24.750+0000][494.579s][info ][safepoint     ] Leaving safepoint region
[2024-09-04T12:16:24.750+0000][494.579s][info ][safepoint     ] Total time for which application threads were stopped: 0.0007705 seconds, Stopping threads took: 0.0002180 seconds
[2024-09-04T12:16:25.750+0000][495.579s][debug][safepoint     ] Safepoint synchronization initiated. (268 threads)
[2024-09-04T12:16:25.750+0000][495.579s][info ][safepoint     ] Application time: 1.0002751 seconds
[2024-09-04T12:16:25.751+0000][495.579s][info ][safepoint     ] Entering safepoint region: Cleanup
[2024-09-04T12:16:25.751+0000][495.580s][info ][safepoint     ] Leaving safepoint region
[2024-09-04T12:16:25.751+0000][495.580s][info ][safepoint     ] Total time for which application threads were stopped: 0.0006533 seconds, Stopping threads took: 0.0001867 seconds
[2024-09-04T12:16:26.751+0000][496.580s][debug][safepoint     ] Safepoint synchronization initiated. (268 threads)
[2024-09-04T12:16:26.751+0000][496.580s][info ][safepoint     ] Application time: 1.0003292 seconds
[2024-09-04T12:16:26.752+0000][496.580s][info ][safepoint     ] Entering safepoint region: Cleanup
[2024-09-04T12:16:26.752+0000][496.581s][info ][safepoint     ] Leaving safepoint region
[2024-09-04T12:16:26.752+0000][496.581s][info ][safepoint     ] Total time for which application threads were stopped: 0.0009120 seconds, Stopping threads took: 0.0002130 seconds
[2024-09-04T12:16:27.753+0000][497.581s][debug][safepoint     ] Safepoint synchronization initiated. (268 threads)
[2024-09-04T12:16:27.753+0000][497.581s][info ][safepoint     ] Application time: 1.0002235 seconds
[2024-09-04T12:16:27.753+0000][497.582s][info ][safepoint     ] Entering safepoint region: Cleanup
[2024-09-04T12:16:27.753+0000][497.582s][info ][safepoint     ] Leaving safepoint region
[2024-09-04T12:16:27.753+0000][497.582s][info ][safepoint     ] Total time for which application threads were stopped: 0.0006240 seconds, Stopping threads took: 0.0002049 seconds
[2024-09-04T12:16:28.754+0000][498.582s][debug][safepoint     ] Safepoint synchronization initiated. (268 threads)
[2024-09-04T12:16:28.754+0000][498.582s][info ][safepoint     ] Application time: 1.0003932 seconds
[2024-09-04T12:16:28.754+0000][498.583s][info ][safepoint     ] Entering safepoint region: Cleanup
[2024-09-04T12:16:28.755+0000][498.583s][info ][safepoint     ] Leaving safepoint region
[2024-09-04T12:16:28.755+0000][498.583s][info ][safepoint     ] Total time for which application threads were stopped: 0.0009665 seconds, Stopping threads took: 0.0002796 seconds
[2024-09-04T12:16:29.755+0000][499.584s][debug][safepoint     ] Safepoint synchronization initiated. (268 threads)
[2024-09-04T12:16:29.755+0000][499.584s][info ][safepoint     ] Application time: 1.0003315 seconds
[2024-09-04T12:16:29.755+0000][499.584s][info ][safepoint     ] Entering safepoint region: Cleanup
[2024-09-04T12:16:29.756+0000][499.585s][info ][safepoint     ] Leaving safepoint region
[2024-09-04T12:16:29.756+0000][499.585s][info ][safepoint     ] Total time for which application threads were stopped: 0.0011479 seconds, Stopping threads took: 0.0002382 seconds
[2024-09-04T12:16:30.756+0000][500.585s][debug][safepoint     ] Safepoint synchronization initiated. (268 threads)
[2024-09-04T12:16:30.757+0000][500.585s][info ][safepoint     ] Application time: 1.0003167 seconds
[2024-09-04T12:16:30.757+0000][500.585s][info ][safepoint     ] Entering safepoint region: Cleanup
[2024-09-04T12:16:30.757+0000][500.586s][info ][safepoint     ] Leaving safepoint region
[2024-09-04T12:16:30.757+0000][500.586s][info ][safepoint     ] Total time for which application threads were stopped: 0.0006314 seconds, Stopping threads took: 0.0002014 seconds
[2024-09-04T12:16:31.757+0000][501.586s][debug][safepoint     ] Safepoint synchronization initiated. (268 threads)
[2024-09-04T12:16:31.757+0000][501.586s][info ][safepoint     ] Application time: 1.0002743 seconds
[2024-09-04T12:16:31.758+0000][501.586s][info ][safepoint     ] Entering safepoint region: Cleanup
[2024-09-04T12:16:31.758+0000][501.587s][info ][safepoint     ] Leaving safepoint region
[2024-09-04T12:16:31.758+0000][501.587s][info ][safepoint     ] Total time for which application threads were stopped: 0.0009304 seconds, Stopping threads took: 0.0001980 seconds
[2024-09-04T12:16:32.759+0000][502.587s][debug][safepoint     ] Safepoint synchronization initiated. (268 threads)
[2024-09-04T12:16:32.759+0000][502.588s][info ][safepoint     ] Application time: 1.0003500 seconds
[2024-09-04T12:16:32.759+0000][502.588s][info ][safepoint     ] Entering safepoint region: Cleanup
[2024-09-04T12:16:32.760+0000][502.589s][info ][safepoint     ] Leaving safepoint region
[2024-09-04T12:16:32.760+0000][502.589s][info ][safepoint     ] Total time for which application threads were stopped: 0.0009726 seconds, Stopping threads took: 0.0002072 seconds
[2024-09-04T12:16:33.760+0000][503.589s][debug][safepoint     ] Safepoint synchronization initiated. (268 threads)
[2024-09-04T12:16:33.760+0000][503.589s][info ][safepoint     ] Application time: 1.0002745 seconds
[2024-09-04T12:16:33.760+0000][503.589s][info ][safepoint     ] Entering safepoint region: Cleanup
[2024-09-04T12:16:33.761+0000][503.590s][info ][safepoint     ] Leaving safepoint region
[2024-09-04T12:16:33.761+0000][503.590s][info ][safepoint     ] Total time for which application threads were stopped: 0.0006688 seconds, Stopping threads took: 0.0002000 seconds
[2024-09-04T12:16:34.761+0000][504.590s][debug][safepoint     ] Safepoint synchronization initiated. (268 threads)
[2024-09-04T12:16:34.761+0000][504.590s][info ][safepoint     ] Application time: 1.0001812 seconds
[2024-09-04T12:16:34.761+0000][504.590s][debug][safepoint     ] ... found polling page return exception at pc = 0x00007ff4a02ac994, stub =0x00007ff498824b00
[2024-09-04T12:16:34.761+0000][504.590s][debug][safepoint     ] Waiting for 2 thread(s) to block
[2024-09-04T12:16:34.761+0000][504.590s][info ][safepoint     ] Entering safepoint region: Cleanup
[2024-09-04T12:16:34.762+0000][504.590s][info ][safepoint     ] Leaving safepoint region
[2024-09-04T12:16:34.762+0000][504.590s][info ][safepoint     ] Total time for which application threads were stopped: 0.0006746 seconds, Stopping threads took: 0.0002904 seconds
[2024-09-04T12:16:35.762+0000][505.591s][debug][safepoint     ] Safepoint synchronization initiated. (268 threads)
[2024-09-04T12:16:35.762+0000][505.591s][info ][safepoint     ] Application time: 1.0002613 seconds
[2024-09-04T12:16:35.762+0000][505.591s][info ][safepoint     ] Entering safepoint region: Cleanup
[2024-09-04T12:16:35.763+0000][505.592s][info ][safepoint     ] Leaving safepoint region
[2024-09-04T12:16:35.763+0000][505.592s][info ][safepoint     ] Total time for which application threads were stopped: 0.0010389 seconds, Stopping threads took: 0.0002247 seconds
[2024-09-04T12:16:36.763+0000][506.592s][debug][safepoint     ] Safepoint synchronization initiated. (268 threads)
[2024-09-04T12:16:36.763+0000][506.592s][info ][safepoint     ] Application time: 1.0002431 seconds
[2024-09-04T12:16:36.763+0000][506.592s][info ][safepoint     ] Entering safepoint region: Cleanup
[2024-09-04T12:16:36.764+0000][506.593s][info ][safepoint     ] Leaving safepoint region
[2024-09-04T12:16:36.764+0000][506.593s][info ][safepoint     ] Total time for which application threads were stopped: 0.0007028 seconds, Stopping threads took: 0.0001810 seconds
[2024-09-04T12:16:37.764+0000][507.593s][debug][safepoint     ] Safepoint synchronization initiated. (268 threads)
[2024-09-04T12:16:37.764+0000][507.593s][info ][safepoint     ] Application time: 1.0003152 seconds
[2024-09-04T12:16:37.765+0000][507.593s][info ][safepoint     ] Entering safepoint region: Cleanup
[2024-09-04T12:16:37.765+0000][507.594s][debug][safepoint     ] ... found polling page return exception at pc = 0x00007ff4a131ffd6, stub =0x00007ff498824b00
[2024-09-04T12:16:37.765+0000][507.594s][info ][safepoint     ] Leaving safepoint region
[2024-09-04T12:16:37.765+0000][507.594s][info ][safepoint     ] Total time for which application threads were stopped: 0.0010036 seconds, Stopping threads took: 0.0002566 seconds
[2024-09-04T12:16:38.766+0000][508.594s][debug][safepoint     ] Safepoint synchronization initiated. (268 threads)
[2024-09-04T12:16:38.766+0000][508.594s][info ][safepoint     ] Application time: 1.0002474 seconds
[2024-09-04T12:16:38.766+0000][508.595s][info ][safepoint     ] Entering safepoint region: Cleanup
[2024-09-04T12:16:38.766+0000][508.595s][info ][safepoint     ] Leaving safepoint region
[2024-09-04T12:16:38.766+0000][508.595s][info ][safepoint     ] Total time for which application threads were stopped: 0.0007332 seconds, Stopping threads took: 0.0002528 seconds
[2024-09-04T12:16:39.767+0000][509.596s][debug][safepoint     ] Safepoint synchronization initiated. (268 threads)
[2024-09-04T12:16:39.767+0000][509.596s][info ][safepoint     ] Application time: 1.0003815 seconds
[2024-09-04T12:16:39.767+0000][509.596s][info ][safepoint     ] Entering safepoint region: Cleanup
[2024-09-04T12:16:39.768+0000][509.596s][info ][safepoint     ] Leaving safepoint region
[2024-09-04T12:16:39.768+0000][509.596s][info ][safepoint     ] Total time for which application threads were stopped: 0.0007691 seconds, Stopping threads took: 0.0002196 seconds
[2024-09-04T12:16:40.768+0000][510.597s][debug][safepoint     ] Safepoint synchronization initiated. (268 threads)
[2024-09-04T12:16:40.768+0000][510.597s][info ][safepoint     ] Application time: 1.0002434 seconds
[2024-09-04T12:16:40.768+0000][510.597s][debug][safepoint     ] ... found polling page return exception at pc = 0x00007ff4a085e306, stub =0x00007ff498824b00
[2024-09-04T12:16:40.768+0000][510.597s][debug][safepoint     ] ... found polling page return exception at pc = 0x00007ff4a131ffd6, stub =0x00007ff498824b00
[2024-09-04T12:16:40.768+0000][510.597s][debug][safepoint     ] ... found polling page return exception at pc = 0x00007ff4a0a9382c, stub =0x00007ff498824b00
[2024-09-04T12:16:40.768+0000][510.597s][debug][safepoint     ] Waiting for 3 thread(s) to block
[2024-09-04T12:16:40.769+0000][510.597s][info ][safepoint     ] Entering safepoint region: Cleanup
[2024-09-04T12:16:40.769+0000][510.598s][debug][safepoint     ] ... found polling page return exception at pc = 0x00007ff4a131ffd6, stub =0x00007ff498824b00
[2024-09-04T12:16:40.769+0000][510.598s][debug][safepoint     ] ... found polling page return exception at pc = 0x00007ff4a131ffd6, stub =0x00007ff498824b00
[2024-09-04T12:16:40.769+0000][510.598s][info ][safepoint     ] Leaving safepoint region
[2024-09-04T12:16:40.769+0000][510.598s][info ][safepoint     ] Total time for which application threads were stopped: 0.0013737 seconds, Stopping threads took: 0.0007406 seconds
[2024-09-04T12:16:40.769+0000][510.598s][debug][safepoint     ] ... found polling page return exception at pc = 0x00007ff4a131ffd6, stub =0x00007ff498824b00
[2024-09-04T12:16:41.770+0000][511.598s][debug][safepoint     ] Safepoint synchronization initiated. (268 threads)
[2024-09-04T12:16:41.770+0000][511.599s][info ][safepoint     ] Application time: 1.0003526 seconds
[2024-09-04T12:16:41.770+0000][511.599s][info ][safepoint     ] Entering safepoint region: Cleanup
[2024-09-04T12:16:41.771+0000][511.600s][info ][safepoint     ] Leaving safepoint region
[2024-09-04T12:16:41.771+0000][511.600s][info ][safepoint     ] Total time for which application threads were stopped: 0.0010001 seconds, Stopping threads took: 0.0002723 seconds
[2024-09-04T12:16:42.771+0000][512.600s][debug][safepoint     ] Safepoint synchronization initiated. (268 threads)
[2024-09-04T12:16:42.771+0000][512.600s][info ][safepoint     ] Application time: 1.0003311 seconds
[2024-09-04T12:16:42.771+0000][512.600s][info ][safepoint     ] Entering safepoint region: Cleanup
[2024-09-04T12:16:42.772+0000][512.601s][info ][safepoint     ] Leaving safepoint region
[2024-09-04T12:16:42.772+0000][512.601s][info ][safepoint     ] Total time for which application threads were stopped: 0.0010193 seconds, Stopping threads took: 0.0002533 seconds
[2024-09-04T12:16:43.772+0000][513.601s][debug][safepoint     ] Safepoint synchronization initiated. (268 threads)
[2024-09-04T12:16:43.773+0000][513.601s][info ][safepoint     ] Application time: 1.0003194 seconds
[2024-09-04T12:16:43.773+0000][513.602s][info ][safepoint     ] Entering safepoint region: Cleanup
[2024-09-04T12:16:43.773+0000][513.602s][info ][safepoint     ] Leaving safepoint region
[2024-09-04T12:16:43.774+0000][513.602s][info ][safepoint     ] Total time for which application threads were stopped: 0.0008986 seconds, Stopping threads took: 0.0003018 seconds
[2024-09-04T12:16:44.774+0000][514.603s][debug][safepoint     ] Safepoint synchronization initiated. (268 threads)
[2024-09-04T12:16:44.774+0000][514.603s][info ][safepoint     ] Application time: 1.0003808 seconds
[2024-09-04T12:16:44.774+0000][514.603s][info ][safepoint     ] Entering safepoint region: Cleanup
[2024-09-04T12:16:44.775+0000][514.604s][info ][safepoint     ] Leaving safepoint region
[2024-09-04T12:16:44.775+0000][514.604s][info ][safepoint     ] Total time for which application threads were stopped: 0.0010316 seconds, Stopping threads took: 0.0002490 seconds
[2024-09-04T12:16:44.828+0000][514.657s][debug][safepoint     ] Safepoint synchronization initiated. (268 threads)
[2024-09-04T12:16:44.828+0000][514.657s][info ][safepoint     ] Application time: 0.0533434 seconds
[2024-09-04T12:16:44.828+0000][514.657s][debug][safepoint     ] ... found polling page return exception at pc = 0x00007ff4a131ffd6, stub =0x00007ff498824b00
[2024-09-04T12:16:44.829+0000][514.657s][debug][safepoint     ] Waiting for 1 thread(s) to block
[2024-09-04T12:16:44.829+0000][514.657s][info ][safepoint     ] Entering safepoint region: G1CollectForAllocation
[2024-09-04T12:16:44.829+0000][514.658s][info ][gc,start      ] GC(88) Pause Young (Normal) (G1 Evacuation Pause)
[2024-09-04T12:16:44.829+0000][514.658s][info ][gc,task       ] GC(88) Using 4 workers of 4 for evacuation
[2024-09-04T12:16:44.843+0000][514.672s][info ][gc,phases     ] GC(88)   Pre Evacuate Collection Set: 0.1ms
[2024-09-04T12:16:44.843+0000][514.672s][info ][gc,phases     ] GC(88)   Evacuate Collection Set: 8.0ms
[2024-09-04T12:16:44.843+0000][514.672s][info ][gc,phases     ] GC(88)   Post Evacuate Collection Set: 5.3ms
[2024-09-04T12:16:44.843+0000][514.672s][info ][gc,phases     ] GC(88)   Other: 0.5ms
[2024-09-04T12:16:44.843+0000][514.672s][info ][gc,heap       ] GC(88) Eden regions: 187->0(189)
[2024-09-04T12:16:44.843+0000][514.672s][info ][gc,heap       ] GC(88) Survivor regions: 7->6(25)
[2024-09-04T12:16:44.843+0000][514.672s][info ][gc,heap       ] GC(88) Old regions: 169->169
[2024-09-04T12:16:44.843+0000][514.672s][info ][gc,heap       ] GC(88) Humongous regions: 0->0
[2024-09-04T12:16:44.843+0000][514.672s][info ][gc,metaspace  ] GC(88) Metaspace: 180484K(186480K)->180484K(186480K) NonClass: 159587K(163284K)->159587K(163284K) Class: 20897K(23196K)->20897K(23196K)
[2024-09-04T12:16:44.843+0000][514.672s][info ][gc            ] GC(88) Pause Young (Normal) (G1 Evacuation Pause) 360M->173M(412M) 14.063ms
[2024-09-04T12:16:44.843+0000][514.672s][info ][gc,cpu        ] GC(88) User=0.05s Sys=0.00s Real=0.02s
[2024-09-04T12:16:44.843+0000][514.672s][info ][safepoint     ] Leaving safepoint region
[2024-09-04T12:16:44.843+0000][514.672s][info ][safepoint     ] Total time for which application threads were stopped: 0.0149657 seconds, Stopping threads took: 0.0002961 seconds
[2024-09-04T12:16:44.843+0000][514.672s][info ][gc,stringdedup] Concurrent String Deduplication (514.672s)
[2024-09-04T12:16:44.844+0000][514.672s][info ][gc,stringdedup] Concurrent String Deduplication 19792.0B->11688.0B(8104.0B) avg 54.4% (514.672s, 514.672s) 0.149ms
[2024-09-04T12:16:45.844+0000][515.672s][debug][safepoint     ] Safepoint synchronization initiated. (268 threads)
[2024-09-04T12:16:45.844+0000][515.672s][info ][safepoint     ] Application time: 1.0002321 seconds
[2024-09-04T12:16:45.844+0000][515.673s][debug][safepoint     ] ... found polling page return exception at pc = 0x00007ff4a0ee1b9f, stub =0x00007ff498824b00
[2024-09-04T12:16:45.844+0000][515.673s][debug][safepoint     ] Waiting for 1 thread(s) to block
[2024-09-04T12:16:45.844+0000][515.673s][info ][safepoint     ] Entering safepoint region: Cleanup
[2024-09-04T12:16:45.845+0000][515.674s][info ][safepoint     ] Leaving safepoint region
[2024-09-04T12:16:45.845+0000][515.674s][info ][safepoint     ] Total time for which application threads were stopped: 0.0016062 seconds, Stopping threads took: 0.0007535 seconds
[2024-09-04T12:16:46.845+0000][516.674s][debug][safepoint     ] Safepoint synchronization initiated. (268 threads)
[2024-09-04T12:16:46.846+0000][516.674s][info ][safepoint     ] Application time: 1.0002481 seconds
[2024-09-04T12:16:46.846+0000][516.674s][info ][safepoint     ] Entering safepoint region: Cleanup
[2024-09-04T12:16:46.846+0000][516.675s][info ][safepoint     ] Leaving safepoint region
[2024-09-04T12:16:46.846+0000][516.675s][info ][safepoint     ] Total time for which application threads were stopped: 0.0004890 seconds, Stopping threads took: 0.0001591 seconds
[2024-09-04T12:16:47.846+0000][517.675s][debug][safepoint     ] Safepoint synchronization initiated. (268 threads)
[2024-09-04T12:16:47.846+0000][517.675s][info ][safepoint     ] Application time: 1.0002895 seconds
[2024-09-04T12:16:47.846+0000][517.675s][debug][safepoint     ] ... found polling page return exception at pc = 0x00007ff4a0a468c4, stub =0x00007ff498824b00
[2024-09-04T12:16:47.847+0000][517.675s][debug][safepoint     ] Waiting for 1 thread(s) to block
[2024-09-04T12:16:47.847+0000][517.676s][info ][safepoint     ] Entering safepoint region: Cleanup
[2024-09-04T12:16:47.847+0000][517.676s][info ][safepoint     ] Leaving safepoint region
[2024-09-04T12:16:47.847+0000][517.676s][info ][safepoint     ] Total time for which application threads were stopped: 0.0010958 seconds, Stopping threads took: 0.0005327 seconds
[2024-09-04T12:16:47.847+0000][517.676s][debug][safepoint     ] ... found polling page return exception at pc = 0x00007ff4a131ffd6, stub =0x00007ff498824b00
[2024-09-04T12:16:47.847+0000][517.676s][debug][safepoint     ] ... found polling page return exception at pc = 0x00007ff4a131ffd6, stub =0x00007ff498824b00
[2024-09-04T12:16:48.848+0000][518.677s][debug][safepoint     ] Safepoint synchronization initiated. (268 threads)
[2024-09-04T12:16:48.848+0000][518.677s][info ][safepoint     ] Application time: 1.0004456 seconds
[2024-09-04T12:16:48.848+0000][518.677s][info ][safepoint     ] Entering safepoint region: Cleanup
[2024-09-04T12:16:48.849+0000][518.678s][info ][safepoint     ] Leaving safepoint region
[2024-09-04T12:16:48.849+0000][518.678s][info ][safepoint     ] Total time for which application threads were stopped: 0.0010054 seconds, Stopping threads took: 0.0002262 seconds
[2024-09-04T12:16:49.849+0000][519.678s][debug][safepoint     ] Safepoint synchronization initiated. (268 threads)
[2024-09-04T12:16:49.849+0000][519.678s][info ][safepoint     ] Application time: 1.0002431 seconds
[2024-09-04T12:16:49.849+0000][519.678s][info ][safepoint     ] Entering safepoint region: Cleanup
[2024-09-04T12:16:49.850+0000][519.679s][info ][safepoint     ] Leaving safepoint region
[2024-09-04T12:16:49.850+0000][519.679s][info ][safepoint     ] Total time for which application threads were stopped: 0.0006556 seconds, Stopping threads took: 0.0002264 seconds
[2024-09-04T12:16:50.850+0000][520.679s][debug][safepoint     ] Safepoint synchronization initiated. (268 threads)
[2024-09-04T12:16:50.850+0000][520.679s][info ][safepoint     ] Application time: 1.0003065 seconds
[2024-09-04T12:16:50.850+0000][520.679s][info ][safepoint     ] Entering safepoint region: Cleanup
[2024-09-04T12:16:50.851+0000][520.680s][info ][safepoint     ] Leaving safepoint region
[2024-09-04T12:16:50.851+0000][520.680s][info ][safepoint     ] Total time for which application threads were stopped: 0.0011339 seconds, Stopping threads took: 0.0002535 seconds
[2024-09-04T12:16:51.852+0000][521.680s][debug][safepoint     ] Safepoint synchronization initiated. (268 threads)
[2024-09-04T12:16:51.852+0000][521.681s][info ][safepoint     ] Application time: 1.0003758 seconds
[2024-09-04T12:16:51.852+0000][521.681s][info ][safepoint     ] Entering safepoint region: Cleanup
[2024-09-04T12:16:51.853+0000][521.682s][info ][safepoint     ] Leaving safepoint region
[2024-09-04T12:16:51.853+0000][521.682s][info ][safepoint     ] Total time for which application threads were stopped: 0.0009608 seconds, Stopping threads took: 0.0002236 seconds
[2024-09-04T12:16:52.853+0000][522.682s][debug][safepoint     ] Safepoint synchronization initiated. (268 threads)
[2024-09-04T12:16:52.853+0000][522.682s][info ][safepoint     ] Application time: 1.0002676 seconds
[2024-09-04T12:16:52.853+0000][522.682s][info ][safepoint     ] Entering safepoint region: Cleanup
[2024-09-04T12:16:52.854+0000][522.683s][info ][safepoint     ] Leaving safepoint region
[2024-09-04T12:16:52.854+0000][522.683s][info ][safepoint     ] Total time for which application threads were stopped: 0.0008159 seconds, Stopping threads took: 0.0002020 seconds
[2024-09-04T12:16:53.854+0000][523.683s][debug][safepoint     ] Safepoint synchronization initiated. (268 threads)
[2024-09-04T12:16:53.854+0000][523.683s][info ][safepoint     ] Application time: 1.0002867 seconds
[2024-09-04T12:16:53.854+0000][523.683s][info ][safepoint     ] Entering safepoint region: Cleanup
[2024-09-04T12:16:53.855+0000][523.684s][info ][safepoint     ] Leaving safepoint region
[2024-09-04T12:16:53.855+0000][523.684s][info ][safepoint     ] Total time for which application threads were stopped: 0.0010929 seconds, Stopping threads took: 0.0002209 seconds
[2024-09-04T12:16:54.856+0000][524.684s][debug][safepoint     ] Safepoint synchronization initiated. (268 threads)
[2024-09-04T12:16:54.856+0000][524.684s][info ][safepoint     ] Application time: 1.0002995 seconds
[2024-09-04T12:16:54.856+0000][524.685s][info ][safepoint     ] Entering safepoint region: Cleanup
[2024-09-04T12:16:54.857+0000][524.685s][info ][safepoint     ] Leaving safepoint region
[2024-09-04T12:16:54.857+0000][524.685s][info ][safepoint     ] Total time for which application threads were stopped: 0.0008729 seconds, Stopping threads took: 0.0002167 seconds
[2024-09-04T12:16:55.857+0000][525.686s][debug][safepoint     ] Safepoint synchronization initiated. (268 threads)
[2024-09-04T12:16:55.857+0000][525.686s][info ][safepoint     ] Application time: 1.0002310 seconds
[2024-09-04T12:16:55.857+0000][525.686s][info ][safepoint     ] Entering safepoint region: Cleanup
[2024-09-04T12:16:55.858+0000][525.687s][info ][safepoint     ] Leaving safepoint region
[2024-09-04T12:16:55.858+0000][525.687s][info ][safepoint     ] Total time for which application threads were stopped: 0.0011986 seconds, Stopping threads took: 0.0002345 seconds
[2024-09-04T12:16:56.858+0000][526.687s][debug][safepoint     ] Safepoint synchronization initiated. (268 threads)
[2024-09-04T12:16:56.858+0000][526.687s][info ][safepoint     ] Application time: 1.0002899 seconds
[2024-09-04T12:16:56.859+0000][526.687s][info ][safepoint     ] Entering safepoint region: Cleanup
[2024-09-04T12:16:56.859+0000][526.688s][info ][safepoint     ] Leaving safepoint region
[2024-09-04T12:16:56.859+0000][526.688s][info ][safepoint     ] Total time for which application threads were stopped: 0.0009259 seconds, Stopping threads took: 0.0002644 seconds
[2024-09-04T12:16:57.860+0000][527.689s][debug][safepoint     ] Safepoint synchronization initiated. (268 threads)
[2024-09-04T12:16:57.860+0000][527.689s][info ][safepoint     ] Application time: 1.0003989 seconds
[2024-09-04T12:16:57.860+0000][527.689s][info ][safepoint     ] Entering safepoint region: Cleanup
[2024-09-04T12:16:57.861+0000][527.690s][info ][safepoint     ] Leaving safepoint region
[2024-09-04T12:16:57.861+0000][527.690s][info ][safepoint     ] Total time for which application threads were stopped: 0.0010262 seconds, Stopping threads took: 0.0002254 seconds
[2024-09-04T12:16:58.861+0000][528.690s][debug][safepoint     ] Safepoint synchronization initiated. (268 threads)
[2024-09-04T12:16:58.861+0000][528.690s][info ][safepoint     ] Application time: 1.0003705 seconds
[2024-09-04T12:16:58.862+0000][528.690s][info ][safepoint     ] Entering safepoint region: Cleanup
[2024-09-04T12:16:58.862+0000][528.691s][info ][safepoint     ] Leaving safepoint region
[2024-09-04T12:16:58.862+0000][528.691s][info ][safepoint     ] Total time for which application threads were stopped: 0.0010723 seconds, Stopping threads took: 0.0003931 seconds
[2024-09-04T12:16:59.863+0000][529.692s][debug][safepoint     ] Safepoint synchronization initiated. (267 threads)
[2024-09-04T12:16:59.863+0000][529.692s][info ][safepoint     ] Application time: 1.0004220 seconds
[2024-09-04T12:16:59.863+0000][529.692s][info ][safepoint     ] Entering safepoint region: Cleanup
[2024-09-04T12:16:59.864+0000][529.692s][info ][safepoint     ] Leaving safepoint region
[2024-09-04T12:16:59.864+0000][529.693s][info ][safepoint     ] Total time for which application threads were stopped: 0.0008891 seconds, Stopping threads took: 0.0002503 seconds
[2024-09-04T12:17:00.864+0000][530.693s][debug][safepoint     ] Safepoint synchronization initiated. (267 threads)
[2024-09-04T12:17:00.864+0000][530.693s][info ][safepoint     ] Application time: 1.0002226 seconds
[2024-09-04T12:17:00.864+0000][530.693s][info ][safepoint     ] Entering safepoint region: Cleanup
[2024-09-04T12:17:00.865+0000][530.694s][info ][safepoint     ] Leaving safepoint region
[2024-09-04T12:17:00.865+0000][530.694s][info ][safepoint     ] Total time for which application threads were stopped: 0.0009366 seconds, Stopping threads took: 0.0001899 seconds
[2024-09-04T12:17:01.865+0000][531.694s][debug][safepoint     ] Safepoint synchronization initiated. (267 threads)
[2024-09-04T12:17:01.865+0000][531.694s][info ][safepoint     ] Application time: 1.0003455 seconds
[2024-09-04T12:17:01.866+0000][531.694s][info ][safepoint     ] Entering safepoint region: Cleanup
[2024-09-04T12:17:01.866+0000][531.695s][info ][safepoint     ] Leaving safepoint region
[2024-09-04T12:17:01.866+0000][531.695s][info ][safepoint     ] Total time for which application threads were stopped: 0.0009128 seconds, Stopping threads took: 0.0003712 seconds
[2024-09-04T12:17:02.867+0000][532.695s][debug][safepoint     ] Safepoint synchronization initiated. (267 threads)
[2024-09-04T12:17:02.867+0000][532.695s][info ][safepoint     ] Application time: 1.0002993 seconds
[2024-09-04T12:17:02.867+0000][532.696s][info ][safepoint     ] Entering safepoint region: Cleanup
[2024-09-04T12:17:02.867+0000][532.696s][info ][safepoint     ] Leaving safepoint region
[2024-09-04T12:17:02.867+0000][532.696s][info ][safepoint     ] Total time for which application threads were stopped: 0.0008013 seconds, Stopping threads took: 0.0002380 seconds
[2024-09-04T12:17:03.868+0000][533.696s][debug][safepoint     ] Safepoint synchronization initiated. (267 threads)
[2024-09-04T12:17:03.868+0000][533.696s][info ][safepoint     ] Application time: 1.0001880 seconds
[2024-09-04T12:17:03.868+0000][533.697s][info ][safepoint     ] Entering safepoint region: Cleanup
[2024-09-04T12:17:03.868+0000][533.697s][info ][safepoint     ] Leaving safepoint region
[2024-09-04T12:17:03.868+0000][533.697s][info ][safepoint     ] Total time for which application threads were stopped: 0.0005629 seconds, Stopping threads took: 0.0001788 seconds
[2024-09-04T12:17:04.868+0000][534.697s][debug][safepoint     ] Safepoint synchronization initiated. (266 threads)
[2024-09-04T12:17:04.869+0000][534.697s][info ][safepoint     ] Application time: 1.0002813 seconds
[2024-09-04T12:17:04.869+0000][534.698s][info ][safepoint     ] Entering safepoint region: Cleanup
[2024-09-04T12:17:04.869+0000][534.698s][info ][safepoint     ] Leaving safepoint region
[2024-09-04T12:17:04.869+0000][534.698s][info ][safepoint     ] Total time for which application threads were stopped: 0.0007570 seconds, Stopping threads took: 0.0002405 seconds
[2024-09-04T12:17:05.870+0000][535.698s][debug][safepoint     ] Safepoint synchronization initiated. (266 threads)
[2024-09-04T12:17:05.870+0000][535.698s][info ][safepoint     ] Application time: 1.0003117 seconds
[2024-09-04T12:17:05.870+0000][535.699s][info ][safepoint     ] Entering safepoint region: Cleanup
[2024-09-04T12:17:05.870+0000][535.699s][info ][safepoint     ] Leaving safepoint region
[2024-09-04T12:17:05.870+0000][535.699s][info ][safepoint     ] Total time for which application threads were stopped: 0.0006923 seconds, Stopping threads took: 0.0001786 seconds
[2024-09-04T12:17:06.871+0000][536.699s][debug][safepoint     ] Safepoint synchronization initiated. (266 threads)
[2024-09-04T12:17:06.871+0000][536.700s][info ][safepoint     ] Application time: 1.0003535 seconds
[2024-09-04T12:17:06.871+0000][536.700s][info ][safepoint     ] Entering safepoint region: Cleanup
[2024-09-04T12:17:06.872+0000][536.701s][info ][safepoint     ] Leaving safepoint region
[2024-09-04T12:17:06.872+0000][536.701s][info ][safepoint     ] Total time for which application threads were stopped: 0.0010600 seconds, Stopping threads took: 0.0002268 seconds
[2024-09-04T12:17:07.872+0000][537.701s][debug][safepoint     ] Safepoint synchronization initiated. (265 threads)
[2024-09-04T12:17:07.872+0000][537.701s][info ][safepoint     ] Application time: 1.0002832 seconds
[2024-09-04T12:17:07.872+0000][537.701s][info ][safepoint     ] Entering safepoint region: Cleanup
[2024-09-04T12:17:07.873+0000][537.702s][info ][safepoint     ] Leaving safepoint region
[2024-09-04T12:17:07.873+0000][537.702s][info ][safepoint     ] Total time for which application threads were stopped: 0.0010955 seconds, Stopping threads took: 0.0001999 seconds
[2024-09-04T12:17:08.873+0000][538.702s][debug][safepoint     ] Safepoint synchronization initiated. (265 threads)
[2024-09-04T12:17:08.874+0000][538.702s][info ][safepoint     ] Application time: 1.0002906 seconds
[2024-09-04T12:17:08.874+0000][538.703s][info ][safepoint     ] Entering safepoint region: Cleanup
[2024-09-04T12:17:08.874+0000][538.703s][info ][safepoint     ] Leaving safepoint region
[2024-09-04T12:17:08.875+0000][538.703s][info ][safepoint     ] Total time for which application threads were stopped: 0.0009191 seconds, Stopping threads took: 0.0002537 seconds
[2024-09-04T12:17:09.875+0000][539.703s][debug][safepoint     ] Safepoint synchronization initiated. (265 threads)
[2024-09-04T12:17:09.875+0000][539.704s][info ][safepoint     ] Application time: 1.0002436 seconds
[2024-09-04T12:17:09.875+0000][539.704s][debug][safepoint     ] Waiting for 1 thread(s) to block
[2024-09-04T12:17:09.875+0000][539.704s][info ][safepoint     ] Entering safepoint region: Cleanup
[2024-09-04T12:17:09.876+0000][539.705s][info ][safepoint     ] Leaving safepoint region
[2024-09-04T12:17:09.876+0000][539.705s][info ][safepoint     ] Total time for which application threads were stopped: 0.0012430 seconds, Stopping threads took: 0.0004391 seconds
[2024-09-04T12:17:10.876+0000][540.705s][debug][safepoint     ] Safepoint synchronization initiated. (265 threads)
[2024-09-04T12:17:10.876+0000][540.705s][info ][safepoint     ] Application time: 1.0003267 seconds
[2024-09-04T12:17:10.877+0000][540.705s][info ][safepoint     ] Entering safepoint region: Cleanup
[2024-09-04T12:17:10.877+0000][540.706s][info ][safepoint     ] Leaving safepoint region
[2024-09-04T12:17:10.877+0000][540.706s][info ][safepoint     ] Total time for which application threads were stopped: 0.0007761 seconds, Stopping threads took: 0.0002284 seconds
[2024-09-04T12:17:11.877+0000][541.706s][debug][safepoint     ] Safepoint synchronization initiated. (265 threads)
[2024-09-04T12:17:11.878+0000][541.706s][info ][safepoint     ] Application time: 1.0002980 seconds
[2024-09-04T12:17:11.878+0000][541.707s][info ][safepoint     ] Entering safepoint region: Cleanup
[2024-09-04T12:17:11.878+0000][541.707s][info ][safepoint     ] Leaving safepoint region
[2024-09-04T12:17:11.878+0000][541.707s][info ][safepoint     ] Total time for which application threads were stopped: 0.0008951 seconds, Stopping threads took: 0.0002621 seconds
[2024-09-04T12:17:12.879+0000][542.707s][debug][safepoint     ] Safepoint synchronization initiated. (265 threads)
[2024-09-04T12:17:12.879+0000][542.708s][info ][safepoint     ] Application time: 1.0003507 seconds
[2024-09-04T12:17:12.879+0000][542.708s][info ][safepoint     ] Entering safepoint region: Cleanup
[2024-09-04T12:17:12.880+0000][542.709s][info ][safepoint     ] Leaving safepoint region
[2024-09-04T12:17:12.880+0000][542.709s][info ][safepoint     ] Total time for which application threads were stopped: 0.0011037 seconds, Stopping threads took: 0.0002460 seconds
[2024-09-04T12:17:13.880+0000][543.709s][debug][safepoint     ] Safepoint synchronization initiated. (265 threads)
[2024-09-04T12:17:13.880+0000][543.709s][info ][safepoint     ] Application time: 1.0003900 seconds
[2024-09-04T12:17:13.881+0000][543.709s][info ][safepoint     ] Entering safepoint region: Cleanup
[2024-09-04T12:17:13.881+0000][543.710s][info ][safepoint     ] Leaving safepoint region
[2024-09-04T12:17:13.881+0000][543.710s][info ][safepoint     ] Total time for which application threads were stopped: 0.0007715 seconds, Stopping threads took: 0.0002540 seconds
[2024-09-04T12:17:14.241+0000][544.069s][debug][safepoint     ] Safepoint synchronization initiated. (265 threads)
[2024-09-04T12:17:14.241+0000][544.070s][info ][safepoint     ] Application time: 0.3595856 seconds
[2024-09-04T12:17:14.241+0000][544.070s][info ][safepoint     ] Entering safepoint region: G1CollectForAllocation
[2024-09-04T12:17:14.242+0000][544.070s][info ][gc,start      ] GC(89) Pause Young (Normal) (G1 Evacuation Pause)
[2024-09-04T12:17:14.242+0000][544.070s][info ][gc,task       ] GC(89) Using 4 workers of 4 for evacuation
[2024-09-04T12:17:14.256+0000][544.085s][info ][gc,phases     ] GC(89)   Pre Evacuate Collection Set: 0.0ms
[2024-09-04T12:17:14.256+0000][544.085s][info ][gc,phases     ] GC(89)   Evacuate Collection Set: 8.9ms
[2024-09-04T12:17:14.256+0000][544.085s][info ][gc,phases     ] GC(89)   Post Evacuate Collection Set: 5.3ms
[2024-09-04T12:17:14.256+0000][544.085s][info ][gc,phases     ] GC(89)   Other: 0.5ms
[2024-09-04T12:17:14.256+0000][544.085s][info ][gc,heap       ] GC(89) Eden regions: 189->0(187)
[2024-09-04T12:17:14.256+0000][544.085s][info ][gc,heap       ] GC(89) Survivor regions: 6->7(25)
[2024-09-04T12:17:14.256+0000][544.085s][info ][gc,heap       ] GC(89) Old regions: 169->169
[2024-09-04T12:17:14.256+0000][544.085s][info ][gc,heap       ] GC(89) Humongous regions: 0->0
[2024-09-04T12:17:14.256+0000][544.085s][info ][gc,metaspace  ] GC(89) Metaspace: 180530K(186480K)->180530K(186480K) NonClass: 159632K(163284K)->159632K(163284K) Class: 20897K(23196K)->20897K(23196K)
[2024-09-04T12:17:14.257+0000][544.085s][info ][gc            ] GC(89) Pause Young (Normal) (G1 Evacuation Pause) 362M->173M(412M) 14.980ms
[2024-09-04T12:17:14.257+0000][544.085s][info ][gc,cpu        ] GC(89) User=0.05s Sys=0.00s Real=0.01s
[2024-09-04T12:17:14.257+0000][544.086s][info ][safepoint     ] Leaving safepoint region
[2024-09-04T12:17:14.257+0000][544.086s][info ][safepoint     ] Total time for which application threads were stopped: 0.0159730 seconds, Stopping threads took: 0.0001514 seconds
[2024-09-04T12:17:14.257+0000][544.086s][info ][gc,stringdedup] Concurrent String Deduplication (544.086s)
[2024-09-04T12:17:14.257+0000][544.086s][info ][gc,stringdedup] Concurrent String Deduplication 27296.0B->400.0B(26896.0B) avg 54.5% (544.086s, 544.086s) 0.075ms
[2024-09-04T12:17:15.257+0000][545.086s][debug][safepoint     ] Safepoint synchronization initiated. (265 threads)
[2024-09-04T12:17:15.257+0000][545.086s][info ][safepoint     ] Application time: 1.0003268 seconds
[2024-09-04T12:17:15.257+0000][545.086s][info ][safepoint     ] Entering safepoint region: Cleanup
[2024-09-04T12:17:15.258+0000][545.087s][info ][safepoint     ] Leaving safepoint region
[2024-09-04T12:17:15.258+0000][545.087s][info ][safepoint     ] Total time for which application threads were stopped: 0.0010863 seconds, Stopping threads took: 0.0002120 seconds
[2024-09-04T12:17:16.258+0000][546.087s][debug][safepoint     ] Safepoint synchronization initiated. (265 threads)
[2024-09-04T12:17:16.259+0000][546.087s][info ][safepoint     ] Application time: 1.0002978 seconds
[2024-09-04T12:17:16.259+0000][546.088s][info ][safepoint     ] Entering safepoint region: Cleanup
[2024-09-04T12:17:16.260+0000][546.088s][info ][safepoint     ] Leaving safepoint region
[2024-09-04T12:17:16.260+0000][546.088s][info ][safepoint     ] Total time for which application threads were stopped: 0.0009924 seconds, Stopping threads took: 0.0003031 seconds
[2024-09-04T12:17:17.260+0000][547.089s][debug][safepoint     ] Safepoint synchronization initiated. (265 threads)
[2024-09-04T12:17:17.260+0000][547.089s][info ][safepoint     ] Application time: 1.0002876 seconds
[2024-09-04T12:17:17.260+0000][547.089s][debug][safepoint     ] ... found polling page loop exception at pc = 0x00007ff4a0cbf2a4, stub =0x00007ff498826680
[2024-09-04T12:17:17.260+0000][547.089s][debug][safepoint     ] Waiting for 1 thread(s) to block
[2024-09-04T12:17:17.260+0000][547.089s][info ][safepoint     ] Entering safepoint region: Cleanup
[2024-09-04T12:17:17.261+0000][547.090s][info ][safepoint     ] Leaving safepoint region
[2024-09-04T12:17:17.261+0000][547.090s][info ][safepoint     ] Total time for which application threads were stopped: 0.0009824 seconds, Stopping threads took: 0.0004199 seconds
[2024-09-04T12:17:18.261+0000][548.090s][debug][safepoint     ] Safepoint synchronization initiated. (265 threads)
[2024-09-04T12:17:18.261+0000][548.090s][info ][safepoint     ] Application time: 1.0003018 seconds
[2024-09-04T12:17:18.261+0000][548.090s][info ][safepoint     ] Entering safepoint region: Cleanup
[2024-09-04T12:17:18.262+0000][548.091s][info ][safepoint     ] Leaving safepoint region
[2024-09-04T12:17:18.262+0000][548.091s][info ][safepoint     ] Total time for which application threads were stopped: 0.0009030 seconds, Stopping threads took: 0.0002855 seconds
[2024-09-04T12:17:19.262+0000][549.091s][debug][safepoint     ] Safepoint synchronization initiated. (265 threads)
[2024-09-04T12:17:19.262+0000][549.091s][info ][safepoint     ] Application time: 1.0002745 seconds
[2024-09-04T12:17:19.263+0000][549.092s][info ][safepoint     ] Entering safepoint region: Cleanup
[2024-09-04T12:17:19.263+0000][549.092s][info ][safepoint     ] Leaving safepoint region
[2024-09-04T12:17:19.263+0000][549.092s][info ][safepoint     ] Total time for which application threads were stopped: 0.0008378 seconds, Stopping threads took: 0.0002972 seconds
[2024-09-04T12:17:20.263+0000][550.092s][debug][safepoint     ] Safepoint synchronization initiated. (265 threads)
[2024-09-04T12:17:20.264+0000][550.092s][info ][safepoint     ] Application time: 1.0001913 seconds
[2024-09-04T12:17:20.264+0000][550.092s][info ][safepoint     ] Entering safepoint region: Cleanup
[2024-09-04T12:17:20.264+0000][550.093s][info ][safepoint     ] Leaving safepoint region
[2024-09-04T12:17:20.264+0000][550.093s][info ][safepoint     ] Total time for which application threads were stopped: 0.0005796 seconds, Stopping threads took: 0.0001711 seconds
[2024-09-04T12:17:21.264+0000][551.093s][debug][safepoint     ] Safepoint synchronization initiated. (265 threads)
[2024-09-04T12:17:21.264+0000][551.093s][info ][safepoint     ] Application time: 1.0003319 seconds
[2024-09-04T12:17:21.265+0000][551.093s][info ][safepoint     ] Entering safepoint region: Cleanup
[2024-09-04T12:17:21.266+0000][551.094s][info ][safepoint     ] Leaving safepoint region
[2024-09-04T12:17:21.266+0000][551.094s][info ][safepoint     ] Total time for which application threads were stopped: 0.0011312 seconds, Stopping threads took: 0.0002730 seconds
[2024-09-04T12:17:22.266+0000][552.095s][debug][safepoint     ] Safepoint synchronization initiated. (265 threads)
[2024-09-04T12:17:22.266+0000][552.095s][info ][safepoint     ] Application time: 1.0002377 seconds
[2024-09-04T12:17:22.266+0000][552.095s][info ][safepoint     ] Entering safepoint region: Cleanup
[2024-09-04T12:17:22.267+0000][552.096s][info ][safepoint     ] Leaving safepoint region
[2024-09-04T12:17:22.267+0000][552.096s][info ][safepoint     ] Total time for which application threads were stopped: 0.0009873 seconds, Stopping threads took: 0.0002432 seconds
[2024-09-04T12:17:23.267+0000][553.096s][debug][safepoint     ] Safepoint synchronization initiated. (265 threads)
[2024-09-04T12:17:23.267+0000][553.096s][info ][safepoint     ] Application time: 1.0002085 seconds
[2024-09-04T12:17:23.267+0000][553.096s][info ][safepoint     ] Entering safepoint region: Cleanup
[2024-09-04T12:17:23.268+0000][553.096s][info ][safepoint     ] Leaving safepoint region
[2024-09-04T12:17:23.268+0000][553.097s][info ][safepoint     ] Total time for which application threads were stopped: 0.0005810 seconds, Stopping threads took: 0.0001788 seconds
[2024-09-04T12:17:24.268+0000][554.097s][debug][safepoint     ] Safepoint synchronization initiated. (265 threads)
[2024-09-04T12:17:24.268+0000][554.097s][info ][safepoint     ] Application time: 1.0001855 seconds
[2024-09-04T12:17:24.269+0000][554.097s][debug][safepoint     ] ... found polling page return exception at pc = 0x00007ff4a12bac30, stub =0x00007ff498824b00
[2024-09-04T12:17:24.269+0000][554.097s][debug][safepoint     ] Waiting for 1 thread(s) to block
[2024-09-04T12:17:24.269+0000][554.098s][info ][safepoint     ] Entering safepoint region: Cleanup
[2024-09-04T12:17:24.269+0000][554.098s][info ][safepoint     ] Leaving safepoint region
[2024-09-04T12:17:24.269+0000][554.098s][info ][safepoint     ] Total time for which application threads were stopped: 0.0011707 seconds, Stopping threads took: 0.0008160 seconds
[2024-09-04T12:17:25.269+0000][555.098s][debug][safepoint     ] Safepoint synchronization initiated. (265 threads)
[2024-09-04T12:17:25.269+0000][555.098s][info ][safepoint     ] Application time: 1.0001757 seconds
[2024-09-04T12:17:25.270+0000][555.098s][info ][safepoint     ] Entering safepoint region: Cleanup
[2024-09-04T12:17:25.270+0000][555.099s][debug][safepoint     ] ... found polling page return exception at pc = 0x00007ff4a131ffd6, stub =0x00007ff498824b00
[2024-09-04T12:17:25.270+0000][555.099s][info ][safepoint     ] Leaving safepoint region
[2024-09-04T12:17:25.270+0000][555.099s][info ][safepoint     ] Total time for which application threads were stopped: 0.0006095 seconds, Stopping threads took: 0.0002255 seconds
[2024-09-04T12:17:26.270+0000][556.099s][debug][safepoint     ] Safepoint synchronization initiated. (265 threads)
[2024-09-04T12:17:26.270+0000][556.099s][info ][safepoint     ] Application time: 1.0004767 seconds
[2024-09-04T12:17:26.271+0000][556.099s][debug][safepoint     ] ... found polling page return exception at pc = 0x00007ff4a0349f2f, stub =0x00007ff498824b00
[2024-09-04T12:17:26.271+0000][556.099s][debug][safepoint     ] ... found polling page loop exception at pc = 0x00007ff4a11ebb4a, stub =0x00007ff498826680
[2024-09-04T12:17:26.271+0000][556.100s][debug][safepoint     ] ... found polling page return exception at pc = 0x00007ff4a0bf16b3, stub =0x00007ff498824b00
[2024-09-04T12:17:26.271+0000][556.100s][debug][safepoint     ] Waiting for 3 thread(s) to block
[2024-09-04T12:17:26.271+0000][556.100s][info ][safepoint     ] Entering safepoint region: Cleanup
[2024-09-04T12:17:26.272+0000][556.100s][info ][safepoint     ] Leaving safepoint region
[2024-09-04T12:17:26.272+0000][556.100s][info ][safepoint     ] Total time for which application threads were stopped: 0.0012183 seconds, Stopping threads took: 0.0008673 seconds
[2024-09-04T12:17:27.272+0000][557.101s][debug][safepoint     ] Safepoint synchronization initiated. (265 threads)
[2024-09-04T12:17:27.272+0000][557.101s][info ][safepoint     ] Application time: 1.0005725 seconds
[2024-09-04T12:17:27.273+0000][557.101s][info ][safepoint     ] Entering safepoint region: Cleanup
[2024-09-04T12:17:27.273+0000][557.102s][info ][safepoint     ] Leaving safepoint region
[2024-09-04T12:17:27.273+0000][557.102s][info ][safepoint     ] Total time for which application threads were stopped: 0.0010354 seconds, Stopping threads took: 0.0002469 seconds
[2024-09-04T12:17:28.274+0000][558.102s][debug][safepoint     ] Safepoint synchronization initiated. (265 threads)
[2024-09-04T12:17:28.274+0000][558.102s][info ][safepoint     ] Application time: 1.0002986 seconds
[2024-09-04T12:17:28.274+0000][558.103s][info ][safepoint     ] Entering safepoint region: Cleanup
[2024-09-04T12:17:28.275+0000][558.103s][info ][safepoint     ] Leaving safepoint region
[2024-09-04T12:17:28.275+0000][558.103s][info ][safepoint     ] Total time for which application threads were stopped: 0.0009671 seconds, Stopping threads took: 0.0003815 seconds
[2024-09-04T12:17:29.275+0000][559.104s][debug][safepoint     ] Safepoint synchronization initiated. (265 threads)
[2024-09-04T12:17:29.275+0000][559.104s][info ][safepoint     ] Application time: 1.0002522 seconds
[2024-09-04T12:17:29.275+0000][559.104s][info ][safepoint     ] Entering safepoint region: Cleanup
[2024-09-04T12:17:29.276+0000][559.104s][info ][safepoint     ] Leaving safepoint region
[2024-09-04T12:17:29.276+0000][559.104s][info ][safepoint     ] Total time for which application threads were stopped: 0.0007113 seconds, Stopping threads took: 0.0001854 seconds
[2024-09-04T12:17:30.276+0000][560.105s][debug][safepoint     ] Safepoint synchronization initiated. (265 threads)
[2024-09-04T12:17:30.276+0000][560.105s][info ][safepoint     ] Application time: 1.0002733 seconds
[2024-09-04T12:17:30.276+0000][560.105s][info ][safepoint     ] Entering safepoint region: Cleanup
[2024-09-04T12:17:30.277+0000][560.106s][info ][safepoint     ] Leaving safepoint region
[2024-09-04T12:17:30.277+0000][560.106s][info ][safepoint     ] Total time for which application threads were stopped: 0.0009083 seconds, Stopping threads took: 0.0002471 seconds
[2024-09-04T12:17:31.277+0000][561.106s][debug][safepoint     ] Safepoint synchronization initiated. (265 threads)
[2024-09-04T12:17:31.277+0000][561.106s][info ][safepoint     ] Application time: 1.0002100 seconds
[2024-09-04T12:17:31.277+0000][561.106s][info ][safepoint     ] Entering safepoint region: Cleanup
[2024-09-04T12:17:31.278+0000][561.107s][info ][safepoint     ] Leaving safepoint region
[2024-09-04T12:17:31.278+0000][561.107s][info ][safepoint     ] Total time for which application threads were stopped: 0.0007186 seconds, Stopping threads took: 0.0002051 seconds
[2024-09-04T12:17:32.278+0000][562.107s][debug][safepoint     ] Safepoint synchronization initiated. (265 threads)
[2024-09-04T12:17:32.278+0000][562.107s][info ][safepoint     ] Application time: 1.0003187 seconds
[2024-09-04T12:17:32.279+0000][562.107s][info ][safepoint     ] Entering safepoint region: Cleanup
[2024-09-04T12:17:32.279+0000][562.108s][info ][safepoint     ] Leaving safepoint region
[2024-09-04T12:17:32.279+0000][562.108s][info ][safepoint     ] Total time for which application threads were stopped: 0.0008420 seconds, Stopping threads took: 0.0002402 seconds
[2024-09-04T12:17:33.279+0000][563.108s][debug][safepoint     ] Safepoint synchronization initiated. (265 threads)
[2024-09-04T12:17:33.279+0000][563.108s][info ][safepoint     ] Application time: 1.0002358 seconds
[2024-09-04T12:17:33.280+0000][563.108s][info ][safepoint     ] Entering safepoint region: Cleanup
[2024-09-04T12:17:33.280+0000][563.109s][info ][safepoint     ] Leaving safepoint region
[2024-09-04T12:17:33.280+0000][563.109s][info ][safepoint     ] Total time for which application threads were stopped: 0.0007359 seconds, Stopping threads took: 0.0002379 seconds
[2024-09-04T12:17:34.280+0000][564.109s][debug][safepoint     ] Safepoint synchronization initiated. (265 threads)
[2024-09-04T12:17:34.281+0000][564.109s][info ][safepoint     ] Application time: 1.0003669 seconds
[2024-09-04T12:17:34.281+0000][564.110s][info ][safepoint     ] Entering safepoint region: Cleanup
[2024-09-04T12:17:34.282+0000][564.111s][info ][safepoint     ] Leaving safepoint region
[2024-09-04T12:17:34.282+0000][564.111s][info ][safepoint     ] Total time for which application threads were stopped: 0.0012152 seconds, Stopping threads took: 0.0002720 seconds
[2024-09-04T12:17:35.282+0000][565.111s][debug][safepoint     ] Safepoint synchronization initiated. (265 threads)
[2024-09-04T12:17:35.282+0000][565.111s][info ][safepoint     ] Application time: 1.0003511 seconds
[2024-09-04T12:17:35.282+0000][565.111s][info ][safepoint     ] Entering safepoint region: Cleanup
[2024-09-04T12:17:35.283+0000][565.112s][info ][safepoint     ] Leaving safepoint region
[2024-09-04T12:17:35.283+0000][565.112s][info ][safepoint     ] Total time for which application threads were stopped: 0.0010055 seconds, Stopping threads took: 0.0002511 seconds
[2024-09-04T12:17:36.283+0000][566.112s][debug][safepoint     ] Safepoint synchronization initiated. (265 threads)
[2024-09-04T12:17:36.283+0000][566.112s][info ][safepoint     ] Application time: 1.0002485 seconds
[2024-09-04T12:17:36.284+0000][566.112s][info ][safepoint     ] Entering safepoint region: Cleanup
[2024-09-04T12:17:36.284+0000][566.113s][info ][safepoint     ] Leaving safepoint region
[2024-09-04T12:17:36.284+0000][566.113s][info ][safepoint     ] Total time for which application threads were stopped: 0.0009776 seconds, Stopping threads took: 0.0002656 seconds
[2024-09-04T12:17:37.285+0000][567.114s][debug][safepoint     ] Safepoint synchronization initiated. (265 threads)
[2024-09-04T12:17:37.285+0000][567.114s][info ][safepoint     ] Application time: 1.0003241 seconds
[2024-09-04T12:17:37.285+0000][567.114s][info ][safepoint     ] Entering safepoint region: Cleanup
[2024-09-04T12:17:37.286+0000][567.114s][info ][safepoint     ] Leaving safepoint region
[2024-09-04T12:17:37.286+0000][567.114s][info ][safepoint     ] Total time for which application threads were stopped: 0.0007285 seconds, Stopping threads took: 0.0002151 seconds
[2024-09-04T12:17:38.286+0000][568.115s][debug][safepoint     ] Safepoint synchronization initiated. (265 threads)
[2024-09-04T12:17:38.286+0000][568.115s][info ][safepoint     ] Application time: 1.0003053 seconds
[2024-09-04T12:17:38.286+0000][568.115s][info ][safepoint     ] Entering safepoint region: Cleanup
[2024-09-04T12:17:38.287+0000][568.116s][info ][safepoint     ] Leaving safepoint region
[2024-09-04T12:17:38.287+0000][568.116s][info ][safepoint     ] Total time for which application threads were stopped: 0.0008309 seconds, Stopping threads took: 0.0002414 seconds
[2024-09-04T12:17:39.287+0000][569.116s][debug][safepoint     ] Safepoint synchronization initiated. (265 threads)
[2024-09-04T12:17:39.287+0000][569.116s][info ][safepoint     ] Application time: 1.0002701 seconds
[2024-09-04T12:17:39.287+0000][569.116s][info ][safepoint     ] Entering safepoint region: Cleanup
[2024-09-04T12:17:39.288+0000][569.117s][debug][safepoint     ] ... found polling page loop exception at pc = 0x00007ff49b70b7fe, stub =0x00007ff498826680
[2024-09-04T12:17:39.288+0000][569.117s][info ][safepoint     ] Leaving safepoint region
[2024-09-04T12:17:39.288+0000][569.117s][info ][safepoint     ] Total time for which application threads were stopped: 0.0012521 seconds, Stopping threads took: 0.0002439 seconds
[2024-09-04T12:17:40.289+0000][570.118s][debug][safepoint     ] Safepoint synchronization initiated. (265 threads)
[2024-09-04T12:17:40.289+0000][570.118s][info ][safepoint     ] Application time: 1.0004861 seconds
[2024-09-04T12:17:40.289+0000][570.118s][info ][safepoint     ] Entering safepoint region: Cleanup
[2024-09-04T12:17:40.290+0000][570.119s][info ][safepoint     ] Leaving safepoint region
[2024-09-04T12:17:40.290+0000][570.119s][info ][safepoint     ] Total time for which application threads were stopped: 0.0010276 seconds, Stopping threads took: 0.0002731 seconds
[2024-09-04T12:17:41.290+0000][571.119s][debug][safepoint     ] Safepoint synchronization initiated. (265 threads)
[2024-09-04T12:17:41.290+0000][571.119s][info ][safepoint     ] Application time: 1.0002739 seconds
[2024-09-04T12:17:41.290+0000][571.119s][info ][safepoint     ] Entering safepoint region: Cleanup
[2024-09-04T12:17:41.291+0000][571.120s][info ][safepoint     ] Leaving safepoint region
[2024-09-04T12:17:41.291+0000][571.120s][info ][safepoint     ] Total time for which application threads were stopped: 0.0006893 seconds, Stopping threads took: 0.0002103 seconds
[2024-09-04T12:17:42.291+0000][572.120s][debug][safepoint     ] Safepoint synchronization initiated. (266 threads)
[2024-09-04T12:17:42.291+0000][572.120s][info ][safepoint     ] Application time: 1.0001426 seconds
[2024-09-04T12:17:42.291+0000][572.120s][info ][safepoint     ] Entering safepoint region: Cleanup
[2024-09-04T12:17:42.292+0000][572.120s][info ][safepoint     ] Leaving safepoint region
[2024-09-04T12:17:42.292+0000][572.120s][info ][safepoint     ] Total time for which application threads were stopped: 0.0005611 seconds, Stopping threads took: 0.0001803 seconds
[2024-09-04T12:17:42.644+0000][572.473s][debug][safepoint     ] Safepoint synchronization initiated. (266 threads)
[2024-09-04T12:17:42.644+0000][572.473s][info ][safepoint     ] Application time: 0.3521059 seconds
[2024-09-04T12:17:42.644+0000][572.473s][info ][safepoint     ] Entering safepoint region: G1CollectForAllocation
[2024-09-04T12:17:42.645+0000][572.473s][info ][gc,start      ] GC(90) Pause Young (Normal) (G1 Evacuation Pause)
[2024-09-04T12:17:42.645+0000][572.473s][info ][gc,task       ] GC(90) Using 4 workers of 4 for evacuation
[2024-09-04T12:17:42.658+0000][572.486s][info ][gc,phases     ] GC(90)   Pre Evacuate Collection Set: 0.0ms
[2024-09-04T12:17:42.658+0000][572.486s][info ][gc,phases     ] GC(90)   Evacuate Collection Set: 7.4ms
[2024-09-04T12:17:42.658+0000][572.486s][info ][gc,phases     ] GC(90)   Post Evacuate Collection Set: 5.1ms
[2024-09-04T12:17:42.658+0000][572.486s][info ][gc,phases     ] GC(90)   Other: 0.6ms
[2024-09-04T12:17:42.658+0000][572.486s][info ][gc,heap       ] GC(90) Eden regions: 187->0(187)
[2024-09-04T12:17:42.658+0000][572.486s][info ][gc,heap       ] GC(90) Survivor regions: 7->7(25)
[2024-09-04T12:17:42.658+0000][572.486s][info ][gc,heap       ] GC(90) Old regions: 169->169
[2024-09-04T12:17:42.658+0000][572.487s][info ][gc,heap       ] GC(90) Humongous regions: 0->0
[2024-09-04T12:17:42.658+0000][572.487s][info ][gc,metaspace  ] GC(90) Metaspace: 180668K(186480K)->180668K(186480K) NonClass: 159766K(163284K)->159766K(163284K) Class: 20901K(23196K)->20901K(23196K)
[2024-09-04T12:17:42.658+0000][572.487s][info ][gc            ] GC(90) Pause Young (Normal) (G1 Evacuation Pause) 360M->173M(412M) 13.279ms
[2024-09-04T12:17:42.658+0000][572.487s][info ][gc,cpu        ] GC(90) User=0.05s Sys=0.00s Real=0.01s
[2024-09-04T12:17:42.658+0000][572.487s][info ][safepoint     ] Leaving safepoint region
[2024-09-04T12:17:42.658+0000][572.487s][info ][safepoint     ] Total time for which application threads were stopped: 0.0141436 seconds, Stopping threads took: 0.0001602 seconds
[2024-09-04T12:17:42.658+0000][572.487s][info ][gc,stringdedup] Concurrent String Deduplication (572.487s)
[2024-09-04T12:17:42.658+0000][572.487s][info ][gc,stringdedup] Concurrent String Deduplication 72.0B->72.0B(0.0B) avg 54.5% (572.487s, 572.487s) 0.027ms
[2024-09-04T12:17:43.658+0000][573.487s][debug][safepoint     ] Safepoint synchronization initiated. (265 threads)
[2024-09-04T12:17:43.658+0000][573.487s][info ][safepoint     ] Application time: 1.0002453 seconds
[2024-09-04T12:17:43.658+0000][573.487s][info ][safepoint     ] Entering safepoint region: Cleanup
[2024-09-04T12:17:43.659+0000][573.488s][info ][safepoint     ] Leaving safepoint region
[2024-09-04T12:17:43.659+0000][573.488s][info ][safepoint     ] Total time for which application threads were stopped: 0.0009053 seconds, Stopping threads took: 0.0001522 seconds
[2024-09-04T12:17:44.659+0000][574.488s][debug][safepoint     ] Safepoint synchronization initiated. (265 threads)
[2024-09-04T12:17:44.660+0000][574.488s][info ][safepoint     ] Application time: 1.0003065 seconds
[2024-09-04T12:17:44.660+0000][574.489s][info ][safepoint     ] Entering safepoint region: Cleanup
[2024-09-04T12:17:44.661+0000][574.489s][debug][safepoint     ] ... found polling page return exception at pc = 0x00007ff4a131ffd6, stub =0x00007ff498824b00
[2024-09-04T12:17:44.661+0000][574.489s][debug][safepoint     ] ... found polling page return exception at pc = 0x00007ff4a131ffd6, stub =0x00007ff498824b00
[2024-09-04T12:17:44.661+0000][574.489s][debug][safepoint     ] ... found polling page return exception at pc = 0x00007ff4a131ffd6, stub =0x00007ff498824b00
[2024-09-04T12:17:44.661+0000][574.489s][info ][safepoint     ] Leaving safepoint region
[2024-09-04T12:17:44.661+0000][574.490s][info ][safepoint     ] Total time for which application threads were stopped: 0.0014541 seconds, Stopping threads took: 0.0002742 seconds
[2024-09-04T12:17:45.661+0000][575.490s][debug][safepoint     ] Safepoint synchronization initiated. (265 threads)
[2024-09-04T12:17:45.661+0000][575.490s][info ][safepoint     ] Application time: 1.0003034 seconds
[2024-09-04T12:17:45.662+0000][575.490s][info ][safepoint     ] Entering safepoint region: Cleanup
[2024-09-04T12:17:45.662+0000][575.491s][info ][safepoint     ] Leaving safepoint region
[2024-09-04T12:17:45.662+0000][575.491s][info ][safepoint     ] Total time for which application threads were stopped: 0.0008600 seconds, Stopping threads took: 0.0003270 seconds
[2024-09-04T12:17:46.663+0000][576.491s][debug][safepoint     ] Safepoint synchronization initiated. (265 threads)
[2024-09-04T12:17:46.663+0000][576.491s][info ][safepoint     ] Application time: 1.0003799 seconds
[2024-09-04T12:17:46.663+0000][576.492s][info ][safepoint     ] Entering safepoint region: Cleanup
[2024-09-04T12:17:46.663+0000][576.492s][info ][safepoint     ] Leaving safepoint region
[2024-09-04T12:17:46.664+0000][576.492s][info ][safepoint     ] Total time for which application threads were stopped: 0.0008652 seconds, Stopping threads took: 0.0002583 seconds
[2024-09-04T12:17:47.664+0000][577.492s][debug][safepoint     ] Safepoint synchronization initiated. (265 threads)
[2024-09-04T12:17:47.664+0000][577.493s][info ][safepoint     ] Application time: 1.0002296 seconds
[2024-09-04T12:17:47.664+0000][577.493s][info ][safepoint     ] Entering safepoint region: Cleanup
[2024-09-04T12:17:47.664+0000][577.493s][info ][safepoint     ] Leaving safepoint region
[2024-09-04T12:17:47.664+0000][577.493s][info ][safepoint     ] Total time for which application threads were stopped: 0.0006462 seconds, Stopping threads took: 0.0001664 seconds
[2024-09-04T12:17:48.665+0000][578.494s][debug][safepoint     ] Safepoint synchronization initiated. (265 threads)
[2024-09-04T12:17:48.665+0000][578.494s][info ][safepoint     ] Application time: 1.0003993 seconds
[2024-09-04T12:17:48.665+0000][578.494s][info ][safepoint     ] Entering safepoint region: Cleanup
[2024-09-04T12:17:48.666+0000][578.495s][info ][safepoint     ] Leaving safepoint region
[2024-09-04T12:17:48.666+0000][578.495s][info ][safepoint     ] Total time for which application threads were stopped: 0.0011255 seconds, Stopping threads took: 0.0002996 seconds
[2024-09-04T12:17:49.666+0000][579.495s][debug][safepoint     ] Safepoint synchronization initiated. (265 threads)
[2024-09-04T12:17:49.666+0000][579.495s][info ][safepoint     ] Application time: 1.0003176 seconds
[2024-09-04T12:17:49.667+0000][579.495s][info ][safepoint     ] Entering safepoint region: Cleanup
[2024-09-04T12:17:49.667+0000][579.496s][info ][safepoint     ] Leaving safepoint region
[2024-09-04T12:17:49.667+0000][579.496s][info ][safepoint     ] Total time for which application threads were stopped: 0.0010294 seconds, Stopping threads took: 0.0002470 seconds
[2024-09-04T12:17:50.668+0000][580.496s][debug][safepoint     ] Safepoint synchronization initiated. (265 threads)
[2024-09-04T12:17:50.668+0000][580.497s][info ][safepoint     ] Application time: 1.0002549 seconds
[2024-09-04T12:17:50.668+0000][580.497s][info ][safepoint     ] Entering safepoint region: Cleanup
[2024-09-04T12:17:50.668+0000][580.497s][info ][safepoint     ] Leaving safepoint region
[2024-09-04T12:17:50.668+0000][580.497s][info ][safepoint     ] Total time for which application threads were stopped: 0.0005710 seconds, Stopping threads took: 0.0001401 seconds
[2024-09-04T12:17:51.669+0000][581.497s][debug][safepoint     ] Safepoint synchronization initiated. (265 threads)
[2024-09-04T12:17:51.669+0000][581.497s][info ][safepoint     ] Application time: 1.0003198 seconds
[2024-09-04T12:17:51.669+0000][581.498s][info ][safepoint     ] Entering safepoint region: Cleanup
[2024-09-04T12:17:51.669+0000][581.498s][info ][safepoint     ] Leaving safepoint region
[2024-09-04T12:17:51.669+0000][581.498s][info ][safepoint     ] Total time for which application threads were stopped: 0.0007037 seconds, Stopping threads took: 0.0002089 seconds
[2024-09-04T12:17:52.670+0000][582.498s][debug][safepoint     ] Safepoint synchronization initiated. (265 threads)
[2024-09-04T12:17:52.670+0000][582.498s][info ][safepoint     ] Application time: 1.0001875 seconds
[2024-09-04T12:17:52.670+0000][582.499s][info ][safepoint     ] Entering safepoint region: Cleanup
[2024-09-04T12:17:52.670+0000][582.499s][info ][safepoint     ] Leaving safepoint region
[2024-09-04T12:17:52.670+0000][582.499s][info ][safepoint     ] Total time for which application threads were stopped: 0.0008034 seconds, Stopping threads took: 0.0002147 seconds
[2024-09-04T12:17:53.671+0000][583.500s][debug][safepoint     ] Safepoint synchronization initiated. (265 threads)
[2024-09-04T12:17:53.671+0000][583.500s][info ][safepoint     ] Application time: 1.0003491 seconds
[2024-09-04T12:17:53.671+0000][583.500s][info ][safepoint     ] Entering safepoint region: Cleanup
[2024-09-04T12:17:53.672+0000][583.501s][info ][safepoint     ] Leaving safepoint region
[2024-09-04T12:17:53.672+0000][583.501s][info ][safepoint     ] Total time for which application threads were stopped: 0.0010092 seconds, Stopping threads took: 0.0002043 seconds
[2024-09-04T12:17:54.672+0000][584.501s][debug][safepoint     ] Safepoint synchronization initiated. (265 threads)
[2024-09-04T12:17:54.672+0000][584.501s][info ][safepoint     ] Application time: 1.0002922 seconds
[2024-09-04T12:17:54.672+0000][584.501s][info ][safepoint     ] Entering safepoint region: Cleanup
[2024-09-04T12:17:54.673+0000][584.502s][info ][safepoint     ] Leaving safepoint region
[2024-09-04T12:17:54.673+0000][584.502s][info ][safepoint     ] Total time for which application threads were stopped: 0.0007990 seconds, Stopping threads took: 0.0002426 seconds
[2024-09-04T12:17:55.673+0000][585.502s][debug][safepoint     ] Safepoint synchronization initiated. (265 threads)
[2024-09-04T12:17:55.673+0000][585.502s][info ][safepoint     ] Application time: 1.0001726 seconds
[2024-09-04T12:17:55.673+0000][585.502s][info ][safepoint     ] Entering safepoint region: Cleanup
[2024-09-04T12:17:55.674+0000][585.503s][info ][safepoint     ] Leaving safepoint region
[2024-09-04T12:17:55.674+0000][585.503s][info ][safepoint     ] Total time for which application threads were stopped: 0.0006278 seconds, Stopping threads took: 0.0002118 seconds
[2024-09-04T12:17:56.674+0000][586.503s][debug][safepoint     ] Safepoint synchronization initiated. (265 threads)
[2024-09-04T12:17:56.674+0000][586.503s][info ][safepoint     ] Application time: 1.0002035 seconds
[2024-09-04T12:17:56.674+0000][586.503s][info ][safepoint     ] Entering safepoint region: Cleanup
[2024-09-04T12:17:56.675+0000][586.504s][info ][safepoint     ] Leaving safepoint region
[2024-09-04T12:17:56.675+0000][586.504s][info ][safepoint     ] Total time for which application threads were stopped: 0.0009960 seconds, Stopping threads took: 0.0002826 seconds
[2024-09-04T12:17:57.675+0000][587.504s][debug][safepoint     ] Safepoint synchronization initiated. (265 threads)
[2024-09-04T12:17:57.675+0000][587.504s][info ][safepoint     ] Application time: 1.0002647 seconds
[2024-09-04T12:17:57.676+0000][587.504s][info ][safepoint     ] Entering safepoint region: Cleanup
[2024-09-04T12:17:57.676+0000][587.505s][info ][safepoint     ] Leaving safepoint region
[2024-09-04T12:17:57.676+0000][587.505s][info ][safepoint     ] Total time for which application threads were stopped: 0.0010315 seconds, Stopping threads took: 0.0002250 seconds
[2024-09-04T12:17:58.677+0000][588.506s][debug][safepoint     ] Safepoint synchronization initiated. (265 threads)
[2024-09-04T12:17:58.677+0000][588.506s][info ][safepoint     ] Application time: 1.0003507 seconds
[2024-09-04T12:17:58.677+0000][588.506s][info ][safepoint     ] Entering safepoint region: Cleanup
[2024-09-04T12:17:58.678+0000][588.507s][info ][safepoint     ] Leaving safepoint region
[2024-09-04T12:17:58.678+0000][588.507s][info ][safepoint     ] Total time for which application threads were stopped: 0.0009877 seconds, Stopping threads took: 0.0003070 seconds
[2024-09-04T12:17:59.678+0000][589.507s][debug][safepoint     ] Safepoint synchronization initiated. (265 threads)
[2024-09-04T12:17:59.678+0000][589.507s][info ][safepoint     ] Application time: 1.0002328 seconds
[2024-09-04T12:17:59.678+0000][589.507s][info ][safepoint     ] Entering safepoint region: Cleanup
[2024-09-04T12:17:59.679+0000][589.508s][info ][safepoint     ] Leaving safepoint region
[2024-09-04T12:17:59.679+0000][589.508s][info ][safepoint     ] Total time for which application threads were stopped: 0.0011126 seconds, Stopping threads took: 0.0002960 seconds
[2024-09-04T12:18:00.679+0000][590.508s][debug][safepoint     ] Safepoint synchronization initiated. (265 threads)
[2024-09-04T12:18:00.680+0000][590.508s][info ][safepoint     ] Application time: 1.0002375 seconds
[2024-09-04T12:18:00.680+0000][590.508s][info ][safepoint     ] Entering safepoint region: Cleanup
[2024-09-04T12:18:00.680+0000][590.509s][info ][safepoint     ] Leaving safepoint region
[2024-09-04T12:18:00.680+0000][590.509s][info ][safepoint     ] Total time for which application threads were stopped: 0.0006896 seconds, Stopping threads took: 0.0002140 seconds
[2024-09-04T12:18:01.680+0000][591.509s][debug][safepoint     ] Safepoint synchronization initiated. (265 threads)
[2024-09-04T12:18:01.680+0000][591.509s][info ][safepoint     ] Application time: 1.0002075 seconds
[2024-09-04T12:18:01.681+0000][591.510s][info ][safepoint     ] Entering safepoint region: Cleanup
[2024-09-04T12:18:01.682+0000][591.510s][info ][safepoint     ] Leaving safepoint region
[2024-09-04T12:18:01.682+0000][591.510s][info ][safepoint     ] Total time for which application threads were stopped: 0.0010685 seconds, Stopping threads took: 0.0005082 seconds
[2024-09-04T12:18:02.682+0000][592.511s][debug][safepoint     ] Safepoint synchronization initiated. (265 threads)
[2024-09-04T12:18:02.682+0000][592.511s][info ][safepoint     ] Application time: 1.0002833 seconds
[2024-09-04T12:18:02.682+0000][592.511s][info ][safepoint     ] Entering safepoint region: Cleanup
[2024-09-04T12:18:02.683+0000][592.511s][info ][safepoint     ] Leaving safepoint region
[2024-09-04T12:18:02.683+0000][592.511s][info ][safepoint     ] Total time for which application threads were stopped: 0.0007693 seconds, Stopping threads took: 0.0002455 seconds
[2024-09-04T12:18:03.683+0000][593.512s][debug][safepoint     ] Safepoint synchronization initiated. (265 threads)
[2024-09-04T12:18:03.683+0000][593.512s][info ][safepoint     ] Application time: 1.0003375 seconds
[2024-09-04T12:18:03.683+0000][593.512s][debug][safepoint     ] ... found polling page return exception at pc = 0x00007ff4a0349f2f, stub =0x00007ff498824b00
[2024-09-04T12:18:03.683+0000][593.512s][debug][safepoint     ] ... found polling page return exception at pc = 0x00007ff4a0fe196f, stub =0x00007ff498824b00
[2024-09-04T12:18:03.683+0000][593.512s][debug][safepoint     ] Waiting for 3 thread(s) to block
[2024-09-04T12:18:03.684+0000][593.513s][info ][safepoint     ] Entering safepoint region: Cleanup
[2024-09-04T12:18:03.684+0000][593.513s][info ][safepoint     ] Leaving safepoint region
[2024-09-04T12:18:03.684+0000][593.513s][info ][safepoint     ] Total time for which application threads were stopped: 0.0011330 seconds, Stopping threads took: 0.0007424 seconds
[2024-09-04T12:18:04.684+0000][594.513s][debug][safepoint     ] Safepoint synchronization initiated. (264 threads)
[2024-09-04T12:18:04.684+0000][594.513s][info ][safepoint     ] Application time: 1.0002776 seconds
[2024-09-04T12:18:04.685+0000][594.514s][info ][safepoint     ] Entering safepoint region: Cleanup
[2024-09-04T12:18:04.686+0000][594.515s][info ][safepoint     ] Leaving safepoint region
[2024-09-04T12:18:04.686+0000][594.515s][info ][safepoint     ] Total time for which application threads were stopped: 0.0012994 seconds, Stopping threads took: 0.0004872 seconds
[2024-09-04T12:18:05.686+0000][595.515s][debug][safepoint     ] Safepoint synchronization initiated. (264 threads)
[2024-09-04T12:18:05.686+0000][595.515s][info ][safepoint     ] Application time: 1.0003033 seconds
[2024-09-04T12:18:05.686+0000][595.515s][debug][safepoint     ] ... found polling page return exception at pc = 0x00007ff4a0c6ca0d, stub =0x00007ff498824b00
[2024-09-04T12:18:05.687+0000][595.515s][debug][safepoint     ] Waiting for 1 thread(s) to block
[2024-09-04T12:18:05.687+0000][595.516s][info ][safepoint     ] Entering safepoint region: Cleanup
[2024-09-04T12:18:05.687+0000][595.516s][info ][safepoint     ] Leaving safepoint region
[2024-09-04T12:18:05.687+0000][595.516s][info ][safepoint     ] Total time for which application threads were stopped: 0.0013283 seconds, Stopping threads took: 0.0007026 seconds
[2024-09-04T12:18:06.688+0000][596.516s][debug][safepoint     ] Safepoint synchronization initiated. (264 threads)
[2024-09-04T12:18:06.688+0000][596.516s][info ][safepoint     ] Application time: 1.0001698 seconds
[2024-09-04T12:18:06.688+0000][596.517s][info ][safepoint     ] Entering safepoint region: Cleanup
[2024-09-04T12:18:06.688+0000][596.517s][info ][safepoint     ] Leaving safepoint region
[2024-09-04T12:18:06.688+0000][596.517s][info ][safepoint     ] Total time for which application threads were stopped: 0.0007006 seconds, Stopping threads took: 0.0001615 seconds
[2024-09-04T12:18:07.689+0000][597.517s][debug][safepoint     ] Safepoint synchronization initiated. (263 threads)
[2024-09-04T12:18:07.689+0000][597.517s][info ][safepoint     ] Application time: 1.0002896 seconds
[2024-09-04T12:18:07.689+0000][597.518s][info ][safepoint     ] Entering safepoint region: Cleanup
[2024-09-04T12:18:07.690+0000][597.519s][info ][safepoint     ] Leaving safepoint region
[2024-09-04T12:18:07.690+0000][597.519s][info ][safepoint     ] Total time for which application threads were stopped: 0.0010536 seconds, Stopping threads took: 0.0002225 seconds
[2024-09-04T12:18:08.690+0000][598.519s][debug][safepoint     ] Safepoint synchronization initiated. (263 threads)
[2024-09-04T12:18:08.690+0000][598.519s][info ][safepoint     ] Application time: 1.0002671 seconds
[2024-09-04T12:18:08.690+0000][598.519s][debug][safepoint     ] ... found polling page return exception at pc = 0x00007ff4a12b5235, stub =0x00007ff498824b00
[2024-09-04T12:18:08.690+0000][598.519s][debug][safepoint     ] Waiting for 1 thread(s) to block
[2024-09-04T12:18:08.691+0000][598.519s][info ][safepoint     ] Entering safepoint region: Cleanup
[2024-09-04T12:18:08.691+0000][598.520s][info ][safepoint     ] Leaving safepoint region
[2024-09-04T12:18:08.691+0000][598.520s][info ][safepoint     ] Total time for which application threads were stopped: 0.0011201 seconds, Stopping threads took: 0.0004297 seconds
[2024-09-04T12:18:09.691+0000][599.520s][debug][safepoint     ] Safepoint synchronization initiated. (263 threads)
[2024-09-04T12:18:09.692+0000][599.520s][info ][safepoint     ] Application time: 1.0002249 seconds
[2024-09-04T12:18:09.692+0000][599.520s][info ][safepoint     ] Entering safepoint region: Cleanup
[2024-09-04T12:18:09.692+0000][599.521s][info ][safepoint     ] Leaving safepoint region
[2024-09-04T12:18:09.692+0000][599.521s][info ][safepoint     ] Total time for which application threads were stopped: 0.0008219 seconds, Stopping threads took: 0.0001544 seconds
[2024-09-04T12:18:10.693+0000][600.521s][debug][safepoint     ] Safepoint synchronization initiated. (263 threads)
[2024-09-04T12:18:10.693+0000][600.521s][info ][safepoint     ] Application time: 1.0002006 seconds
[2024-09-04T12:18:10.693+0000][600.521s][info ][safepoint     ] Entering safepoint region: Cleanup
[2024-09-04T12:18:10.693+0000][600.522s][info ][safepoint     ] Leaving safepoint region
[2024-09-04T12:18:10.693+0000][600.522s][info ][safepoint     ] Total time for which application threads were stopped: 0.0006969 seconds, Stopping threads took: 0.0001520 seconds
[2024-09-04T12:18:11.503+0000][601.331s][debug][safepoint     ] Safepoint synchronization initiated. (263 threads)
[2024-09-04T12:18:11.503+0000][601.332s][info ][safepoint     ] Application time: 0.8094410 seconds
[2024-09-04T12:18:11.503+0000][601.332s][info ][safepoint     ] Entering safepoint region: G1CollectForAllocation
[2024-09-04T12:18:11.504+0000][601.333s][info ][gc,start      ] GC(91) Pause Young (Normal) (G1 Evacuation Pause)
[2024-09-04T12:18:11.504+0000][601.333s][info ][gc,task       ] GC(91) Using 4 workers of 4 for evacuation
[2024-09-04T12:18:11.529+0000][601.357s][info ][gc,phases     ] GC(91)   Pre Evacuate Collection Set: 0.3ms
[2024-09-04T12:18:11.529+0000][601.357s][info ][gc,phases     ] GC(91)   Evacuate Collection Set: 13.4ms
[2024-09-04T12:18:11.529+0000][601.357s][info ][gc,phases     ] GC(91)   Post Evacuate Collection Set: 10.1ms
[2024-09-04T12:18:11.529+0000][601.357s][info ][gc,phases     ] GC(91)   Other: 1.1ms
[2024-09-04T12:18:11.529+0000][601.357s][info ][gc,heap       ] GC(91) Eden regions: 187->0(187)
[2024-09-04T12:18:11.529+0000][601.357s][info ][gc,heap       ] GC(91) Survivor regions: 7->7(25)
[2024-09-04T12:18:11.529+0000][601.357s][info ][gc,heap       ] GC(91) Old regions: 169->169
[2024-09-04T12:18:11.529+0000][601.357s][info ][gc,heap       ] GC(91) Humongous regions: 0->0
[2024-09-04T12:18:11.529+0000][601.357s][info ][gc,metaspace  ] GC(91) Metaspace: 180707K(186480K)->180707K(186480K) NonClass: 159806K(163284K)->159806K(163284K) Class: 20901K(23196K)->20901K(23196K)
[2024-09-04T12:18:11.531+0000][601.360s][info ][gc            ] GC(91) Pause Young (Normal) (G1 Evacuation Pause) 360M->173M(412M) 24.925ms
[2024-09-04T12:18:11.531+0000][601.360s][info ][gc,cpu        ] GC(91) User=0.09s Sys=0.00s Real=0.03s
[2024-09-04T12:18:11.531+0000][601.360s][info ][safepoint     ] Leaving safepoint region
[2024-09-04T12:18:11.531+0000][601.360s][info ][safepoint     ] Total time for which application threads were stopped: 0.0283117 seconds, Stopping threads took: 0.0001729 seconds
[2024-09-04T12:18:11.531+0000][601.360s][info ][gc,stringdedup] Concurrent String Deduplication (601.360s)
[2024-09-04T12:18:11.531+0000][601.360s][info ][gc,stringdedup] Concurrent String Deduplication 24.0B->0.0B(24.0B) avg 54.5% (601.360s, 601.360s) 0.066ms
[2024-09-04T12:18:12.531+0000][602.360s][debug][safepoint     ] Safepoint synchronization initiated. (263 threads)
[2024-09-04T12:18:12.532+0000][602.360s][info ][safepoint     ] Application time: 1.0003864 seconds
[2024-09-04T12:18:12.532+0000][602.360s][debug][safepoint     ] ... found polling page return exception at pc = 0x00007ff4a06a5bff, stub =0x00007ff498824b00
[2024-09-04T12:18:12.532+0000][602.361s][debug][safepoint     ] Waiting for 1 thread(s) to block
[2024-09-04T12:18:12.532+0000][602.361s][info ][safepoint     ] Entering safepoint region: Cleanup
[2024-09-04T12:18:12.533+0000][602.361s][info ][safepoint     ] Leaving safepoint region
[2024-09-04T12:18:12.533+0000][602.361s][info ][safepoint     ] Total time for which application threads were stopped: 0.0011134 seconds, Stopping threads took: 0.0005181 seconds
[2024-09-04T12:18:13.533+0000][603.362s][debug][safepoint     ] Safepoint synchronization initiated. (263 threads)
[2024-09-04T12:18:13.533+0000][603.362s][info ][safepoint     ] Application time: 1.0003072 seconds
[2024-09-04T12:18:13.533+0000][603.362s][info ][safepoint     ] Entering safepoint region: Cleanup
[2024-09-04T12:18:13.534+0000][603.363s][info ][safepoint     ] Leaving safepoint region
[2024-09-04T12:18:13.534+0000][603.363s][info ][safepoint     ] Total time for which application threads were stopped: 0.0008368 seconds, Stopping threads took: 0.0002477 seconds
[2024-09-04T12:18:14.534+0000][604.363s][debug][safepoint     ] Safepoint synchronization initiated. (263 threads)
[2024-09-04T12:18:14.534+0000][604.363s][info ][safepoint     ] Application time: 1.0002616 seconds
[2024-09-04T12:18:14.534+0000][604.363s][debug][safepoint     ] ... found polling page return exception at pc = 0x00007ff4a131ffd6, stub =0x00007ff498824b00
[2024-09-04T12:18:14.534+0000][604.363s][debug][safepoint     ] ... found polling page return exception at pc = 0x00007ff4a02f651b, stub =0x00007ff498824b00
[2024-09-04T12:18:14.534+0000][604.363s][debug][safepoint     ] Waiting for 2 thread(s) to block
[2024-09-04T12:18:14.534+0000][604.363s][info ][safepoint     ] Entering safepoint region: Cleanup
[2024-09-04T12:18:14.535+0000][604.364s][debug][safepoint     ] ... found polling page return exception at pc = 0x00007ff4a131ffd6, stub =0x00007ff498824b00
[2024-09-04T12:18:14.535+0000][604.364s][info ][safepoint     ] Leaving safepoint region
[2024-09-04T12:18:14.535+0000][604.364s][info ][safepoint     ] Total time for which application threads were stopped: 0.0008491 seconds, Stopping threads took: 0.0003803 seconds
[2024-09-04T12:18:15.535+0000][605.364s][debug][safepoint     ] Safepoint synchronization initiated. (263 threads)
[2024-09-04T12:18:15.535+0000][605.364s][info ][safepoint     ] Application time: 1.0002738 seconds
[2024-09-04T12:18:15.535+0000][605.364s][info ][safepoint     ] Entering safepoint region: Cleanup
[2024-09-04T12:18:15.536+0000][605.365s][info ][safepoint     ] Leaving safepoint region
[2024-09-04T12:18:15.536+0000][605.365s][info ][safepoint     ] Total time for which application threads were stopped: 0.0006840 seconds, Stopping threads took: 0.0001725 seconds
[2024-09-04T12:18:16.536+0000][606.365s][debug][safepoint     ] Safepoint synchronization initiated. (263 threads)
[2024-09-04T12:18:16.536+0000][606.365s][info ][safepoint     ] Application time: 1.0003085 seconds
[2024-09-04T12:18:16.537+0000][606.365s][info ][safepoint     ] Entering safepoint region: Cleanup
[2024-09-04T12:18:16.538+0000][606.366s][info ][safepoint     ] Leaving safepoint region
[2024-09-04T12:18:16.538+0000][606.366s][info ][safepoint     ] Total time for which application threads were stopped: 0.0013015 seconds, Stopping threads took: 0.0002435 seconds
[2024-09-04T12:18:17.539+0000][607.368s][debug][safepoint     ] Safepoint synchronization initiated. (263 threads)
[2024-09-04T12:18:17.539+0000][607.368s][info ][safepoint     ] Application time: 1.0013273 seconds
[2024-09-04T12:18:17.539+0000][607.368s][info ][safepoint     ] Entering safepoint region: Cleanup
[2024-09-04T12:18:17.540+0000][607.369s][info ][safepoint     ] Leaving safepoint region
[2024-09-04T12:18:17.540+0000][607.369s][info ][safepoint     ] Total time for which application threads were stopped: 0.0007990 seconds, Stopping threads took: 0.0001779 seconds
[2024-09-04T12:18:18.540+0000][608.369s][debug][safepoint     ] Safepoint synchronization initiated. (263 threads)
[2024-09-04T12:18:18.540+0000][608.369s][info ][safepoint     ] Application time: 1.0003230 seconds
[2024-09-04T12:18:18.540+0000][608.369s][info ][safepoint     ] Entering safepoint region: Cleanup
[2024-09-04T12:18:18.541+0000][608.370s][info ][safepoint     ] Leaving safepoint region
[2024-09-04T12:18:18.541+0000][608.370s][info ][safepoint     ] Total time for which application threads were stopped: 0.0008370 seconds, Stopping threads took: 0.0002071 seconds
[2024-09-04T12:18:19.541+0000][609.370s][debug][safepoint     ] Safepoint synchronization initiated. (263 threads)
[2024-09-04T12:18:19.541+0000][609.370s][info ][safepoint     ] Application time: 1.0002669 seconds
[2024-09-04T12:18:19.542+0000][609.370s][info ][safepoint     ] Entering safepoint region: Cleanup
[2024-09-04T12:18:19.542+0000][609.371s][info ][safepoint     ] Leaving safepoint region
[2024-09-04T12:18:19.543+0000][609.372s][info ][safepoint     ] Total time for which application threads were stopped: 0.0018723 seconds, Stopping threads took: 0.0002606 seconds
[2024-09-04T12:18:20.543+0000][610.372s][debug][safepoint     ] Safepoint synchronization initiated. (263 threads)
[2024-09-04T12:18:20.544+0000][610.372s][info ][safepoint     ] Application time: 1.0002530 seconds
[2024-09-04T12:18:20.544+0000][610.373s][info ][safepoint     ] Entering safepoint region: Cleanup
[2024-09-04T12:18:20.544+0000][610.373s][info ][safepoint     ] Leaving safepoint region
[2024-09-04T12:18:20.544+0000][610.373s][info ][safepoint     ] Total time for which application threads were stopped: 0.0007577 seconds, Stopping threads took: 0.0002536 seconds
[2024-09-04T12:18:21.544+0000][611.373s][debug][safepoint     ] Safepoint synchronization initiated. (263 threads)
[2024-09-04T12:18:21.545+0000][611.373s][info ][safepoint     ] Application time: 1.0002817 seconds
[2024-09-04T12:18:21.545+0000][611.374s][info ][safepoint     ] Entering safepoint region: Cleanup
[2024-09-04T12:18:21.546+0000][611.374s][info ][safepoint     ] Leaving safepoint region
[2024-09-04T12:18:21.546+0000][611.374s][info ][safepoint     ] Total time for which application threads were stopped: 0.0009421 seconds, Stopping threads took: 0.0003215 seconds
[2024-09-04T12:18:22.546+0000][612.375s][debug][safepoint     ] Safepoint synchronization initiated. (263 threads)
[2024-09-04T12:18:22.546+0000][612.375s][info ][safepoint     ] Application time: 1.0002660 seconds
[2024-09-04T12:18:22.546+0000][612.375s][info ][safepoint     ] Entering safepoint region: Cleanup
[2024-09-04T12:18:22.547+0000][612.375s][info ][safepoint     ] Leaving safepoint region
[2024-09-04T12:18:22.547+0000][612.375s][info ][safepoint     ] Total time for which application threads were stopped: 0.0007695 seconds, Stopping threads took: 0.0002169 seconds
[2024-09-04T12:18:23.547+0000][613.376s][debug][safepoint     ] Safepoint synchronization initiated. (263 threads)
[2024-09-04T12:18:23.547+0000][613.376s][info ][safepoint     ] Application time: 1.0002125 seconds
[2024-09-04T12:18:23.547+0000][613.376s][info ][safepoint     ] Entering safepoint region: Cleanup
[2024-09-04T12:18:23.548+0000][613.377s][info ][safepoint     ] Leaving safepoint region
[2024-09-04T12:18:23.548+0000][613.377s][info ][safepoint     ] Total time for which application threads were stopped: 0.0011389 seconds, Stopping threads took: 0.0002459 seconds
[2024-09-04T12:18:24.548+0000][614.377s][debug][safepoint     ] Safepoint synchronization initiated. (263 threads)
[2024-09-04T12:18:24.548+0000][614.377s][info ][safepoint     ] Application time: 1.0003120 seconds
[2024-09-04T12:18:24.549+0000][614.377s][info ][safepoint     ] Entering safepoint region: Cleanup
[2024-09-04T12:18:24.549+0000][614.378s][info ][safepoint     ] Leaving safepoint region
[2024-09-04T12:18:24.549+0000][614.378s][debug][safepoint     ] ... found polling page return exception at pc = 0x00007ff4a131ffd6, stub =0x00007ff498824b00
[2024-09-04T12:18:24.549+0000][614.378s][info ][safepoint     ] Total time for which application threads were stopped: 0.0010679 seconds, Stopping threads took: 0.0003007 seconds
[2024-09-04T12:18:25.550+0000][615.378s][debug][safepoint     ] Safepoint synchronization initiated. (263 threads)
[2024-09-04T12:18:25.550+0000][615.379s][info ][safepoint     ] Application time: 1.0002778 seconds
[2024-09-04T12:18:25.550+0000][615.379s][info ][safepoint     ] Entering safepoint region: Cleanup
[2024-09-04T12:18:25.551+0000][615.379s][info ][safepoint     ] Leaving safepoint region
[2024-09-04T12:18:25.551+0000][615.379s][info ][safepoint     ] Total time for which application threads were stopped: 0.0008254 seconds, Stopping threads took: 0.0002481 seconds
[2024-09-04T12:18:26.551+0000][616.380s][debug][safepoint     ] Safepoint synchronization initiated. (263 threads)
[2024-09-04T12:18:26.551+0000][616.380s][info ][safepoint     ] Application time: 1.0002077 seconds
[2024-09-04T12:18:26.551+0000][616.380s][info ][safepoint     ] Entering safepoint region: Cleanup
[2024-09-04T12:18:26.552+0000][616.380s][info ][safepoint     ] Leaving safepoint region
[2024-09-04T12:18:26.552+0000][616.380s][info ][safepoint     ] Total time for which application threads were stopped: 0.0006193 seconds, Stopping threads took: 0.0002380 seconds
[2024-09-04T12:18:27.552+0000][617.381s][debug][safepoint     ] Safepoint synchronization initiated. (263 threads)
[2024-09-04T12:18:27.552+0000][617.381s][info ][safepoint     ] Application time: 1.0003577 seconds
[2024-09-04T12:18:27.552+0000][617.381s][info ][safepoint     ] Entering safepoint region: Cleanup
[2024-09-04T12:18:27.553+0000][617.381s][info ][safepoint     ] Leaving safepoint region
[2024-09-04T12:18:27.553+0000][617.382s][info ][safepoint     ] Total time for which application threads were stopped: 0.0007646 seconds, Stopping threads took: 0.0002521 seconds
[2024-09-04T12:18:28.553+0000][618.382s][debug][safepoint     ] Safepoint synchronization initiated. (263 threads)
[2024-09-04T12:18:28.553+0000][618.382s][info ][safepoint     ] Application time: 1.0002540 seconds
[2024-09-04T12:18:28.553+0000][618.382s][info ][safepoint     ] Entering safepoint region: Cleanup
[2024-09-04T12:18:28.554+0000][618.382s][info ][safepoint     ] Leaving safepoint region
[2024-09-04T12:18:28.554+0000][618.383s][info ][safepoint     ] Total time for which application threads were stopped: 0.0006989 seconds, Stopping threads took: 0.0002214 seconds
[2024-09-04T12:18:29.554+0000][619.383s][debug][safepoint     ] Safepoint synchronization initiated. (263 threads)
[2024-09-04T12:18:29.554+0000][619.383s][info ][safepoint     ] Application time: 1.0002326 seconds
[2024-09-04T12:18:29.554+0000][619.383s][info ][safepoint     ] Entering safepoint region: Cleanup
[2024-09-04T12:18:29.555+0000][619.384s][info ][safepoint     ] Leaving safepoint region
[2024-09-04T12:18:29.555+0000][619.384s][info ][safepoint     ] Total time for which application threads were stopped: 0.0007646 seconds, Stopping threads took: 0.0002198 seconds
[2024-09-04T12:18:30.555+0000][620.384s][debug][safepoint     ] Safepoint synchronization initiated. (263 threads)
[2024-09-04T12:18:30.555+0000][620.384s][info ][safepoint     ] Application time: 1.0003156 seconds
[2024-09-04T12:18:30.555+0000][620.384s][info ][safepoint     ] Entering safepoint region: Cleanup
[2024-09-04T12:18:30.556+0000][620.385s][info ][safepoint     ] Leaving safepoint region
[2024-09-04T12:18:30.556+0000][620.385s][info ][safepoint     ] Total time for which application threads were stopped: 0.0009925 seconds, Stopping threads took: 0.0002928 seconds
[2024-09-04T12:18:31.556+0000][621.385s][debug][safepoint     ] Safepoint synchronization initiated. (263 threads)
[2024-09-04T12:18:31.556+0000][621.385s][info ][safepoint     ] Application time: 1.0003086 seconds
[2024-09-04T12:18:31.557+0000][621.386s][info ][safepoint     ] Entering safepoint region: Cleanup
[2024-09-04T12:18:31.557+0000][621.386s][info ][safepoint     ] Leaving safepoint region
[2024-09-04T12:18:31.557+0000][621.386s][info ][safepoint     ] Total time for which application threads were stopped: 0.0008446 seconds, Stopping threads took: 0.0003306 seconds
[2024-09-04T12:18:32.558+0000][622.386s][debug][safepoint     ] Safepoint synchronization initiated. (263 threads)
[2024-09-04T12:18:32.558+0000][622.387s][info ][safepoint     ] Application time: 1.0003493 seconds
[2024-09-04T12:18:32.558+0000][622.387s][info ][safepoint     ] Entering safepoint region: Cleanup
[2024-09-04T12:18:32.558+0000][622.387s][info ][safepoint     ] Leaving safepoint region
[2024-09-04T12:18:32.559+0000][622.387s][info ][safepoint     ] Total time for which application threads were stopped: 0.0007591 seconds, Stopping threads took: 0.0002470 seconds
[2024-09-04T12:18:33.559+0000][623.388s][debug][safepoint     ] Safepoint synchronization initiated. (263 threads)
[2024-09-04T12:18:33.559+0000][623.388s][info ][safepoint     ] Application time: 1.0002646 seconds
[2024-09-04T12:18:33.559+0000][623.388s][info ][safepoint     ] Entering safepoint region: Cleanup
[2024-09-04T12:18:33.560+0000][623.388s][info ][safepoint     ] Leaving safepoint region
[2024-09-04T12:18:33.560+0000][623.388s][info ][safepoint     ] Total time for which application threads were stopped: 0.0006913 seconds, Stopping threads took: 0.0002482 seconds
[2024-09-04T12:18:34.560+0000][624.389s][debug][safepoint     ] Safepoint synchronization initiated. (263 threads)
[2024-09-04T12:18:34.560+0000][624.389s][info ][safepoint     ] Application time: 1.0003028 seconds
[2024-09-04T12:18:34.560+0000][624.389s][info ][safepoint     ] Entering safepoint region: Cleanup
[2024-09-04T12:18:34.560+0000][624.389s][info ][safepoint     ] Leaving safepoint region
[2024-09-04T12:18:34.561+0000][624.389s][info ][safepoint     ] Total time for which application threads were stopped: 0.0006324 seconds, Stopping threads took: 0.0002283 seconds
[2024-09-04T12:18:35.561+0000][625.389s][debug][safepoint     ] Safepoint synchronization initiated. (263 threads)
[2024-09-04T12:18:35.561+0000][625.390s][info ][safepoint     ] Application time: 1.0002021 seconds
[2024-09-04T12:18:35.561+0000][625.390s][info ][safepoint     ] Entering safepoint region: Cleanup
[2024-09-04T12:18:35.561+0000][625.390s][info ][safepoint     ] Leaving safepoint region
[2024-09-04T12:18:35.561+0000][625.390s][info ][safepoint     ] Total time for which application threads were stopped: 0.0005757 seconds, Stopping threads took: 0.0001636 seconds
[2024-09-04T12:18:36.562+0000][626.390s][debug][safepoint     ] Safepoint synchronization initiated. (263 threads)
[2024-09-04T12:18:36.562+0000][626.390s][info ][safepoint     ] Application time: 1.0002858 seconds
[2024-09-04T12:18:36.562+0000][626.391s][info ][safepoint     ] Entering safepoint region: Cleanup
[2024-09-04T12:18:36.562+0000][626.391s][info ][safepoint     ] Leaving safepoint region
[2024-09-04T12:18:36.562+0000][626.391s][info ][safepoint     ] Total time for which application threads were stopped: 0.0006994 seconds, Stopping threads took: 0.0002065 seconds
[2024-09-04T12:18:37.563+0000][627.391s][debug][safepoint     ] Safepoint synchronization initiated. (263 threads)
[2024-09-04T12:18:37.563+0000][627.391s][info ][safepoint     ] Application time: 1.0003439 seconds
[2024-09-04T12:18:37.563+0000][627.392s][info ][safepoint     ] Entering safepoint region: Cleanup
[2024-09-04T12:18:37.563+0000][627.392s][info ][safepoint     ] Leaving safepoint region
[2024-09-04T12:18:37.564+0000][627.392s][info ][safepoint     ] Total time for which application threads were stopped: 0.0007581 seconds, Stopping threads took: 0.0002184 seconds
[2024-09-04T12:18:38.564+0000][628.392s][debug][safepoint     ] Safepoint synchronization initiated. (264 threads)
[2024-09-04T12:18:38.564+0000][628.392s][info ][safepoint     ] Application time: 1.0001545 seconds
[2024-09-04T12:18:38.564+0000][628.393s][debug][safepoint     ] ... found polling page return exception at pc = 0x00007ff4a040bdf0, stub =0x00007ff498824b00
[2024-09-04T12:18:38.564+0000][628.393s][debug][safepoint     ] Waiting for 1 thread(s) to block
[2024-09-04T12:18:38.564+0000][628.393s][info ][safepoint     ] Entering safepoint region: Cleanup
[2024-09-04T12:18:38.564+0000][628.393s][info ][safepoint     ] Leaving safepoint region
[2024-09-04T12:18:38.564+0000][628.393s][info ][safepoint     ] Total time for which application threads were stopped: 0.0006260 seconds, Stopping threads took: 0.0002717 seconds
[2024-09-04T12:18:39.005+0000][628.834s][debug][safepoint     ] Safepoint synchronization initiated. (264 threads)
[2024-09-04T12:18:39.005+0000][628.834s][info ][safepoint     ] Application time: 0.4409194 seconds
[2024-09-04T12:18:39.005+0000][628.834s][info ][safepoint     ] Entering safepoint region: G1CollectForAllocation
[2024-09-04T12:18:39.006+0000][628.835s][info ][gc,start      ] GC(92) Pause Young (Normal) (G1 Evacuation Pause)
[2024-09-04T12:18:39.006+0000][628.835s][info ][gc,task       ] GC(92) Using 4 workers of 4 for evacuation
[2024-09-04T12:18:39.025+0000][628.853s][info ][gc,phases     ] GC(92)   Pre Evacuate Collection Set: 0.5ms
[2024-09-04T12:18:39.025+0000][628.854s][info ][gc,phases     ] GC(92)   Evacuate Collection Set: 11.1ms
[2024-09-04T12:18:39.025+0000][628.854s][info ][gc,phases     ] GC(92)   Post Evacuate Collection Set: 6.2ms
[2024-09-04T12:18:39.025+0000][628.854s][info ][gc,phases     ] GC(92)   Other: 0.9ms
[2024-09-04T12:18:39.025+0000][628.854s][info ][gc,heap       ] GC(92) Eden regions: 187->0(189)
[2024-09-04T12:18:39.025+0000][628.854s][info ][gc,heap       ] GC(92) Survivor regions: 7->6(25)
[2024-09-04T12:18:39.025+0000][628.854s][info ][gc,heap       ] GC(92) Old regions: 169->169
[2024-09-04T12:18:39.025+0000][628.854s][info ][gc,heap       ] GC(92) Humongous regions: 0->0
[2024-09-04T12:18:39.025+0000][628.854s][info ][gc,metaspace  ] GC(92) Metaspace: 180767K(186736K)->180767K(186736K) NonClass: 159865K(163540K)->159865K(163540K) Class: 20901K(23196K)->20901K(23196K)
[2024-09-04T12:18:39.025+0000][628.854s][info ][gc            ] GC(92) Pause Young (Normal) (G1 Evacuation Pause) 360M->173M(412M) 18.909ms
[2024-09-04T12:18:39.025+0000][628.854s][info ][gc,cpu        ] GC(92) User=0.06s Sys=0.00s Real=0.02s
[2024-09-04T12:18:39.025+0000][628.854s][info ][safepoint     ] Leaving safepoint region
[2024-09-04T12:18:39.025+0000][628.854s][info ][safepoint     ] Total time for which application threads were stopped: 0.0199657 seconds, Stopping threads took: 0.0002324 seconds
[2024-09-04T12:18:39.025+0000][628.854s][info ][gc,stringdedup] Concurrent String Deduplication (628.854s)
[2024-09-04T12:18:39.026+0000][628.854s][info ][gc,stringdedup] Concurrent String Deduplication 64168.0B->40680.0B(23488.0B) avg 54.4% (628.854s, 628.854s) 0.194ms
[2024-09-04T12:18:40.025+0000][629.854s][debug][safepoint     ] Safepoint synchronization initiated. (263 threads)
[2024-09-04T12:18:40.026+0000][629.854s][info ][safepoint     ] Application time: 1.0002552 seconds
[2024-09-04T12:18:40.026+0000][629.855s][info ][safepoint     ] Entering safepoint region: Cleanup
[2024-09-04T12:18:40.026+0000][629.855s][info ][safepoint     ] Leaving safepoint region
[2024-09-04T12:18:40.026+0000][629.855s][info ][safepoint     ] Total time for which application threads were stopped: 0.0008245 seconds, Stopping threads took: 0.0002871 seconds
[2024-09-04T12:18:41.027+0000][630.855s][debug][safepoint     ] Safepoint synchronization initiated. (263 threads)
[2024-09-04T12:18:41.027+0000][630.855s][info ][safepoint     ] Application time: 1.0002687 seconds
[2024-09-04T12:18:41.027+0000][630.856s][info ][safepoint     ] Entering safepoint region: Cleanup
[2024-09-04T12:18:41.027+0000][630.856s][info ][safepoint     ] Leaving safepoint region
[2024-09-04T12:18:41.027+0000][630.856s][info ][safepoint     ] Total time for which application threads were stopped: 0.0005055 seconds, Stopping threads took: 0.0001754 seconds
[2024-09-04T12:18:42.027+0000][631.856s][debug][safepoint     ] Safepoint synchronization initiated. (263 threads)
[2024-09-04T12:18:42.027+0000][631.856s][info ][safepoint     ] Application time: 1.0002447 seconds
[2024-09-04T12:18:42.028+0000][631.856s][debug][safepoint     ] ... found polling page return exception at pc = 0x00007ff4a0fe196f, stub =0x00007ff498824b00
[2024-09-04T12:18:42.028+0000][631.856s][debug][safepoint     ] Waiting for 1 thread(s) to block
[2024-09-04T12:18:42.028+0000][631.857s][info ][safepoint     ] Entering safepoint region: Cleanup
[2024-09-04T12:18:42.028+0000][631.857s][info ][safepoint     ] Leaving safepoint region
[2024-09-04T12:18:42.028+0000][631.857s][info ][safepoint     ] Total time for which application threads were stopped: 0.0007247 seconds, Stopping threads took: 0.0003555 seconds
[2024-09-04T12:18:43.028+0000][632.857s][debug][safepoint     ] Safepoint synchronization initiated. (263 threads)
[2024-09-04T12:18:43.028+0000][632.857s][info ][safepoint     ] Application time: 1.0002485 seconds
[2024-09-04T12:18:43.029+0000][632.857s][info ][safepoint     ] Entering safepoint region: Cleanup
[2024-09-04T12:18:43.029+0000][632.858s][info ][safepoint     ] Leaving safepoint region
[2024-09-04T12:18:43.029+0000][632.858s][info ][safepoint     ] Total time for which application threads were stopped: 0.0009818 seconds, Stopping threads took: 0.0002118 seconds
[2024-09-04T12:18:44.030+0000][633.858s][debug][safepoint     ] Safepoint synchronization initiated. (263 threads)
[2024-09-04T12:18:44.030+0000][633.858s][info ][safepoint     ] Application time: 1.0001650 seconds
[2024-09-04T12:18:44.030+0000][633.859s][info ][safepoint     ] Entering safepoint region: Cleanup
[2024-09-04T12:18:44.030+0000][633.859s][info ][safepoint     ] Leaving safepoint region
[2024-09-04T12:18:44.030+0000][633.859s][info ][safepoint     ] Total time for which application threads were stopped: 0.0007710 seconds, Stopping threads took: 0.0001996 seconds
[2024-09-04T12:18:45.031+0000][634.859s][debug][safepoint     ] Safepoint synchronization initiated. (263 threads)
[2024-09-04T12:18:45.031+0000][634.860s][info ][safepoint     ] Application time: 1.0002742 seconds
[2024-09-04T12:18:45.031+0000][634.860s][info ][safepoint     ] Entering safepoint region: Cleanup
[2024-09-04T12:18:45.031+0000][634.860s][info ][safepoint     ] Leaving safepoint region
[2024-09-04T12:18:45.031+0000][634.860s][info ][safepoint     ] Total time for which application threads were stopped: 0.0005838 seconds, Stopping threads took: 0.0001825 seconds
[2024-09-04T12:18:46.032+0000][635.860s][debug][safepoint     ] Safepoint synchronization initiated. (263 threads)
[2024-09-04T12:18:46.032+0000][635.860s][info ][safepoint     ] Application time: 1.0002875 seconds
[2024-09-04T12:18:46.032+0000][635.861s][info ][safepoint     ] Entering safepoint region: Cleanup
[2024-09-04T12:18:46.032+0000][635.861s][info ][safepoint     ] Leaving safepoint region
[2024-09-04T12:18:46.032+0000][635.861s][info ][safepoint     ] Total time for which application threads were stopped: 0.0007458 seconds, Stopping threads took: 0.0002159 seconds
[2024-09-04T12:18:47.033+0000][636.861s][debug][safepoint     ] Safepoint synchronization initiated. (263 threads)
[2024-09-04T12:18:47.033+0000][636.861s][info ][safepoint     ] Application time: 1.0002965 seconds
[2024-09-04T12:18:47.033+0000][636.862s][info ][safepoint     ] Entering safepoint region: Cleanup
[2024-09-04T12:18:47.034+0000][636.862s][info ][safepoint     ] Leaving safepoint region
[2024-09-04T12:18:47.034+0000][636.862s][info ][safepoint     ] Total time for which application threads were stopped: 0.0008323 seconds, Stopping threads took: 0.0001841 seconds
[2024-09-04T12:18:48.034+0000][637.863s][debug][safepoint     ] Safepoint synchronization initiated. (263 threads)
[2024-09-04T12:18:48.034+0000][637.863s][info ][safepoint     ] Application time: 1.0002565 seconds
[2024-09-04T12:18:48.034+0000][637.863s][info ][safepoint     ] Entering safepoint region: Cleanup
[2024-09-04T12:18:48.035+0000][637.863s][info ][safepoint     ] Leaving safepoint region
[2024-09-04T12:18:48.035+0000][637.863s][info ][safepoint     ] Total time for which application threads were stopped: 0.0007348 seconds, Stopping threads took: 0.0001885 seconds
[2024-09-04T12:18:49.035+0000][638.864s][debug][safepoint     ] Safepoint synchronization initiated. (263 threads)
[2024-09-04T12:18:49.035+0000][638.864s][info ][safepoint     ] Application time: 1.0003796 seconds
[2024-09-04T12:18:49.035+0000][638.864s][info ][safepoint     ] Entering safepoint region: Cleanup
[2024-09-04T12:18:49.036+0000][638.865s][info ][safepoint     ] Leaving safepoint region
[2024-09-04T12:18:49.036+0000][638.865s][info ][safepoint     ] Total time for which application threads were stopped: 0.0009247 seconds, Stopping threads took: 0.0002363 seconds
[2024-09-04T12:18:50.036+0000][639.865s][debug][safepoint     ] Safepoint synchronization initiated. (263 threads)
[2024-09-04T12:18:50.036+0000][639.865s][info ][safepoint     ] Application time: 1.0003733 seconds
[2024-09-04T12:18:50.037+0000][639.865s][info ][safepoint     ] Entering safepoint region: Cleanup
[2024-09-04T12:18:50.037+0000][639.866s][info ][safepoint     ] Leaving safepoint region
[2024-09-04T12:18:50.037+0000][639.866s][info ][safepoint     ] Total time for which application threads were stopped: 0.0009251 seconds, Stopping threads took: 0.0002336 seconds
[2024-09-04T12:18:51.038+0000][640.866s][debug][safepoint     ] Safepoint synchronization initiated. (263 threads)
[2024-09-04T12:18:51.038+0000][640.866s][info ][safepoint     ] Application time: 1.0003017 seconds
[2024-09-04T12:18:51.038+0000][640.867s][info ][safepoint     ] Entering safepoint region: Cleanup
[2024-09-04T12:18:51.039+0000][640.867s][info ][safepoint     ] Leaving safepoint region
[2024-09-04T12:18:51.039+0000][640.867s][info ][safepoint     ] Total time for which application threads were stopped: 0.0009504 seconds, Stopping threads took: 0.0002234 seconds
[2024-09-04T12:18:52.039+0000][641.868s][debug][safepoint     ] Safepoint synchronization initiated. (263 threads)
[2024-09-04T12:18:52.039+0000][641.868s][info ][safepoint     ] Application time: 1.0003863 seconds
[2024-09-04T12:18:52.039+0000][641.868s][info ][safepoint     ] Entering safepoint region: Cleanup
[2024-09-04T12:18:52.040+0000][641.869s][info ][safepoint     ] Leaving safepoint region
[2024-09-04T12:18:52.040+0000][641.869s][info ][safepoint     ] Total time for which application threads were stopped: 0.0010902 seconds, Stopping threads took: 0.0002524 seconds
[2024-09-04T12:18:53.040+0000][642.869s][debug][safepoint     ] Safepoint synchronization initiated. (263 threads)
[2024-09-04T12:18:53.041+0000][642.869s][info ][safepoint     ] Application time: 1.0003214 seconds
[2024-09-04T12:18:53.041+0000][642.869s][info ][safepoint     ] Entering safepoint region: Cleanup
[2024-09-04T12:18:53.041+0000][642.870s][info ][safepoint     ] Leaving safepoint region
[2024-09-04T12:18:53.042+0000][642.870s][info ][safepoint     ] Total time for which application threads were stopped: 0.0010019 seconds, Stopping threads took: 0.0002349 seconds
[2024-09-04T12:18:54.042+0000][643.871s][debug][safepoint     ] Safepoint synchronization initiated. (263 threads)
[2024-09-04T12:18:54.042+0000][643.871s][info ][safepoint     ] Application time: 1.0004021 seconds
[2024-09-04T12:18:54.042+0000][643.871s][info ][safepoint     ] Entering safepoint region: Cleanup
[2024-09-04T12:18:54.043+0000][643.872s][info ][safepoint     ] Leaving safepoint region
[2024-09-04T12:18:54.043+0000][643.872s][info ][safepoint     ] Total time for which application threads were stopped: 0.0009082 seconds, Stopping threads took: 0.0002267 seconds
[2024-09-04T12:18:55.043+0000][644.872s][debug][safepoint     ] Safepoint synchronization initiated. (263 threads)
[2024-09-04T12:18:55.043+0000][644.872s][info ][safepoint     ] Application time: 1.0002832 seconds
[2024-09-04T12:18:55.043+0000][644.872s][info ][safepoint     ] Entering safepoint region: Cleanup
[2024-09-04T12:18:55.044+0000][644.873s][debug][safepoint     ] ... found polling page return exception at pc = 0x00007ff4a131ffd6, stub =0x00007ff498824b00
[2024-09-04T12:18:55.044+0000][644.873s][info ][safepoint     ] Leaving safepoint region
[2024-09-04T12:18:55.044+0000][644.873s][info ][safepoint     ] Total time for which application threads were stopped: 0.0010421 seconds, Stopping threads took: 0.0002161 seconds
[2024-09-04T12:18:56.045+0000][645.873s][debug][safepoint     ] Safepoint synchronization initiated. (263 threads)
[2024-09-04T12:18:56.045+0000][645.874s][info ][safepoint     ] Application time: 1.0004581 seconds
[2024-09-04T12:18:56.045+0000][645.874s][info ][safepoint     ] Entering safepoint region: Cleanup
[2024-09-04T12:18:56.046+0000][645.875s][info ][safepoint     ] Leaving safepoint region
[2024-09-04T12:18:56.046+0000][645.875s][info ][safepoint     ] Total time for which application threads were stopped: 0.0010358 seconds, Stopping threads took: 0.0002417 seconds
[2024-09-04T12:18:57.046+0000][646.875s][debug][safepoint     ] Safepoint synchronization initiated. (263 threads)
[2024-09-04T12:18:57.046+0000][646.875s][info ][safepoint     ] Application time: 1.0002253 seconds
[2024-09-04T12:18:57.046+0000][646.875s][info ][safepoint     ] Entering safepoint region: Cleanup
[2024-09-04T12:18:57.047+0000][646.876s][info ][safepoint     ] Leaving safepoint region
[2024-09-04T12:18:57.047+0000][646.876s][info ][safepoint     ] Total time for which application threads were stopped: 0.0009598 seconds, Stopping threads took: 0.0002428 seconds
[2024-09-04T12:18:58.047+0000][647.876s][debug][safepoint     ] Safepoint synchronization initiated. (263 threads)
[2024-09-04T12:18:58.047+0000][647.876s][info ][safepoint     ] Application time: 1.0002145 seconds
[2024-09-04T12:18:58.047+0000][647.876s][debug][safepoint     ] ... found polling page return exception at pc = 0x00007ff4a0769d76, stub =0x00007ff498824b00
[2024-09-04T12:18:58.048+0000][647.876s][debug][safepoint     ] Waiting for 1 thread(s) to block
[2024-09-04T12:18:58.048+0000][647.877s][info ][safepoint     ] Entering safepoint region: Cleanup
[2024-09-04T12:18:58.048+0000][647.877s][debug][safepoint     ] ... found polling page return exception at pc = 0x00007ff4a131ffd6, stub =0x00007ff498824b00
[2024-09-04T12:18:58.048+0000][647.877s][info ][safepoint     ] Leaving safepoint region
[2024-09-04T12:18:58.048+0000][647.877s][info ][safepoint     ] Total time for which application threads were stopped: 0.0009957 seconds, Stopping threads took: 0.0005275 seconds
[2024-09-04T12:18:59.049+0000][648.877s][debug][safepoint     ] Safepoint synchronization initiated. (263 threads)
[2024-09-04T12:18:59.049+0000][648.877s][info ][safepoint     ] Application time: 1.0003319 seconds
[2024-09-04T12:18:59.049+0000][648.878s][info ][safepoint     ] Entering safepoint region: Cleanup
[2024-09-04T12:18:59.050+0000][648.878s][info ][safepoint     ] Leaving safepoint region
[2024-09-04T12:18:59.050+0000][648.879s][info ][safepoint     ] Total time for which application threads were stopped: 0.0010077 seconds, Stopping threads took: 0.0002478 seconds
[2024-09-04T12:19:00.050+0000][649.879s][debug][safepoint     ] Safepoint synchronization initiated. (263 threads)
[2024-09-04T12:19:00.050+0000][649.879s][info ][safepoint     ] Application time: 1.0002731 seconds
[2024-09-04T12:19:00.050+0000][649.879s][info ][safepoint     ] Entering safepoint region: Cleanup
[2024-09-04T12:19:00.051+0000][649.880s][info ][safepoint     ] Leaving safepoint region
[2024-09-04T12:19:00.051+0000][649.880s][info ][safepoint     ] Total time for which application threads were stopped: 0.0008537 seconds, Stopping threads took: 0.0002376 seconds
[2024-09-04T12:19:01.051+0000][650.880s][debug][safepoint     ] Safepoint synchronization initiated. (263 threads)
[2024-09-04T12:19:01.051+0000][650.880s][info ][safepoint     ] Application time: 1.0002244 seconds
[2024-09-04T12:19:01.051+0000][650.880s][info ][safepoint     ] Entering safepoint region: Cleanup
[2024-09-04T12:19:01.052+0000][650.881s][info ][safepoint     ] Leaving safepoint region
[2024-09-04T12:19:01.052+0000][650.881s][info ][safepoint     ] Total time for which application threads were stopped: 0.0007038 seconds, Stopping threads took: 0.0002209 seconds
[2024-09-04T12:19:01.052+0000][650.881s][debug][safepoint     ] ... found polling page return exception at pc = 0x00007ff4a131ffd6, stub =0x00007ff498824b00
[2024-09-04T12:19:02.052+0000][651.881s][debug][safepoint     ] Safepoint synchronization initiated. (263 threads)
[2024-09-04T12:19:02.052+0000][651.881s][info ][safepoint     ] Application time: 1.0003563 seconds
[2024-09-04T12:19:02.053+0000][651.881s][info ][safepoint     ] Entering safepoint region: Cleanup
[2024-09-04T12:19:02.053+0000][651.882s][info ][safepoint     ] Leaving safepoint region
[2024-09-04T12:19:02.054+0000][651.882s][info ][safepoint     ] Total time for which application threads were stopped: 0.0011935 seconds, Stopping threads took: 0.0002705 seconds
[2024-09-04T12:19:03.054+0000][652.883s][debug][safepoint     ] Safepoint synchronization initiated. (263 threads)
[2024-09-04T12:19:03.054+0000][652.883s][info ][safepoint     ] Application time: 1.0002722 seconds
[2024-09-04T12:19:03.054+0000][652.883s][info ][safepoint     ] Entering safepoint region: Cleanup
[2024-09-04T12:19:03.055+0000][652.884s][info ][safepoint     ] Leaving safepoint region
[2024-09-04T12:19:03.055+0000][652.884s][info ][safepoint     ] Total time for which application threads were stopped: 0.0009193 seconds, Stopping threads took: 0.0002298 seconds
[2024-09-04T12:19:04.055+0000][653.884s][debug][safepoint     ] Safepoint synchronization initiated. (263 threads)
[2024-09-04T12:19:04.055+0000][653.884s][info ][safepoint     ] Application time: 1.0001814 seconds
[2024-09-04T12:19:04.055+0000][653.884s][info ][safepoint     ] Entering safepoint region: Cleanup
[2024-09-04T12:19:04.056+0000][653.884s][info ][safepoint     ] Leaving safepoint region
[2024-09-04T12:19:04.056+0000][653.885s][info ][safepoint     ] Total time for which application threads were stopped: 0.0006976 seconds, Stopping threads took: 0.0001568 seconds
[2024-09-04T12:19:05.056+0000][654.885s][debug][safepoint     ] Safepoint synchronization initiated. (262 threads)
[2024-09-04T12:19:05.056+0000][654.885s][info ][safepoint     ] Application time: 1.0003554 seconds
[2024-09-04T12:19:05.056+0000][654.885s][info ][safepoint     ] Entering safepoint region: Cleanup
[2024-09-04T12:19:05.057+0000][654.886s][info ][safepoint     ] Leaving safepoint region
[2024-09-04T12:19:05.057+0000][654.886s][info ][safepoint     ] Total time for which application threads were stopped: 0.0012107 seconds, Stopping threads took: 0.0002560 seconds
[2024-09-04T12:19:06.058+0000][655.886s][debug][safepoint     ] Safepoint synchronization initiated. (262 threads)
[2024-09-04T12:19:06.058+0000][655.887s][info ][safepoint     ] Application time: 1.0003486 seconds
[2024-09-04T12:19:06.058+0000][655.887s][info ][safepoint     ] Entering safepoint region: Cleanup
[2024-09-04T12:19:06.059+0000][655.887s][info ][safepoint     ] Leaving safepoint region
[2024-09-04T12:19:06.059+0000][655.887s][info ][safepoint     ] Total time for which application threads were stopped: 0.0008888 seconds, Stopping threads took: 0.0002408 seconds
[2024-09-04T12:19:07.059+0000][656.888s][debug][safepoint     ] Safepoint synchronization initiated. (262 threads)
[2024-09-04T12:19:07.059+0000][656.888s][info ][safepoint     ] Application time: 1.0002097 seconds
[2024-09-04T12:19:07.059+0000][656.888s][info ][safepoint     ] Entering safepoint region: Cleanup
[2024-09-04T12:19:07.060+0000][656.889s][info ][safepoint     ] Leaving safepoint region
[2024-09-04T12:19:07.060+0000][656.889s][info ][safepoint     ] Total time for which application threads were stopped: 0.0009306 seconds, Stopping threads took: 0.0002304 seconds
[2024-09-04T12:19:08.060+0000][657.889s][debug][safepoint     ] Safepoint synchronization initiated. (261 threads)
[2024-09-04T12:19:08.060+0000][657.889s][info ][safepoint     ] Application time: 1.0003651 seconds
[2024-09-04T12:19:08.060+0000][657.889s][info ][safepoint     ] Entering safepoint region: Cleanup
[2024-09-04T12:19:08.061+0000][657.890s][info ][safepoint     ] Leaving safepoint region
[2024-09-04T12:19:08.061+0000][657.890s][info ][safepoint     ] Total time for which application threads were stopped: 0.0008997 seconds, Stopping threads took: 0.0002510 seconds
[2024-09-04T12:19:08.243+0000][658.071s][debug][safepoint     ] Safepoint synchronization initiated. (261 threads)
[2024-09-04T12:19:08.243+0000][658.071s][info ][safepoint     ] Application time: 0.1814288 seconds
[2024-09-04T12:19:08.243+0000][658.072s][debug][safepoint     ] ... found polling page return exception at pc = 0x00007ff4a085e306, stub =0x00007ff498824b00
[2024-09-04T12:19:08.243+0000][658.072s][debug][safepoint     ] Waiting for 1 thread(s) to block
[2024-09-04T12:19:08.243+0000][658.072s][info ][safepoint     ] Entering safepoint region: G1CollectForAllocation
[2024-09-04T12:19:08.243+0000][658.072s][info ][gc,start      ] GC(93) Pause Young (Normal) (G1 Evacuation Pause)
[2024-09-04T12:19:08.243+0000][658.072s][info ][gc,task       ] GC(93) Using 4 workers of 4 for evacuation
[2024-09-04T12:19:08.257+0000][658.086s][info ][gc,phases     ] GC(93)   Pre Evacuate Collection Set: 0.0ms
[2024-09-04T12:19:08.257+0000][658.086s][info ][gc,phases     ] GC(93)   Evacuate Collection Set: 8.2ms
[2024-09-04T12:19:08.257+0000][658.086s][info ][gc,phases     ] GC(93)   Post Evacuate Collection Set: 5.1ms
[2024-09-04T12:19:08.257+0000][658.086s][info ][gc,phases     ] GC(93)   Other: 0.5ms
[2024-09-04T12:19:08.257+0000][658.086s][info ][gc,heap       ] GC(93) Eden regions: 189->0(189)
[2024-09-04T12:19:08.257+0000][658.086s][info ][gc,heap       ] GC(93) Survivor regions: 6->6(25)
[2024-09-04T12:19:08.257+0000][658.086s][info ][gc,heap       ] GC(93) Old regions: 169->169
[2024-09-04T12:19:08.257+0000][658.086s][info ][gc,heap       ] GC(93) Humongous regions: 0->0
[2024-09-04T12:19:08.257+0000][658.086s][info ][gc,metaspace  ] GC(93) Metaspace: 180782K(186736K)->180782K(186736K) NonClass: 159881K(163540K)->159881K(163540K) Class: 20901K(23196K)->20901K(23196K)
[2024-09-04T12:19:08.257+0000][658.086s][info ][gc            ] GC(93) Pause Young (Normal) (G1 Evacuation Pause) 362M->173M(412M) 13.931ms
[2024-09-04T12:19:08.257+0000][658.086s][info ][gc,cpu        ] GC(93) User=0.05s Sys=0.00s Real=0.01s
[2024-09-04T12:19:08.257+0000][658.086s][info ][safepoint     ] Leaving safepoint region
[2024-09-04T12:19:08.258+0000][658.086s][info ][safepoint     ] Total time for which application threads were stopped: 0.0148581 seconds, Stopping threads took: 0.0003273 seconds
[2024-09-04T12:19:08.258+0000][658.086s][info ][gc,stringdedup] Concurrent String Deduplication (658.086s)
[2024-09-04T12:19:08.258+0000][658.086s][info ][gc,stringdedup] Concurrent String Deduplication 7352.0B->80.0B(7272.0B) avg 54.4% (658.086s, 658.086s) 0.082ms
[2024-09-04T12:19:09.258+0000][659.086s][debug][safepoint     ] Safepoint synchronization initiated. (261 threads)
[2024-09-04T12:19:09.258+0000][659.087s][info ][safepoint     ] Application time: 1.0002272 seconds
[2024-09-04T12:19:09.258+0000][659.087s][info ][safepoint     ] Entering safepoint region: Cleanup
[2024-09-04T12:19:09.258+0000][659.087s][info ][safepoint     ] Leaving safepoint region
[2024-09-04T12:19:09.258+0000][659.087s][info ][safepoint     ] Total time for which application threads were stopped: 0.0006856 seconds, Stopping threads took: 0.0001737 seconds
[2024-09-04T12:19:10.259+0000][660.087s][debug][safepoint     ] Safepoint synchronization initiated. (261 threads)
[2024-09-04T12:19:10.259+0000][660.088s][info ][safepoint     ] Application time: 1.0003433 seconds
[2024-09-04T12:19:10.259+0000][660.088s][info ][safepoint     ] Entering safepoint region: Cleanup
[2024-09-04T12:19:10.259+0000][660.088s][info ][safepoint     ] Leaving safepoint region
[2024-09-04T12:19:10.260+0000][660.088s][info ][safepoint     ] Total time for which application threads were stopped: 0.0007039 seconds, Stopping threads took: 0.0001717 seconds
[2024-09-04T12:19:11.260+0000][661.089s][debug][safepoint     ] Safepoint synchronization initiated. (261 threads)
[2024-09-04T12:19:11.260+0000][661.089s][info ][safepoint     ] Application time: 1.0003692 seconds
[2024-09-04T12:19:11.260+0000][661.089s][info ][safepoint     ] Entering safepoint region: Cleanup
[2024-09-04T12:19:11.261+0000][661.090s][info ][safepoint     ] Leaving safepoint region
[2024-09-04T12:19:11.261+0000][661.090s][info ][safepoint     ] Total time for which application threads were stopped: 0.0011165 seconds, Stopping threads took: 0.0003119 seconds
[2024-09-04T12:19:12.261+0000][662.090s][debug][safepoint     ] Safepoint synchronization initiated. (261 threads)
[2024-09-04T12:19:12.261+0000][662.090s][info ][safepoint     ] Application time: 1.0003341 seconds
[2024-09-04T12:19:12.262+0000][662.090s][info ][safepoint     ] Entering safepoint region: Cleanup
[2024-09-04T12:19:12.262+0000][662.091s][info ][safepoint     ] Leaving safepoint region
[2024-09-04T12:19:12.262+0000][662.091s][info ][safepoint     ] Total time for which application threads were stopped: 0.0006682 seconds, Stopping threads took: 0.0002377 seconds
[2024-09-04T12:19:13.262+0000][663.091s][debug][safepoint     ] Safepoint synchronization initiated. (261 threads)
[2024-09-04T12:19:13.262+0000][663.091s][info ][safepoint     ] Application time: 1.0001902 seconds
[2024-09-04T12:19:13.263+0000][663.091s][debug][safepoint     ] ... found polling page return exception at pc = 0x00007ff4a0ca7e64, stub =0x00007ff498824b00
[2024-09-04T12:19:13.263+0000][663.091s][debug][safepoint     ] Waiting for 1 thread(s) to block
[2024-09-04T12:19:13.263+0000][663.092s][info ][safepoint     ] Entering safepoint region: Cleanup
[2024-09-04T12:19:13.263+0000][663.092s][info ][safepoint     ] Leaving safepoint region
[2024-09-04T12:19:13.263+0000][663.092s][info ][safepoint     ] Total time for which application threads were stopped: 0.0008520 seconds, Stopping threads took: 0.0003842 seconds
[2024-09-04T12:19:14.263+0000][664.092s][debug][safepoint     ] Safepoint synchronization initiated. (261 threads)
[2024-09-04T12:19:14.264+0000][664.092s][info ][safepoint     ] Application time: 1.0002652 seconds
[2024-09-04T12:19:14.264+0000][664.093s][info ][safepoint     ] Entering safepoint region: Cleanup
[2024-09-04T12:19:14.265+0000][664.093s][info ][safepoint     ] Leaving safepoint region
[2024-09-04T12:19:14.265+0000][664.093s][info ][safepoint     ] Total time for which application threads were stopped: 0.0010258 seconds, Stopping threads took: 0.0002585 seconds
[2024-09-04T12:19:15.265+0000][665.094s][debug][safepoint     ] Safepoint synchronization initiated. (261 threads)
[2024-09-04T12:19:15.265+0000][665.094s][info ][safepoint     ] Application time: 1.0002230 seconds
[2024-09-04T12:19:15.265+0000][665.094s][info ][safepoint     ] Entering safepoint region: Cleanup
[2024-09-04T12:19:15.266+0000][665.094s][info ][safepoint     ] Leaving safepoint region
[2024-09-04T12:19:15.266+0000][665.094s][info ][safepoint     ] Total time for which application threads were stopped: 0.0007794 seconds, Stopping threads took: 0.0001886 seconds
[2024-09-04T12:19:16.266+0000][666.095s][debug][safepoint     ] Safepoint synchronization initiated. (261 threads)
[2024-09-04T12:19:16.266+0000][666.095s][info ][safepoint     ] Application time: 1.0001849 seconds
[2024-09-04T12:19:16.266+0000][666.095s][info ][safepoint     ] Entering safepoint region: Cleanup
[2024-09-04T12:19:16.266+0000][666.095s][info ][safepoint     ] Leaving safepoint region
[2024-09-04T12:19:16.266+0000][666.095s][info ][safepoint     ] Total time for which application threads were stopped: 0.0005390 seconds, Stopping threads took: 0.0001859 seconds
[2024-09-04T12:19:17.267+0000][667.096s][debug][safepoint     ] Safepoint synchronization initiated. (261 threads)
[2024-09-04T12:19:17.267+0000][667.096s][info ][safepoint     ] Application time: 1.0004040 seconds
[2024-09-04T12:19:17.267+0000][667.096s][info ][safepoint     ] Entering safepoint region: Cleanup
[2024-09-04T12:19:17.268+0000][667.096s][info ][safepoint     ] Leaving safepoint region
[2024-09-04T12:19:17.268+0000][667.097s][info ][safepoint     ] Total time for which application threads were stopped: 0.0008693 seconds, Stopping threads took: 0.0002117 seconds
[2024-09-04T12:19:18.268+0000][668.097s][debug][safepoint     ] Safepoint synchronization initiated. (261 threads)
[2024-09-04T12:19:18.268+0000][668.097s][info ][safepoint     ] Application time: 1.0002527 seconds
[2024-09-04T12:19:18.268+0000][668.097s][info ][safepoint     ] Entering safepoint region: Cleanup
[2024-09-04T12:19:18.269+0000][668.098s][info ][safepoint     ] Leaving safepoint region
[2024-09-04T12:19:18.269+0000][668.098s][info ][safepoint     ] Total time for which application threads were stopped: 0.0009487 seconds, Stopping threads took: 0.0002155 seconds
[2024-09-04T12:19:19.269+0000][669.098s][debug][safepoint     ] Safepoint synchronization initiated. (261 threads)
[2024-09-04T12:19:19.269+0000][669.098s][info ][safepoint     ] Application time: 1.0002711 seconds
[2024-09-04T12:19:19.270+0000][669.098s][info ][safepoint     ] Entering safepoint region: Cleanup
[2024-09-04T12:19:19.270+0000][669.099s][info ][safepoint     ] Leaving safepoint region
[2024-09-04T12:19:19.270+0000][669.099s][info ][safepoint     ] Total time for which application threads were stopped: 0.0007391 seconds, Stopping threads took: 0.0003052 seconds
[2024-09-04T12:19:20.270+0000][670.099s][debug][safepoint     ] Safepoint synchronization initiated. (261 threads)
[2024-09-04T12:19:20.270+0000][670.099s][info ][safepoint     ] Application time: 1.0001996 seconds
[2024-09-04T12:19:20.271+0000][670.099s][info ][safepoint     ] Entering safepoint region: Cleanup
[2024-09-04T12:19:20.271+0000][670.100s][info ][safepoint     ] Leaving safepoint region
[2024-09-04T12:19:20.272+0000][670.100s][info ][safepoint     ] Total time for which application threads were stopped: 0.0012360 seconds, Stopping threads took: 0.0003068 seconds
[2024-09-04T12:19:21.272+0000][671.101s][debug][safepoint     ] Safepoint synchronization initiated. (261 threads)
[2024-09-04T12:19:21.272+0000][671.101s][info ][safepoint     ] Application time: 1.0004105 seconds
[2024-09-04T12:19:21.272+0000][671.101s][info ][safepoint     ] Entering safepoint region: Cleanup
[2024-09-04T12:19:21.273+0000][671.102s][info ][safepoint     ] Leaving safepoint region
[2024-09-04T12:19:21.273+0000][671.102s][info ][safepoint     ] Total time for which application threads were stopped: 0.0008750 seconds, Stopping threads took: 0.0003279 seconds
[2024-09-04T12:19:22.273+0000][672.102s][debug][safepoint     ] Safepoint synchronization initiated. (261 threads)
[2024-09-04T12:19:22.273+0000][672.102s][info ][safepoint     ] Application time: 1.0002779 seconds
[2024-09-04T12:19:22.273+0000][672.102s][debug][safepoint     ] ... found polling page return exception at pc = 0x00007ff4a0cbdc72, stub =0x00007ff498824b00
[2024-09-04T12:19:22.273+0000][672.102s][debug][safepoint     ] ... found polling page return exception at pc = 0x00007ff4a094d288, stub =0x00007ff498824b00
[2024-09-04T12:19:22.274+0000][672.102s][debug][safepoint     ] Waiting for 2 thread(s) to block
[2024-09-04T12:19:22.274+0000][672.103s][info ][safepoint     ] Entering safepoint region: Cleanup
[2024-09-04T12:19:22.274+0000][672.103s][info ][safepoint     ] Leaving safepoint region
[2024-09-04T12:19:22.274+0000][672.103s][info ][safepoint     ] Total time for which application threads were stopped: 0.0011289 seconds, Stopping threads took: 0.0005931 seconds
[2024-09-04T12:19:23.274+0000][673.103s][debug][safepoint     ] Safepoint synchronization initiated. (261 threads)
[2024-09-04T12:19:23.275+0000][673.103s][info ][safepoint     ] Application time: 1.0002141 seconds
[2024-09-04T12:19:23.275+0000][673.104s][debug][safepoint     ] ... found polling page return exception at pc = 0x00007ff4a0ca7e64, stub =0x00007ff498824b00
[2024-09-04T12:19:23.275+0000][673.104s][debug][safepoint     ] Waiting for 1 thread(s) to block
[2024-09-04T12:19:23.275+0000][673.104s][info ][safepoint     ] Entering safepoint region: Cleanup
[2024-09-04T12:19:23.276+0000][673.105s][info ][safepoint     ] Leaving safepoint region
[2024-09-04T12:19:23.276+0000][673.105s][info ][safepoint     ] Total time for which application threads were stopped: 0.0012212 seconds, Stopping threads took: 0.0006714 seconds
[2024-09-04T12:19:24.276+0000][674.105s][debug][safepoint     ] Safepoint synchronization initiated. (261 threads)
[2024-09-04T12:19:24.276+0000][674.105s][info ][safepoint     ] Application time: 1.0001926 seconds
[2024-09-04T12:19:24.276+0000][674.105s][info ][safepoint     ] Entering safepoint region: Cleanup
[2024-09-04T12:19:24.277+0000][674.105s][info ][safepoint     ] Leaving safepoint region
[2024-09-04T12:19:24.277+0000][674.105s][info ][safepoint     ] Total time for which application threads were stopped: 0.0006357 seconds, Stopping threads took: 0.0001370 seconds
[2024-09-04T12:19:25.277+0000][675.106s][debug][safepoint     ] Safepoint synchronization initiated. (261 threads)
[2024-09-04T12:19:25.277+0000][675.106s][info ][safepoint     ] Application time: 1.0002777 seconds
[2024-09-04T12:19:25.277+0000][675.106s][info ][safepoint     ] Entering safepoint region: Cleanup
[2024-09-04T12:19:25.278+0000][675.107s][info ][safepoint     ] Leaving safepoint region
[2024-09-04T12:19:25.278+0000][675.107s][info ][safepoint     ] Total time for which application threads were stopped: 0.0009164 seconds, Stopping threads took: 0.0002640 seconds
[2024-09-04T12:19:26.278+0000][676.107s][debug][safepoint     ] Safepoint synchronization initiated. (261 threads)
[2024-09-04T12:19:26.278+0000][676.107s][info ][safepoint     ] Application time: 1.0001923 seconds
[2024-09-04T12:19:26.278+0000][676.107s][info ][safepoint     ] Entering safepoint region: Cleanup
[2024-09-04T12:19:26.279+0000][676.108s][info ][safepoint     ] Leaving safepoint region
[2024-09-04T12:19:26.279+0000][676.108s][info ][safepoint     ] Total time for which application threads were stopped: 0.0007684 seconds, Stopping threads took: 0.0001660 seconds
[2024-09-04T12:19:27.279+0000][677.108s][debug][safepoint     ] Safepoint synchronization initiated. (261 threads)
[2024-09-04T12:19:27.279+0000][677.108s][info ][safepoint     ] Application time: 1.0002925 seconds
[2024-09-04T12:19:27.279+0000][677.108s][debug][safepoint     ] ... found polling page return exception at pc = 0x00007ff4a094d288, stub =0x00007ff498824b00
[2024-09-04T12:19:27.280+0000][677.108s][debug][safepoint     ] Waiting for 1 thread(s) to block
[2024-09-04T12:19:27.280+0000][677.108s][info ][safepoint     ] Entering safepoint region: Cleanup
[2024-09-04T12:19:27.280+0000][677.109s][info ][safepoint     ] Leaving safepoint region
[2024-09-04T12:19:27.280+0000][677.109s][info ][safepoint     ] Total time for which application threads were stopped: 0.0010295 seconds, Stopping threads took: 0.0005340 seconds
[2024-09-04T12:19:28.281+0000][678.109s][debug][safepoint     ] Safepoint synchronization initiated. (261 threads)
[2024-09-04T12:19:28.281+0000][678.109s][info ][safepoint     ] Application time: 1.0003883 seconds
[2024-09-04T12:19:28.281+0000][678.110s][info ][safepoint     ] Entering safepoint region: Cleanup
[2024-09-04T12:19:28.282+0000][678.110s][info ][safepoint     ] Leaving safepoint region
[2024-09-04T12:19:28.282+0000][678.110s][info ][safepoint     ] Total time for which application threads were stopped: 0.0008119 seconds, Stopping threads took: 0.0002284 seconds
[2024-09-04T12:19:29.282+0000][679.111s][debug][safepoint     ] Safepoint synchronization initiated. (261 threads)
[2024-09-04T12:19:29.282+0000][679.111s][info ][safepoint     ] Application time: 1.0002839 seconds
[2024-09-04T12:19:29.282+0000][679.111s][info ][safepoint     ] Entering safepoint region: Cleanup
[2024-09-04T12:19:29.283+0000][679.111s][info ][safepoint     ] Leaving safepoint region
[2024-09-04T12:19:29.283+0000][679.111s][info ][safepoint     ] Total time for which application threads were stopped: 0.0007240 seconds, Stopping threads took: 0.0002363 seconds
[2024-09-04T12:19:30.283+0000][680.112s][debug][safepoint     ] Safepoint synchronization initiated. (261 threads)
[2024-09-04T12:19:30.283+0000][680.112s][info ][safepoint     ] Application time: 1.0004121 seconds
[2024-09-04T12:19:30.283+0000][680.112s][info ][safepoint     ] Entering safepoint region: Cleanup
[2024-09-04T12:19:30.284+0000][680.113s][info ][safepoint     ] Leaving safepoint region
[2024-09-04T12:19:30.284+0000][680.113s][info ][safepoint     ] Total time for which application threads were stopped: 0.0009811 seconds, Stopping threads took: 0.0002267 seconds
[2024-09-04T12:19:31.284+0000][681.113s][debug][safepoint     ] Safepoint synchronization initiated. (261 threads)
[2024-09-04T12:19:31.284+0000][681.113s][info ][safepoint     ] Application time: 1.0002209 seconds
[2024-09-04T12:19:31.285+0000][681.113s][info ][safepoint     ] Entering safepoint region: Cleanup
[2024-09-04T12:19:31.285+0000][681.114s][info ][safepoint     ] Leaving safepoint region
[2024-09-04T12:19:31.285+0000][681.114s][info ][safepoint     ] Total time for which application threads were stopped: 0.0007908 seconds, Stopping threads took: 0.0002490 seconds
[2024-09-04T12:19:32.285+0000][682.114s][debug][safepoint     ] Safepoint synchronization initiated. (261 threads)
[2024-09-04T12:19:32.286+0000][682.114s][info ][safepoint     ] Application time: 1.0003883 seconds
[2024-09-04T12:19:32.286+0000][682.115s][info ][safepoint     ] Entering safepoint region: Cleanup
[2024-09-04T12:19:32.287+0000][682.115s][debug][safepoint     ] ... found polling page loop exception at pc = 0x00007ff4a1290108, stub =0x00007ff498826680
[2024-09-04T12:19:32.287+0000][682.115s][info ][safepoint     ] Leaving safepoint region
[2024-09-04T12:19:32.287+0000][682.116s][info ][safepoint     ] Total time for which application threads were stopped: 0.0011695 seconds, Stopping threads took: 0.0002789 seconds
[2024-09-04T12:19:33.287+0000][683.116s][debug][safepoint     ] Safepoint synchronization initiated. (261 threads)
[2024-09-04T12:19:33.287+0000][683.116s][info ][safepoint     ] Application time: 1.0002193 seconds
[2024-09-04T12:19:33.287+0000][683.116s][info ][safepoint     ] Entering safepoint region: Cleanup
[2024-09-04T12:19:33.288+0000][683.117s][debug][safepoint     ] ... found polling page loop exception at pc = 0x00007ff4a1317510, stub =0x00007ff498826680
[2024-09-04T12:19:33.288+0000][683.117s][debug][safepoint     ] ... found polling page return exception at pc = 0x00007ff4a0ad015b, stub =0x00007ff498824b00
[2024-09-04T12:19:33.288+0000][683.117s][info ][safepoint     ] Leaving safepoint region
[2024-09-04T12:19:33.288+0000][683.117s][info ][safepoint     ] Total time for which application threads were stopped: 0.0010155 seconds, Stopping threads took: 0.0001630 seconds
[2024-09-04T12:19:34.288+0000][684.117s][debug][safepoint     ] Safepoint synchronization initiated. (261 threads)
[2024-09-04T12:19:34.288+0000][684.117s][info ][safepoint     ] Application time: 1.0003774 seconds
[2024-09-04T12:19:34.289+0000][684.117s][info ][safepoint     ] Entering safepoint region: Cleanup
[2024-09-04T12:19:34.289+0000][684.118s][info ][safepoint     ] Leaving safepoint region
[2024-09-04T12:19:34.290+0000][684.118s][info ][safepoint     ] Total time for which application threads were stopped: 0.0010756 seconds, Stopping threads took: 0.0002193 seconds
[2024-09-04T12:19:35.290+0000][685.119s][debug][safepoint     ] Safepoint synchronization initiated. (261 threads)
[2024-09-04T12:19:35.290+0000][685.119s][info ][safepoint     ] Application time: 1.0003425 seconds
[2024-09-04T12:19:35.290+0000][685.119s][info ][safepoint     ] Entering safepoint region: Cleanup
[2024-09-04T12:19:35.291+0000][685.120s][info ][safepoint     ] Leaving safepoint region
[2024-09-04T12:19:35.291+0000][685.120s][info ][safepoint     ] Total time for which application threads were stopped: 0.0009723 seconds, Stopping threads took: 0.0002753 seconds
[2024-09-04T12:19:36.291+0000][686.120s][debug][safepoint     ] Safepoint synchronization initiated. (261 threads)
[2024-09-04T12:19:36.291+0000][686.120s][info ][safepoint     ] Application time: 1.0002353 seconds
[2024-09-04T12:19:36.291+0000][686.120s][debug][safepoint     ] ... found polling page return exception at pc = 0x00007ff4a110aec3, stub =0x00007ff498824b00
[2024-09-04T12:19:36.291+0000][686.120s][debug][safepoint     ] ... found polling page return exception at pc = 0x00007ff4a0fa339e, stub =0x00007ff498824b00
[2024-09-04T12:19:36.291+0000][686.120s][debug][safepoint     ] Waiting for 2 thread(s) to block
[2024-09-04T12:19:36.292+0000][686.120s][info ][safepoint     ] Entering safepoint region: Cleanup
[2024-09-04T12:19:36.292+0000][686.121s][info ][safepoint     ] Leaving safepoint region
[2024-09-04T12:19:36.293+0000][686.122s][info ][safepoint     ] Total time for which application threads were stopped: 0.0017577 seconds, Stopping threads took: 0.0005142 seconds
[2024-09-04T12:19:37.293+0000][687.122s][debug][safepoint     ] Safepoint synchronization initiated. (261 threads)
[2024-09-04T12:19:37.293+0000][687.122s][info ][safepoint     ] Application time: 1.0002919 seconds
[2024-09-04T12:19:37.294+0000][687.122s][info ][safepoint     ] Entering safepoint region: Cleanup
[2024-09-04T12:19:37.294+0000][687.123s][info ][safepoint     ] Leaving safepoint region
[2024-09-04T12:19:37.294+0000][687.123s][info ][safepoint     ] Total time for which application threads were stopped: 0.0010526 seconds, Stopping threads took: 0.0002819 seconds
[2024-09-04T12:19:37.527+0000][687.356s][debug][safepoint     ] Safepoint synchronization initiated. (261 threads)
[2024-09-04T12:19:37.527+0000][687.356s][info ][safepoint     ] Application time: 0.2329294 seconds
[2024-09-04T12:19:37.527+0000][687.356s][debug][safepoint     ] ... found polling page return exception at pc = 0x00007ff4a0349f2f, stub =0x00007ff498824b00
[2024-09-04T12:19:37.527+0000][687.356s][debug][safepoint     ] ... found polling page return exception at pc = 0x00007ff4a0a468c4, stub =0x00007ff498824b00
[2024-09-04T12:19:37.528+0000][687.356s][debug][safepoint     ] Waiting for 2 thread(s) to block
[2024-09-04T12:19:37.528+0000][687.356s][info ][safepoint     ] Entering safepoint region: G1CollectForAllocation
[2024-09-04T12:19:37.528+0000][687.357s][info ][gc,start      ] GC(94) Pause Young (Normal) (G1 Evacuation Pause)
[2024-09-04T12:19:37.528+0000][687.357s][info ][gc,task       ] GC(94) Using 4 workers of 4 for evacuation
[2024-09-04T12:19:37.542+0000][687.370s][info ][gc,phases     ] GC(94)   Pre Evacuate Collection Set: 0.0ms
[2024-09-04T12:19:37.542+0000][687.370s][info ][gc,phases     ] GC(94)   Evacuate Collection Set: 7.9ms
[2024-09-04T12:19:37.542+0000][687.370s][info ][gc,phases     ] GC(94)   Post Evacuate Collection Set: 5.0ms
[2024-09-04T12:19:37.542+0000][687.370s][info ][gc,phases     ] GC(94)   Other: 0.4ms
[2024-09-04T12:19:37.542+0000][687.370s][info ][gc,heap       ] GC(94) Eden regions: 189->0(190)
[2024-09-04T12:19:37.542+0000][687.370s][info ][gc,heap       ] GC(94) Survivor regions: 6->4(25)
[2024-09-04T12:19:37.542+0000][687.370s][info ][gc,heap       ] GC(94) Old regions: 169->172
[2024-09-04T12:19:37.542+0000][687.370s][info ][gc,heap       ] GC(94) Humongous regions: 0->0
[2024-09-04T12:19:37.542+0000][687.370s][info ][gc,metaspace  ] GC(94) Metaspace: 180821K(186736K)->180821K(186736K) NonClass: 159920K(163540K)->159920K(163540K) Class: 20901K(23196K)->20901K(23196K)
[2024-09-04T12:19:37.542+0000][687.370s][info ][gc            ] GC(94) Pause Young (Normal) (G1 Evacuation Pause) 362M->173M(412M) 13.500ms
[2024-09-04T12:19:37.542+0000][687.371s][info ][gc,cpu        ] GC(94) User=0.05s Sys=0.00s Real=0.02s
[2024-09-04T12:19:37.542+0000][687.371s][info ][safepoint     ] Leaving safepoint region
[2024-09-04T12:19:37.542+0000][687.371s][info ][safepoint     ] Total time for which application threads were stopped: 0.0145718 seconds, Stopping threads took: 0.0004249 seconds
[2024-09-04T12:19:37.542+0000][687.371s][info ][gc,stringdedup] Concurrent String Deduplication (687.371s)
[2024-09-04T12:19:37.543+0000][687.371s][info ][gc,stringdedup] Concurrent String Deduplication 90416.0B->0.0B(90416.0B) avg 54.6% (687.371s, 687.371s) 0.551ms
[2024-09-04T12:19:38.542+0000][688.371s][debug][safepoint     ] Safepoint synchronization initiated. (261 threads)
[2024-09-04T12:19:38.542+0000][688.371s][info ][safepoint     ] Application time: 1.0002274 seconds
[2024-09-04T12:19:38.542+0000][688.371s][info ][safepoint     ] Entering safepoint region: Cleanup
[2024-09-04T12:19:38.543+0000][688.372s][info ][safepoint     ] Leaving safepoint region
[2024-09-04T12:19:38.543+0000][688.372s][info ][safepoint     ] Total time for which application threads were stopped: 0.0007290 seconds, Stopping threads took: 0.0001718 seconds
[2024-09-04T12:19:39.543+0000][689.372s][debug][safepoint     ] Safepoint synchronization initiated. (261 threads)
[2024-09-04T12:19:39.543+0000][689.372s][info ][safepoint     ] Application time: 1.0002804 seconds
[2024-09-04T12:19:39.543+0000][689.372s][info ][safepoint     ] Entering safepoint region: Cleanup
[2024-09-04T12:19:39.544+0000][689.373s][info ][safepoint     ] Leaving safepoint region
[2024-09-04T12:19:39.544+0000][689.373s][info ][safepoint     ] Total time for which application threads were stopped: 0.0008006 seconds, Stopping threads took: 0.0001879 seconds
[2024-09-04T12:19:40.544+0000][690.373s][debug][safepoint     ] Safepoint synchronization initiated. (261 threads)
[2024-09-04T12:19:40.544+0000][690.373s][info ][safepoint     ] Application time: 1.0003664 seconds
[2024-09-04T12:19:40.545+0000][690.373s][debug][safepoint     ] ... found polling page return exception at pc = 0x00007ff4a0ee1b9f, stub =0x00007ff498824b00
[2024-09-04T12:19:40.545+0000][690.374s][debug][safepoint     ] Waiting for 1 thread(s) to block
[2024-09-04T12:19:40.545+0000][690.374s][info ][safepoint     ] Entering safepoint region: Cleanup
[2024-09-04T12:19:40.546+0000][690.374s][debug][safepoint     ] ... found polling page return exception at pc = 0x00007ff4a131ffd6, stub =0x00007ff498824b00
[2024-09-04T12:19:40.546+0000][690.374s][info ][safepoint     ] Leaving safepoint region
[2024-09-04T12:19:40.546+0000][690.375s][info ][safepoint     ] Total time for which application threads were stopped: 0.0012955 seconds, Stopping threads took: 0.0005564 seconds
[2024-09-04T12:19:41.546+0000][691.375s][debug][safepoint     ] Safepoint synchronization initiated. (261 threads)
[2024-09-04T12:19:41.546+0000][691.375s][info ][safepoint     ] Application time: 1.0002011 seconds
[2024-09-04T12:19:41.546+0000][691.375s][info ][safepoint     ] Entering safepoint region: Cleanup
[2024-09-04T12:19:41.547+0000][691.375s][info ][safepoint     ] Leaving safepoint region
[2024-09-04T12:19:41.547+0000][691.375s][info ][safepoint     ] Total time for which application threads were stopped: 0.0006470 seconds, Stopping threads took: 0.0001645 seconds
[2024-09-04T12:19:42.547+0000][692.376s][debug][safepoint     ] Safepoint synchronization initiated. (261 threads)
[2024-09-04T12:19:42.547+0000][692.376s][info ][safepoint     ] Application time: 1.0002045 seconds
[2024-09-04T12:19:42.547+0000][692.376s][info ][safepoint     ] Entering safepoint region: Cleanup
[2024-09-04T12:19:42.548+0000][692.376s][info ][safepoint     ] Leaving safepoint region
[2024-09-04T12:19:42.548+0000][692.376s][info ][safepoint     ] Total time for which application threads were stopped: 0.0006638 seconds, Stopping threads took: 0.0002083 seconds
[2024-09-04T12:19:43.548+0000][693.377s][debug][safepoint     ] Safepoint synchronization initiated. (261 threads)
[2024-09-04T12:19:43.548+0000][693.377s][info ][safepoint     ] Application time: 1.0002937 seconds
[2024-09-04T12:19:43.548+0000][693.377s][debug][safepoint     ] ... found polling page return exception at pc = 0x00007ff4a03bfff2, stub =0x00007ff498824b00
[2024-09-04T12:19:43.548+0000][693.377s][debug][safepoint     ] Waiting for 1 thread(s) to block
[2024-09-04T12:19:43.549+0000][693.377s][info ][safepoint     ] Entering safepoint region: Cleanup
[2024-09-04T12:19:43.549+0000][693.378s][info ][safepoint     ] Leaving safepoint region
[2024-09-04T12:19:43.549+0000][693.378s][info ][safepoint     ] Total time for which application threads were stopped: 0.0011797 seconds, Stopping threads took: 0.0006205 seconds
[2024-09-04T12:19:44.549+0000][694.378s][debug][safepoint     ] Safepoint synchronization initiated. (261 threads)
[2024-09-04T12:19:44.549+0000][694.378s][info ][safepoint     ] Application time: 1.0002083 seconds
[2024-09-04T12:19:44.549+0000][694.378s][debug][safepoint     ] ... found polling page return exception at pc = 0x00007ff4a0699419, stub =0x00007ff498824b00
[2024-09-04T12:19:44.550+0000][694.378s][debug][safepoint     ] Waiting for 1 thread(s) to block
[2024-09-04T12:19:44.550+0000][694.378s][info ][safepoint     ] Entering safepoint region: Cleanup
[2024-09-04T12:19:44.550+0000][694.379s][info ][safepoint     ] Leaving safepoint region
[2024-09-04T12:19:44.550+0000][694.379s][info ][safepoint     ] Total time for which application threads were stopped: 0.0007705 seconds, Stopping threads took: 0.0002906 seconds
[2024-09-04T12:19:45.550+0000][695.379s][debug][safepoint     ] Safepoint synchronization initiated. (261 threads)
[2024-09-04T12:19:45.550+0000][695.379s][info ][safepoint     ] Application time: 1.0002951 seconds
[2024-09-04T12:19:45.551+0000][695.379s][info ][safepoint     ] Entering safepoint region: Cleanup
[2024-09-04T12:19:45.551+0000][695.380s][info ][safepoint     ] Leaving safepoint region
[2024-09-04T12:19:45.551+0000][695.380s][info ][safepoint     ] Total time for which application threads were stopped: 0.0008081 seconds, Stopping threads took: 0.0001676 seconds
[2024-09-04T12:19:46.551+0000][696.380s][debug][safepoint     ] Safepoint synchronization initiated. (261 threads)
[2024-09-04T12:19:46.552+0000][696.380s][info ][safepoint     ] Application time: 1.0002544 seconds
[2024-09-04T12:19:46.552+0000][696.381s][info ][safepoint     ] Entering safepoint region: Cleanup
[2024-09-04T12:19:46.552+0000][696.381s][info ][safepoint     ] Leaving safepoint region
[2024-09-04T12:19:46.552+0000][696.381s][info ][safepoint     ] Total time for which application threads were stopped: 0.0006977 seconds, Stopping threads took: 0.0002713 seconds
[2024-09-04T12:19:47.553+0000][697.381s][debug][safepoint     ] Safepoint synchronization initiated. (261 threads)
[2024-09-04T12:19:47.553+0000][697.381s][info ][safepoint     ] Application time: 1.0002777 seconds
[2024-09-04T12:19:47.553+0000][697.381s][debug][safepoint     ] ... found polling page return exception at pc = 0x00007ff4a0a468c4, stub =0x00007ff498824b00
[2024-09-04T12:19:47.553+0000][697.382s][debug][safepoint     ] Waiting for 1 thread(s) to block
[2024-09-04T12:19:47.553+0000][697.382s][info ][safepoint     ] Entering safepoint region: Cleanup
[2024-09-04T12:19:47.554+0000][697.382s][info ][safepoint     ] Leaving safepoint region
[2024-09-04T12:19:47.554+0000][697.382s][info ][safepoint     ] Total time for which application threads were stopped: 0.0009570 seconds, Stopping threads took: 0.0003840 seconds
[2024-09-04T12:19:48.554+0000][698.383s][debug][safepoint     ] Safepoint synchronization initiated. (261 threads)
[2024-09-04T12:19:48.554+0000][698.383s][info ][safepoint     ] Application time: 1.0002951 seconds
[2024-09-04T12:19:48.554+0000][698.383s][info ][safepoint     ] Entering safepoint region: Cleanup
[2024-09-04T12:19:48.555+0000][698.384s][info ][safepoint     ] Leaving safepoint region
[2024-09-04T12:19:48.555+0000][698.384s][info ][safepoint     ] Total time for which application threads were stopped: 0.0008966 seconds, Stopping threads took: 0.0001966 seconds
[2024-09-04T12:19:49.555+0000][699.384s][debug][safepoint     ] Safepoint synchronization initiated. (261 threads)
[2024-09-04T12:19:49.555+0000][699.384s][info ][safepoint     ] Application time: 1.0004185 seconds
[2024-09-04T12:19:49.556+0000][699.384s][info ][safepoint     ] Entering safepoint region: Cleanup
[2024-09-04T12:19:49.556+0000][699.385s][info ][safepoint     ] Leaving safepoint region
[2024-09-04T12:19:49.556+0000][699.385s][info ][safepoint     ] Total time for which application threads were stopped: 0.0009362 seconds, Stopping threads took: 0.0002432 seconds
[2024-09-04T12:19:50.556+0000][700.385s][debug][safepoint     ] Safepoint synchronization initiated. (261 threads)
[2024-09-04T12:19:50.556+0000][700.385s][info ][safepoint     ] Application time: 1.0002013 seconds
[2024-09-04T12:19:50.557+0000][700.385s][info ][safepoint     ] Entering safepoint region: Cleanup
[2024-09-04T12:19:50.557+0000][700.386s][info ][safepoint     ] Leaving safepoint region
[2024-09-04T12:19:50.557+0000][700.386s][info ][safepoint     ] Total time for which application threads were stopped: 0.0006748 seconds, Stopping threads took: 0.0001690 seconds
[2024-09-04T12:19:51.557+0000][701.386s][debug][safepoint     ] Safepoint synchronization initiated. (261 threads)
[2024-09-04T12:19:51.557+0000][701.386s][info ][safepoint     ] Application time: 1.0003021 seconds
[2024-09-04T12:19:51.558+0000][701.386s][info ][safepoint     ] Entering safepoint region: Cleanup
[2024-09-04T12:19:51.559+0000][701.387s][info ][safepoint     ] Leaving safepoint region
[2024-09-04T12:19:51.559+0000][701.387s][info ][safepoint     ] Total time for which application threads were stopped: 0.0011776 seconds, Stopping threads took: 0.0001992 seconds
[2024-09-04T12:19:52.559+0000][702.388s][debug][safepoint     ] Safepoint synchronization initiated. (261 threads)
[2024-09-04T12:19:52.559+0000][702.388s][info ][safepoint     ] Application time: 1.0003027 seconds
[2024-09-04T12:19:52.559+0000][702.388s][info ][safepoint     ] Entering safepoint region: Cleanup
[2024-09-04T12:19:52.560+0000][702.389s][info ][safepoint     ] Leaving safepoint region
[2024-09-04T12:19:52.560+0000][702.389s][info ][safepoint     ] Total time for which application threads were stopped: 0.0008255 seconds, Stopping threads took: 0.0002279 seconds
[2024-09-04T12:19:53.560+0000][703.389s][debug][safepoint     ] Safepoint synchronization initiated. (261 threads)
[2024-09-04T12:19:53.560+0000][703.389s][info ][safepoint     ] Application time: 1.0004295 seconds
[2024-09-04T12:19:53.561+0000][703.389s][info ][safepoint     ] Entering safepoint region: Cleanup
[2024-09-04T12:19:53.561+0000][703.390s][info ][safepoint     ] Leaving safepoint region
[2024-09-04T12:19:53.561+0000][703.390s][info ][safepoint     ] Total time for which application threads were stopped: 0.0008119 seconds, Stopping threads took: 0.0002168 seconds
[2024-09-04T12:19:54.561+0000][704.390s][debug][safepoint     ] Safepoint synchronization initiated. (261 threads)
[2024-09-04T12:19:54.561+0000][704.390s][info ][safepoint     ] Application time: 1.0002159 seconds
[2024-09-04T12:19:54.562+0000][704.390s][info ][safepoint     ] Entering safepoint region: Cleanup
[2024-09-04T12:19:54.562+0000][704.391s][info ][safepoint     ] Leaving safepoint region
[2024-09-04T12:19:54.562+0000][704.391s][info ][safepoint     ] Total time for which application threads were stopped: 0.0008905 seconds, Stopping threads took: 0.0002886 seconds
[2024-09-04T12:19:55.562+0000][705.391s][debug][safepoint     ] Safepoint synchronization initiated. (261 threads)
[2024-09-04T12:19:55.563+0000][705.391s][info ][safepoint     ] Application time: 1.0002495 seconds
[2024-09-04T12:19:55.563+0000][705.392s][info ][safepoint     ] Entering safepoint region: Cleanup
[2024-09-04T12:19:55.563+0000][705.392s][info ][safepoint     ] Leaving safepoint region
[2024-09-04T12:19:55.563+0000][705.392s][info ][safepoint     ] Total time for which application threads were stopped: 0.0007484 seconds, Stopping threads took: 0.0002174 seconds
[2024-09-04T12:19:56.564+0000][706.392s][debug][safepoint     ] Safepoint synchronization initiated. (261 threads)
[2024-09-04T12:19:56.564+0000][706.393s][info ][safepoint     ] Application time: 1.0004304 seconds
[2024-09-04T12:19:56.564+0000][706.393s][info ][safepoint     ] Entering safepoint region: Cleanup
[2024-09-04T12:19:56.565+0000][706.394s][info ][safepoint     ] Leaving safepoint region
[2024-09-04T12:19:56.565+0000][706.394s][info ][safepoint     ] Total time for which application threads were stopped: 0.0010161 seconds, Stopping threads took: 0.0002213 seconds
[2024-09-04T12:19:57.565+0000][707.394s][debug][safepoint     ] Safepoint synchronization initiated. (261 threads)
[2024-09-04T12:19:57.565+0000][707.394s][info ][safepoint     ] Application time: 1.0002979 seconds
[2024-09-04T12:19:57.565+0000][707.394s][info ][safepoint     ] Entering safepoint region: Cleanup
[2024-09-04T12:19:57.566+0000][707.395s][info ][safepoint     ] Leaving safepoint region
[2024-09-04T12:19:57.566+0000][707.395s][info ][safepoint     ] Total time for which application threads were stopped: 0.0009720 seconds, Stopping threads took: 0.0002181 seconds
[2024-09-04T12:19:58.566+0000][708.395s][debug][safepoint     ] Safepoint synchronization initiated. (261 threads)
[2024-09-04T12:19:58.566+0000][708.395s][info ][safepoint     ] Application time: 1.0002150 seconds
[2024-09-04T12:19:58.567+0000][708.395s][info ][safepoint     ] Entering safepoint region: Cleanup
[2024-09-04T12:19:58.567+0000][708.396s][info ][safepoint     ] Leaving safepoint region
[2024-09-04T12:19:58.567+0000][708.396s][info ][safepoint     ] Total time for which application threads were stopped: 0.0008183 seconds, Stopping threads took: 0.0002596 seconds
[2024-09-04T12:19:59.567+0000][709.396s][debug][safepoint     ] Safepoint synchronization initiated. (260 threads)
[2024-09-04T12:19:59.568+0000][709.396s][info ][safepoint     ] Application time: 1.0003034 seconds
[2024-09-04T12:19:59.568+0000][709.396s][debug][safepoint     ] ... found polling page loop exception at pc = 0x00007ff4a123d5da, stub =0x00007ff498826680
[2024-09-04T12:19:59.568+0000][709.397s][debug][safepoint     ] Waiting for 2 thread(s) to block
[2024-09-04T12:19:59.568+0000][709.397s][info ][safepoint     ] Entering safepoint region: Cleanup
[2024-09-04T12:19:59.569+0000][709.397s][info ][safepoint     ] Leaving safepoint region
[2024-09-04T12:19:59.569+0000][709.397s][info ][safepoint     ] Total time for which application threads were stopped: 0.0010399 seconds, Stopping threads took: 0.0005498 seconds
[2024-09-04T12:20:00.569+0000][710.398s][debug][safepoint     ] Safepoint synchronization initiated. (260 threads)
[2024-09-04T12:20:00.569+0000][710.398s][info ][safepoint     ] Application time: 1.0003661 seconds
[2024-09-04T12:20:00.569+0000][710.398s][info ][safepoint     ] Entering safepoint region: Cleanup
[2024-09-04T12:20:00.570+0000][710.399s][info ][safepoint     ] Leaving safepoint region
[2024-09-04T12:20:00.570+0000][710.399s][info ][safepoint     ] Total time for which application threads were stopped: 0.0008502 seconds, Stopping threads took: 0.0002334 seconds
[2024-09-04T12:20:01.570+0000][711.399s][debug][safepoint     ] Safepoint synchronization initiated. (260 threads)
[2024-09-04T12:20:01.570+0000][711.399s][info ][safepoint     ] Application time: 1.0003188 seconds
[2024-09-04T12:20:01.570+0000][711.399s][info ][safepoint     ] Entering safepoint region: Cleanup
[2024-09-04T12:20:01.571+0000][711.400s][info ][safepoint     ] Leaving safepoint region
[2024-09-04T12:20:01.571+0000][711.400s][info ][safepoint     ] Total time for which application threads were stopped: 0.0007850 seconds, Stopping threads took: 0.0001823 seconds
[2024-09-04T12:20:02.571+0000][712.400s][debug][safepoint     ] Safepoint synchronization initiated. (260 threads)
[2024-09-04T12:20:02.571+0000][712.400s][info ][safepoint     ] Application time: 1.0002670 seconds
[2024-09-04T12:20:02.572+0000][712.400s][info ][safepoint     ] Entering safepoint region: Cleanup
[2024-09-04T12:20:02.572+0000][712.401s][info ][safepoint     ] Leaving safepoint region
[2024-09-04T12:20:02.572+0000][712.401s][info ][safepoint     ] Total time for which application threads were stopped: 0.0008785 seconds, Stopping threads took: 0.0002058 seconds
[2024-09-04T12:20:03.572+0000][713.401s][debug][safepoint     ] Safepoint synchronization initiated. (260 threads)
[2024-09-04T12:20:03.572+0000][713.401s][info ][safepoint     ] Application time: 1.0001853 seconds
[2024-09-04T12:20:03.573+0000][713.401s][info ][safepoint     ] Entering safepoint region: Cleanup
[2024-09-04T12:20:03.573+0000][713.402s][info ][safepoint     ] Leaving safepoint region
[2024-09-04T12:20:03.573+0000][713.402s][info ][safepoint     ] Total time for which application threads were stopped: 0.0006496 seconds, Stopping threads took: 0.0001699 seconds
[2024-09-04T12:20:04.573+0000][714.402s][debug][safepoint     ] Safepoint synchronization initiated. (259 threads)
[2024-09-04T12:20:04.573+0000][714.402s][info ][safepoint     ] Application time: 1.0002065 seconds
[2024-09-04T12:20:04.574+0000][714.402s][info ][safepoint     ] Entering safepoint region: Cleanup
[2024-09-04T12:20:04.574+0000][714.403s][info ][safepoint     ] Leaving safepoint region
[2024-09-04T12:20:04.574+0000][714.403s][info ][safepoint     ] Total time for which application threads were stopped: 0.0006872 seconds, Stopping threads took: 0.0002154 seconds
[2024-09-04T12:20:05.574+0000][715.403s][debug][safepoint     ] Safepoint synchronization initiated. (259 threads)
[2024-09-04T12:20:05.574+0000][715.403s][info ][safepoint     ] Application time: 1.0001617 seconds
[2024-09-04T12:20:05.574+0000][715.403s][info ][safepoint     ] Entering safepoint region: Cleanup
[2024-09-04T12:20:05.575+0000][715.404s][info ][safepoint     ] Leaving safepoint region
[2024-09-04T12:20:05.575+0000][715.404s][info ][safepoint     ] Total time for which application threads were stopped: 0.0006835 seconds, Stopping threads took: 0.0002399 seconds
[2024-09-04T12:20:06.575+0000][716.404s][debug][safepoint     ] Safepoint synchronization initiated. (259 threads)
[2024-09-04T12:20:06.575+0000][716.404s][info ][safepoint     ] Application time: 1.0002447 seconds
[2024-09-04T12:20:06.575+0000][716.404s][info ][safepoint     ] Entering safepoint region: Cleanup
[2024-09-04T12:20:06.576+0000][716.405s][info ][safepoint     ] Leaving safepoint region
[2024-09-04T12:20:06.576+0000][716.405s][info ][safepoint     ] Total time for which application threads were stopped: 0.0007041 seconds, Stopping threads took: 0.0001995 seconds
[2024-09-04T12:20:07.113+0000][716.942s][debug][safepoint     ] Safepoint synchronization initiated. (259 threads)
[2024-09-04T12:20:07.113+0000][716.942s][info ][safepoint     ] Application time: 0.5373875 seconds
[2024-09-04T12:20:07.114+0000][716.942s][info ][safepoint     ] Entering safepoint region: G1CollectForAllocation
[2024-09-04T12:20:07.114+0000][716.943s][info ][gc,start      ] GC(95) Pause Young (Normal) (G1 Evacuation Pause)
[2024-09-04T12:20:07.114+0000][716.943s][info ][gc,task       ] GC(95) Using 4 workers of 4 for evacuation
[2024-09-04T12:20:07.125+0000][716.954s][info ][gc,phases     ] GC(95)   Pre Evacuate Collection Set: 0.0ms
[2024-09-04T12:20:07.125+0000][716.954s][info ][gc,phases     ] GC(95)   Evacuate Collection Set: 5.8ms
[2024-09-04T12:20:07.126+0000][716.954s][info ][gc,phases     ] GC(95)   Post Evacuate Collection Set: 4.9ms
[2024-09-04T12:20:07.126+0000][716.954s][info ][gc,phases     ] GC(95)   Other: 0.5ms
[2024-09-04T12:20:07.126+0000][716.954s][info ][gc,heap       ] GC(95) Eden regions: 190->0(190)
[2024-09-04T12:20:07.126+0000][716.954s][info ][gc,heap       ] GC(95) Survivor regions: 4->2(25)
[2024-09-04T12:20:07.126+0000][716.954s][info ][gc,heap       ] GC(95) Old regions: 172->174
[2024-09-04T12:20:07.126+0000][716.954s][info ][gc,heap       ] GC(95) Humongous regions: 0->0
[2024-09-04T12:20:07.126+0000][716.954s][info ][gc,metaspace  ] GC(95) Metaspace: 180840K(186736K)->180840K(186736K) NonClass: 159939K(163540K)->159939K(163540K) Class: 20901K(23196K)->20901K(23196K)
[2024-09-04T12:20:07.126+0000][716.954s][info ][gc            ] GC(95) Pause Young (Normal) (G1 Evacuation Pause) 363M->173M(412M) 11.389ms
[2024-09-04T12:20:07.126+0000][716.954s][info ][gc,cpu        ] GC(95) User=0.04s Sys=0.00s Real=0.01s
[2024-09-04T12:20:07.126+0000][716.955s][info ][safepoint     ] Leaving safepoint region
[2024-09-04T12:20:07.126+0000][716.955s][info ][safepoint     ] Total time for which application threads were stopped: 0.0125022 seconds, Stopping threads took: 0.0002751 seconds
[2024-09-04T12:20:07.126+0000][716.955s][info ][gc,stringdedup] Concurrent String Deduplication (716.955s)
[2024-09-04T12:20:07.126+0000][716.955s][info ][gc,stringdedup] Concurrent String Deduplication 25864.0B->0.0B(25864.0B) avg 54.6% (716.955s, 716.955s) 0.100ms
[2024-09-04T12:20:08.126+0000][717.955s][debug][safepoint     ] Safepoint synchronization initiated. (259 threads)
[2024-09-04T12:20:08.126+0000][717.955s][info ][safepoint     ] Application time: 1.0002648 seconds
[2024-09-04T12:20:08.126+0000][717.955s][info ][safepoint     ] Entering safepoint region: Cleanup
[2024-09-04T12:20:08.127+0000][717.956s][info ][safepoint     ] Leaving safepoint region
[2024-09-04T12:20:08.127+0000][717.956s][info ][safepoint     ] Total time for which application threads were stopped: 0.0007667 seconds, Stopping threads took: 0.0001653 seconds
[2024-09-04T12:20:09.127+0000][718.956s][debug][safepoint     ] Safepoint synchronization initiated. (259 threads)
[2024-09-04T12:20:09.127+0000][718.956s][info ][safepoint     ] Application time: 1.0003807 seconds
[2024-09-04T12:20:09.128+0000][718.956s][debug][safepoint     ] Waiting for 1 thread(s) to block
[2024-09-04T12:20:09.128+0000][718.957s][info ][safepoint     ] Entering safepoint region: Cleanup
[2024-09-04T12:20:09.129+0000][718.958s][info ][safepoint     ] Leaving safepoint region
[2024-09-04T12:20:09.129+0000][718.958s][info ][safepoint     ] Total time for which application threads were stopped: 0.0015687 seconds, Stopping threads took: 0.0010335 seconds
[2024-09-04T12:20:10.129+0000][719.958s][debug][safepoint     ] Safepoint synchronization initiated. (259 threads)
[2024-09-04T12:20:10.129+0000][719.958s][info ][safepoint     ] Application time: 1.0003061 seconds
[2024-09-04T12:20:10.130+0000][719.958s][info ][safepoint     ] Entering safepoint region: Cleanup
[2024-09-04T12:20:10.130+0000][719.959s][info ][safepoint     ] Leaving safepoint region
[2024-09-04T12:20:10.130+0000][719.959s][info ][safepoint     ] Total time for which application threads were stopped: 0.0009975 seconds, Stopping threads took: 0.0004029 seconds
[2024-09-04T12:20:11.130+0000][720.959s][debug][safepoint     ] Safepoint synchronization initiated. (259 threads)
[2024-09-04T12:20:11.131+0000][720.959s][info ][safepoint     ] Application time: 1.0002493 seconds
[2024-09-04T12:20:11.131+0000][720.960s][info ][safepoint     ] Entering safepoint region: Cleanup
[2024-09-04T12:20:11.131+0000][720.960s][info ][safepoint     ] Leaving safepoint region
[2024-09-04T12:20:11.131+0000][720.960s][info ][safepoint     ] Total time for which application threads were stopped: 0.0008220 seconds, Stopping threads took: 0.0002528 seconds
[2024-09-04T12:20:12.132+0000][721.960s][debug][safepoint     ] Safepoint synchronization initiated. (259 threads)
[2024-09-04T12:20:12.132+0000][721.960s][info ][safepoint     ] Application time: 1.0002786 seconds
[2024-09-04T12:20:12.132+0000][721.961s][debug][safepoint     ] ... found polling page return exception at pc = 0x00007ff4a085e306, stub =0x00007ff498824b00
[2024-09-04T12:20:12.132+0000][721.961s][debug][safepoint     ] Waiting for 1 thread(s) to block
[2024-09-04T12:20:12.132+0000][721.961s][info ][safepoint     ] Entering safepoint region: Cleanup
[2024-09-04T12:20:12.132+0000][721.961s][info ][safepoint     ] Leaving safepoint region
[2024-09-04T12:20:12.133+0000][721.961s][info ][safepoint     ] Total time for which application threads were stopped: 0.0008183 seconds, Stopping threads took: 0.0003450 seconds
[2024-09-04T12:20:13.133+0000][722.962s][debug][safepoint     ] Safepoint synchronization initiated. (259 threads)
[2024-09-04T12:20:13.133+0000][722.962s][info ][safepoint     ] Application time: 1.0003141 seconds
[2024-09-04T12:20:13.133+0000][722.962s][info ][safepoint     ] Entering safepoint region: Cleanup
[2024-09-04T12:20:13.134+0000][722.962s][info ][safepoint     ] Leaving safepoint region
[2024-09-04T12:20:13.134+0000][722.963s][info ][safepoint     ] Total time for which application threads were stopped: 0.0008523 seconds, Stopping threads took: 0.0002668 seconds
[2024-09-04T12:20:14.134+0000][723.963s][debug][safepoint     ] Safepoint synchronization initiated. (259 threads)
[2024-09-04T12:20:14.134+0000][723.963s][info ][safepoint     ] Application time: 1.0002123 seconds
[2024-09-04T12:20:14.134+0000][723.963s][info ][safepoint     ] Entering safepoint region: Cleanup
[2024-09-04T12:20:14.135+0000][723.963s][info ][safepoint     ] Leaving safepoint region
[2024-09-04T12:20:14.135+0000][723.963s][info ][safepoint     ] Total time for which application threads were stopped: 0.0006802 seconds, Stopping threads took: 0.0002080 seconds
[2024-09-04T12:20:15.135+0000][724.964s][debug][safepoint     ] Safepoint synchronization initiated. (259 threads)
[2024-09-04T12:20:15.135+0000][724.964s][info ][safepoint     ] Application time: 1.0002128 seconds
[2024-09-04T12:20:15.135+0000][724.964s][info ][safepoint     ] Entering safepoint region: Cleanup
[2024-09-04T12:20:15.136+0000][724.964s][info ][safepoint     ] Leaving safepoint region
[2024-09-04T12:20:15.136+0000][724.964s][info ][safepoint     ] Total time for which application threads were stopped: 0.0005826 seconds, Stopping threads took: 0.0001709 seconds
[2024-09-04T12:20:16.136+0000][725.965s][debug][safepoint     ] Safepoint synchronization initiated. (259 threads)
[2024-09-04T12:20:16.136+0000][725.965s][info ][safepoint     ] Application time: 1.0003374 seconds
[2024-09-04T12:20:16.136+0000][725.965s][info ][safepoint     ] Entering safepoint region: Cleanup
[2024-09-04T12:20:16.137+0000][725.966s][info ][safepoint     ] Leaving safepoint region
[2024-09-04T12:20:16.137+0000][725.966s][info ][safepoint     ] Total time for which application threads were stopped: 0.0010080 seconds, Stopping threads took: 0.0002630 seconds
[2024-09-04T12:20:17.137+0000][726.966s][debug][safepoint     ] Safepoint synchronization initiated. (259 threads)
[2024-09-04T12:20:17.137+0000][726.966s][info ][safepoint     ] Application time: 1.0003440 seconds
[2024-09-04T12:20:17.138+0000][726.966s][info ][safepoint     ] Entering safepoint region: Cleanup
[2024-09-04T12:20:17.138+0000][726.967s][info ][safepoint     ] Leaving safepoint region
[2024-09-04T12:20:17.138+0000][726.967s][info ][safepoint     ] Total time for which application threads were stopped: 0.0008171 seconds, Stopping threads took: 0.0003179 seconds
[2024-09-04T12:20:18.138+0000][727.967s][debug][safepoint     ] Safepoint synchronization initiated. (259 threads)
[2024-09-04T12:20:18.138+0000][727.967s][info ][safepoint     ] Application time: 1.0002801 seconds
[2024-09-04T12:20:18.139+0000][727.967s][info ][safepoint     ] Entering safepoint region: Cleanup
[2024-09-04T12:20:18.139+0000][727.968s][info ][safepoint     ] Leaving safepoint region
[2024-09-04T12:20:18.139+0000][727.968s][info ][safepoint     ] Total time for which application threads were stopped: 0.0010244 seconds, Stopping threads took: 0.0003079 seconds
[2024-09-04T12:20:19.140+0000][728.969s][debug][safepoint     ] Safepoint synchronization initiated. (259 threads)
[2024-09-04T12:20:19.140+0000][728.969s][info ][safepoint     ] Application time: 1.0003446 seconds
[2024-09-04T12:20:19.140+0000][728.969s][info ][safepoint     ] Entering safepoint region: Cleanup
[2024-09-04T12:20:19.141+0000][728.969s][info ][safepoint     ] Leaving safepoint region
[2024-09-04T12:20:19.141+0000][728.970s][info ][safepoint     ] Total time for which application threads were stopped: 0.0008884 seconds, Stopping threads took: 0.0002313 seconds
[2024-09-04T12:20:20.141+0000][729.970s][debug][safepoint     ] Safepoint synchronization initiated. (259 threads)
[2024-09-04T12:20:20.141+0000][729.970s][info ][safepoint     ] Application time: 1.0003967 seconds
[2024-09-04T12:20:20.142+0000][729.970s][info ][safepoint     ] Entering safepoint region: Cleanup
[2024-09-04T12:20:20.142+0000][729.971s][info ][safepoint     ] Leaving safepoint region
[2024-09-04T12:20:20.142+0000][729.971s][info ][safepoint     ] Total time for which application threads were stopped: 0.0010061 seconds, Stopping threads took: 0.0002946 seconds
[2024-09-04T12:20:21.142+0000][730.971s][debug][safepoint     ] Safepoint synchronization initiated. (259 threads)
[2024-09-04T12:20:21.143+0000][730.971s][info ][safepoint     ] Application time: 1.0002169 seconds
[2024-09-04T12:20:21.143+0000][730.971s][info ][safepoint     ] Entering safepoint region: Cleanup
[2024-09-04T12:20:21.143+0000][730.972s][info ][safepoint     ] Leaving safepoint region
[2024-09-04T12:20:21.143+0000][730.972s][info ][safepoint     ] Total time for which application threads were stopped: 0.0008283 seconds, Stopping threads took: 0.0002789 seconds
[2024-09-04T12:20:22.144+0000][731.972s][debug][safepoint     ] Safepoint synchronization initiated. (259 threads)
[2024-09-04T12:20:22.144+0000][731.973s][info ][safepoint     ] Application time: 1.0004258 seconds
[2024-09-04T12:20:22.144+0000][731.973s][debug][safepoint     ] ... found polling page loop exception at pc = 0x00007ff4a131e1a3, stub =0x00007ff498826680
[2024-09-04T12:20:22.144+0000][731.973s][debug][safepoint     ] ... found polling page loop exception at pc = 0x00007ff4a131e1a3, stub =0x00007ff498826680
[2024-09-04T12:20:22.144+0000][731.973s][debug][safepoint     ] Waiting for 2 thread(s) to block
[2024-09-04T12:20:22.144+0000][731.973s][info ][safepoint     ] Entering safepoint region: Cleanup
[2024-09-04T12:20:22.144+0000][731.973s][info ][safepoint     ] Leaving safepoint region
[2024-09-04T12:20:22.145+0000][731.973s][info ][safepoint     ] Total time for which application threads were stopped: 0.0006646 seconds, Stopping threads took: 0.0003133 seconds
[2024-09-04T12:20:23.145+0000][732.974s][debug][safepoint     ] Safepoint synchronization initiated. (259 threads)
[2024-09-04T12:20:23.145+0000][732.974s][info ][safepoint     ] Application time: 1.0003783 seconds
[2024-09-04T12:20:23.145+0000][732.974s][info ][safepoint     ] Entering safepoint region: Cleanup
[2024-09-04T12:20:23.146+0000][732.974s][info ][safepoint     ] Leaving safepoint region
[2024-09-04T12:20:23.146+0000][732.974s][info ][safepoint     ] Total time for which application threads were stopped: 0.0006565 seconds, Stopping threads took: 0.0002091 seconds
[2024-09-04T12:20:24.146+0000][733.975s][debug][safepoint     ] Safepoint synchronization initiated. (259 threads)
[2024-09-04T12:20:24.146+0000][733.975s][info ][safepoint     ] Application time: 1.0002727 seconds
[2024-09-04T12:20:24.146+0000][733.975s][info ][safepoint     ] Entering safepoint region: Cleanup
[2024-09-04T12:20:24.147+0000][733.975s][info ][safepoint     ] Leaving safepoint region
[2024-09-04T12:20:24.147+0000][733.975s][info ][safepoint     ] Total time for which application threads were stopped: 0.0006823 seconds, Stopping threads took: 0.0001877 seconds
[2024-09-04T12:20:25.147+0000][734.976s][debug][safepoint     ] Safepoint synchronization initiated. (259 threads)
[2024-09-04T12:20:25.147+0000][734.976s][info ][safepoint     ] Application time: 1.0002681 seconds
[2024-09-04T12:20:25.147+0000][734.976s][info ][safepoint     ] Entering safepoint region: Cleanup
[2024-09-04T12:20:25.147+0000][734.976s][info ][safepoint     ] Leaving safepoint region
[2024-09-04T12:20:25.147+0000][734.976s][info ][safepoint     ] Total time for which application threads were stopped: 0.0005164 seconds, Stopping threads took: 0.0001685 seconds
[2024-09-04T12:20:26.148+0000][735.976s][debug][safepoint     ] Safepoint synchronization initiated. (259 threads)
[2024-09-04T12:20:26.148+0000][735.977s][info ][safepoint     ] Application time: 1.0003395 seconds
[2024-09-04T12:20:26.148+0000][735.977s][info ][safepoint     ] Entering safepoint region: Cleanup
[2024-09-04T12:20:26.149+0000][735.977s][info ][safepoint     ] Leaving safepoint region
[2024-09-04T12:20:26.149+0000][735.977s][info ][safepoint     ] Total time for which application threads were stopped: 0.0007940 seconds, Stopping threads took: 0.0001963 seconds
[2024-09-04T12:20:27.149+0000][736.978s][debug][safepoint     ] Safepoint synchronization initiated. (259 threads)
[2024-09-04T12:20:27.149+0000][736.978s][info ][safepoint     ] Application time: 1.0003204 seconds
[2024-09-04T12:20:27.149+0000][736.978s][info ][safepoint     ] Entering safepoint region: Cleanup
[2024-09-04T12:20:27.150+0000][736.979s][info ][safepoint     ] Leaving safepoint region
[2024-09-04T12:20:27.150+0000][736.979s][info ][safepoint     ] Total time for which application threads were stopped: 0.0008844 seconds, Stopping threads took: 0.0002557 seconds
[2024-09-04T12:20:28.150+0000][737.979s][debug][safepoint     ] Safepoint synchronization initiated. (259 threads)
[2024-09-04T12:20:28.150+0000][737.979s][info ][safepoint     ] Application time: 1.0002274 seconds
[2024-09-04T12:20:28.150+0000][737.979s][info ][safepoint     ] Entering safepoint region: Cleanup
[2024-09-04T12:20:28.151+0000][737.979s][info ][safepoint     ] Leaving safepoint region
[2024-09-04T12:20:28.151+0000][737.980s][info ][safepoint     ] Total time for which application threads were stopped: 0.0006235 seconds, Stopping threads took: 0.0002082 seconds
[2024-09-04T12:20:29.151+0000][738.980s][debug][safepoint     ] Safepoint synchronization initiated. (259 threads)
[2024-09-04T12:20:29.151+0000][738.980s][info ][safepoint     ] Application time: 1.0002903 seconds
[2024-09-04T12:20:29.151+0000][738.980s][info ][safepoint     ] Entering safepoint region: Cleanup
[2024-09-04T12:20:29.152+0000][738.981s][info ][safepoint     ] Leaving safepoint region
[2024-09-04T12:20:29.152+0000][738.981s][info ][safepoint     ] Total time for which application threads were stopped: 0.0009180 seconds, Stopping threads took: 0.0002222 seconds
[2024-09-04T12:20:30.152+0000][739.981s][debug][safepoint     ] Safepoint synchronization initiated. (259 threads)
[2024-09-04T12:20:30.152+0000][739.981s][info ][safepoint     ] Application time: 1.0004273 seconds
[2024-09-04T12:20:30.153+0000][739.981s][info ][safepoint     ] Entering safepoint region: Cleanup
[2024-09-04T12:20:30.153+0000][739.982s][info ][safepoint     ] Leaving safepoint region
[2024-09-04T12:20:30.154+0000][739.982s][info ][safepoint     ] Total time for which application threads were stopped: 0.0010316 seconds, Stopping threads took: 0.0002741 seconds
[2024-09-04T12:20:31.154+0000][740.983s][debug][safepoint     ] Safepoint synchronization initiated. (259 threads)
[2024-09-04T12:20:31.154+0000][740.983s][info ][safepoint     ] Application time: 1.0002980 seconds
[2024-09-04T12:20:31.154+0000][740.983s][info ][safepoint     ] Entering safepoint region: Cleanup
[2024-09-04T12:20:31.154+0000][740.983s][info ][safepoint     ] Leaving safepoint region
[2024-09-04T12:20:31.154+0000][740.983s][info ][safepoint     ] Total time for which application threads were stopped: 0.0005368 seconds, Stopping threads took: 0.0001564 seconds
[2024-09-04T12:20:32.155+0000][741.983s][debug][safepoint     ] Safepoint synchronization initiated. (259 threads)
[2024-09-04T12:20:32.155+0000][741.983s][info ][safepoint     ] Application time: 1.0002830 seconds
[2024-09-04T12:20:32.155+0000][741.984s][info ][safepoint     ] Entering safepoint region: Cleanup
[2024-09-04T12:20:32.155+0000][741.984s][info ][safepoint     ] Leaving safepoint region
[2024-09-04T12:20:32.156+0000][741.984s][info ][safepoint     ] Total time for which application threads were stopped: 0.0007644 seconds, Stopping threads took: 0.0002166 seconds
[2024-09-04T12:20:33.156+0000][742.985s][debug][safepoint     ] Safepoint synchronization initiated. (259 threads)
[2024-09-04T12:20:33.156+0000][742.985s][info ][safepoint     ] Application time: 1.0002684 seconds
[2024-09-04T12:20:33.156+0000][742.985s][info ][safepoint     ] Entering safepoint region: Cleanup
[2024-09-04T12:20:33.157+0000][742.985s][info ][safepoint     ] Leaving safepoint region
[2024-09-04T12:20:33.157+0000][742.985s][info ][safepoint     ] Total time for which application threads were stopped: 0.0007588 seconds, Stopping threads took: 0.0002276 seconds
[2024-09-04T12:20:34.157+0000][743.986s][debug][safepoint     ] Safepoint synchronization initiated. (259 threads)
[2024-09-04T12:20:34.157+0000][743.986s][info ][safepoint     ] Application time: 1.0003124 seconds
[2024-09-04T12:20:34.157+0000][743.986s][info ][safepoint     ] Entering safepoint region: Cleanup
[2024-09-04T12:20:34.158+0000][743.987s][info ][safepoint     ] Leaving safepoint region
[2024-09-04T12:20:34.158+0000][743.987s][info ][safepoint     ] Total time for which application threads were stopped: 0.0008410 seconds, Stopping threads took: 0.0002550 seconds
[2024-09-04T12:20:35.158+0000][744.987s][debug][safepoint     ] Safepoint synchronization initiated. (259 threads)
[2024-09-04T12:20:35.158+0000][744.987s][info ][safepoint     ] Application time: 1.0002278 seconds
[2024-09-04T12:20:35.158+0000][744.987s][info ][safepoint     ] Entering safepoint region: Cleanup
[2024-09-04T12:20:35.159+0000][744.988s][info ][safepoint     ] Leaving safepoint region
[2024-09-04T12:20:35.159+0000][744.988s][info ][safepoint     ] Total time for which application threads were stopped: 0.0007461 seconds, Stopping threads took: 0.0001935 seconds
[2024-09-04T12:20:36.159+0000][745.988s][debug][safepoint     ] Safepoint synchronization initiated. (259 threads)
[2024-09-04T12:20:36.159+0000][745.988s][info ][safepoint     ] Application time: 1.0003063 seconds
[2024-09-04T12:20:36.159+0000][745.988s][info ][safepoint     ] Entering safepoint region: Cleanup
[2024-09-04T12:20:36.160+0000][745.989s][info ][safepoint     ] Leaving safepoint region
[2024-09-04T12:20:36.160+0000][745.989s][info ][safepoint     ] Total time for which application threads were stopped: 0.0010270 seconds, Stopping threads took: 0.0002353 seconds
[2024-09-04T12:20:36.756+0000][746.585s][debug][safepoint     ] Safepoint synchronization initiated. (259 threads)
[2024-09-04T12:20:36.756+0000][746.585s][info ][safepoint     ] Application time: 0.5957689 seconds
[2024-09-04T12:20:36.756+0000][746.585s][info ][safepoint     ] Entering safepoint region: G1CollectForAllocation
[2024-09-04T12:20:36.757+0000][746.585s][info ][gc,start      ] GC(96) Pause Young (Normal) (G1 Evacuation Pause)
[2024-09-04T12:20:36.757+0000][746.585s][info ][gc,task       ] GC(96) Using 4 workers of 4 for evacuation
[2024-09-04T12:20:36.765+0000][746.594s][info ][gc,phases     ] GC(96)   Pre Evacuate Collection Set: 0.0ms
[2024-09-04T12:20:36.765+0000][746.594s][info ][gc,phases     ] GC(96)   Evacuate Collection Set: 3.4ms
[2024-09-04T12:20:36.765+0000][746.594s][info ][gc,phases     ] GC(96)   Post Evacuate Collection Set: 5.0ms
[2024-09-04T12:20:36.766+0000][746.594s][info ][gc,phases     ] GC(96)   Other: 0.5ms
[2024-09-04T12:20:36.766+0000][746.594s][info ][gc,heap       ] GC(96) Eden regions: 190->0(191)
[2024-09-04T12:20:36.766+0000][746.594s][info ][gc,heap       ] GC(96) Survivor regions: 2->1(24)
[2024-09-04T12:20:36.766+0000][746.594s][info ][gc,heap       ] GC(96) Old regions: 174->174
[2024-09-04T12:20:36.766+0000][746.594s][info ][gc,heap       ] GC(96) Humongous regions: 0->0
[2024-09-04T12:20:36.766+0000][746.594s][info ][gc,metaspace  ] GC(96) Metaspace: 180883K(186736K)->180883K(186736K) NonClass: 159981K(163540K)->159981K(163540K) Class: 20901K(23196K)->20901K(23196K)
[2024-09-04T12:20:36.766+0000][746.594s][info ][gc            ] GC(96) Pause Young (Normal) (G1 Evacuation Pause) 363M->173M(412M) 9.027ms
[2024-09-04T12:20:36.766+0000][746.594s][info ][gc,cpu        ] GC(96) User=0.03s Sys=0.00s Real=0.01s
[2024-09-04T12:20:36.766+0000][746.595s][info ][safepoint     ] Leaving safepoint region
[2024-09-04T12:20:36.766+0000][746.595s][info ][safepoint     ] Total time for which application threads were stopped: 0.0097976 seconds, Stopping threads took: 0.0002346 seconds
[2024-09-04T12:20:36.766+0000][746.595s][info ][gc,stringdedup] Concurrent String Deduplication (746.595s)
[2024-09-04T12:20:36.766+0000][746.595s][info ][gc,stringdedup] Concurrent String Deduplication 0.0B->0.0B(0.0B) avg 54.6% (746.595s, 746.595s) 0.039ms
[2024-09-04T12:20:37.766+0000][747.595s][debug][safepoint     ] Safepoint synchronization initiated. (259 threads)
[2024-09-04T12:20:37.766+0000][747.595s][info ][safepoint     ] Application time: 1.0002762 seconds
[2024-09-04T12:20:37.766+0000][747.595s][info ][safepoint     ] Entering safepoint region: Cleanup
[2024-09-04T12:20:37.767+0000][747.596s][info ][safepoint     ] Leaving safepoint region
[2024-09-04T12:20:37.767+0000][747.596s][info ][safepoint     ] Total time for which application threads were stopped: 0.0007492 seconds, Stopping threads took: 0.0001717 seconds
[2024-09-04T12:20:38.767+0000][748.596s][debug][safepoint     ] Safepoint synchronization initiated. (259 threads)
[2024-09-04T12:20:38.767+0000][748.596s][info ][safepoint     ] Application time: 1.0002731 seconds
[2024-09-04T12:20:38.767+0000][748.596s][info ][safepoint     ] Entering safepoint region: Cleanup
[2024-09-04T12:20:38.768+0000][748.597s][info ][safepoint     ] Leaving safepoint region
[2024-09-04T12:20:38.768+0000][748.597s][info ][safepoint     ] Total time for which application threads were stopped: 0.0007144 seconds, Stopping threads took: 0.0002073 seconds
[2024-09-04T12:20:39.768+0000][749.597s][debug][safepoint     ] Safepoint synchronization initiated. (259 threads)
[2024-09-04T12:20:39.768+0000][749.597s][info ][safepoint     ] Application time: 1.0002681 seconds
[2024-09-04T12:20:39.768+0000][749.597s][info ][safepoint     ] Entering safepoint region: Cleanup
[2024-09-04T12:20:39.769+0000][749.598s][info ][safepoint     ] Leaving safepoint region
[2024-09-04T12:20:39.769+0000][749.598s][info ][safepoint     ] Total time for which application threads were stopped: 0.0006191 seconds, Stopping threads took: 0.0001553 seconds
[2024-09-04T12:20:40.769+0000][750.598s][debug][safepoint     ] Safepoint synchronization initiated. (259 threads)
[2024-09-04T12:20:40.769+0000][750.598s][info ][safepoint     ] Application time: 1.0002513 seconds
[2024-09-04T12:20:40.769+0000][750.598s][info ][safepoint     ] Entering safepoint region: Cleanup
[2024-09-04T12:20:40.770+0000][750.599s][info ][safepoint     ] Leaving safepoint region
[2024-09-04T12:20:40.770+0000][750.599s][info ][safepoint     ] Total time for which application threads were stopped: 0.0007175 seconds, Stopping threads took: 0.0002210 seconds
[2024-09-04T12:20:41.770+0000][751.599s][debug][safepoint     ] Safepoint synchronization initiated. (259 threads)
[2024-09-04T12:20:41.770+0000][751.599s][info ][safepoint     ] Application time: 1.0002555 seconds
[2024-09-04T12:20:41.770+0000][751.599s][info ][safepoint     ] Entering safepoint region: Cleanup
[2024-09-04T12:20:41.771+0000][751.600s][info ][safepoint     ] Leaving safepoint region
[2024-09-04T12:20:41.771+0000][751.600s][info ][safepoint     ] Total time for which application threads were stopped: 0.0008211 seconds, Stopping threads took: 0.0002163 seconds
[2024-09-04T12:20:42.771+0000][752.600s][debug][safepoint     ] Safepoint synchronization initiated. (259 threads)
[2024-09-04T12:20:42.771+0000][752.600s][info ][safepoint     ] Application time: 1.0001866 seconds
[2024-09-04T12:20:42.771+0000][752.600s][info ][safepoint     ] Entering safepoint region: Cleanup
[2024-09-04T12:20:42.772+0000][752.600s][info ][safepoint     ] Leaving safepoint region
[2024-09-04T12:20:42.772+0000][752.600s][info ][safepoint     ] Total time for which application threads were stopped: 0.0005019 seconds, Stopping threads took: 0.0001439 seconds
[2024-09-04T12:20:43.772+0000][753.601s][debug][safepoint     ] Safepoint synchronization initiated. (259 threads)
[2024-09-04T12:20:43.772+0000][753.601s][info ][safepoint     ] Application time: 1.0003169 seconds
[2024-09-04T12:20:43.772+0000][753.601s][debug][safepoint     ] ... found polling page loop exception at pc = 0x00007ff4a1008ba7, stub =0x00007ff498826680
[2024-09-04T12:20:43.772+0000][753.601s][debug][safepoint     ] Waiting for 1 thread(s) to block
[2024-09-04T12:20:43.772+0000][753.601s][info ][safepoint     ] Entering safepoint region: Cleanup
[2024-09-04T12:20:43.773+0000][753.602s][info ][safepoint     ] Leaving safepoint region
[2024-09-04T12:20:43.773+0000][753.602s][info ][safepoint     ] Total time for which application threads were stopped: 0.0011429 seconds, Stopping threads took: 0.0007050 seconds
[2024-09-04T12:20:44.774+0000][754.602s][debug][safepoint     ] Safepoint synchronization initiated. (259 threads)
[2024-09-04T12:20:44.774+0000][754.602s][info ][safepoint     ] Application time: 1.0003585 seconds
[2024-09-04T12:20:44.774+0000][754.603s][info ][safepoint     ] Entering safepoint region: Cleanup
[2024-09-04T12:20:44.774+0000][754.603s][info ][safepoint     ] Leaving safepoint region
[2024-09-04T12:20:44.774+0000][754.603s][info ][safepoint     ] Total time for which application threads were stopped: 0.0005561 seconds, Stopping threads took: 0.0002082 seconds
[2024-09-04T12:20:45.774+0000][755.603s][debug][safepoint     ] Safepoint synchronization initiated. (259 threads)
[2024-09-04T12:20:45.774+0000][755.603s][info ][safepoint     ] Application time: 1.0001765 seconds
[2024-09-04T12:20:45.775+0000][755.604s][info ][safepoint     ] Entering safepoint region: Cleanup
[2024-09-04T12:20:45.775+0000][755.604s][info ][safepoint     ] Leaving safepoint region
[2024-09-04T12:20:45.775+0000][755.604s][info ][safepoint     ] Total time for which application threads were stopped: 0.0009690 seconds, Stopping threads took: 0.0005622 seconds
[2024-09-04T12:20:46.775+0000][756.604s][debug][safepoint     ] Safepoint synchronization initiated. (259 threads)
[2024-09-04T12:20:46.776+0000][756.604s][info ][safepoint     ] Application time: 1.0001658 seconds
[2024-09-04T12:20:46.776+0000][756.604s][info ][safepoint     ] Entering safepoint region: Cleanup
[2024-09-04T12:20:46.776+0000][756.605s][info ][safepoint     ] Leaving safepoint region
[2024-09-04T12:20:46.776+0000][756.605s][info ][safepoint     ] Total time for which application threads were stopped: 0.0005160 seconds, Stopping threads took: 0.0001422 seconds
[2024-09-04T12:20:47.776+0000][757.605s][debug][safepoint     ] Safepoint synchronization initiated. (259 threads)
[2024-09-04T12:20:47.776+0000][757.605s][info ][safepoint     ] Application time: 1.0001965 seconds
[2024-09-04T12:20:47.776+0000][757.605s][info ][safepoint     ] Entering safepoint region: Cleanup
[2024-09-04T12:20:47.777+0000][757.606s][info ][safepoint     ] Leaving safepoint region
[2024-09-04T12:20:47.777+0000][757.606s][info ][safepoint     ] Total time for which application threads were stopped: 0.0010130 seconds, Stopping threads took: 0.0002137 seconds
[2024-09-04T12:20:48.777+0000][758.606s][debug][safepoint     ] Safepoint synchronization initiated. (259 threads)
[2024-09-04T12:20:48.778+0000][758.606s][info ][safepoint     ] Application time: 1.0002571 seconds
[2024-09-04T12:20:48.778+0000][758.606s][info ][safepoint     ] Entering safepoint region: Cleanup
[2024-09-04T12:20:48.778+0000][758.607s][info ][safepoint     ] Leaving safepoint region
[2024-09-04T12:20:48.778+0000][758.607s][info ][safepoint     ] Total time for which application threads were stopped: 0.0006907 seconds, Stopping threads took: 0.0001952 seconds
[2024-09-04T12:20:49.779+0000][759.607s][debug][safepoint     ] Safepoint synchronization initiated. (259 threads)
[2024-09-04T12:20:49.779+0000][759.607s][info ][safepoint     ] Application time: 1.0003388 seconds
[2024-09-04T12:20:49.779+0000][759.608s][debug][safepoint     ] Waiting for 1 thread(s) to block
[2024-09-04T12:20:49.779+0000][759.608s][info ][safepoint     ] Entering safepoint region: Cleanup
[2024-09-04T12:20:49.779+0000][759.608s][info ][safepoint     ] Leaving safepoint region
[2024-09-04T12:20:49.779+0000][759.608s][info ][safepoint     ] Total time for which application threads were stopped: 0.0007927 seconds, Stopping threads took: 0.0003484 seconds
[2024-09-04T12:20:50.780+0000][760.608s][debug][safepoint     ] Safepoint synchronization initiated. (259 threads)
[2024-09-04T12:20:50.780+0000][760.608s][info ][safepoint     ] Application time: 1.0002567 seconds
[2024-09-04T12:20:50.780+0000][760.609s][info ][safepoint     ] Entering safepoint region: Cleanup
[2024-09-04T12:20:50.780+0000][760.609s][info ][safepoint     ] Leaving safepoint region
[2024-09-04T12:20:50.780+0000][760.609s][info ][safepoint     ] Total time for which application threads were stopped: 0.0006898 seconds, Stopping threads took: 0.0001593 seconds
[2024-09-04T12:20:51.781+0000][761.609s][debug][safepoint     ] Safepoint synchronization initiated. (259 threads)
[2024-09-04T12:20:51.781+0000][761.610s][info ][safepoint     ] Application time: 1.0002983 seconds
[2024-09-04T12:20:51.781+0000][761.610s][info ][safepoint     ] Entering safepoint region: Cleanup
[2024-09-04T12:20:51.782+0000][761.611s][info ][safepoint     ] Leaving safepoint region
[2024-09-04T12:20:51.782+0000][761.611s][info ][safepoint     ] Total time for which application threads were stopped: 0.0010145 seconds, Stopping threads took: 0.0002119 seconds
[2024-09-04T12:20:52.782+0000][762.611s][debug][safepoint     ] Safepoint synchronization initiated. (259 threads)
[2024-09-04T12:20:52.782+0000][762.611s][info ][safepoint     ] Application time: 1.0004020 seconds
[2024-09-04T12:20:52.782+0000][762.611s][info ][safepoint     ] Entering safepoint region: Cleanup
[2024-09-04T12:20:52.783+0000][762.612s][info ][safepoint     ] Leaving safepoint region
[2024-09-04T12:20:52.783+0000][762.612s][info ][safepoint     ] Total time for which application threads were stopped: 0.0011131 seconds, Stopping threads took: 0.0002373 seconds
[2024-09-04T12:20:53.784+0000][763.612s][debug][safepoint     ] Safepoint synchronization initiated. (259 threads)
[2024-09-04T12:20:53.784+0000][763.612s][info ][safepoint     ] Application time: 1.0002708 seconds
[2024-09-04T12:20:53.784+0000][763.613s][info ][safepoint     ] Entering safepoint region: Cleanup
[2024-09-04T12:20:53.784+0000][763.613s][info ][safepoint     ] Leaving safepoint region
[2024-09-04T12:20:53.784+0000][763.613s][info ][safepoint     ] Total time for which application threads were stopped: 0.0007207 seconds, Stopping threads took: 0.0001754 seconds
[2024-09-04T12:20:54.785+0000][764.613s][debug][safepoint     ] Safepoint synchronization initiated. (259 threads)
[2024-09-04T12:20:54.785+0000][764.613s][info ][safepoint     ] Application time: 1.0002836 seconds
[2024-09-04T12:20:54.785+0000][764.614s][debug][safepoint     ] ... found polling page return exception at pc = 0x00007ff4a0ee1b9f, stub =0x00007ff498824b00
[2024-09-04T12:20:54.785+0000][764.614s][debug][safepoint     ] ... found polling page return exception at pc = 0x00007ff4a12f54f4, stub =0x00007ff498824b00
[2024-09-04T12:20:54.785+0000][764.614s][debug][safepoint     ] Waiting for 2 thread(s) to block
[2024-09-04T12:20:54.785+0000][764.614s][info ][safepoint     ] Entering safepoint region: Cleanup
[2024-09-04T12:20:54.786+0000][764.615s][info ][safepoint     ] Leaving safepoint region
[2024-09-04T12:20:54.786+0000][764.615s][info ][safepoint     ] Total time for which application threads were stopped: 0.0010136 seconds, Stopping threads took: 0.0005906 seconds
[2024-09-04T12:20:55.786+0000][765.615s][debug][safepoint     ] Safepoint synchronization initiated. (259 threads)
[2024-09-04T12:20:55.786+0000][765.615s][info ][safepoint     ] Application time: 1.0003045 seconds
[2024-09-04T12:20:55.786+0000][765.615s][info ][safepoint     ] Entering safepoint region: Cleanup
[2024-09-04T12:20:55.787+0000][765.616s][info ][safepoint     ] Leaving safepoint region
[2024-09-04T12:20:55.787+0000][765.616s][info ][safepoint     ] Total time for which application threads were stopped: 0.0007488 seconds, Stopping threads took: 0.0001759 seconds
[2024-09-04T12:20:56.787+0000][766.616s][debug][safepoint     ] Safepoint synchronization initiated. (259 threads)
[2024-09-04T12:20:56.787+0000][766.616s][info ][safepoint     ] Application time: 1.0003504 seconds
[2024-09-04T12:20:56.787+0000][766.616s][info ][safepoint     ] Entering safepoint region: Cleanup
[2024-09-04T12:20:56.788+0000][766.617s][info ][safepoint     ] Leaving safepoint region
[2024-09-04T12:20:56.788+0000][766.617s][info ][safepoint     ] Total time for which application threads were stopped: 0.0009257 seconds, Stopping threads took: 0.0002601 seconds
[2024-09-04T12:20:57.788+0000][767.617s][debug][safepoint     ] Safepoint synchronization initiated. (259 threads)
[2024-09-04T12:20:57.788+0000][767.617s][info ][safepoint     ] Application time: 1.0002460 seconds
[2024-09-04T12:20:57.789+0000][767.617s][info ][safepoint     ] Entering safepoint region: Cleanup
[2024-09-04T12:20:57.789+0000][767.618s][info ][safepoint     ] Leaving safepoint region
[2024-09-04T12:20:57.789+0000][767.618s][info ][safepoint     ] Total time for which application threads were stopped: 0.0007147 seconds, Stopping threads took: 0.0002555 seconds
[2024-09-04T12:20:58.789+0000][768.618s][debug][safepoint     ] Safepoint synchronization initiated. (259 threads)
[2024-09-04T12:20:58.790+0000][768.618s][info ][safepoint     ] Application time: 1.0003173 seconds
[2024-09-04T12:20:58.790+0000][768.619s][info ][safepoint     ] Entering safepoint region: Cleanup
[2024-09-04T12:20:58.790+0000][768.619s][info ][safepoint     ] Leaving safepoint region
[2024-09-04T12:20:58.790+0000][768.619s][info ][safepoint     ] Total time for which application threads were stopped: 0.0008993 seconds, Stopping threads took: 0.0002148 seconds
[2024-09-04T12:20:59.791+0000][769.619s][debug][safepoint     ] Safepoint synchronization initiated. (259 threads)
[2024-09-04T12:20:59.791+0000][769.620s][info ][safepoint     ] Application time: 1.0002894 seconds
[2024-09-04T12:20:59.791+0000][769.620s][info ][safepoint     ] Entering safepoint region: Cleanup
[2024-09-04T12:20:59.792+0000][769.620s][info ][safepoint     ] Leaving safepoint region
[2024-09-04T12:20:59.792+0000][769.620s][info ][safepoint     ] Total time for which application threads were stopped: 0.0007851 seconds, Stopping threads took: 0.0001807 seconds
[2024-09-04T12:21:00.792+0000][770.621s][debug][safepoint     ] Safepoint synchronization initiated. (259 threads)
[2024-09-04T12:21:00.792+0000][770.621s][info ][safepoint     ] Application time: 1.0003716 seconds
[2024-09-04T12:21:00.792+0000][770.621s][info ][safepoint     ] Entering safepoint region: Cleanup
[2024-09-04T12:21:00.793+0000][770.622s][info ][safepoint     ] Leaving safepoint region
[2024-09-04T12:21:00.793+0000][770.622s][info ][safepoint     ] Total time for which application threads were stopped: 0.0009753 seconds, Stopping threads took: 0.0002264 seconds
[2024-09-04T12:21:01.793+0000][771.622s][debug][safepoint     ] Safepoint synchronization initiated. (259 threads)
[2024-09-04T12:21:01.793+0000][771.622s][info ][safepoint     ] Application time: 1.0003978 seconds
[2024-09-04T12:21:01.794+0000][771.623s][info ][safepoint     ] Entering safepoint region: Cleanup
[2024-09-04T12:21:01.794+0000][771.623s][info ][safepoint     ] Leaving safepoint region
[2024-09-04T12:21:01.794+0000][771.623s][info ][safepoint     ] Total time for which application threads were stopped: 0.0009815 seconds, Stopping threads took: 0.0003067 seconds
[2024-09-04T12:21:02.795+0000][772.624s][debug][safepoint     ] Safepoint synchronization initiated. (259 threads)
[2024-09-04T12:21:02.795+0000][772.624s][info ][safepoint     ] Application time: 1.0004093 seconds
[2024-09-04T12:21:02.795+0000][772.624s][info ][safepoint     ] Entering safepoint region: Cleanup
[2024-09-04T12:21:02.796+0000][772.625s][info ][safepoint     ] Leaving safepoint region
[2024-09-04T12:21:02.796+0000][772.625s][info ][safepoint     ] Total time for which application threads were stopped: 0.0010615 seconds, Stopping threads took: 0.0002429 seconds
[2024-09-04T12:21:03.796+0000][773.625s][debug][safepoint     ] Safepoint synchronization initiated. (259 threads)
[2024-09-04T12:21:03.796+0000][773.625s][info ][safepoint     ] Application time: 1.0002566 seconds
[2024-09-04T12:21:03.797+0000][773.625s][info ][safepoint     ] Entering safepoint region: Cleanup
[2024-09-04T12:21:03.797+0000][773.626s][info ][safepoint     ] Leaving safepoint region
[2024-09-04T12:21:03.797+0000][773.626s][info ][safepoint     ] Total time for which application threads were stopped: 0.0009601 seconds, Stopping threads took: 0.0002164 seconds
[2024-09-04T12:21:04.798+0000][774.626s][debug][safepoint     ] Safepoint synchronization initiated. (259 threads)
[2024-09-04T12:21:04.798+0000][774.626s][info ][safepoint     ] Application time: 1.0003681 seconds
[2024-09-04T12:21:04.798+0000][774.627s][info ][safepoint     ] Entering safepoint region: Cleanup
[2024-09-04T12:21:04.799+0000][774.627s][info ][safepoint     ] Leaving safepoint region
[2024-09-04T12:21:04.799+0000][774.628s][info ][safepoint     ] Total time for which application threads were stopped: 0.0010541 seconds, Stopping threads took: 0.0002497 seconds
[2024-09-04T12:21:05.799+0000][775.628s][debug][safepoint     ] Safepoint synchronization initiated. (259 threads)
[2024-09-04T12:21:05.799+0000][775.628s][info ][safepoint     ] Application time: 1.0002907 seconds
[2024-09-04T12:21:05.799+0000][775.628s][info ][safepoint     ] Entering safepoint region: Cleanup
[2024-09-04T12:21:05.800+0000][775.629s][info ][safepoint     ] Leaving safepoint region
[2024-09-04T12:21:05.800+0000][775.629s][info ][safepoint     ] Total time for which application threads were stopped: 0.0010147 seconds, Stopping threads took: 0.0002097 seconds
[2024-09-04T12:21:06.694+0000][776.523s][debug][safepoint     ] Safepoint synchronization initiated. (259 threads)
[2024-09-04T12:21:06.694+0000][776.523s][info ][safepoint     ] Application time: 0.8939127 seconds
[2024-09-04T12:21:06.694+0000][776.523s][info ][safepoint     ] Entering safepoint region: G1CollectForAllocation
[2024-09-04T12:21:06.695+0000][776.524s][info ][gc,start      ] GC(97) Pause Young (Normal) (G1 Evacuation Pause)
[2024-09-04T12:21:06.695+0000][776.524s][info ][gc,task       ] GC(97) Using 4 workers of 4 for evacuation
[2024-09-04T12:21:06.704+0000][776.532s][info ][gc,phases     ] GC(97)   Pre Evacuate Collection Set: 0.0ms
[2024-09-04T12:21:06.704+0000][776.532s][info ][gc,phases     ] GC(97)   Evacuate Collection Set: 2.8ms
[2024-09-04T12:21:06.704+0000][776.532s][info ][gc,phases     ] GC(97)   Post Evacuate Collection Set: 5.5ms
[2024-09-04T12:21:06.704+0000][776.532s][info ][gc,phases     ] GC(97)   Other: 0.5ms
[2024-09-04T12:21:06.704+0000][776.532s][info ][gc,heap       ] GC(97) Eden regions: 191->0(191)
[2024-09-04T12:21:06.704+0000][776.532s][info ][gc,heap       ] GC(97) Survivor regions: 1->1(24)
[2024-09-04T12:21:06.704+0000][776.532s][info ][gc,heap       ] GC(97) Old regions: 174->174
[2024-09-04T12:21:06.704+0000][776.532s][info ][gc,heap       ] GC(97) Humongous regions: 0->0
[2024-09-04T12:21:06.704+0000][776.532s][info ][gc,metaspace  ] GC(97) Metaspace: 180901K(186736K)->180901K(186736K) NonClass: 160000K(163540K)->160000K(163540K) Class: 20901K(23196K)->20901K(23196K)
[2024-09-04T12:21:06.704+0000][776.533s][info ][gc            ] GC(97) Pause Young (Normal) (G1 Evacuation Pause) 364M->173M(412M) 8.933ms
[2024-09-04T12:21:06.704+0000][776.533s][info ][gc,cpu        ] GC(97) User=0.02s Sys=0.00s Real=0.01s
[2024-09-04T12:21:06.704+0000][776.533s][info ][safepoint     ] Leaving safepoint region
[2024-09-04T12:21:06.704+0000][776.533s][info ][safepoint     ] Total time for which application threads were stopped: 0.0098197 seconds, Stopping threads took: 0.0002061 seconds
[2024-09-04T12:21:06.704+0000][776.533s][info ][gc,stringdedup] Concurrent String Deduplication (776.533s)
[2024-09-04T12:21:06.704+0000][776.533s][info ][gc,stringdedup] Concurrent String Deduplication 0.0B->0.0B(0.0B) avg 54.6% (776.533s, 776.533s) 0.037ms
[2024-09-04T12:21:07.704+0000][777.533s][debug][safepoint     ] Safepoint synchronization initiated. (259 threads)
[2024-09-04T12:21:07.704+0000][777.533s][info ][safepoint     ] Application time: 1.0002071 seconds
[2024-09-04T12:21:07.704+0000][777.533s][info ][safepoint     ] Entering safepoint region: Cleanup
[2024-09-04T12:21:07.705+0000][777.534s][info ][safepoint     ] Leaving safepoint region
[2024-09-04T12:21:07.705+0000][777.534s][info ][safepoint     ] Total time for which application threads were stopped: 0.0007793 seconds, Stopping threads took: 0.0002305 seconds
[2024-09-04T12:21:08.705+0000][778.534s][debug][safepoint     ] Safepoint synchronization initiated. (259 threads)
[2024-09-04T12:21:08.705+0000][778.534s][info ][safepoint     ] Application time: 1.0002755 seconds
[2024-09-04T12:21:08.705+0000][778.534s][info ][safepoint     ] Entering safepoint region: Cleanup
[2024-09-04T12:21:08.706+0000][778.535s][info ][safepoint     ] Leaving safepoint region
[2024-09-04T12:21:08.706+0000][778.535s][info ][safepoint     ] Total time for which application threads were stopped: 0.0006828 seconds, Stopping threads took: 0.0002919 seconds
[2024-09-04T12:21:09.706+0000][779.535s][debug][safepoint     ] Safepoint synchronization initiated. (259 threads)
[2024-09-04T12:21:09.706+0000][779.535s][info ][safepoint     ] Application time: 1.0002332 seconds
[2024-09-04T12:21:09.706+0000][779.535s][info ][safepoint     ] Entering safepoint region: Cleanup
[2024-09-04T12:21:09.707+0000][779.535s][info ][safepoint     ] Leaving safepoint region
[2024-09-04T12:21:09.707+0000][779.535s][info ][safepoint     ] Total time for which application threads were stopped: 0.0005463 seconds, Stopping threads took: 0.0001549 seconds
[2024-09-04T12:21:10.707+0000][780.536s][debug][safepoint     ] Safepoint synchronization initiated. (259 threads)
[2024-09-04T12:21:10.707+0000][780.536s][info ][safepoint     ] Application time: 1.0001965 seconds
[2024-09-04T12:21:10.707+0000][780.536s][info ][safepoint     ] Entering safepoint region: Cleanup
[2024-09-04T12:21:10.708+0000][780.536s][info ][safepoint     ] Leaving safepoint region
[2024-09-04T12:21:10.708+0000][780.536s][info ][safepoint     ] Total time for which application threads were stopped: 0.0006428 seconds, Stopping threads took: 0.0001786 seconds
[2024-09-04T12:21:11.708+0000][781.537s][debug][safepoint     ] Safepoint synchronization initiated. (259 threads)
[2024-09-04T12:21:11.708+0000][781.537s][info ][safepoint     ] Application time: 1.0002504 seconds
[2024-09-04T12:21:11.708+0000][781.537s][info ][safepoint     ] Entering safepoint region: Cleanup
[2024-09-04T12:21:11.709+0000][781.537s][info ][safepoint     ] Leaving safepoint region
[2024-09-04T12:21:11.709+0000][781.537s][info ][safepoint     ] Total time for which application threads were stopped: 0.0007230 seconds, Stopping threads took: 0.0001925 seconds
[2024-09-04T12:21:12.709+0000][782.538s][debug][safepoint     ] Safepoint synchronization initiated. (259 threads)
[2024-09-04T12:21:12.709+0000][782.538s][info ][safepoint     ] Application time: 1.0003109 seconds
[2024-09-04T12:21:12.709+0000][782.538s][info ][safepoint     ] Entering safepoint region: Cleanup
[2024-09-04T12:21:12.710+0000][782.539s][info ][safepoint     ] Leaving safepoint region
[2024-09-04T12:21:12.710+0000][782.539s][info ][safepoint     ] Total time for which application threads were stopped: 0.0008206 seconds, Stopping threads took: 0.0002066 seconds
[2024-09-04T12:21:13.710+0000][783.539s][debug][safepoint     ] Safepoint synchronization initiated. (259 threads)
[2024-09-04T12:21:13.710+0000][783.539s][info ][safepoint     ] Application time: 1.0002540 seconds
[2024-09-04T12:21:13.710+0000][783.539s][info ][safepoint     ] Entering safepoint region: Cleanup
[2024-09-04T12:21:13.711+0000][783.539s][info ][safepoint     ] Leaving safepoint region
[2024-09-04T12:21:13.711+0000][783.540s][info ][safepoint     ] Total time for which application threads were stopped: 0.0006595 seconds, Stopping threads took: 0.0001987 seconds
[2024-09-04T12:21:14.711+0000][784.540s][debug][safepoint     ] Safepoint synchronization initiated. (259 threads)
[2024-09-04T12:21:14.711+0000][784.540s][info ][safepoint     ] Application time: 1.0003343 seconds
[2024-09-04T12:21:14.711+0000][784.540s][info ][safepoint     ] Entering safepoint region: Cleanup
[2024-09-04T12:21:14.712+0000][784.541s][info ][safepoint     ] Leaving safepoint region
[2024-09-04T12:21:14.712+0000][784.541s][info ][safepoint     ] Total time for which application threads were stopped: 0.0009776 seconds, Stopping threads took: 0.0002661 seconds
[2024-09-04T12:21:15.712+0000][785.541s][debug][safepoint     ] Safepoint synchronization initiated. (259 threads)
[2024-09-04T12:21:15.712+0000][785.541s][info ][safepoint     ] Application time: 1.0002455 seconds
[2024-09-04T12:21:15.713+0000][785.541s][info ][safepoint     ] Entering safepoint region: Cleanup
[2024-09-04T12:21:15.713+0000][785.542s][info ][safepoint     ] Leaving safepoint region
[2024-09-04T12:21:15.713+0000][785.542s][info ][safepoint     ] Total time for which application threads were stopped: 0.0007093 seconds, Stopping threads took: 0.0002057 seconds
[2024-09-04T12:21:16.713+0000][786.542s][debug][safepoint     ] Safepoint synchronization initiated. (259 threads)
[2024-09-04T12:21:16.713+0000][786.542s][info ][safepoint     ] Application time: 1.0003074 seconds
[2024-09-04T12:21:16.714+0000][786.542s][info ][safepoint     ] Entering safepoint region: Cleanup
[2024-09-04T12:21:16.714+0000][786.543s][info ][safepoint     ] Leaving safepoint region
[2024-09-04T12:21:16.714+0000][786.543s][info ][safepoint     ] Total time for which application threads were stopped: 0.0007999 seconds, Stopping threads took: 0.0002461 seconds
[2024-09-04T12:21:17.715+0000][787.543s][debug][safepoint     ] Safepoint synchronization initiated. (259 threads)
[2024-09-04T12:21:17.715+0000][787.543s][info ][safepoint     ] Application time: 1.0002857 seconds
[2024-09-04T12:21:17.715+0000][787.544s][info ][safepoint     ] Entering safepoint region: Cleanup
[2024-09-04T12:21:17.715+0000][787.544s][info ][safepoint     ] Leaving safepoint region
[2024-09-04T12:21:17.715+0000][787.544s][info ][safepoint     ] Total time for which application threads were stopped: 0.0007639 seconds, Stopping threads took: 0.0002322 seconds
[2024-09-04T12:21:17.715+0000][787.544s][debug][safepoint     ] ... found polling page loop exception at pc = 0x00007ff4a1317510, stub =0x00007ff498826680
[2024-09-04T12:21:17.715+0000][787.544s][debug][safepoint     ] ... found polling page loop exception at pc = 0x00007ff49b70b7fe, stub =0x00007ff498826680
[2024-09-04T12:21:17.715+0000][787.544s][debug][safepoint     ] ... found polling page return exception at pc = 0x00007ff4a131ffd6, stub =0x00007ff498824b00
[2024-09-04T12:21:18.716+0000][788.545s][debug][safepoint     ] Safepoint synchronization initiated. (259 threads)
[2024-09-04T12:21:18.716+0000][788.545s][info ][safepoint     ] Application time: 1.0004339 seconds
[2024-09-04T12:21:18.716+0000][788.545s][info ][safepoint     ] Entering safepoint region: Cleanup
[2024-09-04T12:21:18.717+0000][788.545s][info ][safepoint     ] Leaving safepoint region
[2024-09-04T12:21:18.717+0000][788.545s][info ][safepoint     ] Total time for which application threads were stopped: 0.0007280 seconds, Stopping threads took: 0.0001965 seconds
[2024-09-04T12:21:19.717+0000][789.546s][debug][safepoint     ] Safepoint synchronization initiated. (259 threads)
[2024-09-04T12:21:19.717+0000][789.546s][info ][safepoint     ] Application time: 1.0002486 seconds
[2024-09-04T12:21:19.717+0000][789.546s][info ][safepoint     ] Entering safepoint region: Cleanup
[2024-09-04T12:21:19.718+0000][789.546s][info ][safepoint     ] Leaving safepoint region
[2024-09-04T12:21:19.718+0000][789.546s][info ][safepoint     ] Total time for which application threads were stopped: 0.0007687 seconds, Stopping threads took: 0.0001534 seconds
[2024-09-04T12:21:20.718+0000][790.547s][debug][safepoint     ] Safepoint synchronization initiated. (259 threads)
[2024-09-04T12:21:20.718+0000][790.547s][info ][safepoint     ] Application time: 1.0001893 seconds
[2024-09-04T12:21:20.719+0000][790.547s][debug][safepoint     ] ... found polling page return exception at pc = 0x00007ff4a0c6fc49, stub =0x00007ff498824b00
[2024-09-04T12:21:20.719+0000][790.547s][debug][safepoint     ] Waiting for 1 thread(s) to block
[2024-09-04T12:21:20.719+0000][790.548s][info ][safepoint     ] Entering safepoint region: Cleanup
[2024-09-04T12:21:20.719+0000][790.548s][info ][safepoint     ] Leaving safepoint region
[2024-09-04T12:21:20.719+0000][790.548s][info ][safepoint     ] Total time for which application threads were stopped: 0.0012902 seconds, Stopping threads took: 0.0009351 seconds
[2024-09-04T12:21:21.719+0000][791.548s][debug][safepoint     ] Safepoint synchronization initiated. (259 threads)
[2024-09-04T12:21:21.720+0000][791.548s][info ][safepoint     ] Application time: 1.0003169 seconds
[2024-09-04T12:21:21.720+0000][791.549s][info ][safepoint     ] Entering safepoint region: Cleanup
[2024-09-04T12:21:21.721+0000][791.549s][info ][safepoint     ] Leaving safepoint region
[2024-09-04T12:21:21.721+0000][791.549s][info ][safepoint     ] Total time for which application threads were stopped: 0.0010803 seconds, Stopping threads took: 0.0002561 seconds
[2024-09-04T12:21:22.721+0000][792.550s][debug][safepoint     ] Safepoint synchronization initiated. (259 threads)
[2024-09-04T12:21:22.721+0000][792.550s][info ][safepoint     ] Application time: 1.0002672 seconds
[2024-09-04T12:21:22.721+0000][792.550s][info ][safepoint     ] Entering safepoint region: Cleanup
[2024-09-04T12:21:22.722+0000][792.551s][info ][safepoint     ] Leaving safepoint region
[2024-09-04T12:21:22.722+0000][792.551s][info ][safepoint     ] Total time for which application threads were stopped: 0.0008947 seconds, Stopping threads took: 0.0002025 seconds
[2024-09-04T12:21:23.722+0000][793.551s][debug][safepoint     ] Safepoint synchronization initiated. (259 threads)
[2024-09-04T12:21:23.722+0000][793.551s][info ][safepoint     ] Application time: 1.0002360 seconds
[2024-09-04T12:21:23.722+0000][793.551s][info ][safepoint     ] Entering safepoint region: Cleanup
[2024-09-04T12:21:23.723+0000][793.552s][info ][safepoint     ] Leaving safepoint region
[2024-09-04T12:21:23.723+0000][793.552s][info ][safepoint     ] Total time for which application threads were stopped: 0.0006271 seconds, Stopping threads took: 0.0002087 seconds
[2024-09-04T12:21:24.723+0000][794.552s][debug][safepoint     ] Safepoint synchronization initiated. (259 threads)
[2024-09-04T12:21:24.723+0000][794.552s][info ][safepoint     ] Application time: 1.0003108 seconds
[2024-09-04T12:21:24.723+0000][794.552s][info ][safepoint     ] Entering safepoint region: Cleanup
[2024-09-04T12:21:24.724+0000][794.553s][info ][safepoint     ] Leaving safepoint region
[2024-09-04T12:21:24.724+0000][794.553s][info ][safepoint     ] Total time for which application threads were stopped: 0.0008052 seconds, Stopping threads took: 0.0002569 seconds
[2024-09-04T12:21:25.724+0000][795.553s][debug][safepoint     ] Safepoint synchronization initiated. (259 threads)
[2024-09-04T12:21:25.724+0000][795.553s][info ][safepoint     ] Application time: 1.0002539 seconds
[2024-09-04T12:21:25.724+0000][795.553s][info ][safepoint     ] Entering safepoint region: Cleanup
[2024-09-04T12:21:25.725+0000][795.554s][info ][safepoint     ] Leaving safepoint region
[2024-09-04T12:21:25.725+0000][795.554s][info ][safepoint     ] Total time for which application threads were stopped: 0.0008574 seconds, Stopping threads took: 0.0002498 seconds
[2024-09-04T12:21:26.725+0000][796.554s][debug][safepoint     ] Safepoint synchronization initiated. (259 threads)
[2024-09-04T12:21:26.725+0000][796.554s][info ][safepoint     ] Application time: 1.0003286 seconds
[2024-09-04T12:21:26.726+0000][796.554s][debug][safepoint     ] ... found polling page return exception at pc = 0x00007ff4a03bfff2, stub =0x00007ff498824b00
[2024-09-04T12:21:26.726+0000][796.554s][debug][safepoint     ] ... found polling page return exception at pc = 0x00007ff4a131ffd6, stub =0x00007ff498824b00
[2024-09-04T12:21:26.726+0000][796.554s][debug][safepoint     ] ... found polling page return exception at pc = 0x00007ff4a09c2674, stub =0x00007ff498824b00
[2024-09-04T12:21:26.726+0000][796.555s][debug][safepoint     ] Waiting for 3 thread(s) to block
[2024-09-04T12:21:26.726+0000][796.555s][info ][safepoint     ] Entering safepoint region: Cleanup
[2024-09-04T12:21:26.727+0000][796.555s][info ][safepoint     ] Leaving safepoint region
[2024-09-04T12:21:26.727+0000][796.555s][info ][safepoint     ] Total time for which application threads were stopped: 0.0011470 seconds, Stopping threads took: 0.0007422 seconds
[2024-09-04T12:21:27.727+0000][797.556s][debug][safepoint     ] Safepoint synchronization initiated. (259 threads)
[2024-09-04T12:21:27.727+0000][797.556s][info ][safepoint     ] Application time: 1.0002726 seconds
[2024-09-04T12:21:27.727+0000][797.556s][info ][safepoint     ] Entering safepoint region: Cleanup
[2024-09-04T12:21:27.728+0000][797.557s][info ][safepoint     ] Leaving safepoint region
[2024-09-04T12:21:27.728+0000][797.557s][info ][safepoint     ] Total time for which application threads were stopped: 0.0010095 seconds, Stopping threads took: 0.0002303 seconds
[2024-09-04T12:21:28.728+0000][798.557s][debug][safepoint     ] Safepoint synchronization initiated. (259 threads)
[2024-09-04T12:21:28.728+0000][798.557s][info ][safepoint     ] Application time: 1.0002380 seconds
[2024-09-04T12:21:28.728+0000][798.557s][info ][safepoint     ] Entering safepoint region: Cleanup
[2024-09-04T12:21:28.729+0000][798.558s][info ][safepoint     ] Leaving safepoint region
[2024-09-04T12:21:28.729+0000][798.558s][info ][safepoint     ] Total time for which application threads were stopped: 0.0007905 seconds, Stopping threads took: 0.0002400 seconds
[2024-09-04T12:21:29.729+0000][799.558s][debug][safepoint     ] Safepoint synchronization initiated. (259 threads)
[2024-09-04T12:21:29.729+0000][799.558s][info ][safepoint     ] Application time: 1.0001714 seconds
[2024-09-04T12:21:29.729+0000][799.558s][info ][safepoint     ] Entering safepoint region: Cleanup
[2024-09-04T12:21:29.730+0000][799.559s][info ][safepoint     ] Leaving safepoint region
[2024-09-04T12:21:29.730+0000][799.559s][info ][safepoint     ] Total time for which application threads were stopped: 0.0005344 seconds, Stopping threads took: 0.0001993 seconds
[2024-09-04T12:21:30.730+0000][800.559s][debug][safepoint     ] Safepoint synchronization initiated. (259 threads)
[2024-09-04T12:21:30.730+0000][800.559s][info ][safepoint     ] Application time: 1.0002584 seconds
[2024-09-04T12:21:30.730+0000][800.559s][info ][safepoint     ] Entering safepoint region: Cleanup
[2024-09-04T12:21:30.731+0000][800.560s][info ][safepoint     ] Leaving safepoint region
[2024-09-04T12:21:30.731+0000][800.560s][info ][safepoint     ] Total time for which application threads were stopped: 0.0009674 seconds, Stopping threads took: 0.0002905 seconds
[2024-09-04T12:21:31.731+0000][801.560s][debug][safepoint     ] Safepoint synchronization initiated. (259 threads)
[2024-09-04T12:21:31.731+0000][801.560s][info ][safepoint     ] Application time: 1.0003239 seconds
[2024-09-04T12:21:31.732+0000][801.560s][info ][safepoint     ] Entering safepoint region: Cleanup
[2024-09-04T12:21:31.732+0000][801.561s][info ][safepoint     ] Leaving safepoint region
[2024-09-04T12:21:31.732+0000][801.561s][info ][safepoint     ] Total time for which application threads were stopped: 0.0006829 seconds, Stopping threads took: 0.0002067 seconds
[2024-09-04T12:21:32.732+0000][802.561s][debug][safepoint     ] Safepoint synchronization initiated. (259 threads)
[2024-09-04T12:21:32.732+0000][802.561s][info ][safepoint     ] Application time: 1.0003497 seconds
[2024-09-04T12:21:32.733+0000][802.561s][info ][safepoint     ] Entering safepoint region: Cleanup
[2024-09-04T12:21:32.733+0000][802.562s][info ][safepoint     ] Leaving safepoint region
[2024-09-04T12:21:32.734+0000][802.562s][info ][safepoint     ] Total time for which application threads were stopped: 0.0010315 seconds, Stopping threads took: 0.0002631 seconds
[2024-09-04T12:21:32.733+0000][802.562s][debug][safepoint     ] ... found polling page return exception at pc = 0x00007ff4a131ffd6, stub =0x00007ff498824b00
[2024-09-04T12:21:33.734+0000][803.563s][debug][safepoint     ] Safepoint synchronization initiated. (259 threads)
[2024-09-04T12:21:33.734+0000][803.563s][info ][safepoint     ] Application time: 1.0002502 seconds
[2024-09-04T12:21:33.734+0000][803.563s][info ][safepoint     ] Entering safepoint region: Cleanup
[2024-09-04T12:21:33.735+0000][803.563s][info ][safepoint     ] Leaving safepoint region
[2024-09-04T12:21:33.735+0000][803.564s][info ][safepoint     ] Total time for which application threads were stopped: 0.0009016 seconds, Stopping threads took: 0.0002056 seconds
[2024-09-04T12:21:34.735+0000][804.564s][debug][safepoint     ] Safepoint synchronization initiated. (259 threads)
[2024-09-04T12:21:34.735+0000][804.564s][info ][safepoint     ] Application time: 1.0002053 seconds
[2024-09-04T12:21:34.735+0000][804.564s][info ][safepoint     ] Entering safepoint region: Cleanup
[2024-09-04T12:21:34.736+0000][804.564s][info ][safepoint     ] Leaving safepoint region
[2024-09-04T12:21:34.736+0000][804.564s][info ][safepoint     ] Total time for which application threads were stopped: 0.0006399 seconds, Stopping threads took: 0.0001645 seconds
[2024-09-04T12:21:35.736+0000][805.565s][debug][safepoint     ] Safepoint synchronization initiated. (259 threads)
[2024-09-04T12:21:35.736+0000][805.565s][info ][safepoint     ] Application time: 1.0002815 seconds
[2024-09-04T12:21:35.736+0000][805.565s][info ][safepoint     ] Entering safepoint region: Cleanup
[2024-09-04T12:21:35.737+0000][805.566s][info ][safepoint     ] Leaving safepoint region
[2024-09-04T12:21:35.737+0000][805.566s][info ][safepoint     ] Total time for which application threads were stopped: 0.0008154 seconds, Stopping threads took: 0.0001927 seconds
[2024-09-04T12:21:36.536+0000][806.365s][debug][safepoint     ] Safepoint synchronization initiated. (259 threads)
[2024-09-04T12:21:36.536+0000][806.365s][info ][safepoint     ] Application time: 0.7990531 seconds
[2024-09-04T12:21:36.536+0000][806.365s][debug][safepoint     ] Waiting for 1 thread(s) to block
[2024-09-04T12:21:36.536+0000][806.365s][info ][safepoint     ] Entering safepoint region: G1CollectForAllocation
[2024-09-04T12:21:36.537+0000][806.365s][info ][gc,start      ] GC(98) Pause Young (Normal) (G1 Evacuation Pause)
[2024-09-04T12:21:36.537+0000][806.366s][info ][gc,task       ] GC(98) Using 4 workers of 4 for evacuation
[2024-09-04T12:21:36.545+0000][806.374s][info ][gc,phases     ] GC(98)   Pre Evacuate Collection Set: 0.0ms
[2024-09-04T12:21:36.546+0000][806.374s][info ][gc,phases     ] GC(98)   Evacuate Collection Set: 3.3ms
[2024-09-04T12:21:36.546+0000][806.374s][info ][gc,phases     ] GC(98)   Post Evacuate Collection Set: 4.9ms
[2024-09-04T12:21:36.546+0000][806.374s][info ][gc,phases     ] GC(98)   Other: 0.6ms
[2024-09-04T12:21:36.546+0000][806.374s][info ][gc,heap       ] GC(98) Eden regions: 191->0(191)
[2024-09-04T12:21:36.546+0000][806.374s][info ][gc,heap       ] GC(98) Survivor regions: 1->1(24)
[2024-09-04T12:21:36.546+0000][806.374s][info ][gc,heap       ] GC(98) Old regions: 174->175
[2024-09-04T12:21:36.546+0000][806.374s][info ][gc,heap       ] GC(98) Humongous regions: 0->0
[2024-09-04T12:21:36.546+0000][806.374s][info ][gc,metaspace  ] GC(98) Metaspace: 180960K(186992K)->180960K(186992K) NonClass: 160058K(163796K)->160058K(163796K) Class: 20901K(23196K)->20901K(23196K)
[2024-09-04T12:21:36.546+0000][806.374s][info ][gc            ] GC(98) Pause Young (Normal) (G1 Evacuation Pause) 364M->173M(412M) 8.964ms
[2024-09-04T12:21:36.546+0000][806.375s][info ][gc,cpu        ] GC(98) User=0.03s Sys=0.00s Real=0.01s
[2024-09-04T12:21:36.546+0000][806.375s][info ][safepoint     ] Leaving safepoint region
[2024-09-04T12:21:36.546+0000][806.375s][info ][safepoint     ] Total time for which application threads were stopped: 0.0099365 seconds, Stopping threads took: 0.0003093 seconds
[2024-09-04T12:21:36.546+0000][806.375s][info ][gc,stringdedup] Concurrent String Deduplication (806.375s)
[2024-09-04T12:21:36.546+0000][806.375s][info ][gc,stringdedup] Concurrent String Deduplication 0.0B->0.0B(0.0B) avg 54.6% (806.375s, 806.375s) 0.039ms
[2024-09-04T12:21:37.546+0000][807.375s][debug][safepoint     ] Safepoint synchronization initiated. (259 threads)
[2024-09-04T12:21:37.546+0000][807.375s][info ][safepoint     ] Application time: 1.0002174 seconds
[2024-09-04T12:21:37.546+0000][807.375s][info ][safepoint     ] Entering safepoint region: Cleanup
[2024-09-04T12:21:37.547+0000][807.376s][info ][safepoint     ] Leaving safepoint region
[2024-09-04T12:21:37.547+0000][807.376s][info ][safepoint     ] Total time for which application threads were stopped: 0.0006666 seconds, Stopping threads took: 0.0001871 seconds
[2024-09-04T12:21:38.547+0000][808.376s][debug][safepoint     ] Safepoint synchronization initiated. (259 threads)
[2024-09-04T12:21:38.547+0000][808.376s][info ][safepoint     ] Application time: 1.0003039 seconds
[2024-09-04T12:21:38.547+0000][808.376s][info ][safepoint     ] Entering safepoint region: Cleanup
[2024-09-04T12:21:38.548+0000][808.377s][info ][safepoint     ] Leaving safepoint region
[2024-09-04T12:21:38.548+0000][808.377s][info ][safepoint     ] Total time for which application threads were stopped: 0.0007293 seconds, Stopping threads took: 0.0002098 seconds
[2024-09-04T12:21:39.548+0000][809.377s][debug][safepoint     ] Safepoint synchronization initiated. (259 threads)
[2024-09-04T12:21:39.548+0000][809.377s][info ][safepoint     ] Application time: 1.0001838 seconds
[2024-09-04T12:21:39.548+0000][809.377s][info ][safepoint     ] Entering safepoint region: Cleanup
[2024-09-04T12:21:39.549+0000][809.377s][info ][safepoint     ] Leaving safepoint region
[2024-09-04T12:21:39.549+0000][809.377s][info ][safepoint     ] Total time for which application threads were stopped: 0.0005480 seconds, Stopping threads took: 0.0001690 seconds
[2024-09-04T12:21:40.549+0000][810.378s][debug][safepoint     ] Safepoint synchronization initiated. (259 threads)
[2024-09-04T12:21:40.549+0000][810.378s][info ][safepoint     ] Application time: 1.0002486 seconds
[2024-09-04T12:21:40.549+0000][810.378s][info ][safepoint     ] Entering safepoint region: Cleanup
[2024-09-04T12:21:40.550+0000][810.379s][info ][safepoint     ] Leaving safepoint region
[2024-09-04T12:21:40.550+0000][810.379s][info ][safepoint     ] Total time for which application threads were stopped: 0.0008717 seconds, Stopping threads took: 0.0002588 seconds
[2024-09-04T12:21:41.550+0000][811.379s][debug][safepoint     ] Safepoint synchronization initiated. (259 threads)
[2024-09-04T12:21:41.550+0000][811.379s][info ][safepoint     ] Application time: 1.0002617 seconds
[2024-09-04T12:21:41.550+0000][811.379s][info ][safepoint     ] Entering safepoint region: Cleanup
[2024-09-04T12:21:41.551+0000][811.380s][info ][safepoint     ] Leaving safepoint region
[2024-09-04T12:21:41.551+0000][811.380s][info ][safepoint     ] Total time for which application threads were stopped: 0.0009570 seconds, Stopping threads took: 0.0002301 seconds
[2024-09-04T12:21:42.551+0000][812.380s][debug][safepoint     ] Safepoint synchronization initiated. (259 threads)
[2024-09-04T12:21:42.551+0000][812.380s][info ][safepoint     ] Application time: 1.0002408 seconds
[2024-09-04T12:21:42.552+0000][812.380s][info ][safepoint     ] Entering safepoint region: Cleanup
[2024-09-04T12:21:42.552+0000][812.381s][info ][safepoint     ] Leaving safepoint region
[2024-09-04T12:21:42.552+0000][812.381s][info ][safepoint     ] Total time for which application threads were stopped: 0.0007512 seconds, Stopping threads took: 0.0002035 seconds
[2024-09-04T12:21:43.552+0000][813.381s][debug][safepoint     ] Safepoint synchronization initiated. (259 threads)
[2024-09-04T12:21:43.552+0000][813.381s][info ][safepoint     ] Application time: 1.0002238 seconds
[2024-09-04T12:21:43.553+0000][813.381s][info ][safepoint     ] Entering safepoint region: Cleanup
[2024-09-04T12:21:43.553+0000][813.382s][info ][safepoint     ] Leaving safepoint region
[2024-09-04T12:21:43.553+0000][813.382s][info ][safepoint     ] Total time for which application threads were stopped: 0.0008303 seconds, Stopping threads took: 0.0001896 seconds
[2024-09-04T12:21:44.554+0000][814.382s][debug][safepoint     ] Safepoint synchronization initiated. (259 threads)
[2024-09-04T12:21:44.554+0000][814.382s][info ][safepoint     ] Application time: 1.0004014 seconds
[2024-09-04T12:21:44.554+0000][814.383s][info ][safepoint     ] Entering safepoint region: Cleanup
[2024-09-04T12:21:44.555+0000][814.384s][info ][safepoint     ] Leaving safepoint region
[2024-09-04T12:21:44.555+0000][814.384s][info ][safepoint     ] Total time for which application threads were stopped: 0.0011745 seconds, Stopping threads took: 0.0002506 seconds
[2024-09-04T12:21:45.555+0000][815.384s][debug][safepoint     ] Safepoint synchronization initiated. (259 threads)
[2024-09-04T12:21:45.555+0000][815.384s][info ][safepoint     ] Application time: 1.0002540 seconds
[2024-09-04T12:21:45.555+0000][815.384s][info ][safepoint     ] Entering safepoint region: Cleanup
[2024-09-04T12:21:45.556+0000][815.385s][info ][safepoint     ] Leaving safepoint region
[2024-09-04T12:21:45.556+0000][815.385s][info ][safepoint     ] Total time for which application threads were stopped: 0.0010442 seconds, Stopping threads took: 0.0002226 seconds
[2024-09-04T12:21:46.556+0000][816.385s][debug][safepoint     ] Safepoint synchronization initiated. (259 threads)
[2024-09-04T12:21:46.557+0000][816.385s][info ][safepoint     ] Application time: 1.0002506 seconds
[2024-09-04T12:21:46.557+0000][816.386s][info ][safepoint     ] Entering safepoint region: Cleanup
[2024-09-04T12:21:46.557+0000][816.386s][info ][safepoint     ] Leaving safepoint region
[2024-09-04T12:21:46.557+0000][816.386s][info ][safepoint     ] Total time for which application threads were stopped: 0.0007794 seconds, Stopping threads took: 0.0002645 seconds
[2024-09-04T12:21:46.557+0000][816.386s][debug][safepoint     ] ... found polling page return exception at pc = 0x00007ff4a131ffd6, stub =0x00007ff498824b00
[2024-09-04T12:21:46.557+0000][816.386s][debug][safepoint     ] ... found polling page loop exception at pc = 0x00007ff4a1317510, stub =0x00007ff498826680
[2024-09-04T12:21:46.557+0000][816.386s][debug][safepoint     ] ... found polling page return exception at pc = 0x00007ff4a131ffd6, stub =0x00007ff498824b00
[2024-09-04T12:21:47.558+0000][817.386s][debug][safepoint     ] Safepoint synchronization initiated. (259 threads)
[2024-09-04T12:21:47.558+0000][817.386s][info ][safepoint     ] Application time: 1.0002479 seconds
[2024-09-04T12:21:47.558+0000][817.387s][info ][safepoint     ] Entering safepoint region: Cleanup
[2024-09-04T12:21:47.559+0000][817.387s][info ][safepoint     ] Leaving safepoint region
[2024-09-04T12:21:47.559+0000][817.387s][info ][safepoint     ] Total time for which application threads were stopped: 0.0009622 seconds, Stopping threads took: 0.0003011 seconds
[2024-09-04T12:21:48.559+0000][818.388s][debug][safepoint     ] Safepoint synchronization initiated. (259 threads)
[2024-09-04T12:21:48.559+0000][818.388s][info ][safepoint     ] Application time: 1.0003485 seconds
[2024-09-04T12:21:48.559+0000][818.388s][info ][safepoint     ] Entering safepoint region: Cleanup
[2024-09-04T12:21:48.560+0000][818.389s][info ][safepoint     ] Leaving safepoint region
[2024-09-04T12:21:48.560+0000][818.389s][info ][safepoint     ] Total time for which application threads were stopped: 0.0009150 seconds, Stopping threads took: 0.0002167 seconds
[2024-09-04T12:21:49.560+0000][819.389s][debug][safepoint     ] Safepoint synchronization initiated. (259 threads)
[2024-09-04T12:21:49.560+0000][819.389s][info ][safepoint     ] Application time: 1.0002624 seconds
[2024-09-04T12:21:49.560+0000][819.389s][info ][safepoint     ] Entering safepoint region: Cleanup
[2024-09-04T12:21:49.561+0000][819.390s][info ][safepoint     ] Leaving safepoint region
[2024-09-04T12:21:49.561+0000][819.390s][info ][safepoint     ] Total time for which application threads were stopped: 0.0008862 seconds, Stopping threads took: 0.0002223 seconds
[2024-09-04T12:21:50.562+0000][820.390s][debug][safepoint     ] Safepoint synchronization initiated. (259 threads)
[2024-09-04T12:21:50.562+0000][820.390s][info ][safepoint     ] Application time: 1.0004862 seconds
[2024-09-04T12:21:50.562+0000][820.391s][debug][safepoint     ] ... found polling page return exception at pc = 0x00007ff4a0b6dddb, stub =0x00007ff498824b00
[2024-09-04T12:21:50.562+0000][820.391s][debug][safepoint     ] ... found polling page return exception at pc = 0x00007ff4a0cbdc72, stub =0x00007ff498824b00
[2024-09-04T12:21:50.562+0000][820.391s][debug][safepoint     ] Waiting for 2 thread(s) to block
[2024-09-04T12:21:50.562+0000][820.391s][info ][safepoint     ] Entering safepoint region: Cleanup
[2024-09-04T12:21:50.563+0000][820.392s][info ][safepoint     ] Leaving safepoint region
[2024-09-04T12:21:50.563+0000][820.392s][info ][safepoint     ] Total time for which application threads were stopped: 0.0012725 seconds, Stopping threads took: 0.0006918 seconds
[2024-09-04T12:21:51.563+0000][821.392s][debug][safepoint     ] Safepoint synchronization initiated. (259 threads)
[2024-09-04T12:21:51.563+0000][821.392s][info ][safepoint     ] Application time: 1.0002558 seconds
[2024-09-04T12:21:51.563+0000][821.392s][info ][safepoint     ] Entering safepoint region: Cleanup
[2024-09-04T12:21:51.564+0000][821.393s][info ][safepoint     ] Leaving safepoint region
[2024-09-04T12:21:51.564+0000][821.393s][info ][safepoint     ] Total time for which application threads were stopped: 0.0007493 seconds, Stopping threads took: 0.0001770 seconds
[2024-09-04T12:21:52.564+0000][822.393s][debug][safepoint     ] Safepoint synchronization initiated. (259 threads)
[2024-09-04T12:21:52.564+0000][822.393s][info ][safepoint     ] Application time: 1.0002487 seconds
[2024-09-04T12:21:52.564+0000][822.393s][info ][safepoint     ] Entering safepoint region: Cleanup
[2024-09-04T12:21:52.565+0000][822.394s][info ][safepoint     ] Leaving safepoint region
[2024-09-04T12:21:52.565+0000][822.394s][info ][safepoint     ] Total time for which application threads were stopped: 0.0006709 seconds, Stopping threads took: 0.0002207 seconds
[2024-09-04T12:21:53.565+0000][823.394s][debug][safepoint     ] Safepoint synchronization initiated. (259 threads)
[2024-09-04T12:21:53.565+0000][823.394s][info ][safepoint     ] Application time: 1.0002478 seconds
[2024-09-04T12:21:53.565+0000][823.394s][info ][safepoint     ] Entering safepoint region: Cleanup
[2024-09-04T12:21:53.566+0000][823.395s][info ][safepoint     ] Leaving safepoint region
[2024-09-04T12:21:53.566+0000][823.395s][info ][safepoint     ] Total time for which application threads were stopped: 0.0006379 seconds, Stopping threads took: 0.0001668 seconds
[2024-09-04T12:21:54.566+0000][824.395s][debug][safepoint     ] Safepoint synchronization initiated. (259 threads)
[2024-09-04T12:21:54.566+0000][824.395s][info ][safepoint     ] Application time: 1.0001641 seconds
[2024-09-04T12:21:54.566+0000][824.395s][info ][safepoint     ] Entering safepoint region: Cleanup
[2024-09-04T12:21:54.567+0000][824.396s][info ][safepoint     ] Leaving safepoint region
[2024-09-04T12:21:54.567+0000][824.396s][info ][safepoint     ] Total time for which application threads were stopped: 0.0007701 seconds, Stopping threads took: 0.0002507 seconds
[2024-09-04T12:21:55.567+0000][825.396s][debug][safepoint     ] Safepoint synchronization initiated. (259 threads)
[2024-09-04T12:21:55.568+0000][825.396s][info ][safepoint     ] Application time: 1.0007424 seconds
[2024-09-04T12:21:55.570+0000][825.398s][info ][safepoint     ] Entering safepoint region: Cleanup
[2024-09-04T12:21:55.570+0000][825.399s][info ][safepoint     ] Leaving safepoint region
[2024-09-04T12:21:55.570+0000][825.399s][info ][safepoint     ] Total time for which application threads were stopped: 0.0027864 seconds, Stopping threads took: 0.0022399 seconds
[2024-09-04T12:21:56.571+0000][826.399s][debug][safepoint     ] Safepoint synchronization initiated. (259 threads)
[2024-09-04T12:21:56.571+0000][826.399s][info ][safepoint     ] Application time: 1.0001905 seconds
[2024-09-04T12:21:56.571+0000][826.400s][debug][safepoint     ] ... found polling page return exception at pc = 0x00007ff4a0769d76, stub =0x00007ff498824b00
[2024-09-04T12:21:56.571+0000][826.400s][debug][safepoint     ] Waiting for 1 thread(s) to block
[2024-09-04T12:21:56.571+0000][826.400s][info ][safepoint     ] Entering safepoint region: Cleanup
[2024-09-04T12:21:56.572+0000][826.401s][info ][safepoint     ] Leaving safepoint region
[2024-09-04T12:21:56.572+0000][826.401s][info ][safepoint     ] Total time for which application threads were stopped: 0.0014007 seconds, Stopping threads took: 0.0005024 seconds
[2024-09-04T12:21:57.572+0000][827.401s][debug][safepoint     ] Safepoint synchronization initiated. (259 threads)
[2024-09-04T12:21:57.572+0000][827.401s][info ][safepoint     ] Application time: 1.0003112 seconds
[2024-09-04T12:21:57.573+0000][827.401s][info ][safepoint     ] Entering safepoint region: Cleanup
[2024-09-04T12:21:57.573+0000][827.402s][info ][safepoint     ] Leaving safepoint region
[2024-09-04T12:21:57.573+0000][827.402s][info ][safepoint     ] Total time for which application threads were stopped: 0.0009180 seconds, Stopping threads took: 0.0002317 seconds
[2024-09-04T12:21:58.574+0000][828.402s][debug][safepoint     ] Safepoint synchronization initiated. (259 threads)
[2024-09-04T12:21:58.574+0000][828.402s][info ][safepoint     ] Application time: 1.0002785 seconds
[2024-09-04T12:21:58.574+0000][828.403s][info ][safepoint     ] Entering safepoint region: Cleanup
[2024-09-04T12:21:58.574+0000][828.403s][info ][safepoint     ] Leaving safepoint region
[2024-09-04T12:21:58.574+0000][828.403s][info ][safepoint     ] Total time for which application threads were stopped: 0.0006140 seconds, Stopping threads took: 0.0002043 seconds
[2024-09-04T12:21:59.574+0000][829.403s][debug][safepoint     ] Safepoint synchronization initiated. (259 threads)
[2024-09-04T12:21:59.575+0000][829.403s][info ][safepoint     ] Application time: 1.0002506 seconds
[2024-09-04T12:21:59.575+0000][829.404s][info ][safepoint     ] Entering safepoint region: Cleanup
[2024-09-04T12:21:59.575+0000][829.404s][info ][safepoint     ] Leaving safepoint region
[2024-09-04T12:21:59.575+0000][829.404s][info ][safepoint     ] Total time for which application threads were stopped: 0.0006585 seconds, Stopping threads took: 0.0002365 seconds
[2024-09-04T12:22:00.575+0000][830.404s][debug][safepoint     ] Safepoint synchronization initiated. (259 threads)
[2024-09-04T12:22:00.576+0000][830.404s][info ][safepoint     ] Application time: 1.0003130 seconds
[2024-09-04T12:22:00.576+0000][830.405s][info ][safepoint     ] Entering safepoint region: Cleanup
[2024-09-04T12:22:00.576+0000][830.405s][info ][safepoint     ] Leaving safepoint region
[2024-09-04T12:22:00.576+0000][830.405s][info ][safepoint     ] Total time for which application threads were stopped: 0.0007971 seconds, Stopping threads took: 0.0002592 seconds
[2024-09-04T12:22:01.577+0000][831.405s][debug][safepoint     ] Safepoint synchronization initiated. (259 threads)
[2024-09-04T12:22:01.577+0000][831.405s][info ][safepoint     ] Application time: 1.0002575 seconds
[2024-09-04T12:22:01.577+0000][831.406s][info ][safepoint     ] Entering safepoint region: Cleanup
[2024-09-04T12:22:01.578+0000][831.406s][info ][safepoint     ] Leaving safepoint region
[2024-09-04T12:22:01.578+0000][831.406s][info ][safepoint     ] Total time for which application threads were stopped: 0.0009377 seconds, Stopping threads took: 0.0003345 seconds
[2024-09-04T12:22:02.578+0000][832.407s][debug][safepoint     ] Safepoint synchronization initiated. (259 threads)
[2024-09-04T12:22:02.578+0000][832.407s][info ][safepoint     ] Application time: 1.0001940 seconds
[2024-09-04T12:22:02.578+0000][832.407s][info ][safepoint     ] Entering safepoint region: Cleanup
[2024-09-04T12:22:02.578+0000][832.407s][info ][safepoint     ] Leaving safepoint region
[2024-09-04T12:22:02.578+0000][832.407s][info ][safepoint     ] Total time for which application threads were stopped: 0.0005020 seconds, Stopping threads took: 0.0001428 seconds
[2024-09-04T12:22:03.579+0000][833.407s][debug][safepoint     ] Safepoint synchronization initiated. (259 threads)
[2024-09-04T12:22:03.579+0000][833.407s][info ][safepoint     ] Application time: 1.0003000 seconds
[2024-09-04T12:22:03.579+0000][833.408s][info ][safepoint     ] Entering safepoint region: Cleanup
[2024-09-04T12:22:03.579+0000][833.408s][info ][safepoint     ] Leaving safepoint region
[2024-09-04T12:22:03.580+0000][833.408s][info ][safepoint     ] Total time for which application threads were stopped: 0.0007526 seconds, Stopping threads took: 0.0002361 seconds
[2024-09-04T12:22:04.580+0000][834.409s][debug][safepoint     ] Safepoint synchronization initiated. (259 threads)
[2024-09-04T12:22:04.580+0000][834.409s][info ][safepoint     ] Application time: 1.0003120 seconds
[2024-09-04T12:22:04.580+0000][834.409s][info ][safepoint     ] Entering safepoint region: Cleanup
[2024-09-04T12:22:04.581+0000][834.409s][info ][safepoint     ] Leaving safepoint region
[2024-09-04T12:22:04.581+0000][834.409s][info ][safepoint     ] Total time for which application threads were stopped: 0.0007464 seconds, Stopping threads took: 0.0002269 seconds
[2024-09-04T12:22:05.581+0000][835.410s][debug][safepoint     ] Safepoint synchronization initiated. (259 threads)
[2024-09-04T12:22:05.581+0000][835.410s][info ][safepoint     ] Application time: 1.0003015 seconds
[2024-09-04T12:22:05.581+0000][835.410s][info ][safepoint     ] Entering safepoint region: Cleanup
[2024-09-04T12:22:05.582+0000][835.411s][info ][safepoint     ] Leaving safepoint region
[2024-09-04T12:22:05.582+0000][835.411s][info ][safepoint     ] Total time for which application threads were stopped: 0.0008388 seconds, Stopping threads took: 0.0001885 seconds
[2024-09-04T12:22:05.979+0000][835.808s][debug][safepoint     ] Safepoint synchronization initiated. (259 threads)
[2024-09-04T12:22:05.979+0000][835.808s][info ][safepoint     ] Application time: 0.3973569 seconds
[2024-09-04T12:22:05.979+0000][835.808s][info ][safepoint     ] Entering safepoint region: G1CollectForAllocation
[2024-09-04T12:22:05.980+0000][835.808s][info ][gc,start      ] GC(99) Pause Young (Normal) (G1 Evacuation Pause)
[2024-09-04T12:22:05.980+0000][835.809s][info ][gc,task       ] GC(99) Using 4 workers of 4 for evacuation
[2024-09-04T12:22:05.988+0000][835.817s][info ][gc,phases     ] GC(99)   Pre Evacuate Collection Set: 0.0ms
[2024-09-04T12:22:05.988+0000][835.817s][info ][gc,phases     ] GC(99)   Evacuate Collection Set: 2.8ms
[2024-09-04T12:22:05.988+0000][835.817s][info ][gc,phases     ] GC(99)   Post Evacuate Collection Set: 5.2ms
[2024-09-04T12:22:05.988+0000][835.817s][info ][gc,phases     ] GC(99)   Other: 0.4ms
[2024-09-04T12:22:05.988+0000][835.817s][info ][gc,heap       ] GC(99) Eden regions: 191->0(191)
[2024-09-04T12:22:05.988+0000][835.817s][info ][gc,heap       ] GC(99) Survivor regions: 1->1(24)
[2024-09-04T12:22:05.988+0000][835.817s][info ][gc,heap       ] GC(99) Old regions: 175->175
[2024-09-04T12:22:05.988+0000][835.817s][info ][gc,heap       ] GC(99) Humongous regions: 0->0
[2024-09-04T12:22:05.988+0000][835.817s][info ][gc,metaspace  ] GC(99) Metaspace: 180990K(186992K)->180990K(186992K) NonClass: 160088K(163796K)->160088K(163796K) Class: 20901K(23196K)->20901K(23196K)
[2024-09-04T12:22:05.988+0000][835.817s][info ][gc            ] GC(99) Pause Young (Normal) (G1 Evacuation Pause) 364M->173M(412M) 8.616ms
[2024-09-04T12:22:05.988+0000][835.817s][info ][gc,cpu        ] GC(99) User=0.03s Sys=0.00s Real=0.01s
[2024-09-04T12:22:05.989+0000][835.817s][info ][safepoint     ] Leaving safepoint region
[2024-09-04T12:22:05.989+0000][835.817s][info ][safepoint     ] Total time for which application threads were stopped: 0.0093759 seconds, Stopping threads took: 0.0001387 seconds
[2024-09-04T12:22:05.989+0000][835.817s][info ][gc,stringdedup] Concurrent String Deduplication (835.817s)
[2024-09-04T12:22:05.989+0000][835.818s][info ][gc,stringdedup] Concurrent String Deduplication 64.0B->64.0B(0.0B) avg 54.6% (835.817s, 835.818s) 0.076ms
[2024-09-04T12:22:06.989+0000][836.818s][debug][safepoint     ] Safepoint synchronization initiated. (259 threads)
[2024-09-04T12:22:06.989+0000][836.818s][info ][safepoint     ] Application time: 1.0001958 seconds
[2024-09-04T12:22:06.989+0000][836.818s][info ][safepoint     ] Entering safepoint region: Cleanup
[2024-09-04T12:22:06.989+0000][836.818s][info ][safepoint     ] Leaving safepoint region
[2024-09-04T12:22:06.989+0000][836.818s][info ][safepoint     ] Total time for which application threads were stopped: 0.0006674 seconds, Stopping threads took: 0.0002283 seconds
[2024-09-04T12:22:07.990+0000][837.818s][debug][safepoint     ] Safepoint synchronization initiated. (259 threads)
[2024-09-04T12:22:07.990+0000][837.819s][info ][safepoint     ] Application time: 1.0002865 seconds
[2024-09-04T12:22:07.990+0000][837.819s][info ][safepoint     ] Entering safepoint region: Cleanup
[2024-09-04T12:22:07.991+0000][837.819s][info ][safepoint     ] Leaving safepoint region
[2024-09-04T12:22:07.991+0000][837.820s][info ][safepoint     ] Total time for which application threads were stopped: 0.0009508 seconds, Stopping threads took: 0.0002685 seconds
[2024-09-04T12:22:08.991+0000][838.820s][debug][safepoint     ] Safepoint synchronization initiated. (259 threads)
[2024-09-04T12:22:08.991+0000][838.820s][info ][safepoint     ] Application time: 1.0002776 seconds
[2024-09-04T12:22:08.991+0000][838.820s][info ][safepoint     ] Entering safepoint region: Cleanup
[2024-09-04T12:22:08.992+0000][838.821s][info ][safepoint     ] Leaving safepoint region
[2024-09-04T12:22:08.992+0000][838.821s][info ][safepoint     ] Total time for which application threads were stopped: 0.0008663 seconds, Stopping threads took: 0.0002277 seconds
[2024-09-04T12:22:09.992+0000][839.821s][debug][safepoint     ] Safepoint synchronization initiated. (259 threads)
[2024-09-04T12:22:09.992+0000][839.821s][info ][safepoint     ] Application time: 1.0002310 seconds
[2024-09-04T12:22:09.992+0000][839.821s][info ][safepoint     ] Entering safepoint region: Cleanup
[2024-09-04T12:22:09.993+0000][839.822s][info ][safepoint     ] Leaving safepoint region
[2024-09-04T12:22:09.993+0000][839.822s][info ][safepoint     ] Total time for which application threads were stopped: 0.0006390 seconds, Stopping threads took: 0.0001687 seconds
[2024-09-04T12:22:10.993+0000][840.822s][debug][safepoint     ] Safepoint synchronization initiated. (259 threads)
[2024-09-04T12:22:10.993+0000][840.822s][info ][safepoint     ] Application time: 1.0002574 seconds
[2024-09-04T12:22:10.993+0000][840.822s][info ][safepoint     ] Entering safepoint region: Cleanup
[2024-09-04T12:22:10.994+0000][840.823s][info ][safepoint     ] Leaving safepoint region
[2024-09-04T12:22:10.994+0000][840.823s][info ][safepoint     ] Total time for which application threads were stopped: 0.0007017 seconds, Stopping threads took: 0.0001810 seconds
[2024-09-04T12:22:11.994+0000][841.823s][debug][safepoint     ] Safepoint synchronization initiated. (259 threads)
[2024-09-04T12:22:11.994+0000][841.823s][info ][safepoint     ] Application time: 1.0002179 seconds
[2024-09-04T12:22:11.994+0000][841.823s][info ][safepoint     ] Entering safepoint region: Cleanup
[2024-09-04T12:22:11.995+0000][841.823s][info ][safepoint     ] Leaving safepoint region
[2024-09-04T12:22:11.995+0000][841.823s][info ][safepoint     ] Total time for which application threads were stopped: 0.0005649 seconds, Stopping threads took: 0.0001732 seconds
[2024-09-04T12:22:12.995+0000][842.824s][debug][safepoint     ] Safepoint synchronization initiated. (259 threads)
[2024-09-04T12:22:12.995+0000][842.824s][info ][safepoint     ] Application time: 1.0001775 seconds
[2024-09-04T12:22:12.995+0000][842.824s][info ][safepoint     ] Entering safepoint region: Cleanup
[2024-09-04T12:22:12.995+0000][842.824s][info ][safepoint     ] Leaving safepoint region
[2024-09-04T12:22:12.996+0000][842.824s][info ][safepoint     ] Total time for which application threads were stopped: 0.0006219 seconds, Stopping threads took: 0.0001776 seconds
[2024-09-04T12:22:13.996+0000][843.825s][debug][safepoint     ] Safepoint synchronization initiated. (259 threads)
[2024-09-04T12:22:13.996+0000][843.825s][info ][safepoint     ] Application time: 1.0003404 seconds
[2024-09-04T12:22:13.996+0000][843.825s][info ][safepoint     ] Entering safepoint region: Cleanup
[2024-09-04T12:22:13.997+0000][843.826s][info ][safepoint     ] Leaving safepoint region
[2024-09-04T12:22:13.997+0000][843.826s][info ][safepoint     ] Total time for which application threads were stopped: 0.0013298 seconds, Stopping threads took: 0.0004202 seconds
[2024-09-04T12:22:14.997+0000][844.826s][debug][safepoint     ] Safepoint synchronization initiated. (259 threads)
[2024-09-04T12:22:14.998+0000][844.826s][info ][safepoint     ] Application time: 1.0002930 seconds
[2024-09-04T12:22:14.998+0000][844.827s][info ][safepoint     ] Entering safepoint region: Cleanup
[2024-09-04T12:22:14.999+0000][844.827s][info ][safepoint     ] Leaving safepoint region
[2024-09-04T12:22:14.999+0000][844.828s][info ][safepoint     ] Total time for which application threads were stopped: 0.0011766 seconds, Stopping threads took: 0.0003694 seconds
[2024-09-04T12:22:15.999+0000][845.828s][debug][safepoint     ] Safepoint synchronization initiated. (259 threads)
[2024-09-04T12:22:15.999+0000][845.828s][info ][safepoint     ] Application time: 1.0001742 seconds
[2024-09-04T12:22:15.999+0000][845.828s][info ][safepoint     ] Entering safepoint region: Cleanup
[2024-09-04T12:22:16.000+0000][845.829s][info ][safepoint     ] Leaving safepoint region
[2024-09-04T12:22:16.000+0000][845.829s][info ][safepoint     ] Total time for which application threads were stopped: 0.0008432 seconds, Stopping threads took: 0.0001337 seconds
[2024-09-04T12:22:17.000+0000][846.829s][debug][safepoint     ] Safepoint synchronization initiated. (259 threads)
[2024-09-04T12:22:17.000+0000][846.829s][info ][safepoint     ] Application time: 1.0003005 seconds
[2024-09-04T12:22:17.000+0000][846.829s][info ][safepoint     ] Entering safepoint region: Cleanup
[2024-09-04T12:22:17.001+0000][846.830s][info ][safepoint     ] Leaving safepoint region
[2024-09-04T12:22:17.001+0000][846.830s][info ][safepoint     ] Total time for which application threads were stopped: 0.0008915 seconds, Stopping threads took: 0.0002192 seconds
[2024-09-04T12:22:18.001+0000][847.830s][debug][safepoint     ] Safepoint synchronization initiated. (259 threads)
[2024-09-04T12:22:18.001+0000][847.830s][info ][safepoint     ] Application time: 1.0002202 seconds
[2024-09-04T12:22:18.002+0000][847.830s][info ][safepoint     ] Entering safepoint region: Cleanup
[2024-09-04T12:22:18.002+0000][847.831s][info ][safepoint     ] Leaving safepoint region
[2024-09-04T12:22:18.002+0000][847.831s][info ][safepoint     ] Total time for which application threads were stopped: 0.0009264 seconds, Stopping threads took: 0.0003654 seconds
[2024-09-04T12:22:19.002+0000][848.831s][debug][safepoint     ] Safepoint synchronization initiated. (259 threads)
[2024-09-04T12:22:19.002+0000][848.831s][info ][safepoint     ] Application time: 1.0001601 seconds
[2024-09-04T12:22:19.003+0000][848.831s][info ][safepoint     ] Entering safepoint region: Cleanup
[2024-09-04T12:22:19.003+0000][848.832s][info ][safepoint     ] Leaving safepoint region
[2024-09-04T12:22:19.003+0000][848.832s][info ][safepoint     ] Total time for which application threads were stopped: 0.0005712 seconds, Stopping threads took: 0.0001359 seconds
[2024-09-04T12:22:20.003+0000][849.832s][debug][safepoint     ] Safepoint synchronization initiated. (259 threads)
[2024-09-04T12:22:20.003+0000][849.832s][info ][safepoint     ] Application time: 1.0001965 seconds
[2024-09-04T12:22:20.004+0000][849.832s][info ][safepoint     ] Entering safepoint region: Cleanup
[2024-09-04T12:22:20.004+0000][849.833s][info ][safepoint     ] Leaving safepoint region
[2024-09-04T12:22:20.004+0000][849.833s][info ][safepoint     ] Total time for which application threads were stopped: 0.0008526 seconds, Stopping threads took: 0.0003388 seconds
[2024-09-04T12:22:20.004+0000][849.833s][debug][safepoint     ] ... found polling page return exception at pc = 0x00007ff4a131ffd6, stub =0x00007ff498824b00
[2024-09-04T12:22:21.004+0000][850.833s][debug][safepoint     ] Safepoint synchronization initiated. (259 threads)
[2024-09-04T12:22:21.004+0000][850.833s][info ][safepoint     ] Application time: 1.0001671 seconds
[2024-09-04T12:22:21.004+0000][850.833s][debug][safepoint     ] ... found polling page return exception at pc = 0x00007ff4a0ba097f, stub =0x00007ff498824b00
[2024-09-04T12:22:21.005+0000][850.833s][debug][safepoint     ] Waiting for 1 thread(s) to block
[2024-09-04T12:22:21.005+0000][850.833s][info ][safepoint     ] Entering safepoint region: Cleanup
[2024-09-04T12:22:21.005+0000][850.834s][info ][safepoint     ] Leaving safepoint region
[2024-09-04T12:22:21.005+0000][850.834s][info ][safepoint     ] Total time for which application threads were stopped: 0.0009852 seconds, Stopping threads took: 0.0003403 seconds
[2024-09-04T12:22:22.005+0000][851.834s][debug][safepoint     ] Safepoint synchronization initiated. (259 threads)
[2024-09-04T12:22:22.006+0000][851.834s][info ][safepoint     ] Application time: 1.0001800 seconds
[2024-09-04T12:22:22.006+0000][851.834s][info ][safepoint     ] Entering safepoint region: Cleanup
[2024-09-04T12:22:22.006+0000][851.835s][info ][safepoint     ] Leaving safepoint region
[2024-09-04T12:22:22.006+0000][851.835s][info ][safepoint     ] Total time for which application threads were stopped: 0.0004580 seconds, Stopping threads took: 0.0001367 seconds
[2024-09-04T12:22:23.006+0000][852.835s][debug][safepoint     ] Safepoint synchronization initiated. (259 threads)
[2024-09-04T12:22:23.006+0000][852.835s][info ][safepoint     ] Application time: 1.0001630 seconds
[2024-09-04T12:22:23.007+0000][852.835s][info ][safepoint     ] Entering safepoint region: Cleanup
[2024-09-04T12:22:23.007+0000][852.836s][info ][safepoint     ] Leaving safepoint region
[2024-09-04T12:22:23.007+0000][852.836s][info ][safepoint     ] Total time for which application threads were stopped: 0.0007918 seconds, Stopping threads took: 0.0004260 seconds
[2024-09-04T12:22:24.008+0000][853.836s][debug][safepoint     ] Safepoint synchronization initiated. (259 threads)
[2024-09-04T12:22:24.008+0000][853.836s][info ][safepoint     ] Application time: 1.0005682 seconds
[2024-09-04T12:22:24.009+0000][853.838s][info ][safepoint     ] Entering safepoint region: Cleanup
[2024-09-04T12:22:24.009+0000][853.838s][debug][safepoint     ] ... found polling page return exception at pc = 0x00007ff4a131ffd6, stub =0x00007ff498824b00
[2024-09-04T12:22:24.009+0000][853.838s][info ][safepoint     ] Leaving safepoint region
[2024-09-04T12:22:24.009+0000][853.838s][info ][safepoint     ] Total time for which application threads were stopped: 0.0018231 seconds, Stopping threads took: 0.0013816 seconds
[2024-09-04T12:22:25.010+0000][854.838s][debug][safepoint     ] Safepoint synchronization initiated. (259 threads)
[2024-09-04T12:22:25.010+0000][854.838s][info ][safepoint     ] Application time: 1.0002021 seconds
[2024-09-04T12:22:25.010+0000][854.839s][debug][safepoint     ] ... found polling page return exception at pc = 0x00007ff4a0be7e2d, stub =0x00007ff498824b00
[2024-09-04T12:22:25.010+0000][854.839s][debug][safepoint     ] ... found polling page loop exception at pc = 0x00007ff4a09f95f2, stub =0x00007ff498826680
[2024-09-04T12:22:25.010+0000][854.839s][debug][safepoint     ] ... found polling page return exception at pc = 0x00007ff4a0cbdc72, stub =0x00007ff498824b00
[2024-09-04T12:22:25.010+0000][854.839s][debug][safepoint     ] Waiting for 3 thread(s) to block
[2024-09-04T12:22:25.010+0000][854.839s][info ][safepoint     ] Entering safepoint region: Cleanup
[2024-09-04T12:22:25.011+0000][854.840s][info ][safepoint     ] Leaving safepoint region
[2024-09-04T12:22:25.011+0000][854.840s][info ][safepoint     ] Total time for which application threads were stopped: 0.0012188 seconds, Stopping threads took: 0.0007266 seconds
[2024-09-04T12:22:26.011+0000][855.840s][debug][safepoint     ] Safepoint synchronization initiated. (259 threads)
[2024-09-04T12:22:26.011+0000][855.840s][info ][safepoint     ] Application time: 1.0002410 seconds
[2024-09-04T12:22:26.011+0000][855.840s][debug][safepoint     ] ... found polling page return exception at pc = 0x00007ff4a12aee7f, stub =0x00007ff498824b00
[2024-09-04T12:22:26.011+0000][855.840s][debug][safepoint     ] Waiting for 1 thread(s) to block
[2024-09-04T12:22:26.012+0000][855.840s][info ][safepoint     ] Entering safepoint region: Cleanup
[2024-09-04T12:22:26.012+0000][855.841s][info ][safepoint     ] Leaving safepoint region
[2024-09-04T12:22:26.012+0000][855.841s][info ][safepoint     ] Total time for which application threads were stopped: 0.0009177 seconds, Stopping threads took: 0.0003984 seconds
[2024-09-04T12:22:27.012+0000][856.841s][debug][safepoint     ] Safepoint synchronization initiated. (259 threads)
[2024-09-04T12:22:27.012+0000][856.841s][info ][safepoint     ] Application time: 1.0001685 seconds
[2024-09-04T12:22:27.013+0000][856.841s][info ][safepoint     ] Entering safepoint region: Cleanup
[2024-09-04T12:22:27.013+0000][856.842s][info ][safepoint     ] Leaving safepoint region
[2024-09-04T12:22:27.013+0000][856.842s][info ][safepoint     ] Total time for which application threads were stopped: 0.0006891 seconds, Stopping threads took: 0.0002952 seconds
[2024-09-04T12:22:28.013+0000][857.842s][debug][safepoint     ] Safepoint synchronization initiated. (259 threads)
[2024-09-04T12:22:28.013+0000][857.842s][info ][safepoint     ] Application time: 1.0004641 seconds
[2024-09-04T12:22:28.014+0000][857.843s][debug][safepoint     ] ... found polling page return exception at pc = 0x00007ff4a0c6df9d, stub =0x00007ff498824b00
[2024-09-04T12:22:28.014+0000][857.843s][debug][safepoint     ] ... found polling page return exception at pc = 0x00007ff4a02f651b, stub =0x00007ff498824b00
[2024-09-04T12:22:28.014+0000][857.843s][debug][safepoint     ] ... found polling page return exception at pc = 0x00007ff4a041a478, stub =0x00007ff498824b00
[2024-09-04T12:22:28.014+0000][857.843s][debug][safepoint     ] Waiting for 3 thread(s) to block
[2024-09-04T12:22:28.014+0000][857.843s][info ][safepoint     ] Entering safepoint region: Cleanup
[2024-09-04T12:22:28.015+0000][857.844s][info ][safepoint     ] Leaving safepoint region
[2024-09-04T12:22:28.015+0000][857.844s][info ][safepoint     ] Total time for which application threads were stopped: 0.0014212 seconds, Stopping threads took: 0.0008157 seconds
[2024-09-04T12:22:29.015+0000][858.844s][debug][safepoint     ] Safepoint synchronization initiated. (259 threads)
[2024-09-04T12:22:29.015+0000][858.844s][info ][safepoint     ] Application time: 1.0003563 seconds
[2024-09-04T12:22:29.015+0000][858.844s][info ][safepoint     ] Entering safepoint region: Cleanup
[2024-09-04T12:22:29.016+0000][858.845s][info ][safepoint     ] Leaving safepoint region
[2024-09-04T12:22:29.016+0000][858.845s][info ][safepoint     ] Total time for which application threads were stopped: 0.0006773 seconds, Stopping threads took: 0.0001457 seconds
[2024-09-04T12:22:30.016+0000][859.845s][debug][safepoint     ] Safepoint synchronization initiated. (259 threads)
[2024-09-04T12:22:30.016+0000][859.845s][info ][safepoint     ] Application time: 1.0003073 seconds
[2024-09-04T12:22:30.017+0000][859.845s][info ][safepoint     ] Entering safepoint region: Cleanup
[2024-09-04T12:22:30.017+0000][859.846s][info ][safepoint     ] Leaving safepoint region
[2024-09-04T12:22:30.017+0000][859.846s][info ][safepoint     ] Total time for which application threads were stopped: 0.0010610 seconds, Stopping threads took: 0.0002305 seconds
[2024-09-04T12:22:31.018+0000][860.846s][debug][safepoint     ] Safepoint synchronization initiated. (259 threads)
[2024-09-04T12:22:31.018+0000][860.847s][info ][safepoint     ] Application time: 1.0004214 seconds
[2024-09-04T12:22:31.018+0000][860.847s][info ][safepoint     ] Entering safepoint region: Cleanup
[2024-09-04T12:22:31.019+0000][860.847s][info ][safepoint     ] Leaving safepoint region
[2024-09-04T12:22:31.019+0000][860.847s][info ][safepoint     ] Total time for which application threads were stopped: 0.0008013 seconds, Stopping threads took: 0.0002229 seconds
[2024-09-04T12:22:32.019+0000][861.848s][debug][safepoint     ] Safepoint synchronization initiated. (259 threads)
[2024-09-04T12:22:32.019+0000][861.848s][info ][safepoint     ] Application time: 1.0001943 seconds
[2024-09-04T12:22:32.019+0000][861.848s][info ][safepoint     ] Entering safepoint region: Cleanup
[2024-09-04T12:22:32.020+0000][861.848s][info ][safepoint     ] Leaving safepoint region
[2024-09-04T12:22:32.020+0000][861.849s][info ][safepoint     ] Total time for which application threads were stopped: 0.0008525 seconds, Stopping threads took: 0.0001913 seconds
[2024-09-04T12:22:33.020+0000][862.849s][debug][safepoint     ] Safepoint synchronization initiated. (259 threads)
[2024-09-04T12:22:33.020+0000][862.849s][info ][safepoint     ] Application time: 1.0003683 seconds
[2024-09-04T12:22:33.020+0000][862.849s][info ][safepoint     ] Entering safepoint region: Cleanup
[2024-09-04T12:22:33.021+0000][862.850s][info ][safepoint     ] Leaving safepoint region
[2024-09-04T12:22:33.021+0000][862.850s][info ][safepoint     ] Total time for which application threads were stopped: 0.0011661 seconds, Stopping threads took: 0.0002659 seconds
[2024-09-04T12:22:34.022+0000][863.850s][debug][safepoint     ] Safepoint synchronization initiated. (259 threads)
[2024-09-04T12:22:34.022+0000][863.850s][info ][safepoint     ] Application time: 1.0002912 seconds
[2024-09-04T12:22:34.022+0000][863.851s][debug][safepoint     ] ... found polling page return exception at pc = 0x00007ff4a123816a, stub =0x00007ff498824b00
[2024-09-04T12:22:34.022+0000][863.851s][debug][safepoint     ] Waiting for 1 thread(s) to block
[2024-09-04T12:22:34.022+0000][863.851s][info ][safepoint     ] Entering safepoint region: Cleanup
[2024-09-04T12:22:34.023+0000][863.852s][info ][safepoint     ] Leaving safepoint region
[2024-09-04T12:22:34.023+0000][863.852s][info ][safepoint     ] Total time for which application threads were stopped: 0.0010781 seconds, Stopping threads took: 0.0003796 seconds
[2024-09-04T12:22:35.023+0000][864.852s][debug][safepoint     ] Safepoint synchronization initiated. (259 threads)
[2024-09-04T12:22:35.023+0000][864.852s][info ][safepoint     ] Application time: 1.0001612 seconds
[2024-09-04T12:22:35.023+0000][864.852s][debug][safepoint     ] Waiting for 1 thread(s) to block
[2024-09-04T12:22:35.023+0000][864.852s][info ][safepoint     ] Entering safepoint region: Cleanup
[2024-09-04T12:22:35.024+0000][864.852s][info ][safepoint     ] Leaving safepoint region
[2024-09-04T12:22:35.024+0000][864.852s][info ][safepoint     ] Total time for which application threads were stopped: 0.0006044 seconds, Stopping threads took: 0.0002000 seconds
[2024-09-04T12:22:35.069+0000][864.898s][debug][safepoint     ] Safepoint synchronization initiated. (259 threads)
[2024-09-04T12:22:35.069+0000][864.898s][info ][safepoint     ] Application time: 0.0451993 seconds
[2024-09-04T12:22:35.069+0000][864.898s][info ][safepoint     ] Entering safepoint region: G1CollectForAllocation
[2024-09-04T12:22:35.070+0000][864.898s][info ][gc,start      ] GC(100) Pause Young (Normal) (G1 Evacuation Pause)
[2024-09-04T12:22:35.070+0000][864.898s][info ][gc,task       ] GC(100) Using 4 workers of 4 for evacuation
[2024-09-04T12:22:35.088+0000][864.917s][info ][gc,phases     ] GC(100)   Pre Evacuate Collection Set: 0.3ms
[2024-09-04T12:22:35.088+0000][864.917s][info ][gc,phases     ] GC(100)   Evacuate Collection Set: 6.2ms
[2024-09-04T12:22:35.088+0000][864.917s][info ][gc,phases     ] GC(100)   Post Evacuate Collection Set: 11.2ms
[2024-09-04T12:22:35.088+0000][864.917s][info ][gc,phases     ] GC(100)   Other: 1.2ms
[2024-09-04T12:22:35.088+0000][864.917s][info ][gc,heap       ] GC(100) Eden regions: 191->0(191)
[2024-09-04T12:22:35.088+0000][864.917s][info ][gc,heap       ] GC(100) Survivor regions: 1->1(24)
[2024-09-04T12:22:35.088+0000][864.917s][info ][gc,heap       ] GC(100) Old regions: 175->175
[2024-09-04T12:22:35.088+0000][864.917s][info ][gc,heap       ] GC(100) Humongous regions: 0->0
[2024-09-04T12:22:35.088+0000][864.917s][info ][gc,metaspace  ] GC(100) Metaspace: 181007K(186992K)->181007K(186992K) NonClass: 160105K(163796K)->160105K(163796K) Class: 20901K(23196K)->20901K(23196K)
[2024-09-04T12:22:35.089+0000][864.917s][info ][gc            ] GC(100) Pause Young (Normal) (G1 Evacuation Pause) 364M->173M(412M) 18.950ms
[2024-09-04T12:22:35.089+0000][864.917s][info ][gc,cpu        ] GC(100) User=0.05s Sys=0.00s Real=0.01s
[2024-09-04T12:22:35.089+0000][864.918s][info ][safepoint     ] Leaving safepoint region
[2024-09-04T12:22:35.089+0000][864.918s][info ][safepoint     ] Total time for which application threads were stopped: 0.0199612 seconds, Stopping threads took: 0.0001609 seconds
[2024-09-04T12:22:35.089+0000][864.918s][info ][gc,stringdedup] Concurrent String Deduplication (864.918s)
[2024-09-04T12:22:35.089+0000][864.918s][info ][gc,stringdedup] Concurrent String Deduplication 0.0B->0.0B(0.0B) avg 54.6% (864.918s, 864.918s) 0.027ms
[2024-09-04T12:22:36.089+0000][865.918s][debug][safepoint     ] Safepoint synchronization initiated. (259 threads)
[2024-09-04T12:22:36.089+0000][865.918s][info ][safepoint     ] Application time: 1.0004699 seconds
[2024-09-04T12:22:36.090+0000][865.918s][info ][safepoint     ] Entering safepoint region: Cleanup
[2024-09-04T12:22:36.090+0000][865.919s][info ][safepoint     ] Leaving safepoint region
[2024-09-04T12:22:36.090+0000][865.919s][info ][safepoint     ] Total time for which application threads were stopped: 0.0011178 seconds, Stopping threads took: 0.0003454 seconds
[2024-09-04T12:22:37.091+0000][866.920s][debug][safepoint     ] Safepoint synchronization initiated. (259 threads)
[2024-09-04T12:22:37.091+0000][866.920s][info ][safepoint     ] Application time: 1.0003804 seconds
[2024-09-04T12:22:37.091+0000][866.920s][info ][safepoint     ] Entering safepoint region: Cleanup
[2024-09-04T12:22:37.092+0000][866.920s][info ][safepoint     ] Leaving safepoint region
[2024-09-04T12:22:37.092+0000][866.921s][info ][safepoint     ] Total time for which application threads were stopped: 0.0009076 seconds, Stopping threads took: 0.0002510 seconds
[2024-09-04T12:22:38.092+0000][867.921s][debug][safepoint     ] Safepoint synchronization initiated. (259 threads)
[2024-09-04T12:22:38.092+0000][867.921s][info ][safepoint     ] Application time: 1.0003867 seconds
[2024-09-04T12:22:38.092+0000][867.921s][info ][safepoint     ] Entering safepoint region: Cleanup
[2024-09-04T12:22:38.093+0000][867.922s][info ][safepoint     ] Leaving safepoint region
[2024-09-04T12:22:38.093+0000][867.922s][info ][safepoint     ] Total time for which application threads were stopped: 0.0009606 seconds, Stopping threads took: 0.0002393 seconds
[2024-09-04T12:22:39.093+0000][868.922s][debug][safepoint     ] Safepoint synchronization initiated. (259 threads)
[2024-09-04T12:22:39.094+0000][868.922s][info ][safepoint     ] Application time: 1.0004758 seconds
[2024-09-04T12:22:39.094+0000][868.923s][info ][safepoint     ] Entering safepoint region: Cleanup
[2024-09-04T12:22:39.095+0000][868.923s][info ][safepoint     ] Leaving safepoint region
[2024-09-04T12:22:39.095+0000][868.923s][info ][safepoint     ] Total time for which application threads were stopped: 0.0009453 seconds, Stopping threads took: 0.0003251 seconds
[2024-09-04T12:22:40.095+0000][869.924s][debug][safepoint     ] Safepoint synchronization initiated. (259 threads)
[2024-09-04T12:22:40.095+0000][869.924s][info ][safepoint     ] Application time: 1.0002354 seconds
[2024-09-04T12:22:40.095+0000][869.924s][info ][safepoint     ] Entering safepoint region: Cleanup
[2024-09-04T12:22:40.096+0000][869.924s][info ][safepoint     ] Leaving safepoint region
[2024-09-04T12:22:40.096+0000][869.924s][info ][safepoint     ] Total time for which application threads were stopped: 0.0007622 seconds, Stopping threads took: 0.0001733 seconds
[2024-09-04T12:22:41.096+0000][870.925s][debug][safepoint     ] Safepoint synchronization initiated. (259 threads)
[2024-09-04T12:22:41.096+0000][870.925s][info ][safepoint     ] Application time: 1.0002463 seconds
[2024-09-04T12:22:41.096+0000][870.925s][debug][safepoint     ] ... found polling page return exception at pc = 0x00007ff4a094d288, stub =0x00007ff498824b00
[2024-09-04T12:22:41.096+0000][870.925s][debug][safepoint     ] Waiting for 1 thread(s) to block
[2024-09-04T12:22:41.096+0000][870.925s][info ][safepoint     ] Entering safepoint region: Cleanup
[2024-09-04T12:22:41.097+0000][870.926s][info ][safepoint     ] Leaving safepoint region
[2024-09-04T12:22:41.097+0000][870.926s][info ][safepoint     ] Total time for which application threads were stopped: 0.0008858 seconds, Stopping threads took: 0.0004203 seconds
[2024-09-04T12:22:42.097+0000][871.926s][debug][safepoint     ] Safepoint synchronization initiated. (259 threads)
[2024-09-04T12:22:42.097+0000][871.926s][info ][safepoint     ] Application time: 1.0001870 seconds
[2024-09-04T12:22:42.097+0000][871.926s][info ][safepoint     ] Entering safepoint region: Cleanup
[2024-09-04T12:22:42.098+0000][871.926s][info ][safepoint     ] Leaving safepoint region
[2024-09-04T12:22:42.098+0000][871.926s][info ][safepoint     ] Total time for which application threads were stopped: 0.0006512 seconds, Stopping threads took: 0.0001728 seconds
[2024-09-04T12:22:43.098+0000][872.927s][debug][safepoint     ] Safepoint synchronization initiated. (259 threads)
[2024-09-04T12:22:43.098+0000][872.927s][info ][safepoint     ] Application time: 1.0002534 seconds
[2024-09-04T12:22:43.098+0000][872.927s][info ][safepoint     ] Entering safepoint region: Cleanup
[2024-09-04T12:22:43.099+0000][872.928s][info ][safepoint     ] Leaving safepoint region
[2024-09-04T12:22:43.099+0000][872.928s][info ][safepoint     ] Total time for which application threads were stopped: 0.0007825 seconds, Stopping threads took: 0.0002216 seconds
[2024-09-04T12:22:44.099+0000][873.928s][debug][safepoint     ] Safepoint synchronization initiated. (259 threads)
[2024-09-04T12:22:44.099+0000][873.928s][info ][safepoint     ] Application time: 1.0001911 seconds
[2024-09-04T12:22:44.099+0000][873.928s][info ][safepoint     ] Entering safepoint region: Cleanup
[2024-09-04T12:22:44.100+0000][873.929s][info ][safepoint     ] Leaving safepoint region
[2024-09-04T12:22:44.100+0000][873.929s][info ][safepoint     ] Total time for which application threads were stopped: 0.0008847 seconds, Stopping threads took: 0.0002482 seconds
[2024-09-04T12:22:45.100+0000][874.929s][debug][safepoint     ] Safepoint synchronization initiated. (259 threads)
[2024-09-04T12:22:45.100+0000][874.929s][info ][safepoint     ] Application time: 1.0003585 seconds
[2024-09-04T12:22:45.101+0000][874.929s][info ][safepoint     ] Entering safepoint region: Cleanup
[2024-09-04T12:22:45.101+0000][874.930s][info ][safepoint     ] Leaving safepoint region
[2024-09-04T12:22:45.101+0000][874.930s][info ][safepoint     ] Total time for which application threads were stopped: 0.0008842 seconds, Stopping threads took: 0.0002406 seconds
[2024-09-04T12:22:46.101+0000][875.930s][debug][safepoint     ] Safepoint synchronization initiated. (259 threads)
[2024-09-04T12:22:46.102+0000][875.930s][info ][safepoint     ] Application time: 1.0003102 seconds
[2024-09-04T12:22:46.102+0000][875.931s][info ][safepoint     ] Entering safepoint region: Cleanup
[2024-09-04T12:22:46.103+0000][875.931s][info ][safepoint     ] Leaving safepoint region
[2024-09-04T12:22:46.103+0000][875.931s][info ][safepoint     ] Total time for which application threads were stopped: 0.0010514 seconds, Stopping threads took: 0.0002707 seconds
[2024-09-04T12:22:47.103+0000][876.932s][debug][safepoint     ] Safepoint synchronization initiated. (259 threads)
[2024-09-04T12:22:47.103+0000][876.932s][info ][safepoint     ] Application time: 1.0002565 seconds
[2024-09-04T12:22:47.103+0000][876.932s][info ][safepoint     ] Entering safepoint region: Cleanup
[2024-09-04T12:22:47.104+0000][876.933s][info ][safepoint     ] Leaving safepoint region
[2024-09-04T12:22:47.104+0000][876.933s][info ][safepoint     ] Total time for which application threads were stopped: 0.0008585 seconds, Stopping threads took: 0.0002309 seconds
[2024-09-04T12:22:47.104+0000][876.933s][debug][safepoint     ] ... found polling page loop exception at pc = 0x00007ff49b70b7fe, stub =0x00007ff498826680
[2024-09-04T12:22:48.104+0000][877.933s][debug][safepoint     ] Safepoint synchronization initiated. (259 threads)
[2024-09-04T12:22:48.104+0000][877.933s][info ][safepoint     ] Application time: 1.0002243 seconds
[2024-09-04T12:22:48.104+0000][877.933s][info ][safepoint     ] Entering safepoint region: Cleanup
[2024-09-04T12:22:48.105+0000][877.934s][info ][safepoint     ] Leaving safepoint region
[2024-09-04T12:22:48.105+0000][877.934s][info ][safepoint     ] Total time for which application threads were stopped: 0.0008117 seconds, Stopping threads took: 0.0002105 seconds
[2024-09-04T12:22:49.105+0000][878.934s][debug][safepoint     ] Safepoint synchronization initiated. (259 threads)
[2024-09-04T12:22:49.105+0000][878.934s][info ][safepoint     ] Application time: 1.0002966 seconds
[2024-09-04T12:22:49.105+0000][878.934s][info ][safepoint     ] Entering safepoint region: Cleanup
[2024-09-04T12:22:49.106+0000][878.935s][info ][safepoint     ] Leaving safepoint region
[2024-09-04T12:22:49.106+0000][878.935s][info ][safepoint     ] Total time for which application threads were stopped: 0.0010968 seconds, Stopping threads took: 0.0003258 seconds
[2024-09-04T12:22:50.106+0000][879.935s][debug][safepoint     ] Safepoint synchronization initiated. (259 threads)
[2024-09-04T12:22:50.107+0000][879.935s][info ][safepoint     ] Application time: 1.0002560 seconds
[2024-09-04T12:22:50.108+0000][879.937s][debug][safepoint     ] ... found polling page return exception at pc = 0x00007ff4a0349f2f, stub =0x00007ff498824b00
[2024-09-04T12:22:50.108+0000][879.937s][debug][safepoint     ] Waiting for 1 thread(s) to block
[2024-09-04T12:22:50.108+0000][879.937s][info ][safepoint     ] Entering safepoint region: Cleanup
[2024-09-04T12:22:50.109+0000][879.937s][info ][safepoint     ] Leaving safepoint region
[2024-09-04T12:22:50.109+0000][879.937s][info ][safepoint     ] Total time for which application threads were stopped: 0.0020231 seconds, Stopping threads took: 0.0014823 seconds
[2024-09-04T12:22:51.109+0000][880.938s][debug][safepoint     ] Safepoint synchronization initiated. (259 threads)
[2024-09-04T12:22:51.109+0000][880.938s][info ][safepoint     ] Application time: 1.0003504 seconds
[2024-09-04T12:22:51.109+0000][880.938s][info ][safepoint     ] Entering safepoint region: Cleanup
[2024-09-04T12:22:51.110+0000][880.939s][info ][safepoint     ] Leaving safepoint region
[2024-09-04T12:22:51.110+0000][880.939s][info ][safepoint     ] Total time for which application threads were stopped: 0.0009033 seconds, Stopping threads took: 0.0002251 seconds
[2024-09-04T12:22:52.110+0000][881.939s][debug][safepoint     ] Safepoint synchronization initiated. (259 threads)
[2024-09-04T12:22:52.110+0000][881.939s][info ][safepoint     ] Application time: 1.0002317 seconds
[2024-09-04T12:22:52.110+0000][881.939s][info ][safepoint     ] Entering safepoint region: Cleanup
[2024-09-04T12:22:52.111+0000][881.940s][info ][safepoint     ] Leaving safepoint region
[2024-09-04T12:22:52.111+0000][881.940s][info ][safepoint     ] Total time for which application threads were stopped: 0.0006787 seconds, Stopping threads took: 0.0001841 seconds
[2024-09-04T12:22:53.111+0000][882.940s][debug][safepoint     ] Safepoint synchronization initiated. (259 threads)
[2024-09-04T12:22:53.111+0000][882.940s][info ][safepoint     ] Application time: 1.0002247 seconds
[2024-09-04T12:22:53.111+0000][882.940s][info ][safepoint     ] Entering safepoint region: Cleanup
[2024-09-04T12:22:53.112+0000][882.941s][info ][safepoint     ] Leaving safepoint region
[2024-09-04T12:22:53.112+0000][882.941s][info ][safepoint     ] Total time for which application threads were stopped: 0.0006817 seconds, Stopping threads took: 0.0001819 seconds
[2024-09-04T12:22:54.112+0000][883.941s][debug][safepoint     ] Safepoint synchronization initiated. (259 threads)
[2024-09-04T12:22:54.112+0000][883.941s][info ][safepoint     ] Application time: 1.0003435 seconds
[2024-09-04T12:22:54.112+0000][883.941s][info ][safepoint     ] Entering safepoint region: Cleanup
[2024-09-04T12:22:54.113+0000][883.942s][info ][safepoint     ] Leaving safepoint region
[2024-09-04T12:22:54.113+0000][883.942s][info ][safepoint     ] Total time for which application threads were stopped: 0.0007930 seconds, Stopping threads took: 0.0002304 seconds
[2024-09-04T12:22:55.113+0000][884.942s][debug][safepoint     ] Safepoint synchronization initiated. (259 threads)
[2024-09-04T12:22:55.113+0000][884.942s][info ][safepoint     ] Application time: 1.0002269 seconds
[2024-09-04T12:22:55.114+0000][884.942s][info ][safepoint     ] Entering safepoint region: Cleanup
[2024-09-04T12:22:55.114+0000][884.943s][info ][safepoint     ] Leaving safepoint region
[2024-09-04T12:22:55.114+0000][884.943s][info ][safepoint     ] Total time for which application threads were stopped: 0.0007614 seconds, Stopping threads took: 0.0002467 seconds
[2024-09-04T12:22:56.114+0000][885.943s][debug][safepoint     ] Safepoint synchronization initiated. (259 threads)
[2024-09-04T12:22:56.114+0000][885.943s][info ][safepoint     ] Application time: 1.0002099 seconds
[2024-09-04T12:22:56.114+0000][885.943s][info ][safepoint     ] Entering safepoint region: Cleanup
[2024-09-04T12:22:56.115+0000][885.944s][info ][safepoint     ] Leaving safepoint region
[2024-09-04T12:22:56.115+0000][885.944s][info ][safepoint     ] Total time for which application threads were stopped: 0.0005745 seconds, Stopping threads took: 0.0001647 seconds
[2024-09-04T12:22:57.115+0000][886.944s][debug][safepoint     ] Safepoint synchronization initiated. (259 threads)
[2024-09-04T12:22:57.115+0000][886.944s][info ][safepoint     ] Application time: 1.0002241 seconds
[2024-09-04T12:22:57.115+0000][886.944s][info ][safepoint     ] Entering safepoint region: Cleanup
[2024-09-04T12:22:57.116+0000][886.945s][info ][safepoint     ] Leaving safepoint region
[2024-09-04T12:22:57.116+0000][886.945s][info ][safepoint     ] Total time for which application threads were stopped: 0.0007751 seconds, Stopping threads took: 0.0001926 seconds
[2024-09-04T12:22:58.116+0000][887.945s][debug][safepoint     ] Safepoint synchronization initiated. (259 threads)
[2024-09-04T12:22:58.116+0000][887.945s][info ][safepoint     ] Application time: 1.0002975 seconds
[2024-09-04T12:22:58.116+0000][887.945s][info ][safepoint     ] Entering safepoint region: Cleanup
[2024-09-04T12:22:58.117+0000][887.946s][info ][safepoint     ] Leaving safepoint region
[2024-09-04T12:22:58.117+0000][887.946s][info ][safepoint     ] Total time for which application threads were stopped: 0.0009165 seconds, Stopping threads took: 0.0002233 seconds
[2024-09-04T12:22:59.117+0000][888.946s][debug][safepoint     ] Safepoint synchronization initiated. (260 threads)
[2024-09-04T12:22:59.117+0000][888.946s][info ][safepoint     ] Application time: 1.0002000 seconds
[2024-09-04T12:22:59.118+0000][888.946s][info ][safepoint     ] Entering safepoint region: Cleanup
[2024-09-04T12:22:59.118+0000][888.947s][info ][safepoint     ] Leaving safepoint region
[2024-09-04T12:22:59.118+0000][888.947s][info ][safepoint     ] Total time for which application threads were stopped: 0.0008150 seconds, Stopping threads took: 0.0002006 seconds
[2024-09-04T12:23:00.118+0000][889.947s][debug][safepoint     ] Safepoint synchronization initiated. (260 threads)
[2024-09-04T12:23:00.119+0000][889.947s][info ][safepoint     ] Application time: 1.0002341 seconds
[2024-09-04T12:23:00.119+0000][889.947s][debug][safepoint     ] ... found polling page return exception at pc = 0x00007ff4a0b9f349, stub =0x00007ff498824b00
[2024-09-04T12:23:00.119+0000][889.948s][debug][safepoint     ] Waiting for 1 thread(s) to block
[2024-09-04T12:23:00.119+0000][889.948s][info ][safepoint     ] Entering safepoint region: Cleanup
[2024-09-04T12:23:00.120+0000][889.948s][debug][safepoint     ] ... found polling page return exception at pc = 0x00007ff4a131ffd6, stub =0x00007ff498824b00
[2024-09-04T12:23:00.120+0000][889.948s][info ][safepoint     ] Leaving safepoint region
[2024-09-04T12:23:00.120+0000][889.948s][info ][safepoint     ] Total time for which application threads were stopped: 0.0010921 seconds, Stopping threads took: 0.0004321 seconds
[2024-09-04T12:23:01.120+0000][890.949s][debug][safepoint     ] Safepoint synchronization initiated. (260 threads)
[2024-09-04T12:23:01.120+0000][890.949s][info ][safepoint     ] Application time: 1.0004245 seconds
[2024-09-04T12:23:01.120+0000][890.949s][info ][safepoint     ] Entering safepoint region: Cleanup
[2024-09-04T12:23:01.121+0000][890.950s][info ][safepoint     ] Leaving safepoint region
[2024-09-04T12:23:01.121+0000][890.950s][info ][safepoint     ] Total time for which application threads were stopped: 0.0008508 seconds, Stopping threads took: 0.0002356 seconds
[2024-09-04T12:23:02.121+0000][891.950s][debug][safepoint     ] Safepoint synchronization initiated. (260 threads)
[2024-09-04T12:23:02.121+0000][891.950s][info ][safepoint     ] Application time: 1.0002561 seconds
[2024-09-04T12:23:02.122+0000][891.950s][info ][safepoint     ] Entering safepoint region: Cleanup
[2024-09-04T12:23:02.122+0000][891.951s][info ][safepoint     ] Leaving safepoint region
[2024-09-04T12:23:02.122+0000][891.951s][info ][safepoint     ] Total time for which application threads were stopped: 0.0008830 seconds, Stopping threads took: 0.0002733 seconds
[2024-09-04T12:23:03.122+0000][892.951s][debug][safepoint     ] Safepoint synchronization initiated. (260 threads)
[2024-09-04T12:23:03.122+0000][892.951s][info ][safepoint     ] Application time: 1.0002095 seconds
[2024-09-04T12:23:03.123+0000][892.951s][info ][safepoint     ] Entering safepoint region: Cleanup
[2024-09-04T12:23:03.123+0000][892.952s][info ][safepoint     ] Leaving safepoint region
[2024-09-04T12:23:03.123+0000][892.952s][info ][safepoint     ] Total time for which application threads were stopped: 0.0007519 seconds, Stopping threads took: 0.0002220 seconds
[2024-09-04T12:23:03.182+0000][893.010s][debug][safepoint     ] Safepoint synchronization initiated. (260 threads)
[2024-09-04T12:23:03.182+0000][893.011s][info ][safepoint     ] Application time: 0.0590221 seconds
[2024-09-04T12:23:03.182+0000][893.011s][info ][safepoint     ] Entering safepoint region: G1CollectForAllocation
[2024-09-04T12:23:03.183+0000][893.012s][info ][gc,start      ] GC(101) Pause Young (Normal) (G1 Evacuation Pause)
[2024-09-04T12:23:03.183+0000][893.012s][info ][gc,task       ] GC(101) Using 4 workers of 4 for evacuation
[2024-09-04T12:23:03.213+0000][893.042s][info ][gc,phases     ] GC(101)   Pre Evacuate Collection Set: 0.5ms
[2024-09-04T12:23:03.213+0000][893.042s][info ][gc,phases     ] GC(101)   Evacuate Collection Set: 11.5ms
[2024-09-04T12:23:03.213+0000][893.042s][info ][gc,phases     ] GC(101)   Post Evacuate Collection Set: 17.3ms
[2024-09-04T12:23:03.213+0000][893.042s][info ][gc,phases     ] GC(101)   Other: 0.7ms
[2024-09-04T12:23:03.213+0000][893.042s][info ][gc,heap       ] GC(101) Eden regions: 191->0(191)
[2024-09-04T12:23:03.213+0000][893.042s][info ][gc,heap       ] GC(101) Survivor regions: 1->1(24)
[2024-09-04T12:23:03.213+0000][893.042s][info ][gc,heap       ] GC(101) Old regions: 175->175
[2024-09-04T12:23:03.213+0000][893.042s][info ][gc,heap       ] GC(101) Humongous regions: 0->0
[2024-09-04T12:23:03.213+0000][893.042s][info ][gc,metaspace  ] GC(101) Metaspace: 181021K(186992K)->181021K(186992K) NonClass: 160119K(163796K)->160119K(163796K) Class: 20901K(23196K)->20901K(23196K)
[2024-09-04T12:23:03.213+0000][893.042s][info ][gc            ] GC(101) Pause Young (Normal) (G1 Evacuation Pause) 364M->173M(412M) 30.162ms
[2024-09-04T12:23:03.213+0000][893.042s][info ][gc,cpu        ] GC(101) User=0.05s Sys=0.00s Real=0.03s
[2024-09-04T12:23:03.213+0000][893.042s][info ][safepoint     ] Leaving safepoint region
[2024-09-04T12:23:03.213+0000][893.042s][info ][safepoint     ] Total time for which application threads were stopped: 0.0311627 seconds, Stopping threads took: 0.0001614 seconds
[2024-09-04T12:23:03.214+0000][893.042s][info ][gc,stringdedup] Concurrent String Deduplication (893.042s)
[2024-09-04T12:23:03.214+0000][893.042s][info ][gc,stringdedup] Concurrent String Deduplication 32.0B->0.0B(32.0B) avg 54.6% (893.042s, 893.042s) 0.037ms
[2024-09-04T12:23:04.214+0000][894.042s][debug][safepoint     ] Safepoint synchronization initiated. (260 threads)
[2024-09-04T12:23:04.214+0000][894.043s][info ][safepoint     ] Application time: 1.0003109 seconds
[2024-09-04T12:23:04.214+0000][894.043s][info ][safepoint     ] Entering safepoint region: Cleanup
[2024-09-04T12:23:04.215+0000][894.043s][info ][safepoint     ] Leaving safepoint region
[2024-09-04T12:23:04.215+0000][894.043s][info ][safepoint     ] Total time for which application threads were stopped: 0.0007854 seconds, Stopping threads took: 0.0001941 seconds
[2024-09-04T12:23:05.215+0000][895.044s][debug][safepoint     ] Safepoint synchronization initiated. (260 threads)
[2024-09-04T12:23:05.215+0000][895.044s][info ][safepoint     ] Application time: 1.0002960 seconds
[2024-09-04T12:23:05.215+0000][895.044s][info ][safepoint     ] Entering safepoint region: Cleanup
[2024-09-04T12:23:05.216+0000][895.045s][info ][safepoint     ] Leaving safepoint region
[2024-09-04T12:23:05.216+0000][895.045s][info ][safepoint     ] Total time for which application threads were stopped: 0.0010533 seconds, Stopping threads took: 0.0001920 seconds
[2024-09-04T12:23:06.216+0000][896.045s][debug][safepoint     ] Safepoint synchronization initiated. (260 threads)
[2024-09-04T12:23:06.216+0000][896.045s][info ][safepoint     ] Application time: 1.0002816 seconds
[2024-09-04T12:23:06.216+0000][896.045s][info ][safepoint     ] Entering safepoint region: Cleanup
[2024-09-04T12:23:06.217+0000][896.046s][info ][safepoint     ] Leaving safepoint region
[2024-09-04T12:23:06.217+0000][896.046s][info ][safepoint     ] Total time for which application threads were stopped: 0.0009112 seconds, Stopping threads took: 0.0002009 seconds
[2024-09-04T12:23:07.217+0000][897.046s][debug][safepoint     ] Safepoint synchronization initiated. (260 threads)
[2024-09-04T12:23:07.218+0000][897.046s][info ][safepoint     ] Application time: 1.0002532 seconds
[2024-09-04T12:23:07.218+0000][897.046s][info ][safepoint     ] Entering safepoint region: Cleanup
[2024-09-04T12:23:07.218+0000][897.047s][info ][safepoint     ] Leaving safepoint region
[2024-09-04T12:23:07.218+0000][897.047s][info ][safepoint     ] Total time for which application threads were stopped: 0.0006482 seconds, Stopping threads took: 0.0001806 seconds
[2024-09-04T12:23:08.218+0000][898.047s][debug][safepoint     ] Safepoint synchronization initiated. (260 threads)
[2024-09-04T12:23:08.218+0000][898.047s][info ][safepoint     ] Application time: 1.0002475 seconds
[2024-09-04T12:23:08.219+0000][898.047s][info ][safepoint     ] Entering safepoint region: Cleanup
[2024-09-04T12:23:08.219+0000][898.048s][info ][safepoint     ] Leaving safepoint region
[2024-09-04T12:23:08.219+0000][898.048s][info ][safepoint     ] Total time for which application threads were stopped: 0.0009568 seconds, Stopping threads took: 0.0002101 seconds
[2024-09-04T12:23:09.220+0000][899.048s][debug][safepoint     ] Safepoint synchronization initiated. (260 threads)
[2024-09-04T12:23:09.220+0000][899.048s][info ][safepoint     ] Application time: 1.0001691 seconds
[2024-09-04T12:23:09.220+0000][899.049s][info ][safepoint     ] Entering safepoint region: Cleanup
[2024-09-04T12:23:09.220+0000][899.049s][info ][safepoint     ] Leaving safepoint region
[2024-09-04T12:23:09.220+0000][899.049s][info ][safepoint     ] Total time for which application threads were stopped: 0.0005895 seconds, Stopping threads took: 0.0001878 seconds
[2024-09-04T12:23:10.221+0000][900.049s][debug][safepoint     ] Safepoint synchronization initiated. (260 threads)
[2024-09-04T12:23:10.221+0000][900.049s][info ][safepoint     ] Application time: 1.0003491 seconds
[2024-09-04T12:23:10.221+0000][900.050s][info ][safepoint     ] Entering safepoint region: Cleanup
[2024-09-04T12:23:10.222+0000][900.050s][info ][safepoint     ] Leaving safepoint region
[2024-09-04T12:23:10.222+0000][900.050s][info ][safepoint     ] Total time for which application threads were stopped: 0.0009381 seconds, Stopping threads took: 0.0002708 seconds
[2024-09-04T12:23:11.222+0000][901.051s][debug][safepoint     ] Safepoint synchronization initiated. (260 threads)
[2024-09-04T12:23:11.222+0000][901.051s][info ][safepoint     ] Application time: 1.0003163 seconds
[2024-09-04T12:23:11.222+0000][901.051s][info ][safepoint     ] Entering safepoint region: Cleanup
[2024-09-04T12:23:11.223+0000][901.052s][info ][safepoint     ] Leaving safepoint region
[2024-09-04T12:23:11.223+0000][901.052s][info ][safepoint     ] Total time for which application threads were stopped: 0.0010074 seconds, Stopping threads took: 0.0002087 seconds
[2024-09-04T12:23:12.223+0000][902.052s][debug][safepoint     ] Safepoint synchronization initiated. (260 threads)
[2024-09-04T12:23:12.223+0000][902.052s][info ][safepoint     ] Application time: 1.0001975 seconds
[2024-09-04T12:23:12.223+0000][902.052s][debug][safepoint     ] ... found polling page return exception at pc = 0x00007ff4a04ffd08, stub =0x00007ff498824b00
[2024-09-04T12:23:12.223+0000][902.052s][debug][safepoint     ] Waiting for 1 thread(s) to block
[2024-09-04T12:23:12.224+0000][902.052s][info ][safepoint     ] Entering safepoint region: Cleanup
[2024-09-04T12:23:12.224+0000][902.053s][debug][safepoint     ] ... found polling page return exception at pc = 0x00007ff4a131ffd6, stub =0x00007ff498824b00
[2024-09-04T12:23:12.224+0000][902.053s][debug][safepoint     ] ... found polling page return exception at pc = 0x00007ff4a1374066, stub =0x00007ff498824b00
[2024-09-04T12:23:12.224+0000][902.053s][info ][safepoint     ] Leaving safepoint region
[2024-09-04T12:23:12.224+0000][902.053s][info ][safepoint     ] Total time for which application threads were stopped: 0.0012454 seconds, Stopping threads took: 0.0004697 seconds
[2024-09-04T12:23:13.225+0000][903.053s][debug][safepoint     ] Safepoint synchronization initiated. (260 threads)
[2024-09-04T12:23:13.225+0000][903.054s][info ][safepoint     ] Application time: 1.0003535 seconds
[2024-09-04T12:23:13.225+0000][903.054s][info ][safepoint     ] Entering safepoint region: Cleanup
[2024-09-04T12:23:13.226+0000][903.055s][info ][safepoint     ] Leaving safepoint region
[2024-09-04T12:23:13.226+0000][903.055s][info ][safepoint     ] Total time for which application threads were stopped: 0.0011875 seconds, Stopping threads took: 0.0002378 seconds
[2024-09-04T12:23:14.226+0000][904.055s][debug][safepoint     ] Safepoint synchronization initiated. (260 threads)
[2024-09-04T12:23:14.226+0000][904.055s][info ][safepoint     ] Application time: 1.0003492 seconds
[2024-09-04T12:23:14.227+0000][904.055s][info ][safepoint     ] Entering safepoint region: Cleanup
[2024-09-04T12:23:14.227+0000][904.056s][info ][safepoint     ] Leaving safepoint region
[2024-09-04T12:23:14.227+0000][904.056s][info ][safepoint     ] Total time for which application threads were stopped: 0.0008642 seconds, Stopping threads took: 0.0002365 seconds
[2024-09-04T12:23:15.227+0000][905.056s][debug][safepoint     ] Safepoint synchronization initiated. (260 threads)
[2024-09-04T12:23:15.227+0000][905.056s][info ][safepoint     ] Application time: 1.0001909 seconds
[2024-09-04T12:23:15.228+0000][905.056s][info ][safepoint     ] Entering safepoint region: Cleanup
[2024-09-04T12:23:15.228+0000][905.057s][info ][safepoint     ] Leaving safepoint region
[2024-09-04T12:23:15.228+0000][905.057s][info ][safepoint     ] Total time for which application threads were stopped: 0.0006760 seconds, Stopping threads took: 0.0001737 seconds
[2024-09-04T12:23:16.228+0000][906.057s][debug][safepoint     ] Safepoint synchronization initiated. (260 threads)
[2024-09-04T12:23:16.228+0000][906.057s][info ][safepoint     ] Application time: 1.0001647 seconds
[2024-09-04T12:23:16.229+0000][906.057s][info ][safepoint     ] Entering safepoint region: Cleanup
[2024-09-04T12:23:16.229+0000][906.058s][info ][safepoint     ] Leaving safepoint region
[2024-09-04T12:23:16.229+0000][906.058s][info ][safepoint     ] Total time for which application threads were stopped: 0.0007540 seconds, Stopping threads took: 0.0001434 seconds
[2024-09-04T12:23:17.229+0000][907.058s][debug][safepoint     ] Safepoint synchronization initiated. (260 threads)
[2024-09-04T12:23:17.229+0000][907.058s][info ][safepoint     ] Application time: 1.0003262 seconds
[2024-09-04T12:23:17.230+0000][907.059s][info ][safepoint     ] Entering safepoint region: Cleanup
[2024-09-04T12:23:17.230+0000][907.059s][info ][safepoint     ] Leaving safepoint region
[2024-09-04T12:23:17.230+0000][907.059s][info ][safepoint     ] Total time for which application threads were stopped: 0.0007935 seconds, Stopping threads took: 0.0002306 seconds
[2024-09-04T12:23:18.231+0000][908.059s][debug][safepoint     ] Safepoint synchronization initiated. (260 threads)
[2024-09-04T12:23:18.231+0000][908.059s][info ][safepoint     ] Application time: 1.0002850 seconds
[2024-09-04T12:23:18.231+0000][908.060s][info ][safepoint     ] Entering safepoint region: Cleanup
[2024-09-04T12:23:18.231+0000][908.060s][info ][safepoint     ] Leaving safepoint region
[2024-09-04T12:23:18.232+0000][908.060s][info ][safepoint     ] Total time for which application threads were stopped: 0.0008507 seconds, Stopping threads took: 0.0001968 seconds
[2024-09-04T12:23:19.232+0000][909.061s][debug][safepoint     ] Safepoint synchronization initiated. (260 threads)
[2024-09-04T12:23:19.232+0000][909.061s][info ][safepoint     ] Application time: 1.0003569 seconds
[2024-09-04T12:23:19.232+0000][909.061s][info ][safepoint     ] Entering safepoint region: Cleanup
[2024-09-04T12:23:19.233+0000][909.062s][info ][safepoint     ] Leaving safepoint region
[2024-09-04T12:23:19.233+0000][909.062s][info ][safepoint     ] Total time for which application threads were stopped: 0.0010131 seconds, Stopping threads took: 0.0002364 seconds
[2024-09-04T12:23:20.233+0000][910.062s][debug][safepoint     ] Safepoint synchronization initiated. (260 threads)
[2024-09-04T12:23:20.233+0000][910.062s][info ][safepoint     ] Application time: 1.0002867 seconds
[2024-09-04T12:23:20.234+0000][910.062s][info ][safepoint     ] Entering safepoint region: Cleanup
[2024-09-04T12:23:20.234+0000][910.063s][info ][safepoint     ] Leaving safepoint region
[2024-09-04T12:23:20.234+0000][910.063s][info ][safepoint     ] Total time for which application threads were stopped: 0.0010542 seconds, Stopping threads took: 0.0003002 seconds
[2024-09-04T12:23:21.235+0000][911.064s][debug][safepoint     ] Safepoint synchronization initiated. (260 threads)
[2024-09-04T12:23:21.235+0000][911.064s][info ][safepoint     ] Application time: 1.0004889 seconds
[2024-09-04T12:23:21.235+0000][911.064s][debug][safepoint     ] ... found polling page return exception at pc = 0x00007ff4a0ee1b9f, stub =0x00007ff498824b00
[2024-09-04T12:23:21.235+0000][911.064s][debug][safepoint     ] Waiting for 1 thread(s) to block
[2024-09-04T12:23:21.235+0000][911.064s][info ][safepoint     ] Entering safepoint region: Cleanup
[2024-09-04T12:23:21.236+0000][911.065s][info ][safepoint     ] Leaving safepoint region
[2024-09-04T12:23:21.236+0000][911.065s][info ][safepoint     ] Total time for which application threads were stopped: 0.0013251 seconds, Stopping threads took: 0.0005219 seconds
[2024-09-04T12:23:22.236+0000][912.065s][debug][safepoint     ] Safepoint synchronization initiated. (260 threads)
[2024-09-04T12:23:22.237+0000][912.065s][info ][safepoint     ] Application time: 1.0003793 seconds
[2024-09-04T12:23:22.237+0000][912.066s][info ][safepoint     ] Entering safepoint region: Cleanup
[2024-09-04T12:23:22.238+0000][912.066s][info ][safepoint     ] Leaving safepoint region
[2024-09-04T12:23:22.238+0000][912.067s][info ][safepoint     ] Total time for which application threads were stopped: 0.0012205 seconds, Stopping threads took: 0.0002438 seconds
[2024-09-04T12:23:22.238+0000][912.067s][debug][safepoint     ] ... found polling page return exception at pc = 0x00007ff4a131ffd6, stub =0x00007ff498824b00
[2024-09-04T12:23:22.238+0000][912.066s][debug][safepoint     ] ... found polling page return exception at pc = 0x00007ff4a131ffd6, stub =0x00007ff498824b00
[2024-09-04T12:23:23.238+0000][913.067s][debug][safepoint     ] Safepoint synchronization initiated. (260 threads)
[2024-09-04T12:23:23.238+0000][913.067s][info ][safepoint     ] Application time: 1.0002124 seconds
[2024-09-04T12:23:23.238+0000][913.067s][info ][safepoint     ] Entering safepoint region: Cleanup
[2024-09-04T12:23:23.239+0000][913.068s][info ][safepoint     ] Leaving safepoint region
[2024-09-04T12:23:23.239+0000][913.068s][info ][safepoint     ] Total time for which application threads were stopped: 0.0007244 seconds, Stopping threads took: 0.0001901 seconds
[2024-09-04T12:23:24.239+0000][914.068s][debug][safepoint     ] Safepoint synchronization initiated. (260 threads)
[2024-09-04T12:23:24.239+0000][914.068s][info ][safepoint     ] Application time: 1.0003557 seconds
[2024-09-04T12:23:24.239+0000][914.068s][info ][safepoint     ] Entering safepoint region: Cleanup
[2024-09-04T12:23:24.240+0000][914.069s][info ][safepoint     ] Leaving safepoint region
[2024-09-04T12:23:24.240+0000][914.069s][info ][safepoint     ] Total time for which application threads were stopped: 0.0006596 seconds, Stopping threads took: 0.0002284 seconds
[2024-09-04T12:23:25.240+0000][915.069s][debug][safepoint     ] Safepoint synchronization initiated. (260 threads)
[2024-09-04T12:23:25.240+0000][915.069s][info ][safepoint     ] Application time: 1.0002315 seconds
[2024-09-04T12:23:25.240+0000][915.069s][debug][safepoint     ] ... found polling page return exception at pc = 0x00007ff4a110aec3, stub =0x00007ff498824b00
[2024-09-04T12:23:25.241+0000][915.069s][debug][safepoint     ] Waiting for 1 thread(s) to block
[2024-09-04T12:23:25.241+0000][915.069s][info ][safepoint     ] Entering safepoint region: Cleanup
[2024-09-04T12:23:25.241+0000][915.070s][info ][safepoint     ] Leaving safepoint region
[2024-09-04T12:23:25.241+0000][915.070s][info ][safepoint     ] Total time for which application threads were stopped: 0.0010115 seconds, Stopping threads took: 0.0005012 seconds
[2024-09-04T12:23:26.241+0000][916.070s][debug][safepoint     ] Safepoint synchronization initiated. (260 threads)
[2024-09-04T12:23:26.242+0000][916.070s][info ][safepoint     ] Application time: 1.0003004 seconds
[2024-09-04T12:23:26.242+0000][916.071s][info ][safepoint     ] Entering safepoint region: Cleanup
[2024-09-04T12:23:26.243+0000][916.071s][info ][safepoint     ] Leaving safepoint region
[2024-09-04T12:23:26.243+0000][916.071s][info ][safepoint     ] Total time for which application threads were stopped: 0.0009605 seconds, Stopping threads took: 0.0002513 seconds
[2024-09-04T12:23:27.243+0000][917.071s][debug][safepoint     ] Safepoint synchronization initiated. (260 threads)
[2024-09-04T12:23:27.243+0000][917.072s][info ][safepoint     ] Application time: 1.0002369 seconds
[2024-09-04T12:23:27.243+0000][917.072s][info ][safepoint     ] Entering safepoint region: Cleanup
[2024-09-04T12:23:27.244+0000][917.072s][info ][safepoint     ] Leaving safepoint region
[2024-09-04T12:23:27.244+0000][917.072s][info ][safepoint     ] Total time for which application threads were stopped: 0.0007256 seconds, Stopping threads took: 0.0001888 seconds
[2024-09-04T12:23:28.244+0000][918.073s][debug][safepoint     ] Safepoint synchronization initiated. (260 threads)
[2024-09-04T12:23:28.244+0000][918.073s][info ][safepoint     ] Application time: 1.0002568 seconds
[2024-09-04T12:23:28.244+0000][918.073s][info ][safepoint     ] Entering safepoint region: Cleanup
[2024-09-04T12:23:28.244+0000][918.073s][info ][safepoint     ] Leaving safepoint region
[2024-09-04T12:23:28.244+0000][918.073s][info ][safepoint     ] Total time for which application threads were stopped: 0.0006128 seconds, Stopping threads took: 0.0001375 seconds
[2024-09-04T12:23:29.245+0000][919.074s][debug][safepoint     ] Safepoint synchronization initiated. (260 threads)
[2024-09-04T12:23:29.245+0000][919.074s][info ][safepoint     ] Application time: 1.0004221 seconds
[2024-09-04T12:23:29.245+0000][919.074s][info ][safepoint     ] Entering safepoint region: Cleanup
[2024-09-04T12:23:29.246+0000][919.074s][info ][safepoint     ] Leaving safepoint region
[2024-09-04T12:23:29.246+0000][919.075s][info ][safepoint     ] Total time for which application threads were stopped: 0.0008656 seconds, Stopping threads took: 0.0002286 seconds
[2024-09-04T12:23:30.246+0000][920.075s][debug][safepoint     ] Safepoint synchronization initiated. (260 threads)
[2024-09-04T12:23:30.246+0000][920.075s][info ][safepoint     ] Application time: 1.0002796 seconds
[2024-09-04T12:23:30.246+0000][920.075s][info ][safepoint     ] Entering safepoint region: Cleanup
[2024-09-04T12:23:30.247+0000][920.076s][info ][safepoint     ] Leaving safepoint region
[2024-09-04T12:23:30.247+0000][920.076s][info ][safepoint     ] Total time for which application threads were stopped: 0.0007689 seconds, Stopping threads took: 0.0001903 seconds
[2024-09-04T12:23:31.247+0000][921.076s][debug][safepoint     ] Safepoint synchronization initiated. (260 threads)
[2024-09-04T12:23:31.247+0000][921.076s][info ][safepoint     ] Application time: 1.0002669 seconds
[2024-09-04T12:23:31.247+0000][921.076s][info ][safepoint     ] Entering safepoint region: Cleanup
[2024-09-04T12:23:31.248+0000][921.077s][info ][safepoint     ] Leaving safepoint region
[2024-09-04T12:23:31.248+0000][921.077s][info ][safepoint     ] Total time for which application threads were stopped: 0.0008452 seconds, Stopping threads took: 0.0001917 seconds
[2024-09-04T12:23:32.248+0000][922.077s][debug][safepoint     ] Safepoint synchronization initiated. (260 threads)
[2024-09-04T12:23:32.248+0000][922.077s][info ][safepoint     ] Application time: 1.0002831 seconds
[2024-09-04T12:23:32.249+0000][922.077s][info ][safepoint     ] Entering safepoint region: Cleanup
[2024-09-04T12:23:32.249+0000][922.078s][info ][safepoint     ] Leaving safepoint region
[2024-09-04T12:23:32.249+0000][922.078s][debug][safepoint     ] ... found polling page return exception at pc = 0x00007ff4a131ffd6, stub =0x00007ff498824b00
[2024-09-04T12:23:32.249+0000][922.078s][info ][safepoint     ] Total time for which application threads were stopped: 0.0006947 seconds, Stopping threads took: 0.0002145 seconds
[2024-09-04T12:23:32.249+0000][922.078s][debug][safepoint     ] ... found polling page loop exception at pc = 0x00007ff4a1317510, stub =0x00007ff498826680
[2024-09-04T12:23:32.686+0000][922.515s][debug][safepoint     ] Safepoint synchronization initiated. (260 threads)
[2024-09-04T12:23:32.686+0000][922.515s][info ][safepoint     ] Application time: 0.4368184 seconds
[2024-09-04T12:23:32.686+0000][922.515s][debug][safepoint     ] ... found polling page loop exception at pc = 0x00007ff4a07a266d, stub =0x00007ff498826680
[2024-09-04T12:23:32.686+0000][922.515s][debug][safepoint     ] Waiting for 1 thread(s) to block
[2024-09-04T12:23:32.687+0000][922.516s][info ][safepoint     ] Entering safepoint region: G1CollectForAllocation
[2024-09-04T12:23:32.687+0000][922.516s][info ][gc,start      ] GC(102) Pause Young (Normal) (G1 Evacuation Pause)
[2024-09-04T12:23:32.688+0000][922.516s][info ][gc,task       ] GC(102) Using 4 workers of 4 for evacuation
[2024-09-04T12:23:32.696+0000][922.525s][info ][gc,phases     ] GC(102)   Pre Evacuate Collection Set: 0.0ms
[2024-09-04T12:23:32.696+0000][922.525s][info ][gc,phases     ] GC(102)   Evacuate Collection Set: 3.1ms
[2024-09-04T12:23:32.696+0000][922.525s][info ][gc,phases     ] GC(102)   Post Evacuate Collection Set: 4.9ms
[2024-09-04T12:23:32.696+0000][922.525s][info ][gc,phases     ] GC(102)   Other: 0.5ms
[2024-09-04T12:23:32.696+0000][922.525s][info ][gc,heap       ] GC(102) Eden regions: 191->0(191)
[2024-09-04T12:23:32.696+0000][922.525s][info ][gc,heap       ] GC(102) Survivor regions: 1->1(24)
[2024-09-04T12:23:32.696+0000][922.525s][info ][gc,heap       ] GC(102) Old regions: 175->175
[2024-09-04T12:23:32.696+0000][922.525s][info ][gc,heap       ] GC(102) Humongous regions: 0->0
[2024-09-04T12:23:32.696+0000][922.525s][info ][gc,metaspace  ] GC(102) Metaspace: 181040K(186992K)->181040K(186992K) NonClass: 160139K(163796K)->160139K(163796K) Class: 20901K(23196K)->20901K(23196K)
[2024-09-04T12:23:32.696+0000][922.525s][info ][gc            ] GC(102) Pause Young (Normal) (G1 Evacuation Pause) 364M->173M(412M) 8.587ms
[2024-09-04T12:23:32.696+0000][922.525s][info ][gc,cpu        ] GC(102) User=0.03s Sys=0.00s Real=0.01s
[2024-09-04T12:23:32.696+0000][922.525s][info ][safepoint     ] Leaving safepoint region
[2024-09-04T12:23:32.696+0000][922.525s][info ][safepoint     ] Total time for which application threads were stopped: 0.0101419 seconds, Stopping threads took: 0.0009622 seconds
[2024-09-04T12:23:32.696+0000][922.525s][info ][gc,stringdedup] Concurrent String Deduplication (922.525s)
[2024-09-04T12:23:32.696+0000][922.525s][info ][gc,stringdedup] Concurrent String Deduplication 408.0B->0.0B(408.0B) avg 54.6% (922.525s, 922.525s) 0.040ms
[2024-09-04T12:23:33.696+0000][923.525s][debug][safepoint     ] Safepoint synchronization initiated. (260 threads)
[2024-09-04T12:23:33.696+0000][923.525s][info ][safepoint     ] Application time: 1.0002402 seconds
[2024-09-04T12:23:33.697+0000][923.526s][debug][safepoint     ] ... found polling page return exception at pc = 0x00007ff4a0ca7e64, stub =0x00007ff498824b00
[2024-09-04T12:23:33.697+0000][923.526s][debug][safepoint     ] Waiting for 1 thread(s) to block
[2024-09-04T12:23:33.697+0000][923.526s][info ][safepoint     ] Entering safepoint region: Cleanup
[2024-09-04T12:23:33.698+0000][923.526s][info ][safepoint     ] Leaving safepoint region
[2024-09-04T12:23:33.698+0000][923.527s][info ][safepoint     ] Total time for which application threads were stopped: 0.0009414 seconds, Stopping threads took: 0.0003602 seconds
[2024-09-04T12:23:34.698+0000][924.527s][debug][safepoint     ] Safepoint synchronization initiated. (260 threads)
[2024-09-04T12:23:34.698+0000][924.527s][info ][safepoint     ] Application time: 1.0001926 seconds
[2024-09-04T12:23:34.698+0000][924.527s][info ][safepoint     ] Entering safepoint region: Cleanup
[2024-09-04T12:23:34.698+0000][924.527s][info ][safepoint     ] Leaving safepoint region
[2024-09-04T12:23:34.699+0000][924.527s][info ][safepoint     ] Total time for which application threads were stopped: 0.0005392 seconds, Stopping threads took: 0.0001474 seconds
[2024-09-04T12:23:35.699+0000][925.528s][debug][safepoint     ] Safepoint synchronization initiated. (260 threads)
[2024-09-04T12:23:35.699+0000][925.528s][info ][safepoint     ] Application time: 1.0003073 seconds
[2024-09-04T12:23:35.699+0000][925.528s][info ][safepoint     ] Entering safepoint region: Cleanup
[2024-09-04T12:23:35.700+0000][925.529s][info ][safepoint     ] Leaving safepoint region
[2024-09-04T12:23:35.700+0000][925.529s][info ][safepoint     ] Total time for which application threads were stopped: 0.0010364 seconds, Stopping threads took: 0.0001893 seconds
[2024-09-04T12:23:36.700+0000][926.529s][debug][safepoint     ] Safepoint synchronization initiated. (260 threads)
[2024-09-04T12:23:36.700+0000][926.529s][info ][safepoint     ] Application time: 1.0002816 seconds
[2024-09-04T12:23:36.700+0000][926.529s][info ][safepoint     ] Entering safepoint region: Cleanup
[2024-09-04T12:23:36.701+0000][926.530s][info ][safepoint     ] Leaving safepoint region
[2024-09-04T12:23:36.701+0000][926.530s][info ][safepoint     ] Total time for which application threads were stopped: 0.0008625 seconds, Stopping threads took: 0.0002160 seconds
[2024-09-04T12:23:37.701+0000][927.530s][debug][safepoint     ] Safepoint synchronization initiated. (260 threads)
[2024-09-04T12:23:37.701+0000][927.530s][info ][safepoint     ] Application time: 1.0001781 seconds
[2024-09-04T12:23:37.702+0000][927.530s][info ][safepoint     ] Entering safepoint region: Cleanup
[2024-09-04T12:23:37.702+0000][927.531s][info ][safepoint     ] Leaving safepoint region
[2024-09-04T12:23:37.702+0000][927.531s][info ][safepoint     ] Total time for which application threads were stopped: 0.0006073 seconds, Stopping threads took: 0.0002122 seconds
[2024-09-04T12:23:38.702+0000][928.531s][debug][safepoint     ] Safepoint synchronization initiated. (260 threads)
[2024-09-04T12:23:38.702+0000][928.531s][info ][safepoint     ] Application time: 1.0002544 seconds
[2024-09-04T12:23:38.702+0000][928.531s][info ][safepoint     ] Entering safepoint region: Cleanup
[2024-09-04T12:23:38.703+0000][928.532s][info ][safepoint     ] Leaving safepoint region
[2024-09-04T12:23:38.703+0000][928.532s][info ][safepoint     ] Total time for which application threads were stopped: 0.0008218 seconds, Stopping threads took: 0.0002451 seconds
[2024-09-04T12:23:39.703+0000][929.532s][debug][safepoint     ] Safepoint synchronization initiated. (260 threads)
[2024-09-04T12:23:39.703+0000][929.532s][info ][safepoint     ] Application time: 1.0002761 seconds
[2024-09-04T12:23:39.704+0000][929.532s][info ][safepoint     ] Entering safepoint region: Cleanup
[2024-09-04T12:23:39.704+0000][929.533s][info ][safepoint     ] Leaving safepoint region
[2024-09-04T12:23:39.704+0000][929.533s][info ][safepoint     ] Total time for which application threads were stopped: 0.0009521 seconds, Stopping threads took: 0.0002226 seconds
[2024-09-04T12:23:40.704+0000][930.533s][debug][safepoint     ] Safepoint synchronization initiated. (260 threads)
[2024-09-04T12:23:40.705+0000][930.533s][info ][safepoint     ] Application time: 1.0001603 seconds
[2024-09-04T12:23:40.705+0000][930.533s][info ][safepoint     ] Entering safepoint region: Cleanup
[2024-09-04T12:23:40.705+0000][930.534s][info ][safepoint     ] Leaving safepoint region
[2024-09-04T12:23:40.705+0000][930.534s][info ][safepoint     ] Total time for which application threads were stopped: 0.0006000 seconds, Stopping threads took: 0.0001414 seconds
[2024-09-04T12:23:41.705+0000][931.534s][debug][safepoint     ] Safepoint synchronization initiated. (260 threads)
[2024-09-04T12:23:41.705+0000][931.534s][info ][safepoint     ] Application time: 1.0001800 seconds
[2024-09-04T12:23:41.706+0000][931.534s][info ][safepoint     ] Entering safepoint region: Cleanup
[2024-09-04T12:23:41.706+0000][931.535s][info ][safepoint     ] Leaving safepoint region
[2024-09-04T12:23:41.706+0000][931.535s][info ][safepoint     ] Total time for which application threads were stopped: 0.0007210 seconds, Stopping threads took: 0.0002834 seconds
[2024-09-04T12:23:42.706+0000][932.535s][debug][safepoint     ] Safepoint synchronization initiated. (260 threads)
[2024-09-04T12:23:42.706+0000][932.535s][info ][safepoint     ] Application time: 1.0002810 seconds
[2024-09-04T12:23:42.707+0000][932.536s][debug][safepoint     ] ... found polling page loop exception at pc = 0x00007ff4a140776a, stub =0x00007ff498826680
[2024-09-04T12:23:42.707+0000][932.536s][debug][safepoint     ] Waiting for 1 thread(s) to block
[2024-09-04T12:23:42.708+0000][932.537s][info ][safepoint     ] Entering safepoint region: Cleanup
[2024-09-04T12:23:42.708+0000][932.537s][debug][safepoint     ] ... found polling page return exception at pc = 0x00007ff4a131ffd6, stub =0x00007ff498824b00
[2024-09-04T12:23:42.708+0000][932.537s][info ][safepoint     ] Leaving safepoint region
[2024-09-04T12:23:42.708+0000][932.537s][info ][safepoint     ] Total time for which application threads were stopped: 0.0018372 seconds, Stopping threads took: 0.0014398 seconds
[2024-09-04T12:23:43.708+0000][933.537s][debug][safepoint     ] Safepoint synchronization initiated. (260 threads)
[2024-09-04T12:23:43.708+0000][933.537s][info ][safepoint     ] Application time: 1.0002243 seconds
[2024-09-04T12:23:43.709+0000][933.537s][info ][safepoint     ] Entering safepoint region: Cleanup
[2024-09-04T12:23:43.709+0000][933.538s][info ][safepoint     ] Leaving safepoint region
[2024-09-04T12:23:43.709+0000][933.538s][info ][safepoint     ] Total time for which application threads were stopped: 0.0007608 seconds, Stopping threads took: 0.0001619 seconds
[2024-09-04T12:23:44.709+0000][934.538s][debug][safepoint     ] Safepoint synchronization initiated. (260 threads)
[2024-09-04T12:23:44.709+0000][934.538s][info ][safepoint     ] Application time: 1.0002392 seconds
[2024-09-04T12:23:44.710+0000][934.538s][debug][safepoint     ] ... found polling page return exception at pc = 0x00007ff4a08426fc, stub =0x00007ff498824b00
[2024-09-04T12:23:44.710+0000][934.539s][debug][safepoint     ] Waiting for 1 thread(s) to block
[2024-09-04T12:23:44.710+0000][934.539s][info ][safepoint     ] Entering safepoint region: Cleanup
[2024-09-04T12:23:44.711+0000][934.539s][info ][safepoint     ] Leaving safepoint region
[2024-09-04T12:23:44.711+0000][934.539s][info ][safepoint     ] Total time for which application threads were stopped: 0.0010468 seconds, Stopping threads took: 0.0004747 seconds
[2024-09-04T12:23:45.711+0000][935.540s][debug][safepoint     ] Safepoint synchronization initiated. (260 threads)
[2024-09-04T12:23:45.711+0000][935.540s][info ][safepoint     ] Application time: 1.0003013 seconds
[2024-09-04T12:23:45.711+0000][935.540s][info ][safepoint     ] Entering safepoint region: Cleanup
[2024-09-04T12:23:45.712+0000][935.541s][info ][safepoint     ] Leaving safepoint region
[2024-09-04T12:23:45.712+0000][935.541s][info ][safepoint     ] Total time for which application threads were stopped: 0.0009124 seconds, Stopping threads took: 0.0002049 seconds
[2024-09-04T12:23:46.712+0000][936.541s][debug][safepoint     ] Safepoint synchronization initiated. (260 threads)
[2024-09-04T12:23:46.712+0000][936.541s][info ][safepoint     ] Application time: 1.0003271 seconds
[2024-09-04T12:23:46.712+0000][936.541s][info ][safepoint     ] Entering safepoint region: Cleanup
[2024-09-04T12:23:46.713+0000][936.542s][info ][safepoint     ] Leaving safepoint region
[2024-09-04T12:23:46.713+0000][936.542s][info ][safepoint     ] Total time for which application threads were stopped: 0.0008690 seconds, Stopping threads took: 0.0002221 seconds
[2024-09-04T12:23:47.713+0000][937.542s][debug][safepoint     ] Safepoint synchronization initiated. (260 threads)
[2024-09-04T12:23:47.713+0000][937.542s][info ][safepoint     ] Application time: 1.0002775 seconds
[2024-09-04T12:23:47.714+0000][937.542s][info ][safepoint     ] Entering safepoint region: Cleanup
[2024-09-04T12:23:47.714+0000][937.543s][info ][safepoint     ] Leaving safepoint region
[2024-09-04T12:23:47.714+0000][937.543s][info ][safepoint     ] Total time for which application threads were stopped: 0.0009324 seconds, Stopping threads took: 0.0003252 seconds
[2024-09-04T12:23:48.715+0000][938.543s][debug][safepoint     ] Safepoint synchronization initiated. (260 threads)
[2024-09-04T12:23:48.715+0000][938.543s][info ][safepoint     ] Application time: 1.0003855 seconds
[2024-09-04T12:23:48.715+0000][938.544s][info ][safepoint     ] Entering safepoint region: Cleanup
[2024-09-04T12:23:48.716+0000][938.544s][info ][safepoint     ] Leaving safepoint region
[2024-09-04T12:23:48.716+0000][938.544s][info ][safepoint     ] Total time for which application threads were stopped: 0.0008101 seconds, Stopping threads took: 0.0002215 seconds
[2024-09-04T12:23:49.716+0000][939.545s][debug][safepoint     ] Safepoint synchronization initiated. (260 threads)
[2024-09-04T12:23:49.716+0000][939.545s][info ][safepoint     ] Application time: 1.0002889 seconds
[2024-09-04T12:23:49.716+0000][939.545s][info ][safepoint     ] Entering safepoint region: Cleanup
[2024-09-04T12:23:49.717+0000][939.545s][info ][safepoint     ] Leaving safepoint region
[2024-09-04T12:23:49.717+0000][939.546s][info ][safepoint     ] Total time for which application threads were stopped: 0.0008178 seconds, Stopping threads took: 0.0002067 seconds
[2024-09-04T12:23:50.717+0000][940.546s][debug][safepoint     ] Safepoint synchronization initiated. (260 threads)
[2024-09-04T12:23:50.717+0000][940.546s][info ][safepoint     ] Application time: 1.0003042 seconds
[2024-09-04T12:23:50.717+0000][940.546s][info ][safepoint     ] Entering safepoint region: Cleanup
[2024-09-04T12:23:50.718+0000][940.547s][debug][safepoint     ] ... found polling page loop exception at pc = 0x00007ff4a1317510, stub =0x00007ff498826680
[2024-09-04T12:23:50.718+0000][940.547s][info ][safepoint     ] Leaving safepoint region
[2024-09-04T12:23:50.718+0000][940.547s][info ][safepoint     ] Total time for which application threads were stopped: 0.0010929 seconds, Stopping threads took: 0.0002394 seconds
[2024-09-04T12:23:50.718+0000][940.547s][debug][safepoint     ] ... found polling page loop exception at pc = 0x00007ff4a1317510, stub =0x00007ff498826680
[2024-09-04T12:23:51.718+0000][941.547s][debug][safepoint     ] Safepoint synchronization initiated. (260 threads)
[2024-09-04T12:23:51.718+0000][941.547s][info ][safepoint     ] Application time: 1.0002373 seconds
[2024-09-04T12:23:51.719+0000][941.547s][info ][safepoint     ] Entering safepoint region: Cleanup
[2024-09-04T12:23:51.719+0000][941.548s][info ][safepoint     ] Leaving safepoint region
[2024-09-04T12:23:51.719+0000][941.548s][debug][safepoint     ] ... found polling page return exception at pc = 0x00007ff4a131ffd6, stub =0x00007ff498824b00
[2024-09-04T12:23:51.719+0000][941.548s][info ][safepoint     ] Total time for which application threads were stopped: 0.0009302 seconds, Stopping threads took: 0.0002287 seconds
[2024-09-04T12:23:52.720+0000][942.549s][debug][safepoint     ] Safepoint synchronization initiated. (260 threads)
[2024-09-04T12:23:52.720+0000][942.549s][info ][safepoint     ] Application time: 1.0003184 seconds
[2024-09-04T12:23:52.720+0000][942.549s][info ][safepoint     ] Entering safepoint region: Cleanup
[2024-09-04T12:23:52.721+0000][942.550s][info ][safepoint     ] Leaving safepoint region
[2024-09-04T12:23:52.721+0000][942.550s][info ][safepoint     ] Total time for which application threads were stopped: 0.0011075 seconds, Stopping threads took: 0.0004475 seconds
[2024-09-04T12:23:53.721+0000][943.550s][debug][safepoint     ] Safepoint synchronization initiated. (260 threads)
[2024-09-04T12:23:53.721+0000][943.550s][info ][safepoint     ] Application time: 1.0002308 seconds
[2024-09-04T12:23:53.721+0000][943.550s][info ][safepoint     ] Entering safepoint region: Cleanup
[2024-09-04T12:23:53.722+0000][943.551s][info ][safepoint     ] Leaving safepoint region
[2024-09-04T12:23:53.722+0000][943.551s][info ][safepoint     ] Total time for which application threads were stopped: 0.0007079 seconds, Stopping threads took: 0.0001948 seconds
[2024-09-04T12:23:54.722+0000][944.551s][debug][safepoint     ] Safepoint synchronization initiated. (260 threads)
[2024-09-04T12:23:54.722+0000][944.551s][info ][safepoint     ] Application time: 1.0002380 seconds
[2024-09-04T12:23:54.722+0000][944.551s][info ][safepoint     ] Entering safepoint region: Cleanup
[2024-09-04T12:23:54.723+0000][944.552s][info ][safepoint     ] Leaving safepoint region
[2024-09-04T12:23:54.723+0000][944.552s][info ][safepoint     ] Total time for which application threads were stopped: 0.0007496 seconds, Stopping threads took: 0.0001838 seconds
[2024-09-04T12:23:55.723+0000][945.552s][debug][safepoint     ] Safepoint synchronization initiated. (260 threads)
[2024-09-04T12:23:55.723+0000][945.552s][info ][safepoint     ] Application time: 1.0002874 seconds
[2024-09-04T12:23:55.724+0000][945.552s][info ][safepoint     ] Entering safepoint region: Cleanup
[2024-09-04T12:23:55.726+0000][945.554s][info ][safepoint     ] Leaving safepoint region
[2024-09-04T12:23:55.726+0000][945.555s][info ][safepoint     ] Total time for which application threads were stopped: 0.0023901 seconds, Stopping threads took: 0.0003278 seconds
[2024-09-04T12:23:56.726+0000][946.555s][debug][safepoint     ] Safepoint synchronization initiated. (260 threads)
[2024-09-04T12:23:56.726+0000][946.555s][info ][safepoint     ] Application time: 1.0002443 seconds
[2024-09-04T12:23:56.726+0000][946.555s][info ][safepoint     ] Entering safepoint region: Cleanup
[2024-09-04T12:23:56.727+0000][946.556s][info ][safepoint     ] Leaving safepoint region
[2024-09-04T12:23:56.727+0000][946.556s][info ][safepoint     ] Total time for which application threads were stopped: 0.0010073 seconds, Stopping threads took: 0.0004587 seconds
[2024-09-04T12:23:57.727+0000][947.556s][debug][safepoint     ] Safepoint synchronization initiated. (260 threads)
[2024-09-04T12:23:57.727+0000][947.556s][info ][safepoint     ] Application time: 1.0002871 seconds
[2024-09-04T12:23:57.728+0000][947.557s][info ][safepoint     ] Entering safepoint region: Cleanup
[2024-09-04T12:23:57.729+0000][947.557s][info ][safepoint     ] Leaving safepoint region
[2024-09-04T12:23:57.729+0000][947.557s][info ][safepoint     ] Total time for which application threads were stopped: 0.0012692 seconds, Stopping threads took: 0.0005453 seconds
[2024-09-04T12:23:58.729+0000][948.558s][debug][safepoint     ] Safepoint synchronization initiated. (260 threads)
[2024-09-04T12:23:58.729+0000][948.558s][info ][safepoint     ] Application time: 1.0003967 seconds
[2024-09-04T12:23:58.730+0000][948.559s][info ][safepoint     ] Entering safepoint region: Cleanup
[2024-09-04T12:23:58.730+0000][948.559s][info ][safepoint     ] Leaving safepoint region
[2024-09-04T12:23:58.730+0000][948.559s][info ][safepoint     ] Total time for which application threads were stopped: 0.0012210 seconds, Stopping threads took: 0.0006310 seconds
[2024-09-04T12:23:59.731+0000][949.559s][debug][safepoint     ] Safepoint synchronization initiated. (260 threads)
[2024-09-04T12:23:59.731+0000][949.559s][info ][safepoint     ] Application time: 1.0002448 seconds
[2024-09-04T12:23:59.731+0000][949.560s][info ][safepoint     ] Entering safepoint region: Cleanup
[2024-09-04T12:23:59.732+0000][949.560s][info ][safepoint     ] Leaving safepoint region
[2024-09-04T12:23:59.732+0000][949.560s][info ][safepoint     ] Total time for which application threads were stopped: 0.0009983 seconds, Stopping threads took: 0.0002514 seconds
[2024-09-04T12:24:00.732+0000][950.561s][debug][safepoint     ] Safepoint synchronization initiated. (260 threads)
[2024-09-04T12:24:00.732+0000][950.561s][info ][safepoint     ] Application time: 1.0002391 seconds
[2024-09-04T12:24:00.732+0000][950.561s][info ][safepoint     ] Entering safepoint region: Cleanup
[2024-09-04T12:24:00.733+0000][950.561s][info ][safepoint     ] Leaving safepoint region
[2024-09-04T12:24:00.733+0000][950.562s][info ][safepoint     ] Total time for which application threads were stopped: 0.0007718 seconds, Stopping threads took: 0.0002581 seconds
[2024-09-04T12:24:00.862+0000][950.691s][debug][safepoint     ] Safepoint synchronization initiated. (260 threads)
[2024-09-04T12:24:00.862+0000][950.691s][info ][safepoint     ] Application time: 0.1295937 seconds
[2024-09-04T12:24:00.862+0000][950.691s][debug][safepoint     ] ... found polling page return exception at pc = 0x00007ff4a1281df3, stub =0x00007ff498824b00
[2024-09-04T12:24:00.862+0000][950.691s][debug][safepoint     ] ... found polling page return exception at pc = 0x00007ff4a12888dd, stub =0x00007ff498824b00
[2024-09-04T12:24:00.862+0000][950.691s][debug][safepoint     ] ... found polling page return exception at pc = 0x00007ff4a0cbdc72, stub =0x00007ff498824b00
[2024-09-04T12:24:00.863+0000][950.691s][debug][safepoint     ] Waiting for 3 thread(s) to block
[2024-09-04T12:24:00.863+0000][950.692s][info ][safepoint     ] Entering safepoint region: G1CollectForAllocation
[2024-09-04T12:24:00.863+0000][950.692s][info ][gc,start      ] GC(103) Pause Young (Normal) (G1 Evacuation Pause)
[2024-09-04T12:24:00.863+0000][950.692s][info ][gc,task       ] GC(103) Using 4 workers of 4 for evacuation
[2024-09-04T12:24:00.882+0000][950.711s][info ][gc,phases     ] GC(103)   Pre Evacuate Collection Set: 0.1ms
[2024-09-04T12:24:00.882+0000][950.711s][info ][gc,phases     ] GC(103)   Evacuate Collection Set: 6.3ms
[2024-09-04T12:24:00.882+0000][950.711s][info ][gc,phases     ] GC(103)   Post Evacuate Collection Set: 8.8ms
[2024-09-04T12:24:00.882+0000][950.711s][info ][gc,phases     ] GC(103)   Other: 3.5ms
[2024-09-04T12:24:00.882+0000][950.711s][info ][gc,heap       ] GC(103) Eden regions: 191->0(191)
[2024-09-04T12:24:00.882+0000][950.711s][info ][gc,heap       ] GC(103) Survivor regions: 1->1(24)
[2024-09-04T12:24:00.882+0000][950.711s][info ][gc,heap       ] GC(103) Old regions: 175->175
[2024-09-04T12:24:00.882+0000][950.711s][info ][gc,heap       ] GC(103) Humongous regions: 0->0
[2024-09-04T12:24:00.882+0000][950.711s][info ][gc,metaspace  ] GC(103) Metaspace: 181114K(186992K)->181114K(186992K) NonClass: 160211K(163796K)->160211K(163796K) Class: 20903K(23196K)->20903K(23196K)
[2024-09-04T12:24:00.882+0000][950.711s][info ][gc            ] GC(103) Pause Young (Normal) (G1 Evacuation Pause) 364M->173M(412M) 18.792ms
[2024-09-04T12:24:00.882+0000][950.711s][info ][gc,cpu        ] GC(103) User=0.05s Sys=0.01s Real=0.02s
[2024-09-04T12:24:00.882+0000][950.711s][info ][safepoint     ] Leaving safepoint region
[2024-09-04T12:24:00.882+0000][950.711s][info ][safepoint     ] Total time for which application threads were stopped: 0.0200221 seconds, Stopping threads took: 0.0006479 seconds
[2024-09-04T12:24:00.882+0000][950.711s][info ][gc,stringdedup] Concurrent String Deduplication (950.711s)
[2024-09-04T12:24:00.883+0000][950.711s][info ][gc,stringdedup] Concurrent String Deduplication 8256.0B->104.0B(8152.0B) avg 54.7% (950.711s, 950.711s) 0.093ms
[2024-09-04T12:24:01.883+0000][951.711s][debug][safepoint     ] Safepoint synchronization initiated. (260 threads)
[2024-09-04T12:24:01.883+0000][951.711s][info ][safepoint     ] Application time: 1.0002946 seconds
[2024-09-04T12:24:01.883+0000][951.712s][info ][safepoint     ] Entering safepoint region: Cleanup
[2024-09-04T12:24:01.885+0000][951.714s][info ][safepoint     ] Leaving safepoint region
[2024-09-04T12:24:01.885+0000][951.714s][info ][safepoint     ] Total time for which application threads were stopped: 0.0021556 seconds, Stopping threads took: 0.0002572 seconds
[2024-09-04T12:24:02.885+0000][952.714s][debug][safepoint     ] Safepoint synchronization initiated. (260 threads)
[2024-09-04T12:24:02.885+0000][952.714s][info ][safepoint     ] Application time: 1.0002303 seconds
[2024-09-04T12:24:02.885+0000][952.714s][info ][safepoint     ] Entering safepoint region: Cleanup
[2024-09-04T12:24:02.886+0000][952.715s][info ][safepoint     ] Leaving safepoint region
[2024-09-04T12:24:02.886+0000][952.715s][info ][safepoint     ] Total time for which application threads were stopped: 0.0008871 seconds, Stopping threads took: 0.0001411 seconds
[2024-09-04T12:24:03.886+0000][953.715s][debug][safepoint     ] Safepoint synchronization initiated. (260 threads)
[2024-09-04T12:24:03.886+0000][953.715s][info ][safepoint     ] Application time: 1.0002498 seconds
[2024-09-04T12:24:03.886+0000][953.715s][debug][safepoint     ] ... found polling page return exception at pc = 0x00007ff4a0ca7143, stub =0x00007ff498824b00
[2024-09-04T12:24:03.887+0000][953.715s][debug][safepoint     ] Waiting for 1 thread(s) to block
[2024-09-04T12:24:03.887+0000][953.716s][info ][safepoint     ] Entering safepoint region: Cleanup
[2024-09-04T12:24:03.887+0000][953.716s][info ][safepoint     ] Leaving safepoint region
[2024-09-04T12:24:03.887+0000][953.716s][info ][safepoint     ] Total time for which application threads were stopped: 0.0010195 seconds, Stopping threads took: 0.0004971 seconds
[2024-09-04T12:24:03.887+0000][953.716s][debug][safepoint     ] ... found polling page return exception at pc = 0x00007ff4a131ffd6, stub =0x00007ff498824b00
[2024-09-04T12:24:04.888+0000][954.716s][debug][safepoint     ] Safepoint synchronization initiated. (260 threads)
[2024-09-04T12:24:04.888+0000][954.717s][info ][safepoint     ] Application time: 1.0003534 seconds
[2024-09-04T12:24:04.888+0000][954.717s][info ][safepoint     ] Entering safepoint region: Cleanup
[2024-09-04T12:24:04.889+0000][954.717s][info ][safepoint     ] Leaving safepoint region
[2024-09-04T12:24:04.889+0000][954.717s][info ][safepoint     ] Total time for which application threads were stopped: 0.0008093 seconds, Stopping threads took: 0.0002265 seconds
[2024-09-04T12:24:05.889+0000][955.718s][debug][safepoint     ] Safepoint synchronization initiated. (260 threads)
[2024-09-04T12:24:05.889+0000][955.718s][info ][safepoint     ] Application time: 1.0003350 seconds
[2024-09-04T12:24:05.889+0000][955.718s][info ][safepoint     ] Entering safepoint region: Cleanup
[2024-09-04T12:24:05.890+0000][955.719s][info ][safepoint     ] Leaving safepoint region
[2024-09-04T12:24:05.890+0000][955.719s][info ][safepoint     ] Total time for which application threads were stopped: 0.0010398 seconds, Stopping threads took: 0.0002082 seconds
[2024-09-04T12:24:06.890+0000][956.719s][debug][safepoint     ] Safepoint synchronization initiated. (260 threads)
[2024-09-04T12:24:06.890+0000][956.719s][info ][safepoint     ] Application time: 1.0003244 seconds
[2024-09-04T12:24:06.891+0000][956.719s][info ][safepoint     ] Entering safepoint region: Cleanup
[2024-09-04T12:24:06.891+0000][956.720s][info ][safepoint     ] Leaving safepoint region
[2024-09-04T12:24:06.891+0000][956.720s][info ][safepoint     ] Total time for which application threads were stopped: 0.0006326 seconds, Stopping threads took: 0.0001725 seconds
[2024-09-04T12:24:07.891+0000][957.720s][debug][safepoint     ] Safepoint synchronization initiated. (260 threads)
[2024-09-04T12:24:07.891+0000][957.720s][info ][safepoint     ] Application time: 1.0003833 seconds
[2024-09-04T12:24:07.892+0000][957.720s][info ][safepoint     ] Entering safepoint region: Cleanup
[2024-09-04T12:24:07.893+0000][957.721s][info ][safepoint     ] Leaving safepoint region
[2024-09-04T12:24:07.893+0000][957.721s][info ][safepoint     ] Total time for which application threads were stopped: 0.0011159 seconds, Stopping threads took: 0.0002809 seconds
[2024-09-04T12:24:08.893+0000][958.722s][debug][safepoint     ] Safepoint synchronization initiated. (260 threads)
[2024-09-04T12:24:08.893+0000][958.722s][info ][safepoint     ] Application time: 1.0003268 seconds
[2024-09-04T12:24:08.893+0000][958.722s][info ][safepoint     ] Entering safepoint region: Cleanup
[2024-09-04T12:24:08.894+0000][958.723s][info ][safepoint     ] Leaving safepoint region
[2024-09-04T12:24:08.894+0000][958.723s][info ][safepoint     ] Total time for which application threads were stopped: 0.0009260 seconds, Stopping threads took: 0.0002139 seconds
[2024-09-04T12:24:09.894+0000][959.723s][debug][safepoint     ] Safepoint synchronization initiated. (260 threads)
[2024-09-04T12:24:09.894+0000][959.723s][info ][safepoint     ] Application time: 1.0003368 seconds
[2024-09-04T12:24:09.894+0000][959.723s][info ][safepoint     ] Entering safepoint region: Cleanup
[2024-09-04T12:24:09.895+0000][959.724s][info ][safepoint     ] Leaving safepoint region
[2024-09-04T12:24:09.895+0000][959.724s][info ][safepoint     ] Total time for which application threads were stopped: 0.0008638 seconds, Stopping threads took: 0.0002466 seconds
[2024-09-04T12:24:10.895+0000][960.724s][debug][safepoint     ] Safepoint synchronization initiated. (260 threads)
[2024-09-04T12:24:10.895+0000][960.724s][info ][safepoint     ] Application time: 1.0002627 seconds
[2024-09-04T12:24:10.896+0000][960.724s][info ][safepoint     ] Entering safepoint region: Cleanup
[2024-09-04T12:24:10.896+0000][960.725s][info ][safepoint     ] Leaving safepoint region
[2024-09-04T12:24:10.896+0000][960.725s][info ][safepoint     ] Total time for which application threads were stopped: 0.0008998 seconds, Stopping threads took: 0.0001982 seconds
[2024-09-04T12:24:11.897+0000][961.725s][debug][safepoint     ] Safepoint synchronization initiated. (260 threads)
[2024-09-04T12:24:11.897+0000][961.725s][info ][safepoint     ] Application time: 1.0002946 seconds
[2024-09-04T12:24:11.897+0000][961.726s][info ][safepoint     ] Entering safepoint region: Cleanup
[2024-09-04T12:24:11.898+0000][961.726s][info ][safepoint     ] Leaving safepoint region
[2024-09-04T12:24:11.898+0000][961.726s][info ][safepoint     ] Total time for which application threads were stopped: 0.0008808 seconds, Stopping threads took: 0.0002203 seconds
[2024-09-04T12:24:12.898+0000][962.727s][debug][safepoint     ] Safepoint synchronization initiated. (260 threads)
[2024-09-04T12:24:12.898+0000][962.727s][info ][safepoint     ] Application time: 1.0003503 seconds
[2024-09-04T12:24:12.898+0000][962.727s][info ][safepoint     ] Entering safepoint region: Cleanup
[2024-09-04T12:24:12.899+0000][962.728s][info ][safepoint     ] Leaving safepoint region
[2024-09-04T12:24:12.899+0000][962.728s][info ][safepoint     ] Total time for which application threads were stopped: 0.0011033 seconds, Stopping threads took: 0.0002612 seconds
[2024-09-04T12:24:13.899+0000][963.728s][debug][safepoint     ] Safepoint synchronization initiated. (260 threads)
[2024-09-04T12:24:13.899+0000][963.728s][info ][safepoint     ] Application time: 1.0002162 seconds
[2024-09-04T12:24:13.899+0000][963.728s][info ][safepoint     ] Entering safepoint region: Cleanup
[2024-09-04T12:24:13.900+0000][963.729s][info ][safepoint     ] Leaving safepoint region
[2024-09-04T12:24:13.900+0000][963.729s][info ][safepoint     ] Total time for which application threads were stopped: 0.0009652 seconds, Stopping threads took: 0.0001387 seconds
[2024-09-04T12:24:13.900+0000][963.729s][debug][safepoint     ] ... found polling page loop exception at pc = 0x00007ff4a1317510, stub =0x00007ff498826680
[2024-09-04T12:24:13.900+0000][963.729s][debug][safepoint     ] ... found polling page return exception at pc = 0x00007ff4a131ffd6, stub =0x00007ff498824b00
[2024-09-04T12:24:14.901+0000][964.729s][debug][safepoint     ] Safepoint synchronization initiated. (260 threads)
[2024-09-04T12:24:14.901+0000][964.729s][info ][safepoint     ] Application time: 1.0003556 seconds
[2024-09-04T12:24:14.901+0000][964.730s][info ][safepoint     ] Entering safepoint region: Cleanup
[2024-09-04T12:24:14.902+0000][964.731s][info ][safepoint     ] Leaving safepoint region
[2024-09-04T12:24:14.902+0000][964.731s][info ][safepoint     ] Total time for which application threads were stopped: 0.0010555 seconds, Stopping threads took: 0.0002808 seconds
[2024-09-04T12:24:15.902+0000][965.731s][debug][safepoint     ] Safepoint synchronization initiated. (260 threads)
[2024-09-04T12:24:15.902+0000][965.731s][info ][safepoint     ] Application time: 1.0003651 seconds
[2024-09-04T12:24:15.902+0000][965.731s][info ][safepoint     ] Entering safepoint region: Cleanup
[2024-09-04T12:24:15.904+0000][965.733s][info ][safepoint     ] Leaving safepoint region
[2024-09-04T12:24:15.904+0000][965.733s][info ][safepoint     ] Total time for which application threads were stopped: 0.0018884 seconds, Stopping threads took: 0.0002557 seconds
[2024-09-04T12:24:16.904+0000][966.733s][debug][safepoint     ] Safepoint synchronization initiated. (260 threads)
[2024-09-04T12:24:16.904+0000][966.733s][info ][safepoint     ] Application time: 1.0003293 seconds
[2024-09-04T12:24:16.905+0000][966.734s][info ][safepoint     ] Entering safepoint region: Cleanup
[2024-09-04T12:24:16.905+0000][966.734s][info ][safepoint     ] Leaving safepoint region
[2024-09-04T12:24:16.905+0000][966.734s][info ][safepoint     ] Total time for which application threads were stopped: 0.0009374 seconds, Stopping threads took: 0.0003238 seconds
[2024-09-04T12:24:16.905+0000][966.734s][debug][safepoint     ] ... found polling page return exception at pc = 0x00007ff4a131ffd6, stub =0x00007ff498824b00
[2024-09-04T12:24:17.906+0000][967.734s][debug][safepoint     ] Safepoint synchronization initiated. (260 threads)
[2024-09-04T12:24:17.906+0000][967.734s][info ][safepoint     ] Application time: 1.0002478 seconds
[2024-09-04T12:24:17.906+0000][967.735s][info ][safepoint     ] Entering safepoint region: Cleanup
[2024-09-04T12:24:17.907+0000][967.735s][info ][safepoint     ] Leaving safepoint region
[2024-09-04T12:24:17.907+0000][967.735s][info ][safepoint     ] Total time for which application threads were stopped: 0.0007875 seconds, Stopping threads took: 0.0001736 seconds
[2024-09-04T12:24:18.907+0000][968.735s][debug][safepoint     ] Safepoint synchronization initiated. (260 threads)
[2024-09-04T12:24:18.907+0000][968.736s][info ][safepoint     ] Application time: 1.0002451 seconds
[2024-09-04T12:24:18.907+0000][968.736s][info ][safepoint     ] Entering safepoint region: Cleanup
[2024-09-04T12:24:18.908+0000][968.736s][info ][safepoint     ] Leaving safepoint region
[2024-09-04T12:24:18.908+0000][968.736s][info ][safepoint     ] Total time for which application threads were stopped: 0.0007917 seconds, Stopping threads took: 0.0001938 seconds
[2024-09-04T12:24:19.908+0000][969.737s][debug][safepoint     ] Safepoint synchronization initiated. (260 threads)
[2024-09-04T12:24:19.908+0000][969.737s][info ][safepoint     ] Application time: 1.0001796 seconds
[2024-09-04T12:24:19.908+0000][969.737s][info ][safepoint     ] Entering safepoint region: Cleanup
[2024-09-04T12:24:19.908+0000][969.737s][info ][safepoint     ] Leaving safepoint region
[2024-09-04T12:24:19.908+0000][969.737s][info ][safepoint     ] Total time for which application threads were stopped: 0.0005348 seconds, Stopping threads took: 0.0001620 seconds
[2024-09-04T12:24:20.909+0000][970.737s][debug][safepoint     ] Safepoint synchronization initiated. (260 threads)
[2024-09-04T12:24:20.909+0000][970.737s][info ][safepoint     ] Application time: 1.0001736 seconds
[2024-09-04T12:24:20.909+0000][970.737s][info ][safepoint     ] Entering safepoint region: Cleanup
[2024-09-04T12:24:20.909+0000][970.738s][info ][safepoint     ] Leaving safepoint region
[2024-09-04T12:24:20.909+0000][970.738s][info ][safepoint     ] Total time for which application threads were stopped: 0.0005656 seconds, Stopping threads took: 0.0001520 seconds
[2024-09-04T12:24:21.909+0000][971.738s][debug][safepoint     ] Safepoint synchronization initiated. (260 threads)
[2024-09-04T12:24:21.910+0000][971.738s][info ][safepoint     ] Application time: 1.0003891 seconds
[2024-09-04T12:24:21.910+0000][971.739s][info ][safepoint     ] Entering safepoint region: Cleanup
[2024-09-04T12:24:21.910+0000][971.739s][info ][safepoint     ] Leaving safepoint region
[2024-09-04T12:24:21.910+0000][971.739s][info ][safepoint     ] Total time for which application threads were stopped: 0.0008446 seconds, Stopping threads took: 0.0002698 seconds
[2024-09-04T12:24:22.911+0000][972.739s][debug][safepoint     ] Safepoint synchronization initiated. (260 threads)
[2024-09-04T12:24:22.911+0000][972.739s][info ][safepoint     ] Application time: 1.0002140 seconds
[2024-09-04T12:24:22.911+0000][972.740s][info ][safepoint     ] Entering safepoint region: Cleanup
[2024-09-04T12:24:22.911+0000][972.740s][info ][safepoint     ] Leaving safepoint region
[2024-09-04T12:24:22.911+0000][972.740s][info ][safepoint     ] Total time for which application threads were stopped: 0.0007922 seconds, Stopping threads took: 0.0001826 seconds
[2024-09-04T12:24:23.912+0000][973.740s][debug][safepoint     ] Safepoint synchronization initiated. (260 threads)
[2024-09-04T12:24:23.912+0000][973.740s][info ][safepoint     ] Application time: 1.0001862 seconds
[2024-09-04T12:24:23.912+0000][973.741s][info ][safepoint     ] Entering safepoint region: Cleanup
[2024-09-04T12:24:23.912+0000][973.741s][info ][safepoint     ] Leaving safepoint region
[2024-09-04T12:24:23.912+0000][973.741s][info ][safepoint     ] Total time for which application threads were stopped: 0.0006421 seconds, Stopping threads took: 0.0001774 seconds
[2024-09-04T12:24:24.913+0000][974.741s][debug][safepoint     ] Safepoint synchronization initiated. (260 threads)
[2024-09-04T12:24:24.913+0000][974.741s][info ][safepoint     ] Application time: 1.0003063 seconds
[2024-09-04T12:24:24.913+0000][974.742s][info ][safepoint     ] Entering safepoint region: Cleanup
[2024-09-04T12:24:24.914+0000][974.743s][info ][safepoint     ] Leaving safepoint region
[2024-09-04T12:24:24.914+0000][974.743s][info ][safepoint     ] Total time for which application threads were stopped: 0.0012883 seconds, Stopping threads took: 0.0005161 seconds
[2024-09-04T12:24:25.914+0000][975.743s][debug][safepoint     ] Safepoint synchronization initiated. (260 threads)
[2024-09-04T12:24:25.914+0000][975.743s][info ][safepoint     ] Application time: 1.0002343 seconds
[2024-09-04T12:24:25.914+0000][975.743s][info ][safepoint     ] Entering safepoint region: Cleanup
[2024-09-04T12:24:25.915+0000][975.744s][info ][safepoint     ] Leaving safepoint region
[2024-09-04T12:24:25.915+0000][975.744s][info ][safepoint     ] Total time for which application threads were stopped: 0.0008349 seconds, Stopping threads took: 0.0002355 seconds
[2024-09-04T12:24:26.915+0000][976.744s][debug][safepoint     ] Safepoint synchronization initiated. (260 threads)
[2024-09-04T12:24:26.915+0000][976.744s][info ][safepoint     ] Application time: 1.0002616 seconds
[2024-09-04T12:24:26.916+0000][976.744s][info ][safepoint     ] Entering safepoint region: Cleanup
[2024-09-04T12:24:26.916+0000][976.745s][info ][safepoint     ] Leaving safepoint region
[2024-09-04T12:24:26.916+0000][976.745s][info ][safepoint     ] Total time for which application threads were stopped: 0.0006359 seconds, Stopping threads took: 0.0001863 seconds
[2024-09-04T12:24:27.916+0000][977.745s][debug][safepoint     ] Safepoint synchronization initiated. (260 threads)
[2024-09-04T12:24:27.916+0000][977.745s][info ][safepoint     ] Application time: 1.0002950 seconds
[2024-09-04T12:24:27.917+0000][977.745s][info ][safepoint     ] Entering safepoint region: Cleanup
[2024-09-04T12:24:27.917+0000][977.746s][info ][safepoint     ] Leaving safepoint region
[2024-09-04T12:24:27.917+0000][977.746s][info ][safepoint     ] Total time for which application threads were stopped: 0.0007846 seconds, Stopping threads took: 0.0001964 seconds
[2024-09-04T12:24:28.918+0000][978.746s][debug][safepoint     ] Safepoint synchronization initiated. (260 threads)
[2024-09-04T12:24:28.918+0000][978.746s][info ][safepoint     ] Application time: 1.0004230 seconds
[2024-09-04T12:24:28.918+0000][978.747s][info ][safepoint     ] Entering safepoint region: Cleanup
[2024-09-04T12:24:28.919+0000][978.747s][info ][safepoint     ] Leaving safepoint region
[2024-09-04T12:24:28.919+0000][978.747s][info ][safepoint     ] Total time for which application threads were stopped: 0.0009323 seconds, Stopping threads took: 0.0002808 seconds
[2024-09-04T12:24:29.794+0000][979.623s][debug][safepoint     ] Safepoint synchronization initiated. (260 threads)
[2024-09-04T12:24:29.794+0000][979.623s][info ][safepoint     ] Application time: 0.8754056 seconds
[2024-09-04T12:24:29.794+0000][979.623s][info ][safepoint     ] Entering safepoint region: G1CollectForAllocation
[2024-09-04T12:24:29.795+0000][979.623s][info ][gc,start      ] GC(104) Pause Young (Normal) (G1 Evacuation Pause)
[2024-09-04T12:24:29.795+0000][979.623s][info ][gc,task       ] GC(104) Using 4 workers of 4 for evacuation
[2024-09-04T12:24:29.807+0000][979.636s][info ][gc,phases     ] GC(104)   Pre Evacuate Collection Set: 0.4ms
[2024-09-04T12:24:29.807+0000][979.636s][info ][gc,phases     ] GC(104)   Evacuate Collection Set: 4.1ms
[2024-09-04T12:24:29.807+0000][979.636s][info ][gc,phases     ] GC(104)   Post Evacuate Collection Set: 7.3ms
[2024-09-04T12:24:29.807+0000][979.636s][info ][gc,phases     ] GC(104)   Other: 0.8ms
[2024-09-04T12:24:29.807+0000][979.636s][info ][gc,heap       ] GC(104) Eden regions: 191->0(191)
[2024-09-04T12:24:29.807+0000][979.636s][info ][gc,heap       ] GC(104) Survivor regions: 1->1(24)
[2024-09-04T12:24:29.807+0000][979.636s][info ][gc,heap       ] GC(104) Old regions: 175->175
[2024-09-04T12:24:29.807+0000][979.636s][info ][gc,heap       ] GC(104) Humongous regions: 0->0
[2024-09-04T12:24:29.807+0000][979.636s][info ][gc,metaspace  ] GC(104) Metaspace: 181128K(186992K)->181128K(186992K) NonClass: 160225K(163796K)->160225K(163796K) Class: 20903K(23196K)->20903K(23196K)
[2024-09-04T12:24:29.807+0000][979.636s][info ][gc            ] GC(104) Pause Young (Normal) (G1 Evacuation Pause) 364M->173M(412M) 12.749ms
[2024-09-04T12:24:29.807+0000][979.636s][info ][gc,cpu        ] GC(104) User=0.04s Sys=0.00s Real=0.01s
[2024-09-04T12:24:29.808+0000][979.636s][info ][safepoint     ] Leaving safepoint region
[2024-09-04T12:24:29.808+0000][979.636s][info ][safepoint     ] Total time for which application threads were stopped: 0.0136090 seconds, Stopping threads took: 0.0001438 seconds
[2024-09-04T12:24:29.808+0000][979.636s][info ][gc,stringdedup] Concurrent String Deduplication (979.636s)
[2024-09-04T12:24:29.808+0000][979.637s][info ][gc,stringdedup] Concurrent String Deduplication 0.0B->0.0B(0.0B) avg 54.7% (979.636s, 979.636s) 0.065ms
[2024-09-04T12:24:30.808+0000][980.637s][debug][safepoint     ] Safepoint synchronization initiated. (260 threads)
[2024-09-04T12:24:30.808+0000][980.637s][info ][safepoint     ] Application time: 1.0002732 seconds
[2024-09-04T12:24:30.808+0000][980.637s][info ][safepoint     ] Entering safepoint region: Cleanup
[2024-09-04T12:24:30.810+0000][980.639s][info ][safepoint     ] Leaving safepoint region
[2024-09-04T12:24:30.810+0000][980.639s][info ][safepoint     ] Total time for which application threads were stopped: 0.0019021 seconds, Stopping threads took: 0.0002086 seconds
[2024-09-04T12:24:31.810+0000][981.639s][debug][safepoint     ] Safepoint synchronization initiated. (260 threads)
[2024-09-04T12:24:31.810+0000][981.639s][info ][safepoint     ] Application time: 1.0002412 seconds
[2024-09-04T12:24:31.810+0000][981.639s][info ][safepoint     ] Entering safepoint region: Cleanup
[2024-09-04T12:24:31.811+0000][981.640s][info ][safepoint     ] Leaving safepoint region
[2024-09-04T12:24:31.811+0000][981.640s][info ][safepoint     ] Total time for which application threads were stopped: 0.0011641 seconds, Stopping threads took: 0.0004058 seconds
[2024-09-04T12:24:31.811+0000][981.640s][debug][safepoint     ] ... found polling page return exception at pc = 0x00007ff4a131ffd6, stub =0x00007ff498824b00
[2024-09-04T12:24:31.811+0000][981.640s][debug][safepoint     ] ... found polling page return exception at pc = 0x00007ff4a131ffd6, stub =0x00007ff498824b00
[2024-09-04T12:24:31.811+0000][981.640s][debug][safepoint     ] ... found polling page return exception at pc = 0x00007ff4a131ffd6, stub =0x00007ff498824b00
[2024-09-04T12:24:32.812+0000][982.640s][debug][safepoint     ] Safepoint synchronization initiated. (260 threads)
[2024-09-04T12:24:32.812+0000][982.640s][info ][safepoint     ] Application time: 1.0003051 seconds
[2024-09-04T12:24:32.812+0000][982.641s][info ][safepoint     ] Entering safepoint region: Cleanup
[2024-09-04T12:24:32.812+0000][982.641s][info ][safepoint     ] Leaving safepoint region
[2024-09-04T12:24:32.812+0000][982.641s][info ][safepoint     ] Total time for which application threads were stopped: 0.0006311 seconds, Stopping threads took: 0.0001830 seconds
[2024-09-04T12:24:33.812+0000][983.641s][debug][safepoint     ] Safepoint synchronization initiated. (260 threads)
[2024-09-04T12:24:33.813+0000][983.641s][info ][safepoint     ] Application time: 1.0002913 seconds
[2024-09-04T12:24:33.813+0000][983.642s][info ][safepoint     ] Entering safepoint region: Cleanup
[2024-09-04T12:24:33.814+0000][983.642s][info ][safepoint     ] Leaving safepoint region
[2024-09-04T12:24:33.814+0000][983.642s][info ][safepoint     ] Total time for which application threads were stopped: 0.0010054 seconds, Stopping threads took: 0.0002301 seconds
[2024-09-04T12:24:34.814+0000][984.643s][debug][safepoint     ] Safepoint synchronization initiated. (260 threads)
[2024-09-04T12:24:34.815+0000][984.644s][info ][safepoint     ] Application time: 1.0015204 seconds
[2024-09-04T12:24:34.815+0000][984.644s][info ][safepoint     ] Entering safepoint region: Cleanup
[2024-09-04T12:24:34.816+0000][984.645s][info ][safepoint     ] Leaving safepoint region
[2024-09-04T12:24:34.816+0000][984.645s][info ][safepoint     ] Total time for which application threads were stopped: 0.0006912 seconds, Stopping threads took: 0.0001750 seconds
[2024-09-04T12:24:35.816+0000][985.645s][debug][safepoint     ] Safepoint synchronization initiated. (260 threads)
[2024-09-04T12:24:35.816+0000][985.645s][info ][safepoint     ] Application time: 1.0003321 seconds
[2024-09-04T12:24:35.816+0000][985.645s][info ][safepoint     ] Entering safepoint region: Cleanup
[2024-09-04T12:24:35.817+0000][985.646s][info ][safepoint     ] Leaving safepoint region
[2024-09-04T12:24:35.817+0000][985.646s][info ][safepoint     ] Total time for which application threads were stopped: 0.0010199 seconds, Stopping threads took: 0.0002540 seconds
[2024-09-04T12:24:36.818+0000][986.646s][debug][safepoint     ] Safepoint synchronization initiated. (260 threads)
[2024-09-04T12:24:36.818+0000][986.646s][info ][safepoint     ] Application time: 1.0002886 seconds
[2024-09-04T12:24:36.818+0000][986.647s][info ][safepoint     ] Entering safepoint region: Cleanup
[2024-09-04T12:24:36.818+0000][986.647s][info ][safepoint     ] Leaving safepoint region
[2024-09-04T12:24:36.818+0000][986.647s][info ][safepoint     ] Total time for which application threads were stopped: 0.0006136 seconds, Stopping threads took: 0.0002129 seconds
[2024-09-04T12:24:37.818+0000][987.647s][debug][safepoint     ] Safepoint synchronization initiated. (260 threads)
[2024-09-04T12:24:37.818+0000][987.647s][info ][safepoint     ] Application time: 1.0002548 seconds
[2024-09-04T12:24:37.819+0000][987.647s][debug][safepoint     ] ... found polling page return exception at pc = 0x00007ff4a0ee1b9f, stub =0x00007ff498824b00
[2024-09-04T12:24:37.819+0000][987.648s][debug][safepoint     ] Waiting for 1 thread(s) to block
[2024-09-04T12:24:37.819+0000][987.648s][info ][safepoint     ] Entering safepoint region: Cleanup
[2024-09-04T12:24:37.820+0000][987.648s][info ][safepoint     ] Leaving safepoint region
[2024-09-04T12:24:37.820+0000][987.648s][info ][safepoint     ] Total time for which application threads were stopped: 0.0010705 seconds, Stopping threads took: 0.0004862 seconds
[2024-09-04T12:24:38.820+0000][988.649s][debug][safepoint     ] Safepoint synchronization initiated. (260 threads)
[2024-09-04T12:24:38.820+0000][988.649s][info ][safepoint     ] Application time: 1.0002546 seconds
[2024-09-04T12:24:38.820+0000][988.649s][info ][safepoint     ] Entering safepoint region: Cleanup
[2024-09-04T12:24:38.820+0000][988.649s][info ][safepoint     ] Leaving safepoint region
[2024-09-04T12:24:38.821+0000][988.649s][info ][safepoint     ] Total time for which application threads were stopped: 0.0006581 seconds, Stopping threads took: 0.0001719 seconds
[2024-09-04T12:24:39.821+0000][989.650s][debug][safepoint     ] Safepoint synchronization initiated. (260 threads)
[2024-09-04T12:24:39.821+0000][989.650s][info ][safepoint     ] Application time: 1.0004986 seconds
[2024-09-04T12:24:39.821+0000][989.650s][info ][safepoint     ] Entering safepoint region: Cleanup
[2024-09-04T12:24:39.822+0000][989.651s][info ][safepoint     ] Leaving safepoint region
[2024-09-04T12:24:39.822+0000][989.651s][info ][safepoint     ] Total time for which application threads were stopped: 0.0007650 seconds, Stopping threads took: 0.0002451 seconds
[2024-09-04T12:24:40.822+0000][990.651s][debug][safepoint     ] Safepoint synchronization initiated. (260 threads)
[2024-09-04T12:24:40.822+0000][990.651s][info ][safepoint     ] Application time: 1.0002618 seconds
[2024-09-04T12:24:40.822+0000][990.651s][info ][safepoint     ] Entering safepoint region: Cleanup
[2024-09-04T12:24:40.823+0000][990.651s][info ][safepoint     ] Leaving safepoint region
[2024-09-04T12:24:40.823+0000][990.651s][info ][safepoint     ] Total time for which application threads were stopped: 0.0006110 seconds, Stopping threads took: 0.0001964 seconds
[2024-09-04T12:24:41.823+0000][991.652s][debug][safepoint     ] Safepoint synchronization initiated. (260 threads)
[2024-09-04T12:24:41.823+0000][991.652s][info ][safepoint     ] Application time: 1.0002072 seconds
[2024-09-04T12:24:41.823+0000][991.652s][debug][safepoint     ] ... found polling page return exception at pc = 0x00007ff4a0cbdc72, stub =0x00007ff498824b00
[2024-09-04T12:24:41.823+0000][991.652s][debug][safepoint     ] ... found polling page return exception at pc = 0x00007ff4a0699419, stub =0x00007ff498824b00
[2024-09-04T12:24:41.823+0000][991.652s][debug][safepoint     ] ... found polling page return exception at pc = 0x00007ff4a0699419, stub =0x00007ff498824b00
[2024-09-04T12:24:41.823+0000][991.652s][debug][safepoint     ] Waiting for 3 thread(s) to block
[2024-09-04T12:24:41.823+0000][991.652s][info ][safepoint     ] Entering safepoint region: Cleanup
[2024-09-04T12:24:41.824+0000][991.653s][info ][safepoint     ] Leaving safepoint region
[2024-09-04T12:24:41.824+0000][991.653s][info ][safepoint     ] Total time for which application threads were stopped: 0.0010338 seconds, Stopping threads took: 0.0005353 seconds
[2024-09-04T12:24:42.824+0000][992.653s][debug][safepoint     ] Safepoint synchronization initiated. (260 threads)
[2024-09-04T12:24:42.824+0000][992.653s][info ][safepoint     ] Application time: 1.0002985 seconds
[2024-09-04T12:24:42.825+0000][992.653s][info ][safepoint     ] Entering safepoint region: Cleanup
[2024-09-04T12:24:42.825+0000][992.654s][info ][safepoint     ] Leaving safepoint region
[2024-09-04T12:24:42.825+0000][992.654s][info ][safepoint     ] Total time for which application threads were stopped: 0.0009799 seconds, Stopping threads took: 0.0002399 seconds
[2024-09-04T12:24:43.826+0000][993.654s][debug][safepoint     ] Safepoint synchronization initiated. (260 threads)
[2024-09-04T12:24:43.826+0000][993.655s][info ][safepoint     ] Application time: 1.0003375 seconds
[2024-09-04T12:24:43.826+0000][993.655s][info ][safepoint     ] Entering safepoint region: Cleanup
[2024-09-04T12:24:43.826+0000][993.655s][info ][safepoint     ] Leaving safepoint region
[2024-09-04T12:24:43.827+0000][993.655s][info ][safepoint     ] Total time for which application threads were stopped: 0.0007230 seconds, Stopping threads took: 0.0002128 seconds
[2024-09-04T12:24:44.827+0000][994.655s][debug][safepoint     ] Safepoint synchronization initiated. (260 threads)
[2024-09-04T12:24:44.827+0000][994.656s][info ][safepoint     ] Application time: 1.0002972 seconds
[2024-09-04T12:24:44.827+0000][994.656s][info ][safepoint     ] Entering safepoint region: Cleanup
[2024-09-04T12:24:44.827+0000][994.656s][info ][safepoint     ] Leaving safepoint region
[2024-09-04T12:24:44.827+0000][994.656s][info ][safepoint     ] Total time for which application threads were stopped: 0.0004728 seconds, Stopping threads took: 0.0001491 seconds
[2024-09-04T12:24:45.827+0000][995.656s][debug][safepoint     ] Safepoint synchronization initiated. (260 threads)
[2024-09-04T12:24:45.828+0000][995.656s][info ][safepoint     ] Application time: 1.0002698 seconds
[2024-09-04T12:24:45.828+0000][995.657s][info ][safepoint     ] Entering safepoint region: Cleanup
[2024-09-04T12:24:45.828+0000][995.657s][info ][safepoint     ] Leaving safepoint region
[2024-09-04T12:24:45.829+0000][995.657s][info ][safepoint     ] Total time for which application threads were stopped: 0.0009011 seconds, Stopping threads took: 0.0002492 seconds
[2024-09-04T12:24:46.829+0000][996.658s][debug][safepoint     ] Safepoint synchronization initiated. (260 threads)
[2024-09-04T12:24:46.829+0000][996.658s][info ][safepoint     ] Application time: 1.0003566 seconds
[2024-09-04T12:24:46.829+0000][996.658s][info ][safepoint     ] Entering safepoint region: Cleanup
[2024-09-04T12:24:46.830+0000][996.659s][info ][safepoint     ] Leaving safepoint region
[2024-09-04T12:24:46.830+0000][996.659s][info ][safepoint     ] Total time for which application threads were stopped: 0.0010302 seconds, Stopping threads took: 0.0002457 seconds
[2024-09-04T12:24:47.830+0000][997.659s][debug][safepoint     ] Safepoint synchronization initiated. (260 threads)
[2024-09-04T12:24:47.830+0000][997.659s][info ][safepoint     ] Application time: 1.0001903 seconds
[2024-09-04T12:24:47.830+0000][997.659s][info ][safepoint     ] Entering safepoint region: Cleanup
[2024-09-04T12:24:47.831+0000][997.659s][info ][safepoint     ] Leaving safepoint region
[2024-09-04T12:24:47.831+0000][997.659s][info ][safepoint     ] Total time for which application threads were stopped: 0.0005229 seconds, Stopping threads took: 0.0001499 seconds
[2024-09-04T12:24:48.831+0000][998.660s][debug][safepoint     ] Safepoint synchronization initiated. (260 threads)
[2024-09-04T12:24:48.831+0000][998.660s][info ][safepoint     ] Application time: 1.0003599 seconds
[2024-09-04T12:24:48.831+0000][998.660s][info ][safepoint     ] Entering safepoint region: Cleanup
[2024-09-04T12:24:48.832+0000][998.661s][info ][safepoint     ] Leaving safepoint region
[2024-09-04T12:24:48.832+0000][998.661s][info ][safepoint     ] Total time for which application threads were stopped: 0.0009191 seconds, Stopping threads took: 0.0002171 seconds
[2024-09-04T12:24:49.832+0000][999.661s][debug][safepoint     ] Safepoint synchronization initiated. (260 threads)
[2024-09-04T12:24:49.832+0000][999.661s][info ][safepoint     ] Application time: 1.0002462 seconds
[2024-09-04T12:24:49.832+0000][999.661s][info ][safepoint     ] Entering safepoint region: Cleanup
[2024-09-04T12:24:49.833+0000][999.662s][info ][safepoint     ] Leaving safepoint region
[2024-09-04T12:24:49.833+0000][999.662s][info ][safepoint     ] Total time for which application threads were stopped: 0.0006046 seconds, Stopping threads took: 0.0001383 seconds
[2024-09-04T12:24:50.833+0000][1000.662s][debug][safepoint     ] Safepoint synchronization initiated. (260 threads)
[2024-09-04T12:24:50.833+0000][1000.662s][info ][safepoint     ] Application time: 1.0001886 seconds
[2024-09-04T12:24:50.833+0000][1000.662s][info ][safepoint     ] Entering safepoint region: Cleanup
[2024-09-04T12:24:50.834+0000][1000.663s][info ][safepoint     ] Leaving safepoint region
[2024-09-04T12:24:50.834+0000][1000.663s][info ][safepoint     ] Total time for which application threads were stopped: 0.0006777 seconds, Stopping threads took: 0.0001983 seconds
[2024-09-04T12:24:51.834+0000][1001.663s][debug][safepoint     ] Safepoint synchronization initiated. (260 threads)
[2024-09-04T12:24:51.834+0000][1001.663s][info ][safepoint     ] Application time: 1.0003403 seconds
[2024-09-04T12:24:51.834+0000][1001.663s][info ][safepoint     ] Entering safepoint region: Cleanup
[2024-09-04T12:24:51.835+0000][1001.664s][info ][safepoint     ] Leaving safepoint region
[2024-09-04T12:24:51.835+0000][1001.664s][debug][safepoint     ] ... found polling page return exception at pc = 0x00007ff4a131ffd6, stub =0x00007ff498824b00
[2024-09-04T12:24:51.835+0000][1001.664s][info ][safepoint     ] Total time for which application threads were stopped: 0.0007162 seconds, Stopping threads took: 0.0001710 seconds
[2024-09-04T12:24:52.835+0000][1002.664s][debug][safepoint     ] Safepoint synchronization initiated. (260 threads)
[2024-09-04T12:24:52.835+0000][1002.664s][info ][safepoint     ] Application time: 1.0003580 seconds
[2024-09-04T12:24:52.836+0000][1002.664s][info ][safepoint     ] Entering safepoint region: Cleanup
[2024-09-04T12:24:52.836+0000][1002.665s][info ][safepoint     ] Leaving safepoint region
[2024-09-04T12:24:52.836+0000][1002.665s][info ][safepoint     ] Total time for which application threads were stopped: 0.0008897 seconds, Stopping threads took: 0.0001942 seconds
[2024-09-04T12:24:53.837+0000][1003.665s][debug][safepoint     ] Safepoint synchronization initiated. (260 threads)
[2024-09-04T12:24:53.837+0000][1003.665s][info ][safepoint     ] Application time: 1.0003025 seconds
[2024-09-04T12:24:53.837+0000][1003.666s][info ][safepoint     ] Entering safepoint region: Cleanup
[2024-09-04T12:24:53.837+0000][1003.666s][info ][safepoint     ] Leaving safepoint region
[2024-09-04T12:24:53.837+0000][1003.666s][info ][safepoint     ] Total time for which application threads were stopped: 0.0006037 seconds, Stopping threads took: 0.0001575 seconds
[2024-09-04T12:24:54.838+0000][1004.666s][debug][safepoint     ] Safepoint synchronization initiated. (260 threads)
[2024-09-04T12:24:54.838+0000][1004.666s][info ][safepoint     ] Application time: 1.0002825 seconds
[2024-09-04T12:24:54.838+0000][1004.667s][info ][safepoint     ] Entering safepoint region: Cleanup
[2024-09-04T12:24:54.838+0000][1004.667s][info ][safepoint     ] Leaving safepoint region
[2024-09-04T12:24:54.838+0000][1004.667s][info ][safepoint     ] Total time for which application threads were stopped: 0.0005462 seconds, Stopping threads took: 0.0001718 seconds
[2024-09-04T12:24:55.838+0000][1005.667s][debug][safepoint     ] Safepoint synchronization initiated. (260 threads)
[2024-09-04T12:24:55.839+0000][1005.667s][info ][safepoint     ] Application time: 1.0003124 seconds
[2024-09-04T12:24:55.839+0000][1005.668s][info ][safepoint     ] Entering safepoint region: Cleanup
[2024-09-04T12:24:55.839+0000][1005.668s][info ][safepoint     ] Leaving safepoint region
[2024-09-04T12:24:55.839+0000][1005.668s][info ][safepoint     ] Total time for which application threads were stopped: 0.0007101 seconds, Stopping threads took: 0.0002330 seconds
[2024-09-04T12:24:56.840+0000][1006.668s][debug][safepoint     ] Safepoint synchronization initiated. (260 threads)
[2024-09-04T12:24:56.840+0000][1006.668s][info ][safepoint     ] Application time: 1.0003456 seconds
[2024-09-04T12:24:56.840+0000][1006.669s][info ][safepoint     ] Entering safepoint region: Cleanup
[2024-09-04T12:24:56.840+0000][1006.669s][info ][safepoint     ] Leaving safepoint region
[2024-09-04T12:24:56.840+0000][1006.669s][info ][safepoint     ] Total time for which application threads were stopped: 0.0008099 seconds, Stopping threads took: 0.0002560 seconds
[2024-09-04T12:24:57.841+0000][1007.670s][debug][safepoint     ] Safepoint synchronization initiated. (260 threads)
[2024-09-04T12:24:57.841+0000][1007.670s][info ][safepoint     ] Application time: 1.0003717 seconds
[2024-09-04T12:24:57.841+0000][1007.670s][info ][safepoint     ] Entering safepoint region: Cleanup
[2024-09-04T12:24:57.842+0000][1007.670s][info ][safepoint     ] Leaving safepoint region
[2024-09-04T12:24:57.842+0000][1007.670s][info ][safepoint     ] Total time for which application threads were stopped: 0.0007599 seconds, Stopping threads took: 0.0001882 seconds
[2024-09-04T12:24:58.842+0000][1008.671s][debug][safepoint     ] Safepoint synchronization initiated. (260 threads)
[2024-09-04T12:24:58.842+0000][1008.671s][info ][safepoint     ] Application time: 1.0003216 seconds
[2024-09-04T12:24:58.842+0000][1008.671s][info ][safepoint     ] Entering safepoint region: Cleanup
[2024-09-04T12:24:58.843+0000][1008.672s][info ][safepoint     ] Leaving safepoint region
[2024-09-04T12:24:58.843+0000][1008.672s][info ][safepoint     ] Total time for which application threads were stopped: 0.0008848 seconds, Stopping threads took: 0.0002154 seconds
[2024-09-04T12:24:59.350+0000][1009.179s][debug][safepoint     ] Safepoint synchronization initiated. (259 threads)
[2024-09-04T12:24:59.351+0000][1009.179s][info ][safepoint     ] Application time: 0.5076101 seconds
[2024-09-04T12:24:59.351+0000][1009.180s][debug][safepoint     ] ... found polling page return exception at pc = 0x00007ff4a05b6980, stub =0x00007ff498824b00
[2024-09-04T12:24:59.351+0000][1009.180s][debug][safepoint     ] Waiting for 2 thread(s) to block
[2024-09-04T12:24:59.351+0000][1009.180s][info ][safepoint     ] Entering safepoint region: G1CollectForAllocation
[2024-09-04T12:24:59.352+0000][1009.180s][info ][gc,start      ] GC(105) Pause Young (Normal) (G1 Evacuation Pause)
[2024-09-04T12:24:59.352+0000][1009.180s][info ][gc,task       ] GC(105) Using 4 workers of 4 for evacuation
[2024-09-04T12:24:59.361+0000][1009.190s][info ][gc,phases     ] GC(105)   Pre Evacuate Collection Set: 0.1ms
[2024-09-04T12:24:59.362+0000][1009.190s][info ][gc,phases     ] GC(105)   Evacuate Collection Set: 4.2ms
[2024-09-04T12:24:59.362+0000][1009.190s][info ][gc,phases     ] GC(105)   Post Evacuate Collection Set: 5.1ms
[2024-09-04T12:24:59.362+0000][1009.190s][info ][gc,phases     ] GC(105)   Other: 0.5ms
[2024-09-04T12:24:59.362+0000][1009.190s][info ][gc,heap       ] GC(105) Eden regions: 191->0(191)
[2024-09-04T12:24:59.362+0000][1009.190s][info ][gc,heap       ] GC(105) Survivor regions: 1->1(24)
[2024-09-04T12:24:59.362+0000][1009.190s][info ][gc,heap       ] GC(105) Old regions: 175->175
[2024-09-04T12:24:59.362+0000][1009.190s][info ][gc,heap       ] GC(105) Humongous regions: 0->0
[2024-09-04T12:24:59.362+0000][1009.190s][info ][gc,metaspace  ] GC(105) Metaspace: 181149K(186992K)->181149K(186992K) NonClass: 160245K(163796K)->160245K(163796K) Class: 20903K(23196K)->20903K(23196K)
[2024-09-04T12:24:59.362+0000][1009.190s][info ][gc            ] GC(105) Pause Young (Normal) (G1 Evacuation Pause) 364M->173M(412M) 10.064ms
[2024-09-04T12:24:59.362+0000][1009.190s][info ][gc,cpu        ] GC(105) User=0.03s Sys=0.00s Real=0.01s
[2024-09-04T12:24:59.362+0000][1009.191s][info ][safepoint     ] Leaving safepoint region
[2024-09-04T12:24:59.362+0000][1009.191s][info ][safepoint     ] Total time for which application threads were stopped: 0.0112453 seconds, Stopping threads took: 0.0005100 seconds
[2024-09-04T12:24:59.362+0000][1009.191s][info ][gc,stringdedup] Concurrent String Deduplication (1009.191s)
[2024-09-04T12:24:59.363+0000][1009.191s][info ][gc,stringdedup] Concurrent String Deduplication 90720.0B->216.0B(90504.0B) avg 54.8% (1009.191s, 1009.191s) 0.635ms
[2024-09-04T12:25:00.362+0000][1010.191s][debug][safepoint     ] Safepoint synchronization initiated. (259 threads)
[2024-09-04T12:25:00.362+0000][1010.191s][info ][safepoint     ] Application time: 1.0002350 seconds
[2024-09-04T12:25:00.362+0000][1010.191s][info ][safepoint     ] Entering safepoint region: Cleanup
[2024-09-04T12:25:00.363+0000][1010.192s][info ][safepoint     ] Leaving safepoint region
[2024-09-04T12:25:00.363+0000][1010.192s][info ][safepoint     ] Total time for which application threads were stopped: 0.0007673 seconds, Stopping threads took: 0.0002064 seconds
[2024-09-04T12:25:01.363+0000][1011.192s][debug][safepoint     ] Safepoint synchronization initiated. (259 threads)
[2024-09-04T12:25:01.363+0000][1011.192s][info ][safepoint     ] Application time: 1.0001990 seconds
[2024-09-04T12:25:01.363+0000][1011.192s][info ][safepoint     ] Entering safepoint region: Cleanup
[2024-09-04T12:25:01.364+0000][1011.193s][info ][safepoint     ] Leaving safepoint region
[2024-09-04T12:25:01.364+0000][1011.193s][info ][safepoint     ] Total time for which application threads were stopped: 0.0008140 seconds, Stopping threads took: 0.0001405 seconds
[2024-09-04T12:25:02.364+0000][1012.193s][debug][safepoint     ] Safepoint synchronization initiated. (259 threads)
[2024-09-04T12:25:02.364+0000][1012.193s][info ][safepoint     ] Application time: 1.0002253 seconds
[2024-09-04T12:25:02.364+0000][1012.193s][info ][safepoint     ] Entering safepoint region: Cleanup
[2024-09-04T12:25:02.365+0000][1012.194s][info ][safepoint     ] Leaving safepoint region
[2024-09-04T12:25:02.365+0000][1012.194s][info ][safepoint     ] Total time for which application threads were stopped: 0.0006950 seconds, Stopping threads took: 0.0001712 seconds
[2024-09-04T12:25:03.365+0000][1013.194s][debug][safepoint     ] Safepoint synchronization initiated. (259 threads)
[2024-09-04T12:25:03.365+0000][1013.194s][info ][safepoint     ] Application time: 1.0002744 seconds
[2024-09-04T12:25:03.365+0000][1013.194s][info ][safepoint     ] Entering safepoint region: Cleanup
[2024-09-04T12:25:03.366+0000][1013.195s][info ][safepoint     ] Leaving safepoint region
[2024-09-04T12:25:03.366+0000][1013.195s][info ][safepoint     ] Total time for which application threads were stopped: 0.0008207 seconds, Stopping threads took: 0.0003962 seconds
[2024-09-04T12:25:04.366+0000][1014.195s][debug][safepoint     ] Safepoint synchronization initiated. (259 threads)
[2024-09-04T12:25:04.366+0000][1014.195s][info ][safepoint     ] Application time: 1.0002124 seconds
[2024-09-04T12:25:04.366+0000][1014.195s][info ][safepoint     ] Entering safepoint region: Cleanup
[2024-09-04T12:25:04.367+0000][1014.196s][info ][safepoint     ] Leaving safepoint region
[2024-09-04T12:25:04.367+0000][1014.196s][info ][safepoint     ] Total time for which application threads were stopped: 0.0009873 seconds, Stopping threads took: 0.0002415 seconds
[2024-09-04T12:25:05.368+0000][1015.196s][debug][safepoint     ] Safepoint synchronization initiated. (259 threads)
[2024-09-04T12:25:05.368+0000][1015.196s][info ][safepoint     ] Application time: 1.0003005 seconds
[2024-09-04T12:25:05.368+0000][1015.197s][info ][safepoint     ] Entering safepoint region: Cleanup
[2024-09-04T12:25:05.369+0000][1015.197s][info ][safepoint     ] Leaving safepoint region
[2024-09-04T12:25:05.369+0000][1015.197s][info ][safepoint     ] Total time for which application threads were stopped: 0.0009442 seconds, Stopping threads took: 0.0002485 seconds
[2024-09-04T12:25:06.369+0000][1016.197s][debug][safepoint     ] Safepoint synchronization initiated. (259 threads)
[2024-09-04T12:25:06.369+0000][1016.198s][info ][safepoint     ] Application time: 1.0002169 seconds
[2024-09-04T12:25:06.369+0000][1016.198s][info ][safepoint     ] Entering safepoint region: Cleanup
[2024-09-04T12:25:06.370+0000][1016.199s][info ][safepoint     ] Leaving safepoint region
[2024-09-04T12:25:06.370+0000][1016.199s][info ][safepoint     ] Total time for which application threads were stopped: 0.0010085 seconds, Stopping threads took: 0.0002151 seconds
[2024-09-04T12:25:07.370+0000][1017.199s][debug][safepoint     ] Safepoint synchronization initiated. (259 threads)
[2024-09-04T12:25:07.370+0000][1017.199s][info ][safepoint     ] Application time: 1.0002382 seconds
[2024-09-04T12:25:07.370+0000][1017.199s][info ][safepoint     ] Entering safepoint region: Cleanup
[2024-09-04T12:25:07.371+0000][1017.200s][info ][safepoint     ] Leaving safepoint region
[2024-09-04T12:25:07.371+0000][1017.200s][info ][safepoint     ] Total time for which application threads were stopped: 0.0006498 seconds, Stopping threads took: 0.0001742 seconds
[2024-09-04T12:25:08.371+0000][1018.200s][debug][safepoint     ] Safepoint synchronization initiated. (259 threads)
[2024-09-04T12:25:08.371+0000][1018.200s][info ][safepoint     ] Application time: 1.0002100 seconds
[2024-09-04T12:25:08.371+0000][1018.200s][info ][safepoint     ] Entering safepoint region: Cleanup
[2024-09-04T12:25:08.372+0000][1018.200s][info ][safepoint     ] Leaving safepoint region
[2024-09-04T12:25:08.372+0000][1018.200s][info ][safepoint     ] Total time for which application threads were stopped: 0.0006411 seconds, Stopping threads took: 0.0001941 seconds
[2024-09-04T12:25:09.372+0000][1019.201s][debug][safepoint     ] Safepoint synchronization initiated. (259 threads)
[2024-09-04T12:25:09.372+0000][1019.201s][info ][safepoint     ] Application time: 1.0003664 seconds
[2024-09-04T12:25:09.372+0000][1019.201s][info ][safepoint     ] Entering safepoint region: Cleanup
[2024-09-04T12:25:09.373+0000][1019.202s][info ][safepoint     ] Leaving safepoint region
[2024-09-04T12:25:09.373+0000][1019.202s][debug][safepoint     ] ... found polling page return exception at pc = 0x00007ff4a131ffd6, stub =0x00007ff498824b00
[2024-09-04T12:25:09.373+0000][1019.202s][info ][safepoint     ] Total time for which application threads were stopped: 0.0008366 seconds, Stopping threads took: 0.0002583 seconds
[2024-09-04T12:25:10.373+0000][1020.202s][debug][safepoint     ] Safepoint synchronization initiated. (259 threads)
[2024-09-04T12:25:10.373+0000][1020.202s][info ][safepoint     ] Application time: 1.0003249 seconds
[2024-09-04T12:25:10.374+0000][1020.202s][info ][safepoint     ] Entering safepoint region: Cleanup
[2024-09-04T12:25:10.374+0000][1020.203s][info ][safepoint     ] Leaving safepoint region
[2024-09-04T12:25:10.374+0000][1020.203s][info ][safepoint     ] Total time for which application threads were stopped: 0.0010084 seconds, Stopping threads took: 0.0003422 seconds
[2024-09-04T12:25:11.375+0000][1021.203s][debug][safepoint     ] Safepoint synchronization initiated. (259 threads)
[2024-09-04T12:25:11.375+0000][1021.204s][info ][safepoint     ] Application time: 1.0003102 seconds
[2024-09-04T12:25:11.375+0000][1021.204s][info ][safepoint     ] Entering safepoint region: Cleanup
[2024-09-04T12:25:11.376+0000][1021.204s][info ][safepoint     ] Leaving safepoint region
[2024-09-04T12:25:11.376+0000][1021.205s][info ][safepoint     ] Total time for which application threads were stopped: 0.0009887 seconds, Stopping threads took: 0.0002045 seconds
[2024-09-04T12:25:12.376+0000][1022.205s][debug][safepoint     ] Safepoint synchronization initiated. (259 threads)
[2024-09-04T12:25:12.376+0000][1022.205s][info ][safepoint     ] Application time: 1.0002145 seconds
[2024-09-04T12:25:12.376+0000][1022.205s][info ][safepoint     ] Entering safepoint region: Cleanup
[2024-09-04T12:25:12.377+0000][1022.205s][info ][safepoint     ] Leaving safepoint region
[2024-09-04T12:25:12.377+0000][1022.206s][info ][safepoint     ] Total time for which application threads were stopped: 0.0007357 seconds, Stopping threads took: 0.0001982 seconds
[2024-09-04T12:25:13.377+0000][1023.206s][debug][safepoint     ] Safepoint synchronization initiated. (259 threads)
[2024-09-04T12:25:13.377+0000][1023.206s][info ][safepoint     ] Application time: 1.0004526 seconds
[2024-09-04T12:25:13.378+0000][1023.206s][info ][safepoint     ] Entering safepoint region: Cleanup
[2024-09-04T12:25:13.378+0000][1023.207s][info ][safepoint     ] Leaving safepoint region
[2024-09-04T12:25:13.378+0000][1023.207s][info ][safepoint     ] Total time for which application threads were stopped: 0.0009172 seconds, Stopping threads took: 0.0003163 seconds
[2024-09-04T12:25:14.378+0000][1024.207s][debug][safepoint     ] Safepoint synchronization initiated. (259 threads)
[2024-09-04T12:25:14.379+0000][1024.207s][info ][safepoint     ] Application time: 1.0003298 seconds
[2024-09-04T12:25:14.379+0000][1024.208s][info ][safepoint     ] Entering safepoint region: Cleanup
[2024-09-04T12:25:14.379+0000][1024.208s][info ][safepoint     ] Leaving safepoint region
[2024-09-04T12:25:14.379+0000][1024.208s][info ][safepoint     ] Total time for which application threads were stopped: 0.0007248 seconds, Stopping threads took: 0.0002452 seconds
[2024-09-04T12:25:15.379+0000][1025.208s][debug][safepoint     ] Safepoint synchronization initiated. (259 threads)
[2024-09-04T12:25:15.380+0000][1025.208s][info ][safepoint     ] Application time: 1.0002450 seconds
[2024-09-04T12:25:15.380+0000][1025.209s][info ][safepoint     ] Entering safepoint region: Cleanup
[2024-09-04T12:25:15.380+0000][1025.209s][info ][safepoint     ] Leaving safepoint region
[2024-09-04T12:25:15.380+0000][1025.209s][info ][safepoint     ] Total time for which application threads were stopped: 0.0007094 seconds, Stopping threads took: 0.0002253 seconds
[2024-09-04T12:25:16.381+0000][1026.209s][debug][safepoint     ] Safepoint synchronization initiated. (259 threads)
[2024-09-04T12:25:16.381+0000][1026.209s][info ][safepoint     ] Application time: 1.0003189 seconds
[2024-09-04T12:25:16.381+0000][1026.210s][info ][safepoint     ] Entering safepoint region: Cleanup
[2024-09-04T12:25:16.381+0000][1026.210s][info ][safepoint     ] Leaving safepoint region
[2024-09-04T12:25:16.382+0000][1026.210s][info ][safepoint     ] Total time for which application threads were stopped: 0.0008583 seconds, Stopping threads took: 0.0002573 seconds
[2024-09-04T12:25:17.382+0000][1027.210s][debug][safepoint     ] Safepoint synchronization initiated. (259 threads)
[2024-09-04T12:25:17.382+0000][1027.211s][info ][safepoint     ] Application time: 1.0002496 seconds
[2024-09-04T12:25:17.382+0000][1027.211s][info ][safepoint     ] Entering safepoint region: Cleanup
[2024-09-04T12:25:17.383+0000][1027.211s][info ][safepoint     ] Leaving safepoint region
[2024-09-04T12:25:17.383+0000][1027.211s][info ][safepoint     ] Total time for which application threads were stopped: 0.0008481 seconds, Stopping threads took: 0.0002050 seconds
[2024-09-04T12:25:18.383+0000][1028.212s][debug][safepoint     ] Safepoint synchronization initiated. (259 threads)
[2024-09-04T12:25:18.383+0000][1028.212s][info ][safepoint     ] Application time: 1.0004324 seconds
[2024-09-04T12:25:18.383+0000][1028.212s][info ][safepoint     ] Entering safepoint region: Cleanup
[2024-09-04T12:25:18.384+0000][1028.213s][info ][safepoint     ] Leaving safepoint region
[2024-09-04T12:25:18.384+0000][1028.213s][info ][safepoint     ] Total time for which application threads were stopped: 0.0010517 seconds, Stopping threads took: 0.0002453 seconds
[2024-09-04T12:25:19.384+0000][1029.213s][debug][safepoint     ] Safepoint synchronization initiated. (259 threads)
[2024-09-04T12:25:19.385+0000][1029.213s][info ][safepoint     ] Application time: 1.0002790 seconds
[2024-09-04T12:25:19.385+0000][1029.213s][info ][safepoint     ] Entering safepoint region: Cleanup
[2024-09-04T12:25:19.385+0000][1029.214s][info ][safepoint     ] Leaving safepoint region
[2024-09-04T12:25:19.385+0000][1029.214s][info ][safepoint     ] Total time for which application threads were stopped: 0.0007413 seconds, Stopping threads took: 0.0001876 seconds
[2024-09-04T12:25:20.385+0000][1030.214s][debug][safepoint     ] Safepoint synchronization initiated. (259 threads)
[2024-09-04T12:25:20.386+0000][1030.214s][info ][safepoint     ] Application time: 1.0002403 seconds
[2024-09-04T12:25:20.386+0000][1030.214s][info ][safepoint     ] Entering safepoint region: Cleanup
[2024-09-04T12:25:20.386+0000][1030.215s][info ][safepoint     ] Leaving safepoint region
[2024-09-04T12:25:20.386+0000][1030.215s][info ][safepoint     ] Total time for which application threads were stopped: 0.0006697 seconds, Stopping threads took: 0.0001948 seconds
[2024-09-04T12:25:21.387+0000][1031.215s][debug][safepoint     ] Safepoint synchronization initiated. (259 threads)
[2024-09-04T12:25:21.387+0000][1031.216s][info ][safepoint     ] Application time: 1.0004753 seconds
[2024-09-04T12:25:21.387+0000][1031.216s][info ][safepoint     ] Entering safepoint region: Cleanup
[2024-09-04T12:25:21.387+0000][1031.216s][info ][safepoint     ] Leaving safepoint region
[2024-09-04T12:25:21.388+0000][1031.216s][info ][safepoint     ] Total time for which application threads were stopped: 0.0007541 seconds, Stopping threads took: 0.0002048 seconds
[2024-09-04T12:25:22.388+0000][1032.216s][debug][safepoint     ] Safepoint synchronization initiated. (259 threads)
[2024-09-04T12:25:22.388+0000][1032.217s][info ][safepoint     ] Application time: 1.0002374 seconds
[2024-09-04T12:25:22.388+0000][1032.217s][info ][safepoint     ] Entering safepoint region: Cleanup
[2024-09-04T12:25:22.388+0000][1032.217s][info ][safepoint     ] Leaving safepoint region
[2024-09-04T12:25:22.388+0000][1032.217s][debug][safepoint     ] ... found polling page return exception at pc = 0x00007ff4a131ffd6, stub =0x00007ff498824b00
[2024-09-04T12:25:22.388+0000][1032.217s][debug][safepoint     ] ... found polling page return exception at pc = 0x00007ff4a131ffd6, stub =0x00007ff498824b00
[2024-09-04T12:25:22.388+0000][1032.217s][debug][safepoint     ] ... found polling page return exception at pc = 0x00007ff4a131ffd6, stub =0x00007ff498824b00
[2024-09-04T12:25:22.388+0000][1032.217s][info ][safepoint     ] Total time for which application threads were stopped: 0.0006564 seconds, Stopping threads took: 0.0001704 seconds
[2024-09-04T12:25:23.389+0000][1033.218s][debug][safepoint     ] Safepoint synchronization initiated. (259 threads)
[2024-09-04T12:25:23.389+0000][1033.218s][info ][safepoint     ] Application time: 1.0002059 seconds
[2024-09-04T12:25:23.389+0000][1033.218s][info ][safepoint     ] Entering safepoint region: Cleanup
[2024-09-04T12:25:23.389+0000][1033.218s][info ][safepoint     ] Leaving safepoint region
[2024-09-04T12:25:23.389+0000][1033.218s][info ][safepoint     ] Total time for which application threads were stopped: 0.0006337 seconds, Stopping threads took: 0.0001411 seconds
[2024-09-04T12:25:24.390+0000][1034.218s][debug][safepoint     ] Safepoint synchronization initiated. (259 threads)
[2024-09-04T12:25:24.390+0000][1034.219s][info ][safepoint     ] Application time: 1.0002993 seconds
[2024-09-04T12:25:24.390+0000][1034.219s][info ][safepoint     ] Entering safepoint region: Cleanup
[2024-09-04T12:25:24.391+0000][1034.220s][info ][safepoint     ] Leaving safepoint region
[2024-09-04T12:25:24.391+0000][1034.220s][info ][safepoint     ] Total time for which application threads were stopped: 0.0010073 seconds, Stopping threads took: 0.0001912 seconds
[2024-09-04T12:25:25.391+0000][1035.220s][debug][safepoint     ] Safepoint synchronization initiated. (259 threads)
[2024-09-04T12:25:25.391+0000][1035.220s][info ][safepoint     ] Application time: 1.0002090 seconds
[2024-09-04T12:25:25.391+0000][1035.220s][info ][safepoint     ] Entering safepoint region: Cleanup
[2024-09-04T12:25:25.392+0000][1035.221s][info ][safepoint     ] Leaving safepoint region
[2024-09-04T12:25:25.392+0000][1035.221s][info ][safepoint     ] Total time for which application threads were stopped: 0.0010070 seconds, Stopping threads took: 0.0002513 seconds
[2024-09-04T12:25:26.392+0000][1036.221s][debug][safepoint     ] Safepoint synchronization initiated. (259 threads)
[2024-09-04T12:25:26.392+0000][1036.221s][info ][safepoint     ] Application time: 1.0002829 seconds
[2024-09-04T12:25:26.393+0000][1036.221s][info ][safepoint     ] Entering safepoint region: Cleanup
[2024-09-04T12:25:26.393+0000][1036.222s][info ][safepoint     ] Leaving safepoint region
[2024-09-04T12:25:26.393+0000][1036.222s][info ][safepoint     ] Total time for which application threads were stopped: 0.0009475 seconds, Stopping threads took: 0.0002090 seconds
[2024-09-04T12:25:27.394+0000][1037.223s][debug][safepoint     ] Safepoint synchronization initiated. (259 threads)
[2024-09-04T12:25:27.394+0000][1037.223s][info ][safepoint     ] Application time: 1.0006010 seconds
[2024-09-04T12:25:27.394+0000][1037.223s][info ][safepoint     ] Entering safepoint region: Cleanup
[2024-09-04T12:25:27.395+0000][1037.224s][info ][safepoint     ] Leaving safepoint region
[2024-09-04T12:25:27.395+0000][1037.224s][info ][safepoint     ] Total time for which application threads were stopped: 0.0009263 seconds, Stopping threads took: 0.0002265 seconds
[2024-09-04T12:25:28.395+0000][1038.224s][debug][safepoint     ] Safepoint synchronization initiated. (259 threads)
[2024-09-04T12:25:28.395+0000][1038.224s][info ][safepoint     ] Application time: 1.0002136 seconds
[2024-09-04T12:25:28.395+0000][1038.224s][info ][safepoint     ] Entering safepoint region: Cleanup
[2024-09-04T12:25:28.396+0000][1038.225s][info ][safepoint     ] Leaving safepoint region
[2024-09-04T12:25:28.396+0000][1038.225s][info ][safepoint     ] Total time for which application threads were stopped: 0.0009230 seconds, Stopping threads took: 0.0001842 seconds
[2024-09-04T12:25:29.126+0000][1038.955s][debug][safepoint     ] Safepoint synchronization initiated. (259 threads)
[2024-09-04T12:25:29.126+0000][1038.955s][info ][safepoint     ] Application time: 0.7297280 seconds
[2024-09-04T12:25:29.126+0000][1038.955s][info ][safepoint     ] Entering safepoint region: G1CollectForAllocation
[2024-09-04T12:25:29.127+0000][1038.956s][info ][gc,start      ] GC(106) Pause Young (Normal) (G1 Evacuation Pause)
[2024-09-04T12:25:29.127+0000][1038.956s][info ][gc,task       ] GC(106) Using 4 workers of 4 for evacuation
[2024-09-04T12:25:29.136+0000][1038.964s][info ][gc,phases     ] GC(106)   Pre Evacuate Collection Set: 0.1ms
[2024-09-04T12:25:29.136+0000][1038.964s][info ][gc,phases     ] GC(106)   Evacuate Collection Set: 3.3ms
[2024-09-04T12:25:29.136+0000][1038.964s][info ][gc,phases     ] GC(106)   Post Evacuate Collection Set: 4.6ms
[2024-09-04T12:25:29.136+0000][1038.964s][info ][gc,phases     ] GC(106)   Other: 0.7ms
[2024-09-04T12:25:29.136+0000][1038.964s][info ][gc,heap       ] GC(106) Eden regions: 191->0(191)
[2024-09-04T12:25:29.136+0000][1038.964s][info ][gc,heap       ] GC(106) Survivor regions: 1->1(24)
[2024-09-04T12:25:29.136+0000][1038.964s][info ][gc,heap       ] GC(106) Old regions: 175->175
[2024-09-04T12:25:29.136+0000][1038.964s][info ][gc,heap       ] GC(106) Humongous regions: 0->0
[2024-09-04T12:25:29.136+0000][1038.964s][info ][gc,metaspace  ] GC(106) Metaspace: 181161K(186992K)->181161K(186992K) NonClass: 160258K(163796K)->160258K(163796K) Class: 20903K(23196K)->20903K(23196K)
[2024-09-04T12:25:29.136+0000][1038.965s][info ][gc            ] GC(106) Pause Young (Normal) (G1 Evacuation Pause) 364M->173M(412M) 8.785ms
[2024-09-04T12:25:29.136+0000][1038.965s][info ][gc,cpu        ] GC(106) User=0.03s Sys=0.00s Real=0.01s
[2024-09-04T12:25:29.136+0000][1038.965s][info ][safepoint     ] Leaving safepoint region
[2024-09-04T12:25:29.136+0000][1038.965s][info ][safepoint     ] Total time for which application threads were stopped: 0.0099281 seconds, Stopping threads took: 0.0002685 seconds
[2024-09-04T12:25:30.136+0000][1039.965s][debug][safepoint     ] Safepoint synchronization initiated. (259 threads)
[2024-09-04T12:25:30.136+0000][1039.965s][info ][safepoint     ] Application time: 1.0002394 seconds
[2024-09-04T12:25:30.136+0000][1039.965s][info ][safepoint     ] Entering safepoint region: Cleanup
[2024-09-04T12:25:30.137+0000][1039.966s][info ][safepoint     ] Leaving safepoint region
[2024-09-04T12:25:30.137+0000][1039.966s][info ][safepoint     ] Total time for which application threads were stopped: 0.0006982 seconds, Stopping threads took: 0.0001720 seconds
[2024-09-04T12:25:31.137+0000][1040.966s][debug][safepoint     ] Safepoint synchronization initiated. (259 threads)
[2024-09-04T12:25:31.137+0000][1040.966s][info ][safepoint     ] Application time: 1.0002459 seconds
[2024-09-04T12:25:31.137+0000][1040.966s][debug][safepoint     ] ... found polling page return exception at pc = 0x00007ff4a09c2674, stub =0x00007ff498824b00
[2024-09-04T12:25:31.138+0000][1040.966s][debug][safepoint     ] Waiting for 1 thread(s) to block
[2024-09-04T12:25:31.138+0000][1040.967s][info ][safepoint     ] Entering safepoint region: Cleanup
[2024-09-04T12:25:31.138+0000][1040.967s][info ][safepoint     ] Leaving safepoint region
[2024-09-04T12:25:31.138+0000][1040.967s][info ][safepoint     ] Total time for which application threads were stopped: 0.0012375 seconds, Stopping threads took: 0.0006028 seconds
[2024-09-04T12:25:32.139+0000][1041.968s][debug][safepoint     ] Safepoint synchronization initiated. (259 threads)
[2024-09-04T12:25:32.139+0000][1041.968s][info ][safepoint     ] Application time: 1.0003757 seconds
[2024-09-04T12:25:32.139+0000][1041.968s][info ][safepoint     ] Entering safepoint region: Cleanup
[2024-09-04T12:25:32.140+0000][1041.968s][info ][safepoint     ] Leaving safepoint region
[2024-09-04T12:25:32.140+0000][1041.968s][info ][safepoint     ] Total time for which application threads were stopped: 0.0008446 seconds, Stopping threads took: 0.0002371 seconds
[2024-09-04T12:25:33.140+0000][1042.969s][debug][safepoint     ] Safepoint synchronization initiated. (259 threads)
[2024-09-04T12:25:33.140+0000][1042.969s][info ][safepoint     ] Application time: 1.0002638 seconds
[2024-09-04T12:25:33.140+0000][1042.969s][info ][safepoint     ] Entering safepoint region: Cleanup
[2024-09-04T12:25:33.141+0000][1042.970s][info ][safepoint     ] Leaving safepoint region
[2024-09-04T12:25:33.141+0000][1042.970s][info ][safepoint     ] Total time for which application threads were stopped: 0.0008668 seconds, Stopping threads took: 0.0002134 seconds
[2024-09-04T12:25:34.141+0000][1043.970s][debug][safepoint     ] Safepoint synchronization initiated. (259 threads)
[2024-09-04T12:25:34.141+0000][1043.970s][info ][safepoint     ] Application time: 1.0002803 seconds
[2024-09-04T12:25:34.141+0000][1043.970s][info ][safepoint     ] Entering safepoint region: Cleanup
[2024-09-04T12:25:34.142+0000][1043.971s][info ][safepoint     ] Leaving safepoint region
[2024-09-04T12:25:34.142+0000][1043.971s][info ][safepoint     ] Total time for which application threads were stopped: 0.0005740 seconds, Stopping threads took: 0.0002671 seconds
[2024-09-04T12:25:35.142+0000][1044.971s][debug][safepoint     ] Safepoint synchronization initiated. (259 threads)
[2024-09-04T12:25:35.142+0000][1044.971s][info ][safepoint     ] Application time: 1.0002233 seconds
[2024-09-04T12:25:35.142+0000][1044.971s][info ][safepoint     ] Entering safepoint region: Cleanup
[2024-09-04T12:25:35.143+0000][1044.971s][info ][safepoint     ] Leaving safepoint region
[2024-09-04T12:25:35.143+0000][1044.971s][info ][safepoint     ] Total time for which application threads were stopped: 0.0006320 seconds, Stopping threads took: 0.0001801 seconds
[2024-09-04T12:25:36.143+0000][1045.972s][debug][safepoint     ] Safepoint synchronization initiated. (259 threads)
[2024-09-04T12:25:36.143+0000][1045.972s][info ][safepoint     ] Application time: 1.0004248 seconds
[2024-09-04T12:25:36.143+0000][1045.972s][info ][safepoint     ] Entering safepoint region: Cleanup
[2024-09-04T12:25:36.144+0000][1045.973s][info ][safepoint     ] Leaving safepoint region
[2024-09-04T12:25:36.144+0000][1045.973s][info ][safepoint     ] Total time for which application threads were stopped: 0.0010738 seconds, Stopping threads took: 0.0002501 seconds
[2024-09-04T12:25:37.145+0000][1046.973s][debug][safepoint     ] Safepoint synchronization initiated. (259 threads)
[2024-09-04T12:25:37.145+0000][1046.973s][info ][safepoint     ] Application time: 1.0003091 seconds
[2024-09-04T12:25:37.145+0000][1046.974s][info ][safepoint     ] Entering safepoint region: Cleanup
[2024-09-04T12:25:37.146+0000][1046.974s][info ][safepoint     ] Leaving safepoint region
[2024-09-04T12:25:37.146+0000][1046.974s][info ][safepoint     ] Total time for which application threads were stopped: 0.0010647 seconds, Stopping threads took: 0.0003776 seconds
[2024-09-04T12:25:38.146+0000][1047.975s][debug][safepoint     ] Safepoint synchronization initiated. (259 threads)
[2024-09-04T12:25:38.146+0000][1047.975s][info ][safepoint     ] Application time: 1.0002627 seconds
[2024-09-04T12:25:38.146+0000][1047.975s][debug][safepoint     ] ... found polling page return exception at pc = 0x00007ff4a128582d, stub =0x00007ff498824b00
[2024-09-04T12:25:38.146+0000][1047.975s][debug][safepoint     ] ... found polling page return exception at pc = 0x00007ff4a0506c91, stub =0x00007ff498824b00
[2024-09-04T12:25:38.146+0000][1047.975s][debug][safepoint     ] Waiting for 2 thread(s) to block
[2024-09-04T12:25:38.147+0000][1047.975s][info ][safepoint     ] Entering safepoint region: Cleanup
[2024-09-04T12:25:38.147+0000][1047.976s][info ][safepoint     ] Leaving safepoint region
[2024-09-04T12:25:38.147+0000][1047.976s][info ][safepoint     ] Total time for which application threads were stopped: 0.0010633 seconds, Stopping threads took: 0.0005794 seconds
[2024-09-04T12:25:39.147+0000][1048.976s][debug][safepoint     ] Safepoint synchronization initiated. (259 threads)
[2024-09-04T12:25:39.147+0000][1048.976s][info ][safepoint     ] Application time: 1.0003154 seconds
[2024-09-04T12:25:39.148+0000][1048.976s][info ][safepoint     ] Entering safepoint region: Cleanup
[2024-09-04T12:25:39.148+0000][1048.977s][info ][safepoint     ] Leaving safepoint region
[2024-09-04T12:25:39.148+0000][1048.977s][info ][safepoint     ] Total time for which application threads were stopped: 0.0008838 seconds, Stopping threads took: 0.0002360 seconds
[2024-09-04T12:25:40.149+0000][1049.977s][debug][safepoint     ] Safepoint synchronization initiated. (259 threads)
[2024-09-04T12:25:40.149+0000][1049.977s][info ][safepoint     ] Application time: 1.0002866 seconds
[2024-09-04T12:25:40.149+0000][1049.978s][info ][safepoint     ] Entering safepoint region: Cleanup
[2024-09-04T12:25:40.150+0000][1049.978s][info ][safepoint     ] Leaving safepoint region
[2024-09-04T12:25:40.150+0000][1049.978s][info ][safepoint     ] Total time for which application threads were stopped: 0.0009337 seconds, Stopping threads took: 0.0002572 seconds
[2024-09-04T12:25:41.150+0000][1050.979s][debug][safepoint     ] Safepoint synchronization initiated. (259 threads)
[2024-09-04T12:25:41.150+0000][1050.979s][info ][safepoint     ] Application time: 1.0002154 seconds
[2024-09-04T12:25:41.150+0000][1050.979s][debug][safepoint     ] ... found polling page return exception at pc = 0x00007ff4a123816a, stub =0x00007ff498824b00
[2024-09-04T12:25:41.150+0000][1050.979s][debug][safepoint     ] Waiting for 1 thread(s) to block
[2024-09-04T12:25:41.150+0000][1050.979s][info ][safepoint     ] Entering safepoint region: Cleanup
[2024-09-04T12:25:41.151+0000][1050.979s][info ][safepoint     ] Leaving safepoint region
[2024-09-04T12:25:41.151+0000][1050.979s][info ][safepoint     ] Total time for which application threads were stopped: 0.0007898 seconds, Stopping threads took: 0.0002470 seconds
[2024-09-04T12:25:42.151+0000][1051.980s][debug][safepoint     ] Safepoint synchronization initiated. (259 threads)
[2024-09-04T12:25:42.151+0000][1051.980s][info ][safepoint     ] Application time: 1.0002921 seconds
[2024-09-04T12:25:42.151+0000][1051.980s][info ][safepoint     ] Entering safepoint region: Cleanup
[2024-09-04T12:25:42.152+0000][1051.981s][info ][safepoint     ] Leaving safepoint region
[2024-09-04T12:25:42.152+0000][1051.981s][info ][safepoint     ] Total time for which application threads were stopped: 0.0009464 seconds, Stopping threads took: 0.0002548 seconds
[2024-09-04T12:25:43.152+0000][1052.981s][debug][safepoint     ] Safepoint synchronization initiated. (259 threads)
[2024-09-04T12:25:43.152+0000][1052.981s][info ][safepoint     ] Application time: 1.0002364 seconds
[2024-09-04T12:25:43.152+0000][1052.981s][info ][safepoint     ] Entering safepoint region: Cleanup
[2024-09-04T12:25:43.153+0000][1052.982s][info ][safepoint     ] Leaving safepoint region
[2024-09-04T12:25:43.153+0000][1052.982s][info ][safepoint     ] Total time for which application threads were stopped: 0.0007847 seconds, Stopping threads took: 0.0002349 seconds
[2024-09-04T12:25:44.153+0000][1053.982s][debug][safepoint     ] Safepoint synchronization initiated. (259 threads)
[2024-09-04T12:25:44.153+0000][1053.982s][info ][safepoint     ] Application time: 1.0002485 seconds
[2024-09-04T12:25:44.154+0000][1053.982s][info ][safepoint     ] Entering safepoint region: Cleanup
[2024-09-04T12:25:44.154+0000][1053.983s][info ][safepoint     ] Leaving safepoint region
[2024-09-04T12:25:44.154+0000][1053.983s][info ][safepoint     ] Total time for which application threads were stopped: 0.0007623 seconds, Stopping threads took: 0.0003354 seconds
[2024-09-04T12:25:45.154+0000][1054.983s][debug][safepoint     ] Safepoint synchronization initiated. (259 threads)
[2024-09-04T12:25:45.154+0000][1054.983s][info ][safepoint     ] Application time: 1.0003177 seconds
[2024-09-04T12:25:45.155+0000][1054.983s][info ][safepoint     ] Entering safepoint region: Cleanup
[2024-09-04T12:25:45.155+0000][1054.984s][info ][safepoint     ] Leaving safepoint region
[2024-09-04T12:25:45.155+0000][1054.984s][info ][safepoint     ] Total time for which application threads were stopped: 0.0009150 seconds, Stopping threads took: 0.0002884 seconds
[2024-09-04T12:25:46.156+0000][1055.984s][debug][safepoint     ] Safepoint synchronization initiated. (259 threads)
[2024-09-04T12:25:46.156+0000][1055.984s][info ][safepoint     ] Application time: 1.0002890 seconds
[2024-09-04T12:25:46.156+0000][1055.985s][info ][safepoint     ] Entering safepoint region: Cleanup
[2024-09-04T12:25:46.157+0000][1055.985s][info ][safepoint     ] Leaving safepoint region
[2024-09-04T12:25:46.157+0000][1055.985s][info ][safepoint     ] Total time for which application threads were stopped: 0.0008577 seconds, Stopping threads took: 0.0002377 seconds
[2024-09-04T12:25:47.157+0000][1056.986s][debug][safepoint     ] Safepoint synchronization initiated. (259 threads)
[2024-09-04T12:25:47.157+0000][1056.986s][info ][safepoint     ] Application time: 1.0003355 seconds
[2024-09-04T12:25:47.157+0000][1056.986s][info ][safepoint     ] Entering safepoint region: Cleanup
[2024-09-04T12:25:47.158+0000][1056.987s][info ][safepoint     ] Leaving safepoint region
[2024-09-04T12:25:47.158+0000][1056.987s][info ][safepoint     ] Total time for which application threads were stopped: 0.0008854 seconds, Stopping threads took: 0.0002410 seconds
[2024-09-04T12:25:48.158+0000][1057.987s][debug][safepoint     ] Safepoint synchronization initiated. (259 threads)
[2024-09-04T12:25:48.158+0000][1057.987s][info ][safepoint     ] Application time: 1.0002560 seconds
[2024-09-04T12:25:48.158+0000][1057.987s][info ][safepoint     ] Entering safepoint region: Cleanup
[2024-09-04T12:25:48.159+0000][1057.988s][info ][safepoint     ] Leaving safepoint region
[2024-09-04T12:25:48.159+0000][1057.988s][info ][safepoint     ] Total time for which application threads were stopped: 0.0009088 seconds, Stopping threads took: 0.0002194 seconds
[2024-09-04T12:25:49.159+0000][1058.988s][debug][safepoint     ] Safepoint synchronization initiated. (259 threads)
[2024-09-04T12:25:49.159+0000][1058.988s][info ][safepoint     ] Application time: 1.0003157 seconds
[2024-09-04T12:25:49.160+0000][1058.988s][info ][safepoint     ] Entering safepoint region: Cleanup
[2024-09-04T12:25:49.160+0000][1058.989s][info ][safepoint     ] Leaving safepoint region
[2024-09-04T12:25:49.160+0000][1058.989s][info ][safepoint     ] Total time for which application threads were stopped: 0.0006109 seconds, Stopping threads took: 0.0001944 seconds
[2024-09-04T12:25:50.160+0000][1059.989s][debug][safepoint     ] Safepoint synchronization initiated. (259 threads)
[2024-09-04T12:25:50.160+0000][1059.989s][info ][safepoint     ] Application time: 1.0002534 seconds
[2024-09-04T12:25:50.161+0000][1059.989s][info ][safepoint     ] Entering safepoint region: Cleanup
[2024-09-04T12:25:50.161+0000][1059.990s][info ][safepoint     ] Leaving safepoint region
[2024-09-04T12:25:50.161+0000][1059.990s][info ][safepoint     ] Total time for which application threads were stopped: 0.0008734 seconds, Stopping threads took: 0.0002377 seconds
[2024-09-04T12:25:51.161+0000][1060.990s][debug][safepoint     ] Safepoint synchronization initiated. (259 threads)
[2024-09-04T12:25:51.162+0000][1060.990s][info ][safepoint     ] Application time: 1.0002450 seconds
[2024-09-04T12:25:51.162+0000][1060.990s][debug][safepoint     ] ... found polling page return exception at pc = 0x00007ff4a0c6df9d, stub =0x00007ff498824b00
[2024-09-04T12:25:51.162+0000][1060.991s][debug][safepoint     ] Waiting for 2 thread(s) to block
[2024-09-04T12:25:51.162+0000][1060.991s][info ][safepoint     ] Entering safepoint region: Cleanup
[2024-09-04T12:25:51.163+0000][1060.991s][info ][safepoint     ] Leaving safepoint region
[2024-09-04T12:25:51.163+0000][1060.991s][debug][safepoint     ] ... found polling page return exception at pc = 0x00007ff4a131ffd6, stub =0x00007ff498824b00
[2024-09-04T12:25:51.163+0000][1060.992s][info ][safepoint     ] Total time for which application threads were stopped: 0.0011613 seconds, Stopping threads took: 0.0004399 seconds
[2024-09-04T12:25:51.163+0000][1060.991s][debug][safepoint     ] ... found polling page return exception at pc = 0x00007ff4a131ffd6, stub =0x00007ff498824b00
[2024-09-04T12:25:52.163+0000][1061.992s][debug][safepoint     ] Safepoint synchronization initiated. (259 threads)
[2024-09-04T12:25:52.163+0000][1061.992s][info ][safepoint     ] Application time: 1.0003512 seconds
[2024-09-04T12:25:52.164+0000][1061.992s][info ][safepoint     ] Entering safepoint region: Cleanup
[2024-09-04T12:25:52.164+0000][1061.993s][info ][safepoint     ] Leaving safepoint region
[2024-09-04T12:25:52.164+0000][1061.993s][info ][safepoint     ] Total time for which application threads were stopped: 0.0011218 seconds, Stopping threads took: 0.0002527 seconds
[2024-09-04T12:25:53.165+0000][1062.993s][debug][safepoint     ] Safepoint synchronization initiated. (259 threads)
[2024-09-04T12:25:53.165+0000][1062.994s][info ][safepoint     ] Application time: 1.0007781 seconds
[2024-09-04T12:25:53.166+0000][1062.994s][info ][safepoint     ] Entering safepoint region: Cleanup
[2024-09-04T12:25:53.166+0000][1062.995s][info ][safepoint     ] Leaving safepoint region
[2024-09-04T12:25:53.166+0000][1062.995s][info ][safepoint     ] Total time for which application threads were stopped: 0.0009383 seconds, Stopping threads took: 0.0003468 seconds
[2024-09-04T12:25:54.166+0000][1063.995s][debug][safepoint     ] Safepoint synchronization initiated. (259 threads)
[2024-09-04T12:25:54.167+0000][1063.995s][info ][safepoint     ] Application time: 1.0003270 seconds
[2024-09-04T12:25:54.167+0000][1063.996s][info ][safepoint     ] Entering safepoint region: Cleanup
[2024-09-04T12:25:54.167+0000][1063.996s][info ][safepoint     ] Leaving safepoint region
[2024-09-04T12:25:54.167+0000][1063.996s][info ][safepoint     ] Total time for which application threads were stopped: 0.0008422 seconds, Stopping threads took: 0.0002638 seconds
[2024-09-04T12:25:55.168+0000][1064.996s][debug][safepoint     ] Safepoint synchronization initiated. (259 threads)
[2024-09-04T12:25:55.168+0000][1064.997s][info ][safepoint     ] Application time: 1.0003300 seconds
[2024-09-04T12:25:55.168+0000][1064.997s][info ][safepoint     ] Entering safepoint region: Cleanup
[2024-09-04T12:25:55.169+0000][1064.998s][info ][safepoint     ] Leaving safepoint region
[2024-09-04T12:25:55.169+0000][1064.998s][info ][safepoint     ] Total time for which application threads were stopped: 0.0010641 seconds, Stopping threads took: 0.0001976 seconds
[2024-09-04T12:25:56.169+0000][1065.998s][debug][safepoint     ] Safepoint synchronization initiated. (259 threads)
[2024-09-04T12:25:56.169+0000][1065.998s][info ][safepoint     ] Application time: 1.0003975 seconds
[2024-09-04T12:25:56.170+0000][1065.998s][info ][safepoint     ] Entering safepoint region: Cleanup
[2024-09-04T12:25:56.171+0000][1065.999s][info ][safepoint     ] Leaving safepoint region
[2024-09-04T12:25:56.171+0000][1065.999s][info ][safepoint     ] Total time for which application threads were stopped: 0.0012384 seconds, Stopping threads took: 0.0004088 seconds
[2024-09-04T12:25:57.171+0000][1067.000s][debug][safepoint     ] Safepoint synchronization initiated. (259 threads)
[2024-09-04T12:25:57.171+0000][1067.000s][info ][safepoint     ] Application time: 1.0001971 seconds
[2024-09-04T12:25:57.171+0000][1067.000s][info ][safepoint     ] Entering safepoint region: Cleanup
[2024-09-04T12:25:57.171+0000][1067.000s][info ][safepoint     ] Leaving safepoint region
[2024-09-04T12:25:57.171+0000][1067.000s][info ][safepoint     ] Total time for which application threads were stopped: 0.0005744 seconds, Stopping threads took: 0.0001541 seconds
[2024-09-04T12:25:58.172+0000][1068.000s][debug][safepoint     ] Safepoint synchronization initiated. (259 threads)
[2024-09-04T12:25:58.172+0000][1068.000s][info ][safepoint     ] Application time: 1.0002731 seconds
[2024-09-04T12:25:58.172+0000][1068.001s][info ][safepoint     ] Entering safepoint region: Cleanup
[2024-09-04T12:25:58.173+0000][1068.001s][info ][safepoint     ] Leaving safepoint region
[2024-09-04T12:25:58.173+0000][1068.001s][info ][safepoint     ] Total time for which application threads were stopped: 0.0009252 seconds, Stopping threads took: 0.0002662 seconds
[2024-09-04T12:25:58.935+0000][1068.764s][debug][safepoint     ] Safepoint synchronization initiated. (259 threads)
[2024-09-04T12:25:58.935+0000][1068.764s][info ][safepoint     ] Application time: 0.7624786 seconds
[2024-09-04T12:25:58.935+0000][1068.764s][info ][safepoint     ] Entering safepoint region: G1CollectForAllocation
[2024-09-04T12:25:58.936+0000][1068.765s][info ][gc,start      ] GC(107) Pause Young (Normal) (G1 Evacuation Pause)
[2024-09-04T12:25:58.936+0000][1068.765s][info ][gc,task       ] GC(107) Using 4 workers of 4 for evacuation
[2024-09-04T12:25:58.944+0000][1068.773s][info ][gc,phases     ] GC(107)   Pre Evacuate Collection Set: 0.0ms
[2024-09-04T12:25:58.944+0000][1068.773s][info ][gc,phases     ] GC(107)   Evacuate Collection Set: 3.0ms
[2024-09-04T12:25:58.944+0000][1068.773s][info ][gc,phases     ] GC(107)   Post Evacuate Collection Set: 5.0ms
[2024-09-04T12:25:58.944+0000][1068.773s][info ][gc,phases     ] GC(107)   Other: 0.4ms
[2024-09-04T12:25:58.944+0000][1068.773s][info ][gc,heap       ] GC(107) Eden regions: 191->0(191)
[2024-09-04T12:25:58.944+0000][1068.773s][info ][gc,heap       ] GC(107) Survivor regions: 1->1(24)
[2024-09-04T12:25:58.944+0000][1068.773s][info ][gc,heap       ] GC(107) Old regions: 175->175
[2024-09-04T12:25:58.944+0000][1068.773s][info ][gc,heap       ] GC(107) Humongous regions: 0->0
[2024-09-04T12:25:58.944+0000][1068.773s][info ][gc,metaspace  ] GC(107) Metaspace: 181182K(186992K)->181182K(186992K) NonClass: 160278K(163796K)->160278K(163796K) Class: 20903K(23196K)->20903K(23196K)
[2024-09-04T12:25:58.945+0000][1068.773s][info ][gc            ] GC(107) Pause Young (Normal) (G1 Evacuation Pause) 364M->173M(412M) 8.615ms
[2024-09-04T12:25:58.945+0000][1068.773s][info ][gc,cpu        ] GC(107) User=0.02s Sys=0.00s Real=0.01s
[2024-09-04T12:25:58.945+0000][1068.773s][info ][safepoint     ] Leaving safepoint region
[2024-09-04T12:25:58.945+0000][1068.773s][info ][safepoint     ] Total time for which application threads were stopped: 0.0094337 seconds, Stopping threads took: 0.0002136 seconds
[2024-09-04T12:25:58.945+0000][1068.774s][info ][gc,stringdedup] Concurrent String Deduplication (1068.773s)
[2024-09-04T12:25:58.945+0000][1068.774s][info ][gc,stringdedup] Concurrent String Deduplication 72.0B->72.0B(0.0B) avg 54.8% (1068.773s, 1068.774s) 0.080ms
[2024-09-04T12:25:59.945+0000][1069.774s][debug][safepoint     ] Safepoint synchronization initiated. (259 threads)
[2024-09-04T12:25:59.945+0000][1069.774s][info ][safepoint     ] Application time: 1.0002738 seconds
[2024-09-04T12:25:59.945+0000][1069.774s][debug][safepoint     ] ... found polling page return exception at pc = 0x00007ff4a0c6df9d, stub =0x00007ff498824b00
[2024-09-04T12:25:59.945+0000][1069.774s][debug][safepoint     ] Waiting for 1 thread(s) to block
[2024-09-04T12:25:59.945+0000][1069.774s][info ][safepoint     ] Entering safepoint region: Cleanup
[2024-09-04T12:25:59.946+0000][1069.774s][info ][safepoint     ] Leaving safepoint region
[2024-09-04T12:25:59.946+0000][1069.774s][info ][safepoint     ] Total time for which application threads were stopped: 0.0007360 seconds, Stopping threads took: 0.0003181 seconds
[2024-09-04T12:26:00.946+0000][1070.775s][debug][safepoint     ] Safepoint synchronization initiated. (259 threads)
[2024-09-04T12:26:00.946+0000][1070.775s][info ][safepoint     ] Application time: 1.0003301 seconds
[2024-09-04T12:26:00.946+0000][1070.775s][debug][safepoint     ] ... found polling page return exception at pc = 0x00007ff4a12f256e, stub =0x00007ff498824b00
[2024-09-04T12:26:00.946+0000][1070.775s][debug][safepoint     ] Waiting for 1 thread(s) to block
[2024-09-04T12:26:00.946+0000][1070.775s][info ][safepoint     ] Entering safepoint region: Cleanup
[2024-09-04T12:26:00.947+0000][1070.776s][info ][safepoint     ] Leaving safepoint region
[2024-09-04T12:26:00.947+0000][1070.776s][info ][safepoint     ] Total time for which application threads were stopped: 0.0010540 seconds, Stopping threads took: 0.0004341 seconds
[2024-09-04T12:26:01.947+0000][1071.776s][debug][safepoint     ] Safepoint synchronization initiated. (259 threads)
[2024-09-04T12:26:01.947+0000][1071.776s][info ][safepoint     ] Application time: 1.0003044 seconds
[2024-09-04T12:26:01.948+0000][1071.776s][info ][safepoint     ] Entering safepoint region: Cleanup
[2024-09-04T12:26:01.948+0000][1071.777s][info ][safepoint     ] Leaving safepoint region
[2024-09-04T12:26:01.948+0000][1071.777s][info ][safepoint     ] Total time for which application threads were stopped: 0.0007645 seconds, Stopping threads took: 0.0002328 seconds
[2024-09-04T12:26:02.948+0000][1072.777s][debug][safepoint     ] Safepoint synchronization initiated. (259 threads)
[2024-09-04T12:26:02.948+0000][1072.777s][info ][safepoint     ] Application time: 1.0002159 seconds
[2024-09-04T12:26:02.949+0000][1072.777s][info ][safepoint     ] Entering safepoint region: Cleanup
[2024-09-04T12:26:02.949+0000][1072.778s][info ][safepoint     ] Leaving safepoint region
[2024-09-04T12:26:02.950+0000][1072.778s][info ][safepoint     ] Total time for which application threads were stopped: 0.0010270 seconds, Stopping threads took: 0.0001439 seconds
[2024-09-04T12:26:03.950+0000][1073.778s][debug][safepoint     ] Safepoint synchronization initiated. (259 threads)
[2024-09-04T12:26:03.950+0000][1073.779s][info ][safepoint     ] Application time: 1.0002430 seconds
[2024-09-04T12:26:03.950+0000][1073.779s][info ][safepoint     ] Entering safepoint region: Cleanup
[2024-09-04T12:26:03.951+0000][1073.779s][info ][safepoint     ] Leaving safepoint region
[2024-09-04T12:26:03.951+0000][1073.779s][info ][safepoint     ] Total time for which application threads were stopped: 0.0008122 seconds, Stopping threads took: 0.0002531 seconds
[2024-09-04T12:26:04.951+0000][1074.780s][debug][safepoint     ] Safepoint synchronization initiated. (259 threads)
[2024-09-04T12:26:04.951+0000][1074.780s][info ][safepoint     ] Application time: 1.0003465 seconds
[2024-09-04T12:26:04.951+0000][1074.780s][info ][safepoint     ] Entering safepoint region: Cleanup
[2024-09-04T12:26:04.952+0000][1074.781s][info ][safepoint     ] Leaving safepoint region
[2024-09-04T12:26:04.952+0000][1074.781s][info ][safepoint     ] Total time for which application threads were stopped: 0.0008757 seconds, Stopping threads took: 0.0002104 seconds
[2024-09-04T12:26:05.952+0000][1075.781s][debug][safepoint     ] Safepoint synchronization initiated. (259 threads)
[2024-09-04T12:26:05.952+0000][1075.781s][info ][safepoint     ] Application time: 1.0003111 seconds
[2024-09-04T12:26:05.952+0000][1075.781s][info ][safepoint     ] Entering safepoint region: Cleanup
[2024-09-04T12:26:05.953+0000][1075.782s][info ][safepoint     ] Leaving safepoint region
[2024-09-04T12:26:05.953+0000][1075.782s][info ][safepoint     ] Total time for which application threads were stopped: 0.0009925 seconds, Stopping threads took: 0.0002061 seconds
[2024-09-04T12:26:06.954+0000][1076.782s][debug][safepoint     ] Safepoint synchronization initiated. (259 threads)
[2024-09-04T12:26:06.954+0000][1076.782s][info ][safepoint     ] Application time: 1.0003455 seconds
[2024-09-04T12:26:06.954+0000][1076.783s][info ][safepoint     ] Entering safepoint region: Cleanup
[2024-09-04T12:26:06.955+0000][1076.784s][info ][safepoint     ] Leaving safepoint region
[2024-09-04T12:26:06.955+0000][1076.784s][info ][safepoint     ] Total time for which application threads were stopped: 0.0012176 seconds, Stopping threads took: 0.0003319 seconds
[2024-09-04T12:26:07.955+0000][1077.784s][debug][safepoint     ] Safepoint synchronization initiated. (259 threads)
[2024-09-04T12:26:07.955+0000][1077.784s][info ][safepoint     ] Application time: 1.0001857 seconds
[2024-09-04T12:26:07.955+0000][1077.784s][info ][safepoint     ] Entering safepoint region: Cleanup
[2024-09-04T12:26:07.956+0000][1077.784s][info ][safepoint     ] Leaving safepoint region
[2024-09-04T12:26:07.956+0000][1077.784s][info ][safepoint     ] Total time for which application threads were stopped: 0.0006076 seconds, Stopping threads took: 0.0001389 seconds
[2024-09-04T12:26:08.956+0000][1078.785s][debug][safepoint     ] Safepoint synchronization initiated. (259 threads)
[2024-09-04T12:26:08.956+0000][1078.785s][info ][safepoint     ] Application time: 1.0003052 seconds
[2024-09-04T12:26:08.956+0000][1078.785s][info ][safepoint     ] Entering safepoint region: Cleanup
[2024-09-04T12:26:08.957+0000][1078.786s][info ][safepoint     ] Leaving safepoint region
[2024-09-04T12:26:08.957+0000][1078.786s][info ][safepoint     ] Total time for which application threads were stopped: 0.0009671 seconds, Stopping threads took: 0.0002364 seconds
[2024-09-04T12:26:09.957+0000][1079.786s][debug][safepoint     ] Safepoint synchronization initiated. (259 threads)
[2024-09-04T12:26:09.957+0000][1079.786s][info ][safepoint     ] Application time: 1.0003214 seconds
[2024-09-04T12:26:09.958+0000][1079.786s][info ][safepoint     ] Entering safepoint region: Cleanup
[2024-09-04T12:26:09.958+0000][1079.787s][debug][safepoint     ] ... found polling page return exception at pc = 0x00007ff4a131ffd6, stub =0x00007ff498824b00
[2024-09-04T12:26:09.958+0000][1079.787s][debug][safepoint     ] ... found polling page return exception at pc = 0x00007ff4a131ffd6, stub =0x00007ff498824b00
[2024-09-04T12:26:09.959+0000][1079.787s][debug][safepoint     ] ... found polling page return exception at pc = 0x00007ff4a1374066, stub =0x00007ff498824b00
[2024-09-04T12:26:09.959+0000][1079.787s][info ][safepoint     ] Leaving safepoint region
[2024-09-04T12:26:09.959+0000][1079.788s][info ][safepoint     ] Total time for which application threads were stopped: 0.0015016 seconds, Stopping threads took: 0.0002993 seconds
[2024-09-04T12:26:10.959+0000][1080.788s][debug][safepoint     ] Safepoint synchronization initiated. (259 threads)
[2024-09-04T12:26:10.959+0000][1080.788s][info ][safepoint     ] Application time: 1.0003580 seconds
[2024-09-04T12:26:10.960+0000][1080.788s][info ][safepoint     ] Entering safepoint region: Cleanup
[2024-09-04T12:26:10.960+0000][1080.789s][info ][safepoint     ] Leaving safepoint region
[2024-09-04T12:26:10.960+0000][1080.789s][info ][safepoint     ] Total time for which application threads were stopped: 0.0008520 seconds, Stopping threads took: 0.0002420 seconds
[2024-09-04T12:26:11.960+0000][1081.789s][debug][safepoint     ] Safepoint synchronization initiated. (259 threads)
[2024-09-04T12:26:11.960+0000][1081.789s][info ][safepoint     ] Application time: 1.0002400 seconds
[2024-09-04T12:26:11.961+0000][1081.789s][info ][safepoint     ] Entering safepoint region: Cleanup
[2024-09-04T12:26:11.961+0000][1081.790s][info ][safepoint     ] Leaving safepoint region
[2024-09-04T12:26:11.961+0000][1081.790s][info ][safepoint     ] Total time for which application threads were stopped: 0.0005627 seconds, Stopping threads took: 0.0001635 seconds
[2024-09-04T12:26:12.961+0000][1082.790s][debug][safepoint     ] Safepoint synchronization initiated. (259 threads)
[2024-09-04T12:26:12.961+0000][1082.790s][info ][safepoint     ] Application time: 1.0001625 seconds
[2024-09-04T12:26:12.961+0000][1082.790s][info ][safepoint     ] Entering safepoint region: Cleanup
[2024-09-04T12:26:12.962+0000][1082.791s][info ][safepoint     ] Leaving safepoint region
[2024-09-04T12:26:12.962+0000][1082.791s][info ][safepoint     ] Total time for which application threads were stopped: 0.0008035 seconds, Stopping threads took: 0.0002795 seconds
[2024-09-04T12:26:13.962+0000][1083.791s][debug][safepoint     ] Safepoint synchronization initiated. (259 threads)
[2024-09-04T12:26:13.962+0000][1083.791s][info ][safepoint     ] Application time: 1.0003149 seconds
[2024-09-04T12:26:13.963+0000][1083.791s][info ][safepoint     ] Entering safepoint region: Cleanup
[2024-09-04T12:26:13.963+0000][1083.792s][info ][safepoint     ] Leaving safepoint region
[2024-09-04T12:26:13.963+0000][1083.792s][info ][safepoint     ] Total time for which application threads were stopped: 0.0010614 seconds, Stopping threads took: 0.0002113 seconds
[2024-09-04T12:26:14.964+0000][1084.793s][debug][safepoint     ] Safepoint synchronization initiated. (259 threads)
[2024-09-04T12:26:14.964+0000][1084.793s][info ][safepoint     ] Application time: 1.0003610 seconds
[2024-09-04T12:26:14.964+0000][1084.793s][info ][safepoint     ] Entering safepoint region: Cleanup
[2024-09-04T12:26:14.965+0000][1084.794s][info ][safepoint     ] Leaving safepoint region
[2024-09-04T12:26:14.965+0000][1084.794s][info ][safepoint     ] Total time for which application threads were stopped: 0.0010187 seconds, Stopping threads took: 0.0002073 seconds
[2024-09-04T12:26:15.965+0000][1085.794s][debug][safepoint     ] Safepoint synchronization initiated. (259 threads)
[2024-09-04T12:26:15.965+0000][1085.794s][info ][safepoint     ] Application time: 1.0003024 seconds
[2024-09-04T12:26:15.966+0000][1085.794s][info ][safepoint     ] Entering safepoint region: Cleanup
[2024-09-04T12:26:15.966+0000][1085.795s][info ][safepoint     ] Leaving safepoint region
[2024-09-04T12:26:15.966+0000][1085.795s][info ][safepoint     ] Total time for which application threads were stopped: 0.0009050 seconds, Stopping threads took: 0.0003495 seconds
[2024-09-04T12:26:16.966+0000][1086.795s][debug][safepoint     ] Safepoint synchronization initiated. (259 threads)
[2024-09-04T12:26:16.967+0000][1086.795s][info ][safepoint     ] Application time: 1.0003546 seconds
[2024-09-04T12:26:16.967+0000][1086.796s][info ][safepoint     ] Entering safepoint region: Cleanup
[2024-09-04T12:26:16.967+0000][1086.796s][info ][safepoint     ] Leaving safepoint region
[2024-09-04T12:26:16.967+0000][1086.796s][info ][safepoint     ] Total time for which application threads were stopped: 0.0008787 seconds, Stopping threads took: 0.0002570 seconds
[2024-09-04T12:26:17.968+0000][1087.796s][debug][safepoint     ] Safepoint synchronization initiated. (259 threads)
[2024-09-04T12:26:17.968+0000][1087.797s][info ][safepoint     ] Application time: 1.0003459 seconds
[2024-09-04T12:26:17.968+0000][1087.797s][info ][safepoint     ] Entering safepoint region: Cleanup
[2024-09-04T12:26:17.969+0000][1087.797s][info ][safepoint     ] Leaving safepoint region
[2024-09-04T12:26:17.969+0000][1087.798s][info ][safepoint     ] Total time for which application threads were stopped: 0.0009602 seconds, Stopping threads took: 0.0002473 seconds
[2024-09-04T12:26:18.969+0000][1088.798s][debug][safepoint     ] Safepoint synchronization initiated. (259 threads)
[2024-09-04T12:26:18.969+0000][1088.798s][info ][safepoint     ] Application time: 1.0002958 seconds
[2024-09-04T12:26:18.969+0000][1088.798s][info ][safepoint     ] Entering safepoint region: Cleanup
[2024-09-04T12:26:18.970+0000][1088.799s][info ][safepoint     ] Leaving safepoint region
[2024-09-04T12:26:18.970+0000][1088.799s][info ][safepoint     ] Total time for which application threads were stopped: 0.0009222 seconds, Stopping threads took: 0.0004126 seconds
[2024-09-04T12:26:19.970+0000][1089.799s][debug][safepoint     ] Safepoint synchronization initiated. (259 threads)
[2024-09-04T12:26:19.970+0000][1089.799s][info ][safepoint     ] Application time: 1.0002516 seconds
[2024-09-04T12:26:19.971+0000][1089.799s][info ][safepoint     ] Entering safepoint region: Cleanup
[2024-09-04T12:26:19.971+0000][1089.800s][info ][safepoint     ] Leaving safepoint region
[2024-09-04T12:26:19.971+0000][1089.800s][info ][safepoint     ] Total time for which application threads were stopped: 0.0007714 seconds, Stopping threads took: 0.0002059 seconds
[2024-09-04T12:26:20.971+0000][1090.800s][debug][safepoint     ] Safepoint synchronization initiated. (259 threads)
[2024-09-04T12:26:20.971+0000][1090.800s][info ][safepoint     ] Application time: 1.0003598 seconds
[2024-09-04T12:26:20.972+0000][1090.800s][info ][safepoint     ] Entering safepoint region: Cleanup
[2024-09-04T12:26:20.972+0000][1090.801s][info ][safepoint     ] Leaving safepoint region
[2024-09-04T12:26:20.972+0000][1090.801s][info ][safepoint     ] Total time for which application threads were stopped: 0.0008840 seconds, Stopping threads took: 0.0002448 seconds
[2024-09-04T12:26:21.973+0000][1091.801s][debug][safepoint     ] Safepoint synchronization initiated. (259 threads)
[2024-09-04T12:26:21.973+0000][1091.801s][info ][safepoint     ] Application time: 1.0001985 seconds
[2024-09-04T12:26:21.973+0000][1091.802s][info ][safepoint     ] Entering safepoint region: Cleanup
[2024-09-04T12:26:21.973+0000][1091.802s][info ][safepoint     ] Leaving safepoint region
[2024-09-04T12:26:21.973+0000][1091.802s][info ][safepoint     ] Total time for which application threads were stopped: 0.0005311 seconds, Stopping threads took: 0.0001677 seconds
[2024-09-04T12:26:22.973+0000][1092.802s][debug][safepoint     ] Safepoint synchronization initiated. (259 threads)
[2024-09-04T12:26:22.974+0000][1092.802s][info ][safepoint     ] Application time: 1.0003912 seconds
[2024-09-04T12:26:22.974+0000][1092.803s][info ][safepoint     ] Entering safepoint region: Cleanup
[2024-09-04T12:26:22.974+0000][1092.803s][info ][safepoint     ] Leaving safepoint region
[2024-09-04T12:26:22.974+0000][1092.803s][info ][safepoint     ] Total time for which application threads were stopped: 0.0007487 seconds, Stopping threads took: 0.0002253 seconds
[2024-09-04T12:26:22.974+0000][1092.803s][debug][safepoint     ] ... found polling page loop exception at pc = 0x00007ff4a1317510, stub =0x00007ff498826680
[2024-09-04T12:26:22.974+0000][1092.803s][debug][safepoint     ] ... found polling page loop exception at pc = 0x00007ff4a1317510, stub =0x00007ff498826680
[2024-09-04T12:26:23.975+0000][1093.803s][debug][safepoint     ] Safepoint synchronization initiated. (259 threads)
[2024-09-04T12:26:23.975+0000][1093.803s][info ][safepoint     ] Application time: 1.0002791 seconds
[2024-09-04T12:26:23.975+0000][1093.804s][info ][safepoint     ] Entering safepoint region: Cleanup
[2024-09-04T12:26:23.975+0000][1093.804s][info ][safepoint     ] Leaving safepoint region
[2024-09-04T12:26:23.975+0000][1093.804s][info ][safepoint     ] Total time for which application threads were stopped: 0.0007927 seconds, Stopping threads took: 0.0002360 seconds
[2024-09-04T12:26:24.976+0000][1094.805s][debug][safepoint     ] Safepoint synchronization initiated. (259 threads)
[2024-09-04T12:26:24.976+0000][1094.805s][info ][safepoint     ] Application time: 1.0003474 seconds
[2024-09-04T12:26:24.976+0000][1094.805s][info ][safepoint     ] Entering safepoint region: Cleanup
[2024-09-04T12:26:24.977+0000][1094.805s][info ][safepoint     ] Leaving safepoint region
[2024-09-04T12:26:24.977+0000][1094.805s][info ][safepoint     ] Total time for which application threads were stopped: 0.0007386 seconds, Stopping threads took: 0.0002188 seconds
[2024-09-04T12:26:25.977+0000][1095.806s][debug][safepoint     ] Safepoint synchronization initiated. (259 threads)
[2024-09-04T12:26:25.977+0000][1095.806s][info ][safepoint     ] Application time: 1.0003105 seconds
[2024-09-04T12:26:25.977+0000][1095.806s][debug][safepoint     ] ... found polling page return exception at pc = 0x00007ff4a0cbdc72, stub =0x00007ff498824b00
[2024-09-04T12:26:25.977+0000][1095.806s][debug][safepoint     ] ... found polling page return exception at pc = 0x00007ff4a0fe196f, stub =0x00007ff498824b00
[2024-09-04T12:26:25.977+0000][1095.806s][debug][safepoint     ] Waiting for 2 thread(s) to block
[2024-09-04T12:26:25.978+0000][1095.806s][info ][safepoint     ] Entering safepoint region: Cleanup
[2024-09-04T12:26:25.978+0000][1095.807s][info ][safepoint     ] Leaving safepoint region
[2024-09-04T12:26:25.978+0000][1095.807s][info ][safepoint     ] Total time for which application threads were stopped: 0.0010850 seconds, Stopping threads took: 0.0006035 seconds
[2024-09-04T12:26:26.978+0000][1096.807s][debug][safepoint     ] Safepoint synchronization initiated. (259 threads)
[2024-09-04T12:26:26.978+0000][1096.807s][info ][safepoint     ] Application time: 1.0003217 seconds
[2024-09-04T12:26:26.979+0000][1096.807s][info ][safepoint     ] Entering safepoint region: Cleanup
[2024-09-04T12:26:26.979+0000][1096.808s][info ][safepoint     ] Leaving safepoint region
[2024-09-04T12:26:26.979+0000][1096.808s][info ][safepoint     ] Total time for which application threads were stopped: 0.0007962 seconds, Stopping threads took: 0.0002236 seconds
[2024-09-04T12:26:27.979+0000][1097.808s][debug][safepoint     ] Safepoint synchronization initiated. (259 threads)
[2024-09-04T12:26:27.980+0000][1097.808s][info ][safepoint     ] Application time: 1.0002662 seconds
[2024-09-04T12:26:27.980+0000][1097.809s][info ][safepoint     ] Entering safepoint region: Cleanup
[2024-09-04T12:26:27.980+0000][1097.809s][info ][safepoint     ] Leaving safepoint region
[2024-09-04T12:26:27.980+0000][1097.809s][info ][safepoint     ] Total time for which application threads were stopped: 0.0008819 seconds, Stopping threads took: 0.0003273 seconds
[2024-09-04T12:26:28.652+0000][1098.481s][debug][safepoint     ] Safepoint synchronization initiated. (259 threads)
[2024-09-04T12:26:28.652+0000][1098.481s][info ][safepoint     ] Application time: 0.6714696 seconds
[2024-09-04T12:26:28.652+0000][1098.481s][debug][safepoint     ] ... found polling page return exception at pc = 0x00007ff4a0a468c4, stub =0x00007ff498824b00
[2024-09-04T12:26:28.652+0000][1098.481s][debug][safepoint     ] Waiting for 1 thread(s) to block
[2024-09-04T12:26:28.652+0000][1098.481s][info ][safepoint     ] Entering safepoint region: G1CollectForAllocation
[2024-09-04T12:26:28.653+0000][1098.481s][info ][gc,start      ] GC(108) Pause Young (Normal) (G1 Evacuation Pause)
[2024-09-04T12:26:28.653+0000][1098.481s][info ][gc,task       ] GC(108) Using 4 workers of 4 for evacuation
[2024-09-04T12:26:28.661+0000][1098.490s][info ][gc,phases     ] GC(108)   Pre Evacuate Collection Set: 0.0ms
[2024-09-04T12:26:28.661+0000][1098.490s][info ][gc,phases     ] GC(108)   Evacuate Collection Set: 2.2ms
[2024-09-04T12:26:28.661+0000][1098.490s][info ][gc,phases     ] GC(108)   Post Evacuate Collection Set: 5.8ms
[2024-09-04T12:26:28.661+0000][1098.490s][info ][gc,phases     ] GC(108)   Other: 0.4ms
[2024-09-04T12:26:28.661+0000][1098.490s][info ][gc,heap       ] GC(108) Eden regions: 191->0(191)
[2024-09-04T12:26:28.661+0000][1098.490s][info ][gc,heap       ] GC(108) Survivor regions: 1->1(24)
[2024-09-04T12:26:28.661+0000][1098.490s][info ][gc,heap       ] GC(108) Old regions: 175->175
[2024-09-04T12:26:28.661+0000][1098.490s][info ][gc,heap       ] GC(108) Humongous regions: 0->0
[2024-09-04T12:26:28.661+0000][1098.490s][info ][gc,metaspace  ] GC(108) Metaspace: 181196K(186992K)->181196K(186992K) NonClass: 160293K(163796K)->160293K(163796K) Class: 20903K(23196K)->20903K(23196K)
[2024-09-04T12:26:28.661+0000][1098.490s][info ][gc            ] GC(108) Pause Young (Normal) (G1 Evacuation Pause) 364M->173M(412M) 8.612ms
[2024-09-04T12:26:28.661+0000][1098.490s][info ][gc,cpu        ] GC(108) User=0.03s Sys=0.00s Real=0.00s
[2024-09-04T12:26:28.661+0000][1098.490s][info ][safepoint     ] Leaving safepoint region
[2024-09-04T12:26:28.661+0000][1098.490s][info ][safepoint     ] Total time for which application threads were stopped: 0.0094197 seconds, Stopping threads took: 0.0002974 seconds
[2024-09-04T12:26:28.661+0000][1098.490s][info ][gc,stringdedup] Concurrent String Deduplication (1098.490s)
[2024-09-04T12:26:28.662+0000][1098.490s][info ][gc,stringdedup] Concurrent String Deduplication 0.0B->0.0B(0.0B) avg 54.8% (1098.490s, 1098.490s) 0.046ms
[2024-09-04T12:26:29.662+0000][1099.490s][debug][safepoint     ] Safepoint synchronization initiated. (259 threads)
[2024-09-04T12:26:29.662+0000][1099.491s][info ][safepoint     ] Application time: 1.0002988 seconds
[2024-09-04T12:26:29.662+0000][1099.491s][info ][safepoint     ] Entering safepoint region: Cleanup
[2024-09-04T12:26:29.663+0000][1099.491s][info ][safepoint     ] Leaving safepoint region
[2024-09-04T12:26:29.663+0000][1099.491s][info ][safepoint     ] Total time for which application threads were stopped: 0.0008005 seconds, Stopping threads took: 0.0001928 seconds
[2024-09-04T12:26:30.663+0000][1100.492s][debug][safepoint     ] Safepoint synchronization initiated. (259 threads)
[2024-09-04T12:26:30.663+0000][1100.492s][info ][safepoint     ] Application time: 1.0002955 seconds
[2024-09-04T12:26:30.663+0000][1100.492s][info ][safepoint     ] Entering safepoint region: Cleanup
[2024-09-04T12:26:30.664+0000][1100.492s][info ][safepoint     ] Leaving safepoint region
[2024-09-04T12:26:30.664+0000][1100.493s][info ][safepoint     ] Total time for which application threads were stopped: 0.0007946 seconds, Stopping threads took: 0.0001853 seconds
[2024-09-04T12:26:31.664+0000][1101.493s][debug][safepoint     ] Safepoint synchronization initiated. (259 threads)
[2024-09-04T12:26:31.664+0000][1101.493s][info ][safepoint     ] Application time: 1.0001716 seconds
[2024-09-04T12:26:31.664+0000][1101.493s][info ][safepoint     ] Entering safepoint region: Cleanup
[2024-09-04T12:26:31.665+0000][1101.493s][info ][safepoint     ] Leaving safepoint region
[2024-09-04T12:26:31.665+0000][1101.494s][info ][safepoint     ] Total time for which application threads were stopped: 0.0008165 seconds, Stopping threads took: 0.0001554 seconds
[2024-09-04T12:26:32.665+0000][1102.494s][debug][safepoint     ] Safepoint synchronization initiated. (259 threads)
[2024-09-04T12:26:32.665+0000][1102.494s][info ][safepoint     ] Application time: 1.0003229 seconds
[2024-09-04T12:26:32.665+0000][1102.494s][debug][safepoint     ] ... found polling page return exception at pc = 0x00007ff4a0ee1b9f, stub =0x00007ff498824b00
[2024-09-04T12:26:32.665+0000][1102.494s][debug][safepoint     ] Waiting for 1 thread(s) to block
[2024-09-04T12:26:32.665+0000][1102.494s][info ][safepoint     ] Entering safepoint region: Cleanup
[2024-09-04T12:26:32.666+0000][1102.495s][info ][safepoint     ] Leaving safepoint region
[2024-09-04T12:26:32.666+0000][1102.495s][info ][safepoint     ] Total time for which application threads were stopped: 0.0009070 seconds, Stopping threads took: 0.0003963 seconds
[2024-09-04T12:26:33.666+0000][1103.495s][debug][safepoint     ] Safepoint synchronization initiated. (259 threads)
[2024-09-04T12:26:33.666+0000][1103.495s][info ][safepoint     ] Application time: 1.0002060 seconds
[2024-09-04T12:26:33.666+0000][1103.495s][info ][safepoint     ] Entering safepoint region: Cleanup
[2024-09-04T12:26:33.667+0000][1103.496s][info ][safepoint     ] Leaving safepoint region
[2024-09-04T12:26:33.667+0000][1103.496s][info ][safepoint     ] Total time for which application threads were stopped: 0.0005700 seconds, Stopping threads took: 0.0001664 seconds
[2024-09-04T12:26:34.667+0000][1104.496s][debug][safepoint     ] Safepoint synchronization initiated. (259 threads)
[2024-09-04T12:26:34.667+0000][1104.496s][info ][safepoint     ] Application time: 1.0001968 seconds
[2024-09-04T12:26:34.667+0000][1104.496s][info ][safepoint     ] Entering safepoint region: Cleanup
[2024-09-04T12:26:34.668+0000][1104.497s][info ][safepoint     ] Leaving safepoint region
[2024-09-04T12:26:34.668+0000][1104.497s][info ][safepoint     ] Total time for which application threads were stopped: 0.0007083 seconds, Stopping threads took: 0.0001723 seconds
[2024-09-04T12:26:35.668+0000][1105.497s][debug][safepoint     ] Safepoint synchronization initiated. (259 threads)
[2024-09-04T12:26:35.668+0000][1105.497s][info ][safepoint     ] Application time: 1.0002925 seconds
[2024-09-04T12:26:35.668+0000][1105.497s][info ][safepoint     ] Entering safepoint region: Cleanup
[2024-09-04T12:26:35.669+0000][1105.498s][info ][safepoint     ] Leaving safepoint region
[2024-09-04T12:26:35.669+0000][1105.498s][debug][safepoint     ] ... found polling page loop exception at pc = 0x00007ff4a1317510, stub =0x00007ff498826680
[2024-09-04T12:26:35.669+0000][1105.498s][info ][safepoint     ] Total time for which application threads were stopped: 0.0008617 seconds, Stopping threads took: 0.0001862 seconds
[2024-09-04T12:26:36.669+0000][1106.498s][debug][safepoint     ] Safepoint synchronization initiated. (259 threads)
[2024-09-04T12:26:36.670+0000][1106.498s][info ][safepoint     ] Application time: 1.0003880 seconds
[2024-09-04T12:26:36.670+0000][1106.499s][info ][safepoint     ] Entering safepoint region: Cleanup
[2024-09-04T12:26:36.670+0000][1106.499s][info ][safepoint     ] Leaving safepoint region
[2024-09-04T12:26:36.670+0000][1106.499s][info ][safepoint     ] Total time for which application threads were stopped: 0.0008248 seconds, Stopping threads took: 0.0002204 seconds
[2024-09-04T12:26:37.671+0000][1107.499s][debug][safepoint     ] Safepoint synchronization initiated. (259 threads)
[2024-09-04T12:26:37.671+0000][1107.500s][info ][safepoint     ] Application time: 1.0003807 seconds
[2024-09-04T12:26:37.671+0000][1107.500s][info ][safepoint     ] Entering safepoint region: Cleanup
[2024-09-04T12:26:37.672+0000][1107.500s][info ][safepoint     ] Leaving safepoint region
[2024-09-04T12:26:37.672+0000][1107.500s][info ][safepoint     ] Total time for which application threads were stopped: 0.0008189 seconds, Stopping threads took: 0.0002074 seconds
[2024-09-04T12:26:38.672+0000][1108.501s][debug][safepoint     ] Safepoint synchronization initiated. (259 threads)
[2024-09-04T12:26:38.672+0000][1108.501s][info ][safepoint     ] Application time: 1.0002477 seconds
[2024-09-04T12:26:38.672+0000][1108.501s][info ][safepoint     ] Entering safepoint region: Cleanup
[2024-09-04T12:26:38.673+0000][1108.501s][info ][safepoint     ] Leaving safepoint region
[2024-09-04T12:26:38.673+0000][1108.501s][info ][safepoint     ] Total time for which application threads were stopped: 0.0005966 seconds, Stopping threads took: 0.0001955 seconds
[2024-09-04T12:26:39.673+0000][1109.502s][debug][safepoint     ] Safepoint synchronization initiated. (259 threads)
[2024-09-04T12:26:39.673+0000][1109.502s][info ][safepoint     ] Application time: 1.0003431 seconds
[2024-09-04T12:26:39.673+0000][1109.502s][info ][safepoint     ] Entering safepoint region: Cleanup
[2024-09-04T12:26:39.674+0000][1109.503s][info ][safepoint     ] Leaving safepoint region
[2024-09-04T12:26:39.674+0000][1109.503s][info ][safepoint     ] Total time for which application threads were stopped: 0.0009453 seconds, Stopping threads took: 0.0002087 seconds
[2024-09-04T12:26:40.674+0000][1110.503s][debug][safepoint     ] Safepoint synchronization initiated. (259 threads)
[2024-09-04T12:26:40.674+0000][1110.503s][info ][safepoint     ] Application time: 1.0002787 seconds
[2024-09-04T12:26:40.674+0000][1110.503s][info ][safepoint     ] Entering safepoint region: Cleanup
[2024-09-04T12:26:40.675+0000][1110.504s][info ][safepoint     ] Leaving safepoint region
[2024-09-04T12:26:40.675+0000][1110.504s][info ][safepoint     ] Total time for which application threads were stopped: 0.0009592 seconds, Stopping threads took: 0.0002320 seconds
[2024-09-04T12:26:41.675+0000][1111.504s][debug][safepoint     ] Safepoint synchronization initiated. (259 threads)
[2024-09-04T12:26:41.675+0000][1111.504s][info ][safepoint     ] Application time: 1.0002369 seconds
[2024-09-04T12:26:41.676+0000][1111.504s][info ][safepoint     ] Entering safepoint region: Cleanup
[2024-09-04T12:26:41.676+0000][1111.505s][info ][safepoint     ] Leaving safepoint region
[2024-09-04T12:26:41.676+0000][1111.505s][info ][safepoint     ] Total time for which application threads were stopped: 0.0008231 seconds, Stopping threads took: 0.0001716 seconds
[2024-09-04T12:26:42.676+0000][1112.505s][debug][safepoint     ] Safepoint synchronization initiated. (259 threads)
[2024-09-04T12:26:42.677+0000][1112.505s][info ][safepoint     ] Application time: 1.0002243 seconds
[2024-09-04T12:26:42.677+0000][1112.506s][info ][safepoint     ] Entering safepoint region: Cleanup
[2024-09-04T12:26:42.677+0000][1112.506s][info ][safepoint     ] Leaving safepoint region
[2024-09-04T12:26:42.677+0000][1112.506s][info ][safepoint     ] Total time for which application threads were stopped: 0.0008505 seconds, Stopping threads took: 0.0002508 seconds
[2024-09-04T12:26:43.678+0000][1113.506s][debug][safepoint     ] Safepoint synchronization initiated. (259 threads)
[2024-09-04T12:26:43.678+0000][1113.506s][info ][safepoint     ] Application time: 1.0002154 seconds
[2024-09-04T12:26:43.678+0000][1113.507s][info ][safepoint     ] Entering safepoint region: Cleanup
[2024-09-04T12:26:43.678+0000][1113.507s][info ][safepoint     ] Leaving safepoint region
[2024-09-04T12:26:43.678+0000][1113.507s][info ][safepoint     ] Total time for which application threads were stopped: 0.0007655 seconds, Stopping threads took: 0.0002169 seconds
[2024-09-04T12:26:44.679+0000][1114.507s][debug][safepoint     ] Safepoint synchronization initiated. (259 threads)
[2024-09-04T12:26:44.679+0000][1114.508s][info ][safepoint     ] Application time: 1.0002865 seconds
[2024-09-04T12:26:44.679+0000][1114.508s][info ][safepoint     ] Entering safepoint region: Cleanup
[2024-09-04T12:26:44.680+0000][1114.509s][info ][safepoint     ] Leaving safepoint region
[2024-09-04T12:26:44.680+0000][1114.509s][info ][safepoint     ] Total time for which application threads were stopped: 0.0009731 seconds, Stopping threads took: 0.0001999 seconds
[2024-09-04T12:26:45.680+0000][1115.509s][debug][safepoint     ] Safepoint synchronization initiated. (259 threads)
[2024-09-04T12:26:45.680+0000][1115.509s][info ][safepoint     ] Application time: 1.0002252 seconds
[2024-09-04T12:26:45.680+0000][1115.509s][info ][safepoint     ] Entering safepoint region: Cleanup
[2024-09-04T12:26:45.681+0000][1115.510s][info ][safepoint     ] Leaving safepoint region
[2024-09-04T12:26:45.681+0000][1115.510s][info ][safepoint     ] Total time for which application threads were stopped: 0.0008593 seconds, Stopping threads took: 0.0001945 seconds
[2024-09-04T12:26:46.681+0000][1116.510s][debug][safepoint     ] Safepoint synchronization initiated. (259 threads)
[2024-09-04T12:26:46.681+0000][1116.510s][info ][safepoint     ] Application time: 1.0003471 seconds
[2024-09-04T12:26:46.682+0000][1116.510s][info ][safepoint     ] Entering safepoint region: Cleanup
[2024-09-04T12:26:46.682+0000][1116.511s][info ][safepoint     ] Leaving safepoint region
[2024-09-04T12:26:46.682+0000][1116.511s][info ][safepoint     ] Total time for which application threads were stopped: 0.0008642 seconds, Stopping threads took: 0.0002926 seconds
[2024-09-04T12:26:47.682+0000][1117.511s][debug][safepoint     ] Safepoint synchronization initiated. (259 threads)
[2024-09-04T12:26:47.683+0000][1117.511s][info ][safepoint     ] Application time: 1.0003180 seconds
[2024-09-04T12:26:47.683+0000][1117.512s][info ][safepoint     ] Entering safepoint region: Cleanup
[2024-09-04T12:26:47.683+0000][1117.512s][info ][safepoint     ] Leaving safepoint region
[2024-09-04T12:26:47.683+0000][1117.512s][info ][safepoint     ] Total time for which application threads were stopped: 0.0007381 seconds, Stopping threads took: 0.0002562 seconds
[2024-09-04T12:26:48.684+0000][1118.512s][debug][safepoint     ] Safepoint synchronization initiated. (259 threads)
[2024-09-04T12:26:48.684+0000][1118.512s][info ][safepoint     ] Application time: 1.0002445 seconds
[2024-09-04T12:26:48.684+0000][1118.513s][info ][safepoint     ] Entering safepoint region: Cleanup
[2024-09-04T12:26:48.684+0000][1118.513s][info ][safepoint     ] Leaving safepoint region
[2024-09-04T12:26:48.684+0000][1118.513s][info ][safepoint     ] Total time for which application threads were stopped: 0.0006730 seconds, Stopping threads took: 0.0002263 seconds
[2024-09-04T12:26:49.685+0000][1119.513s][debug][safepoint     ] Safepoint synchronization initiated. (259 threads)
[2024-09-04T12:26:49.685+0000][1119.513s][info ][safepoint     ] Application time: 1.0003144 seconds
[2024-09-04T12:26:49.685+0000][1119.514s][info ][safepoint     ] Entering safepoint region: Cleanup
[2024-09-04T12:26:49.686+0000][1119.514s][info ][safepoint     ] Leaving safepoint region
[2024-09-04T12:26:49.686+0000][1119.514s][info ][safepoint     ] Total time for which application threads were stopped: 0.0009432 seconds, Stopping threads took: 0.0002818 seconds
[2024-09-04T12:26:50.686+0000][1120.515s][debug][safepoint     ] Safepoint synchronization initiated. (259 threads)
[2024-09-04T12:26:50.686+0000][1120.515s][info ][safepoint     ] Application time: 1.0003008 seconds
[2024-09-04T12:26:50.686+0000][1120.515s][info ][safepoint     ] Entering safepoint region: Cleanup
[2024-09-04T12:26:50.687+0000][1120.516s][info ][safepoint     ] Leaving safepoint region
[2024-09-04T12:26:50.687+0000][1120.516s][info ][safepoint     ] Total time for which application threads were stopped: 0.0008527 seconds, Stopping threads took: 0.0002568 seconds
[2024-09-04T12:26:51.687+0000][1121.516s][debug][safepoint     ] Safepoint synchronization initiated. (259 threads)
[2024-09-04T12:26:51.687+0000][1121.516s][info ][safepoint     ] Application time: 1.0003238 seconds
[2024-09-04T12:26:51.687+0000][1121.516s][info ][safepoint     ] Entering safepoint region: Cleanup
[2024-09-04T12:26:51.688+0000][1121.517s][debug][safepoint     ] ... found polling page return exception at pc = 0x00007ff4a131ffd6, stub =0x00007ff498824b00
[2024-09-04T12:26:51.688+0000][1121.517s][info ][safepoint     ] Leaving safepoint region
[2024-09-04T12:26:51.688+0000][1121.517s][info ][safepoint     ] Total time for which application threads were stopped: 0.0008073 seconds, Stopping threads took: 0.0001637 seconds
[2024-09-04T12:26:52.688+0000][1122.517s][debug][safepoint     ] Safepoint synchronization initiated. (259 threads)
[2024-09-04T12:26:52.688+0000][1122.517s][info ][safepoint     ] Application time: 1.0003375 seconds
[2024-09-04T12:26:52.689+0000][1122.517s][info ][safepoint     ] Entering safepoint region: Cleanup
[2024-09-04T12:26:52.689+0000][1122.518s][info ][safepoint     ] Leaving safepoint region
[2024-09-04T12:26:52.689+0000][1122.518s][info ][safepoint     ] Total time for which application threads were stopped: 0.0009808 seconds, Stopping threads took: 0.0002413 seconds
[2024-09-04T12:26:53.690+0000][1123.518s][debug][safepoint     ] Safepoint synchronization initiated. (259 threads)
[2024-09-04T12:26:53.690+0000][1123.518s][info ][safepoint     ] Application time: 1.0001829 seconds
[2024-09-04T12:26:53.690+0000][1123.519s][info ][safepoint     ] Entering safepoint region: Cleanup
[2024-09-04T12:26:53.690+0000][1123.519s][info ][safepoint     ] Leaving safepoint region
[2024-09-04T12:26:53.690+0000][1123.519s][info ][safepoint     ] Total time for which application threads were stopped: 0.0005308 seconds, Stopping threads took: 0.0001734 seconds
[2024-09-04T12:26:54.690+0000][1124.519s][debug][safepoint     ] Safepoint synchronization initiated. (259 threads)
[2024-09-04T12:26:54.690+0000][1124.519s][info ][safepoint     ] Application time: 1.0001986 seconds
[2024-09-04T12:26:54.691+0000][1124.519s][info ][safepoint     ] Entering safepoint region: Cleanup
[2024-09-04T12:26:54.691+0000][1124.520s][info ][safepoint     ] Leaving safepoint region
[2024-09-04T12:26:54.691+0000][1124.520s][info ][safepoint     ] Total time for which application threads were stopped: 0.0005817 seconds, Stopping threads took: 0.0001885 seconds
[2024-09-04T12:26:55.691+0000][1125.520s][debug][safepoint     ] Safepoint synchronization initiated. (259 threads)
[2024-09-04T12:26:55.691+0000][1125.520s][info ][safepoint     ] Application time: 1.0003350 seconds
[2024-09-04T12:26:55.692+0000][1125.520s][info ][safepoint     ] Entering safepoint region: Cleanup
[2024-09-04T12:26:55.692+0000][1125.521s][info ][safepoint     ] Leaving safepoint region
[2024-09-04T12:26:55.693+0000][1125.521s][info ][safepoint     ] Total time for which application threads were stopped: 0.0011368 seconds, Stopping threads took: 0.0002750 seconds
[2024-09-04T12:26:56.693+0000][1126.522s][debug][safepoint     ] Safepoint synchronization initiated. (259 threads)
[2024-09-04T12:26:56.693+0000][1126.522s][info ][safepoint     ] Application time: 1.0003499 seconds
[2024-09-04T12:26:56.693+0000][1126.522s][info ][safepoint     ] Entering safepoint region: Cleanup
[2024-09-04T12:26:56.694+0000][1126.523s][info ][safepoint     ] Leaving safepoint region
[2024-09-04T12:26:56.694+0000][1126.523s][info ][safepoint     ] Total time for which application threads were stopped: 0.0009473 seconds, Stopping threads took: 0.0002181 seconds
[2024-09-04T12:26:57.694+0000][1127.523s][debug][safepoint     ] Safepoint synchronization initiated. (259 threads)
[2024-09-04T12:26:57.694+0000][1127.523s][info ][safepoint     ] Application time: 1.0002320 seconds
[2024-09-04T12:26:57.694+0000][1127.523s][info ][safepoint     ] Entering safepoint region: Cleanup
[2024-09-04T12:26:57.695+0000][1127.524s][info ][safepoint     ] Leaving safepoint region
[2024-09-04T12:26:57.695+0000][1127.524s][info ][safepoint     ] Total time for which application threads were stopped: 0.0007794 seconds, Stopping threads took: 0.0001897 seconds
[2024-09-04T12:26:58.295+0000][1128.124s][debug][safepoint     ] Safepoint synchronization initiated. (259 threads)
[2024-09-04T12:26:58.295+0000][1128.124s][info ][safepoint     ] Application time: 0.6001672 seconds
[2024-09-04T12:26:58.295+0000][1128.124s][debug][safepoint     ] Waiting for 1 thread(s) to block
[2024-09-04T12:26:58.295+0000][1128.124s][info ][safepoint     ] Entering safepoint region: G1CollectForAllocation
[2024-09-04T12:26:58.296+0000][1128.125s][info ][gc,start      ] GC(109) Pause Young (Normal) (G1 Evacuation Pause)
[2024-09-04T12:26:58.296+0000][1128.125s][info ][gc,task       ] GC(109) Using 4 workers of 4 for evacuation
[2024-09-04T12:26:58.304+0000][1128.133s][info ][gc,phases     ] GC(109)   Pre Evacuate Collection Set: 0.0ms
[2024-09-04T12:26:58.305+0000][1128.133s][info ][gc,phases     ] GC(109)   Evacuate Collection Set: 3.0ms
[2024-09-04T12:26:58.305+0000][1128.133s][info ][gc,phases     ] GC(109)   Post Evacuate Collection Set: 5.1ms
[2024-09-04T12:26:58.305+0000][1128.133s][info ][gc,phases     ] GC(109)   Other: 0.5ms
[2024-09-04T12:26:58.305+0000][1128.133s][info ][gc,heap       ] GC(109) Eden regions: 191->0(191)
[2024-09-04T12:26:58.305+0000][1128.133s][info ][gc,heap       ] GC(109) Survivor regions: 1->1(24)
[2024-09-04T12:26:58.305+0000][1128.133s][info ][gc,heap       ] GC(109) Old regions: 175->175
[2024-09-04T12:26:58.305+0000][1128.133s][info ][gc,heap       ] GC(109) Humongous regions: 0->0
[2024-09-04T12:26:58.305+0000][1128.133s][info ][gc,metaspace  ] GC(109) Metaspace: 181214K(187248K)->181214K(187248K) NonClass: 160310K(164052K)->160310K(164052K) Class: 20903K(23196K)->20903K(23196K)
[2024-09-04T12:26:58.305+0000][1128.133s][info ][gc            ] GC(109) Pause Young (Normal) (G1 Evacuation Pause) 364M->173M(412M) 8.783ms
[2024-09-04T12:26:58.305+0000][1128.134s][info ][gc,cpu        ] GC(109) User=0.02s Sys=0.00s Real=0.01s
[2024-09-04T12:26:58.305+0000][1128.134s][info ][safepoint     ] Leaving safepoint region
[2024-09-04T12:26:58.305+0000][1128.134s][info ][safepoint     ] Total time for which application threads were stopped: 0.0097511 seconds, Stopping threads took: 0.0002932 seconds
[2024-09-04T12:26:58.305+0000][1128.134s][info ][gc,stringdedup] Concurrent String Deduplication (1128.134s)
[2024-09-04T12:26:58.305+0000][1128.134s][info ][gc,stringdedup] Concurrent String Deduplication 32.0B->0.0B(32.0B) avg 54.8% (1128.134s, 1128.134s) 0.041ms
[2024-09-04T12:26:59.305+0000][1129.134s][debug][safepoint     ] Safepoint synchronization initiated. (259 threads)
[2024-09-04T12:26:59.305+0000][1129.134s][info ][safepoint     ] Application time: 1.0002582 seconds
[2024-09-04T12:26:59.305+0000][1129.134s][info ][safepoint     ] Entering safepoint region: Cleanup
[2024-09-04T12:26:59.306+0000][1129.134s][info ][safepoint     ] Leaving safepoint region
[2024-09-04T12:26:59.306+0000][1129.135s][info ][safepoint     ] Total time for which application threads were stopped: 0.0005865 seconds, Stopping threads took: 0.0001569 seconds
[2024-09-04T12:27:00.306+0000][1130.135s][debug][safepoint     ] Safepoint synchronization initiated. (259 threads)
[2024-09-04T12:27:00.306+0000][1130.135s][info ][safepoint     ] Application time: 1.0002411 seconds
[2024-09-04T12:27:00.306+0000][1130.135s][info ][safepoint     ] Entering safepoint region: Cleanup
[2024-09-04T12:27:00.307+0000][1130.136s][info ][safepoint     ] Leaving safepoint region
[2024-09-04T12:27:00.307+0000][1130.136s][info ][safepoint     ] Total time for which application threads were stopped: 0.0009815 seconds, Stopping threads took: 0.0002154 seconds
[2024-09-04T12:27:01.307+0000][1131.136s][debug][safepoint     ] Safepoint synchronization initiated. (259 threads)
[2024-09-04T12:27:01.307+0000][1131.136s][info ][safepoint     ] Application time: 1.0002353 seconds
[2024-09-04T12:27:01.307+0000][1131.136s][info ][safepoint     ] Entering safepoint region: Cleanup
[2024-09-04T12:27:01.308+0000][1131.137s][info ][safepoint     ] Leaving safepoint region
[2024-09-04T12:27:01.308+0000][1131.137s][info ][safepoint     ] Total time for which application threads were stopped: 0.0009313 seconds, Stopping threads took: 0.0002006 seconds
[2024-09-04T12:27:02.308+0000][1132.137s][debug][safepoint     ] Safepoint synchronization initiated. (259 threads)
[2024-09-04T12:27:02.309+0000][1132.137s][info ][safepoint     ] Application time: 1.0002649 seconds
[2024-09-04T12:27:02.309+0000][1132.137s][debug][safepoint     ] ... found polling page return exception at pc = 0x00007ff4a086111e, stub =0x00007ff498824b00
[2024-09-04T12:27:02.309+0000][1132.138s][debug][safepoint     ] Waiting for 1 thread(s) to block
[2024-09-04T12:27:02.309+0000][1132.138s][info ][safepoint     ] Entering safepoint region: Cleanup
[2024-09-04T12:27:02.310+0000][1132.138s][info ][safepoint     ] Leaving safepoint region
[2024-09-04T12:27:02.310+0000][1132.138s][info ][safepoint     ] Total time for which application threads were stopped: 0.0011039 seconds, Stopping threads took: 0.0004481 seconds
[2024-09-04T12:27:03.310+0000][1133.139s][debug][safepoint     ] Safepoint synchronization initiated. (259 threads)
[2024-09-04T12:27:03.310+0000][1133.139s][info ][safepoint     ] Application time: 1.0002372 seconds
[2024-09-04T12:27:03.310+0000][1133.139s][info ][safepoint     ] Entering safepoint region: Cleanup
[2024-09-04T12:27:03.311+0000][1133.139s][info ][safepoint     ] Leaving safepoint region
[2024-09-04T12:27:03.311+0000][1133.140s][info ][safepoint     ] Total time for which application threads were stopped: 0.0008429 seconds, Stopping threads took: 0.0002310 seconds
[2024-09-04T12:27:04.311+0000][1134.140s][debug][safepoint     ] Safepoint synchronization initiated. (259 threads)
[2024-09-04T12:27:04.311+0000][1134.140s][info ][safepoint     ] Application time: 1.0003370 seconds
[2024-09-04T12:27:04.311+0000][1134.140s][info ][safepoint     ] Entering safepoint region: Cleanup
[2024-09-04T12:27:04.312+0000][1134.141s][info ][safepoint     ] Leaving safepoint region
[2024-09-04T12:27:04.312+0000][1134.141s][info ][safepoint     ] Total time for which application threads were stopped: 0.0008752 seconds, Stopping threads took: 0.0002510 seconds
[2024-09-04T12:27:04.312+0000][1134.141s][debug][safepoint     ] ... found polling page loop exception at pc = 0x00007ff4a1317510, stub =0x00007ff498826680
[2024-09-04T12:27:05.312+0000][1135.141s][debug][safepoint     ] Safepoint synchronization initiated. (259 threads)
[2024-09-04T12:27:05.312+0000][1135.141s][info ][safepoint     ] Application time: 1.0002575 seconds
[2024-09-04T12:27:05.313+0000][1135.141s][info ][safepoint     ] Entering safepoint region: Cleanup
[2024-09-04T12:27:05.313+0000][1135.142s][info ][safepoint     ] Leaving safepoint region
[2024-09-04T12:27:05.313+0000][1135.142s][info ][safepoint     ] Total time for which application threads were stopped: 0.0007919 seconds, Stopping threads took: 0.0002239 seconds
[2024-09-04T12:27:06.313+0000][1136.142s][debug][safepoint     ] Safepoint synchronization initiated. (259 threads)
[2024-09-04T12:27:06.314+0000][1136.142s][info ][safepoint     ] Application time: 1.0004836 seconds
[2024-09-04T12:27:06.314+0000][1136.143s][info ][safepoint     ] Entering safepoint region: Cleanup
[2024-09-04T12:27:06.314+0000][1136.143s][info ][safepoint     ] Leaving safepoint region
[2024-09-04T12:27:06.314+0000][1136.143s][info ][safepoint     ] Total time for which application threads were stopped: 0.0007281 seconds, Stopping threads took: 0.0002758 seconds
[2024-09-04T12:27:06.314+0000][1136.143s][debug][safepoint     ] ... found polling page loop exception at pc = 0x00007ff49b70b7fe, stub =0x00007ff498826680
[2024-09-04T12:27:07.315+0000][1137.143s][debug][safepoint     ] Safepoint synchronization initiated. (259 threads)
[2024-09-04T12:27:07.315+0000][1137.144s][info ][safepoint     ] Application time: 1.0003299 seconds
[2024-09-04T12:27:07.315+0000][1137.144s][info ][safepoint     ] Entering safepoint region: Cleanup
[2024-09-04T12:27:07.316+0000][1137.144s][info ][safepoint     ] Leaving safepoint region
[2024-09-04T12:27:07.316+0000][1137.144s][info ][safepoint     ] Total time for which application threads were stopped: 0.0007559 seconds, Stopping threads took: 0.0002069 seconds
[2024-09-04T12:27:08.316+0000][1138.145s][debug][safepoint     ] Safepoint synchronization initiated. (259 threads)
[2024-09-04T12:27:08.316+0000][1138.145s][info ][safepoint     ] Application time: 1.0003575 seconds
[2024-09-04T12:27:08.316+0000][1138.145s][info ][safepoint     ] Entering safepoint region: Cleanup
[2024-09-04T12:27:08.317+0000][1138.146s][info ][safepoint     ] Leaving safepoint region
[2024-09-04T12:27:08.317+0000][1138.146s][info ][safepoint     ] Total time for which application threads were stopped: 0.0010315 seconds, Stopping threads took: 0.0002414 seconds
[2024-09-04T12:27:09.317+0000][1139.146s][debug][safepoint     ] Safepoint synchronization initiated. (259 threads)
[2024-09-04T12:27:09.317+0000][1139.146s][info ][safepoint     ] Application time: 1.0003014 seconds
[2024-09-04T12:27:09.318+0000][1139.146s][info ][safepoint     ] Entering safepoint region: Cleanup
[2024-09-04T12:27:09.318+0000][1139.147s][info ][safepoint     ] Leaving safepoint region
[2024-09-04T12:27:09.318+0000][1139.147s][info ][safepoint     ] Total time for which application threads were stopped: 0.0009594 seconds, Stopping threads took: 0.0003958 seconds
[2024-09-04T12:27:10.318+0000][1140.147s][debug][safepoint     ] Safepoint synchronization initiated. (259 threads)
[2024-09-04T12:27:10.319+0000][1140.147s][info ][safepoint     ] Application time: 1.0001933 seconds
[2024-09-04T12:27:10.319+0000][1140.148s][info ][safepoint     ] Entering safepoint region: Cleanup
[2024-09-04T12:27:10.319+0000][1140.148s][info ][safepoint     ] Leaving safepoint region
[2024-09-04T12:27:10.319+0000][1140.148s][info ][safepoint     ] Total time for which application threads were stopped: 0.0007652 seconds, Stopping threads took: 0.0002572 seconds
[2024-09-04T12:27:11.320+0000][1141.148s][debug][safepoint     ] Safepoint synchronization initiated. (259 threads)
[2024-09-04T12:27:11.320+0000][1141.148s][info ][safepoint     ] Application time: 1.0002182 seconds
[2024-09-04T12:27:11.320+0000][1141.149s][info ][safepoint     ] Entering safepoint region: Cleanup
[2024-09-04T12:27:11.320+0000][1141.149s][info ][safepoint     ] Leaving safepoint region
[2024-09-04T12:27:11.320+0000][1141.149s][info ][safepoint     ] Total time for which application threads were stopped: 0.0005020 seconds, Stopping threads took: 0.0001983 seconds
[2024-09-04T12:27:12.320+0000][1142.149s][debug][safepoint     ] Safepoint synchronization initiated. (259 threads)
[2024-09-04T12:27:12.320+0000][1142.149s][info ][safepoint     ] Application time: 1.0002791 seconds
[2024-09-04T12:27:12.321+0000][1142.149s][info ][safepoint     ] Entering safepoint region: Cleanup
[2024-09-04T12:27:12.321+0000][1142.150s][info ][safepoint     ] Leaving safepoint region
[2024-09-04T12:27:12.321+0000][1142.150s][info ][safepoint     ] Total time for which application threads were stopped: 0.0005685 seconds, Stopping threads took: 0.0001924 seconds
[2024-09-04T12:27:13.321+0000][1143.150s][debug][safepoint     ] Safepoint synchronization initiated. (259 threads)
[2024-09-04T12:27:13.321+0000][1143.150s][info ][safepoint     ] Application time: 1.0003344 seconds
[2024-09-04T12:27:13.322+0000][1143.150s][info ][safepoint     ] Entering safepoint region: Cleanup
[2024-09-04T12:27:13.322+0000][1143.151s][info ][safepoint     ] Leaving safepoint region
[2024-09-04T12:27:13.322+0000][1143.151s][info ][safepoint     ] Total time for which application threads were stopped: 0.0010692 seconds, Stopping threads took: 0.0003179 seconds
[2024-09-04T12:27:14.323+0000][1144.151s][debug][safepoint     ] Safepoint synchronization initiated. (259 threads)
[2024-09-04T12:27:14.323+0000][1144.152s][info ][safepoint     ] Application time: 1.0003055 seconds
[2024-09-04T12:27:14.323+0000][1144.152s][info ][safepoint     ] Entering safepoint region: Cleanup
[2024-09-04T12:27:14.324+0000][1144.152s][info ][safepoint     ] Leaving safepoint region
[2024-09-04T12:27:14.324+0000][1144.152s][info ][safepoint     ] Total time for which application threads were stopped: 0.0007695 seconds, Stopping threads took: 0.0001854 seconds
[2024-09-04T12:27:15.324+0000][1145.153s][debug][safepoint     ] Safepoint synchronization initiated. (259 threads)
[2024-09-04T12:27:15.324+0000][1145.153s][info ][safepoint     ] Application time: 1.0002453 seconds
[2024-09-04T12:27:15.324+0000][1145.153s][info ][safepoint     ] Entering safepoint region: Cleanup
[2024-09-04T12:27:15.325+0000][1145.154s][info ][safepoint     ] Leaving safepoint region
[2024-09-04T12:27:15.325+0000][1145.154s][info ][safepoint     ] Total time for which application threads were stopped: 0.0009599 seconds, Stopping threads took: 0.0002075 seconds
[2024-09-04T12:27:16.325+0000][1146.154s][debug][safepoint     ] Safepoint synchronization initiated. (259 threads)
[2024-09-04T12:27:16.325+0000][1146.154s][info ][safepoint     ] Application time: 1.0003787 seconds
[2024-09-04T12:27:16.326+0000][1146.154s][info ][safepoint     ] Entering safepoint region: Cleanup
[2024-09-04T12:27:16.326+0000][1146.155s][info ][safepoint     ] Leaving safepoint region
[2024-09-04T12:27:16.326+0000][1146.155s][debug][safepoint     ] ... found polling page return exception at pc = 0x00007ff4a131ffd6, stub =0x00007ff498824b00
[2024-09-04T12:27:16.326+0000][1146.155s][debug][safepoint     ] ... found polling page return exception at pc = 0x00007ff4a131ffd6, stub =0x00007ff498824b00
[2024-09-04T12:27:16.326+0000][1146.155s][debug][safepoint     ] ... found polling page return exception at pc = 0x00007ff4a131ffd6, stub =0x00007ff498824b00
[2024-09-04T12:27:16.326+0000][1146.155s][info ][safepoint     ] Total time for which application threads were stopped: 0.0009283 seconds, Stopping threads took: 0.0003138 seconds
[2024-09-04T12:27:17.327+0000][1147.156s][debug][safepoint     ] Safepoint synchronization initiated. (259 threads)
[2024-09-04T12:27:17.327+0000][1147.156s][info ][safepoint     ] Application time: 1.0004275 seconds
[2024-09-04T12:27:17.327+0000][1147.156s][info ][safepoint     ] Entering safepoint region: Cleanup
[2024-09-04T12:27:17.328+0000][1147.156s][info ][safepoint     ] Leaving safepoint region
[2024-09-04T12:27:17.328+0000][1147.156s][info ][safepoint     ] Total time for which application threads were stopped: 0.0007707 seconds, Stopping threads took: 0.0002033 seconds
[2024-09-04T12:27:18.328+0000][1148.157s][debug][safepoint     ] Safepoint synchronization initiated. (259 threads)
[2024-09-04T12:27:18.328+0000][1148.157s][info ][safepoint     ] Application time: 1.0001987 seconds
[2024-09-04T12:27:18.328+0000][1148.157s][info ][safepoint     ] Entering safepoint region: Cleanup
[2024-09-04T12:27:18.329+0000][1148.157s][info ][safepoint     ] Leaving safepoint region
[2024-09-04T12:27:18.329+0000][1148.157s][info ][safepoint     ] Total time for which application threads were stopped: 0.0006835 seconds, Stopping threads took: 0.0001932 seconds
[2024-09-04T12:27:19.329+0000][1149.158s][debug][safepoint     ] Safepoint synchronization initiated. (259 threads)
[2024-09-04T12:27:19.329+0000][1149.158s][info ][safepoint     ] Application time: 1.0002362 seconds
[2024-09-04T12:27:19.329+0000][1149.158s][debug][safepoint     ] ... found polling page return exception at pc = 0x00007ff4a0ca7143, stub =0x00007ff498824b00
[2024-09-04T12:27:19.329+0000][1149.158s][debug][safepoint     ] Waiting for 1 thread(s) to block
[2024-09-04T12:27:19.329+0000][1149.158s][info ][safepoint     ] Entering safepoint region: Cleanup
[2024-09-04T12:27:19.330+0000][1149.159s][info ][safepoint     ] Leaving safepoint region
[2024-09-04T12:27:19.330+0000][1149.159s][info ][safepoint     ] Total time for which application threads were stopped: 0.0008959 seconds, Stopping threads took: 0.0004558 seconds
[2024-09-04T12:27:20.189+0000][1150.018s][debug][safepoint     ] Safepoint synchronization initiated. (259 threads)
[2024-09-04T12:27:20.189+0000][1150.018s][info ][safepoint     ] Application time: 0.8593970 seconds
[2024-09-04T12:27:20.189+0000][1150.018s][debug][safepoint     ] ... found polling page return exception at pc = 0x00007ff4a0fde1e9, stub =0x00007ff498824b00
[2024-09-04T12:27:20.189+0000][1150.018s][debug][safepoint     ] Waiting for 2 thread(s) to block
[2024-09-04T12:27:20.189+0000][1150.018s][info ][safepoint     ] Entering safepoint region: G1CollectForAllocation
[2024-09-04T12:27:20.190+0000][1150.019s][info ][gc,start      ] GC(110) Pause Young (Normal) (G1 Evacuation Pause)
[2024-09-04T12:27:20.190+0000][1150.019s][info ][gc,task       ] GC(110) Using 4 workers of 4 for evacuation
[2024-09-04T12:27:20.199+0000][1150.028s][info ][gc,phases     ] GC(110)   Pre Evacuate Collection Set: 0.0ms
[2024-09-04T12:27:20.199+0000][1150.028s][info ][gc,phases     ] GC(110)   Evacuate Collection Set: 3.2ms
[2024-09-04T12:27:20.199+0000][1150.028s][info ][gc,phases     ] GC(110)   Post Evacuate Collection Set: 5.6ms
[2024-09-04T12:27:20.199+0000][1150.028s][info ][gc,phases     ] GC(110)   Other: 0.4ms
[2024-09-04T12:27:20.199+0000][1150.028s][info ][gc,heap       ] GC(110) Eden regions: 191->0(191)
[2024-09-04T12:27:20.199+0000][1150.028s][info ][gc,heap       ] GC(110) Survivor regions: 1->1(24)
[2024-09-04T12:27:20.199+0000][1150.028s][info ][gc,heap       ] GC(110) Old regions: 175->175
[2024-09-04T12:27:20.199+0000][1150.028s][info ][gc,heap       ] GC(110) Humongous regions: 0->0
[2024-09-04T12:27:20.199+0000][1150.028s][info ][gc,metaspace  ] GC(110) Metaspace: 181404K(187248K)->181404K(187248K) NonClass: 160498K(164052K)->160498K(164052K) Class: 20906K(23196K)->20906K(23196K)
[2024-09-04T12:27:20.199+0000][1150.028s][info ][gc            ] GC(110) Pause Young (Normal) (G1 Evacuation Pause) 364M->174M(412M) 9.391ms
[2024-09-04T12:27:20.199+0000][1150.028s][info ][gc,cpu        ] GC(110) User=0.03s Sys=0.01s Real=0.00s
[2024-09-04T12:27:20.199+0000][1150.028s][info ][safepoint     ] Leaving safepoint region
[2024-09-04T12:27:20.200+0000][1150.028s][info ][safepoint     ] Total time for which application threads were stopped: 0.0102747 seconds, Stopping threads took: 0.0002522 seconds
[2024-09-04T12:27:20.200+0000][1150.028s][info ][gc,stringdedup] Concurrent String Deduplication (1150.028s)
[2024-09-04T12:27:20.200+0000][1150.029s][info ][gc,stringdedup] Concurrent String Deduplication 40.0B->40.0B(0.0B) avg 54.8% (1150.028s, 1150.029s) 0.046ms
[2024-09-04T12:27:21.200+0000][1151.029s][debug][safepoint     ] Safepoint synchronization initiated. (261 threads)
[2024-09-04T12:27:21.200+0000][1151.029s][info ][safepoint     ] Application time: 1.0003654 seconds
[2024-09-04T12:27:21.200+0000][1151.029s][info ][safepoint     ] Entering safepoint region: Cleanup
[2024-09-04T12:27:21.201+0000][1151.030s][info ][safepoint     ] Leaving safepoint region
[2024-09-04T12:27:21.201+0000][1151.030s][info ][safepoint     ] Total time for which application threads were stopped: 0.0008669 seconds, Stopping threads took: 0.0002220 seconds
[2024-09-04T12:27:22.201+0000][1152.030s][debug][safepoint     ] Safepoint synchronization initiated. (261 threads)
[2024-09-04T12:27:22.201+0000][1152.030s][info ][safepoint     ] Application time: 1.0003684 seconds
[2024-09-04T12:27:22.201+0000][1152.030s][info ][safepoint     ] Entering safepoint region: Cleanup
[2024-09-04T12:27:22.202+0000][1152.031s][info ][safepoint     ] Leaving safepoint region
[2024-09-04T12:27:22.202+0000][1152.031s][info ][safepoint     ] Total time for which application threads were stopped: 0.0008480 seconds, Stopping threads took: 0.0002228 seconds
[2024-09-04T12:27:23.202+0000][1153.031s][debug][safepoint     ] Safepoint synchronization initiated. (261 threads)
[2024-09-04T12:27:23.202+0000][1153.031s][info ][safepoint     ] Application time: 1.0002505 seconds
[2024-09-04T12:27:23.203+0000][1153.031s][info ][safepoint     ] Entering safepoint region: Cleanup
[2024-09-04T12:27:23.203+0000][1153.032s][info ][safepoint     ] Leaving safepoint region
[2024-09-04T12:27:23.203+0000][1153.032s][info ][safepoint     ] Total time for which application threads were stopped: 0.0007507 seconds, Stopping threads took: 0.0002378 seconds
[2024-09-04T12:27:24.203+0000][1154.032s][debug][safepoint     ] Safepoint synchronization initiated. (261 threads)
[2024-09-04T12:27:24.203+0000][1154.032s][info ][safepoint     ] Application time: 1.0002626 seconds
[2024-09-04T12:27:24.204+0000][1154.032s][info ][safepoint     ] Entering safepoint region: Cleanup
[2024-09-04T12:27:24.204+0000][1154.033s][info ][safepoint     ] Leaving safepoint region
[2024-09-04T12:27:24.204+0000][1154.033s][info ][safepoint     ] Total time for which application threads were stopped: 0.0008507 seconds, Stopping threads took: 0.0002003 seconds
[2024-09-04T12:27:25.205+0000][1155.033s][debug][safepoint     ] Safepoint synchronization initiated. (261 threads)
[2024-09-04T12:27:25.205+0000][1155.033s][info ][safepoint     ] Application time: 1.0003999 seconds
[2024-09-04T12:27:25.205+0000][1155.034s][info ][safepoint     ] Entering safepoint region: Cleanup
[2024-09-04T12:27:25.205+0000][1155.034s][info ][safepoint     ] Leaving safepoint region
[2024-09-04T12:27:25.206+0000][1155.034s][info ][safepoint     ] Total time for which application threads were stopped: 0.0008263 seconds, Stopping threads took: 0.0002444 seconds
[2024-09-04T12:27:26.206+0000][1156.034s][debug][safepoint     ] Safepoint synchronization initiated. (261 threads)
[2024-09-04T12:27:26.206+0000][1156.035s][info ][safepoint     ] Application time: 1.0002600 seconds
[2024-09-04T12:27:26.206+0000][1156.035s][info ][safepoint     ] Entering safepoint region: Cleanup
[2024-09-04T12:27:26.207+0000][1156.035s][info ][safepoint     ] Leaving safepoint region
[2024-09-04T12:27:26.207+0000][1156.035s][info ][safepoint     ] Total time for which application threads were stopped: 0.0008306 seconds, Stopping threads took: 0.0001948 seconds
[2024-09-04T12:27:27.207+0000][1157.036s][debug][safepoint     ] Safepoint synchronization initiated. (263 threads)
[2024-09-04T12:27:27.207+0000][1157.036s][info ][safepoint     ] Application time: 1.0002877 seconds
[2024-09-04T12:27:27.207+0000][1157.036s][info ][safepoint     ] Entering safepoint region: Cleanup
[2024-09-04T12:27:27.208+0000][1157.037s][info ][safepoint     ] Leaving safepoint region
[2024-09-04T12:27:27.208+0000][1157.037s][info ][safepoint     ] Total time for which application threads were stopped: 0.0008923 seconds, Stopping threads took: 0.0001800 seconds
[2024-09-04T12:27:27.208+0000][1157.037s][debug][safepoint     ] ... found polling page return exception at pc = 0x00007ff4a131ffd6, stub =0x00007ff498824b00
[2024-09-04T12:27:28.208+0000][1158.037s][debug][safepoint     ] Safepoint synchronization initiated. (263 threads)
[2024-09-04T12:27:28.208+0000][1158.037s][info ][safepoint     ] Application time: 1.0001919 seconds
[2024-09-04T12:27:28.208+0000][1158.037s][info ][safepoint     ] Entering safepoint region: Cleanup
[2024-09-04T12:27:28.209+0000][1158.037s][info ][safepoint     ] Leaving safepoint region
[2024-09-04T12:27:28.209+0000][1158.037s][info ][safepoint     ] Total time for which application threads were stopped: 0.0005410 seconds, Stopping threads took: 0.0001408 seconds
[2024-09-04T12:27:29.209+0000][1159.038s][debug][safepoint     ] Safepoint synchronization initiated. (263 threads)
[2024-09-04T12:27:29.209+0000][1159.038s][info ][safepoint     ] Application time: 1.0002837 seconds
[2024-09-04T12:27:29.209+0000][1159.038s][info ][safepoint     ] Entering safepoint region: Cleanup
[2024-09-04T12:27:29.210+0000][1159.038s][info ][safepoint     ] Leaving safepoint region
[2024-09-04T12:27:29.210+0000][1159.039s][info ][safepoint     ] Total time for which application threads were stopped: 0.0007390 seconds, Stopping threads took: 0.0001914 seconds
[2024-09-04T12:27:29.210+0000][1159.039s][debug][safepoint     ] ... found polling page return exception at pc = 0x00007ff4a131ffd6, stub =0x00007ff498824b00
[2024-09-04T12:27:30.210+0000][1160.039s][debug][safepoint     ] Safepoint synchronization initiated. (263 threads)
[2024-09-04T12:27:30.210+0000][1160.039s][info ][safepoint     ] Application time: 1.0002580 seconds
[2024-09-04T12:27:30.210+0000][1160.039s][info ][safepoint     ] Entering safepoint region: Cleanup
[2024-09-04T12:27:30.211+0000][1160.040s][info ][safepoint     ] Leaving safepoint region
[2024-09-04T12:27:30.211+0000][1160.040s][info ][safepoint     ] Total time for which application threads were stopped: 0.0007882 seconds, Stopping threads took: 0.0002166 seconds
[2024-09-04T12:27:31.211+0000][1161.040s][debug][safepoint     ] Safepoint synchronization initiated. (263 threads)
[2024-09-04T12:27:31.211+0000][1161.040s][info ][safepoint     ] Application time: 1.0003167 seconds
[2024-09-04T12:27:31.211+0000][1161.040s][info ][safepoint     ] Entering safepoint region: Cleanup
[2024-09-04T12:27:31.212+0000][1161.041s][info ][safepoint     ] Leaving safepoint region
[2024-09-04T12:27:31.212+0000][1161.041s][info ][safepoint     ] Total time for which application threads were stopped: 0.0006379 seconds, Stopping threads took: 0.0002030 seconds
[2024-09-04T12:27:32.212+0000][1162.041s][debug][safepoint     ] Safepoint synchronization initiated. (263 threads)
[2024-09-04T12:27:32.212+0000][1162.041s][info ][safepoint     ] Application time: 1.0003363 seconds
[2024-09-04T12:27:32.212+0000][1162.041s][info ][safepoint     ] Entering safepoint region: Cleanup
[2024-09-04T12:27:32.213+0000][1162.042s][info ][safepoint     ] Leaving safepoint region
[2024-09-04T12:27:32.213+0000][1162.042s][info ][safepoint     ] Total time for which application threads were stopped: 0.0007663 seconds, Stopping threads took: 0.0001874 seconds
[2024-09-04T12:27:33.213+0000][1163.042s][debug][safepoint     ] Safepoint synchronization initiated. (263 threads)
[2024-09-04T12:27:33.213+0000][1163.042s][info ][safepoint     ] Application time: 1.0003414 seconds
[2024-09-04T12:27:33.214+0000][1163.042s][info ][safepoint     ] Entering safepoint region: Cleanup
[2024-09-04T12:27:33.214+0000][1163.043s][debug][safepoint     ] ... found polling page return exception at pc = 0x00007ff4a131ffd6, stub =0x00007ff498824b00
[2024-09-04T12:27:33.214+0000][1163.043s][info ][safepoint     ] Leaving safepoint region
[2024-09-04T12:27:33.214+0000][1163.043s][debug][safepoint     ] ... found polling page return exception at pc = 0x00007ff4a131ffd6, stub =0x00007ff498824b00
[2024-09-04T12:27:33.214+0000][1163.043s][info ][safepoint     ] Total time for which application threads were stopped: 0.0010304 seconds, Stopping threads took: 0.0002685 seconds
[2024-09-04T12:27:34.215+0000][1164.044s][debug][safepoint     ] Safepoint synchronization initiated. (263 threads)
[2024-09-04T12:27:34.215+0000][1164.044s][info ][safepoint     ] Application time: 1.0003383 seconds
[2024-09-04T12:27:34.215+0000][1164.044s][info ][safepoint     ] Entering safepoint region: Cleanup
[2024-09-04T12:27:34.216+0000][1164.044s][info ][safepoint     ] Leaving safepoint region
[2024-09-04T12:27:34.216+0000][1164.044s][info ][safepoint     ] Total time for which application threads were stopped: 0.0007102 seconds, Stopping threads took: 0.0001870 seconds
[2024-09-04T12:27:35.216+0000][1165.045s][debug][safepoint     ] Safepoint synchronization initiated. (263 threads)
[2024-09-04T12:27:35.216+0000][1165.045s][info ][safepoint     ] Application time: 1.0001529 seconds
[2024-09-04T12:27:35.216+0000][1165.045s][debug][safepoint     ] Waiting for 1 thread(s) to block
[2024-09-04T12:27:35.216+0000][1165.045s][info ][safepoint     ] Entering safepoint region: Cleanup
[2024-09-04T12:27:35.217+0000][1165.045s][info ][safepoint     ] Leaving safepoint region
[2024-09-04T12:27:35.217+0000][1165.045s][info ][safepoint     ] Total time for which application threads were stopped: 0.0007520 seconds, Stopping threads took: 0.0002214 seconds
[2024-09-04T12:27:36.217+0000][1166.046s][debug][safepoint     ] Safepoint synchronization initiated. (263 threads)
[2024-09-04T12:27:36.217+0000][1166.046s][info ][safepoint     ] Application time: 1.0002931 seconds
[2024-09-04T12:27:36.217+0000][1166.046s][info ][safepoint     ] Entering safepoint region: Cleanup
[2024-09-04T12:27:36.218+0000][1166.047s][info ][safepoint     ] Leaving safepoint region
[2024-09-04T12:27:36.218+0000][1166.047s][debug][safepoint     ] ... found polling page return exception at pc = 0x00007ff4a131ffd6, stub =0x00007ff498824b00
[2024-09-04T12:27:36.218+0000][1166.047s][info ][safepoint     ] Total time for which application threads were stopped: 0.0010809 seconds, Stopping threads took: 0.0002461 seconds
[2024-09-04T12:27:37.218+0000][1167.047s][debug][safepoint     ] Safepoint synchronization initiated. (263 threads)
[2024-09-04T12:27:37.218+0000][1167.047s][info ][safepoint     ] Application time: 1.0002536 seconds
[2024-09-04T12:27:37.219+0000][1167.047s][info ][safepoint     ] Entering safepoint region: Cleanup
[2024-09-04T12:27:37.219+0000][1167.048s][info ][safepoint     ] Leaving safepoint region
[2024-09-04T12:27:37.219+0000][1167.048s][info ][safepoint     ] Total time for which application threads were stopped: 0.0007436 seconds, Stopping threads took: 0.0001738 seconds
[2024-09-04T12:27:38.219+0000][1168.048s][debug][safepoint     ] Safepoint synchronization initiated. (263 threads)
[2024-09-04T12:27:38.219+0000][1168.048s][info ][safepoint     ] Application time: 1.0002300 seconds
[2024-09-04T12:27:38.220+0000][1168.048s][info ][safepoint     ] Entering safepoint region: Cleanup
[2024-09-04T12:27:38.220+0000][1168.049s][info ][safepoint     ] Leaving safepoint region
[2024-09-04T12:27:38.220+0000][1168.049s][info ][safepoint     ] Total time for which application threads were stopped: 0.0009005 seconds, Stopping threads took: 0.0002071 seconds
[2024-09-04T12:27:39.221+0000][1169.049s][debug][safepoint     ] Safepoint synchronization initiated. (263 threads)
[2024-09-04T12:27:39.221+0000][1169.050s][info ][safepoint     ] Application time: 1.0004320 seconds
[2024-09-04T12:27:39.221+0000][1169.050s][info ][safepoint     ] Entering safepoint region: Cleanup
[2024-09-04T12:27:39.222+0000][1169.051s][info ][safepoint     ] Leaving safepoint region
[2024-09-04T12:27:39.222+0000][1169.051s][info ][safepoint     ] Total time for which application threads were stopped: 0.0010414 seconds, Stopping threads took: 0.0003486 seconds
[2024-09-04T12:27:40.222+0000][1170.051s][debug][safepoint     ] Safepoint synchronization initiated. (263 threads)
[2024-09-04T12:27:40.222+0000][1170.051s][info ][safepoint     ] Application time: 1.0003522 seconds
[2024-09-04T12:27:40.223+0000][1170.051s][info ][safepoint     ] Entering safepoint region: Cleanup
[2024-09-04T12:27:40.223+0000][1170.052s][info ][safepoint     ] Leaving safepoint region
[2024-09-04T12:27:40.223+0000][1170.052s][info ][safepoint     ] Total time for which application threads were stopped: 0.0007380 seconds, Stopping threads took: 0.0002295 seconds
[2024-09-04T12:27:41.223+0000][1171.052s][debug][safepoint     ] Safepoint synchronization initiated. (263 threads)
[2024-09-04T12:27:41.223+0000][1171.052s][info ][safepoint     ] Application time: 1.0002738 seconds
[2024-09-04T12:27:41.224+0000][1171.052s][info ][safepoint     ] Entering safepoint region: Cleanup
[2024-09-04T12:27:41.224+0000][1171.053s][info ][safepoint     ] Leaving safepoint region
[2024-09-04T12:27:41.224+0000][1171.053s][info ][safepoint     ] Total time for which application threads were stopped: 0.0008693 seconds, Stopping threads took: 0.0002348 seconds
[2024-09-04T12:27:42.224+0000][1172.053s][debug][safepoint     ] Safepoint synchronization initiated. (263 threads)
[2024-09-04T12:27:42.225+0000][1172.053s][info ][safepoint     ] Application time: 1.0002973 seconds
[2024-09-04T12:27:42.225+0000][1172.054s][info ][safepoint     ] Entering safepoint region: Cleanup
[2024-09-04T12:27:42.225+0000][1172.054s][info ][safepoint     ] Leaving safepoint region
[2024-09-04T12:27:42.225+0000][1172.054s][info ][safepoint     ] Total time for which application threads were stopped: 0.0007486 seconds, Stopping threads took: 0.0002311 seconds
[2024-09-04T12:27:42.807+0000][1172.636s][debug][safepoint     ] Safepoint synchronization initiated. (263 threads)
[2024-09-04T12:27:42.808+0000][1172.636s][info ][safepoint     ] Application time: 0.5821931 seconds
[2024-09-04T12:27:42.808+0000][1172.636s][info ][safepoint     ] Entering safepoint region: Deoptimize
[2024-09-04T12:27:42.826+0000][1172.655s][info ][safepoint     ] Leaving safepoint region
[2024-09-04T12:27:42.826+0000][1172.655s][info ][safepoint     ] Total time for which application threads were stopped: 0.0188573 seconds, Stopping threads took: 0.0001770 seconds
[2024-09-04T12:27:42.962+0000][1172.791s][debug][safepoint     ] Safepoint synchronization initiated. (266 threads)
[2024-09-04T12:27:42.962+0000][1172.791s][info ][safepoint     ] Application time: 0.1357879 seconds
[2024-09-04T12:27:42.966+0000][1172.794s][debug][safepoint     ] Waiting for 2 thread(s) to block
[2024-09-04T12:27:42.966+0000][1172.794s][info ][safepoint     ] Entering safepoint region: G1CollectForAllocation
[2024-09-04T12:27:42.966+0000][1172.795s][info ][gc,start      ] GC(111) Pause Young (Normal) (G1 Evacuation Pause)
[2024-09-04T12:27:42.966+0000][1172.795s][info ][gc,task       ] GC(111) Using 4 workers of 4 for evacuation
[2024-09-04T12:27:42.977+0000][1172.806s][info ][gc,phases     ] GC(111)   Pre Evacuate Collection Set: 0.0ms
[2024-09-04T12:27:42.977+0000][1172.806s][info ][gc,phases     ] GC(111)   Evacuate Collection Set: 5.4ms
[2024-09-04T12:27:42.977+0000][1172.806s][info ][gc,phases     ] GC(111)   Post Evacuate Collection Set: 4.8ms
[2024-09-04T12:27:42.977+0000][1172.806s][info ][gc,phases     ] GC(111)   Other: 0.4ms
[2024-09-04T12:27:42.977+0000][1172.806s][info ][gc,heap       ] GC(111) Eden regions: 191->0(190)
[2024-09-04T12:27:42.977+0000][1172.806s][info ][gc,heap       ] GC(111) Survivor regions: 1->2(24)
[2024-09-04T12:27:42.977+0000][1172.806s][info ][gc,heap       ] GC(111) Old regions: 175->175
[2024-09-04T12:27:42.977+0000][1172.806s][info ][gc,heap       ] GC(111) Humongous regions: 0->0
[2024-09-04T12:27:42.977+0000][1172.806s][info ][gc,metaspace  ] GC(111) Metaspace: 181875K(187888K)->181875K(187888K) NonClass: 160935K(164564K)->160935K(164564K) Class: 20939K(23324K)->20939K(23324K)
[2024-09-04T12:27:42.977+0000][1172.806s][info ][gc            ] GC(111) Pause Young (Normal) (G1 Evacuation Pause) 365M->174M(412M) 10.720ms
[2024-09-04T12:27:42.977+0000][1172.806s][info ][gc,cpu        ] GC(111) User=0.03s Sys=0.00s Real=0.01s
[2024-09-04T12:27:42.977+0000][1172.806s][info ][safepoint     ] Leaving safepoint region
[2024-09-04T12:27:42.977+0000][1172.806s][info ][safepoint     ] Total time for which application threads were stopped: 0.0149028 seconds, Stopping threads took: 0.0035079 seconds
[2024-09-04T12:27:42.977+0000][1172.806s][info ][gc,stringdedup] Concurrent String Deduplication (1172.806s)
[2024-09-04T12:27:42.977+0000][1172.806s][info ][gc,stringdedup] Concurrent String Deduplication 0.0B->0.0B(0.0B) avg 54.8% (1172.806s, 1172.806s) 0.038ms
[2024-09-04T12:27:43.977+0000][1173.806s][debug][safepoint     ] Safepoint synchronization initiated. (267 threads)
[2024-09-04T12:27:43.977+0000][1173.806s][info ][safepoint     ] Application time: 1.0002292 seconds
[2024-09-04T12:27:43.978+0000][1173.806s][info ][safepoint     ] Entering safepoint region: Cleanup
[2024-09-04T12:27:43.978+0000][1173.807s][info ][safepoint     ] Leaving safepoint region
[2024-09-04T12:27:43.978+0000][1173.807s][info ][safepoint     ] Total time for which application threads were stopped: 0.0008140 seconds, Stopping threads took: 0.0001926 seconds
[2024-09-04T12:27:44.978+0000][1174.807s][debug][safepoint     ] Safepoint synchronization initiated. (266 threads)
[2024-09-04T12:27:44.978+0000][1174.807s][info ][safepoint     ] Application time: 1.0002484 seconds
[2024-09-04T12:27:44.979+0000][1174.807s][info ][safepoint     ] Entering safepoint region: Cleanup
[2024-09-04T12:27:44.979+0000][1174.808s][info ][safepoint     ] Leaving safepoint region
[2024-09-04T12:27:44.979+0000][1174.808s][info ][safepoint     ] Total time for which application threads were stopped: 0.0008514 seconds, Stopping threads took: 0.0002408 seconds
[2024-09-04T12:27:45.980+0000][1175.809s][debug][safepoint     ] Safepoint synchronization initiated. (266 threads)
[2024-09-04T12:27:45.980+0000][1175.809s][info ][safepoint     ] Application time: 1.0004173 seconds
[2024-09-04T12:27:45.980+0000][1175.809s][info ][safepoint     ] Entering safepoint region: Cleanup
[2024-09-04T12:27:45.981+0000][1175.810s][debug][safepoint     ] ... found polling page loop exception at pc = 0x00007ff4a1317510, stub =0x00007ff498826680
[2024-09-04T12:27:45.981+0000][1175.810s][debug][safepoint     ] ... found polling page return exception at pc = 0x00007ff4a131ffd6, stub =0x00007ff498824b00
[2024-09-04T12:27:45.981+0000][1175.810s][debug][safepoint     ] ... found polling page return exception at pc = 0x00007ff4a0ad015b, stub =0x00007ff498824b00
[2024-09-04T12:27:45.981+0000][1175.810s][debug][safepoint     ] ... found polling page return exception at pc = 0x00007ff4a131ffd6, stub =0x00007ff498824b00
[2024-09-04T12:27:45.981+0000][1175.810s][debug][safepoint     ] ... found polling page return exception at pc = 0x00007ff4a13392d5, stub =0x00007ff498824b00
[2024-09-04T12:27:45.981+0000][1175.810s][info ][safepoint     ] Leaving safepoint region
[2024-09-04T12:27:45.981+0000][1175.810s][info ][safepoint     ] Total time for which application threads were stopped: 0.0010876 seconds, Stopping threads took: 0.0001797 seconds
[2024-09-04T12:27:45.981+0000][1175.810s][debug][safepoint     ] ... found polling page loop exception at pc = 0x00007ff4a1317510, stub =0x00007ff498826680
[2024-09-04T12:27:45.981+0000][1175.810s][debug][safepoint     ] ... found polling page loop exception at pc = 0x00007ff4a1317510, stub =0x00007ff498826680
[2024-09-04T12:27:45.981+0000][1175.810s][debug][safepoint     ] ... found polling page return exception at pc = 0x00007ff4a131ffd6, stub =0x00007ff498824b00
[2024-09-04T12:27:45.981+0000][1175.810s][debug][safepoint     ] ... found polling page return exception at pc = 0x00007ff4a131ffd6, stub =0x00007ff498824b00
[2024-09-04T12:27:45.981+0000][1175.810s][debug][safepoint     ] ... found polling page return exception at pc = 0x00007ff4a131ffd6, stub =0x00007ff498824b00
[2024-09-04T12:27:45.981+0000][1175.810s][debug][safepoint     ] ... found polling page loop exception at pc = 0x00007ff4a1317510, stub =0x00007ff498826680
[2024-09-04T12:27:45.981+0000][1175.810s][debug][safepoint     ] ... found polling page loop exception at pc = 0x00007ff4a1317510, stub =0x00007ff498826680
[2024-09-04T12:27:45.981+0000][1175.810s][debug][safepoint     ] ... found polling page return exception at pc = 0x00007ff4a131ffd6, stub =0x00007ff498824b00
[2024-09-04T12:27:45.981+0000][1175.810s][debug][safepoint     ] ... found polling page return exception at pc = 0x00007ff4a1374066, stub =0x00007ff498824b00
[2024-09-04T12:27:45.981+0000][1175.810s][debug][safepoint     ] ... found polling page loop exception at pc = 0x00007ff4a1317510, stub =0x00007ff498826680
[2024-09-04T12:27:45.981+0000][1175.810s][debug][safepoint     ] ... found polling page return exception at pc = 0x00007ff4a131ffd6, stub =0x00007ff498824b00
[2024-09-04T12:27:46.982+0000][1176.810s][debug][safepoint     ] Safepoint synchronization initiated. (266 threads)
[2024-09-04T12:27:46.982+0000][1176.810s][info ][safepoint     ] Application time: 1.0003048 seconds
[2024-09-04T12:27:46.982+0000][1176.811s][info ][safepoint     ] Entering safepoint region: Cleanup
[2024-09-04T12:27:46.983+0000][1176.811s][info ][safepoint     ] Leaving safepoint region
[2024-09-04T12:27:46.983+0000][1176.811s][info ][safepoint     ] Total time for which application threads were stopped: 0.0010616 seconds, Stopping threads took: 0.0002729 seconds
[2024-09-04T12:27:47.983+0000][1177.812s][debug][safepoint     ] Safepoint synchronization initiated. (266 threads)
[2024-09-04T12:27:47.983+0000][1177.812s][info ][safepoint     ] Application time: 1.0002103 seconds
[2024-09-04T12:27:47.983+0000][1177.812s][info ][safepoint     ] Entering safepoint region: Cleanup
[2024-09-04T12:27:47.984+0000][1177.812s][info ][safepoint     ] Leaving safepoint region
[2024-09-04T12:27:47.984+0000][1177.812s][info ][safepoint     ] Total time for which application threads were stopped: 0.0006828 seconds, Stopping threads took: 0.0001956 seconds
[2024-09-04T12:27:48.984+0000][1178.812s][debug][safepoint     ] Safepoint synchronization initiated. (266 threads)
[2024-09-04T12:27:48.984+0000][1178.813s][info ][safepoint     ] Application time: 1.0001674 seconds
[2024-09-04T12:27:48.984+0000][1178.813s][debug][safepoint     ] Waiting for 1 thread(s) to block
[2024-09-04T12:27:48.984+0000][1178.813s][info ][safepoint     ] Entering safepoint region: Cleanup
[2024-09-04T12:27:48.985+0000][1178.813s][debug][safepoint     ] ... found polling page return exception at pc = 0x00007ff4a131ffd6, stub =0x00007ff498824b00
[2024-09-04T12:27:48.985+0000][1178.813s][info ][safepoint     ] Leaving safepoint region
[2024-09-04T12:27:48.985+0000][1178.813s][info ][safepoint     ] Total time for which application threads were stopped: 0.0008355 seconds, Stopping threads took: 0.0003325 seconds
[2024-09-04T12:27:49.985+0000][1179.814s][debug][safepoint     ] Safepoint synchronization initiated. (266 threads)
[2024-09-04T12:27:49.985+0000][1179.814s][info ][safepoint     ] Application time: 1.0001982 seconds
[2024-09-04T12:27:49.985+0000][1179.814s][info ][safepoint     ] Entering safepoint region: Cleanup
[2024-09-04T12:27:49.986+0000][1179.814s][info ][safepoint     ] Leaving safepoint region
[2024-09-04T12:27:49.986+0000][1179.814s][info ][safepoint     ] Total time for which application threads were stopped: 0.0006776 seconds, Stopping threads took: 0.0001671 seconds
[2024-09-04T12:27:50.986+0000][1180.815s][debug][safepoint     ] Safepoint synchronization initiated. (266 threads)
[2024-09-04T12:27:50.986+0000][1180.815s][info ][safepoint     ] Application time: 1.0002870 seconds
[2024-09-04T12:27:50.986+0000][1180.815s][info ][safepoint     ] Entering safepoint region: Cleanup
[2024-09-04T12:27:50.987+0000][1180.816s][info ][safepoint     ] Leaving safepoint region
[2024-09-04T12:27:50.987+0000][1180.816s][info ][safepoint     ] Total time for which application threads were stopped: 0.0010617 seconds, Stopping threads took: 0.0002511 seconds
[2024-09-04T12:27:51.987+0000][1181.816s][debug][safepoint     ] Safepoint synchronization initiated. (266 threads)
[2024-09-04T12:27:51.987+0000][1181.816s][info ][safepoint     ] Application time: 1.0002404 seconds
[2024-09-04T12:27:51.987+0000][1181.816s][debug][safepoint     ] ... found polling page return exception at pc = 0x00007ff4a0cbdc72, stub =0x00007ff498824b00
[2024-09-04T12:27:51.987+0000][1181.816s][debug][safepoint     ] Waiting for 1 thread(s) to block
[2024-09-04T12:27:51.988+0000][1181.816s][info ][safepoint     ] Entering safepoint region: Cleanup
[2024-09-04T12:27:51.988+0000][1181.817s][info ][safepoint     ] Leaving safepoint region
[2024-09-04T12:27:51.988+0000][1181.817s][info ][safepoint     ] Total time for which application threads were stopped: 0.0009750 seconds, Stopping threads took: 0.0003346 seconds
[2024-09-04T12:27:52.989+0000][1182.817s][debug][safepoint     ] Safepoint synchronization initiated. (266 threads)
[2024-09-04T12:27:52.989+0000][1182.817s][info ][safepoint     ] Application time: 1.0002959 seconds
[2024-09-04T12:27:52.989+0000][1182.818s][info ][safepoint     ] Entering safepoint region: Cleanup
[2024-09-04T12:27:52.990+0000][1182.818s][info ][safepoint     ] Leaving safepoint region
[2024-09-04T12:27:52.990+0000][1182.818s][info ][safepoint     ] Total time for which application threads were stopped: 0.0009854 seconds, Stopping threads took: 0.0002268 seconds
[2024-09-04T12:27:53.990+0000][1183.819s][debug][safepoint     ] Safepoint synchronization initiated. (266 threads)
[2024-09-04T12:27:53.990+0000][1183.819s][info ][safepoint     ] Application time: 1.0002333 seconds
[2024-09-04T12:27:53.990+0000][1183.819s][info ][safepoint     ] Entering safepoint region: Cleanup
[2024-09-04T12:27:53.991+0000][1183.820s][info ][safepoint     ] Leaving safepoint region
[2024-09-04T12:27:53.991+0000][1183.820s][info ][safepoint     ] Total time for which application threads were stopped: 0.0009431 seconds, Stopping threads took: 0.0001794 seconds
[2024-09-04T12:27:54.991+0000][1184.820s][debug][safepoint     ] Safepoint synchronization initiated. (266 threads)
[2024-09-04T12:27:54.991+0000][1184.820s][info ][safepoint     ] Application time: 1.0001760 seconds
[2024-09-04T12:27:54.991+0000][1184.820s][info ][safepoint     ] Entering safepoint region: Cleanup
[2024-09-04T12:27:54.992+0000][1184.821s][info ][safepoint     ] Leaving safepoint region
[2024-09-04T12:27:54.992+0000][1184.821s][info ][safepoint     ] Total time for which application threads were stopped: 0.0007736 seconds, Stopping threads took: 0.0001513 seconds
[2024-09-04T12:27:55.992+0000][1185.821s][debug][safepoint     ] Safepoint synchronization initiated. (266 threads)
[2024-09-04T12:27:55.994+0000][1185.823s][info ][safepoint     ] Application time: 1.0025554 seconds
[2024-09-04T12:27:55.994+0000][1185.823s][debug][safepoint     ] ... found polling page return exception at pc = 0x00007ff4a038c236, stub =0x00007ff498824b00
[2024-09-04T12:27:55.995+0000][1185.823s][debug][safepoint     ] Waiting for 1 thread(s) to block
[2024-09-04T12:27:55.995+0000][1185.824s][info ][safepoint     ] Entering safepoint region: Cleanup
[2024-09-04T12:27:55.995+0000][1185.824s][info ][safepoint     ] Leaving safepoint region
[2024-09-04T12:27:55.995+0000][1185.824s][info ][safepoint     ] Total time for which application threads were stopped: 0.0008447 seconds, Stopping threads took: 0.0005098 seconds
[2024-09-04T12:27:56.995+0000][1186.824s][debug][safepoint     ] Safepoint synchronization initiated. (266 threads)
[2024-09-04T12:27:56.996+0000][1186.824s][info ][safepoint     ] Application time: 1.0003039 seconds
[2024-09-04T12:27:56.996+0000][1186.825s][info ][safepoint     ] Entering safepoint region: Cleanup
[2024-09-04T12:27:56.996+0000][1186.825s][info ][safepoint     ] Leaving safepoint region
[2024-09-04T12:27:56.996+0000][1186.825s][info ][safepoint     ] Total time for which application threads were stopped: 0.0009094 seconds, Stopping threads took: 0.0002896 seconds
[2024-09-04T12:27:58.000+0000][1187.829s][debug][safepoint     ] Safepoint synchronization initiated. (268 threads)
[2024-09-04T12:27:58.000+0000][1187.829s][info ][safepoint     ] Application time: 1.0035766 seconds
[2024-09-04T12:27:58.000+0000][1187.829s][debug][safepoint     ] ... found polling page return exception at pc = 0x00007ff4a02ac994, stub =0x00007ff498824b00
[2024-09-04T12:27:58.003+0000][1187.832s][debug][safepoint     ] Waiting for 4 thread(s) to block
[2024-09-04T12:27:58.006+0000][1187.834s][info ][safepoint     ] Entering safepoint region: Cleanup
[2024-09-04T12:27:58.006+0000][1187.835s][info ][safepoint     ] Leaving safepoint region
[2024-09-04T12:27:58.006+0000][1187.835s][info ][safepoint     ] Total time for which application threads were stopped: 0.0060566 seconds, Stopping threads took: 0.0055915 seconds
[2024-09-04T12:27:58.368+0000][1188.197s][debug][safepoint     ] Safepoint synchronization initiated. (278 threads)
[2024-09-04T12:27:58.368+0000][1188.197s][info ][safepoint     ] Application time: 0.3616563 seconds
[2024-09-04T12:27:58.368+0000][1188.197s][debug][safepoint     ] Waiting for 1 thread(s) to block
[2024-09-04T12:27:58.368+0000][1188.197s][info ][safepoint     ] Entering safepoint region: ICBufferFull
[2024-09-04T12:27:58.369+0000][1188.197s][info ][safepoint     ] Leaving safepoint region
[2024-09-04T12:27:58.369+0000][1188.197s][info ][safepoint     ] Total time for which application threads were stopped: 0.0007630 seconds, Stopping threads took: 0.0002049 seconds
[2024-09-04T12:27:59.369+0000][1189.198s][debug][safepoint     ] Safepoint synchronization initiated. (277 threads)
[2024-09-04T12:27:59.369+0000][1189.198s][info ][safepoint     ] Application time: 1.0002321 seconds
[2024-09-04T12:27:59.369+0000][1189.198s][info ][safepoint     ] Entering safepoint region: Cleanup
[2024-09-04T12:27:59.370+0000][1189.199s][info ][safepoint     ] Leaving safepoint region
[2024-09-04T12:27:59.370+0000][1189.199s][info ][safepoint     ] Total time for which application threads were stopped: 0.0009965 seconds, Stopping threads took: 0.0001684 seconds
[2024-09-04T12:28:00.370+0000][1190.199s][debug][safepoint     ] Safepoint synchronization initiated. (277 threads)
[2024-09-04T12:28:00.370+0000][1190.199s][info ][safepoint     ] Application time: 1.0003466 seconds
[2024-09-04T12:28:00.371+0000][1190.199s][info ][safepoint     ] Entering safepoint region: Cleanup
[2024-09-04T12:28:00.371+0000][1190.200s][debug][safepoint     ] ... found polling page return exception at pc = 0x00007ff4a131ffd6, stub =0x00007ff498824b00
[2024-09-04T12:28:00.371+0000][1190.200s][info ][safepoint     ] Leaving safepoint region
[2024-09-04T12:28:00.371+0000][1190.200s][info ][safepoint     ] Total time for which application threads were stopped: 0.0009232 seconds, Stopping threads took: 0.0002373 seconds
[2024-09-04T12:28:01.372+0000][1191.200s][debug][safepoint     ] Safepoint synchronization initiated. (277 threads)
[2024-09-04T12:28:01.372+0000][1191.200s][info ][safepoint     ] Application time: 1.0003838 seconds
[2024-09-04T12:28:01.372+0000][1191.201s][info ][safepoint     ] Entering safepoint region: Cleanup
[2024-09-04T12:28:01.373+0000][1191.201s][info ][safepoint     ] Leaving safepoint region
[2024-09-04T12:28:01.373+0000][1191.202s][info ][safepoint     ] Total time for which application threads were stopped: 0.0010134 seconds, Stopping threads took: 0.0003705 seconds
[2024-09-04T12:28:02.373+0000][1192.202s][debug][safepoint     ] Safepoint synchronization initiated. (277 threads)
[2024-09-04T12:28:02.373+0000][1192.202s][info ][safepoint     ] Application time: 1.0002286 seconds
[2024-09-04T12:28:02.373+0000][1192.202s][info ][safepoint     ] Entering safepoint region: Cleanup
[2024-09-04T12:28:02.374+0000][1192.202s][info ][safepoint     ] Leaving safepoint region
[2024-09-04T12:28:02.374+0000][1192.202s][info ][safepoint     ] Total time for which application threads were stopped: 0.0006068 seconds, Stopping threads took: 0.0001880 seconds
[2024-09-04T12:28:03.374+0000][1193.203s][debug][safepoint     ] Safepoint synchronization initiated. (277 threads)
[2024-09-04T12:28:03.374+0000][1193.203s][info ][safepoint     ] Application time: 1.0001774 seconds
[2024-09-04T12:28:03.374+0000][1193.203s][info ][safepoint     ] Entering safepoint region: Cleanup
[2024-09-04T12:28:03.375+0000][1193.203s][info ][safepoint     ] Leaving safepoint region
[2024-09-04T12:28:03.375+0000][1193.203s][info ][safepoint     ] Total time for which application threads were stopped: 0.0007729 seconds, Stopping threads took: 0.0002100 seconds
[2024-09-04T12:28:04.375+0000][1194.204s][debug][safepoint     ] Safepoint synchronization initiated. (277 threads)
[2024-09-04T12:28:04.375+0000][1194.204s][info ][safepoint     ] Application time: 1.0002670 seconds
[2024-09-04T12:28:04.375+0000][1194.204s][info ][safepoint     ] Entering safepoint region: Cleanup
[2024-09-04T12:28:04.376+0000][1194.205s][info ][safepoint     ] Leaving safepoint region
[2024-09-04T12:28:04.376+0000][1194.205s][info ][safepoint     ] Total time for which application threads were stopped: 0.0010902 seconds, Stopping threads took: 0.0002682 seconds
[2024-09-04T12:28:04.376+0000][1194.205s][debug][safepoint     ] ... found polling page return exception at pc = 0x00007ff4a131ffd6, stub =0x00007ff498824b00
[2024-09-04T12:28:05.376+0000][1195.205s][debug][safepoint     ] Safepoint synchronization initiated. (277 threads)
[2024-09-04T12:28:05.376+0000][1195.205s][info ][safepoint     ] Application time: 1.0002784 seconds
[2024-09-04T12:28:05.377+0000][1195.205s][info ][safepoint     ] Entering safepoint region: Cleanup
[2024-09-04T12:28:05.377+0000][1195.206s][info ][safepoint     ] Leaving safepoint region
[2024-09-04T12:28:05.377+0000][1195.206s][info ][safepoint     ] Total time for which application threads were stopped: 0.0008982 seconds, Stopping threads took: 0.0002685 seconds
[2024-09-04T12:28:06.378+0000][1196.206s][debug][safepoint     ] Safepoint synchronization initiated. (277 threads)
[2024-09-04T12:28:06.378+0000][1196.207s][info ][safepoint     ] Application time: 1.0004606 seconds
[2024-09-04T12:28:06.378+0000][1196.207s][info ][safepoint     ] Entering safepoint region: Cleanup
[2024-09-04T12:28:06.379+0000][1196.207s][info ][safepoint     ] Leaving safepoint region
[2024-09-04T12:28:06.379+0000][1196.207s][info ][safepoint     ] Total time for which application threads were stopped: 0.0008951 seconds, Stopping threads took: 0.0002735 seconds
[2024-09-04T12:28:07.379+0000][1197.208s][debug][safepoint     ] Safepoint synchronization initiated. (277 threads)
[2024-09-04T12:28:07.379+0000][1197.208s][info ][safepoint     ] Application time: 1.0002761 seconds
[2024-09-04T12:28:07.379+0000][1197.208s][info ][safepoint     ] Entering safepoint region: Cleanup
[2024-09-04T12:28:07.380+0000][1197.209s][info ][safepoint     ] Leaving safepoint region
[2024-09-04T12:28:07.380+0000][1197.209s][debug][safepoint     ] ... found polling page return exception at pc = 0x00007ff4a131ffd6, stub =0x00007ff498824b00
[2024-09-04T12:28:07.380+0000][1197.209s][debug][safepoint     ] ... found polling page return exception at pc = 0x00007ff4a131ffd6, stub =0x00007ff498824b00
[2024-09-04T12:28:07.380+0000][1197.209s][debug][safepoint     ] ... found polling page return exception at pc = 0x00007ff4a131ffd6, stub =0x00007ff498824b00
[2024-09-04T12:28:07.380+0000][1197.209s][info ][safepoint     ] Total time for which application threads were stopped: 0.0009410 seconds, Stopping threads took: 0.0002808 seconds
[2024-09-04T12:28:08.137+0000][1197.966s][debug][safepoint     ] Safepoint synchronization initiated. (277 threads)
[2024-09-04T12:28:08.137+0000][1197.966s][info ][safepoint     ] Application time: 0.7564051 seconds
[2024-09-04T12:28:08.137+0000][1197.966s][info ][safepoint     ] Entering safepoint region: G1CollectForAllocation
[2024-09-04T12:28:08.138+0000][1197.967s][info ][gc,start      ] GC(112) Pause Young (Normal) (G1 Evacuation Pause)
[2024-09-04T12:28:08.138+0000][1197.967s][info ][gc,task       ] GC(112) Using 4 workers of 4 for evacuation
[2024-09-04T12:28:08.149+0000][1197.978s][info ][gc,phases     ] GC(112)   Pre Evacuate Collection Set: 0.0ms
[2024-09-04T12:28:08.149+0000][1197.978s][info ][gc,phases     ] GC(112)   Evacuate Collection Set: 4.9ms
[2024-09-04T12:28:08.149+0000][1197.978s][info ][gc,phases     ] GC(112)   Post Evacuate Collection Set: 5.6ms
[2024-09-04T12:28:08.149+0000][1197.978s][info ][gc,phases     ] GC(112)   Other: 0.6ms
[2024-09-04T12:28:08.149+0000][1197.978s][info ][gc,heap       ] GC(112) Eden regions: 190->0(189)
[2024-09-04T12:28:08.149+0000][1197.978s][info ][gc,heap       ] GC(112) Survivor regions: 2->3(24)
[2024-09-04T12:28:08.149+0000][1197.978s][info ][gc,heap       ] GC(112) Old regions: 175->175
[2024-09-04T12:28:08.149+0000][1197.978s][info ][gc,heap       ] GC(112) Humongous regions: 0->0
[2024-09-04T12:28:08.149+0000][1197.978s][info ][gc,metaspace  ] GC(112) Metaspace: 182874K(188912K)->182874K(188912K) NonClass: 161851K(165588K)->161851K(165588K) Class: 21022K(23324K)->21022K(23324K)
[2024-09-04T12:28:08.149+0000][1197.978s][info ][gc            ] GC(112) Pause Young (Normal) (G1 Evacuation Pause) 364M->176M(412M) 11.151ms
[2024-09-04T12:28:08.149+0000][1197.978s][info ][gc,cpu        ] GC(112) User=0.04s Sys=0.01s Real=0.01s
[2024-09-04T12:28:08.149+0000][1197.978s][info ][safepoint     ] Leaving safepoint region
[2024-09-04T12:28:08.149+0000][1197.978s][info ][safepoint     ] Total time for which application threads were stopped: 0.0124902 seconds, Stopping threads took: 0.0002451 seconds
[2024-09-04T12:28:08.150+0000][1197.978s][info ][gc,stringdedup] Concurrent String Deduplication (1197.978s)
[2024-09-04T12:28:08.150+0000][1197.978s][info ][gc,stringdedup] Concurrent String Deduplication 5544.0B->832.0B(4712.0B) avg 54.8% (1197.978s, 1197.978s) 0.108ms
[2024-09-04T12:28:09.150+0000][1198.978s][debug][safepoint     ] Safepoint synchronization initiated. (277 threads)
[2024-09-04T12:28:09.150+0000][1198.978s][info ][safepoint     ] Application time: 1.0003379 seconds
[2024-09-04T12:28:09.150+0000][1198.979s][info ][safepoint     ] Entering safepoint region: Cleanup
[2024-09-04T12:28:09.150+0000][1198.979s][info ][safepoint     ] Leaving safepoint region
[2024-09-04T12:28:09.150+0000][1198.979s][info ][safepoint     ] Total time for which application threads were stopped: 0.0006959 seconds, Stopping threads took: 0.0001481 seconds
[2024-09-04T12:28:10.151+0000][1199.979s][debug][safepoint     ] Safepoint synchronization initiated. (277 threads)
[2024-09-04T12:28:10.151+0000][1199.980s][info ][safepoint     ] Application time: 1.0003310 seconds
[2024-09-04T12:28:10.151+0000][1199.980s][info ][safepoint     ] Entering safepoint region: Cleanup
[2024-09-04T12:28:10.152+0000][1199.981s][info ][safepoint     ] Leaving safepoint region
[2024-09-04T12:28:10.152+0000][1199.981s][info ][safepoint     ] Total time for which application threads were stopped: 0.0009520 seconds, Stopping threads took: 0.0002060 seconds
[2024-09-04T12:28:11.152+0000][1200.981s][debug][safepoint     ] Safepoint synchronization initiated. (277 threads)
[2024-09-04T12:28:11.152+0000][1200.981s][info ][safepoint     ] Application time: 1.0002551 seconds
[2024-09-04T12:28:11.152+0000][1200.981s][debug][safepoint     ] ... found polling page return exception at pc = 0x00007ff4a085e306, stub =0x00007ff498824b00
[2024-09-04T12:28:11.152+0000][1200.981s][debug][safepoint     ] Waiting for 2 thread(s) to block
[2024-09-04T12:28:11.153+0000][1200.981s][info ][safepoint     ] Entering safepoint region: Cleanup
[2024-09-04T12:28:11.153+0000][1200.982s][info ][safepoint     ] Leaving safepoint region
[2024-09-04T12:28:11.153+0000][1200.982s][info ][safepoint     ] Total time for which application threads were stopped: 0.0011046 seconds, Stopping threads took: 0.0005247 seconds
[2024-09-04T12:28:12.153+0000][1201.982s][debug][safepoint     ] Safepoint synchronization initiated. (277 threads)
[2024-09-04T12:28:12.154+0000][1201.982s][info ][safepoint     ] Application time: 1.0003712 seconds
[2024-09-04T12:28:12.154+0000][1201.983s][info ][safepoint     ] Entering safepoint region: Cleanup
[2024-09-04T12:28:12.155+0000][1201.984s][info ][safepoint     ] Leaving safepoint region
[2024-09-04T12:28:12.155+0000][1201.984s][info ][safepoint     ] Total time for which application threads were stopped: 0.0011963 seconds, Stopping threads took: 0.0003537 seconds
[2024-09-04T12:28:13.155+0000][1202.984s][debug][safepoint     ] Safepoint synchronization initiated. (277 threads)
[2024-09-04T12:28:13.155+0000][1202.984s][info ][safepoint     ] Application time: 1.0003359 seconds
[2024-09-04T12:28:13.155+0000][1202.984s][info ][safepoint     ] Entering safepoint region: Cleanup
[2024-09-04T12:28:13.156+0000][1202.985s][info ][safepoint     ] Leaving safepoint region
[2024-09-04T12:28:13.156+0000][1202.985s][info ][safepoint     ] Total time for which application threads were stopped: 0.0010270 seconds, Stopping threads took: 0.0002553 seconds
[2024-09-04T12:28:14.156+0000][1203.985s][debug][safepoint     ] Safepoint synchronization initiated. (277 threads)
[2024-09-04T12:28:14.156+0000][1203.985s][info ][safepoint     ] Application time: 1.0001781 seconds
[2024-09-04T12:28:14.157+0000][1203.985s][info ][safepoint     ] Entering safepoint region: Cleanup
[2024-09-04T12:28:14.158+0000][1203.987s][info ][safepoint     ] Leaving safepoint region
[2024-09-04T12:28:14.158+0000][1203.987s][info ][safepoint     ] Total time for which application threads were stopped: 0.0015714 seconds, Stopping threads took: 0.0002197 seconds
[2024-09-04T12:28:15.158+0000][1204.987s][debug][safepoint     ] Safepoint synchronization initiated. (277 threads)
[2024-09-04T12:28:15.158+0000][1204.987s][info ][safepoint     ] Application time: 1.0002809 seconds
[2024-09-04T12:28:15.159+0000][1204.987s][info ][safepoint     ] Entering safepoint region: Cleanup
[2024-09-04T12:28:15.159+0000][1204.988s][info ][safepoint     ] Leaving safepoint region
[2024-09-04T12:28:15.159+0000][1204.988s][info ][safepoint     ] Total time for which application threads were stopped: 0.0008477 seconds, Stopping threads took: 0.0002538 seconds
[2024-09-04T12:28:16.160+0000][1205.988s][debug][safepoint     ] Safepoint synchronization initiated. (277 threads)
[2024-09-04T12:28:16.160+0000][1205.988s][info ][safepoint     ] Application time: 1.0003745 seconds
[2024-09-04T12:28:16.160+0000][1205.989s][info ][safepoint     ] Entering safepoint region: Cleanup
[2024-09-04T12:28:16.161+0000][1205.990s][info ][safepoint     ] Leaving safepoint region
[2024-09-04T12:28:16.161+0000][1205.990s][info ][safepoint     ] Total time for which application threads were stopped: 0.0011701 seconds, Stopping threads took: 0.0002783 seconds
[2024-09-04T12:28:17.161+0000][1206.990s][debug][safepoint     ] Safepoint synchronization initiated. (277 threads)
[2024-09-04T12:28:17.161+0000][1206.990s][info ][safepoint     ] Application time: 1.0002700 seconds
[2024-09-04T12:28:17.161+0000][1206.990s][info ][safepoint     ] Entering safepoint region: Cleanup
[2024-09-04T12:28:17.162+0000][1206.991s][info ][safepoint     ] Leaving safepoint region
[2024-09-04T12:28:17.162+0000][1206.991s][info ][safepoint     ] Total time for which application threads were stopped: 0.0012624 seconds, Stopping threads took: 0.0002895 seconds
[2024-09-04T12:28:18.163+0000][1207.992s][debug][safepoint     ] Safepoint synchronization initiated. (277 threads)
[2024-09-04T12:28:18.163+0000][1207.992s][info ][safepoint     ] Application time: 1.0004110 seconds
[2024-09-04T12:28:18.163+0000][1207.992s][info ][safepoint     ] Entering safepoint region: Cleanup
[2024-09-04T12:28:18.164+0000][1207.993s][info ][safepoint     ] Leaving safepoint region
[2024-09-04T12:28:18.164+0000][1207.993s][info ][safepoint     ] Total time for which application threads were stopped: 0.0008423 seconds, Stopping threads took: 0.0002312 seconds
[2024-09-04T12:28:19.164+0000][1208.993s][debug][safepoint     ] Safepoint synchronization initiated. (277 threads)
[2024-09-04T12:28:19.164+0000][1208.993s][info ][safepoint     ] Application time: 1.0002887 seconds
[2024-09-04T12:28:19.164+0000][1208.993s][info ][safepoint     ] Entering safepoint region: Cleanup
[2024-09-04T12:28:19.165+0000][1208.994s][info ][safepoint     ] Leaving safepoint region
[2024-09-04T12:28:19.165+0000][1208.994s][info ][safepoint     ] Total time for which application threads were stopped: 0.0007928 seconds, Stopping threads took: 0.0002163 seconds
[2024-09-04T12:28:20.165+0000][1209.994s][debug][safepoint     ] Safepoint synchronization initiated. (277 threads)
[2024-09-04T12:28:20.165+0000][1209.994s][info ][safepoint     ] Application time: 1.0003839 seconds
[2024-09-04T12:28:20.166+0000][1209.994s][info ][safepoint     ] Entering safepoint region: Cleanup
[2024-09-04T12:28:20.166+0000][1209.995s][info ][safepoint     ] Leaving safepoint region
[2024-09-04T12:28:20.166+0000][1209.995s][info ][safepoint     ] Total time for which application threads were stopped: 0.0006355 seconds, Stopping threads took: 0.0002458 seconds
[2024-09-04T12:28:21.166+0000][1210.995s][debug][safepoint     ] Safepoint synchronization initiated. (277 threads)
[2024-09-04T12:28:21.166+0000][1210.995s][info ][safepoint     ] Application time: 1.0001815 seconds
[2024-09-04T12:28:21.166+0000][1210.995s][info ][safepoint     ] Entering safepoint region: Cleanup
[2024-09-04T12:28:21.167+0000][1210.996s][info ][safepoint     ] Leaving safepoint region
[2024-09-04T12:28:21.167+0000][1210.996s][info ][safepoint     ] Total time for which application threads were stopped: 0.0006561 seconds, Stopping threads took: 0.0001760 seconds
[2024-09-04T12:28:21.167+0000][1210.996s][debug][safepoint     ] ... found polling page return exception at pc = 0x00007ff4a131ffd6, stub =0x00007ff498824b00
[2024-09-04T12:28:22.167+0000][1211.996s][debug][safepoint     ] Safepoint synchronization initiated. (277 threads)
[2024-09-04T12:28:22.167+0000][1211.996s][info ][safepoint     ] Application time: 1.0003147 seconds
[2024-09-04T12:28:22.167+0000][1211.996s][info ][safepoint     ] Entering safepoint region: Cleanup
[2024-09-04T12:28:22.168+0000][1211.997s][info ][safepoint     ] Leaving safepoint region
[2024-09-04T12:28:22.168+0000][1211.997s][info ][safepoint     ] Total time for which application threads were stopped: 0.0009393 seconds, Stopping threads took: 0.0002251 seconds
[2024-09-04T12:28:23.168+0000][1212.997s][debug][safepoint     ] Safepoint synchronization initiated. (277 threads)
[2024-09-04T12:28:23.169+0000][1212.997s][info ][safepoint     ] Application time: 1.0003490 seconds
[2024-09-04T12:28:23.169+0000][1212.998s][info ][safepoint     ] Entering safepoint region: Cleanup
[2024-09-04T12:28:23.170+0000][1212.998s][info ][safepoint     ] Leaving safepoint region
[2024-09-04T12:28:23.170+0000][1212.998s][info ][safepoint     ] Total time for which application threads were stopped: 0.0011252 seconds, Stopping threads took: 0.0002712 seconds
[2024-09-04T12:28:24.170+0000][1213.999s][debug][safepoint     ] Safepoint synchronization initiated. (277 threads)
[2024-09-04T12:28:24.170+0000][1213.999s][info ][safepoint     ] Application time: 1.0002944 seconds
[2024-09-04T12:28:24.170+0000][1213.999s][info ][safepoint     ] Entering safepoint region: Cleanup
[2024-09-04T12:28:24.171+0000][1214.000s][info ][safepoint     ] Leaving safepoint region
[2024-09-04T12:28:24.171+0000][1214.000s][info ][safepoint     ] Total time for which application threads were stopped: 0.0008735 seconds, Stopping threads took: 0.0002546 seconds
[2024-09-04T12:28:25.171+0000][1215.000s][debug][safepoint     ] Safepoint synchronization initiated. (277 threads)
[2024-09-04T12:28:25.171+0000][1215.000s][info ][safepoint     ] Application time: 1.0003032 seconds
[2024-09-04T12:28:25.171+0000][1215.000s][info ][safepoint     ] Entering safepoint region: Cleanup
[2024-09-04T12:28:25.172+0000][1215.001s][info ][safepoint     ] Leaving safepoint region
[2024-09-04T12:28:25.172+0000][1215.001s][info ][safepoint     ] Total time for which application threads were stopped: 0.0009284 seconds, Stopping threads took: 0.0002242 seconds
[2024-09-04T12:28:26.173+0000][1216.001s][debug][safepoint     ] Safepoint synchronization initiated. (277 threads)
[2024-09-04T12:28:26.173+0000][1216.001s][info ][safepoint     ] Application time: 1.0003381 seconds
[2024-09-04T12:28:26.173+0000][1216.002s][info ][safepoint     ] Entering safepoint region: Cleanup
[2024-09-04T12:28:26.174+0000][1216.002s][info ][safepoint     ] Leaving safepoint region
[2024-09-04T12:28:26.174+0000][1216.002s][info ][safepoint     ] Total time for which application threads were stopped: 0.0009462 seconds, Stopping threads took: 0.0002949 seconds
[2024-09-04T12:28:27.174+0000][1217.003s][debug][safepoint     ] Safepoint synchronization initiated. (277 threads)
[2024-09-04T12:28:27.174+0000][1217.003s][info ][safepoint     ] Application time: 1.0002929 seconds
[2024-09-04T12:28:27.174+0000][1217.003s][info ][safepoint     ] Entering safepoint region: Cleanup
[2024-09-04T12:28:27.175+0000][1217.003s][info ][safepoint     ] Leaving safepoint region
[2024-09-04T12:28:27.175+0000][1217.004s][info ][safepoint     ] Total time for which application threads were stopped: 0.0008492 seconds, Stopping threads took: 0.0002177 seconds
[2024-09-04T12:28:28.175+0000][1218.004s][debug][safepoint     ] Safepoint synchronization initiated. (277 threads)
[2024-09-04T12:28:28.175+0000][1218.004s][info ][safepoint     ] Application time: 1.0003159 seconds
[2024-09-04T12:28:28.175+0000][1218.004s][info ][safepoint     ] Entering safepoint region: Cleanup
[2024-09-04T12:28:28.176+0000][1218.005s][info ][safepoint     ] Leaving safepoint region
[2024-09-04T12:28:28.176+0000][1218.005s][debug][safepoint     ] ... found polling page return exception at pc = 0x00007ff4a131ffd6, stub =0x00007ff498824b00
[2024-09-04T12:28:28.176+0000][1218.005s][debug][safepoint     ] ... found polling page return exception at pc = 0x00007ff4a131ffd6, stub =0x00007ff498824b00
[2024-09-04T12:28:28.176+0000][1218.005s][info ][safepoint     ] Total time for which application threads were stopped: 0.0008649 seconds, Stopping threads took: 0.0002984 seconds
[2024-09-04T12:28:28.176+0000][1218.005s][debug][safepoint     ] ... found polling page return exception at pc = 0x00007ff4a131ffd6, stub =0x00007ff498824b00
[2024-09-04T12:28:29.177+0000][1219.005s][debug][safepoint     ] Safepoint synchronization initiated. (277 threads)
[2024-09-04T12:28:29.177+0000][1219.006s][info ][safepoint     ] Application time: 1.0003974 seconds
[2024-09-04T12:28:29.177+0000][1219.006s][info ][safepoint     ] Entering safepoint region: Cleanup
[2024-09-04T12:28:29.178+0000][1219.007s][info ][safepoint     ] Leaving safepoint region
[2024-09-04T12:28:29.178+0000][1219.007s][info ][safepoint     ] Total time for which application threads were stopped: 0.0009496 seconds, Stopping threads took: 0.0002273 seconds
[2024-09-04T12:28:30.178+0000][1220.007s][debug][safepoint     ] Safepoint synchronization initiated. (277 threads)
[2024-09-04T12:28:30.178+0000][1220.007s][info ][safepoint     ] Application time: 1.0002054 seconds
[2024-09-04T12:28:30.178+0000][1220.007s][info ][safepoint     ] Entering safepoint region: Cleanup
[2024-09-04T12:28:30.179+0000][1220.007s][info ][safepoint     ] Leaving safepoint region
[2024-09-04T12:28:30.179+0000][1220.007s][info ][safepoint     ] Total time for which application threads were stopped: 0.0005227 seconds, Stopping threads took: 0.0001655 seconds
[2024-09-04T12:28:31.179+0000][1221.008s][debug][safepoint     ] Safepoint synchronization initiated. (277 threads)
[2024-09-04T12:28:31.179+0000][1221.008s][info ][safepoint     ] Application time: 1.0002956 seconds
[2024-09-04T12:28:31.179+0000][1221.008s][debug][safepoint     ] ... found polling page loop exception at pc = 0x00007ff4a09f95f2, stub =0x00007ff498826680
[2024-09-04T12:28:31.179+0000][1221.008s][debug][safepoint     ] Waiting for 1 thread(s) to block
[2024-09-04T12:28:31.179+0000][1221.008s][info ][safepoint     ] Entering safepoint region: Cleanup
[2024-09-04T12:28:31.180+0000][1221.008s][info ][safepoint     ] Leaving safepoint region
[2024-09-04T12:28:31.180+0000][1221.008s][info ][safepoint     ] Total time for which application threads were stopped: 0.0006760 seconds, Stopping threads took: 0.0003194 seconds
[2024-09-04T12:28:32.180+0000][1222.009s][debug][safepoint     ] Safepoint synchronization initiated. (277 threads)
[2024-09-04T12:28:32.180+0000][1222.009s][info ][safepoint     ] Application time: 1.0004150 seconds
[2024-09-04T12:28:32.180+0000][1222.009s][info ][safepoint     ] Entering safepoint region: Cleanup
[2024-09-04T12:28:32.181+0000][1222.010s][info ][safepoint     ] Leaving safepoint region
[2024-09-04T12:28:32.181+0000][1222.010s][info ][safepoint     ] Total time for which application threads were stopped: 0.0009838 seconds, Stopping threads took: 0.0002383 seconds
[2024-09-04T12:28:32.181+0000][1222.010s][debug][safepoint     ] ... found polling page loop exception at pc = 0x00007ff4a1317510, stub =0x00007ff498826680
[2024-09-04T12:28:33.181+0000][1223.010s][debug][safepoint     ] Safepoint synchronization initiated. (278 threads)
[2024-09-04T12:28:33.181+0000][1223.010s][info ][safepoint     ] Application time: 1.0003018 seconds
[2024-09-04T12:28:33.182+0000][1223.010s][info ][safepoint     ] Entering safepoint region: Cleanup
[2024-09-04T12:28:33.182+0000][1223.011s][info ][safepoint     ] Leaving safepoint region
[2024-09-04T12:28:33.182+0000][1223.011s][info ][safepoint     ] Total time for which application threads were stopped: 0.0008907 seconds, Stopping threads took: 0.0002636 seconds
[2024-09-04T12:28:33.889+0000][1223.718s][debug][safepoint     ] Safepoint synchronization initiated. (278 threads)
[2024-09-04T12:28:33.889+0000][1223.718s][info ][safepoint     ] Application time: 0.7069244 seconds
[2024-09-04T12:28:33.890+0000][1223.718s][info ][safepoint     ] Entering safepoint region: G1CollectForAllocation
[2024-09-04T12:28:33.890+0000][1223.719s][info ][gc,start      ] GC(113) Pause Young (Normal) (G1 Evacuation Pause)
[2024-09-04T12:28:33.890+0000][1223.719s][info ][gc,task       ] GC(113) Using 4 workers of 4 for evacuation
[2024-09-04T12:28:33.902+0000][1223.731s][info ][gc,phases     ] GC(113)   Pre Evacuate Collection Set: 0.0ms
[2024-09-04T12:28:33.902+0000][1223.731s][info ][gc,phases     ] GC(113)   Evacuate Collection Set: 5.9ms
[2024-09-04T12:28:33.902+0000][1223.731s][info ][gc,phases     ] GC(113)   Post Evacuate Collection Set: 5.1ms
[2024-09-04T12:28:33.902+0000][1223.731s][info ][gc,phases     ] GC(113)   Other: 0.6ms
[2024-09-04T12:28:33.902+0000][1223.731s][info ][gc,heap       ] GC(113) Eden regions: 189->0(188)
[2024-09-04T12:28:33.902+0000][1223.731s][info ][gc,heap       ] GC(113) Survivor regions: 3->3(24)
[2024-09-04T12:28:33.902+0000][1223.731s][info ][gc,heap       ] GC(113) Old regions: 175->175
[2024-09-04T12:28:33.902+0000][1223.731s][info ][gc,heap       ] GC(113) Humongous regions: 0->0
[2024-09-04T12:28:33.902+0000][1223.731s][info ][gc,metaspace  ] GC(113) Metaspace: 183252K(189296K)->183252K(189296K) NonClass: 162203K(165844K)->162203K(165844K) Class: 21048K(23452K)->21048K(23452K)
[2024-09-04T12:28:33.902+0000][1223.731s][info ][gc            ] GC(113) Pause Young (Normal) (G1 Evacuation Pause) 365M->176M(412M) 11.832ms
[2024-09-04T12:28:33.902+0000][1223.731s][info ][gc,cpu        ] GC(113) User=0.04s Sys=0.00s Real=0.01s
[2024-09-04T12:28:33.902+0000][1223.731s][info ][safepoint     ] Leaving safepoint region
[2024-09-04T12:28:33.902+0000][1223.731s][info ][safepoint     ] Total time for which application threads were stopped: 0.0128507 seconds, Stopping threads took: 0.0003076 seconds
[2024-09-04T12:28:33.902+0000][1223.731s][info ][gc,stringdedup] Concurrent String Deduplication (1223.731s)
[2024-09-04T12:28:33.903+0000][1223.731s][info ][gc,stringdedup] Concurrent String Deduplication 73424.0B->15864.0B(57560.0B) avg 54.9% (1223.731s, 1223.731s) 0.357ms
[2024-09-04T12:28:34.902+0000][1224.731s][debug][safepoint     ] Safepoint synchronization initiated. (278 threads)
[2024-09-04T12:28:34.903+0000][1224.731s][info ][safepoint     ] Application time: 1.0002974 seconds
[2024-09-04T12:28:34.903+0000][1224.731s][info ][safepoint     ] Entering safepoint region: Cleanup
[2024-09-04T12:28:34.903+0000][1224.732s][info ][safepoint     ] Leaving safepoint region
[2024-09-04T12:28:34.903+0000][1224.732s][info ][safepoint     ] Total time for which application threads were stopped: 0.0008049 seconds, Stopping threads took: 0.0002261 seconds
[2024-09-04T12:28:35.904+0000][1225.732s][debug][safepoint     ] Safepoint synchronization initiated. (277 threads)
[2024-09-04T12:28:35.904+0000][1225.732s][info ][safepoint     ] Application time: 1.0002274 seconds
[2024-09-04T12:28:35.904+0000][1225.733s][info ][safepoint     ] Entering safepoint region: Cleanup
[2024-09-04T12:28:35.904+0000][1225.733s][info ][safepoint     ] Leaving safepoint region
[2024-09-04T12:28:35.904+0000][1225.733s][info ][safepoint     ] Total time for which application threads were stopped: 0.0006853 seconds, Stopping threads took: 0.0002019 seconds
[2024-09-04T12:28:36.904+0000][1226.733s][debug][safepoint     ] Safepoint synchronization initiated. (277 threads)
[2024-09-04T12:28:36.905+0000][1226.733s][info ][safepoint     ] Application time: 1.0003043 seconds
[2024-09-04T12:28:36.905+0000][1226.734s][debug][safepoint     ] ... found polling page return exception at pc = 0x00007ff4a09c2674, stub =0x00007ff498824b00
[2024-09-04T12:28:36.905+0000][1226.734s][debug][safepoint     ] ... found polling page return exception at pc = 0x00007ff4a0ee1b9f, stub =0x00007ff498824b00
[2024-09-04T12:28:36.905+0000][1226.734s][debug][safepoint     ] Waiting for 2 thread(s) to block
[2024-09-04T12:28:36.905+0000][1226.734s][info ][safepoint     ] Entering safepoint region: Cleanup
[2024-09-04T12:28:36.906+0000][1226.735s][info ][safepoint     ] Leaving safepoint region
[2024-09-04T12:28:36.906+0000][1226.735s][info ][safepoint     ] Total time for which application threads were stopped: 0.0012678 seconds, Stopping threads took: 0.0005017 seconds
[2024-09-04T12:28:37.906+0000][1227.735s][debug][safepoint     ] Safepoint synchronization initiated. (277 threads)
[2024-09-04T12:28:37.906+0000][1227.735s][info ][safepoint     ] Application time: 1.0002886 seconds
[2024-09-04T12:28:37.906+0000][1227.735s][info ][safepoint     ] Entering safepoint region: Cleanup
[2024-09-04T12:28:37.907+0000][1227.736s][info ][safepoint     ] Leaving safepoint region
[2024-09-04T12:28:37.907+0000][1227.736s][info ][safepoint     ] Total time for which application threads were stopped: 0.0006928 seconds, Stopping threads took: 0.0002031 seconds
[2024-09-04T12:28:38.907+0000][1228.736s][debug][safepoint     ] Safepoint synchronization initiated. (277 threads)
[2024-09-04T12:28:38.907+0000][1228.736s][info ][safepoint     ] Application time: 1.0002095 seconds
[2024-09-04T12:28:38.907+0000][1228.736s][info ][safepoint     ] Entering safepoint region: Cleanup
[2024-09-04T12:28:38.908+0000][1228.737s][info ][safepoint     ] Leaving safepoint region
[2024-09-04T12:28:38.908+0000][1228.737s][info ][safepoint     ] Total time for which application threads were stopped: 0.0007091 seconds, Stopping threads took: 0.0002147 seconds
[2024-09-04T12:28:39.908+0000][1229.737s][debug][safepoint     ] Safepoint synchronization initiated. (277 threads)
[2024-09-04T12:28:39.908+0000][1229.737s][info ][safepoint     ] Application time: 1.0001715 seconds
[2024-09-04T12:28:39.908+0000][1229.737s][info ][safepoint     ] Entering safepoint region: Cleanup
[2024-09-04T12:28:39.909+0000][1229.738s][info ][safepoint     ] Leaving safepoint region
[2024-09-04T12:28:39.909+0000][1229.738s][info ][safepoint     ] Total time for which application threads were stopped: 0.0007118 seconds, Stopping threads took: 0.0001754 seconds
[2024-09-04T12:28:40.909+0000][1230.738s][debug][safepoint     ] Safepoint synchronization initiated. (277 threads)
[2024-09-04T12:28:40.909+0000][1230.738s][info ][safepoint     ] Application time: 1.0002500 seconds
[2024-09-04T12:28:40.909+0000][1230.738s][info ][safepoint     ] Entering safepoint region: Cleanup
[2024-09-04T12:28:40.910+0000][1230.739s][info ][safepoint     ] Leaving safepoint region
[2024-09-04T12:28:40.910+0000][1230.739s][info ][safepoint     ] Total time for which application threads were stopped: 0.0007710 seconds, Stopping threads took: 0.0002016 seconds
[2024-09-04T12:28:41.910+0000][1231.739s][debug][safepoint     ] Safepoint synchronization initiated. (278 threads)
[2024-09-04T12:28:41.910+0000][1231.739s][info ][safepoint     ] Application time: 1.0001900 seconds
[2024-09-04T12:28:41.910+0000][1231.739s][info ][safepoint     ] Entering safepoint region: Cleanup
[2024-09-04T12:28:41.911+0000][1231.739s][info ][safepoint     ] Leaving safepoint region
[2024-09-04T12:28:41.911+0000][1231.739s][info ][safepoint     ] Total time for which application threads were stopped: 0.0005805 seconds, Stopping threads took: 0.0001556 seconds
[2024-09-04T12:28:42.911+0000][1232.740s][debug][safepoint     ] Safepoint synchronization initiated. (278 threads)
[2024-09-04T12:28:42.911+0000][1232.740s][info ][safepoint     ] Application time: 1.0002482 seconds
[2024-09-04T12:28:42.911+0000][1232.740s][info ][safepoint     ] Entering safepoint region: Cleanup
[2024-09-04T12:28:42.912+0000][1232.741s][info ][safepoint     ] Leaving safepoint region
[2024-09-04T12:28:42.912+0000][1232.741s][info ][safepoint     ] Total time for which application threads were stopped: 0.0009044 seconds, Stopping threads took: 0.0002218 seconds
[2024-09-04T12:28:43.912+0000][1233.741s][debug][safepoint     ] Safepoint synchronization initiated. (278 threads)
[2024-09-04T12:28:43.912+0000][1233.741s][info ][safepoint     ] Application time: 1.0002485 seconds
[2024-09-04T12:28:43.912+0000][1233.741s][info ][safepoint     ] Entering safepoint region: Cleanup
[2024-09-04T12:28:43.913+0000][1233.741s][info ][safepoint     ] Leaving safepoint region
[2024-09-04T12:28:43.913+0000][1233.742s][info ][safepoint     ] Total time for which application threads were stopped: 0.0005781 seconds, Stopping threads took: 0.0001412 seconds
[2024-09-04T12:28:44.913+0000][1234.742s][debug][safepoint     ] Safepoint synchronization initiated. (278 threads)
[2024-09-04T12:28:44.913+0000][1234.742s][info ][safepoint     ] Application time: 1.0002190 seconds
[2024-09-04T12:28:44.913+0000][1234.742s][info ][safepoint     ] Entering safepoint region: Cleanup
[2024-09-04T12:28:44.914+0000][1234.742s][info ][safepoint     ] Leaving safepoint region
[2024-09-04T12:28:44.914+0000][1234.743s][info ][safepoint     ] Total time for which application threads were stopped: 0.0007360 seconds, Stopping threads took: 0.0002226 seconds
[2024-09-04T12:28:45.914+0000][1235.743s][debug][safepoint     ] Safepoint synchronization initiated. (278 threads)
[2024-09-04T12:28:45.914+0000][1235.743s][info ][safepoint     ] Application time: 1.0002878 seconds
[2024-09-04T12:28:45.914+0000][1235.743s][info ][safepoint     ] Entering safepoint region: Cleanup
[2024-09-04T12:28:45.915+0000][1235.744s][info ][safepoint     ] Leaving safepoint region
[2024-09-04T12:28:45.915+0000][1235.744s][info ][safepoint     ] Total time for which application threads were stopped: 0.0009503 seconds, Stopping threads took: 0.0002415 seconds
[2024-09-04T12:28:46.915+0000][1236.744s][debug][safepoint     ] Safepoint synchronization initiated. (277 threads)
[2024-09-04T12:28:46.915+0000][1236.744s][info ][safepoint     ] Application time: 1.0002373 seconds
[2024-09-04T12:28:46.915+0000][1236.744s][info ][safepoint     ] Entering safepoint region: Cleanup
[2024-09-04T12:28:46.916+0000][1236.745s][info ][safepoint     ] Leaving safepoint region
[2024-09-04T12:28:46.916+0000][1236.745s][info ][safepoint     ] Total time for which application threads were stopped: 0.0007953 seconds, Stopping threads took: 0.0001864 seconds
[2024-09-04T12:28:47.916+0000][1237.745s][debug][safepoint     ] Safepoint synchronization initiated. (277 threads)
[2024-09-04T12:28:47.916+0000][1237.745s][info ][safepoint     ] Application time: 1.0002789 seconds
[2024-09-04T12:28:47.917+0000][1237.745s][info ][safepoint     ] Entering safepoint region: Cleanup
[2024-09-04T12:28:47.917+0000][1237.746s][info ][safepoint     ] Leaving safepoint region
[2024-09-04T12:28:47.917+0000][1237.746s][info ][safepoint     ] Total time for which application threads were stopped: 0.0008223 seconds, Stopping threads took: 0.0002454 seconds
[2024-09-04T12:28:48.917+0000][1238.746s][debug][safepoint     ] Safepoint synchronization initiated. (277 threads)
[2024-09-04T12:28:48.918+0000][1238.746s][info ][safepoint     ] Application time: 1.0002823 seconds
[2024-09-04T12:28:48.918+0000][1238.747s][info ][safepoint     ] Entering safepoint region: Cleanup
[2024-09-04T12:28:48.918+0000][1238.747s][info ][safepoint     ] Leaving safepoint region
[2024-09-04T12:28:48.918+0000][1238.747s][info ][safepoint     ] Total time for which application threads were stopped: 0.0006643 seconds, Stopping threads took: 0.0002234 seconds
[2024-09-04T12:28:49.919+0000][1239.747s][debug][safepoint     ] Safepoint synchronization initiated. (277 threads)
[2024-09-04T12:28:49.919+0000][1239.747s][info ][safepoint     ] Application time: 1.0003316 seconds
[2024-09-04T12:28:49.919+0000][1239.748s][info ][safepoint     ] Entering safepoint region: Cleanup
[2024-09-04T12:28:49.919+0000][1239.748s][info ][safepoint     ] Leaving safepoint region
[2024-09-04T12:28:49.919+0000][1239.748s][info ][safepoint     ] Total time for which application threads were stopped: 0.0007586 seconds, Stopping threads took: 0.0002640 seconds
[2024-09-04T12:28:49.919+0000][1239.748s][debug][safepoint     ] ... found polling page return exception at pc = 0x00007ff4a131ffd6, stub =0x00007ff498824b00
[2024-09-04T12:28:50.920+0000][1240.748s][debug][safepoint     ] Safepoint synchronization initiated. (277 threads)
[2024-09-04T12:28:50.920+0000][1240.749s][info ][safepoint     ] Application time: 1.0003030 seconds
[2024-09-04T12:28:50.920+0000][1240.749s][info ][safepoint     ] Entering safepoint region: Cleanup
[2024-09-04T12:28:50.921+0000][1240.749s][info ][safepoint     ] Leaving safepoint region
[2024-09-04T12:28:50.921+0000][1240.749s][info ][safepoint     ] Total time for which application threads were stopped: 0.0007841 seconds, Stopping threads took: 0.0002404 seconds
[2024-09-04T12:28:51.921+0000][1241.750s][debug][safepoint     ] Safepoint synchronization initiated. (277 threads)
[2024-09-04T12:28:51.921+0000][1241.750s][info ][safepoint     ] Application time: 1.0003358 seconds
[2024-09-04T12:28:51.921+0000][1241.750s][info ][safepoint     ] Entering safepoint region: Cleanup
[2024-09-04T12:28:51.922+0000][1241.751s][info ][safepoint     ] Leaving safepoint region
[2024-09-04T12:28:51.922+0000][1241.751s][info ][safepoint     ] Total time for which application threads were stopped: 0.0008681 seconds, Stopping threads took: 0.0002076 seconds
[2024-09-04T12:28:52.922+0000][1242.751s][debug][safepoint     ] Safepoint synchronization initiated. (277 threads)
[2024-09-04T12:28:52.922+0000][1242.751s][info ][safepoint     ] Application time: 1.0001761 seconds
[2024-09-04T12:28:52.922+0000][1242.751s][info ][safepoint     ] Entering safepoint region: Cleanup
[2024-09-04T12:28:52.923+0000][1242.751s][info ][safepoint     ] Leaving safepoint region
[2024-09-04T12:28:52.923+0000][1242.751s][info ][safepoint     ] Total time for which application threads were stopped: 0.0005648 seconds, Stopping threads took: 0.0001688 seconds
[2024-09-04T12:28:52.923+0000][1242.751s][debug][safepoint     ] ... found polling page return exception at pc = 0x00007ff4a131ffd6, stub =0x00007ff498824b00
[2024-09-04T12:28:53.923+0000][1243.752s][debug][safepoint     ] Safepoint synchronization initiated. (277 threads)
[2024-09-04T12:28:53.923+0000][1243.752s][info ][safepoint     ] Application time: 1.0003083 seconds
[2024-09-04T12:28:53.923+0000][1243.752s][info ][safepoint     ] Entering safepoint region: Cleanup
[2024-09-04T12:28:53.924+0000][1243.753s][info ][safepoint     ] Leaving safepoint region
[2024-09-04T12:28:53.924+0000][1243.753s][info ][safepoint     ] Total time for which application threads were stopped: 0.0011423 seconds, Stopping threads took: 0.0002458 seconds
[2024-09-04T12:28:54.924+0000][1244.753s][debug][safepoint     ] Safepoint synchronization initiated. (277 threads)
[2024-09-04T12:28:54.924+0000][1244.753s][info ][safepoint     ] Application time: 1.0002638 seconds
[2024-09-04T12:28:54.924+0000][1244.753s][debug][safepoint     ] ... found polling page return exception at pc = 0x00007ff4a04b7468, stub =0x00007ff498824b00
[2024-09-04T12:28:54.925+0000][1244.753s][debug][safepoint     ] Waiting for 1 thread(s) to block
[2024-09-04T12:28:54.925+0000][1244.754s][info ][safepoint     ] Entering safepoint region: Cleanup
[2024-09-04T12:28:54.926+0000][1244.754s][info ][safepoint     ] Leaving safepoint region
[2024-09-04T12:28:54.926+0000][1244.754s][info ][safepoint     ] Total time for which application threads were stopped: 0.0011938 seconds, Stopping threads took: 0.0005323 seconds
[2024-09-04T12:28:55.926+0000][1245.755s][debug][safepoint     ] Safepoint synchronization initiated. (277 threads)
[2024-09-04T12:28:55.926+0000][1245.755s][info ][safepoint     ] Application time: 1.0002292 seconds
[2024-09-04T12:28:55.926+0000][1245.755s][info ][safepoint     ] Entering safepoint region: Cleanup
[2024-09-04T12:28:55.926+0000][1245.755s][info ][safepoint     ] Leaving safepoint region
[2024-09-04T12:28:55.926+0000][1245.755s][info ][safepoint     ] Total time for which application threads were stopped: 0.0006311 seconds, Stopping threads took: 0.0001792 seconds
[2024-09-04T12:28:56.927+0000][1246.755s][debug][safepoint     ] Safepoint synchronization initiated. (277 threads)
[2024-09-04T12:28:56.927+0000][1246.755s][info ][safepoint     ] Application time: 1.0001685 seconds
[2024-09-04T12:28:56.927+0000][1246.756s][info ][safepoint     ] Entering safepoint region: Cleanup
[2024-09-04T12:28:56.927+0000][1246.756s][info ][safepoint     ] Leaving safepoint region
[2024-09-04T12:28:56.927+0000][1246.756s][info ][safepoint     ] Total time for which application threads were stopped: 0.0005683 seconds, Stopping threads took: 0.0002092 seconds
[2024-09-04T12:28:57.928+0000][1247.756s][debug][safepoint     ] Safepoint synchronization initiated. (277 threads)
[2024-09-04T12:28:57.928+0000][1247.756s][info ][safepoint     ] Application time: 1.0004179 seconds
[2024-09-04T12:28:57.928+0000][1247.757s][info ][safepoint     ] Entering safepoint region: Cleanup
[2024-09-04T12:28:57.929+0000][1247.758s][info ][safepoint     ] Leaving safepoint region
[2024-09-04T12:28:57.929+0000][1247.758s][info ][safepoint     ] Total time for which application threads were stopped: 0.0012011 seconds, Stopping threads took: 0.0003093 seconds
[2024-09-04T12:28:58.929+0000][1248.758s][debug][safepoint     ] Safepoint synchronization initiated. (275 threads)
[2024-09-04T12:28:58.929+0000][1248.758s][info ][safepoint     ] Application time: 1.0002244 seconds
[2024-09-04T12:28:58.929+0000][1248.758s][info ][safepoint     ] Entering safepoint region: Cleanup
[2024-09-04T12:28:58.930+0000][1248.759s][info ][safepoint     ] Leaving safepoint region
[2024-09-04T12:28:58.930+0000][1248.759s][info ][safepoint     ] Total time for which application threads were stopped: 0.0009759 seconds, Stopping threads took: 0.0001777 seconds
[2024-09-04T12:28:59.930+0000][1249.759s][debug][safepoint     ] Safepoint synchronization initiated. (274 threads)
[2024-09-04T12:28:59.931+0000][1249.759s][info ][safepoint     ] Application time: 1.0003511 seconds
[2024-09-04T12:28:59.931+0000][1249.759s][info ][safepoint     ] Entering safepoint region: Cleanup
[2024-09-04T12:28:59.931+0000][1249.760s][info ][safepoint     ] Leaving safepoint region
[2024-09-04T12:28:59.931+0000][1249.760s][info ][safepoint     ] Total time for which application threads were stopped: 0.0006781 seconds, Stopping threads took: 0.0002008 seconds
[2024-09-04T12:29:00.811+0000][1250.640s][debug][safepoint     ] Safepoint synchronization initiated. (274 threads)
[2024-09-04T12:29:00.811+0000][1250.640s][info ][safepoint     ] Application time: 0.8797475 seconds
[2024-09-04T12:29:00.811+0000][1250.640s][debug][safepoint     ] ... found polling page return exception at pc = 0x00007ff4a06a5bff, stub =0x00007ff498824b00
[2024-09-04T12:29:00.811+0000][1250.640s][debug][safepoint     ] Waiting for 2 thread(s) to block
[2024-09-04T12:29:00.811+0000][1250.640s][info ][safepoint     ] Entering safepoint region: G1CollectForAllocation
[2024-09-04T12:29:00.812+0000][1250.641s][info ][gc,start      ] GC(114) Pause Young (Normal) (G1 Evacuation Pause)
[2024-09-04T12:29:00.812+0000][1250.641s][info ][gc,task       ] GC(114) Using 4 workers of 4 for evacuation
[2024-09-04T12:29:00.823+0000][1250.652s][info ][gc,phases     ] GC(114)   Pre Evacuate Collection Set: 0.1ms
[2024-09-04T12:29:00.823+0000][1250.652s][info ][gc,phases     ] GC(114)   Evacuate Collection Set: 5.3ms
[2024-09-04T12:29:00.823+0000][1250.652s][info ][gc,phases     ] GC(114)   Post Evacuate Collection Set: 5.3ms
[2024-09-04T12:29:00.823+0000][1250.652s][info ][gc,phases     ] GC(114)   Other: 0.6ms
[2024-09-04T12:29:00.823+0000][1250.652s][info ][gc,heap       ] GC(114) Eden regions: 188->0(187)
[2024-09-04T12:29:00.823+0000][1250.652s][info ][gc,heap       ] GC(114) Survivor regions: 3->4(24)
[2024-09-04T12:29:00.823+0000][1250.652s][info ][gc,heap       ] GC(114) Old regions: 175->175
[2024-09-04T12:29:00.823+0000][1250.652s][info ][gc,heap       ] GC(114) Humongous regions: 0->0
[2024-09-04T12:29:00.823+0000][1250.652s][info ][gc,metaspace  ] GC(114) Metaspace: 183461K(189552K)->183461K(189552K) NonClass: 162392K(166100K)->162392K(166100K) Class: 21068K(23452K)->21068K(23452K)
[2024-09-04T12:29:00.823+0000][1250.652s][info ][gc            ] GC(114) Pause Young (Normal) (G1 Evacuation Pause) 364M->176M(412M) 11.403ms
[2024-09-04T12:29:00.823+0000][1250.652s][info ][gc,cpu        ] GC(114) User=0.04s Sys=0.00s Real=0.01s
[2024-09-04T12:29:00.824+0000][1250.652s][info ][safepoint     ] Leaving safepoint region
[2024-09-04T12:29:00.824+0000][1250.652s][info ][safepoint     ] Total time for which application threads were stopped: 0.0125202 seconds, Stopping threads took: 0.0004055 seconds
[2024-09-04T12:29:00.824+0000][1250.652s][info ][gc,stringdedup] Concurrent String Deduplication (1250.652s)
[2024-09-04T12:29:00.824+0000][1250.653s][info ][gc,stringdedup] Concurrent String Deduplication 96392.0B->34608.0B(61784.0B) avg 55.0% (1250.652s, 1250.653s) 0.670ms
[2024-09-04T12:29:01.824+0000][1251.652s][debug][safepoint     ] Safepoint synchronization initiated. (274 threads)
[2024-09-04T12:29:01.824+0000][1251.653s][info ][safepoint     ] Application time: 1.0002460 seconds
[2024-09-04T12:29:01.824+0000][1251.653s][info ][safepoint     ] Entering safepoint region: Cleanup
[2024-09-04T12:29:01.825+0000][1251.653s][info ][safepoint     ] Leaving safepoint region
[2024-09-04T12:29:01.825+0000][1251.654s][info ][safepoint     ] Total time for which application threads were stopped: 0.0009879 seconds, Stopping threads took: 0.0001754 seconds
[2024-09-04T12:29:02.825+0000][1252.654s][debug][safepoint     ] Safepoint synchronization initiated. (274 threads)
[2024-09-04T12:29:02.825+0000][1252.654s][info ][safepoint     ] Application time: 1.0003427 seconds
[2024-09-04T12:29:02.825+0000][1252.654s][info ][safepoint     ] Entering safepoint region: Cleanup
[2024-09-04T12:29:02.826+0000][1252.655s][info ][safepoint     ] Leaving safepoint region
[2024-09-04T12:29:02.826+0000][1252.655s][info ][safepoint     ] Total time for which application threads were stopped: 0.0008712 seconds, Stopping threads took: 0.0002172 seconds
[2024-09-04T12:29:03.826+0000][1253.655s][debug][safepoint     ] Safepoint synchronization initiated. (274 threads)
[2024-09-04T12:29:03.826+0000][1253.655s][info ][safepoint     ] Application time: 1.0002698 seconds
[2024-09-04T12:29:03.826+0000][1253.655s][debug][safepoint     ] ... found polling page return exception at pc = 0x00007ff4a09c2674, stub =0x00007ff498824b00
[2024-09-04T12:29:03.827+0000][1253.655s][debug][safepoint     ] Waiting for 1 thread(s) to block
[2024-09-04T12:29:03.827+0000][1253.655s][info ][safepoint     ] Entering safepoint region: Cleanup
[2024-09-04T12:29:03.827+0000][1253.656s][info ][safepoint     ] Leaving safepoint region
[2024-09-04T12:29:03.827+0000][1253.656s][debug][safepoint     ] ... found polling page return exception at pc = 0x00007ff4a131ffd6, stub =0x00007ff498824b00
[2024-09-04T12:29:03.827+0000][1253.656s][info ][safepoint     ] Total time for which application threads were stopped: 0.0009421 seconds, Stopping threads took: 0.0003869 seconds
[2024-09-04T12:29:03.827+0000][1253.656s][debug][safepoint     ] ... found polling page return exception at pc = 0x00007ff4a131ffd6, stub =0x00007ff498824b00
[2024-09-04T12:29:04.828+0000][1254.657s][debug][safepoint     ] Safepoint synchronization initiated. (274 threads)
[2024-09-04T12:29:04.828+0000][1254.657s][info ][safepoint     ] Application time: 1.0003175 seconds
[2024-09-04T12:29:04.828+0000][1254.657s][info ][safepoint     ] Entering safepoint region: Cleanup
[2024-09-04T12:29:04.829+0000][1254.658s][info ][safepoint     ] Leaving safepoint region
[2024-09-04T12:29:04.829+0000][1254.658s][info ][safepoint     ] Total time for which application threads were stopped: 0.0009752 seconds, Stopping threads took: 0.0001996 seconds
[2024-09-04T12:29:05.829+0000][1255.658s][debug][safepoint     ] Safepoint synchronization initiated. (274 threads)
[2024-09-04T12:29:05.829+0000][1255.658s][info ][safepoint     ] Application time: 1.0003178 seconds
[2024-09-04T12:29:05.830+0000][1255.658s][info ][safepoint     ] Entering safepoint region: Cleanup
[2024-09-04T12:29:05.830+0000][1255.659s][info ][safepoint     ] Leaving safepoint region
[2024-09-04T12:29:05.830+0000][1255.659s][info ][safepoint     ] Total time for which application threads were stopped: 0.0010419 seconds, Stopping threads took: 0.0003017 seconds
[2024-09-04T12:29:06.831+0000][1256.659s][debug][safepoint     ] Safepoint synchronization initiated. (274 threads)
[2024-09-04T12:29:06.831+0000][1256.659s][info ][safepoint     ] Application time: 1.0002962 seconds
[2024-09-04T12:29:06.831+0000][1256.660s][info ][safepoint     ] Entering safepoint region: Cleanup
[2024-09-04T12:29:06.832+0000][1256.660s][info ][safepoint     ] Leaving safepoint region
[2024-09-04T12:29:06.832+0000][1256.660s][info ][safepoint     ] Total time for which application threads were stopped: 0.0009097 seconds, Stopping threads took: 0.0003026 seconds
[2024-09-04T12:29:07.832+0000][1257.661s][debug][safepoint     ] Safepoint synchronization initiated. (274 threads)
[2024-09-04T12:29:07.832+0000][1257.661s][info ][safepoint     ] Application time: 1.0002577 seconds
[2024-09-04T12:29:07.832+0000][1257.661s][info ][safepoint     ] Entering safepoint region: Cleanup
[2024-09-04T12:29:07.833+0000][1257.661s][info ][safepoint     ] Leaving safepoint region
[2024-09-04T12:29:07.833+0000][1257.661s][info ][safepoint     ] Total time for which application threads were stopped: 0.0008039 seconds, Stopping threads took: 0.0001793 seconds
[2024-09-04T12:29:08.833+0000][1258.662s][debug][safepoint     ] Safepoint synchronization initiated. (274 threads)
[2024-09-04T12:29:08.833+0000][1258.662s][info ][safepoint     ] Application time: 1.0002839 seconds
[2024-09-04T12:29:08.833+0000][1258.662s][info ][safepoint     ] Entering safepoint region: Cleanup
[2024-09-04T12:29:08.834+0000][1258.663s][debug][safepoint     ] ... found polling page return exception at pc = 0x00007ff4a131ffd6, stub =0x00007ff498824b00
[2024-09-04T12:29:08.834+0000][1258.663s][info ][safepoint     ] Leaving safepoint region
[2024-09-04T12:29:08.834+0000][1258.663s][info ][safepoint     ] Total time for which application threads were stopped: 0.0010265 seconds, Stopping threads took: 0.0002807 seconds
[2024-09-04T12:29:09.834+0000][1259.663s][debug][safepoint     ] Safepoint synchronization initiated. (274 threads)
[2024-09-04T12:29:09.834+0000][1259.663s][info ][safepoint     ] Application time: 1.0001891 seconds
[2024-09-04T12:29:09.834+0000][1259.663s][info ][safepoint     ] Entering safepoint region: Cleanup
[2024-09-04T12:29:09.835+0000][1259.664s][info ][safepoint     ] Leaving safepoint region
[2024-09-04T12:29:09.835+0000][1259.664s][info ][safepoint     ] Total time for which application threads were stopped: 0.0007611 seconds, Stopping threads took: 0.0002094 seconds
[2024-09-04T12:29:10.835+0000][1260.664s][debug][safepoint     ] Safepoint synchronization initiated. (274 threads)
[2024-09-04T12:29:10.835+0000][1260.664s][info ][safepoint     ] Application time: 1.0001838 seconds
[2024-09-04T12:29:10.835+0000][1260.664s][info ][safepoint     ] Entering safepoint region: Cleanup
[2024-09-04T12:29:10.836+0000][1260.665s][info ][safepoint     ] Leaving safepoint region
[2024-09-04T12:29:10.836+0000][1260.665s][debug][safepoint     ] ... found polling page return exception at pc = 0x00007ff4a131ffd6, stub =0x00007ff498824b00
[2024-09-04T12:29:10.836+0000][1260.665s][info ][safepoint     ] Total time for which application threads were stopped: 0.0005236 seconds, Stopping threads took: 0.0002211 seconds
[2024-09-04T12:29:11.836+0000][1261.665s][debug][safepoint     ] Safepoint synchronization initiated. (274 threads)
[2024-09-04T12:29:11.836+0000][1261.665s][info ][safepoint     ] Application time: 1.0002790 seconds
[2024-09-04T12:29:11.836+0000][1261.665s][info ][safepoint     ] Entering safepoint region: Cleanup
[2024-09-04T12:29:11.837+0000][1261.666s][info ][safepoint     ] Leaving safepoint region
[2024-09-04T12:29:11.837+0000][1261.666s][info ][safepoint     ] Total time for which application threads were stopped: 0.0008836 seconds, Stopping threads took: 0.0002379 seconds
[2024-09-04T12:29:12.837+0000][1262.666s][debug][safepoint     ] Safepoint synchronization initiated. (274 threads)
[2024-09-04T12:29:12.837+0000][1262.666s][info ][safepoint     ] Application time: 1.0002521 seconds
[2024-09-04T12:29:12.838+0000][1262.666s][info ][safepoint     ] Entering safepoint region: Cleanup
[2024-09-04T12:29:12.838+0000][1262.667s][info ][safepoint     ] Leaving safepoint region
[2024-09-04T12:29:12.838+0000][1262.667s][info ][safepoint     ] Total time for which application threads were stopped: 0.0008183 seconds, Stopping threads took: 0.0002508 seconds
[2024-09-04T12:29:13.838+0000][1263.667s][debug][safepoint     ] Safepoint synchronization initiated. (274 threads)
[2024-09-04T12:29:13.838+0000][1263.667s][info ][safepoint     ] Application time: 1.0002090 seconds
[2024-09-04T12:29:13.839+0000][1263.667s][info ][safepoint     ] Entering safepoint region: Cleanup
[2024-09-04T12:29:13.839+0000][1263.668s][info ][safepoint     ] Leaving safepoint region
[2024-09-04T12:29:13.839+0000][1263.668s][info ][safepoint     ] Total time for which application threads were stopped: 0.0007169 seconds, Stopping threads took: 0.0001625 seconds
[2024-09-04T12:29:14.839+0000][1264.668s][debug][safepoint     ] Safepoint synchronization initiated. (274 threads)
[2024-09-04T12:29:14.839+0000][1264.668s][info ][safepoint     ] Application time: 1.0003264 seconds
[2024-09-04T12:29:14.840+0000][1264.668s][info ][safepoint     ] Entering safepoint region: Cleanup
[2024-09-04T12:29:14.840+0000][1264.669s][info ][safepoint     ] Leaving safepoint region
[2024-09-04T12:29:14.840+0000][1264.669s][info ][safepoint     ] Total time for which application threads were stopped: 0.0010129 seconds, Stopping threads took: 0.0002618 seconds
[2024-09-04T12:29:15.841+0000][1265.670s][debug][safepoint     ] Safepoint synchronization initiated. (274 threads)
[2024-09-04T12:29:15.841+0000][1265.670s][info ][safepoint     ] Application time: 1.0003967 seconds
[2024-09-04T12:29:15.841+0000][1265.670s][info ][safepoint     ] Entering safepoint region: Cleanup
[2024-09-04T12:29:15.842+0000][1265.670s][info ][safepoint     ] Leaving safepoint region
[2024-09-04T12:29:15.842+0000][1265.671s][info ][safepoint     ] Total time for which application threads were stopped: 0.0008451 seconds, Stopping threads took: 0.0002430 seconds
[2024-09-04T12:29:16.842+0000][1266.671s][debug][safepoint     ] Safepoint synchronization initiated. (274 threads)
[2024-09-04T12:29:16.842+0000][1266.671s][info ][safepoint     ] Application time: 1.0002284 seconds
[2024-09-04T12:29:16.842+0000][1266.671s][info ][safepoint     ] Entering safepoint region: Cleanup
[2024-09-04T12:29:16.843+0000][1266.672s][info ][safepoint     ] Leaving safepoint region
[2024-09-04T12:29:16.843+0000][1266.672s][info ][safepoint     ] Total time for which application threads were stopped: 0.0007670 seconds, Stopping threads took: 0.0001994 seconds
[2024-09-04T12:29:17.843+0000][1267.672s][debug][safepoint     ] Safepoint synchronization initiated. (274 threads)
[2024-09-04T12:29:17.843+0000][1267.672s][info ][safepoint     ] Application time: 1.0003603 seconds
[2024-09-04T12:29:17.843+0000][1267.672s][info ][safepoint     ] Entering safepoint region: Cleanup
[2024-09-04T12:29:17.844+0000][1267.673s][debug][safepoint     ] ... found polling page loop exception at pc = 0x00007ff4a1317510, stub =0x00007ff498826680
[2024-09-04T12:29:17.844+0000][1267.673s][debug][safepoint     ] ... found polling page loop exception at pc = 0x00007ff4a1317510, stub =0x00007ff498826680
[2024-09-04T12:29:17.844+0000][1267.673s][info ][safepoint     ] Leaving safepoint region
[2024-09-04T12:29:17.845+0000][1267.673s][info ][safepoint     ] Total time for which application threads were stopped: 0.0012612 seconds, Stopping threads took: 0.0002801 seconds
[2024-09-04T12:29:17.844+0000][1267.673s][debug][safepoint     ] ... found polling page return exception at pc = 0x00007ff4a131ffd6, stub =0x00007ff498824b00
[2024-09-04T12:29:18.845+0000][1268.673s][debug][safepoint     ] Safepoint synchronization initiated. (274 threads)
[2024-09-04T12:29:18.845+0000][1268.674s][info ][safepoint     ] Application time: 1.0002558 seconds
[2024-09-04T12:29:18.845+0000][1268.674s][info ][safepoint     ] Entering safepoint region: Cleanup
[2024-09-04T12:29:18.845+0000][1268.674s][info ][safepoint     ] Leaving safepoint region
[2024-09-04T12:29:18.845+0000][1268.674s][info ][safepoint     ] Total time for which application threads were stopped: 0.0006729 seconds, Stopping threads took: 0.0001650 seconds
[2024-09-04T12:29:19.846+0000][1269.674s][debug][safepoint     ] Safepoint synchronization initiated. (274 threads)
[2024-09-04T12:29:19.846+0000][1269.674s][info ][safepoint     ] Application time: 1.0001855 seconds
[2024-09-04T12:29:19.846+0000][1269.675s][info ][safepoint     ] Entering safepoint region: Cleanup
[2024-09-04T12:29:19.847+0000][1269.675s][info ][safepoint     ] Leaving safepoint region
[2024-09-04T12:29:19.847+0000][1269.675s][info ][safepoint     ] Total time for which application threads were stopped: 0.0008563 seconds, Stopping threads took: 0.0002409 seconds
[2024-09-04T12:29:20.847+0000][1270.675s][debug][safepoint     ] Safepoint synchronization initiated. (274 threads)
[2024-09-04T12:29:20.847+0000][1270.676s][info ][safepoint     ] Application time: 1.0002312 seconds
[2024-09-04T12:29:20.847+0000][1270.676s][info ][safepoint     ] Entering safepoint region: Cleanup
[2024-09-04T12:29:20.848+0000][1270.677s][info ][safepoint     ] Leaving safepoint region
[2024-09-04T12:29:20.848+0000][1270.677s][info ][safepoint     ] Total time for which application threads were stopped: 0.0009587 seconds, Stopping threads took: 0.0002930 seconds
[2024-09-04T12:29:20.848+0000][1270.677s][debug][safepoint     ] ... found polling page return exception at pc = 0x00007ff4a131ffd6, stub =0x00007ff498824b00
[2024-09-04T12:29:21.848+0000][1271.677s][debug][safepoint     ] Safepoint synchronization initiated. (274 threads)
[2024-09-04T12:29:21.848+0000][1271.677s][info ][safepoint     ] Application time: 1.0002970 seconds
[2024-09-04T12:29:21.848+0000][1271.677s][info ][safepoint     ] Entering safepoint region: Cleanup
[2024-09-04T12:29:21.849+0000][1271.678s][info ][safepoint     ] Leaving safepoint region
[2024-09-04T12:29:21.849+0000][1271.678s][info ][safepoint     ] Total time for which application threads were stopped: 0.0007255 seconds, Stopping threads took: 0.0001979 seconds
[2024-09-04T12:29:22.849+0000][1272.678s][debug][safepoint     ] Safepoint synchronization initiated. (274 threads)
[2024-09-04T12:29:22.849+0000][1272.678s][info ][safepoint     ] Application time: 1.0003425 seconds
[2024-09-04T12:29:22.850+0000][1272.678s][info ][safepoint     ] Entering safepoint region: Cleanup
[2024-09-04T12:29:22.850+0000][1272.679s][info ][safepoint     ] Leaving safepoint region
[2024-09-04T12:29:22.850+0000][1272.679s][info ][safepoint     ] Total time for which application threads were stopped: 0.0010244 seconds, Stopping threads took: 0.0003500 seconds
[2024-09-04T12:29:23.850+0000][1273.679s][debug][safepoint     ] Safepoint synchronization initiated. (274 threads)
[2024-09-04T12:29:23.851+0000][1273.679s][info ][safepoint     ] Application time: 1.0002168 seconds
[2024-09-04T12:29:23.851+0000][1273.679s][info ][safepoint     ] Entering safepoint region: Cleanup
[2024-09-04T12:29:23.851+0000][1273.680s][info ][safepoint     ] Leaving safepoint region
[2024-09-04T12:29:23.851+0000][1273.680s][info ][safepoint     ] Total time for which application threads were stopped: 0.0006009 seconds, Stopping threads took: 0.0001767 seconds
[2024-09-04T12:29:24.851+0000][1274.680s][debug][safepoint     ] Safepoint synchronization initiated. (274 threads)
[2024-09-04T12:29:24.851+0000][1274.680s][info ][safepoint     ] Application time: 1.0002806 seconds
[2024-09-04T12:29:24.852+0000][1274.680s][info ][safepoint     ] Entering safepoint region: Cleanup
[2024-09-04T12:29:24.852+0000][1274.681s][info ][safepoint     ] Leaving safepoint region
[2024-09-04T12:29:24.852+0000][1274.681s][info ][safepoint     ] Total time for which application threads were stopped: 0.0008382 seconds, Stopping threads took: 0.0001968 seconds
[2024-09-04T12:29:25.853+0000][1275.681s][debug][safepoint     ] Safepoint synchronization initiated. (274 threads)
[2024-09-04T12:29:25.853+0000][1275.681s][info ][safepoint     ] Application time: 1.0002390 seconds
[2024-09-04T12:29:25.853+0000][1275.682s][info ][safepoint     ] Entering safepoint region: Cleanup
[2024-09-04T12:29:25.853+0000][1275.682s][info ][safepoint     ] Leaving safepoint region
[2024-09-04T12:29:25.853+0000][1275.682s][info ][safepoint     ] Total time for which application threads were stopped: 0.0007565 seconds, Stopping threads took: 0.0001986 seconds
[2024-09-04T12:29:26.854+0000][1276.682s][debug][safepoint     ] Safepoint synchronization initiated. (274 threads)
[2024-09-04T12:29:26.854+0000][1276.682s][info ][safepoint     ] Application time: 1.0002261 seconds
[2024-09-04T12:29:26.854+0000][1276.683s][info ][safepoint     ] Entering safepoint region: Cleanup
[2024-09-04T12:29:26.855+0000][1276.683s][info ][safepoint     ] Leaving safepoint region
[2024-09-04T12:29:26.855+0000][1276.683s][info ][safepoint     ] Total time for which application threads were stopped: 0.0010078 seconds, Stopping threads took: 0.0002470 seconds
[2024-09-04T12:29:27.855+0000][1277.684s][debug][safepoint     ] Safepoint synchronization initiated. (274 threads)
[2024-09-04T12:29:27.855+0000][1277.684s][info ][safepoint     ] Application time: 1.0003051 seconds
[2024-09-04T12:29:27.855+0000][1277.684s][info ][safepoint     ] Entering safepoint region: Cleanup
[2024-09-04T12:29:27.856+0000][1277.685s][info ][safepoint     ] Leaving safepoint region
[2024-09-04T12:29:27.856+0000][1277.685s][info ][safepoint     ] Total time for which application threads were stopped: 0.0011056 seconds, Stopping threads took: 0.0002763 seconds
[2024-09-04T12:29:28.716+0000][1278.545s][debug][safepoint     ] Safepoint synchronization initiated. (274 threads)
[2024-09-04T12:29:28.717+0000][1278.545s][info ][safepoint     ] Application time: 0.8604432 seconds
[2024-09-04T12:29:28.717+0000][1278.546s][info ][safepoint     ] Entering safepoint region: G1CollectForAllocation
[2024-09-04T12:29:28.717+0000][1278.546s][info ][gc,start      ] GC(115) Pause Young (Normal) (G1 Evacuation Pause)
[2024-09-04T12:29:28.717+0000][1278.546s][info ][gc,task       ] GC(115) Using 4 workers of 4 for evacuation
[2024-09-04T12:29:28.728+0000][1278.557s][info ][gc,phases     ] GC(115)   Pre Evacuate Collection Set: 0.1ms
[2024-09-04T12:29:28.728+0000][1278.557s][info ][gc,phases     ] GC(115)   Evacuate Collection Set: 5.5ms
[2024-09-04T12:29:28.728+0000][1278.557s][info ][gc,phases     ] GC(115)   Post Evacuate Collection Set: 4.9ms
[2024-09-04T12:29:28.728+0000][1278.557s][info ][gc,phases     ] GC(115)   Other: 0.5ms
[2024-09-04T12:29:28.728+0000][1278.557s][info ][gc,heap       ] GC(115) Eden regions: 187->0(187)
[2024-09-04T12:29:28.728+0000][1278.557s][info ][gc,heap       ] GC(115) Survivor regions: 4->4(24)
[2024-09-04T12:29:28.728+0000][1278.557s][info ][gc,heap       ] GC(115) Old regions: 175->175
[2024-09-04T12:29:28.728+0000][1278.557s][info ][gc,heap       ] GC(115) Humongous regions: 0->0
[2024-09-04T12:29:28.728+0000][1278.557s][info ][gc,metaspace  ] GC(115) Metaspace: 183581K(189808K)->183581K(189808K) NonClass: 162509K(166356K)->162509K(166356K) Class: 21071K(23452K)->21071K(23452K)
[2024-09-04T12:29:28.728+0000][1278.557s][info ][gc            ] GC(115) Pause Young (Normal) (G1 Evacuation Pause) 363M->176M(412M) 11.141ms
[2024-09-04T12:29:28.728+0000][1278.557s][info ][gc,cpu        ] GC(115) User=0.04s Sys=0.00s Real=0.01s
[2024-09-04T12:29:28.729+0000][1278.557s][info ][safepoint     ] Leaving safepoint region
[2024-09-04T12:29:28.729+0000][1278.557s][info ][safepoint     ] Total time for which application threads were stopped: 0.0119727 seconds, Stopping threads took: 0.0002094 seconds
[2024-09-04T12:29:28.729+0000][1278.557s][info ][gc,stringdedup] Concurrent String Deduplication (1278.557s)
[2024-09-04T12:29:28.729+0000][1278.558s][info ][gc,stringdedup] Concurrent String Deduplication 25168.0B->12960.0B(12208.0B) avg 54.9% (1278.557s, 1278.558s) 0.262ms
[2024-09-04T12:29:29.729+0000][1279.558s][debug][safepoint     ] Safepoint synchronization initiated. (274 threads)
[2024-09-04T12:29:29.729+0000][1279.558s][info ][safepoint     ] Application time: 1.0003051 seconds
[2024-09-04T12:29:29.729+0000][1279.558s][info ][safepoint     ] Entering safepoint region: Cleanup
[2024-09-04T12:29:29.730+0000][1279.558s][info ][safepoint     ] Leaving safepoint region
[2024-09-04T12:29:29.730+0000][1279.558s][info ][safepoint     ] Total time for which application threads were stopped: 0.0007483 seconds, Stopping threads took: 0.0001688 seconds
[2024-09-04T12:29:30.730+0000][1280.559s][debug][safepoint     ] Safepoint synchronization initiated. (274 threads)
[2024-09-04T12:29:30.730+0000][1280.559s][info ][safepoint     ] Application time: 1.0002604 seconds
[2024-09-04T12:29:30.730+0000][1280.559s][info ][safepoint     ] Entering safepoint region: Cleanup
[2024-09-04T12:29:30.731+0000][1280.559s][info ][safepoint     ] Leaving safepoint region
[2024-09-04T12:29:30.731+0000][1280.559s][info ][safepoint     ] Total time for which application threads were stopped: 0.0007296 seconds, Stopping threads took: 0.0002243 seconds
[2024-09-04T12:29:31.731+0000][1281.560s][debug][safepoint     ] Safepoint synchronization initiated. (274 threads)
[2024-09-04T12:29:31.731+0000][1281.560s][info ][safepoint     ] Application time: 1.0003616 seconds
[2024-09-04T12:29:31.731+0000][1281.560s][debug][safepoint     ] ... found polling page return exception at pc = 0x00007ff4a0317651, stub =0x00007ff498824b00
[2024-09-04T12:29:31.731+0000][1281.560s][debug][safepoint     ] Waiting for 1 thread(s) to block
[2024-09-04T12:29:31.731+0000][1281.560s][info ][safepoint     ] Entering safepoint region: Cleanup
[2024-09-04T12:29:31.732+0000][1281.561s][debug][safepoint     ] ... found polling page return exception at pc = 0x00007ff4a131ffd6, stub =0x00007ff498824b00
[2024-09-04T12:29:31.732+0000][1281.561s][info ][safepoint     ] Leaving safepoint region
[2024-09-04T12:29:31.732+0000][1281.561s][info ][safepoint     ] Total time for which application threads were stopped: 0.0010531 seconds, Stopping threads took: 0.0003661 seconds
[2024-09-04T12:29:32.732+0000][1282.561s][debug][safepoint     ] Safepoint synchronization initiated. (274 threads)
[2024-09-04T12:29:32.733+0000][1282.561s][info ][safepoint     ] Application time: 1.0003079 seconds
[2024-09-04T12:29:32.733+0000][1282.562s][info ][safepoint     ] Entering safepoint region: Cleanup
[2024-09-04T12:29:32.734+0000][1282.562s][info ][safepoint     ] Leaving safepoint region
[2024-09-04T12:29:32.734+0000][1282.562s][info ][safepoint     ] Total time for which application threads were stopped: 0.0011236 seconds, Stopping threads took: 0.0003148 seconds
[2024-09-04T12:29:33.734+0000][1283.563s][debug][safepoint     ] Safepoint synchronization initiated. (274 threads)
[2024-09-04T12:29:33.734+0000][1283.563s][info ][safepoint     ] Application time: 1.0002625 seconds
[2024-09-04T12:29:33.734+0000][1283.563s][info ][safepoint     ] Entering safepoint region: Cleanup
[2024-09-04T12:29:33.735+0000][1283.564s][info ][safepoint     ] Leaving safepoint region
[2024-09-04T12:29:33.735+0000][1283.564s][debug][safepoint     ] ... found polling page return exception at pc = 0x00007ff4a131ffd6, stub =0x00007ff498824b00
[2024-09-04T12:29:33.735+0000][1283.564s][debug][safepoint     ] ... found polling page return exception at pc = 0x00007ff4a131ffd6, stub =0x00007ff498824b00
[2024-09-04T12:29:33.735+0000][1283.564s][debug][safepoint     ] ... found polling page return exception at pc = 0x00007ff4a131ffd6, stub =0x00007ff498824b00
[2024-09-04T12:29:33.735+0000][1283.564s][info ][safepoint     ] Total time for which application threads were stopped: 0.0011276 seconds, Stopping threads took: 0.0003157 seconds
[2024-09-04T12:29:34.736+0000][1284.564s][debug][safepoint     ] Safepoint synchronization initiated. (274 threads)
[2024-09-04T12:29:34.736+0000][1284.565s][info ][safepoint     ] Application time: 1.0003303 seconds
[2024-09-04T12:29:34.736+0000][1284.565s][info ][safepoint     ] Entering safepoint region: Cleanup
[2024-09-04T12:29:34.736+0000][1284.565s][info ][safepoint     ] Leaving safepoint region
[2024-09-04T12:29:34.737+0000][1284.565s][info ][safepoint     ] Total time for which application threads were stopped: 0.0007430 seconds, Stopping threads took: 0.0002301 seconds
[2024-09-04T12:29:35.737+0000][1285.566s][debug][safepoint     ] Safepoint synchronization initiated. (274 threads)
[2024-09-04T12:29:35.737+0000][1285.566s][info ][safepoint     ] Application time: 1.0003400 seconds
[2024-09-04T12:29:35.737+0000][1285.566s][info ][safepoint     ] Entering safepoint region: Cleanup
[2024-09-04T12:29:35.738+0000][1285.567s][info ][safepoint     ] Leaving safepoint region
[2024-09-04T12:29:35.738+0000][1285.567s][info ][safepoint     ] Total time for which application threads were stopped: 0.0011519 seconds, Stopping threads took: 0.0003180 seconds
[2024-09-04T12:29:36.738+0000][1286.567s][debug][safepoint     ] Safepoint synchronization initiated. (274 threads)
[2024-09-04T12:29:36.738+0000][1286.567s][info ][safepoint     ] Application time: 1.0002055 seconds
[2024-09-04T12:29:36.738+0000][1286.567s][debug][safepoint     ] ... found polling page return exception at pc = 0x00007ff4a13392d5, stub =0x00007ff498824b00
[2024-09-04T12:29:36.739+0000][1286.567s][debug][safepoint     ] Waiting for 1 thread(s) to block
[2024-09-04T12:29:36.739+0000][1286.568s][info ][safepoint     ] Entering safepoint region: Cleanup
[2024-09-04T12:29:36.739+0000][1286.568s][info ][safepoint     ] Leaving safepoint region
[2024-09-04T12:29:36.739+0000][1286.568s][info ][safepoint     ] Total time for which application threads were stopped: 0.0008794 seconds, Stopping threads took: 0.0003993 seconds
[2024-09-04T12:29:37.739+0000][1287.568s][debug][safepoint     ] Safepoint synchronization initiated. (274 threads)
[2024-09-04T12:29:37.739+0000][1287.568s][info ][safepoint     ] Application time: 1.0001918 seconds
[2024-09-04T12:29:37.740+0000][1287.568s][info ][safepoint     ] Entering safepoint region: Cleanup
[2024-09-04T12:29:37.740+0000][1287.569s][info ][safepoint     ] Leaving safepoint region
[2024-09-04T12:29:37.740+0000][1287.569s][info ][safepoint     ] Total time for which application threads were stopped: 0.0004712 seconds, Stopping threads took: 0.0001621 seconds
[2024-09-04T12:29:38.740+0000][1288.569s][debug][safepoint     ] Safepoint synchronization initiated. (274 threads)
[2024-09-04T12:29:38.740+0000][1288.569s][info ][safepoint     ] Application time: 1.0002111 seconds
[2024-09-04T12:29:38.740+0000][1288.569s][info ][safepoint     ] Entering safepoint region: Cleanup
[2024-09-04T12:29:38.741+0000][1288.570s][info ][safepoint     ] Leaving safepoint region
[2024-09-04T12:29:38.741+0000][1288.570s][info ][safepoint     ] Total time for which application threads were stopped: 0.0008811 seconds, Stopping threads took: 0.0001505 seconds
[2024-09-04T12:29:39.741+0000][1289.570s][debug][safepoint     ] Safepoint synchronization initiated. (274 threads)
[2024-09-04T12:29:39.742+0000][1289.570s][info ][safepoint     ] Application time: 1.0004363 seconds
[2024-09-04T12:29:39.742+0000][1289.571s][info ][safepoint     ] Entering safepoint region: Cleanup
[2024-09-04T12:29:39.742+0000][1289.571s][info ][safepoint     ] Leaving safepoint region
[2024-09-04T12:29:39.742+0000][1289.571s][info ][safepoint     ] Total time for which application threads were stopped: 0.0008118 seconds, Stopping threads took: 0.0002332 seconds
[2024-09-04T12:29:40.743+0000][1290.571s][debug][safepoint     ] Safepoint synchronization initiated. (274 threads)
[2024-09-04T12:29:40.743+0000][1290.572s][info ][safepoint     ] Application time: 1.0003467 seconds
[2024-09-04T12:29:40.743+0000][1290.572s][info ][safepoint     ] Entering safepoint region: Cleanup
[2024-09-04T12:29:40.744+0000][1290.572s][info ][safepoint     ] Leaving safepoint region
[2024-09-04T12:29:40.744+0000][1290.572s][info ][safepoint     ] Total time for which application threads were stopped: 0.0008278 seconds, Stopping threads took: 0.0002223 seconds
[2024-09-04T12:29:40.744+0000][1290.572s][debug][safepoint     ] ... found polling page return exception at pc = 0x00007ff4a131ffd6, stub =0x00007ff498824b00
[2024-09-04T12:29:41.744+0000][1291.573s][debug][safepoint     ] Safepoint synchronization initiated. (274 threads)
[2024-09-04T12:29:41.744+0000][1291.573s][info ][safepoint     ] Application time: 1.0003478 seconds
[2024-09-04T12:29:41.744+0000][1291.573s][info ][safepoint     ] Entering safepoint region: Cleanup
[2024-09-04T12:29:41.745+0000][1291.573s][info ][safepoint     ] Leaving safepoint region
[2024-09-04T12:29:41.745+0000][1291.574s][info ][safepoint     ] Total time for which application threads were stopped: 0.0007357 seconds, Stopping threads took: 0.0001758 seconds
[2024-09-04T12:29:42.745+0000][1292.574s][debug][safepoint     ] Safepoint synchronization initiated. (274 threads)
[2024-09-04T12:29:42.745+0000][1292.574s][info ][safepoint     ] Application time: 1.0002117 seconds
[2024-09-04T12:29:42.745+0000][1292.574s][info ][safepoint     ] Entering safepoint region: Cleanup
[2024-09-04T12:29:42.746+0000][1292.575s][info ][safepoint     ] Leaving safepoint region
[2024-09-04T12:29:42.746+0000][1292.575s][info ][safepoint     ] Total time for which application threads were stopped: 0.0008171 seconds, Stopping threads took: 0.0001613 seconds
[2024-09-04T12:29:43.746+0000][1293.575s][debug][safepoint     ] Safepoint synchronization initiated. (274 threads)
[2024-09-04T12:29:43.746+0000][1293.575s][info ][safepoint     ] Application time: 1.0002761 seconds
[2024-09-04T12:29:43.746+0000][1293.575s][debug][safepoint     ] Waiting for 1 thread(s) to block
[2024-09-04T12:29:43.747+0000][1293.575s][info ][safepoint     ] Entering safepoint region: Cleanup
[2024-09-04T12:29:43.747+0000][1293.576s][info ][safepoint     ] Leaving safepoint region
[2024-09-04T12:29:43.747+0000][1293.576s][info ][safepoint     ] Total time for which application threads were stopped: 0.0011283 seconds, Stopping threads took: 0.0004022 seconds
[2024-09-04T12:29:44.748+0000][1294.576s][debug][safepoint     ] Safepoint synchronization initiated. (274 threads)
[2024-09-04T12:29:44.748+0000][1294.576s][info ][safepoint     ] Application time: 1.0003221 seconds
[2024-09-04T12:29:44.748+0000][1294.577s][info ][safepoint     ] Entering safepoint region: Cleanup
[2024-09-04T12:29:44.749+0000][1294.578s][info ][safepoint     ] Leaving safepoint region
[2024-09-04T12:29:44.749+0000][1294.578s][info ][safepoint     ] Total time for which application threads were stopped: 0.0011809 seconds, Stopping threads took: 0.0002783 seconds
[2024-09-04T12:29:45.749+0000][1295.578s][debug][safepoint     ] Safepoint synchronization initiated. (274 threads)
[2024-09-04T12:29:45.749+0000][1295.578s][info ][safepoint     ] Application time: 1.0003183 seconds
[2024-09-04T12:29:45.749+0000][1295.578s][info ][safepoint     ] Entering safepoint region: Cleanup
[2024-09-04T12:29:45.750+0000][1295.579s][info ][safepoint     ] Leaving safepoint region
[2024-09-04T12:29:45.750+0000][1295.579s][info ][safepoint     ] Total time for which application threads were stopped: 0.0009125 seconds, Stopping threads took: 0.0001914 seconds
[2024-09-04T12:29:46.750+0000][1296.579s][debug][safepoint     ] Safepoint synchronization initiated. (274 threads)
[2024-09-04T12:29:46.750+0000][1296.579s][info ][safepoint     ] Application time: 1.0002741 seconds
[2024-09-04T12:29:46.751+0000][1296.579s][info ][safepoint     ] Entering safepoint region: Cleanup
[2024-09-04T12:29:46.751+0000][1296.580s][info ][safepoint     ] Leaving safepoint region
[2024-09-04T12:29:46.751+0000][1296.580s][debug][safepoint     ] ... found polling page return exception at pc = 0x00007ff4a131ffd6, stub =0x00007ff498824b00
[2024-09-04T12:29:46.751+0000][1296.580s][info ][safepoint     ] Total time for which application threads were stopped: 0.0007931 seconds, Stopping threads took: 0.0001839 seconds
[2024-09-04T12:29:46.751+0000][1296.580s][debug][safepoint     ] ... found polling page return exception at pc = 0x00007ff4a131ffd6, stub =0x00007ff498824b00
[2024-09-04T12:29:47.752+0000][1297.580s][debug][safepoint     ] Safepoint synchronization initiated. (274 threads)
[2024-09-04T12:29:47.752+0000][1297.580s][info ][safepoint     ] Application time: 1.0002134 seconds
[2024-09-04T12:29:47.752+0000][1297.581s][info ][safepoint     ] Entering safepoint region: Cleanup
[2024-09-04T12:29:47.752+0000][1297.581s][info ][safepoint     ] Leaving safepoint region
[2024-09-04T12:29:47.753+0000][1297.581s][info ][safepoint     ] Total time for which application threads were stopped: 0.0008991 seconds, Stopping threads took: 0.0002612 seconds
[2024-09-04T12:29:48.753+0000][1298.581s][debug][safepoint     ] Safepoint synchronization initiated. (274 threads)
[2024-09-04T12:29:48.753+0000][1298.581s][info ][safepoint     ] Application time: 1.0001952 seconds
[2024-09-04T12:29:48.753+0000][1298.582s][info ][safepoint     ] Entering safepoint region: Cleanup
[2024-09-04T12:29:48.754+0000][1298.582s][info ][safepoint     ] Leaving safepoint region
[2024-09-04T12:29:48.754+0000][1298.582s][info ][safepoint     ] Total time for which application threads were stopped: 0.0008019 seconds, Stopping threads took: 0.0001747 seconds
[2024-09-04T12:29:49.754+0000][1299.582s][debug][safepoint     ] Safepoint synchronization initiated. (274 threads)
[2024-09-04T12:29:49.754+0000][1299.583s][info ][safepoint     ] Application time: 1.0002468 seconds
[2024-09-04T12:29:49.754+0000][1299.583s][debug][safepoint     ] ... found polling page return exception at pc = 0x00007ff4a1374066, stub =0x00007ff498824b00
[2024-09-04T12:29:49.754+0000][1299.583s][debug][safepoint     ] ... found polling page loop exception at pc = 0x00007ff4a034e7c8, stub =0x00007ff498826680
[2024-09-04T12:29:49.754+0000][1299.583s][debug][safepoint     ] Waiting for 2 thread(s) to block
[2024-09-04T12:29:49.754+0000][1299.583s][info ][safepoint     ] Entering safepoint region: Cleanup
[2024-09-04T12:29:49.755+0000][1299.583s][info ][safepoint     ] Leaving safepoint region
[2024-09-04T12:29:49.755+0000][1299.583s][info ][safepoint     ] Total time for which application threads were stopped: 0.0007894 seconds, Stopping threads took: 0.0003652 seconds
[2024-09-04T12:29:50.755+0000][1300.584s][debug][safepoint     ] Safepoint synchronization initiated. (274 threads)
[2024-09-04T12:29:50.755+0000][1300.584s][info ][safepoint     ] Application time: 1.0003125 seconds
[2024-09-04T12:29:50.755+0000][1300.584s][info ][safepoint     ] Entering safepoint region: Cleanup
[2024-09-04T12:29:50.756+0000][1300.584s][info ][safepoint     ] Leaving safepoint region
[2024-09-04T12:29:50.756+0000][1300.584s][info ][safepoint     ] Total time for which application threads were stopped: 0.0007760 seconds, Stopping threads took: 0.0002268 seconds
[2024-09-04T12:29:51.756+0000][1301.585s][debug][safepoint     ] Safepoint synchronization initiated. (274 threads)
[2024-09-04T12:29:51.756+0000][1301.585s][info ][safepoint     ] Application time: 1.0002713 seconds
[2024-09-04T12:29:51.756+0000][1301.585s][info ][safepoint     ] Entering safepoint region: Cleanup
[2024-09-04T12:29:51.757+0000][1301.586s][info ][safepoint     ] Leaving safepoint region
[2024-09-04T12:29:51.757+0000][1301.586s][info ][safepoint     ] Total time for which application threads were stopped: 0.0008795 seconds, Stopping threads took: 0.0002109 seconds
[2024-09-04T12:29:52.757+0000][1302.586s][debug][safepoint     ] Safepoint synchronization initiated. (274 threads)
[2024-09-04T12:29:52.757+0000][1302.586s][info ][safepoint     ] Application time: 1.0003312 seconds
[2024-09-04T12:29:52.758+0000][1302.586s][debug][safepoint     ] ... found polling page return exception at pc = 0x00007ff4a0a468c4, stub =0x00007ff498824b00
[2024-09-04T12:29:52.758+0000][1302.586s][debug][safepoint     ] Waiting for 1 thread(s) to block
[2024-09-04T12:29:52.758+0000][1302.587s][info ][safepoint     ] Entering safepoint region: Cleanup
[2024-09-04T12:29:52.759+0000][1302.587s][info ][safepoint     ] Leaving safepoint region
[2024-09-04T12:29:52.759+0000][1302.587s][info ][safepoint     ] Total time for which application threads were stopped: 0.0011986 seconds, Stopping threads took: 0.0005891 seconds
[2024-09-04T12:29:53.759+0000][1303.588s][debug][safepoint     ] Safepoint synchronization initiated. (274 threads)
[2024-09-04T12:29:53.759+0000][1303.588s][info ][safepoint     ] Application time: 1.0003707 seconds
[2024-09-04T12:29:53.759+0000][1303.588s][info ][safepoint     ] Entering safepoint region: Cleanup
[2024-09-04T12:29:53.760+0000][1303.589s][info ][safepoint     ] Leaving safepoint region
[2024-09-04T12:29:53.760+0000][1303.589s][info ][safepoint     ] Total time for which application threads were stopped: 0.0009634 seconds, Stopping threads took: 0.0001963 seconds
[2024-09-04T12:29:54.760+0000][1304.589s][debug][safepoint     ] Safepoint synchronization initiated. (274 threads)
[2024-09-04T12:29:54.760+0000][1304.589s][info ][safepoint     ] Application time: 1.0003039 seconds
[2024-09-04T12:29:54.761+0000][1304.589s][info ][safepoint     ] Entering safepoint region: Cleanup
[2024-09-04T12:29:54.761+0000][1304.590s][info ][safepoint     ] Leaving safepoint region
[2024-09-04T12:29:54.761+0000][1304.590s][info ][safepoint     ] Total time for which application threads were stopped: 0.0010249 seconds, Stopping threads took: 0.0002323 seconds
[2024-09-04T12:29:55.762+0000][1305.590s][debug][safepoint     ] Safepoint synchronization initiated. (274 threads)
[2024-09-04T12:29:55.762+0000][1305.590s][info ][safepoint     ] Application time: 1.0002435 seconds
[2024-09-04T12:29:55.762+0000][1305.591s][info ][safepoint     ] Entering safepoint region: Cleanup
[2024-09-04T12:29:55.762+0000][1305.591s][info ][safepoint     ] Leaving safepoint region
[2024-09-04T12:29:55.762+0000][1305.591s][info ][safepoint     ] Total time for which application threads were stopped: 0.0006745 seconds, Stopping threads took: 0.0002547 seconds
[2024-09-04T12:29:56.763+0000][1306.591s][debug][safepoint     ] Safepoint synchronization initiated. (274 threads)
[2024-09-04T12:29:56.763+0000][1306.591s][info ][safepoint     ] Application time: 1.0002891 seconds
[2024-09-04T12:29:56.763+0000][1306.592s][info ][safepoint     ] Entering safepoint region: Cleanup
[2024-09-04T12:29:56.763+0000][1306.592s][info ][safepoint     ] Leaving safepoint region
[2024-09-04T12:29:56.763+0000][1306.592s][info ][safepoint     ] Total time for which application threads were stopped: 0.0007885 seconds, Stopping threads took: 0.0002209 seconds
[2024-09-04T12:29:57.764+0000][1307.592s][debug][safepoint     ] Safepoint synchronization initiated. (274 threads)
[2024-09-04T12:29:57.764+0000][1307.592s][info ][safepoint     ] Application time: 1.0001966 seconds
[2024-09-04T12:29:57.764+0000][1307.593s][info ][safepoint     ] Entering safepoint region: Cleanup
[2024-09-04T12:29:57.764+0000][1307.593s][info ][safepoint     ] Leaving safepoint region
[2024-09-04T12:29:57.764+0000][1307.593s][info ][safepoint     ] Total time for which application threads were stopped: 0.0006460 seconds, Stopping threads took: 0.0001652 seconds
[2024-09-04T12:29:57.777+0000][1307.606s][debug][safepoint     ] Safepoint synchronization initiated. (274 threads)
[2024-09-04T12:29:57.777+0000][1307.606s][info ][safepoint     ] Application time: 0.0124800 seconds
[2024-09-04T12:29:57.777+0000][1307.606s][debug][safepoint     ] Waiting for 1 thread(s) to block
[2024-09-04T12:29:57.777+0000][1307.606s][info ][safepoint     ] Entering safepoint region: G1CollectForAllocation
[2024-09-04T12:29:57.777+0000][1307.606s][info ][gc,start      ] GC(116) Pause Young (Normal) (G1 Evacuation Pause)
[2024-09-04T12:29:57.777+0000][1307.606s][info ][gc,task       ] GC(116) Using 4 workers of 4 for evacuation
[2024-09-04T12:29:57.789+0000][1307.618s][info ][gc,phases     ] GC(116)   Pre Evacuate Collection Set: 0.0ms
[2024-09-04T12:29:57.789+0000][1307.618s][info ][gc,phases     ] GC(116)   Evacuate Collection Set: 5.4ms
[2024-09-04T12:29:57.789+0000][1307.618s][info ][gc,phases     ] GC(116)   Post Evacuate Collection Set: 5.9ms
[2024-09-04T12:29:57.789+0000][1307.618s][info ][gc,phases     ] GC(116)   Other: 0.5ms
[2024-09-04T12:29:57.789+0000][1307.618s][info ][gc,heap       ] GC(116) Eden regions: 187->0(187)
[2024-09-04T12:29:57.789+0000][1307.618s][info ][gc,heap       ] GC(116) Survivor regions: 4->4(24)
[2024-09-04T12:29:57.789+0000][1307.618s][info ][gc,heap       ] GC(116) Old regions: 175->175
[2024-09-04T12:29:57.789+0000][1307.618s][info ][gc,heap       ] GC(116) Humongous regions: 0->0
[2024-09-04T12:29:57.789+0000][1307.618s][info ][gc,metaspace  ] GC(116) Metaspace: 183600K(189808K)->183600K(189808K) NonClass: 162529K(166356K)->162529K(166356K) Class: 21071K(23452K)->21071K(23452K)
[2024-09-04T12:29:57.789+0000][1307.618s][info ][gc            ] GC(116) Pause Young (Normal) (G1 Evacuation Pause) 363M->177M(412M) 11.996ms
[2024-09-04T12:29:57.789+0000][1307.618s][info ][gc,cpu        ] GC(116) User=0.04s Sys=0.00s Real=0.01s
[2024-09-04T12:29:57.790+0000][1307.618s][info ][safepoint     ] Leaving safepoint region
[2024-09-04T12:29:57.790+0000][1307.618s][info ][safepoint     ] Total time for which application threads were stopped: 0.0126945 seconds, Stopping threads took: 0.0001834 seconds
[2024-09-04T12:29:57.790+0000][1307.618s][info ][gc,stringdedup] Concurrent String Deduplication (1307.618s)
[2024-09-04T12:29:57.790+0000][1307.619s][info ][gc,stringdedup] Concurrent String Deduplication 101296.0B->7464.0B(93832.0B) avg 55.1% (1307.618s, 1307.619s) 0.836ms
[2024-09-04T12:29:58.790+0000][1308.619s][debug][safepoint     ] Safepoint synchronization initiated. (273 threads)
[2024-09-04T12:29:58.790+0000][1308.619s][info ][safepoint     ] Application time: 1.0003140 seconds
[2024-09-04T12:29:58.790+0000][1308.619s][info ][safepoint     ] Entering safepoint region: Cleanup
[2024-09-04T12:29:58.791+0000][1308.620s][info ][safepoint     ] Leaving safepoint region
[2024-09-04T12:29:58.791+0000][1308.620s][info ][safepoint     ] Total time for which application threads were stopped: 0.0010823 seconds, Stopping threads took: 0.0002214 seconds
[2024-09-04T12:29:59.791+0000][1309.620s][debug][safepoint     ] Safepoint synchronization initiated. (273 threads)
[2024-09-04T12:29:59.791+0000][1309.620s][info ][safepoint     ] Application time: 1.0002079 seconds
[2024-09-04T12:29:59.791+0000][1309.620s][info ][safepoint     ] Entering safepoint region: Cleanup
[2024-09-04T12:29:59.792+0000][1309.621s][info ][safepoint     ] Leaving safepoint region
[2024-09-04T12:29:59.792+0000][1309.621s][info ][safepoint     ] Total time for which application threads were stopped: 0.0009088 seconds, Stopping threads took: 0.0002036 seconds
[2024-09-04T12:30:00.792+0000][1310.621s][debug][safepoint     ] Safepoint synchronization initiated. (273 threads)
[2024-09-04T12:30:00.792+0000][1310.621s][info ][safepoint     ] Application time: 1.0002630 seconds
[2024-09-04T12:30:00.793+0000][1310.621s][info ][safepoint     ] Entering safepoint region: Cleanup
[2024-09-04T12:30:00.793+0000][1310.622s][info ][safepoint     ] Leaving safepoint region
[2024-09-04T12:30:00.793+0000][1310.622s][debug][safepoint     ] ... found polling page return exception at pc = 0x00007ff4a131ffd6, stub =0x00007ff498824b00
[2024-09-04T12:30:00.793+0000][1310.622s][debug][safepoint     ] ... found polling page return exception at pc = 0x00007ff4a131ffd6, stub =0x00007ff498824b00
[2024-09-04T12:30:00.793+0000][1310.622s][debug][safepoint     ] ... found polling page return exception at pc = 0x00007ff4a131ffd6, stub =0x00007ff498824b00
[2024-09-04T12:30:00.793+0000][1310.622s][info ][safepoint     ] Total time for which application threads were stopped: 0.0008231 seconds, Stopping threads took: 0.0002231 seconds
[2024-09-04T12:30:01.794+0000][1311.622s][debug][safepoint     ] Safepoint synchronization initiated. (273 threads)
[2024-09-04T12:30:01.794+0000][1311.623s][info ][safepoint     ] Application time: 1.0002420 seconds
[2024-09-04T12:30:01.794+0000][1311.623s][info ][safepoint     ] Entering safepoint region: Cleanup
[2024-09-04T12:30:01.794+0000][1311.623s][info ][safepoint     ] Leaving safepoint region
[2024-09-04T12:30:01.794+0000][1311.623s][info ][safepoint     ] Total time for which application threads were stopped: 0.0005217 seconds, Stopping threads took: 0.0001526 seconds
[2024-09-04T12:30:02.794+0000][1312.623s][debug][safepoint     ] Safepoint synchronization initiated. (273 threads)
[2024-09-04T12:30:02.794+0000][1312.623s][info ][safepoint     ] Application time: 1.0001665 seconds
[2024-09-04T12:30:02.795+0000][1312.623s][debug][safepoint     ] Waiting for 1 thread(s) to block
[2024-09-04T12:30:02.795+0000][1312.624s][info ][safepoint     ] Entering safepoint region: Cleanup
[2024-09-04T12:30:02.795+0000][1312.624s][info ][safepoint     ] Leaving safepoint region
[2024-09-04T12:30:02.795+0000][1312.624s][info ][safepoint     ] Total time for which application threads were stopped: 0.0007223 seconds, Stopping threads took: 0.0002996 seconds
[2024-09-04T12:30:03.795+0000][1313.624s][debug][safepoint     ] Safepoint synchronization initiated. (273 threads)
[2024-09-04T12:30:03.795+0000][1313.624s][info ][safepoint     ] Application time: 1.0001927 seconds
[2024-09-04T12:30:03.796+0000][1313.624s][info ][safepoint     ] Entering safepoint region: Cleanup
[2024-09-04T12:30:03.796+0000][1313.625s][info ][safepoint     ] Leaving safepoint region
[2024-09-04T12:30:03.796+0000][1313.625s][info ][safepoint     ] Total time for which application threads were stopped: 0.0006009 seconds, Stopping threads took: 0.0001455 seconds
[2024-09-04T12:30:04.796+0000][1314.625s][debug][safepoint     ] Safepoint synchronization initiated. (273 threads)
[2024-09-04T12:30:04.796+0000][1314.625s][info ][safepoint     ] Application time: 1.0002708 seconds
[2024-09-04T12:30:04.797+0000][1314.625s][info ][safepoint     ] Entering safepoint region: Cleanup
[2024-09-04T12:30:04.797+0000][1314.626s][info ][safepoint     ] Leaving safepoint region
[2024-09-04T12:30:04.797+0000][1314.626s][info ][safepoint     ] Total time for which application threads were stopped: 0.0009171 seconds, Stopping threads took: 0.0002418 seconds
[2024-09-04T12:30:05.798+0000][1315.626s][debug][safepoint     ] Safepoint synchronization initiated. (273 threads)
[2024-09-04T12:30:05.798+0000][1315.626s][info ][safepoint     ] Application time: 1.0003247 seconds
[2024-09-04T12:30:05.798+0000][1315.627s][debug][safepoint     ] ... found polling page return exception at pc = 0x00007ff4a13392d5, stub =0x00007ff498824b00
[2024-09-04T12:30:05.798+0000][1315.627s][debug][safepoint     ] Waiting for 1 thread(s) to block
[2024-09-04T12:30:05.798+0000][1315.627s][info ][safepoint     ] Entering safepoint region: Cleanup
[2024-09-04T12:30:05.799+0000][1315.627s][info ][safepoint     ] Leaving safepoint region
[2024-09-04T12:30:05.799+0000][1315.627s][info ][safepoint     ] Total time for which application threads were stopped: 0.0008834 seconds, Stopping threads took: 0.0003586 seconds
[2024-09-04T12:30:06.799+0000][1316.628s][debug][safepoint     ] Safepoint synchronization initiated. (273 threads)
[2024-09-04T12:30:06.799+0000][1316.628s][info ][safepoint     ] Application time: 1.0002571 seconds
[2024-09-04T12:30:06.799+0000][1316.628s][info ][safepoint     ] Entering safepoint region: Cleanup
[2024-09-04T12:30:06.801+0000][1316.630s][info ][safepoint     ] Leaving safepoint region
[2024-09-04T12:30:06.801+0000][1316.630s][info ][safepoint     ] Total time for which application threads were stopped: 0.0019647 seconds, Stopping threads took: 0.0014815 seconds
[2024-09-04T12:30:07.801+0000][1317.630s][debug][safepoint     ] Safepoint synchronization initiated. (273 threads)
[2024-09-04T12:30:07.801+0000][1317.630s][info ][safepoint     ] Application time: 1.0002023 seconds
[2024-09-04T12:30:07.801+0000][1317.630s][info ][safepoint     ] Entering safepoint region: Cleanup
[2024-09-04T12:30:07.802+0000][1317.631s][info ][safepoint     ] Leaving safepoint region
[2024-09-04T12:30:07.802+0000][1317.631s][info ][safepoint     ] Total time for which application threads were stopped: 0.0007199 seconds, Stopping threads took: 0.0001450 seconds
[2024-09-04T12:30:08.802+0000][1318.631s][debug][safepoint     ] Safepoint synchronization initiated. (273 threads)
[2024-09-04T12:30:08.802+0000][1318.631s][info ][safepoint     ] Application time: 1.0001889 seconds
[2024-09-04T12:30:08.802+0000][1318.631s][info ][safepoint     ] Entering safepoint region: Cleanup
[2024-09-04T12:30:08.803+0000][1318.631s][info ][safepoint     ] Leaving safepoint region
[2024-09-04T12:30:08.803+0000][1318.631s][info ][safepoint     ] Total time for which application threads were stopped: 0.0007276 seconds, Stopping threads took: 0.0001544 seconds
[2024-09-04T12:30:09.803+0000][1319.632s][debug][safepoint     ] Safepoint synchronization initiated. (273 threads)
[2024-09-04T12:30:09.803+0000][1319.632s][info ][safepoint     ] Application time: 1.0002666 seconds
[2024-09-04T12:30:09.803+0000][1319.632s][info ][safepoint     ] Entering safepoint region: Cleanup
[2024-09-04T12:30:09.804+0000][1319.633s][info ][safepoint     ] Leaving safepoint region
[2024-09-04T12:30:09.804+0000][1319.633s][info ][safepoint     ] Total time for which application threads were stopped: 0.0009096 seconds, Stopping threads took: 0.0002605 seconds
[2024-09-04T12:30:10.804+0000][1320.633s][debug][safepoint     ] Safepoint synchronization initiated. (273 threads)
[2024-09-04T12:30:10.804+0000][1320.633s][info ][safepoint     ] Application time: 1.0002113 seconds
[2024-09-04T12:30:10.804+0000][1320.633s][info ][safepoint     ] Entering safepoint region: Cleanup
[2024-09-04T12:30:10.805+0000][1320.634s][info ][safepoint     ] Leaving safepoint region
[2024-09-04T12:30:10.805+0000][1320.634s][info ][safepoint     ] Total time for which application threads were stopped: 0.0007620 seconds, Stopping threads took: 0.0001704 seconds
[2024-09-04T12:30:11.805+0000][1321.634s][debug][safepoint     ] Safepoint synchronization initiated. (273 threads)
[2024-09-04T12:30:11.806+0000][1321.634s][info ][safepoint     ] Application time: 1.0004260 seconds
[2024-09-04T12:30:11.806+0000][1321.635s][info ][safepoint     ] Entering safepoint region: Cleanup
[2024-09-04T12:30:11.807+0000][1321.635s][debug][safepoint     ] ... found polling page return exception at pc = 0x00007ff4a131ffd6, stub =0x00007ff498824b00
[2024-09-04T12:30:11.807+0000][1321.635s][debug][safepoint     ] ... found polling page return exception at pc = 0x00007ff4a131ffd6, stub =0x00007ff498824b00
[2024-09-04T12:30:11.807+0000][1321.635s][info ][safepoint     ] Leaving safepoint region
[2024-09-04T12:30:11.807+0000][1321.636s][info ][safepoint     ] Total time for which application threads were stopped: 0.0013510 seconds, Stopping threads took: 0.0003552 seconds
[2024-09-04T12:30:12.807+0000][1322.636s][debug][safepoint     ] Safepoint synchronization initiated. (273 threads)
[2024-09-04T12:30:12.807+0000][1322.636s][info ][safepoint     ] Application time: 1.0002114 seconds
[2024-09-04T12:30:12.807+0000][1322.636s][debug][safepoint     ] ... found polling page return exception at pc = 0x00007ff4a04b7468, stub =0x00007ff498824b00
[2024-09-04T12:30:12.807+0000][1322.636s][debug][safepoint     ] Waiting for 1 thread(s) to block
[2024-09-04T12:30:12.808+0000][1322.636s][info ][safepoint     ] Entering safepoint region: Cleanup
[2024-09-04T12:30:12.808+0000][1322.637s][info ][safepoint     ] Leaving safepoint region
[2024-09-04T12:30:12.808+0000][1322.637s][info ][safepoint     ] Total time for which application threads were stopped: 0.0008567 seconds, Stopping threads took: 0.0003400 seconds
[2024-09-04T12:30:13.808+0000][1323.637s][debug][safepoint     ] Safepoint synchronization initiated. (273 threads)
[2024-09-04T12:30:13.808+0000][1323.637s][info ][safepoint     ] Application time: 1.0003691 seconds
[2024-09-04T12:30:13.809+0000][1323.637s][info ][safepoint     ] Entering safepoint region: Cleanup
[2024-09-04T12:30:13.809+0000][1323.638s][info ][safepoint     ] Leaving safepoint region
[2024-09-04T12:30:13.809+0000][1323.638s][info ][safepoint     ] Total time for which application threads were stopped: 0.0010156 seconds, Stopping threads took: 0.0002891 seconds
[2024-09-04T12:30:14.810+0000][1324.638s][debug][safepoint     ] Safepoint synchronization initiated. (273 threads)
[2024-09-04T12:30:14.810+0000][1324.638s][info ][safepoint     ] Application time: 1.0001843 seconds
[2024-09-04T12:30:14.810+0000][1324.639s][info ][safepoint     ] Entering safepoint region: Cleanup
[2024-09-04T12:30:14.810+0000][1324.639s][info ][safepoint     ] Leaving safepoint region
[2024-09-04T12:30:14.810+0000][1324.639s][info ][safepoint     ] Total time for which application threads were stopped: 0.0006363 seconds, Stopping threads took: 0.0001586 seconds
[2024-09-04T12:30:15.811+0000][1325.639s][debug][safepoint     ] Safepoint synchronization initiated. (273 threads)
[2024-09-04T12:30:15.811+0000][1325.640s][info ][safepoint     ] Application time: 1.0003683 seconds
[2024-09-04T12:30:15.811+0000][1325.640s][info ][safepoint     ] Entering safepoint region: Cleanup
[2024-09-04T12:30:15.812+0000][1325.641s][info ][safepoint     ] Leaving safepoint region
[2024-09-04T12:30:15.812+0000][1325.641s][info ][safepoint     ] Total time for which application threads were stopped: 0.0010414 seconds, Stopping threads took: 0.0002125 seconds
[2024-09-04T12:30:16.812+0000][1326.641s][debug][safepoint     ] Safepoint synchronization initiated. (274 threads)
[2024-09-04T12:30:16.812+0000][1326.641s][info ][safepoint     ] Application time: 1.0002344 seconds
[2024-09-04T12:30:16.812+0000][1326.641s][info ][safepoint     ] Entering safepoint region: Cleanup
[2024-09-04T12:30:16.813+0000][1326.642s][info ][safepoint     ] Leaving safepoint region
[2024-09-04T12:30:16.813+0000][1326.642s][info ][safepoint     ] Total time for which application threads were stopped: 0.0007879 seconds, Stopping threads took: 0.0002263 seconds
[2024-09-04T12:30:17.813+0000][1327.642s][debug][safepoint     ] Safepoint synchronization initiated. (274 threads)
[2024-09-04T12:30:17.813+0000][1327.642s][info ][safepoint     ] Application time: 1.0002750 seconds
[2024-09-04T12:30:17.813+0000][1327.642s][info ][safepoint     ] Entering safepoint region: Cleanup
[2024-09-04T12:30:17.814+0000][1327.643s][info ][safepoint     ] Leaving safepoint region
[2024-09-04T12:30:17.814+0000][1327.643s][info ][safepoint     ] Total time for which application threads were stopped: 0.0009561 seconds, Stopping threads took: 0.0003224 seconds
[2024-09-04T12:30:18.814+0000][1328.643s][debug][safepoint     ] Safepoint synchronization initiated. (273 threads)
[2024-09-04T12:30:18.814+0000][1328.643s][info ][safepoint     ] Application time: 1.0001800 seconds
[2024-09-04T12:30:18.815+0000][1328.643s][info ][safepoint     ] Entering safepoint region: Cleanup
[2024-09-04T12:30:18.815+0000][1328.644s][info ][safepoint     ] Leaving safepoint region
[2024-09-04T12:30:18.815+0000][1328.644s][info ][safepoint     ] Total time for which application threads were stopped: 0.0006663 seconds, Stopping threads took: 0.0001724 seconds
[2024-09-04T12:30:19.815+0000][1329.644s][debug][safepoint     ] Safepoint synchronization initiated. (273 threads)
[2024-09-04T12:30:19.815+0000][1329.644s][info ][safepoint     ] Application time: 1.0003058 seconds
[2024-09-04T12:30:19.816+0000][1329.644s][info ][safepoint     ] Entering safepoint region: Cleanup
[2024-09-04T12:30:19.816+0000][1329.645s][info ][safepoint     ] Leaving safepoint region
[2024-09-04T12:30:19.816+0000][1329.645s][info ][safepoint     ] Total time for which application threads were stopped: 0.0008706 seconds, Stopping threads took: 0.0002281 seconds
[2024-09-04T12:30:20.816+0000][1330.645s][debug][safepoint     ] Safepoint synchronization initiated. (273 threads)
[2024-09-04T12:30:20.817+0000][1330.645s][info ][safepoint     ] Application time: 1.0002545 seconds
[2024-09-04T12:30:20.817+0000][1330.646s][info ][safepoint     ] Entering safepoint region: Cleanup
[2024-09-04T12:30:20.818+0000][1330.646s][info ][safepoint     ] Leaving safepoint region
[2024-09-04T12:30:20.818+0000][1330.647s][info ][safepoint     ] Total time for which application threads were stopped: 0.0011139 seconds, Stopping threads took: 0.0002607 seconds
[2024-09-04T12:30:21.818+0000][1331.647s][debug][safepoint     ] Safepoint synchronization initiated. (273 threads)
[2024-09-04T12:30:21.818+0000][1331.647s][info ][safepoint     ] Application time: 1.0002258 seconds
[2024-09-04T12:30:21.818+0000][1331.647s][info ][safepoint     ] Entering safepoint region: Cleanup
[2024-09-04T12:30:21.819+0000][1331.648s][info ][safepoint     ] Leaving safepoint region
[2024-09-04T12:30:21.819+0000][1331.648s][info ][safepoint     ] Total time for which application threads were stopped: 0.0009494 seconds, Stopping threads took: 0.0002509 seconds
[2024-09-04T12:30:22.819+0000][1332.648s][debug][safepoint     ] Safepoint synchronization initiated. (273 threads)
[2024-09-04T12:30:22.819+0000][1332.648s][info ][safepoint     ] Application time: 1.0002339 seconds
[2024-09-04T12:30:22.819+0000][1332.648s][info ][safepoint     ] Entering safepoint region: Cleanup
[2024-09-04T12:30:22.820+0000][1332.649s][info ][safepoint     ] Leaving safepoint region
[2024-09-04T12:30:22.820+0000][1332.649s][info ][safepoint     ] Total time for which application threads were stopped: 0.0009249 seconds, Stopping threads took: 0.0001784 seconds
[2024-09-04T12:30:23.820+0000][1333.649s][debug][safepoint     ] Safepoint synchronization initiated. (273 threads)
[2024-09-04T12:30:23.820+0000][1333.649s][info ][safepoint     ] Application time: 1.0002793 seconds
[2024-09-04T12:30:23.821+0000][1333.649s][info ][safepoint     ] Entering safepoint region: Cleanup
[2024-09-04T12:30:23.821+0000][1333.650s][info ][safepoint     ] Leaving safepoint region
[2024-09-04T12:30:23.821+0000][1333.650s][info ][safepoint     ] Total time for which application threads were stopped: 0.0009605 seconds, Stopping threads took: 0.0002013 seconds
[2024-09-04T12:30:24.822+0000][1334.650s][debug][safepoint     ] Safepoint synchronization initiated. (273 threads)
[2024-09-04T12:30:24.822+0000][1334.650s][info ][safepoint     ] Application time: 1.0001293 seconds
[2024-09-04T12:30:24.822+0000][1334.651s][info ][safepoint     ] Entering safepoint region: Cleanup
[2024-09-04T12:30:24.822+0000][1334.651s][info ][safepoint     ] Leaving safepoint region
[2024-09-04T12:30:24.822+0000][1334.651s][info ][safepoint     ] Total time for which application threads were stopped: 0.0005860 seconds, Stopping threads took: 0.0001908 seconds
[2024-09-04T12:30:25.822+0000][1335.651s][debug][safepoint     ] Safepoint synchronization initiated. (273 threads)
[2024-09-04T12:30:25.823+0000][1335.651s][info ][safepoint     ] Application time: 1.0002862 seconds
[2024-09-04T12:30:25.823+0000][1335.652s][info ][safepoint     ] Entering safepoint region: Cleanup
[2024-09-04T12:30:25.824+0000][1335.652s][info ][safepoint     ] Leaving safepoint region
[2024-09-04T12:30:25.824+0000][1335.652s][info ][safepoint     ] Total time for which application threads were stopped: 0.0010281 seconds, Stopping threads took: 0.0002437 seconds
[2024-09-04T12:30:26.389+0000][1336.218s][debug][safepoint     ] Safepoint synchronization initiated. (273 threads)
[2024-09-04T12:30:26.389+0000][1336.218s][info ][safepoint     ] Application time: 0.5656100 seconds
[2024-09-04T12:30:26.390+0000][1336.218s][info ][safepoint     ] Entering safepoint region: G1CollectForAllocation
[2024-09-04T12:30:26.390+0000][1336.219s][info ][gc,start      ] GC(117) Pause Young (Normal) (G1 Evacuation Pause)
[2024-09-04T12:30:26.390+0000][1336.219s][info ][gc,task       ] GC(117) Using 4 workers of 4 for evacuation
[2024-09-04T12:30:26.402+0000][1336.230s][info ][gc,phases     ] GC(117)   Pre Evacuate Collection Set: 0.1ms
[2024-09-04T12:30:26.402+0000][1336.230s][info ][gc,phases     ] GC(117)   Evacuate Collection Set: 5.3ms
[2024-09-04T12:30:26.402+0000][1336.230s][info ][gc,phases     ] GC(117)   Post Evacuate Collection Set: 5.4ms
[2024-09-04T12:30:26.402+0000][1336.230s][info ][gc,phases     ] GC(117)   Other: 0.7ms
[2024-09-04T12:30:26.402+0000][1336.230s][info ][gc,heap       ] GC(117) Eden regions: 187->0(187)
[2024-09-04T12:30:26.402+0000][1336.230s][info ][gc,heap       ] GC(117) Survivor regions: 4->4(24)
[2024-09-04T12:30:26.402+0000][1336.230s][info ][gc,heap       ] GC(117) Old regions: 175->175
[2024-09-04T12:30:26.402+0000][1336.230s][info ][gc,heap       ] GC(117) Humongous regions: 0->0
[2024-09-04T12:30:26.402+0000][1336.230s][info ][gc,metaspace  ] GC(117) Metaspace: 183642K(189808K)->183642K(189808K) NonClass: 162569K(166356K)->162569K(166356K) Class: 21073K(23452K)->21073K(23452K)
[2024-09-04T12:30:26.402+0000][1336.231s][info ][gc            ] GC(117) Pause Young (Normal) (G1 Evacuation Pause) 364M->177M(412M) 11.513ms
[2024-09-04T12:30:26.402+0000][1336.231s][info ][gc,cpu        ] GC(117) User=0.04s Sys=0.00s Real=0.01s
[2024-09-04T12:30:26.402+0000][1336.231s][info ][safepoint     ] Leaving safepoint region
[2024-09-04T12:30:26.402+0000][1336.231s][info ][safepoint     ] Total time for which application threads were stopped: 0.0126630 seconds, Stopping threads took: 0.0003606 seconds
[2024-09-04T12:30:26.402+0000][1336.231s][info ][gc,stringdedup] Concurrent String Deduplication (1336.231s)
[2024-09-04T12:30:26.402+0000][1336.231s][info ][gc,stringdedup] Concurrent String Deduplication 6440.0B->2832.0B(3608.0B) avg 55.1% (1336.231s, 1336.231s) 0.099ms
[2024-09-04T12:30:27.402+0000][1337.231s][debug][safepoint     ] Safepoint synchronization initiated. (273 threads)
[2024-09-04T12:30:27.402+0000][1337.231s][info ][safepoint     ] Application time: 1.0002614 seconds
[2024-09-04T12:30:27.402+0000][1337.231s][info ][safepoint     ] Entering safepoint region: Cleanup
[2024-09-04T12:30:27.403+0000][1337.232s][info ][safepoint     ] Leaving safepoint region
[2024-09-04T12:30:27.403+0000][1337.232s][info ][safepoint     ] Total time for which application threads were stopped: 0.0009972 seconds, Stopping threads took: 0.0002313 seconds
[2024-09-04T12:30:28.403+0000][1338.232s][debug][safepoint     ] Safepoint synchronization initiated. (273 threads)
[2024-09-04T12:30:28.403+0000][1338.232s][info ][safepoint     ] Application time: 1.0002331 seconds
[2024-09-04T12:30:28.404+0000][1338.232s][info ][safepoint     ] Entering safepoint region: Cleanup
[2024-09-04T12:30:28.404+0000][1338.233s][info ][safepoint     ] Leaving safepoint region
[2024-09-04T12:30:28.404+0000][1338.233s][info ][safepoint     ] Total time for which application threads were stopped: 0.0008133 seconds, Stopping threads took: 0.0001951 seconds
[2024-09-04T12:30:29.405+0000][1339.233s][debug][safepoint     ] Safepoint synchronization initiated. (273 threads)
[2024-09-04T12:30:29.405+0000][1339.233s][info ][safepoint     ] Application time: 1.0002761 seconds
[2024-09-04T12:30:29.405+0000][1339.234s][info ][safepoint     ] Entering safepoint region: Cleanup
[2024-09-04T12:30:29.405+0000][1339.234s][info ][safepoint     ] Leaving safepoint region
[2024-09-04T12:30:29.406+0000][1339.234s][info ][safepoint     ] Total time for which application threads were stopped: 0.0009292 seconds, Stopping threads took: 0.0002403 seconds
[2024-09-04T12:30:30.406+0000][1340.235s][debug][safepoint     ] Safepoint synchronization initiated. (273 threads)
[2024-09-04T12:30:30.406+0000][1340.235s][info ][safepoint     ] Application time: 1.0003080 seconds
[2024-09-04T12:30:30.406+0000][1340.235s][info ][safepoint     ] Entering safepoint region: Cleanup
[2024-09-04T12:30:30.407+0000][1340.236s][info ][safepoint     ] Leaving safepoint region
[2024-09-04T12:30:30.407+0000][1340.236s][info ][safepoint     ] Total time for which application threads were stopped: 0.0009591 seconds, Stopping threads took: 0.0002432 seconds
[2024-09-04T12:30:31.407+0000][1341.236s][debug][safepoint     ] Safepoint synchronization initiated. (273 threads)
[2024-09-04T12:30:31.407+0000][1341.236s][info ][safepoint     ] Application time: 1.0003388 seconds
[2024-09-04T12:30:31.408+0000][1341.236s][info ][safepoint     ] Entering safepoint region: Cleanup
[2024-09-04T12:30:31.408+0000][1341.237s][info ][safepoint     ] Leaving safepoint region
[2024-09-04T12:30:31.408+0000][1341.237s][info ][safepoint     ] Total time for which application threads were stopped: 0.0009848 seconds, Stopping threads took: 0.0003639 seconds
[2024-09-04T12:30:32.409+0000][1342.237s][debug][safepoint     ] Safepoint synchronization initiated. (273 threads)
[2024-09-04T12:30:32.409+0000][1342.237s][info ][safepoint     ] Application time: 1.0003516 seconds
[2024-09-04T12:30:32.409+0000][1342.238s][info ][safepoint     ] Entering safepoint region: Cleanup
[2024-09-04T12:30:32.410+0000][1342.238s][info ][safepoint     ] Leaving safepoint region
[2024-09-04T12:30:32.410+0000][1342.238s][debug][safepoint     ] ... found polling page return exception at pc = 0x00007ff4a131ffd6, stub =0x00007ff498824b00
[2024-09-04T12:30:32.410+0000][1342.238s][debug][safepoint     ] ... found polling page return exception at pc = 0x00007ff4a131ffd6, stub =0x00007ff498824b00
[2024-09-04T12:30:32.410+0000][1342.238s][info ][safepoint     ] Total time for which application threads were stopped: 0.0009675 seconds, Stopping threads took: 0.0003295 seconds
[2024-09-04T12:30:33.410+0000][1343.239s][debug][safepoint     ] Safepoint synchronization initiated. (273 threads)
[2024-09-04T12:30:33.410+0000][1343.239s][info ][safepoint     ] Application time: 1.0003065 seconds
[2024-09-04T12:30:33.410+0000][1343.239s][info ][safepoint     ] Entering safepoint region: Cleanup
[2024-09-04T12:30:33.411+0000][1343.240s][info ][safepoint     ] Leaving safepoint region
[2024-09-04T12:30:33.411+0000][1343.240s][info ][safepoint     ] Total time for which application threads were stopped: 0.0006901 seconds, Stopping threads took: 0.0001917 seconds
[2024-09-04T12:30:34.411+0000][1344.240s][debug][safepoint     ] Safepoint synchronization initiated. (273 threads)
[2024-09-04T12:30:34.411+0000][1344.240s][info ][safepoint     ] Application time: 1.0002253 seconds
[2024-09-04T12:30:34.412+0000][1344.240s][debug][safepoint     ] ... found polling page loop exception at pc = 0x00007ff4a034e7c8, stub =0x00007ff498826680
[2024-09-04T12:30:34.412+0000][1344.241s][debug][safepoint     ] Waiting for 1 thread(s) to block
[2024-09-04T12:30:34.412+0000][1344.241s][info ][safepoint     ] Entering safepoint region: Cleanup
[2024-09-04T12:30:34.413+0000][1344.241s][info ][safepoint     ] Leaving safepoint region
[2024-09-04T12:30:34.413+0000][1344.241s][info ][safepoint     ] Total time for which application threads were stopped: 0.0015214 seconds, Stopping threads took: 0.0007501 seconds
[2024-09-04T12:30:35.413+0000][1345.242s][debug][safepoint     ] Safepoint synchronization initiated. (273 threads)
[2024-09-04T12:30:35.413+0000][1345.242s][info ][safepoint     ] Application time: 1.0002449 seconds
[2024-09-04T12:30:35.413+0000][1345.242s][info ][safepoint     ] Entering safepoint region: Cleanup
[2024-09-04T12:30:35.414+0000][1345.242s][info ][safepoint     ] Leaving safepoint region
[2024-09-04T12:30:35.414+0000][1345.242s][info ][safepoint     ] Total time for which application threads were stopped: 0.0006716 seconds, Stopping threads took: 0.0002135 seconds
[2024-09-04T12:30:36.414+0000][1346.243s][debug][safepoint     ] Safepoint synchronization initiated. (273 threads)
[2024-09-04T12:30:36.414+0000][1346.243s][info ][safepoint     ] Application time: 1.0002563 seconds
[2024-09-04T12:30:36.414+0000][1346.243s][info ][safepoint     ] Entering safepoint region: Cleanup
[2024-09-04T12:30:36.415+0000][1346.244s][info ][safepoint     ] Leaving safepoint region
[2024-09-04T12:30:36.415+0000][1346.244s][info ][safepoint     ] Total time for which application threads were stopped: 0.0008017 seconds, Stopping threads took: 0.0002067 seconds
[2024-09-04T12:30:37.415+0000][1347.244s][debug][safepoint     ] Safepoint synchronization initiated. (273 threads)
[2024-09-04T12:30:37.415+0000][1347.244s][info ][safepoint     ] Application time: 1.0002565 seconds
[2024-09-04T12:30:37.415+0000][1347.244s][info ][safepoint     ] Entering safepoint region: Cleanup
[2024-09-04T12:30:37.416+0000][1347.245s][info ][safepoint     ] Leaving safepoint region
[2024-09-04T12:30:37.416+0000][1347.245s][info ][safepoint     ] Total time for which application threads were stopped: 0.0008052 seconds, Stopping threads took: 0.0002128 seconds
[2024-09-04T12:30:38.416+0000][1348.245s][debug][safepoint     ] Safepoint synchronization initiated. (273 threads)
[2024-09-04T12:30:38.416+0000][1348.245s][info ][safepoint     ] Application time: 1.0002112 seconds
[2024-09-04T12:30:38.416+0000][1348.245s][info ][safepoint     ] Entering safepoint region: Cleanup
[2024-09-04T12:30:38.417+0000][1348.246s][info ][safepoint     ] Leaving safepoint region
[2024-09-04T12:30:38.417+0000][1348.246s][info ][safepoint     ] Total time for which application threads were stopped: 0.0006457 seconds, Stopping threads took: 0.0001581 seconds
[2024-09-04T12:30:39.417+0000][1349.246s][debug][safepoint     ] Safepoint synchronization initiated. (273 threads)
[2024-09-04T12:30:39.417+0000][1349.246s][info ][safepoint     ] Application time: 1.0002712 seconds
[2024-09-04T12:30:39.417+0000][1349.246s][debug][safepoint     ] ... found polling page return exception at pc = 0x00007ff4a0ee1b9f, stub =0x00007ff498824b00
[2024-09-04T12:30:39.417+0000][1349.246s][debug][safepoint     ] Waiting for 1 thread(s) to block
[2024-09-04T12:30:39.418+0000][1349.247s][info ][safepoint     ] Entering safepoint region: Cleanup
[2024-09-04T12:30:39.419+0000][1349.247s][info ][safepoint     ] Leaving safepoint region
[2024-09-04T12:30:39.419+0000][1349.247s][info ][safepoint     ] Total time for which application threads were stopped: 0.0015406 seconds, Stopping threads took: 0.0007058 seconds
[2024-09-04T12:30:40.419+0000][1350.248s][debug][safepoint     ] Safepoint synchronization initiated. (273 threads)
[2024-09-04T12:30:40.419+0000][1350.248s][info ][safepoint     ] Application time: 1.0002835 seconds
[2024-09-04T12:30:40.419+0000][1350.248s][info ][safepoint     ] Entering safepoint region: Cleanup
[2024-09-04T12:30:40.420+0000][1350.249s][info ][safepoint     ] Leaving safepoint region
[2024-09-04T12:30:40.420+0000][1350.249s][info ][safepoint     ] Total time for which application threads were stopped: 0.0009144 seconds, Stopping threads took: 0.0002547 seconds
[2024-09-04T12:30:41.420+0000][1351.249s][debug][safepoint     ] Safepoint synchronization initiated. (273 threads)
[2024-09-04T12:30:41.420+0000][1351.249s][info ][safepoint     ] Application time: 1.0002423 seconds
[2024-09-04T12:30:41.420+0000][1351.249s][info ][safepoint     ] Entering safepoint region: Cleanup
[2024-09-04T12:30:41.421+0000][1351.250s][info ][safepoint     ] Leaving safepoint region
[2024-09-04T12:30:41.421+0000][1351.250s][info ][safepoint     ] Total time for which application threads were stopped: 0.0009089 seconds, Stopping threads took: 0.0002070 seconds
[2024-09-04T12:30:42.421+0000][1352.250s][debug][safepoint     ] Safepoint synchronization initiated. (273 threads)
[2024-09-04T12:30:42.421+0000][1352.250s][info ][safepoint     ] Application time: 1.0003253 seconds
[2024-09-04T12:30:42.422+0000][1352.250s][debug][safepoint     ] ... found polling page return exception at pc = 0x00007ff4a0ee1b9f, stub =0x00007ff498824b00
[2024-09-04T12:30:42.422+0000][1352.250s][debug][safepoint     ] Waiting for 1 thread(s) to block
[2024-09-04T12:30:42.422+0000][1352.251s][info ][safepoint     ] Entering safepoint region: Cleanup
[2024-09-04T12:30:42.422+0000][1352.251s][info ][safepoint     ] Leaving safepoint region
[2024-09-04T12:30:42.422+0000][1352.251s][info ][safepoint     ] Total time for which application threads were stopped: 0.0009308 seconds, Stopping threads took: 0.0004274 seconds
[2024-09-04T12:30:43.423+0000][1353.251s][debug][safepoint     ] Safepoint synchronization initiated. (274 threads)
[2024-09-04T12:30:43.423+0000][1353.251s][info ][safepoint     ] Application time: 1.0002084 seconds
[2024-09-04T12:30:43.423+0000][1353.252s][info ][safepoint     ] Entering safepoint region: Cleanup
[2024-09-04T12:30:43.424+0000][1353.252s][info ][safepoint     ] Leaving safepoint region
[2024-09-04T12:30:43.424+0000][1353.252s][info ][safepoint     ] Total time for which application threads were stopped: 0.0008805 seconds, Stopping threads took: 0.0002141 seconds
[2024-09-04T12:30:44.424+0000][1354.253s][debug][safepoint     ] Safepoint synchronization initiated. (274 threads)
[2024-09-04T12:30:44.424+0000][1354.253s][info ][safepoint     ] Application time: 1.0002734 seconds
[2024-09-04T12:30:44.424+0000][1354.253s][info ][safepoint     ] Entering safepoint region: Cleanup
[2024-09-04T12:30:44.425+0000][1354.254s][info ][safepoint     ] Leaving safepoint region
[2024-09-04T12:30:44.425+0000][1354.254s][info ][safepoint     ] Total time for which application threads were stopped: 0.0009396 seconds, Stopping threads took: 0.0001999 seconds
[2024-09-04T12:30:45.425+0000][1355.254s][debug][safepoint     ] Safepoint synchronization initiated. (274 threads)
[2024-09-04T12:30:45.425+0000][1355.254s][info ][safepoint     ] Application time: 1.0002052 seconds
[2024-09-04T12:30:45.425+0000][1355.254s][info ][safepoint     ] Entering safepoint region: Cleanup
[2024-09-04T12:30:45.426+0000][1355.254s][info ][safepoint     ] Leaving safepoint region
[2024-09-04T12:30:45.426+0000][1355.255s][info ][safepoint     ] Total time for which application threads were stopped: 0.0007130 seconds, Stopping threads took: 0.0001639 seconds
[2024-09-04T12:30:46.426+0000][1356.255s][debug][safepoint     ] Safepoint synchronization initiated. (274 threads)
[2024-09-04T12:30:46.426+0000][1356.255s][info ][safepoint     ] Application time: 1.0002090 seconds
[2024-09-04T12:30:46.426+0000][1356.255s][info ][safepoint     ] Entering safepoint region: Cleanup
[2024-09-04T12:30:46.427+0000][1356.256s][info ][safepoint     ] Leaving safepoint region
[2024-09-04T12:30:46.427+0000][1356.256s][info ][safepoint     ] Total time for which application threads were stopped: 0.0010360 seconds, Stopping threads took: 0.0002398 seconds
[2024-09-04T12:30:47.427+0000][1357.256s][debug][safepoint     ] Safepoint synchronization initiated. (274 threads)
[2024-09-04T12:30:47.427+0000][1357.256s][info ][safepoint     ] Application time: 1.0003632 seconds
[2024-09-04T12:30:47.428+0000][1357.256s][info ][safepoint     ] Entering safepoint region: Cleanup
[2024-09-04T12:30:47.429+0000][1357.257s][info ][safepoint     ] Leaving safepoint region
[2024-09-04T12:30:47.429+0000][1357.257s][info ][safepoint     ] Total time for which application threads were stopped: 0.0011146 seconds, Stopping threads took: 0.0003183 seconds
[2024-09-04T12:30:48.429+0000][1358.258s][debug][safepoint     ] Safepoint synchronization initiated. (274 threads)
[2024-09-04T12:30:48.429+0000][1358.258s][info ][safepoint     ] Application time: 1.0003031 seconds
[2024-09-04T12:30:48.429+0000][1358.258s][info ][safepoint     ] Entering safepoint region: Cleanup
[2024-09-04T12:30:48.430+0000][1358.259s][info ][safepoint     ] Leaving safepoint region
[2024-09-04T12:30:48.430+0000][1358.259s][info ][safepoint     ] Total time for which application threads were stopped: 0.0008943 seconds, Stopping threads took: 0.0002449 seconds
[2024-09-04T12:30:49.430+0000][1359.259s][debug][safepoint     ] Safepoint synchronization initiated. (274 threads)
[2024-09-04T12:30:49.430+0000][1359.259s][info ][safepoint     ] Application time: 1.0002434 seconds
[2024-09-04T12:30:49.430+0000][1359.259s][info ][safepoint     ] Entering safepoint region: Cleanup
[2024-09-04T12:30:49.431+0000][1359.260s][info ][safepoint     ] Leaving safepoint region
[2024-09-04T12:30:49.431+0000][1359.260s][info ][safepoint     ] Total time for which application threads were stopped: 0.0008296 seconds, Stopping threads took: 0.0001965 seconds
[2024-09-04T12:30:50.431+0000][1360.260s][debug][safepoint     ] Safepoint synchronization initiated. (274 threads)
[2024-09-04T12:30:50.431+0000][1360.260s][info ][safepoint     ] Application time: 1.0003173 seconds
[2024-09-04T12:30:50.432+0000][1360.260s][info ][safepoint     ] Entering safepoint region: Cleanup
[2024-09-04T12:30:50.433+0000][1360.261s][info ][safepoint     ] Leaving safepoint region
[2024-09-04T12:30:50.433+0000][1360.261s][info ][safepoint     ] Total time for which application threads were stopped: 0.0012212 seconds, Stopping threads took: 0.0003306 seconds
[2024-09-04T12:30:51.433+0000][1361.262s][debug][safepoint     ] Safepoint synchronization initiated. (274 threads)
[2024-09-04T12:30:51.433+0000][1361.262s][info ][safepoint     ] Application time: 1.0003598 seconds
[2024-09-04T12:30:51.433+0000][1361.262s][info ][safepoint     ] Entering safepoint region: Cleanup
[2024-09-04T12:30:51.434+0000][1361.263s][info ][safepoint     ] Leaving safepoint region
[2024-09-04T12:30:51.434+0000][1361.263s][info ][safepoint     ] Total time for which application threads were stopped: 0.0010017 seconds, Stopping threads took: 0.0003472 seconds
[2024-09-04T12:30:52.434+0000][1362.263s][debug][safepoint     ] Safepoint synchronization initiated. (274 threads)
[2024-09-04T12:30:52.434+0000][1362.263s][info ][safepoint     ] Application time: 1.0002789 seconds
[2024-09-04T12:30:52.434+0000][1362.263s][info ][safepoint     ] Entering safepoint region: Cleanup
[2024-09-04T12:30:52.435+0000][1362.264s][info ][safepoint     ] Leaving safepoint region
[2024-09-04T12:30:52.435+0000][1362.264s][info ][safepoint     ] Total time for which application threads were stopped: 0.0007679 seconds, Stopping threads took: 0.0002219 seconds
[2024-09-04T12:30:53.435+0000][1363.264s][debug][safepoint     ] Safepoint synchronization initiated. (274 threads)
[2024-09-04T12:30:53.435+0000][1363.264s][info ][safepoint     ] Application time: 1.0002802 seconds
[2024-09-04T12:30:53.436+0000][1363.264s][info ][safepoint     ] Entering safepoint region: Cleanup
[2024-09-04T12:30:53.436+0000][1363.265s][info ][safepoint     ] Leaving safepoint region
[2024-09-04T12:30:53.436+0000][1363.265s][info ][safepoint     ] Total time for which application threads were stopped: 0.0008327 seconds, Stopping threads took: 0.0002272 seconds
[2024-09-04T12:30:54.436+0000][1364.265s][debug][safepoint     ] Safepoint synchronization initiated. (274 threads)
[2024-09-04T12:30:54.437+0000][1364.265s][info ][safepoint     ] Application time: 1.0003427 seconds
[2024-09-04T12:30:54.437+0000][1364.266s][info ][safepoint     ] Entering safepoint region: Cleanup
[2024-09-04T12:30:54.438+0000][1364.266s][info ][safepoint     ] Leaving safepoint region
[2024-09-04T12:30:54.438+0000][1364.266s][info ][safepoint     ] Total time for which application threads were stopped: 0.0010587 seconds, Stopping threads took: 0.0003024 seconds
[2024-09-04T12:30:55.358+0000][1365.187s][debug][safepoint     ] Safepoint synchronization initiated. (274 threads)
[2024-09-04T12:30:55.358+0000][1365.187s][info ][safepoint     ] Application time: 0.9203909 seconds
[2024-09-04T12:30:55.358+0000][1365.187s][debug][safepoint     ] ... found polling page return exception at pc = 0x00007ff4a0ee1b9f, stub =0x00007ff498824b00
[2024-09-04T12:30:55.358+0000][1365.187s][debug][safepoint     ] ... found polling page return exception at pc = 0x00007ff4a06a5bff, stub =0x00007ff498824b00
[2024-09-04T12:30:55.358+0000][1365.187s][debug][safepoint     ] Waiting for 3 thread(s) to block
[2024-09-04T12:30:55.359+0000][1365.187s][info ][safepoint     ] Entering safepoint region: G1CollectForAllocation
[2024-09-04T12:30:55.359+0000][1365.188s][info ][gc,start      ] GC(118) Pause Young (Normal) (G1 Evacuation Pause)
[2024-09-04T12:30:55.359+0000][1365.188s][info ][gc,task       ] GC(118) Using 4 workers of 4 for evacuation
[2024-09-04T12:30:55.370+0000][1365.199s][info ][gc,phases     ] GC(118)   Pre Evacuate Collection Set: 0.0ms
[2024-09-04T12:30:55.370+0000][1365.199s][info ][gc,phases     ] GC(118)   Evacuate Collection Set: 5.2ms
[2024-09-04T12:30:55.370+0000][1365.199s][info ][gc,phases     ] GC(118)   Post Evacuate Collection Set: 4.9ms
[2024-09-04T12:30:55.370+0000][1365.199s][info ][gc,phases     ] GC(118)   Other: 0.6ms
[2024-09-04T12:30:55.370+0000][1365.199s][info ][gc,heap       ] GC(118) Eden regions: 187->0(187)
[2024-09-04T12:30:55.370+0000][1365.199s][info ][gc,heap       ] GC(118) Survivor regions: 4->4(24)
[2024-09-04T12:30:55.370+0000][1365.199s][info ][gc,heap       ] GC(118) Old regions: 175->175
[2024-09-04T12:30:55.370+0000][1365.199s][info ][gc,heap       ] GC(118) Humongous regions: 0->0
[2024-09-04T12:30:55.370+0000][1365.199s][info ][gc,metaspace  ] GC(118) Metaspace: 183691K(189808K)->183691K(189808K) NonClass: 162617K(166356K)->162617K(166356K) Class: 21074K(23452K)->21074K(23452K)
[2024-09-04T12:30:55.370+0000][1365.199s][info ][gc            ] GC(118) Pause Young (Normal) (G1 Evacuation Pause) 364M->176M(412M) 10.840ms
[2024-09-04T12:30:55.370+0000][1365.199s][info ][gc,cpu        ] GC(118) User=0.03s Sys=0.00s Real=0.02s
[2024-09-04T12:30:55.370+0000][1365.199s][info ][safepoint     ] Leaving safepoint region
[2024-09-04T12:30:55.370+0000][1365.199s][info ][safepoint     ] Total time for which application threads were stopped: 0.0120908 seconds, Stopping threads took: 0.0005927 seconds
[2024-09-04T12:30:55.370+0000][1365.199s][info ][gc,stringdedup] Concurrent String Deduplication (1365.199s)
[2024-09-04T12:30:55.370+0000][1365.199s][info ][gc,stringdedup] Concurrent String Deduplication 32.0B->0.0B(32.0B) avg 55.1% (1365.199s, 1365.199s) 0.044ms
[2024-09-04T12:30:56.370+0000][1366.199s][debug][safepoint     ] Safepoint synchronization initiated. (274 threads)
[2024-09-04T12:30:56.370+0000][1366.199s][info ][safepoint     ] Application time: 1.0002525 seconds
[2024-09-04T12:30:56.371+0000][1366.199s][info ][safepoint     ] Entering safepoint region: Cleanup
[2024-09-04T12:30:56.371+0000][1366.200s][info ][safepoint     ] Leaving safepoint region
[2024-09-04T12:30:56.371+0000][1366.200s][info ][safepoint     ] Total time for which application threads were stopped: 0.0008506 seconds, Stopping threads took: 0.0001493 seconds
[2024-09-04T12:30:57.371+0000][1367.200s][debug][safepoint     ] Safepoint synchronization initiated. (274 threads)
[2024-09-04T12:30:57.372+0000][1367.200s][info ][safepoint     ] Application time: 1.0002068 seconds
[2024-09-04T12:30:57.372+0000][1367.201s][info ][safepoint     ] Entering safepoint region: Cleanup
[2024-09-04T12:30:57.373+0000][1367.201s][info ][safepoint     ] Leaving safepoint region
[2024-09-04T12:30:57.373+0000][1367.201s][info ][safepoint     ] Total time for which application threads were stopped: 0.0009792 seconds, Stopping threads took: 0.0002086 seconds
[2024-09-04T12:30:58.373+0000][1368.202s][debug][safepoint     ] Safepoint synchronization initiated. (273 threads)
[2024-09-04T12:30:58.373+0000][1368.202s][info ][safepoint     ] Application time: 1.0002479 seconds
[2024-09-04T12:30:58.373+0000][1368.202s][info ][safepoint     ] Entering safepoint region: Cleanup
[2024-09-04T12:30:58.374+0000][1368.202s][info ][safepoint     ] Leaving safepoint region
[2024-09-04T12:30:58.374+0000][1368.202s][info ][safepoint     ] Total time for which application threads were stopped: 0.0008502 seconds, Stopping threads took: 0.0001912 seconds
[2024-09-04T12:30:59.374+0000][1369.203s][debug][safepoint     ] Safepoint synchronization initiated. (273 threads)
[2024-09-04T12:30:59.374+0000][1369.203s][info ][safepoint     ] Application time: 1.0002673 seconds
[2024-09-04T12:30:59.374+0000][1369.203s][info ][safepoint     ] Entering safepoint region: Cleanup
[2024-09-04T12:30:59.375+0000][1369.203s][info ][safepoint     ] Leaving safepoint region
[2024-09-04T12:30:59.375+0000][1369.203s][info ][safepoint     ] Total time for which application threads were stopped: 0.0006183 seconds, Stopping threads took: 0.0001843 seconds
[2024-09-04T12:31:00.375+0000][1370.204s][debug][safepoint     ] Safepoint synchronization initiated. (273 threads)
[2024-09-04T12:31:00.375+0000][1370.204s][info ][safepoint     ] Application time: 1.0002276 seconds
[2024-09-04T12:31:00.375+0000][1370.204s][debug][safepoint     ] ... found polling page return exception at pc = 0x00007ff4a09e1b6d, stub =0x00007ff498824b00
[2024-09-04T12:31:00.375+0000][1370.204s][debug][safepoint     ] Waiting for 1 thread(s) to block
[2024-09-04T12:31:00.375+0000][1370.204s][info ][safepoint     ] Entering safepoint region: Cleanup
[2024-09-04T12:31:00.376+0000][1370.205s][info ][safepoint     ] Leaving safepoint region
[2024-09-04T12:31:00.376+0000][1370.205s][info ][safepoint     ] Total time for which application threads were stopped: 0.0008314 seconds, Stopping threads took: 0.0003553 seconds
[2024-09-04T12:31:01.376+0000][1371.205s][debug][safepoint     ] Safepoint synchronization initiated. (273 threads)
[2024-09-04T12:31:01.376+0000][1371.205s][info ][safepoint     ] Application time: 1.0003142 seconds
[2024-09-04T12:31:01.376+0000][1371.205s][info ][safepoint     ] Entering safepoint region: Cleanup
[2024-09-04T12:31:01.377+0000][1371.206s][info ][safepoint     ] Leaving safepoint region
[2024-09-04T12:31:01.377+0000][1371.206s][info ][safepoint     ] Total time for which application threads were stopped: 0.0010003 seconds, Stopping threads took: 0.0002641 seconds
[2024-09-04T12:31:02.377+0000][1372.206s][debug][safepoint     ] Safepoint synchronization initiated. (273 threads)
[2024-09-04T12:31:02.378+0000][1372.206s][info ][safepoint     ] Application time: 1.0003906 seconds
[2024-09-04T12:31:02.378+0000][1372.207s][info ][safepoint     ] Entering safepoint region: Cleanup
[2024-09-04T12:31:02.378+0000][1372.207s][info ][safepoint     ] Leaving safepoint region
[2024-09-04T12:31:02.378+0000][1372.207s][info ][safepoint     ] Total time for which application threads were stopped: 0.0008877 seconds, Stopping threads took: 0.0002570 seconds
[2024-09-04T12:31:03.379+0000][1373.207s][debug][safepoint     ] Safepoint synchronization initiated. (273 threads)
[2024-09-04T12:31:03.379+0000][1373.207s][info ][safepoint     ] Application time: 1.0002064 seconds
[2024-09-04T12:31:03.379+0000][1373.208s][info ][safepoint     ] Entering safepoint region: Cleanup
[2024-09-04T12:31:03.380+0000][1373.208s][info ][safepoint     ] Leaving safepoint region
[2024-09-04T12:31:03.380+0000][1373.208s][info ][safepoint     ] Total time for which application threads were stopped: 0.0009210 seconds, Stopping threads took: 0.0001766 seconds
[2024-09-04T12:31:04.380+0000][1374.209s][debug][safepoint     ] Safepoint synchronization initiated. (273 threads)
[2024-09-04T12:31:04.380+0000][1374.209s][info ][safepoint     ] Application time: 1.0002745 seconds
[2024-09-04T12:31:04.380+0000][1374.209s][info ][safepoint     ] Entering safepoint region: Cleanup
[2024-09-04T12:31:04.381+0000][1374.210s][info ][safepoint     ] Leaving safepoint region
[2024-09-04T12:31:04.381+0000][1374.210s][info ][safepoint     ] Total time for which application threads were stopped: 0.0010554 seconds, Stopping threads took: 0.0002674 seconds
[2024-09-04T12:31:05.381+0000][1375.210s][debug][safepoint     ] Safepoint synchronization initiated. (273 threads)
[2024-09-04T12:31:05.381+0000][1375.210s][info ][safepoint     ] Application time: 1.0003460 seconds
[2024-09-04T12:31:05.382+0000][1375.211s][info ][safepoint     ] Entering safepoint region: Cleanup
[2024-09-04T12:31:05.382+0000][1375.211s][info ][safepoint     ] Leaving safepoint region
[2024-09-04T12:31:05.383+0000][1375.211s][info ][safepoint     ] Total time for which application threads were stopped: 0.0009969 seconds, Stopping threads took: 0.0003333 seconds
[2024-09-04T12:31:06.383+0000][1376.212s][debug][safepoint     ] Safepoint synchronization initiated. (273 threads)
[2024-09-04T12:31:06.383+0000][1376.212s][info ][safepoint     ] Application time: 1.0003750 seconds
[2024-09-04T12:31:06.383+0000][1376.212s][info ][safepoint     ] Entering safepoint region: Cleanup
[2024-09-04T12:31:06.384+0000][1376.212s][info ][safepoint     ] Leaving safepoint region
[2024-09-04T12:31:06.384+0000][1376.213s][info ][safepoint     ] Total time for which application threads were stopped: 0.0007968 seconds, Stopping threads took: 0.0002380 seconds
[2024-09-04T12:31:07.384+0000][1377.213s][debug][safepoint     ] Safepoint synchronization initiated. (273 threads)
[2024-09-04T12:31:07.384+0000][1377.213s][info ][safepoint     ] Application time: 1.0001520 seconds
[2024-09-04T12:31:07.384+0000][1377.213s][info ][safepoint     ] Entering safepoint region: Cleanup
[2024-09-04T12:31:07.385+0000][1377.213s][info ][safepoint     ] Leaving safepoint region
[2024-09-04T12:31:07.385+0000][1377.213s][info ][safepoint     ] Total time for which application threads were stopped: 0.0006007 seconds, Stopping threads took: 0.0001979 seconds
[2024-09-04T12:31:08.385+0000][1378.214s][debug][safepoint     ] Safepoint synchronization initiated. (273 threads)
[2024-09-04T12:31:08.385+0000][1378.214s][info ][safepoint     ] Application time: 1.0004201 seconds
[2024-09-04T12:31:08.385+0000][1378.214s][info ][safepoint     ] Entering safepoint region: Cleanup
[2024-09-04T12:31:08.386+0000][1378.215s][info ][safepoint     ] Leaving safepoint region
[2024-09-04T12:31:08.386+0000][1378.215s][info ][safepoint     ] Total time for which application threads were stopped: 0.0011931 seconds, Stopping threads took: 0.0002627 seconds
[2024-09-04T12:31:09.386+0000][1379.215s][debug][safepoint     ] Safepoint synchronization initiated. (273 threads)
[2024-09-04T12:31:09.387+0000][1379.215s][info ][safepoint     ] Application time: 1.0002785 seconds
[2024-09-04T12:31:09.387+0000][1379.215s][info ][safepoint     ] Entering safepoint region: Cleanup
[2024-09-04T12:31:09.387+0000][1379.216s][info ][safepoint     ] Leaving safepoint region
[2024-09-04T12:31:09.387+0000][1379.216s][info ][safepoint     ] Total time for which application threads were stopped: 0.0008726 seconds, Stopping threads took: 0.0001966 seconds
[2024-09-04T12:31:10.388+0000][1380.216s][debug][safepoint     ] Safepoint synchronization initiated. (273 threads)
[2024-09-04T12:31:10.388+0000][1380.216s][info ][safepoint     ] Application time: 1.0002984 seconds
[2024-09-04T12:31:10.388+0000][1380.217s][info ][safepoint     ] Entering safepoint region: Cleanup
[2024-09-04T12:31:10.389+0000][1380.217s][info ][safepoint     ] Leaving safepoint region
[2024-09-04T12:31:10.389+0000][1380.217s][info ][safepoint     ] Total time for which application threads were stopped: 0.0008947 seconds, Stopping threads took: 0.0001725 seconds
[2024-09-04T12:31:11.389+0000][1381.218s][debug][safepoint     ] Safepoint synchronization initiated. (273 threads)
[2024-09-04T12:31:11.389+0000][1381.218s][info ][safepoint     ] Application time: 1.0002046 seconds
[2024-09-04T12:31:11.389+0000][1381.218s][info ][safepoint     ] Entering safepoint region: Cleanup
[2024-09-04T12:31:11.390+0000][1381.218s][info ][safepoint     ] Leaving safepoint region
[2024-09-04T12:31:11.390+0000][1381.218s][info ][safepoint     ] Total time for which application threads were stopped: 0.0008494 seconds, Stopping threads took: 0.0001997 seconds
[2024-09-04T12:31:12.390+0000][1382.219s][debug][safepoint     ] Safepoint synchronization initiated. (273 threads)
[2024-09-04T12:31:12.390+0000][1382.219s][info ][safepoint     ] Application time: 1.0003036 seconds
[2024-09-04T12:31:12.390+0000][1382.219s][info ][safepoint     ] Entering safepoint region: Cleanup
[2024-09-04T12:31:12.391+0000][1382.220s][info ][safepoint     ] Leaving safepoint region
[2024-09-04T12:31:12.391+0000][1382.220s][info ][safepoint     ] Total time for which application threads were stopped: 0.0008645 seconds, Stopping threads took: 0.0002200 seconds
[2024-09-04T12:31:13.391+0000][1383.220s][debug][safepoint     ] Safepoint synchronization initiated. (273 threads)
[2024-09-04T12:31:13.391+0000][1383.220s][info ][safepoint     ] Application time: 1.0003040 seconds
[2024-09-04T12:31:13.391+0000][1383.220s][info ][safepoint     ] Entering safepoint region: Cleanup
[2024-09-04T12:31:13.392+0000][1383.221s][info ][safepoint     ] Leaving safepoint region
[2024-09-04T12:31:13.392+0000][1383.221s][info ][safepoint     ] Total time for which application threads were stopped: 0.0009187 seconds, Stopping threads took: 0.0002412 seconds
[2024-09-04T12:31:14.392+0000][1384.221s][debug][safepoint     ] Safepoint synchronization initiated. (273 threads)
[2024-09-04T12:31:14.393+0000][1384.221s][info ][safepoint     ] Application time: 1.0003532 seconds
[2024-09-04T12:31:14.393+0000][1384.222s][info ][safepoint     ] Entering safepoint region: Cleanup
[2024-09-04T12:31:14.394+0000][1384.222s][info ][safepoint     ] Leaving safepoint region
[2024-09-04T12:31:14.394+0000][1384.222s][debug][safepoint     ] ... found polling page return exception at pc = 0x00007ff4a131ffd6, stub =0x00007ff498824b00
[2024-09-04T12:31:14.394+0000][1384.222s][info ][safepoint     ] Total time for which application threads were stopped: 0.0009769 seconds, Stopping threads took: 0.0002670 seconds
[2024-09-04T12:31:15.394+0000][1385.223s][debug][safepoint     ] Safepoint synchronization initiated. (273 threads)
[2024-09-04T12:31:15.394+0000][1385.223s][info ][safepoint     ] Application time: 1.0002653 seconds
[2024-09-04T12:31:15.394+0000][1385.223s][info ][safepoint     ] Entering safepoint region: Cleanup
[2024-09-04T12:31:15.395+0000][1385.224s][info ][safepoint     ] Leaving safepoint region
[2024-09-04T12:31:15.395+0000][1385.224s][info ][safepoint     ] Total time for which application threads were stopped: 0.0007682 seconds, Stopping threads took: 0.0002148 seconds
[2024-09-04T12:31:16.395+0000][1386.224s][debug][safepoint     ] Safepoint synchronization initiated. (273 threads)
[2024-09-04T12:31:16.395+0000][1386.224s][info ][safepoint     ] Application time: 1.0002607 seconds
[2024-09-04T12:31:16.395+0000][1386.224s][info ][safepoint     ] Entering safepoint region: Cleanup
[2024-09-04T12:31:16.396+0000][1386.225s][info ][safepoint     ] Leaving safepoint region
[2024-09-04T12:31:16.396+0000][1386.225s][info ][safepoint     ] Total time for which application threads were stopped: 0.0005787 seconds, Stopping threads took: 0.0001740 seconds
[2024-09-04T12:31:17.396+0000][1387.225s][debug][safepoint     ] Safepoint synchronization initiated. (273 threads)
[2024-09-04T12:31:17.396+0000][1387.225s][info ][safepoint     ] Application time: 1.0002289 seconds
[2024-09-04T12:31:17.396+0000][1387.225s][debug][safepoint     ] ... found polling page return exception at pc = 0x00007ff4a0349f2f, stub =0x00007ff498824b00
[2024-09-04T12:31:17.396+0000][1387.225s][debug][safepoint     ] Waiting for 1 thread(s) to block
[2024-09-04T12:31:17.397+0000][1387.225s][info ][safepoint     ] Entering safepoint region: Cleanup
[2024-09-04T12:31:17.397+0000][1387.226s][info ][safepoint     ] Leaving safepoint region
[2024-09-04T12:31:17.397+0000][1387.226s][info ][safepoint     ] Total time for which application threads were stopped: 0.0010803 seconds, Stopping threads took: 0.0005510 seconds
[2024-09-04T12:31:18.397+0000][1388.226s][debug][safepoint     ] Safepoint synchronization initiated. (272 threads)
[2024-09-04T12:31:18.398+0000][1388.226s][info ][safepoint     ] Application time: 1.0004020 seconds
[2024-09-04T12:31:18.398+0000][1388.226s][debug][safepoint     ] ... found polling page return exception at pc = 0x00007ff4a0ca7e64, stub =0x00007ff498824b00
[2024-09-04T12:31:18.398+0000][1388.227s][debug][safepoint     ] Waiting for 1 thread(s) to block
[2024-09-04T12:31:18.398+0000][1388.227s][info ][safepoint     ] Entering safepoint region: Cleanup
[2024-09-04T12:31:18.399+0000][1388.228s][info ][safepoint     ] Leaving safepoint region
[2024-09-04T12:31:18.399+0000][1388.228s][info ][safepoint     ] Total time for which application threads were stopped: 0.0011893 seconds, Stopping threads took: 0.0005039 seconds
[2024-09-04T12:31:19.399+0000][1389.228s][debug][safepoint     ] Safepoint synchronization initiated. (272 threads)
[2024-09-04T12:31:19.399+0000][1389.228s][info ][safepoint     ] Application time: 1.0003213 seconds
[2024-09-04T12:31:19.399+0000][1389.228s][info ][safepoint     ] Entering safepoint region: Cleanup
[2024-09-04T12:31:19.400+0000][1389.229s][info ][safepoint     ] Leaving safepoint region
[2024-09-04T12:31:19.400+0000][1389.229s][info ][safepoint     ] Total time for which application threads were stopped: 0.0010053 seconds, Stopping threads took: 0.0002582 seconds
[2024-09-04T12:31:20.400+0000][1390.229s][debug][safepoint     ] Safepoint synchronization initiated. (272 threads)
[2024-09-04T12:31:20.400+0000][1390.229s][info ][safepoint     ] Application time: 1.0001839 seconds
[2024-09-04T12:31:20.401+0000][1390.229s][info ][safepoint     ] Entering safepoint region: Cleanup
[2024-09-04T12:31:20.401+0000][1390.230s][info ][safepoint     ] Leaving safepoint region
[2024-09-04T12:31:20.401+0000][1390.230s][info ][safepoint     ] Total time for which application threads were stopped: 0.0006668 seconds, Stopping threads took: 0.0001650 seconds
[2024-09-04T12:31:21.401+0000][1391.230s][debug][safepoint     ] Safepoint synchronization initiated. (272 threads)
[2024-09-04T12:31:21.402+0000][1391.230s][info ][safepoint     ] Application time: 1.0003938 seconds
[2024-09-04T12:31:21.402+0000][1391.231s][info ][safepoint     ] Entering safepoint region: Cleanup
[2024-09-04T12:31:21.402+0000][1391.231s][info ][safepoint     ] Leaving safepoint region
[2024-09-04T12:31:21.402+0000][1391.231s][info ][safepoint     ] Total time for which application threads were stopped: 0.0008079 seconds, Stopping threads took: 0.0002781 seconds
[2024-09-04T12:31:22.403+0000][1392.231s][debug][safepoint     ] Safepoint synchronization initiated. (272 threads)
[2024-09-04T12:31:22.403+0000][1392.231s][info ][safepoint     ] Application time: 1.0002302 seconds
[2024-09-04T12:31:22.403+0000][1392.232s][info ][safepoint     ] Entering safepoint region: Cleanup
[2024-09-04T12:31:22.403+0000][1392.232s][info ][safepoint     ] Leaving safepoint region
[2024-09-04T12:31:22.403+0000][1392.232s][info ][safepoint     ] Total time for which application threads were stopped: 0.0006381 seconds, Stopping threads took: 0.0001879 seconds
[2024-09-04T12:31:23.403+0000][1393.232s][debug][safepoint     ] Safepoint synchronization initiated. (272 threads)
[2024-09-04T12:31:23.404+0000][1393.232s][info ][safepoint     ] Application time: 1.0002184 seconds
[2024-09-04T12:31:23.404+0000][1393.233s][info ][safepoint     ] Entering safepoint region: Cleanup
[2024-09-04T12:31:23.404+0000][1393.233s][info ][safepoint     ] Leaving safepoint region
[2024-09-04T12:31:23.404+0000][1393.233s][info ][safepoint     ] Total time for which application threads were stopped: 0.0008191 seconds, Stopping threads took: 0.0003265 seconds
[2024-09-04T12:31:24.405+0000][1394.234s][debug][safepoint     ] Safepoint synchronization initiated. (272 threads)
[2024-09-04T12:31:24.405+0000][1394.234s][info ][safepoint     ] Application time: 1.0005345 seconds
[2024-09-04T12:31:24.405+0000][1394.234s][info ][safepoint     ] Entering safepoint region: Cleanup
[2024-09-04T12:31:24.406+0000][1394.235s][info ][safepoint     ] Leaving safepoint region
[2024-09-04T12:31:24.420+0000][1394.248s][info ][safepoint     ] Total time for which application threads were stopped: 0.0145568 seconds, Stopping threads took: 0.0002821 seconds
[2024-09-04T12:31:24.455+0000][1394.283s][debug][safepoint     ] Safepoint synchronization initiated. (272 threads)
[2024-09-04T12:31:24.455+0000][1394.284s][info ][safepoint     ] Application time: 0.0351502 seconds
[2024-09-04T12:31:24.455+0000][1394.284s][info ][safepoint     ] Entering safepoint region: G1CollectForAllocation
[2024-09-04T12:31:24.455+0000][1394.284s][info ][gc,start      ] GC(119) Pause Young (Normal) (G1 Evacuation Pause)
[2024-09-04T12:31:24.455+0000][1394.284s][info ][gc,task       ] GC(119) Using 4 workers of 4 for evacuation
[2024-09-04T12:31:24.467+0000][1394.296s][info ][gc,phases     ] GC(119)   Pre Evacuate Collection Set: 0.0ms
[2024-09-04T12:31:24.467+0000][1394.296s][info ][gc,phases     ] GC(119)   Evacuate Collection Set: 6.2ms
[2024-09-04T12:31:24.467+0000][1394.296s][info ][gc,phases     ] GC(119)   Post Evacuate Collection Set: 5.2ms
[2024-09-04T12:31:24.467+0000][1394.296s][info ][gc,phases     ] GC(119)   Other: 0.6ms
[2024-09-04T12:31:24.467+0000][1394.296s][info ][gc,heap       ] GC(119) Eden regions: 187->0(187)
[2024-09-04T12:31:24.467+0000][1394.296s][info ][gc,heap       ] GC(119) Survivor regions: 4->4(24)
[2024-09-04T12:31:24.467+0000][1394.296s][info ][gc,heap       ] GC(119) Old regions: 175->175
[2024-09-04T12:31:24.467+0000][1394.296s][info ][gc,heap       ] GC(119) Humongous regions: 0->0
[2024-09-04T12:31:24.467+0000][1394.296s][info ][gc,metaspace  ] GC(119) Metaspace: 183705K(189808K)->183705K(189808K) NonClass: 162631K(166356K)->162631K(166356K) Class: 21074K(23452K)->21074K(23452K)
[2024-09-04T12:31:24.468+0000][1394.296s][info ][gc            ] GC(119) Pause Young (Normal) (G1 Evacuation Pause) 363M->176M(412M) 12.160ms
[2024-09-04T12:31:24.468+0000][1394.296s][info ][gc,cpu        ] GC(119) User=0.04s Sys=0.00s Real=0.01s
[2024-09-04T12:31:24.468+0000][1394.296s][info ][safepoint     ] Leaving safepoint region
[2024-09-04T12:31:24.468+0000][1394.296s][info ][safepoint     ] Total time for which application threads were stopped: 0.0128785 seconds, Stopping threads took: 0.0001084 seconds
[2024-09-04T12:31:24.468+0000][1394.297s][info ][gc,stringdedup] Concurrent String Deduplication (1394.296s)
[2024-09-04T12:31:24.468+0000][1394.297s][info ][gc,stringdedup] Concurrent String Deduplication 6536.0B->2936.0B(3600.0B) avg 55.1% (1394.296s, 1394.297s) 0.083ms
[2024-09-04T12:31:25.468+0000][1395.297s][debug][safepoint     ] Safepoint synchronization initiated. (272 threads)
[2024-09-04T12:31:25.468+0000][1395.297s][info ][safepoint     ] Application time: 1.0004511 seconds
[2024-09-04T12:31:25.468+0000][1395.297s][info ][safepoint     ] Entering safepoint region: Cleanup
[2024-09-04T12:31:25.469+0000][1395.298s][info ][safepoint     ] Leaving safepoint region
[2024-09-04T12:31:25.469+0000][1395.298s][info ][safepoint     ] Total time for which application threads were stopped: 0.0010821 seconds, Stopping threads took: 0.0002372 seconds
[2024-09-04T12:31:26.469+0000][1396.298s][debug][safepoint     ] Safepoint synchronization initiated. (272 threads)
[2024-09-04T12:31:26.470+0000][1396.298s][info ][safepoint     ] Application time: 1.0003125 seconds
[2024-09-04T12:31:26.470+0000][1396.298s][info ][safepoint     ] Entering safepoint region: Cleanup
[2024-09-04T12:31:26.470+0000][1396.299s][info ][safepoint     ] Leaving safepoint region
[2024-09-04T12:31:26.470+0000][1396.299s][info ][safepoint     ] Total time for which application threads were stopped: 0.0005594 seconds, Stopping threads took: 0.0001774 seconds
[2024-09-04T12:31:27.470+0000][1397.299s][debug][safepoint     ] Safepoint synchronization initiated. (272 threads)
[2024-09-04T12:31:27.470+0000][1397.299s][info ][safepoint     ] Application time: 1.0003036 seconds
[2024-09-04T12:31:27.471+0000][1397.299s][debug][safepoint     ] ... found polling page loop exception at pc = 0x00007ff4a09f95f2, stub =0x00007ff498826680
[2024-09-04T12:31:27.471+0000][1397.300s][debug][safepoint     ] Waiting for 1 thread(s) to block
[2024-09-04T12:31:27.471+0000][1397.300s][info ][safepoint     ] Entering safepoint region: Cleanup
[2024-09-04T12:31:27.472+0000][1397.300s][debug][safepoint     ] ... found polling page return exception at pc = 0x00007ff4a131ffd6, stub =0x00007ff498824b00
[2024-09-04T12:31:27.472+0000][1397.300s][info ][safepoint     ] Leaving safepoint region
[2024-09-04T12:31:27.472+0000][1397.301s][info ][safepoint     ] Total time for which application threads were stopped: 0.0012869 seconds, Stopping threads took: 0.0004360 seconds
[2024-09-04T12:31:28.472+0000][1398.301s][debug][safepoint     ] Safepoint synchronization initiated. (272 threads)
[2024-09-04T12:31:28.472+0000][1398.301s][info ][safepoint     ] Application time: 1.0003996 seconds
[2024-09-04T12:31:28.472+0000][1398.301s][info ][safepoint     ] Entering safepoint region: Cleanup
[2024-09-04T12:31:28.473+0000][1398.302s][info ][safepoint     ] Leaving safepoint region
[2024-09-04T12:31:28.473+0000][1398.302s][info ][safepoint     ] Total time for which application threads were stopped: 0.0008501 seconds, Stopping threads took: 0.0002517 seconds
[2024-09-04T12:31:29.473+0000][1399.302s][debug][safepoint     ] Safepoint synchronization initiated. (272 threads)
[2024-09-04T12:31:29.473+0000][1399.302s][info ][safepoint     ] Application time: 1.0002591 seconds
[2024-09-04T12:31:29.474+0000][1399.302s][info ][safepoint     ] Entering safepoint region: Cleanup
[2024-09-04T12:31:29.474+0000][1399.303s][info ][safepoint     ] Leaving safepoint region
[2024-09-04T12:31:29.474+0000][1399.303s][info ][safepoint     ] Total time for which application threads were stopped: 0.0006104 seconds, Stopping threads took: 0.0002003 seconds
[2024-09-04T12:31:30.474+0000][1400.303s][debug][safepoint     ] Safepoint synchronization initiated. (272 threads)
[2024-09-04T12:31:30.474+0000][1400.303s][info ][safepoint     ] Application time: 1.0001987 seconds
[2024-09-04T12:31:30.474+0000][1400.303s][info ][safepoint     ] Entering safepoint region: Cleanup
[2024-09-04T12:31:30.475+0000][1400.304s][info ][safepoint     ] Leaving safepoint region
[2024-09-04T12:31:30.475+0000][1400.304s][info ][safepoint     ] Total time for which application threads were stopped: 0.0007940 seconds, Stopping threads took: 0.0002785 seconds
[2024-09-04T12:31:31.475+0000][1401.304s][debug][safepoint     ] Safepoint synchronization initiated. (272 threads)
[2024-09-04T12:31:31.475+0000][1401.304s][info ][safepoint     ] Application time: 1.0003516 seconds
[2024-09-04T12:31:31.476+0000][1401.304s][info ][safepoint     ] Entering safepoint region: Cleanup
[2024-09-04T12:31:31.476+0000][1401.305s][info ][safepoint     ] Leaving safepoint region
[2024-09-04T12:31:31.476+0000][1401.305s][info ][safepoint     ] Total time for which application threads were stopped: 0.0009464 seconds, Stopping threads took: 0.0002564 seconds
[2024-09-04T12:31:32.477+0000][1402.305s][debug][safepoint     ] Safepoint synchronization initiated. (272 threads)
[2024-09-04T12:31:32.477+0000][1402.305s][info ][safepoint     ] Application time: 1.0002525 seconds
[2024-09-04T12:31:32.477+0000][1402.306s][info ][safepoint     ] Entering safepoint region: Cleanup
[2024-09-04T12:31:32.477+0000][1402.306s][info ][safepoint     ] Leaving safepoint region
[2024-09-04T12:31:32.477+0000][1402.306s][info ][safepoint     ] Total time for which application threads were stopped: 0.0008299 seconds, Stopping threads took: 0.0002115 seconds
[2024-09-04T12:31:33.478+0000][1403.306s][debug][safepoint     ] Safepoint synchronization initiated. (272 threads)
[2024-09-04T12:31:33.478+0000][1403.306s][info ][safepoint     ] Application time: 1.0001750 seconds
[2024-09-04T12:31:33.478+0000][1403.307s][info ][safepoint     ] Entering safepoint region: Cleanup
[2024-09-04T12:31:33.478+0000][1403.307s][info ][safepoint     ] Leaving safepoint region
[2024-09-04T12:31:33.478+0000][1403.307s][info ][safepoint     ] Total time for which application threads were stopped: 0.0006088 seconds, Stopping threads took: 0.0001687 seconds
[2024-09-04T12:31:34.479+0000][1404.307s][debug][safepoint     ] Safepoint synchronization initiated. (272 threads)
[2024-09-04T12:31:34.479+0000][1404.308s][info ][safepoint     ] Application time: 1.0004045 seconds
[2024-09-04T12:31:34.479+0000][1404.308s][info ][safepoint     ] Entering safepoint region: Cleanup
[2024-09-04T12:31:34.480+0000][1404.308s][info ][safepoint     ] Leaving safepoint region
[2024-09-04T12:31:34.480+0000][1404.308s][info ][safepoint     ] Total time for which application threads were stopped: 0.0009333 seconds, Stopping threads took: 0.0002855 seconds
[2024-09-04T12:31:35.480+0000][1405.309s][debug][safepoint     ] Safepoint synchronization initiated. (272 threads)
[2024-09-04T12:31:35.480+0000][1405.309s][info ][safepoint     ] Application time: 1.0003602 seconds
[2024-09-04T12:31:35.480+0000][1405.309s][info ][safepoint     ] Entering safepoint region: Cleanup
[2024-09-04T12:31:35.481+0000][1405.310s][info ][safepoint     ] Leaving safepoint region
[2024-09-04T12:31:35.481+0000][1405.310s][info ][safepoint     ] Total time for which application threads were stopped: 0.0007673 seconds, Stopping threads took: 0.0002432 seconds
[2024-09-04T12:31:36.481+0000][1406.310s][debug][safepoint     ] Safepoint synchronization initiated. (272 threads)
[2024-09-04T12:31:36.481+0000][1406.310s][info ][safepoint     ] Application time: 1.0003263 seconds
[2024-09-04T12:31:36.481+0000][1406.310s][debug][safepoint     ] ... found polling page return exception at pc = 0x00007ff4a125d43c, stub =0x00007ff498824b00
[2024-09-04T12:31:36.482+0000][1406.310s][debug][safepoint     ] Waiting for 1 thread(s) to block
[2024-09-04T12:31:36.482+0000][1406.310s][info ][safepoint     ] Entering safepoint region: Cleanup
[2024-09-04T12:31:36.482+0000][1406.311s][info ][safepoint     ] Leaving safepoint region
[2024-09-04T12:31:36.482+0000][1406.311s][info ][safepoint     ] Total time for which application threads were stopped: 0.0009269 seconds, Stopping threads took: 0.0004628 seconds
[2024-09-04T12:31:37.482+0000][1407.311s][debug][safepoint     ] Safepoint synchronization initiated. (272 threads)
[2024-09-04T12:31:37.483+0000][1407.311s][info ][safepoint     ] Application time: 1.0003333 seconds
[2024-09-04T12:31:37.483+0000][1407.312s][info ][safepoint     ] Entering safepoint region: Cleanup
[2024-09-04T12:31:37.483+0000][1407.312s][info ][safepoint     ] Leaving safepoint region
[2024-09-04T12:31:37.483+0000][1407.312s][info ][safepoint     ] Total time for which application threads were stopped: 0.0008739 seconds, Stopping threads took: 0.0003007 seconds
[2024-09-04T12:31:38.484+0000][1408.313s][debug][safepoint     ] Safepoint synchronization initiated. (272 threads)
[2024-09-04T12:31:38.484+0000][1408.313s][info ][safepoint     ] Application time: 1.0003450 seconds
[2024-09-04T12:31:38.484+0000][1408.313s][info ][safepoint     ] Entering safepoint region: Cleanup
[2024-09-04T12:31:38.485+0000][1408.313s][info ][safepoint     ] Leaving safepoint region
[2024-09-04T12:31:38.485+0000][1408.313s][info ][safepoint     ] Total time for which application threads were stopped: 0.0008158 seconds, Stopping threads took: 0.0001860 seconds
[2024-09-04T12:31:39.485+0000][1409.314s][debug][safepoint     ] Safepoint synchronization initiated. (272 threads)
[2024-09-04T12:31:39.485+0000][1409.314s][info ][safepoint     ] Application time: 1.0002476 seconds
[2024-09-04T12:31:39.485+0000][1409.314s][info ][safepoint     ] Entering safepoint region: Cleanup
[2024-09-04T12:31:39.486+0000][1409.315s][info ][safepoint     ] Leaving safepoint region
[2024-09-04T12:31:39.486+0000][1409.315s][info ][safepoint     ] Total time for which application threads were stopped: 0.0009233 seconds, Stopping threads took: 0.0002669 seconds
[2024-09-04T12:31:40.486+0000][1410.315s][debug][safepoint     ] Safepoint synchronization initiated. (272 threads)
[2024-09-04T12:31:40.486+0000][1410.315s][info ][safepoint     ] Application time: 1.0003489 seconds
[2024-09-04T12:31:40.487+0000][1410.315s][info ][safepoint     ] Entering safepoint region: Cleanup
[2024-09-04T12:31:40.487+0000][1410.316s][info ][safepoint     ] Leaving safepoint region
[2024-09-04T12:31:40.487+0000][1410.316s][info ][safepoint     ] Total time for which application threads were stopped: 0.0007795 seconds, Stopping threads took: 0.0002563 seconds
[2024-09-04T12:31:41.487+0000][1411.316s][debug][safepoint     ] Safepoint synchronization initiated. (272 threads)
[2024-09-04T12:31:41.487+0000][1411.316s][info ][safepoint     ] Application time: 1.0002667 seconds
[2024-09-04T12:31:41.488+0000][1411.316s][info ][safepoint     ] Entering safepoint region: Cleanup
[2024-09-04T12:31:41.488+0000][1411.317s][info ][safepoint     ] Leaving safepoint region
[2024-09-04T12:31:41.488+0000][1411.317s][info ][safepoint     ] Total time for which application threads were stopped: 0.0010710 seconds, Stopping threads took: 0.0002338 seconds
[2024-09-04T12:31:42.489+0000][1412.317s][debug][safepoint     ] Safepoint synchronization initiated. (272 threads)
[2024-09-04T12:31:42.489+0000][1412.318s][info ][safepoint     ] Application time: 1.0003007 seconds
[2024-09-04T12:31:42.489+0000][1412.318s][info ][safepoint     ] Entering safepoint region: Cleanup
[2024-09-04T12:31:42.489+0000][1412.318s][info ][safepoint     ] Leaving safepoint region
[2024-09-04T12:31:42.490+0000][1412.318s][info ][safepoint     ] Total time for which application threads were stopped: 0.0007173 seconds, Stopping threads took: 0.0002596 seconds
[2024-09-04T12:31:43.490+0000][1413.318s][debug][safepoint     ] Safepoint synchronization initiated. (272 threads)
[2024-09-04T12:31:43.490+0000][1413.319s][info ][safepoint     ] Application time: 1.0002578 seconds
[2024-09-04T12:31:43.490+0000][1413.319s][info ][safepoint     ] Entering safepoint region: Cleanup
[2024-09-04T12:31:43.491+0000][1413.319s][info ][safepoint     ] Leaving safepoint region
[2024-09-04T12:31:43.491+0000][1413.320s][info ][safepoint     ] Total time for which application threads were stopped: 0.0009169 seconds, Stopping threads took: 0.0002437 seconds
[2024-09-04T12:31:44.491+0000][1414.320s][debug][safepoint     ] Safepoint synchronization initiated. (272 threads)
[2024-09-04T12:31:44.491+0000][1414.320s][info ][safepoint     ] Application time: 1.0003688 seconds
[2024-09-04T12:31:44.491+0000][1414.320s][info ][safepoint     ] Entering safepoint region: Cleanup
[2024-09-04T12:31:44.492+0000][1414.321s][info ][safepoint     ] Leaving safepoint region
[2024-09-04T12:31:44.492+0000][1414.321s][info ][safepoint     ] Total time for which application threads were stopped: 0.0009424 seconds, Stopping threads took: 0.0002445 seconds
[2024-09-04T12:31:45.492+0000][1415.321s][debug][safepoint     ] Safepoint synchronization initiated. (272 threads)
[2024-09-04T12:31:45.492+0000][1415.321s][info ][safepoint     ] Application time: 1.0002339 seconds
[2024-09-04T12:31:45.493+0000][1415.321s][info ][safepoint     ] Entering safepoint region: Cleanup
[2024-09-04T12:31:45.493+0000][1415.322s][info ][safepoint     ] Leaving safepoint region
[2024-09-04T12:31:45.493+0000][1415.322s][info ][safepoint     ] Total time for which application threads were stopped: 0.0008088 seconds, Stopping threads took: 0.0002336 seconds
[2024-09-04T12:31:46.493+0000][1416.322s][debug][safepoint     ] Safepoint synchronization initiated. (272 threads)
[2024-09-04T12:31:46.494+0000][1416.322s][info ][safepoint     ] Application time: 1.0003120 seconds
[2024-09-04T12:31:46.494+0000][1416.323s][info ][safepoint     ] Entering safepoint region: Cleanup
[2024-09-04T12:31:46.495+0000][1416.323s][info ][safepoint     ] Leaving safepoint region
[2024-09-04T12:31:46.495+0000][1416.323s][info ][safepoint     ] Total time for which application threads were stopped: 0.0010905 seconds, Stopping threads took: 0.0002622 seconds
[2024-09-04T12:31:47.495+0000][1417.324s][debug][safepoint     ] Safepoint synchronization initiated. (272 threads)
[2024-09-04T12:31:47.495+0000][1417.324s][info ][safepoint     ] Application time: 1.0003687 seconds
[2024-09-04T12:31:47.495+0000][1417.324s][info ][safepoint     ] Entering safepoint region: Cleanup
[2024-09-04T12:31:47.496+0000][1417.325s][info ][safepoint     ] Leaving safepoint region
[2024-09-04T12:31:47.496+0000][1417.325s][info ][safepoint     ] Total time for which application threads were stopped: 0.0011654 seconds, Stopping threads took: 0.0001883 seconds
[2024-09-04T12:31:48.497+0000][1418.325s][debug][safepoint     ] Safepoint synchronization initiated. (272 threads)
[2024-09-04T12:31:48.497+0000][1418.325s][info ][safepoint     ] Application time: 1.0003455 seconds
[2024-09-04T12:31:48.497+0000][1418.326s][debug][safepoint     ] Waiting for 1 thread(s) to block
[2024-09-04T12:31:48.497+0000][1418.326s][info ][safepoint     ] Entering safepoint region: Cleanup
[2024-09-04T12:31:48.498+0000][1418.327s][info ][safepoint     ] Leaving safepoint region
[2024-09-04T12:31:48.498+0000][1418.327s][info ][safepoint     ] Total time for which application threads were stopped: 0.0012360 seconds, Stopping threads took: 0.0004765 seconds
[2024-09-04T12:31:49.498+0000][1419.327s][debug][safepoint     ] Safepoint synchronization initiated. (272 threads)
[2024-09-04T12:31:49.498+0000][1419.327s][info ][safepoint     ] Application time: 1.0002255 seconds
[2024-09-04T12:31:49.498+0000][1419.327s][info ][safepoint     ] Entering safepoint region: Cleanup
[2024-09-04T12:31:49.499+0000][1419.328s][info ][safepoint     ] Leaving safepoint region
[2024-09-04T12:31:49.499+0000][1419.328s][info ][safepoint     ] Total time for which application threads were stopped: 0.0006953 seconds, Stopping threads took: 0.0001637 seconds
[2024-09-04T12:31:50.499+0000][1420.328s][debug][safepoint     ] Safepoint synchronization initiated. (272 threads)
[2024-09-04T12:31:50.499+0000][1420.328s][info ][safepoint     ] Application time: 1.0003480 seconds
[2024-09-04T12:31:50.499+0000][1420.328s][info ][safepoint     ] Entering safepoint region: Cleanup
[2024-09-04T12:31:50.500+0000][1420.329s][info ][safepoint     ] Leaving safepoint region
[2024-09-04T12:31:50.500+0000][1420.329s][info ][safepoint     ] Total time for which application threads were stopped: 0.0009553 seconds, Stopping threads took: 0.0002138 seconds
[2024-09-04T12:31:51.500+0000][1421.329s][debug][safepoint     ] Safepoint synchronization initiated. (272 threads)
[2024-09-04T12:31:51.500+0000][1421.329s][info ][safepoint     ] Application time: 1.0001917 seconds
[2024-09-04T12:31:51.501+0000][1421.329s][info ][safepoint     ] Entering safepoint region: Cleanup
[2024-09-04T12:31:51.501+0000][1421.330s][info ][safepoint     ] Leaving safepoint region
[2024-09-04T12:31:51.501+0000][1421.330s][info ][safepoint     ] Total time for which application threads were stopped: 0.0007090 seconds, Stopping threads took: 0.0001524 seconds
[2024-09-04T12:31:52.501+0000][1422.330s][debug][safepoint     ] Safepoint synchronization initiated. (272 threads)
[2024-09-04T12:31:52.501+0000][1422.330s][info ][safepoint     ] Application time: 1.0001735 seconds
[2024-09-04T12:31:52.502+0000][1422.330s][info ][safepoint     ] Entering safepoint region: Cleanup
[2024-09-04T12:31:52.502+0000][1422.331s][info ][safepoint     ] Leaving safepoint region
[2024-09-04T12:31:52.502+0000][1422.331s][info ][safepoint     ] Total time for which application threads were stopped: 0.0009495 seconds, Stopping threads took: 0.0002479 seconds
[2024-09-04T12:31:53.503+0000][1423.331s][debug][safepoint     ] Safepoint synchronization initiated. (272 threads)
[2024-09-04T12:31:53.503+0000][1423.331s][info ][safepoint     ] Application time: 1.0003219 seconds
[2024-09-04T12:31:53.503+0000][1423.332s][info ][safepoint     ] Entering safepoint region: Cleanup
[2024-09-04T12:31:53.504+0000][1423.332s][info ][safepoint     ] Leaving safepoint region
[2024-09-04T12:31:53.504+0000][1423.332s][info ][safepoint     ] Total time for which application threads were stopped: 0.0009241 seconds, Stopping threads took: 0.0002599 seconds
[2024-09-04T12:31:53.610+0000][1423.439s][debug][safepoint     ] Safepoint synchronization initiated. (272 threads)
[2024-09-04T12:31:53.610+0000][1423.439s][info ][safepoint     ] Application time: 0.1066528 seconds
[2024-09-04T12:31:53.610+0000][1423.439s][info ][safepoint     ] Entering safepoint region: G1CollectForAllocation
[2024-09-04T12:31:53.611+0000][1423.440s][info ][gc,start      ] GC(120) Pause Young (Normal) (G1 Evacuation Pause)
[2024-09-04T12:31:53.611+0000][1423.440s][info ][gc,task       ] GC(120) Using 4 workers of 4 for evacuation
[2024-09-04T12:31:53.622+0000][1423.450s][info ][gc,phases     ] GC(120)   Pre Evacuate Collection Set: 0.1ms
[2024-09-04T12:31:53.622+0000][1423.450s][info ][gc,phases     ] GC(120)   Evacuate Collection Set: 5.2ms
[2024-09-04T12:31:53.622+0000][1423.450s][info ][gc,phases     ] GC(120)   Post Evacuate Collection Set: 5.1ms
[2024-09-04T12:31:53.622+0000][1423.450s][info ][gc,phases     ] GC(120)   Other: 0.5ms
[2024-09-04T12:31:53.622+0000][1423.450s][info ][gc,heap       ] GC(120) Eden regions: 187->0(186)
[2024-09-04T12:31:53.622+0000][1423.450s][info ][gc,heap       ] GC(120) Survivor regions: 4->4(24)
[2024-09-04T12:31:53.622+0000][1423.450s][info ][gc,heap       ] GC(120) Old regions: 175->176
[2024-09-04T12:31:53.622+0000][1423.450s][info ][gc,heap       ] GC(120) Humongous regions: 0->0
[2024-09-04T12:31:53.622+0000][1423.450s][info ][gc,metaspace  ] GC(120) Metaspace: 183722K(189808K)->183722K(189808K) NonClass: 162648K(166356K)->162648K(166356K) Class: 21074K(23452K)->21074K(23452K)
[2024-09-04T12:31:53.622+0000][1423.451s][info ][gc            ] GC(120) Pause Young (Normal) (G1 Evacuation Pause) 363M->177M(412M) 10.903ms
[2024-09-04T12:31:53.622+0000][1423.451s][info ][gc,cpu        ] GC(120) User=0.03s Sys=0.00s Real=0.01s
[2024-09-04T12:31:53.622+0000][1423.451s][info ][safepoint     ] Leaving safepoint region
[2024-09-04T12:31:53.622+0000][1423.451s][info ][safepoint     ] Total time for which application threads were stopped: 0.0116462 seconds, Stopping threads took: 0.0001608 seconds
[2024-09-04T12:31:53.622+0000][1423.451s][info ][gc,stringdedup] Concurrent String Deduplication (1423.451s)
[2024-09-04T12:31:53.622+0000][1423.451s][info ][gc,stringdedup] Concurrent String Deduplication 1864.0B->616.0B(1248.0B) avg 55.1% (1423.451s, 1423.451s) 0.046ms
[2024-09-04T12:31:54.622+0000][1424.451s][debug][safepoint     ] Safepoint synchronization initiated. (272 threads)
[2024-09-04T12:31:54.622+0000][1424.451s][info ][safepoint     ] Application time: 1.0002628 seconds
[2024-09-04T12:31:54.622+0000][1424.451s][info ][safepoint     ] Entering safepoint region: Cleanup
[2024-09-04T12:31:54.623+0000][1424.452s][info ][safepoint     ] Leaving safepoint region
[2024-09-04T12:31:54.623+0000][1424.452s][info ][safepoint     ] Total time for which application threads were stopped: 0.0008459 seconds, Stopping threads took: 0.0002817 seconds
[2024-09-04T12:31:55.623+0000][1425.452s][debug][safepoint     ] Safepoint synchronization initiated. (272 threads)
[2024-09-04T12:31:55.623+0000][1425.452s][info ][safepoint     ] Application time: 1.0003698 seconds
[2024-09-04T12:31:55.624+0000][1425.453s][info ][safepoint     ] Entering safepoint region: Cleanup
[2024-09-04T12:31:55.624+0000][1425.453s][info ][safepoint     ] Leaving safepoint region
[2024-09-04T12:31:55.625+0000][1425.453s][info ][safepoint     ] Total time for which application threads were stopped: 0.0010266 seconds, Stopping threads took: 0.0003428 seconds
[2024-09-04T12:31:56.625+0000][1426.453s][debug][safepoint     ] Safepoint synchronization initiated. (272 threads)
[2024-09-04T12:31:56.625+0000][1426.454s][info ][safepoint     ] Application time: 1.0002464 seconds
[2024-09-04T12:31:56.625+0000][1426.454s][info ][safepoint     ] Entering safepoint region: Cleanup
[2024-09-04T12:31:56.625+0000][1426.454s][info ][safepoint     ] Leaving safepoint region
[2024-09-04T12:31:56.625+0000][1426.454s][info ][safepoint     ] Total time for which application threads were stopped: 0.0005665 seconds, Stopping threads took: 0.0001606 seconds
[2024-09-04T12:31:57.626+0000][1427.454s][debug][safepoint     ] Safepoint synchronization initiated. (272 threads)
[2024-09-04T12:31:57.626+0000][1427.454s][info ][safepoint     ] Application time: 1.0002548 seconds
[2024-09-04T12:31:57.626+0000][1427.455s][info ][safepoint     ] Entering safepoint region: Cleanup
[2024-09-04T12:31:57.626+0000][1427.455s][info ][safepoint     ] Leaving safepoint region
[2024-09-04T12:31:57.626+0000][1427.455s][info ][safepoint     ] Total time for which application threads were stopped: 0.0007434 seconds, Stopping threads took: 0.0001981 seconds
[2024-09-04T12:31:58.627+0000][1428.455s][debug][safepoint     ] Safepoint synchronization initiated. (272 threads)
[2024-09-04T12:31:58.627+0000][1428.455s][info ][safepoint     ] Application time: 1.0002878 seconds
[2024-09-04T12:31:58.627+0000][1428.456s][info ][safepoint     ] Entering safepoint region: Cleanup
[2024-09-04T12:31:58.628+0000][1428.456s][debug][safepoint     ] ... found polling page loop exception at pc = 0x00007ff4a1317510, stub =0x00007ff498826680
[2024-09-04T12:31:58.628+0000][1428.456s][info ][safepoint     ] Leaving safepoint region
[2024-09-04T12:31:58.628+0000][1428.457s][info ][safepoint     ] Total time for which application threads were stopped: 0.0010127 seconds, Stopping threads took: 0.0002172 seconds
[2024-09-04T12:31:59.628+0000][1429.457s][debug][safepoint     ] Safepoint synchronization initiated. (272 threads)
[2024-09-04T12:31:59.628+0000][1429.457s][info ][safepoint     ] Application time: 1.0002801 seconds
[2024-09-04T12:31:59.628+0000][1429.457s][info ][safepoint     ] Entering safepoint region: Cleanup
[2024-09-04T12:31:59.629+0000][1429.458s][info ][safepoint     ] Leaving safepoint region
[2024-09-04T12:31:59.629+0000][1429.458s][info ][safepoint     ] Total time for which application threads were stopped: 0.0008078 seconds, Stopping threads took: 0.0002262 seconds
[2024-09-04T12:32:00.629+0000][1430.458s][debug][safepoint     ] Safepoint synchronization initiated. (272 threads)
[2024-09-04T12:32:00.629+0000][1430.458s][info ][safepoint     ] Application time: 1.0002217 seconds
[2024-09-04T12:32:00.629+0000][1430.458s][info ][safepoint     ] Entering safepoint region: Cleanup
[2024-09-04T12:32:00.630+0000][1430.459s][info ][safepoint     ] Leaving safepoint region
[2024-09-04T12:32:00.630+0000][1430.459s][info ][safepoint     ] Total time for which application threads were stopped: 0.0007614 seconds, Stopping threads took: 0.0001556 seconds
[2024-09-04T12:32:01.630+0000][1431.459s][debug][safepoint     ] Safepoint synchronization initiated. (272 threads)
[2024-09-04T12:32:01.630+0000][1431.459s][info ][safepoint     ] Application time: 1.0003498 seconds
[2024-09-04T12:32:01.631+0000][1431.460s][info ][safepoint     ] Entering safepoint region: Cleanup
[2024-09-04T12:32:01.632+0000][1431.460s][info ][safepoint     ] Leaving safepoint region
[2024-09-04T12:32:01.632+0000][1431.461s][info ][safepoint     ] Total time for which application threads were stopped: 0.0013912 seconds, Stopping threads took: 0.0004197 seconds
[2024-09-04T12:32:01.632+0000][1431.460s][debug][safepoint     ] ... found polling page return exception at pc = 0x00007ff4a131ffd6, stub =0x00007ff498824b00
[2024-09-04T12:32:01.632+0000][1431.460s][debug][safepoint     ] ... found polling page return exception at pc = 0x00007ff4a131ffd6, stub =0x00007ff498824b00
[2024-09-04T12:32:02.632+0000][1432.461s][debug][safepoint     ] Safepoint synchronization initiated. (272 threads)
[2024-09-04T12:32:02.632+0000][1432.461s][info ][safepoint     ] Application time: 1.0002123 seconds
[2024-09-04T12:32:02.632+0000][1432.461s][info ][safepoint     ] Entering safepoint region: Cleanup
[2024-09-04T12:32:02.633+0000][1432.461s][info ][safepoint     ] Leaving safepoint region
[2024-09-04T12:32:02.633+0000][1432.461s][info ][safepoint     ] Total time for which application threads were stopped: 0.0005859 seconds, Stopping threads took: 0.0001525 seconds
[2024-09-04T12:32:03.633+0000][1433.462s][debug][safepoint     ] Safepoint synchronization initiated. (272 threads)
[2024-09-04T12:32:03.633+0000][1433.462s][info ][safepoint     ] Application time: 1.0002296 seconds
[2024-09-04T12:32:03.633+0000][1433.462s][info ][safepoint     ] Entering safepoint region: Cleanup
[2024-09-04T12:32:03.634+0000][1433.462s][info ][safepoint     ] Leaving safepoint region
[2024-09-04T12:32:03.634+0000][1433.463s][info ][safepoint     ] Total time for which application threads were stopped: 0.0008193 seconds, Stopping threads took: 0.0002161 seconds
[2024-09-04T12:32:04.634+0000][1434.463s][debug][safepoint     ] Safepoint synchronization initiated. (272 threads)
[2024-09-04T12:32:04.634+0000][1434.463s][info ][safepoint     ] Application time: 1.0002367 seconds
[2024-09-04T12:32:04.634+0000][1434.463s][info ][safepoint     ] Entering safepoint region: Cleanup
[2024-09-04T12:32:04.635+0000][1434.464s][info ][safepoint     ] Leaving safepoint region
[2024-09-04T12:32:04.635+0000][1434.464s][info ][safepoint     ] Total time for which application threads were stopped: 0.0008940 seconds, Stopping threads took: 0.0003155 seconds
[2024-09-04T12:32:04.635+0000][1434.464s][debug][safepoint     ] ... found polling page loop exception at pc = 0x00007ff4a1317510, stub =0x00007ff498826680
[2024-09-04T12:32:04.635+0000][1434.464s][debug][safepoint     ] ... found polling page return exception at pc = 0x00007ff4a131ffd6, stub =0x00007ff498824b00
[2024-09-04T12:32:05.635+0000][1435.464s][debug][safepoint     ] Safepoint synchronization initiated. (272 threads)
[2024-09-04T12:32:05.635+0000][1435.464s][info ][safepoint     ] Application time: 1.0003202 seconds
[2024-09-04T12:32:05.636+0000][1435.464s][info ][safepoint     ] Entering safepoint region: Cleanup
[2024-09-04T12:32:05.636+0000][1435.465s][info ][safepoint     ] Leaving safepoint region
[2024-09-04T12:32:05.636+0000][1435.465s][info ][safepoint     ] Total time for which application threads were stopped: 0.0008817 seconds, Stopping threads took: 0.0002343 seconds
[2024-09-04T12:32:06.636+0000][1436.465s][debug][safepoint     ] Safepoint synchronization initiated. (272 threads)
[2024-09-04T12:32:06.636+0000][1436.465s][info ][safepoint     ] Application time: 1.0002110 seconds
[2024-09-04T12:32:06.637+0000][1436.465s][info ][safepoint     ] Entering safepoint region: Cleanup
[2024-09-04T12:32:06.637+0000][1436.466s][info ][safepoint     ] Leaving safepoint region
[2024-09-04T12:32:06.637+0000][1436.466s][info ][safepoint     ] Total time for which application threads were stopped: 0.0007616 seconds, Stopping threads took: 0.0002257 seconds
[2024-09-04T12:32:07.638+0000][1437.466s][debug][safepoint     ] Safepoint synchronization initiated. (272 threads)
[2024-09-04T12:32:07.638+0000][1437.466s][info ][safepoint     ] Application time: 1.0003035 seconds
[2024-09-04T12:32:07.638+0000][1437.466s][info ][safepoint     ] Entering safepoint region: Cleanup
[2024-09-04T12:32:07.638+0000][1437.467s][info ][safepoint     ] Leaving safepoint region
[2024-09-04T12:32:07.638+0000][1437.467s][info ][safepoint     ] Total time for which application threads were stopped: 0.0007462 seconds, Stopping threads took: 0.0001821 seconds
[2024-09-04T12:32:08.639+0000][1438.467s][debug][safepoint     ] Safepoint synchronization initiated. (272 threads)
[2024-09-04T12:32:08.639+0000][1438.467s][info ][safepoint     ] Application time: 1.0002942 seconds
[2024-09-04T12:32:08.639+0000][1438.468s][info ][safepoint     ] Entering safepoint region: Cleanup
[2024-09-04T12:32:08.639+0000][1438.468s][info ][safepoint     ] Leaving safepoint region
[2024-09-04T12:32:08.640+0000][1438.468s][info ][safepoint     ] Total time for which application threads were stopped: 0.0008724 seconds, Stopping threads took: 0.0003088 seconds
[2024-09-04T12:32:09.640+0000][1439.469s][debug][safepoint     ] Safepoint synchronization initiated. (272 threads)
[2024-09-04T12:32:09.640+0000][1439.469s][info ][safepoint     ] Application time: 1.0003497 seconds
[2024-09-04T12:32:09.640+0000][1439.469s][info ][safepoint     ] Entering safepoint region: Cleanup
[2024-09-04T12:32:09.641+0000][1439.470s][info ][safepoint     ] Leaving safepoint region
[2024-09-04T12:32:09.641+0000][1439.470s][info ][safepoint     ] Total time for which application threads were stopped: 0.0010088 seconds, Stopping threads took: 0.0002399 seconds
[2024-09-04T12:32:10.641+0000][1440.470s][debug][safepoint     ] Safepoint synchronization initiated. (272 threads)
[2024-09-04T12:32:10.641+0000][1440.470s][info ][safepoint     ] Application time: 1.0002213 seconds
[2024-09-04T12:32:10.641+0000][1440.470s][info ][safepoint     ] Entering safepoint region: Cleanup
[2024-09-04T12:32:10.642+0000][1440.471s][info ][safepoint     ] Leaving safepoint region
[2024-09-04T12:32:10.642+0000][1440.471s][info ][safepoint     ] Total time for which application threads were stopped: 0.0007951 seconds, Stopping threads took: 0.0002351 seconds
[2024-09-04T12:32:11.642+0000][1441.471s][debug][safepoint     ] Safepoint synchronization initiated. (272 threads)
[2024-09-04T12:32:11.642+0000][1441.471s][info ][safepoint     ] Application time: 1.0001952 seconds
[2024-09-04T12:32:11.642+0000][1441.471s][info ][safepoint     ] Entering safepoint region: Cleanup
[2024-09-04T12:32:11.643+0000][1441.472s][info ][safepoint     ] Leaving safepoint region
[2024-09-04T12:32:11.643+0000][1441.472s][info ][safepoint     ] Total time for which application threads were stopped: 0.0008238 seconds, Stopping threads took: 0.0001864 seconds
[2024-09-04T12:32:12.643+0000][1442.472s][debug][safepoint     ] Safepoint synchronization initiated. (272 threads)
[2024-09-04T12:32:12.643+0000][1442.472s][info ][safepoint     ] Application time: 1.0002960 seconds
[2024-09-04T12:32:12.644+0000][1442.472s][info ][safepoint     ] Entering safepoint region: Cleanup
[2024-09-04T12:32:12.644+0000][1442.473s][info ][safepoint     ] Leaving safepoint region
[2024-09-04T12:32:12.644+0000][1442.473s][info ][safepoint     ] Total time for which application threads were stopped: 0.0009110 seconds, Stopping threads took: 0.0002595 seconds
[2024-09-04T12:32:13.645+0000][1443.473s][debug][safepoint     ] Safepoint synchronization initiated. (272 threads)
[2024-09-04T12:32:13.645+0000][1443.473s][info ][safepoint     ] Application time: 1.0002627 seconds
[2024-09-04T12:32:13.645+0000][1443.474s][info ][safepoint     ] Entering safepoint region: Cleanup
[2024-09-04T12:32:13.645+0000][1443.474s][info ][safepoint     ] Leaving safepoint region
[2024-09-04T12:32:13.645+0000][1443.474s][info ][safepoint     ] Total time for which application threads were stopped: 0.0007684 seconds, Stopping threads took: 0.0002098 seconds
[2024-09-04T12:32:14.646+0000][1444.474s][debug][safepoint     ] Safepoint synchronization initiated. (272 threads)
[2024-09-04T12:32:14.646+0000][1444.475s][info ][safepoint     ] Application time: 1.0004041 seconds
[2024-09-04T12:32:14.646+0000][1444.475s][info ][safepoint     ] Entering safepoint region: Cleanup
[2024-09-04T12:32:14.647+0000][1444.475s][info ][safepoint     ] Leaving safepoint region
[2024-09-04T12:32:14.647+0000][1444.476s][info ][safepoint     ] Total time for which application threads were stopped: 0.0009237 seconds, Stopping threads took: 0.0002439 seconds
[2024-09-04T12:32:15.647+0000][1445.476s][debug][safepoint     ] Safepoint synchronization initiated. (272 threads)
[2024-09-04T12:32:15.647+0000][1445.476s][info ][safepoint     ] Application time: 1.0004762 seconds
[2024-09-04T12:32:15.648+0000][1445.476s][info ][safepoint     ] Entering safepoint region: Cleanup
[2024-09-04T12:32:15.648+0000][1445.477s][info ][safepoint     ] Leaving safepoint region
[2024-09-04T12:32:15.648+0000][1445.477s][info ][safepoint     ] Total time for which application threads were stopped: 0.0009675 seconds, Stopping threads took: 0.0002211 seconds
[2024-09-04T12:32:16.648+0000][1446.477s][debug][safepoint     ] Safepoint synchronization initiated. (272 threads)
[2024-09-04T12:32:16.649+0000][1446.477s][info ][safepoint     ] Application time: 1.0001879 seconds
[2024-09-04T12:32:16.649+0000][1446.477s][info ][safepoint     ] Entering safepoint region: Cleanup
[2024-09-04T12:32:16.649+0000][1446.478s][info ][safepoint     ] Leaving safepoint region
[2024-09-04T12:32:16.649+0000][1446.478s][info ][safepoint     ] Total time for which application threads were stopped: 0.0009147 seconds, Stopping threads took: 0.0002276 seconds
[2024-09-04T12:32:17.650+0000][1447.478s][debug][safepoint     ] Safepoint synchronization initiated. (272 threads)
[2024-09-04T12:32:17.650+0000][1447.478s][info ][safepoint     ] Application time: 1.0002092 seconds
[2024-09-04T12:32:17.650+0000][1447.479s][debug][safepoint     ] ... found polling page loop exception at pc = 0x00007ff4a12b1077, stub =0x00007ff498826680
[2024-09-04T12:32:17.650+0000][1447.479s][debug][safepoint     ] Waiting for 2 thread(s) to block
[2024-09-04T12:32:17.650+0000][1447.479s][info ][safepoint     ] Entering safepoint region: Cleanup
[2024-09-04T12:32:17.651+0000][1447.480s][debug][safepoint     ] ... found polling page return exception at pc = 0x00007ff4a131ffd6, stub =0x00007ff498824b00
[2024-09-04T12:32:17.651+0000][1447.480s][info ][safepoint     ] Leaving safepoint region
[2024-09-04T12:32:17.651+0000][1447.480s][debug][safepoint     ] ... found polling page return exception at pc = 0x00007ff4a131ffd6, stub =0x00007ff498824b00
[2024-09-04T12:32:17.651+0000][1447.480s][info ][safepoint     ] Total time for which application threads were stopped: 0.0012316 seconds, Stopping threads took: 0.0006188 seconds
[2024-09-04T12:32:18.652+0000][1448.480s][debug][safepoint     ] Safepoint synchronization initiated. (272 threads)
[2024-09-04T12:32:18.652+0000][1448.480s][info ][safepoint     ] Application time: 1.0002949 seconds
[2024-09-04T12:32:18.652+0000][1448.481s][info ][safepoint     ] Entering safepoint region: Cleanup
[2024-09-04T12:32:18.653+0000][1448.481s][info ][safepoint     ] Leaving safepoint region
[2024-09-04T12:32:18.653+0000][1448.481s][info ][safepoint     ] Total time for which application threads were stopped: 0.0009719 seconds, Stopping threads took: 0.0002171 seconds
[2024-09-04T12:32:19.653+0000][1449.482s][debug][safepoint     ] Safepoint synchronization initiated. (272 threads)
[2024-09-04T12:32:19.653+0000][1449.482s][info ][safepoint     ] Application time: 1.0002983 seconds
[2024-09-04T12:32:19.653+0000][1449.482s][info ][safepoint     ] Entering safepoint region: Cleanup
[2024-09-04T12:32:19.654+0000][1449.483s][info ][safepoint     ] Leaving safepoint region
[2024-09-04T12:32:19.654+0000][1449.483s][info ][safepoint     ] Total time for which application threads were stopped: 0.0010421 seconds, Stopping threads took: 0.0002785 seconds
[2024-09-04T12:32:20.654+0000][1450.483s][debug][safepoint     ] Safepoint synchronization initiated. (272 threads)
[2024-09-04T12:32:20.654+0000][1450.483s][info ][safepoint     ] Application time: 1.0001605 seconds
[2024-09-04T12:32:20.654+0000][1450.483s][debug][safepoint     ] ... found polling page return exception at pc = 0x00007ff4a13a5f6e, stub =0x00007ff498824b00
[2024-09-04T12:32:20.654+0000][1450.483s][debug][safepoint     ] Waiting for 1 thread(s) to block
[2024-09-04T12:32:20.654+0000][1450.483s][info ][safepoint     ] Entering safepoint region: Cleanup
[2024-09-04T12:32:20.655+0000][1450.484s][info ][safepoint     ] Leaving safepoint region
[2024-09-04T12:32:20.655+0000][1450.484s][info ][safepoint     ] Total time for which application threads were stopped: 0.0006587 seconds, Stopping threads took: 0.0002546 seconds
[2024-09-04T12:32:21.655+0000][1451.484s][debug][safepoint     ] Safepoint synchronization initiated. (272 threads)
[2024-09-04T12:32:21.655+0000][1451.484s][info ][safepoint     ] Application time: 1.0002917 seconds
[2024-09-04T12:32:21.655+0000][1451.484s][info ][safepoint     ] Entering safepoint region: Cleanup
[2024-09-04T12:32:21.656+0000][1451.485s][info ][safepoint     ] Leaving safepoint region
[2024-09-04T12:32:21.656+0000][1451.485s][info ][safepoint     ] Total time for which application threads were stopped: 0.0008908 seconds, Stopping threads took: 0.0002292 seconds
[2024-09-04T12:32:22.656+0000][1452.485s][debug][safepoint     ] Safepoint synchronization initiated. (272 threads)
[2024-09-04T12:32:22.656+0000][1452.485s][info ][safepoint     ] Application time: 1.0001956 seconds
[2024-09-04T12:32:22.656+0000][1452.485s][info ][safepoint     ] Entering safepoint region: Cleanup
[2024-09-04T12:32:22.657+0000][1452.486s][info ][safepoint     ] Leaving safepoint region
[2024-09-04T12:32:22.657+0000][1452.486s][info ][safepoint     ] Total time for which application threads were stopped: 0.0005200 seconds, Stopping threads took: 0.0001460 seconds
[2024-09-04T12:32:22.671+0000][1452.499s][debug][safepoint     ] Safepoint synchronization initiated. (272 threads)
[2024-09-04T12:32:22.671+0000][1452.499s][info ][safepoint     ] Application time: 0.0138530 seconds
[2024-09-04T12:32:22.671+0000][1452.500s][debug][safepoint     ] ... found polling page return exception at pc = 0x00007ff4a110aec3, stub =0x00007ff498824b00
[2024-09-04T12:32:22.671+0000][1452.500s][debug][safepoint     ] Waiting for 1 thread(s) to block
[2024-09-04T12:32:22.671+0000][1452.500s][info ][safepoint     ] Entering safepoint region: G1CollectForAllocation
[2024-09-04T12:32:22.671+0000][1452.500s][info ][gc,start      ] GC(121) Pause Young (Normal) (G1 Evacuation Pause)
[2024-09-04T12:32:22.671+0000][1452.500s][info ][gc,task       ] GC(121) Using 4 workers of 4 for evacuation
[2024-09-04T12:32:22.681+0000][1452.510s][info ][gc,phases     ] GC(121)   Pre Evacuate Collection Set: 0.0ms
[2024-09-04T12:32:22.681+0000][1452.510s][info ][gc,phases     ] GC(121)   Evacuate Collection Set: 4.6ms
[2024-09-04T12:32:22.681+0000][1452.510s][info ][gc,phases     ] GC(121)   Post Evacuate Collection Set: 4.8ms
[2024-09-04T12:32:22.681+0000][1452.510s][info ][gc,phases     ] GC(121)   Other: 0.5ms
[2024-09-04T12:32:22.681+0000][1452.510s][info ][gc,heap       ] GC(121) Eden regions: 186->0(188)
[2024-09-04T12:32:22.681+0000][1452.510s][info ][gc,heap       ] GC(121) Survivor regions: 4->3(24)
[2024-09-04T12:32:22.681+0000][1452.510s][info ][gc,heap       ] GC(121) Old regions: 176->176
[2024-09-04T12:32:22.681+0000][1452.510s][info ][gc,heap       ] GC(121) Humongous regions: 0->0
[2024-09-04T12:32:22.681+0000][1452.510s][info ][gc,metaspace  ] GC(121) Metaspace: 183750K(189808K)->183750K(189808K) NonClass: 162676K(166356K)->162676K(166356K) Class: 21074K(23452K)->21074K(23452K)
[2024-09-04T12:32:22.681+0000][1452.510s][info ][gc            ] GC(121) Pause Young (Normal) (G1 Evacuation Pause) 363M->176M(412M) 10.143ms
[2024-09-04T12:32:22.681+0000][1452.510s][info ][gc,cpu        ] GC(121) User=0.03s Sys=0.00s Real=0.00s
[2024-09-04T12:32:22.682+0000][1452.510s][info ][safepoint     ] Leaving safepoint region
[2024-09-04T12:32:22.682+0000][1452.510s][info ][safepoint     ] Total time for which application threads were stopped: 0.0107866 seconds, Stopping threads took: 0.0001846 seconds
[2024-09-04T12:32:22.682+0000][1452.510s][info ][gc,stringdedup] Concurrent String Deduplication (1452.510s)
[2024-09-04T12:32:22.682+0000][1452.510s][info ][gc,stringdedup] Concurrent String Deduplication 0.0B->0.0B(0.0B) avg 55.1% (1452.510s, 1452.510s) 0.036ms
[2024-09-04T12:32:23.682+0000][1453.510s][debug][safepoint     ] Safepoint synchronization initiated. (272 threads)
[2024-09-04T12:32:23.682+0000][1453.511s][info ][safepoint     ] Application time: 1.0002092 seconds
[2024-09-04T12:32:23.682+0000][1453.511s][info ][safepoint     ] Entering safepoint region: Cleanup
[2024-09-04T12:32:23.682+0000][1453.511s][info ][safepoint     ] Leaving safepoint region
[2024-09-04T12:32:23.682+0000][1453.511s][info ][safepoint     ] Total time for which application threads were stopped: 0.0006414 seconds, Stopping threads took: 0.0001659 seconds
[2024-09-04T12:32:24.683+0000][1454.511s][debug][safepoint     ] Safepoint synchronization initiated. (272 threads)
[2024-09-04T12:32:24.683+0000][1454.511s][info ][safepoint     ] Application time: 1.0002973 seconds
[2024-09-04T12:32:24.683+0000][1454.512s][info ][safepoint     ] Entering safepoint region: Cleanup
[2024-09-04T12:32:24.684+0000][1454.512s][info ][safepoint     ] Leaving safepoint region
[2024-09-04T12:32:24.684+0000][1454.512s][info ][safepoint     ] Total time for which application threads were stopped: 0.0009308 seconds, Stopping threads took: 0.0002079 seconds
[2024-09-04T12:32:25.684+0000][1455.513s][debug][safepoint     ] Safepoint synchronization initiated. (272 threads)
[2024-09-04T12:32:25.684+0000][1455.513s][info ][safepoint     ] Application time: 1.0003418 seconds
[2024-09-04T12:32:25.684+0000][1455.513s][info ][safepoint     ] Entering safepoint region: Cleanup
[2024-09-04T12:32:25.685+0000][1455.514s][info ][safepoint     ] Leaving safepoint region
[2024-09-04T12:32:25.685+0000][1455.514s][debug][safepoint     ] ... found polling page return exception at pc = 0x00007ff4a131ffd6, stub =0x00007ff498824b00
[2024-09-04T12:32:25.685+0000][1455.514s][debug][safepoint     ] ... found polling page loop exception at pc = 0x00007ff4a1317510, stub =0x00007ff498826680
[2024-09-04T12:32:25.685+0000][1455.514s][debug][safepoint     ] ... found polling page return exception at pc = 0x00007ff4a131ffd6, stub =0x00007ff498824b00
[2024-09-04T12:32:25.685+0000][1455.514s][info ][safepoint     ] Total time for which application threads were stopped: 0.0009559 seconds, Stopping threads took: 0.0002617 seconds
[2024-09-04T12:32:26.686+0000][1456.514s][debug][safepoint     ] Safepoint synchronization initiated. (272 threads)
[2024-09-04T12:32:26.686+0000][1456.515s][info ][safepoint     ] Application time: 1.0002699 seconds
[2024-09-04T12:32:26.686+0000][1456.515s][info ][safepoint     ] Entering safepoint region: Cleanup
[2024-09-04T12:32:26.687+0000][1456.515s][info ][safepoint     ] Leaving safepoint region
[2024-09-04T12:32:26.687+0000][1456.516s][info ][safepoint     ] Total time for which application threads were stopped: 0.0009515 seconds, Stopping threads took: 0.0002211 seconds
[2024-09-04T12:32:27.687+0000][1457.516s][debug][safepoint     ] Safepoint synchronization initiated. (272 threads)
[2024-09-04T12:32:27.687+0000][1457.516s][info ][safepoint     ] Application time: 1.0003162 seconds
[2024-09-04T12:32:27.688+0000][1457.516s][info ][safepoint     ] Entering safepoint region: Cleanup
[2024-09-04T12:32:27.688+0000][1457.517s][info ][safepoint     ] Leaving safepoint region
[2024-09-04T12:32:27.688+0000][1457.517s][info ][safepoint     ] Total time for which application threads were stopped: 0.0012301 seconds, Stopping threads took: 0.0004161 seconds
[2024-09-04T12:32:27.688+0000][1457.517s][debug][safepoint     ] ... found polling page return exception at pc = 0x00007ff4a131ffd6, stub =0x00007ff498824b00
[2024-09-04T12:32:27.688+0000][1457.517s][debug][safepoint     ] ... found polling page return exception at pc = 0x00007ff4a131ffd6, stub =0x00007ff498824b00
[2024-09-04T12:32:28.689+0000][1458.517s][debug][safepoint     ] Safepoint synchronization initiated. (272 threads)
[2024-09-04T12:32:28.689+0000][1458.517s][info ][safepoint     ] Application time: 1.0002491 seconds
[2024-09-04T12:32:28.689+0000][1458.518s][info ][safepoint     ] Entering safepoint region: Cleanup
[2024-09-04T12:32:28.689+0000][1458.518s][info ][safepoint     ] Leaving safepoint region
[2024-09-04T12:32:28.689+0000][1458.518s][info ][safepoint     ] Total time for which application threads were stopped: 0.0006444 seconds, Stopping threads took: 0.0002040 seconds
[2024-09-04T12:32:29.690+0000][1459.518s][debug][safepoint     ] Safepoint synchronization initiated. (272 threads)
[2024-09-04T12:32:29.690+0000][1459.518s][info ][safepoint     ] Application time: 1.0003639 seconds
[2024-09-04T12:32:29.690+0000][1459.519s][info ][safepoint     ] Entering safepoint region: Cleanup
[2024-09-04T12:32:29.691+0000][1459.519s][info ][safepoint     ] Leaving safepoint region
[2024-09-04T12:32:29.691+0000][1459.519s][info ][safepoint     ] Total time for which application threads were stopped: 0.0008157 seconds, Stopping threads took: 0.0002232 seconds
[2024-09-04T12:32:30.691+0000][1460.520s][debug][safepoint     ] Safepoint synchronization initiated. (272 threads)
[2024-09-04T12:32:30.691+0000][1460.520s][info ][safepoint     ] Application time: 1.0002960 seconds
[2024-09-04T12:32:30.691+0000][1460.520s][debug][safepoint     ] ... found polling page loop exception at pc = 0x00007ff4a140776a, stub =0x00007ff498826680
[2024-09-04T12:32:30.691+0000][1460.520s][debug][safepoint     ] Waiting for 1 thread(s) to block
[2024-09-04T12:32:30.692+0000][1460.520s][info ][safepoint     ] Entering safepoint region: Cleanup
[2024-09-04T12:32:30.692+0000][1460.521s][info ][safepoint     ] Leaving safepoint region
[2024-09-04T12:32:30.692+0000][1460.521s][info ][safepoint     ] Total time for which application threads were stopped: 0.0012254 seconds, Stopping threads took: 0.0006544 seconds
[2024-09-04T12:32:31.692+0000][1461.521s][debug][safepoint     ] Safepoint synchronization initiated. (272 threads)
[2024-09-04T12:32:31.692+0000][1461.521s][info ][safepoint     ] Application time: 1.0002853 seconds
[2024-09-04T12:32:31.693+0000][1461.521s][info ][safepoint     ] Entering safepoint region: Cleanup
[2024-09-04T12:32:31.693+0000][1461.522s][info ][safepoint     ] Leaving safepoint region
[2024-09-04T12:32:31.693+0000][1461.522s][info ][safepoint     ] Total time for which application threads were stopped: 0.0006078 seconds, Stopping threads took: 0.0001818 seconds
[2024-09-04T12:32:32.693+0000][1462.522s][debug][safepoint     ] Safepoint synchronization initiated. (272 threads)
[2024-09-04T12:32:32.693+0000][1462.522s][info ][safepoint     ] Application time: 1.0002244 seconds
[2024-09-04T12:32:32.694+0000][1462.522s][info ][safepoint     ] Entering safepoint region: Cleanup
[2024-09-04T12:32:32.694+0000][1462.523s][info ][safepoint     ] Leaving safepoint region
[2024-09-04T12:32:32.694+0000][1462.523s][info ][safepoint     ] Total time for which application threads were stopped: 0.0010175 seconds, Stopping threads took: 0.0002882 seconds
[2024-09-04T12:32:33.695+0000][1463.523s][debug][safepoint     ] Safepoint synchronization initiated. (272 threads)
[2024-09-04T12:32:33.695+0000][1463.523s][info ][safepoint     ] Application time: 1.0002500 seconds
[2024-09-04T12:32:33.696+0000][1463.525s][info ][safepoint     ] Entering safepoint region: Cleanup
[2024-09-04T12:32:33.696+0000][1463.525s][info ][safepoint     ] Leaving safepoint region
[2024-09-04T12:32:33.696+0000][1463.525s][info ][safepoint     ] Total time for which application threads were stopped: 0.0018224 seconds, Stopping threads took: 0.0013206 seconds
[2024-09-04T12:32:34.697+0000][1464.525s][debug][safepoint     ] Safepoint synchronization initiated. (272 threads)
[2024-09-04T12:32:34.697+0000][1464.526s][info ][safepoint     ] Application time: 1.0002744 seconds
[2024-09-04T12:32:34.697+0000][1464.526s][info ][safepoint     ] Entering safepoint region: Cleanup
[2024-09-04T12:32:34.697+0000][1464.526s][info ][safepoint     ] Leaving safepoint region
[2024-09-04T12:32:34.698+0000][1464.526s][info ][safepoint     ] Total time for which application threads were stopped: 0.0007201 seconds, Stopping threads took: 0.0001910 seconds
[2024-09-04T12:32:35.698+0000][1465.526s][debug][safepoint     ] Safepoint synchronization initiated. (272 threads)
[2024-09-04T12:32:35.698+0000][1465.527s][info ][safepoint     ] Application time: 1.0002008 seconds
[2024-09-04T12:32:35.698+0000][1465.527s][info ][safepoint     ] Entering safepoint region: Cleanup
[2024-09-04T12:32:35.699+0000][1465.528s][info ][safepoint     ] Leaving safepoint region
[2024-09-04T12:32:35.699+0000][1465.528s][info ][safepoint     ] Total time for which application threads were stopped: 0.0012100 seconds, Stopping threads took: 0.0004467 seconds
[2024-09-04T12:32:36.699+0000][1466.528s][debug][safepoint     ] Safepoint synchronization initiated. (272 threads)
[2024-09-04T12:32:36.699+0000][1466.528s][info ][safepoint     ] Application time: 1.0002206 seconds
[2024-09-04T12:32:36.699+0000][1466.528s][info ][safepoint     ] Entering safepoint region: Cleanup
[2024-09-04T12:32:36.700+0000][1466.529s][info ][safepoint     ] Leaving safepoint region
[2024-09-04T12:32:36.700+0000][1466.529s][info ][safepoint     ] Total time for which application threads were stopped: 0.0008765 seconds, Stopping threads took: 0.0001792 seconds
[2024-09-04T12:32:37.700+0000][1467.529s][debug][safepoint     ] Safepoint synchronization initiated. (272 threads)
[2024-09-04T12:32:37.700+0000][1467.529s][info ][safepoint     ] Application time: 1.0002478 seconds
[2024-09-04T12:32:37.701+0000][1467.530s][info ][safepoint     ] Entering safepoint region: Cleanup
[2024-09-04T12:32:37.702+0000][1467.530s][info ][safepoint     ] Leaving safepoint region
[2024-09-04T12:32:37.702+0000][1467.530s][info ][safepoint     ] Total time for which application threads were stopped: 0.0012937 seconds, Stopping threads took: 0.0005647 seconds
[2024-09-04T12:32:38.702+0000][1468.531s][debug][safepoint     ] Safepoint synchronization initiated. (272 threads)
[2024-09-04T12:32:38.702+0000][1468.531s][info ][safepoint     ] Application time: 1.0002462 seconds
[2024-09-04T12:32:38.702+0000][1468.531s][info ][safepoint     ] Entering safepoint region: Cleanup
[2024-09-04T12:32:38.703+0000][1468.532s][info ][safepoint     ] Leaving safepoint region
[2024-09-04T12:32:38.703+0000][1468.532s][info ][safepoint     ] Total time for which application threads were stopped: 0.0009802 seconds, Stopping threads took: 0.0003672 seconds
[2024-09-04T12:32:39.703+0000][1469.532s][debug][safepoint     ] Safepoint synchronization initiated. (272 threads)
[2024-09-04T12:32:39.703+0000][1469.532s][info ][safepoint     ] Application time: 1.0002903 seconds
[2024-09-04T12:32:39.704+0000][1469.532s][info ][safepoint     ] Entering safepoint region: Cleanup
[2024-09-04T12:32:39.704+0000][1469.533s][info ][safepoint     ] Leaving safepoint region
[2024-09-04T12:32:39.704+0000][1469.533s][info ][safepoint     ] Total time for which application threads were stopped: 0.0008579 seconds, Stopping threads took: 0.0002103 seconds
[2024-09-04T12:32:40.704+0000][1470.533s][debug][safepoint     ] Safepoint synchronization initiated. (272 threads)
[2024-09-04T12:32:40.705+0000][1470.533s][info ][safepoint     ] Application time: 1.0003107 seconds
[2024-09-04T12:32:40.705+0000][1470.534s][debug][safepoint     ] ... found polling page return exception at pc = 0x00007ff4a03b2d78, stub =0x00007ff498824b00
[2024-09-04T12:32:40.705+0000][1470.534s][debug][safepoint     ] Waiting for 1 thread(s) to block
[2024-09-04T12:32:40.705+0000][1470.534s][info ][safepoint     ] Entering safepoint region: Cleanup
[2024-09-04T12:32:40.706+0000][1470.535s][info ][safepoint     ] Leaving safepoint region
[2024-09-04T12:32:40.706+0000][1470.535s][info ][safepoint     ] Total time for which application threads were stopped: 0.0013063 seconds, Stopping threads took: 0.0006823 seconds
[2024-09-04T12:32:41.706+0000][1471.535s][debug][safepoint     ] Safepoint synchronization initiated. (272 threads)
[2024-09-04T12:32:41.706+0000][1471.535s][info ][safepoint     ] Application time: 1.0002494 seconds
[2024-09-04T12:32:41.706+0000][1471.535s][debug][safepoint     ] ... found polling page loop exception at pc = 0x00007ff4a09f95f2, stub =0x00007ff498826680
[2024-09-04T12:32:41.706+0000][1471.535s][debug][safepoint     ] Waiting for 1 thread(s) to block
[2024-09-04T12:32:41.707+0000][1471.535s][info ][safepoint     ] Entering safepoint region: Cleanup
[2024-09-04T12:32:41.707+0000][1471.536s][info ][safepoint     ] Leaving safepoint region
[2024-09-04T12:32:41.707+0000][1471.536s][info ][safepoint     ] Total time for which application threads were stopped: 0.0010764 seconds, Stopping threads took: 0.0005086 seconds
[2024-09-04T12:32:42.707+0000][1472.536s][debug][safepoint     ] Safepoint synchronization initiated. (272 threads)
[2024-09-04T12:32:42.708+0000][1472.536s][info ][safepoint     ] Application time: 1.0002459 seconds
[2024-09-04T12:32:42.708+0000][1472.536s][debug][safepoint     ] ... found polling page return exception at pc = 0x00007ff4a06bddee, stub =0x00007ff498824b00
[2024-09-04T12:32:42.708+0000][1472.537s][debug][safepoint     ] Waiting for 1 thread(s) to block
[2024-09-04T12:32:42.708+0000][1472.537s][info ][safepoint     ] Entering safepoint region: Cleanup
[2024-09-04T12:32:42.708+0000][1472.537s][info ][safepoint     ] Leaving safepoint region
[2024-09-04T12:32:42.708+0000][1472.537s][info ][safepoint     ] Total time for which application threads were stopped: 0.0009080 seconds, Stopping threads took: 0.0004236 seconds
[2024-09-04T12:32:43.709+0000][1473.537s][debug][safepoint     ] Safepoint synchronization initiated. (272 threads)
[2024-09-04T12:32:43.709+0000][1473.537s][info ][safepoint     ] Application time: 1.0002158 seconds
[2024-09-04T12:32:43.709+0000][1473.538s][info ][safepoint     ] Entering safepoint region: Cleanup
[2024-09-04T12:32:43.709+0000][1473.538s][info ][safepoint     ] Leaving safepoint region
[2024-09-04T12:32:43.710+0000][1473.538s][info ][safepoint     ] Total time for which application threads were stopped: 0.0007781 seconds, Stopping threads took: 0.0002418 seconds
[2024-09-04T12:32:44.710+0000][1474.539s][debug][safepoint     ] Safepoint synchronization initiated. (272 threads)
[2024-09-04T12:32:44.710+0000][1474.539s][info ][safepoint     ] Application time: 1.0005111 seconds
[2024-09-04T12:32:44.710+0000][1474.539s][info ][safepoint     ] Entering safepoint region: Cleanup
[2024-09-04T12:32:44.711+0000][1474.540s][info ][safepoint     ] Leaving safepoint region
[2024-09-04T12:32:44.711+0000][1474.540s][info ][safepoint     ] Total time for which application threads were stopped: 0.0009339 seconds, Stopping threads took: 0.0003049 seconds
[2024-09-04T12:32:45.711+0000][1475.540s][debug][safepoint     ] Safepoint synchronization initiated. (272 threads)
[2024-09-04T12:32:45.711+0000][1475.540s][info ][safepoint     ] Application time: 1.0003127 seconds
[2024-09-04T12:32:45.712+0000][1475.540s][info ][safepoint     ] Entering safepoint region: Cleanup
[2024-09-04T12:32:45.712+0000][1475.541s][info ][safepoint     ] Leaving safepoint region
[2024-09-04T12:32:45.712+0000][1475.541s][info ][safepoint     ] Total time for which application threads were stopped: 0.0008607 seconds, Stopping threads took: 0.0002573 seconds
[2024-09-04T12:32:46.713+0000][1476.541s][debug][safepoint     ] Safepoint synchronization initiated. (272 threads)
[2024-09-04T12:32:46.713+0000][1476.541s][info ][safepoint     ] Application time: 1.0003000 seconds
[2024-09-04T12:32:46.713+0000][1476.542s][info ][safepoint     ] Entering safepoint region: Cleanup
[2024-09-04T12:32:46.713+0000][1476.542s][info ][safepoint     ] Leaving safepoint region
[2024-09-04T12:32:46.713+0000][1476.542s][info ][safepoint     ] Total time for which application threads were stopped: 0.0007807 seconds, Stopping threads took: 0.0002452 seconds
[2024-09-04T12:32:47.714+0000][1477.542s][debug][safepoint     ] Safepoint synchronization initiated. (272 threads)
[2024-09-04T12:32:47.714+0000][1477.542s][info ][safepoint     ] Application time: 1.0002070 seconds
[2024-09-04T12:32:47.714+0000][1477.543s][info ][safepoint     ] Entering safepoint region: Cleanup
[2024-09-04T12:32:47.714+0000][1477.543s][info ][safepoint     ] Leaving safepoint region
[2024-09-04T12:32:47.714+0000][1477.543s][info ][safepoint     ] Total time for which application threads were stopped: 0.0007024 seconds, Stopping threads took: 0.0001960 seconds
[2024-09-04T12:32:48.715+0000][1478.543s][debug][safepoint     ] Safepoint synchronization initiated. (272 threads)
[2024-09-04T12:32:48.715+0000][1478.544s][info ][safepoint     ] Application time: 1.0003985 seconds
[2024-09-04T12:32:48.715+0000][1478.544s][info ][safepoint     ] Entering safepoint region: Cleanup
[2024-09-04T12:32:48.716+0000][1478.544s][info ][safepoint     ] Leaving safepoint region
[2024-09-04T12:32:48.716+0000][1478.545s][info ][safepoint     ] Total time for which application threads were stopped: 0.0009361 seconds, Stopping threads took: 0.0002451 seconds
[2024-09-04T12:32:49.716+0000][1479.545s][debug][safepoint     ] Safepoint synchronization initiated. (272 threads)
[2024-09-04T12:32:49.716+0000][1479.545s][info ][safepoint     ] Application time: 1.0003180 seconds
[2024-09-04T12:32:49.716+0000][1479.545s][info ][safepoint     ] Entering safepoint region: Cleanup
[2024-09-04T12:32:49.717+0000][1479.546s][info ][safepoint     ] Leaving safepoint region
[2024-09-04T12:32:49.717+0000][1479.546s][info ][safepoint     ] Total time for which application threads were stopped: 0.0008407 seconds, Stopping threads took: 0.0002748 seconds
[2024-09-04T12:32:50.717+0000][1480.546s][debug][safepoint     ] Safepoint synchronization initiated. (272 threads)
[2024-09-04T12:32:50.717+0000][1480.546s][info ][safepoint     ] Application time: 1.0002810 seconds
[2024-09-04T12:32:50.718+0000][1480.546s][info ][safepoint     ] Entering safepoint region: Cleanup
[2024-09-04T12:32:50.718+0000][1480.547s][info ][safepoint     ] Leaving safepoint region
[2024-09-04T12:32:50.718+0000][1480.547s][debug][safepoint     ] ... found polling page return exception at pc = 0x00007ff4a131ffd6, stub =0x00007ff498824b00
[2024-09-04T12:32:50.718+0000][1480.547s][info ][safepoint     ] Total time for which application threads were stopped: 0.0008416 seconds, Stopping threads took: 0.0003019 seconds
[2024-09-04T12:32:50.718+0000][1480.547s][debug][safepoint     ] ... found polling page return exception at pc = 0x00007ff4a131ffd6, stub =0x00007ff498824b00
[2024-09-04T12:32:51.268+0000][1481.096s][debug][safepoint     ] Safepoint synchronization initiated. (272 threads)
[2024-09-04T12:32:51.268+0000][1481.097s][info ][safepoint     ] Application time: 0.5494038 seconds
[2024-09-04T12:32:51.269+0000][1481.098s][debug][safepoint     ] ... found polling page return exception at pc = 0x00007ff4a09c2674, stub =0x00007ff498824b00
[2024-09-04T12:32:51.269+0000][1481.098s][debug][safepoint     ] Waiting for 1 thread(s) to block
[2024-09-04T12:32:51.270+0000][1481.099s][info ][safepoint     ] Entering safepoint region: G1CollectForAllocation
[2024-09-04T12:32:51.271+0000][1481.100s][info ][gc,start      ] GC(122) Pause Young (Normal) (G1 Evacuation Pause)
[2024-09-04T12:32:51.271+0000][1481.100s][info ][gc,task       ] GC(122) Using 4 workers of 4 for evacuation
[2024-09-04T12:32:51.291+0000][1481.120s][info ][gc,phases     ] GC(122)   Pre Evacuate Collection Set: 0.2ms
[2024-09-04T12:32:51.291+0000][1481.120s][info ][gc,phases     ] GC(122)   Evacuate Collection Set: 9.6ms
[2024-09-04T12:32:51.291+0000][1481.120s][info ][gc,phases     ] GC(122)   Post Evacuate Collection Set: 9.7ms
[2024-09-04T12:32:51.291+0000][1481.120s][info ][gc,phases     ] GC(122)   Other: 0.8ms
[2024-09-04T12:32:51.291+0000][1481.120s][info ][gc,heap       ] GC(122) Eden regions: 188->0(188)
[2024-09-04T12:32:51.291+0000][1481.120s][info ][gc,heap       ] GC(122) Survivor regions: 3->2(24)
[2024-09-04T12:32:51.291+0000][1481.120s][info ][gc,heap       ] GC(122) Old regions: 176->178
[2024-09-04T12:32:51.291+0000][1481.120s][info ][gc,heap       ] GC(122) Humongous regions: 0->0
[2024-09-04T12:32:51.291+0000][1481.120s][info ][gc,metaspace  ] GC(122) Metaspace: 183799K(190064K)->183799K(190064K) NonClass: 162724K(166612K)->162724K(166612K) Class: 21074K(23452K)->21074K(23452K)
[2024-09-04T12:32:51.291+0000][1481.120s][info ][gc            ] GC(122) Pause Young (Normal) (G1 Evacuation Pause) 364M->177M(412M) 20.367ms
[2024-09-04T12:32:51.291+0000][1481.120s][info ][gc,cpu        ] GC(122) User=0.07s Sys=0.00s Real=0.02s
[2024-09-04T12:32:51.292+0000][1481.120s][info ][safepoint     ] Leaving safepoint region
[2024-09-04T12:32:51.292+0000][1481.120s][info ][safepoint     ] Total time for which application threads were stopped: 0.0230150 seconds, Stopping threads took: 0.0017622 seconds
[2024-09-04T12:32:51.292+0000][1481.120s][info ][gc,stringdedup] Concurrent String Deduplication (1481.120s)
[2024-09-04T12:32:51.292+0000][1481.121s][info ][gc,stringdedup] Concurrent String Deduplication 3160.0B->0.0B(3160.0B) avg 55.1% (1481.120s, 1481.120s) 0.092ms
[2024-09-04T12:32:52.292+0000][1482.121s][debug][safepoint     ] Safepoint synchronization initiated. (272 threads)
[2024-09-04T12:32:52.292+0000][1482.121s][info ][safepoint     ] Application time: 1.0004264 seconds
[2024-09-04T12:32:52.292+0000][1482.121s][info ][safepoint     ] Entering safepoint region: Cleanup
[2024-09-04T12:32:52.293+0000][1482.122s][info ][safepoint     ] Leaving safepoint region
[2024-09-04T12:32:52.293+0000][1482.122s][info ][safepoint     ] Total time for which application threads were stopped: 0.0010381 seconds, Stopping threads took: 0.0002272 seconds
[2024-09-04T12:32:53.293+0000][1483.122s][debug][safepoint     ] Safepoint synchronization initiated. (272 threads)
[2024-09-04T12:32:53.294+0000][1483.122s][info ][safepoint     ] Application time: 1.0004461 seconds
[2024-09-04T12:32:53.294+0000][1483.123s][info ][safepoint     ] Entering safepoint region: Cleanup
[2024-09-04T12:32:53.294+0000][1483.123s][info ][safepoint     ] Leaving safepoint region
[2024-09-04T12:32:53.295+0000][1483.123s][info ][safepoint     ] Total time for which application threads were stopped: 0.0009679 seconds, Stopping threads took: 0.0002612 seconds
[2024-09-04T12:32:54.295+0000][1484.124s][debug][safepoint     ] Safepoint synchronization initiated. (272 threads)
[2024-09-04T12:32:54.295+0000][1484.124s][info ][safepoint     ] Application time: 1.0002935 seconds
[2024-09-04T12:32:54.295+0000][1484.124s][info ][safepoint     ] Entering safepoint region: Cleanup
[2024-09-04T12:32:54.296+0000][1484.125s][info ][safepoint     ] Leaving safepoint region
[2024-09-04T12:32:54.296+0000][1484.125s][info ][safepoint     ] Total time for which application threads were stopped: 0.0008925 seconds, Stopping threads took: 0.0003270 seconds
[2024-09-04T12:32:54.296+0000][1484.125s][debug][safepoint     ] ... found polling page return exception at pc = 0x00007ff4a131ffd6, stub =0x00007ff498824b00
[2024-09-04T12:32:54.296+0000][1484.125s][debug][safepoint     ] ... found polling page return exception at pc = 0x00007ff4a131ffd6, stub =0x00007ff498824b00
[2024-09-04T12:32:54.296+0000][1484.125s][debug][safepoint     ] ... found polling page loop exception at pc = 0x00007ff4a1317510, stub =0x00007ff498826680
[2024-09-04T12:32:55.296+0000][1485.125s][debug][safepoint     ] Safepoint synchronization initiated. (272 threads)
[2024-09-04T12:32:55.296+0000][1485.125s][info ][safepoint     ] Application time: 1.0003329 seconds
[2024-09-04T12:32:55.296+0000][1485.125s][info ][safepoint     ] Entering safepoint region: Cleanup
[2024-09-04T12:32:55.297+0000][1485.126s][info ][safepoint     ] Leaving safepoint region
[2024-09-04T12:32:55.297+0000][1485.126s][info ][safepoint     ] Total time for which application threads were stopped: 0.0011851 seconds, Stopping threads took: 0.0002518 seconds
[2024-09-04T12:32:56.298+0000][1486.126s][debug][safepoint     ] Safepoint synchronization initiated. (272 threads)
[2024-09-04T12:32:56.298+0000][1486.126s][info ][safepoint     ] Application time: 1.0002054 seconds
[2024-09-04T12:32:56.298+0000][1486.127s][info ][safepoint     ] Entering safepoint region: Cleanup
[2024-09-04T12:32:56.299+0000][1486.127s][info ][safepoint     ] Leaving safepoint region
[2024-09-04T12:32:56.299+0000][1486.127s][info ][safepoint     ] Total time for which application threads were stopped: 0.0009461 seconds, Stopping threads took: 0.0001981 seconds
[2024-09-04T12:32:57.299+0000][1487.128s][debug][safepoint     ] Safepoint synchronization initiated. (272 threads)
[2024-09-04T12:32:57.299+0000][1487.128s][info ][safepoint     ] Application time: 1.0003428 seconds
[2024-09-04T12:32:57.299+0000][1487.128s][info ][safepoint     ] Entering safepoint region: Cleanup
[2024-09-04T12:32:57.300+0000][1487.129s][info ][safepoint     ] Leaving safepoint region
[2024-09-04T12:32:57.300+0000][1487.129s][info ][safepoint     ] Total time for which application threads were stopped: 0.0009083 seconds, Stopping threads took: 0.0002110 seconds
[2024-09-04T12:32:58.300+0000][1488.129s][debug][safepoint     ] Safepoint synchronization initiated. (272 threads)
[2024-09-04T12:32:58.300+0000][1488.129s][info ][safepoint     ] Application time: 1.0002302 seconds
[2024-09-04T12:32:58.300+0000][1488.129s][info ][safepoint     ] Entering safepoint region: Cleanup
[2024-09-04T12:32:58.301+0000][1488.130s][info ][safepoint     ] Leaving safepoint region
[2024-09-04T12:32:58.301+0000][1488.130s][info ][safepoint     ] Total time for which application threads were stopped: 0.0013269 seconds, Stopping threads took: 0.0002744 seconds
[2024-09-04T12:32:59.302+0000][1489.130s][debug][safepoint     ] Safepoint synchronization initiated. (272 threads)
[2024-09-04T12:32:59.302+0000][1489.131s][info ][safepoint     ] Application time: 1.0002679 seconds
[2024-09-04T12:32:59.302+0000][1489.131s][info ][safepoint     ] Entering safepoint region: Cleanup
[2024-09-04T12:32:59.303+0000][1489.131s][info ][safepoint     ] Leaving safepoint region
[2024-09-04T12:32:59.303+0000][1489.131s][info ][safepoint     ] Total time for which application threads were stopped: 0.0008492 seconds, Stopping threads took: 0.0002507 seconds
[2024-09-04T12:33:00.303+0000][1490.132s][debug][safepoint     ] Safepoint synchronization initiated. (272 threads)
[2024-09-04T12:33:00.303+0000][1490.132s][info ][safepoint     ] Application time: 1.0003408 seconds
[2024-09-04T12:33:00.303+0000][1490.132s][debug][safepoint     ] ... found polling page return exception at pc = 0x00007ff4a0980b01, stub =0x00007ff498824b00
[2024-09-04T12:33:00.303+0000][1490.132s][debug][safepoint     ] Waiting for 1 thread(s) to block
[2024-09-04T12:33:00.304+0000][1490.132s][info ][safepoint     ] Entering safepoint region: Cleanup
[2024-09-04T12:33:00.304+0000][1490.133s][debug][safepoint     ] ... found polling page return exception at pc = 0x00007ff4a131ffd6, stub =0x00007ff498824b00
[2024-09-04T12:33:00.304+0000][1490.133s][info ][safepoint     ] Leaving safepoint region
[2024-09-04T12:33:00.304+0000][1490.133s][debug][safepoint     ] ... found polling page return exception at pc = 0x00007ff4a131ffd6, stub =0x00007ff498824b00
[2024-09-04T12:33:00.304+0000][1490.133s][info ][safepoint     ] Total time for which application threads were stopped: 0.0011561 seconds, Stopping threads took: 0.0004978 seconds
[2024-09-04T12:33:00.304+0000][1490.133s][debug][safepoint     ] ... found polling page return exception at pc = 0x00007ff4a131ffd6, stub =0x00007ff498824b00
[2024-09-04T12:33:01.305+0000][1491.133s][debug][safepoint     ] Safepoint synchronization initiated. (272 threads)
[2024-09-04T12:33:01.305+0000][1491.134s][info ][safepoint     ] Application time: 1.0004500 seconds
[2024-09-04T12:33:01.305+0000][1491.134s][info ][safepoint     ] Entering safepoint region: Cleanup
[2024-09-04T12:33:01.306+0000][1491.135s][info ][safepoint     ] Leaving safepoint region
[2024-09-04T12:33:01.306+0000][1491.135s][info ][safepoint     ] Total time for which application threads were stopped: 0.0012037 seconds, Stopping threads took: 0.0003337 seconds
[2024-09-04T12:33:02.306+0000][1492.135s][debug][safepoint     ] Safepoint synchronization initiated. (272 threads)
[2024-09-04T12:33:02.307+0000][1492.136s][info ][safepoint     ] Application time: 1.0003002 seconds
[2024-09-04T12:33:02.307+0000][1492.136s][info ][safepoint     ] Entering safepoint region: Cleanup
[2024-09-04T12:33:02.308+0000][1492.136s][info ][safepoint     ] Leaving safepoint region
[2024-09-04T12:33:02.308+0000][1492.136s][info ][safepoint     ] Total time for which application threads were stopped: 0.0008555 seconds, Stopping threads took: 0.0002499 seconds
[2024-09-04T12:33:03.308+0000][1493.137s][debug][safepoint     ] Safepoint synchronization initiated. (272 threads)
[2024-09-04T12:33:03.308+0000][1493.137s][info ][safepoint     ] Application time: 1.0001720 seconds
[2024-09-04T12:33:03.308+0000][1493.137s][info ][safepoint     ] Entering safepoint region: Cleanup
[2024-09-04T12:33:03.309+0000][1493.137s][info ][safepoint     ] Leaving safepoint region
[2024-09-04T12:33:03.309+0000][1493.138s][info ][safepoint     ] Total time for which application threads were stopped: 0.0007897 seconds, Stopping threads took: 0.0001742 seconds
[2024-09-04T12:33:04.309+0000][1494.138s][debug][safepoint     ] Safepoint synchronization initiated. (272 threads)
[2024-09-04T12:33:04.309+0000][1494.138s][info ][safepoint     ] Application time: 1.0003071 seconds
[2024-09-04T12:33:04.309+0000][1494.138s][info ][safepoint     ] Entering safepoint region: Cleanup
[2024-09-04T12:33:04.310+0000][1494.139s][info ][safepoint     ] Leaving safepoint region
[2024-09-04T12:33:04.310+0000][1494.139s][info ][safepoint     ] Total time for which application threads were stopped: 0.0012173 seconds, Stopping threads took: 0.0002383 seconds
[2024-09-04T12:33:05.311+0000][1495.139s][debug][safepoint     ] Safepoint synchronization initiated. (272 threads)
[2024-09-04T12:33:05.311+0000][1495.139s][info ][safepoint     ] Application time: 1.0003850 seconds
[2024-09-04T12:33:05.311+0000][1495.140s][info ][safepoint     ] Entering safepoint region: Cleanup
[2024-09-04T12:33:05.312+0000][1495.140s][info ][safepoint     ] Leaving safepoint region
[2024-09-04T12:33:05.312+0000][1495.140s][info ][safepoint     ] Total time for which application threads were stopped: 0.0009385 seconds, Stopping threads took: 0.0002461 seconds
[2024-09-04T12:33:06.312+0000][1496.141s][debug][safepoint     ] Safepoint synchronization initiated. (272 threads)
[2024-09-04T12:33:06.312+0000][1496.141s][info ][safepoint     ] Application time: 1.0001869 seconds
[2024-09-04T12:33:06.312+0000][1496.141s][debug][safepoint     ] ... found polling page return exception at pc = 0x00007ff4a02ad99b, stub =0x00007ff498824b00
[2024-09-04T12:33:06.312+0000][1496.141s][debug][safepoint     ] Waiting for 2 thread(s) to block
[2024-09-04T12:33:06.312+0000][1496.141s][info ][safepoint     ] Entering safepoint region: Cleanup
[2024-09-04T12:33:06.313+0000][1496.141s][info ][safepoint     ] Leaving safepoint region
[2024-09-04T12:33:06.313+0000][1496.142s][info ][safepoint     ] Total time for which application threads were stopped: 0.0007807 seconds, Stopping threads took: 0.0003034 seconds
[2024-09-04T12:33:07.313+0000][1497.142s][debug][safepoint     ] Safepoint synchronization initiated. (272 threads)
[2024-09-04T12:33:07.313+0000][1497.142s][info ][safepoint     ] Application time: 1.0001577 seconds
[2024-09-04T12:33:07.313+0000][1497.142s][info ][safepoint     ] Entering safepoint region: Cleanup
[2024-09-04T12:33:07.314+0000][1497.142s][info ][safepoint     ] Leaving safepoint region
[2024-09-04T12:33:07.314+0000][1497.142s][info ][safepoint     ] Total time for which application threads were stopped: 0.0006477 seconds, Stopping threads took: 0.0001834 seconds
[2024-09-04T12:33:08.314+0000][1498.143s][debug][safepoint     ] Safepoint synchronization initiated. (272 threads)
[2024-09-04T12:33:08.314+0000][1498.143s][info ][safepoint     ] Application time: 1.0003379 seconds
[2024-09-04T12:33:08.314+0000][1498.143s][info ][safepoint     ] Entering safepoint region: Cleanup
[2024-09-04T12:33:08.315+0000][1498.144s][info ][safepoint     ] Leaving safepoint region
[2024-09-04T12:33:08.315+0000][1498.144s][info ][safepoint     ] Total time for which application threads were stopped: 0.0010380 seconds, Stopping threads took: 0.0002537 seconds
[2024-09-04T12:33:09.315+0000][1499.144s][debug][safepoint     ] Safepoint synchronization initiated. (272 threads)
[2024-09-04T12:33:09.315+0000][1499.144s][info ][safepoint     ] Application time: 1.0002681 seconds
[2024-09-04T12:33:09.316+0000][1499.144s][info ][safepoint     ] Entering safepoint region: Cleanup
[2024-09-04T12:33:09.316+0000][1499.145s][info ][safepoint     ] Leaving safepoint region
[2024-09-04T12:33:09.316+0000][1499.145s][info ][safepoint     ] Total time for which application threads were stopped: 0.0009681 seconds, Stopping threads took: 0.0002298 seconds
[2024-09-04T12:33:10.316+0000][1500.145s][debug][safepoint     ] Safepoint synchronization initiated. (272 threads)
[2024-09-04T12:33:10.317+0000][1500.145s][info ][safepoint     ] Application time: 1.0002484 seconds
[2024-09-04T12:33:10.317+0000][1500.145s][debug][safepoint     ] ... found polling page return exception at pc = 0x00007ff4a0349f2f, stub =0x00007ff498824b00
[2024-09-04T12:33:10.317+0000][1500.146s][debug][safepoint     ] Waiting for 1 thread(s) to block
[2024-09-04T12:33:10.317+0000][1500.146s][info ][safepoint     ] Entering safepoint region: Cleanup
[2024-09-04T12:33:10.318+0000][1500.146s][info ][safepoint     ] Leaving safepoint region
[2024-09-04T12:33:10.318+0000][1500.146s][debug][safepoint     ] ... found polling page return exception at pc = 0x00007ff4a131ffd6, stub =0x00007ff498824b00
[2024-09-04T12:33:10.318+0000][1500.146s][debug][safepoint     ] ... found polling page loop exception at pc = 0x00007ff4a1317510, stub =0x00007ff498826680
[2024-09-04T12:33:10.318+0000][1500.146s][info ][safepoint     ] Total time for which application threads were stopped: 0.0010024 seconds, Stopping threads took: 0.0004571 seconds
[2024-09-04T12:33:10.318+0000][1500.146s][debug][safepoint     ] ... found polling page loop exception at pc = 0x00007ff4a1317510, stub =0x00007ff498826680
[2024-09-04T12:33:11.318+0000][1501.147s][debug][safepoint     ] Safepoint synchronization initiated. (272 threads)
[2024-09-04T12:33:11.318+0000][1501.147s][info ][safepoint     ] Application time: 1.0003400 seconds
[2024-09-04T12:33:11.320+0000][1501.149s][info ][safepoint     ] Entering safepoint region: Cleanup
[2024-09-04T12:33:11.320+0000][1501.149s][info ][safepoint     ] Leaving safepoint region
[2024-09-04T12:33:11.320+0000][1501.149s][info ][safepoint     ] Total time for which application threads were stopped: 0.0022536 seconds, Stopping threads took: 0.0016580 seconds
[2024-09-04T12:33:12.321+0000][1502.149s][debug][safepoint     ] Safepoint synchronization initiated. (272 threads)
[2024-09-04T12:33:12.321+0000][1502.150s][info ][safepoint     ] Application time: 1.0002800 seconds
[2024-09-04T12:33:12.321+0000][1502.150s][info ][safepoint     ] Entering safepoint region: Cleanup
[2024-09-04T12:33:12.322+0000][1502.150s][info ][safepoint     ] Leaving safepoint region
[2024-09-04T12:33:12.322+0000][1502.150s][info ][safepoint     ] Total time for which application threads were stopped: 0.0007872 seconds, Stopping threads took: 0.0002107 seconds
[2024-09-04T12:33:13.322+0000][1503.150s][debug][safepoint     ] Safepoint synchronization initiated. (272 threads)
[2024-09-04T12:33:13.322+0000][1503.151s][info ][safepoint     ] Application time: 1.0001724 seconds
[2024-09-04T12:33:13.322+0000][1503.151s][info ][safepoint     ] Entering safepoint region: Cleanup
[2024-09-04T12:33:13.322+0000][1503.151s][debug][safepoint     ] ... found polling page return exception at pc = 0x00007ff4a131ffd6, stub =0x00007ff498824b00
[2024-09-04T12:33:13.322+0000][1503.151s][info ][safepoint     ] Leaving safepoint region
[2024-09-04T12:33:13.322+0000][1503.151s][info ][safepoint     ] Total time for which application threads were stopped: 0.0007000 seconds, Stopping threads took: 0.0001812 seconds
[2024-09-04T12:33:14.323+0000][1504.152s][debug][safepoint     ] Safepoint synchronization initiated. (272 threads)
[2024-09-04T12:33:14.323+0000][1504.152s][info ][safepoint     ] Application time: 1.0004074 seconds
[2024-09-04T12:33:14.323+0000][1504.152s][info ][safepoint     ] Entering safepoint region: Cleanup
[2024-09-04T12:33:14.324+0000][1504.153s][info ][safepoint     ] Leaving safepoint region
[2024-09-04T12:33:14.324+0000][1504.153s][info ][safepoint     ] Total time for which application threads were stopped: 0.0010847 seconds, Stopping threads took: 0.0002584 seconds
[2024-09-04T12:33:15.324+0000][1505.153s][debug][safepoint     ] Safepoint synchronization initiated. (272 threads)
[2024-09-04T12:33:15.324+0000][1505.153s][info ][safepoint     ] Application time: 1.0003454 seconds
[2024-09-04T12:33:15.325+0000][1505.153s][info ][safepoint     ] Entering safepoint region: Cleanup
[2024-09-04T12:33:15.326+0000][1505.154s][info ][safepoint     ] Leaving safepoint region
[2024-09-04T12:33:15.326+0000][1505.154s][info ][safepoint     ] Total time for which application threads were stopped: 0.0012623 seconds, Stopping threads took: 0.0002644 seconds
[2024-09-04T12:33:16.326+0000][1506.155s][debug][safepoint     ] Safepoint synchronization initiated. (272 threads)
[2024-09-04T12:33:16.326+0000][1506.155s][info ][safepoint     ] Application time: 1.0003234 seconds
[2024-09-04T12:33:16.326+0000][1506.155s][info ][safepoint     ] Entering safepoint region: Cleanup
[2024-09-04T12:33:16.327+0000][1506.156s][info ][safepoint     ] Leaving safepoint region
[2024-09-04T12:33:16.327+0000][1506.156s][info ][safepoint     ] Total time for which application threads were stopped: 0.0010385 seconds, Stopping threads took: 0.0002191 seconds
[2024-09-04T12:33:17.327+0000][1507.156s][debug][safepoint     ] Safepoint synchronization initiated. (272 threads)
[2024-09-04T12:33:17.328+0000][1507.156s][info ][safepoint     ] Application time: 1.0003316 seconds
[2024-09-04T12:33:17.328+0000][1507.156s][debug][safepoint     ] ... found polling page return exception at pc = 0x00007ff4a094d288, stub =0x00007ff498824b00
[2024-09-04T12:33:17.328+0000][1507.157s][debug][safepoint     ] Waiting for 1 thread(s) to block
[2024-09-04T12:33:17.328+0000][1507.157s][info ][safepoint     ] Entering safepoint region: Cleanup
[2024-09-04T12:33:17.329+0000][1507.158s][info ][safepoint     ] Leaving safepoint region
[2024-09-04T12:33:17.329+0000][1507.158s][info ][safepoint     ] Total time for which application threads were stopped: 0.0013091 seconds, Stopping threads took: 0.0004677 seconds
[2024-09-04T12:33:18.329+0000][1508.158s][debug][safepoint     ] Safepoint synchronization initiated. (272 threads)
[2024-09-04T12:33:18.329+0000][1508.158s][info ][safepoint     ] Application time: 1.0002125 seconds
[2024-09-04T12:33:18.329+0000][1508.158s][info ][safepoint     ] Entering safepoint region: Cleanup
[2024-09-04T12:33:18.330+0000][1508.159s][info ][safepoint     ] Leaving safepoint region
[2024-09-04T12:33:18.330+0000][1508.159s][info ][safepoint     ] Total time for which application threads were stopped: 0.0006670 seconds, Stopping threads took: 0.0001507 seconds
[2024-09-04T12:33:19.330+0000][1509.159s][debug][safepoint     ] Safepoint synchronization initiated. (272 threads)
[2024-09-04T12:33:19.330+0000][1509.159s][info ][safepoint     ] Application time: 1.0001983 seconds
[2024-09-04T12:33:19.330+0000][1509.159s][info ][safepoint     ] Entering safepoint region: Cleanup
[2024-09-04T12:33:19.331+0000][1509.159s][info ][safepoint     ] Leaving safepoint region
[2024-09-04T12:33:19.331+0000][1509.159s][info ][safepoint     ] Total time for which application threads were stopped: 0.0005930 seconds, Stopping threads took: 0.0001552 seconds
[2024-09-04T12:33:20.331+0000][1510.160s][debug][safepoint     ] Safepoint synchronization initiated. (272 threads)
[2024-09-04T12:33:20.331+0000][1510.160s][info ][safepoint     ] Application time: 1.0002628 seconds
[2024-09-04T12:33:20.331+0000][1510.160s][info ][safepoint     ] Entering safepoint region: Cleanup
[2024-09-04T12:33:20.331+0000][1510.160s][info ][safepoint     ] Leaving safepoint region
[2024-09-04T12:33:20.331+0000][1510.160s][info ][safepoint     ] Total time for which application threads were stopped: 0.0005887 seconds, Stopping threads took: 0.0001623 seconds
[2024-09-04T12:33:20.579+0000][1510.407s][debug][safepoint     ] Safepoint synchronization initiated. (272 threads)
[2024-09-04T12:33:20.579+0000][1510.407s][info ][safepoint     ] Application time: 0.2471856 seconds
[2024-09-04T12:33:20.579+0000][1510.408s][debug][safepoint     ] ... found polling page return exception at pc = 0x00007ff4a0cbdc72, stub =0x00007ff498824b00
[2024-09-04T12:33:20.579+0000][1510.408s][debug][safepoint     ] ... found polling page return exception at pc = 0x00007ff4a1295d77, stub =0x00007ff498824b00
[2024-09-04T12:33:20.579+0000][1510.408s][debug][safepoint     ] Waiting for 2 thread(s) to block
[2024-09-04T12:33:20.579+0000][1510.408s][info ][safepoint     ] Entering safepoint region: G1CollectForAllocation
[2024-09-04T12:33:20.580+0000][1510.408s][info ][gc,start      ] GC(123) Pause Young (Normal) (G1 Evacuation Pause)
[2024-09-04T12:33:20.580+0000][1510.408s][info ][gc,task       ] GC(123) Using 4 workers of 4 for evacuation
[2024-09-04T12:33:20.592+0000][1510.421s][info ][gc,phases     ] GC(123)   Pre Evacuate Collection Set: 0.3ms
[2024-09-04T12:33:20.592+0000][1510.421s][info ][gc,phases     ] GC(123)   Evacuate Collection Set: 5.2ms
[2024-09-04T12:33:20.592+0000][1510.421s][info ][gc,phases     ] GC(123)   Post Evacuate Collection Set: 6.3ms
[2024-09-04T12:33:20.592+0000][1510.421s][info ][gc,phases     ] GC(123)   Other: 0.6ms
[2024-09-04T12:33:20.592+0000][1510.421s][info ][gc,heap       ] GC(123) Eden regions: 188->0(188)
[2024-09-04T12:33:20.592+0000][1510.421s][info ][gc,heap       ] GC(123) Survivor regions: 2->2(24)
[2024-09-04T12:33:20.592+0000][1510.421s][info ][gc,heap       ] GC(123) Old regions: 178->178
[2024-09-04T12:33:20.592+0000][1510.421s][info ][gc,heap       ] GC(123) Humongous regions: 0->0
[2024-09-04T12:33:20.592+0000][1510.421s][info ][gc,metaspace  ] GC(123) Metaspace: 183850K(190064K)->183850K(190064K) NonClass: 162776K(166612K)->162776K(166612K) Class: 21074K(23452K)->21074K(23452K)
[2024-09-04T12:33:20.592+0000][1510.421s][info ][gc            ] GC(123) Pause Young (Normal) (G1 Evacuation Pause) 365M->177M(412M) 12.632ms
[2024-09-04T12:33:20.592+0000][1510.421s][info ][gc,cpu        ] GC(123) User=0.03s Sys=0.00s Real=0.02s
[2024-09-04T12:33:20.592+0000][1510.421s][info ][safepoint     ] Leaving safepoint region
[2024-09-04T12:33:20.592+0000][1510.421s][info ][safepoint     ] Total time for which application threads were stopped: 0.0136429 seconds, Stopping threads took: 0.0003840 seconds
[2024-09-04T12:33:20.593+0000][1510.421s][info ][gc,stringdedup] Concurrent String Deduplication (1510.421s)
[2024-09-04T12:33:20.593+0000][1510.421s][info ][gc,stringdedup] Concurrent String Deduplication 2568.0B->40.0B(2528.0B) avg 55.1% (1510.421s, 1510.421s) 0.099ms
[2024-09-04T12:33:21.593+0000][1511.421s][debug][safepoint     ] Safepoint synchronization initiated. (272 threads)
[2024-09-04T12:33:21.593+0000][1511.422s][info ][safepoint     ] Application time: 1.0003807 seconds
[2024-09-04T12:33:21.593+0000][1511.422s][info ][safepoint     ] Entering safepoint region: Cleanup
[2024-09-04T12:33:21.594+0000][1511.422s][info ][safepoint     ] Leaving safepoint region
[2024-09-04T12:33:21.594+0000][1511.423s][info ][safepoint     ] Total time for which application threads were stopped: 0.0009199 seconds, Stopping threads took: 0.0002529 seconds
[2024-09-04T12:33:22.594+0000][1512.423s][debug][safepoint     ] Safepoint synchronization initiated. (272 threads)
[2024-09-04T12:33:22.594+0000][1512.423s][info ][safepoint     ] Application time: 1.0002429 seconds
[2024-09-04T12:33:22.594+0000][1512.423s][info ][safepoint     ] Entering safepoint region: Cleanup
[2024-09-04T12:33:22.595+0000][1512.424s][info ][safepoint     ] Leaving safepoint region
[2024-09-04T12:33:22.595+0000][1512.424s][debug][safepoint     ] ... found polling page return exception at pc = 0x00007ff4a131ffd6, stub =0x00007ff498824b00
[2024-09-04T12:33:22.595+0000][1512.424s][info ][safepoint     ] Total time for which application threads were stopped: 0.0007482 seconds, Stopping threads took: 0.0002162 seconds
[2024-09-04T12:33:23.595+0000][1513.424s][debug][safepoint     ] Safepoint synchronization initiated. (272 threads)
[2024-09-04T12:33:23.595+0000][1513.424s][info ][safepoint     ] Application time: 1.0001567 seconds
[2024-09-04T12:33:23.595+0000][1513.424s][info ][safepoint     ] Entering safepoint region: Cleanup
[2024-09-04T12:33:23.596+0000][1513.425s][info ][safepoint     ] Leaving safepoint region
[2024-09-04T12:33:23.596+0000][1513.425s][info ][safepoint     ] Total time for which application threads were stopped: 0.0009433 seconds, Stopping threads took: 0.0002120 seconds
[2024-09-04T12:33:23.596+0000][1513.425s][debug][safepoint     ] ... found polling page return exception at pc = 0x00007ff4a131ffd6, stub =0x00007ff498824b00
[2024-09-04T12:33:24.596+0000][1514.425s][debug][safepoint     ] Safepoint synchronization initiated. (272 threads)
[2024-09-04T12:33:24.596+0000][1514.425s][info ][safepoint     ] Application time: 1.0003296 seconds
[2024-09-04T12:33:24.597+0000][1514.425s][info ][safepoint     ] Entering safepoint region: Cleanup
[2024-09-04T12:33:24.597+0000][1514.426s][info ][safepoint     ] Leaving safepoint region
[2024-09-04T12:33:24.597+0000][1514.426s][info ][safepoint     ] Total time for which application threads were stopped: 0.0009875 seconds, Stopping threads took: 0.0002317 seconds
[2024-09-04T12:33:25.598+0000][1515.426s][debug][safepoint     ] Safepoint synchronization initiated. (272 threads)
[2024-09-04T12:33:25.598+0000][1515.426s][info ][safepoint     ] Application time: 1.0001949 seconds
[2024-09-04T12:33:25.598+0000][1515.426s][debug][safepoint     ] ... found polling page loop exception at pc = 0x00007ff4a140776a, stub =0x00007ff498826680
[2024-09-04T12:33:25.598+0000][1515.427s][debug][safepoint     ] Waiting for 1 thread(s) to block
[2024-09-04T12:33:25.598+0000][1515.427s][info ][safepoint     ] Entering safepoint region: Cleanup
[2024-09-04T12:33:25.599+0000][1515.427s][info ][safepoint     ] Leaving safepoint region
[2024-09-04T12:33:25.599+0000][1515.428s][info ][safepoint     ] Total time for which application threads were stopped: 0.0011239 seconds, Stopping threads took: 0.0004075 seconds
[2024-09-04T12:33:26.599+0000][1516.428s][debug][safepoint     ] Safepoint synchronization initiated. (272 threads)
[2024-09-04T12:33:26.599+0000][1516.428s][info ][safepoint     ] Application time: 1.0001858 seconds
[2024-09-04T12:33:26.599+0000][1516.428s][info ][safepoint     ] Entering safepoint region: Cleanup
[2024-09-04T12:33:26.600+0000][1516.428s][info ][safepoint     ] Leaving safepoint region
[2024-09-04T12:33:26.600+0000][1516.428s][info ][safepoint     ] Total time for which application threads were stopped: 0.0005708 seconds, Stopping threads took: 0.0001479 seconds
[2024-09-04T12:33:27.600+0000][1517.429s][debug][safepoint     ] Safepoint synchronization initiated. (272 threads)
[2024-09-04T12:33:27.600+0000][1517.429s][info ][safepoint     ] Application time: 1.0003511 seconds
[2024-09-04T12:33:27.600+0000][1517.429s][info ][safepoint     ] Entering safepoint region: Cleanup
[2024-09-04T12:33:27.601+0000][1517.430s][info ][safepoint     ] Leaving safepoint region
[2024-09-04T12:33:27.601+0000][1517.430s][info ][safepoint     ] Total time for which application threads were stopped: 0.0009778 seconds, Stopping threads took: 0.0002514 seconds
[2024-09-04T12:33:28.601+0000][1518.430s][debug][safepoint     ] Safepoint synchronization initiated. (272 threads)
[2024-09-04T12:33:28.601+0000][1518.430s][info ][safepoint     ] Application time: 1.0003244 seconds
[2024-09-04T12:33:28.602+0000][1518.430s][info ][safepoint     ] Entering safepoint region: Cleanup
[2024-09-04T12:33:28.602+0000][1518.431s][info ][safepoint     ] Leaving safepoint region
[2024-09-04T12:33:28.602+0000][1518.431s][info ][safepoint     ] Total time for which application threads were stopped: 0.0009458 seconds, Stopping threads took: 0.0003435 seconds
[2024-09-04T12:33:29.602+0000][1519.431s][debug][safepoint     ] Safepoint synchronization initiated. (272 threads)
[2024-09-04T12:33:29.602+0000][1519.431s][info ][safepoint     ] Application time: 1.0001778 seconds
[2024-09-04T12:33:29.603+0000][1519.431s][info ][safepoint     ] Entering safepoint region: Cleanup
[2024-09-04T12:33:29.603+0000][1519.432s][info ][safepoint     ] Leaving safepoint region
[2024-09-04T12:33:29.603+0000][1519.432s][info ][safepoint     ] Total time for which application threads were stopped: 0.0005745 seconds, Stopping threads took: 0.0001805 seconds
[2024-09-04T12:33:30.603+0000][1520.432s][debug][safepoint     ] Safepoint synchronization initiated. (272 threads)
[2024-09-04T12:33:30.603+0000][1520.432s][info ][safepoint     ] Application time: 1.0002227 seconds
[2024-09-04T12:33:30.603+0000][1520.432s][info ][safepoint     ] Entering safepoint region: Cleanup
[2024-09-04T12:33:30.604+0000][1520.433s][info ][safepoint     ] Leaving safepoint region
[2024-09-04T12:33:30.604+0000][1520.433s][info ][safepoint     ] Total time for which application threads were stopped: 0.0006994 seconds, Stopping threads took: 0.0001529 seconds
[2024-09-04T12:33:31.604+0000][1521.433s][debug][safepoint     ] Safepoint synchronization initiated. (272 threads)
[2024-09-04T12:33:31.604+0000][1521.433s][info ][safepoint     ] Application time: 1.0001939 seconds
[2024-09-04T12:33:31.604+0000][1521.433s][debug][safepoint     ] ... found polling page return exception at pc = 0x00007ff4a0506c91, stub =0x00007ff498824b00
[2024-09-04T12:33:31.604+0000][1521.433s][debug][safepoint     ] Waiting for 1 thread(s) to block
[2024-09-04T12:33:31.604+0000][1521.433s][info ][safepoint     ] Entering safepoint region: Cleanup
[2024-09-04T12:33:31.605+0000][1521.434s][info ][safepoint     ] Leaving safepoint region
[2024-09-04T12:33:31.605+0000][1521.434s][info ][safepoint     ] Total time for which application threads were stopped: 0.0007997 seconds, Stopping threads took: 0.0003175 seconds
[2024-09-04T12:33:32.605+0000][1522.434s][debug][safepoint     ] Safepoint synchronization initiated. (272 threads)
[2024-09-04T12:33:32.605+0000][1522.434s][info ][safepoint     ] Application time: 1.0004333 seconds
[2024-09-04T12:33:32.606+0000][1522.434s][debug][safepoint     ] ... found polling page return exception at pc = 0x00007ff4a1218dec, stub =0x00007ff498824b00
[2024-09-04T12:33:32.606+0000][1522.435s][debug][safepoint     ] ... found polling page loop exception at pc = 0x00007ff4a09b6047, stub =0x00007ff498826680
[2024-09-04T12:33:32.606+0000][1522.435s][debug][safepoint     ] Waiting for 2 thread(s) to block
[2024-09-04T12:33:32.606+0000][1522.435s][info ][safepoint     ] Entering safepoint region: Cleanup
[2024-09-04T12:33:32.607+0000][1522.435s][info ][safepoint     ] Leaving safepoint region
[2024-09-04T12:33:32.607+0000][1522.435s][info ][safepoint     ] Total time for which application threads were stopped: 0.0010268 seconds, Stopping threads took: 0.0004805 seconds
[2024-09-04T12:33:33.607+0000][1523.435s][debug][safepoint     ] Safepoint synchronization initiated. (272 threads)
[2024-09-04T12:33:33.607+0000][1523.436s][info ][safepoint     ] Application time: 1.0002133 seconds
[2024-09-04T12:33:33.607+0000][1523.436s][info ][safepoint     ] Entering safepoint region: Cleanup
[2024-09-04T12:33:33.608+0000][1523.436s][info ][safepoint     ] Leaving safepoint region
[2024-09-04T12:33:33.608+0000][1523.436s][info ][safepoint     ] Total time for which application threads were stopped: 0.0008249 seconds, Stopping threads took: 0.0001635 seconds
[2024-09-04T12:33:34.608+0000][1524.437s][debug][safepoint     ] Safepoint synchronization initiated. (272 threads)
[2024-09-04T12:33:34.608+0000][1524.437s][info ][safepoint     ] Application time: 1.0001894 seconds
[2024-09-04T12:33:34.608+0000][1524.437s][info ][safepoint     ] Entering safepoint region: Cleanup
[2024-09-04T12:33:34.609+0000][1524.437s][info ][safepoint     ] Leaving safepoint region
[2024-09-04T12:33:34.609+0000][1524.437s][info ][safepoint     ] Total time for which application threads were stopped: 0.0008241 seconds, Stopping threads took: 0.0001839 seconds
[2024-09-04T12:33:35.609+0000][1525.438s][debug][safepoint     ] Safepoint synchronization initiated. (272 threads)
[2024-09-04T12:33:35.609+0000][1525.438s][info ][safepoint     ] Application time: 1.0001615 seconds
[2024-09-04T12:33:35.609+0000][1525.438s][info ][safepoint     ] Entering safepoint region: Cleanup
[2024-09-04T12:33:35.610+0000][1525.439s][info ][safepoint     ] Leaving safepoint region
[2024-09-04T12:33:35.610+0000][1525.439s][info ][safepoint     ] Total time for which application threads were stopped: 0.0009837 seconds, Stopping threads took: 0.0005189 seconds
[2024-09-04T12:33:36.610+0000][1526.439s][debug][safepoint     ] Safepoint synchronization initiated. (272 threads)
[2024-09-04T12:33:36.610+0000][1526.439s][info ][safepoint     ] Application time: 1.0005924 seconds
[2024-09-04T12:33:36.611+0000][1526.439s][debug][safepoint     ] ... found polling page return exception at pc = 0x00007ff4a0506c91, stub =0x00007ff498824b00
[2024-09-04T12:33:36.611+0000][1526.440s][debug][safepoint     ] Waiting for 1 thread(s) to block
[2024-09-04T12:33:36.611+0000][1526.440s][info ][safepoint     ] Entering safepoint region: Cleanup
[2024-09-04T12:33:36.611+0000][1526.440s][debug][safepoint     ] ... found polling page return exception at pc = 0x00007ff4a131ffd6, stub =0x00007ff498824b00
[2024-09-04T12:33:36.611+0000][1526.440s][info ][safepoint     ] Leaving safepoint region
[2024-09-04T12:33:36.611+0000][1526.440s][info ][safepoint     ] Total time for which application threads were stopped: 0.0009599 seconds, Stopping threads took: 0.0005537 seconds
[2024-09-04T12:33:37.612+0000][1527.440s][debug][safepoint     ] Safepoint synchronization initiated. (272 threads)
[2024-09-04T12:33:37.612+0000][1527.441s][info ][safepoint     ] Application time: 1.0003474 seconds
[2024-09-04T12:33:37.612+0000][1527.441s][info ][safepoint     ] Entering safepoint region: Cleanup
[2024-09-04T12:33:37.613+0000][1527.441s][info ][safepoint     ] Leaving safepoint region
[2024-09-04T12:33:37.613+0000][1527.441s][info ][safepoint     ] Total time for which application threads were stopped: 0.0008198 seconds, Stopping threads took: 0.0001650 seconds
[2024-09-04T12:33:38.613+0000][1528.442s][debug][safepoint     ] Safepoint synchronization initiated. (272 threads)
[2024-09-04T12:33:38.613+0000][1528.442s][info ][safepoint     ] Application time: 1.0001738 seconds
[2024-09-04T12:33:38.613+0000][1528.442s][debug][safepoint     ] ... found polling page return exception at pc = 0x00007ff4a03c859d, stub =0x00007ff498824b00
[2024-09-04T12:33:38.613+0000][1528.442s][debug][safepoint     ] ... found polling page return exception at pc = 0x00007ff4a0cbdc72, stub =0x00007ff498824b00
[2024-09-04T12:33:38.613+0000][1528.442s][debug][safepoint     ] Waiting for 2 thread(s) to block
[2024-09-04T12:33:38.613+0000][1528.442s][info ][safepoint     ] Entering safepoint region: Cleanup
[2024-09-04T12:33:38.614+0000][1528.443s][info ][safepoint     ] Leaving safepoint region
[2024-09-04T12:33:38.614+0000][1528.443s][info ][safepoint     ] Total time for which application threads were stopped: 0.0009351 seconds, Stopping threads took: 0.0003272 seconds
[2024-09-04T12:33:39.614+0000][1529.443s][debug][safepoint     ] Safepoint synchronization initiated. (272 threads)
[2024-09-04T12:33:39.614+0000][1529.443s][info ][safepoint     ] Application time: 1.0001945 seconds
[2024-09-04T12:33:39.614+0000][1529.443s][info ][safepoint     ] Entering safepoint region: Cleanup
[2024-09-04T12:33:39.615+0000][1529.444s][info ][safepoint     ] Leaving safepoint region
[2024-09-04T12:33:39.615+0000][1529.444s][info ][safepoint     ] Total time for which application threads were stopped: 0.0008734 seconds, Stopping threads took: 0.0001697 seconds
[2024-09-04T12:33:40.615+0000][1530.444s][debug][safepoint     ] Safepoint synchronization initiated. (272 threads)
[2024-09-04T12:33:40.615+0000][1530.444s][info ][safepoint     ] Application time: 1.0002445 seconds
[2024-09-04T12:33:40.616+0000][1530.444s][info ][safepoint     ] Entering safepoint region: Cleanup
[2024-09-04T12:33:40.616+0000][1530.445s][info ][safepoint     ] Leaving safepoint region
[2024-09-04T12:33:40.616+0000][1530.445s][info ][safepoint     ] Total time for which application threads were stopped: 0.0009647 seconds, Stopping threads took: 0.0004111 seconds
[2024-09-04T12:33:41.616+0000][1531.445s][debug][safepoint     ] Safepoint synchronization initiated. (272 threads)
[2024-09-04T12:33:41.616+0000][1531.445s][info ][safepoint     ] Application time: 1.0002095 seconds
[2024-09-04T12:33:41.617+0000][1531.445s][info ][safepoint     ] Entering safepoint region: Cleanup
[2024-09-04T12:33:41.617+0000][1531.446s][info ][safepoint     ] Leaving safepoint region
[2024-09-04T12:33:41.617+0000][1531.446s][info ][safepoint     ] Total time for which application threads were stopped: 0.0008139 seconds, Stopping threads took: 0.0001992 seconds
[2024-09-04T12:33:42.617+0000][1532.446s][debug][safepoint     ] Safepoint synchronization initiated. (272 threads)
[2024-09-04T12:33:42.618+0000][1532.446s][info ][safepoint     ] Application time: 1.0002733 seconds
[2024-09-04T12:33:42.618+0000][1532.446s][info ][safepoint     ] Entering safepoint region: Cleanup
[2024-09-04T12:33:42.618+0000][1532.447s][info ][safepoint     ] Leaving safepoint region
[2024-09-04T12:33:42.618+0000][1532.447s][info ][safepoint     ] Total time for which application threads were stopped: 0.0008784 seconds, Stopping threads took: 0.0002067 seconds
[2024-09-04T12:33:43.619+0000][1533.448s][debug][safepoint     ] Safepoint synchronization initiated. (272 threads)
[2024-09-04T12:33:43.619+0000][1533.448s][info ][safepoint     ] Application time: 1.0004083 seconds
[2024-09-04T12:33:43.619+0000][1533.448s][info ][safepoint     ] Entering safepoint region: Cleanup
[2024-09-04T12:33:43.620+0000][1533.449s][info ][safepoint     ] Leaving safepoint region
[2024-09-04T12:33:43.620+0000][1533.449s][debug][safepoint     ] ... found polling page return exception at pc = 0x00007ff4a131ffd6, stub =0x00007ff498824b00
[2024-09-04T12:33:43.620+0000][1533.449s][info ][safepoint     ] Total time for which application threads were stopped: 0.0010469 seconds, Stopping threads took: 0.0002784 seconds
[2024-09-04T12:33:44.620+0000][1534.449s][debug][safepoint     ] Safepoint synchronization initiated. (272 threads)
[2024-09-04T12:33:44.620+0000][1534.449s][info ][safepoint     ] Application time: 1.0002347 seconds
[2024-09-04T12:33:44.621+0000][1534.449s][info ][safepoint     ] Entering safepoint region: Cleanup
[2024-09-04T12:33:44.621+0000][1534.450s][info ][safepoint     ] Leaving safepoint region
[2024-09-04T12:33:44.621+0000][1534.450s][info ][safepoint     ] Total time for which application threads were stopped: 0.0005486 seconds, Stopping threads took: 0.0001672 seconds
[2024-09-04T12:33:45.621+0000][1535.450s][debug][safepoint     ] Safepoint synchronization initiated. (272 threads)
[2024-09-04T12:33:45.621+0000][1535.450s][info ][safepoint     ] Application time: 1.0002018 seconds
[2024-09-04T12:33:45.621+0000][1535.450s][info ][safepoint     ] Entering safepoint region: Cleanup
[2024-09-04T12:33:45.622+0000][1535.450s][info ][safepoint     ] Leaving safepoint region
[2024-09-04T12:33:45.622+0000][1535.451s][info ][safepoint     ] Total time for which application threads were stopped: 0.0006115 seconds, Stopping threads took: 0.0002375 seconds
[2024-09-04T12:33:46.622+0000][1536.451s][debug][safepoint     ] Safepoint synchronization initiated. (272 threads)
[2024-09-04T12:33:46.622+0000][1536.451s][info ][safepoint     ] Application time: 1.0001817 seconds
[2024-09-04T12:33:46.622+0000][1536.451s][debug][safepoint     ] ... found polling page return exception at pc = 0x00007ff4a110aec3, stub =0x00007ff498824b00
[2024-09-04T12:33:46.622+0000][1536.451s][debug][safepoint     ] Waiting for 1 thread(s) to block
[2024-09-04T12:33:46.622+0000][1536.451s][info ][safepoint     ] Entering safepoint region: Cleanup
[2024-09-04T12:33:46.623+0000][1536.451s][debug][safepoint     ] ... found polling page return exception at pc = 0x00007ff4a131ffd6, stub =0x00007ff498824b00
[2024-09-04T12:33:46.623+0000][1536.451s][info ][safepoint     ] Leaving safepoint region
[2024-09-04T12:33:46.623+0000][1536.451s][info ][safepoint     ] Total time for which application threads were stopped: 0.0007541 seconds, Stopping threads took: 0.0003123 seconds
[2024-09-04T12:33:46.623+0000][1536.452s][debug][safepoint     ] ... found polling page return exception at pc = 0x00007ff4a131ffd6, stub =0x00007ff498824b00
[2024-09-04T12:33:47.623+0000][1537.452s][debug][safepoint     ] Safepoint synchronization initiated. (272 threads)
[2024-09-04T12:33:47.623+0000][1537.452s][info ][safepoint     ] Application time: 1.0002530 seconds
[2024-09-04T12:33:47.623+0000][1537.452s][info ][safepoint     ] Entering safepoint region: Cleanup
[2024-09-04T12:33:47.624+0000][1537.452s][info ][safepoint     ] Leaving safepoint region
[2024-09-04T12:33:47.624+0000][1537.452s][info ][safepoint     ] Total time for which application threads were stopped: 0.0007141 seconds, Stopping threads took: 0.0002111 seconds
[2024-09-04T12:33:48.624+0000][1538.453s][debug][safepoint     ] Safepoint synchronization initiated. (272 threads)
[2024-09-04T12:33:48.624+0000][1538.453s][info ][safepoint     ] Application time: 1.0002318 seconds
[2024-09-04T12:33:48.624+0000][1538.453s][info ][safepoint     ] Entering safepoint region: Cleanup
[2024-09-04T12:33:48.625+0000][1538.453s][info ][safepoint     ] Leaving safepoint region
[2024-09-04T12:33:48.625+0000][1538.454s][info ][safepoint     ] Total time for which application threads were stopped: 0.0007519 seconds, Stopping threads took: 0.0002198 seconds
[2024-09-04T12:33:48.792+0000][1538.621s][debug][safepoint     ] Safepoint synchronization initiated. (272 threads)
[2024-09-04T12:33:48.792+0000][1538.621s][info ][safepoint     ] Application time: 0.1672592 seconds
[2024-09-04T12:33:48.792+0000][1538.621s][info ][safepoint     ] Entering safepoint region: G1CollectForAllocation
[2024-09-04T12:33:48.793+0000][1538.621s][info ][gc,start      ] GC(124) Pause Young (Normal) (G1 Evacuation Pause)
[2024-09-04T12:33:48.793+0000][1538.621s][info ][gc,task       ] GC(124) Using 4 workers of 4 for evacuation
[2024-09-04T12:33:48.802+0000][1538.631s][info ][gc,phases     ] GC(124)   Pre Evacuate Collection Set: 0.0ms
[2024-09-04T12:33:48.802+0000][1538.631s][info ][gc,phases     ] GC(124)   Evacuate Collection Set: 3.7ms
[2024-09-04T12:33:48.802+0000][1538.631s][info ][gc,phases     ] GC(124)   Post Evacuate Collection Set: 5.1ms
[2024-09-04T12:33:48.802+0000][1538.631s][info ][gc,phases     ] GC(124)   Other: 0.7ms
[2024-09-04T12:33:48.802+0000][1538.631s][info ][gc,heap       ] GC(124) Eden regions: 188->0(188)
[2024-09-04T12:33:48.802+0000][1538.631s][info ][gc,heap       ] GC(124) Survivor regions: 2->2(24)
[2024-09-04T12:33:48.802+0000][1538.631s][info ][gc,heap       ] GC(124) Old regions: 178->178
[2024-09-04T12:33:48.802+0000][1538.631s][info ][gc,heap       ] GC(124) Humongous regions: 0->0
[2024-09-04T12:33:48.802+0000][1538.631s][info ][gc,metaspace  ] GC(124) Metaspace: 183882K(190064K)->183882K(190064K) NonClass: 162807K(166612K)->162807K(166612K) Class: 21074K(23452K)->21074K(23452K)
[2024-09-04T12:33:48.802+0000][1538.631s][info ][gc            ] GC(124) Pause Young (Normal) (G1 Evacuation Pause) 365M->177M(412M) 9.596ms
[2024-09-04T12:33:48.802+0000][1538.631s][info ][gc,cpu        ] GC(124) User=0.04s Sys=0.00s Real=0.01s
[2024-09-04T12:33:48.802+0000][1538.631s][debug][safepoint     ] ... found polling page return exception at pc = 0x00007ff4a131ffd6, stub =0x00007ff498824b00
[2024-09-04T12:33:48.802+0000][1538.631s][info ][safepoint     ] Leaving safepoint region
[2024-09-04T12:33:48.802+0000][1538.631s][info ][safepoint     ] Total time for which application threads were stopped: 0.0104005 seconds, Stopping threads took: 0.0001352 seconds
[2024-09-04T12:33:48.803+0000][1538.631s][info ][gc,stringdedup] Concurrent String Deduplication (1538.631s)
[2024-09-04T12:33:48.803+0000][1538.631s][info ][gc,stringdedup] Concurrent String Deduplication 1408.0B->72.0B(1336.0B) avg 55.1% (1538.631s, 1538.631s) 0.057ms
[2024-09-04T12:33:49.803+0000][1539.631s][debug][safepoint     ] Safepoint synchronization initiated. (272 threads)
[2024-09-04T12:33:49.803+0000][1539.632s][info ][safepoint     ] Application time: 1.0002875 seconds
[2024-09-04T12:33:49.803+0000][1539.632s][info ][safepoint     ] Entering safepoint region: Cleanup
[2024-09-04T12:33:49.804+0000][1539.632s][info ][safepoint     ] Leaving safepoint region
[2024-09-04T12:33:49.804+0000][1539.632s][info ][safepoint     ] Total time for which application threads were stopped: 0.0009045 seconds, Stopping threads took: 0.0002445 seconds
[2024-09-04T12:33:50.804+0000][1540.633s][debug][safepoint     ] Safepoint synchronization initiated. (272 threads)
[2024-09-04T12:33:50.804+0000][1540.633s][info ][safepoint     ] Application time: 1.0003340 seconds
[2024-09-04T12:33:50.804+0000][1540.633s][info ][safepoint     ] Entering safepoint region: Cleanup
[2024-09-04T12:33:50.805+0000][1540.634s][info ][safepoint     ] Leaving safepoint region
[2024-09-04T12:33:50.805+0000][1540.634s][info ][safepoint     ] Total time for which application threads were stopped: 0.0011448 seconds, Stopping threads took: 0.0002282 seconds
[2024-09-04T12:33:51.805+0000][1541.634s][debug][safepoint     ] Safepoint synchronization initiated. (272 threads)
[2024-09-04T12:33:51.806+0000][1541.634s][info ][safepoint     ] Application time: 1.0002528 seconds
[2024-09-04T12:33:51.806+0000][1541.634s][info ][safepoint     ] Entering safepoint region: Cleanup
[2024-09-04T12:33:51.806+0000][1541.635s][info ][safepoint     ] Leaving safepoint region
[2024-09-04T12:33:51.806+0000][1541.635s][info ][safepoint     ] Total time for which application threads were stopped: 0.0007206 seconds, Stopping threads took: 0.0001495 seconds
[2024-09-04T12:33:52.807+0000][1542.635s][debug][safepoint     ] Safepoint synchronization initiated. (272 threads)
[2024-09-04T12:33:52.807+0000][1542.635s][info ][safepoint     ] Application time: 1.0003639 seconds
[2024-09-04T12:33:52.807+0000][1542.636s][info ][safepoint     ] Entering safepoint region: Cleanup
[2024-09-04T12:33:52.808+0000][1542.637s][info ][safepoint     ] Leaving safepoint region
[2024-09-04T12:33:52.808+0000][1542.637s][info ][safepoint     ] Total time for which application threads were stopped: 0.0011366 seconds, Stopping threads took: 0.0003398 seconds
[2024-09-04T12:33:53.808+0000][1543.637s][debug][safepoint     ] Safepoint synchronization initiated. (272 threads)
[2024-09-04T12:33:53.808+0000][1543.637s][info ][safepoint     ] Application time: 1.0002721 seconds
[2024-09-04T12:33:53.808+0000][1543.637s][info ][safepoint     ] Entering safepoint region: Cleanup
[2024-09-04T12:33:53.809+0000][1543.637s][info ][safepoint     ] Leaving safepoint region
[2024-09-04T12:33:53.809+0000][1543.637s][info ][safepoint     ] Total time for which application threads were stopped: 0.0005689 seconds, Stopping threads took: 0.0002132 seconds
[2024-09-04T12:33:54.809+0000][1544.638s][debug][safepoint     ] Safepoint synchronization initiated. (272 threads)
[2024-09-04T12:33:54.809+0000][1544.638s][info ][safepoint     ] Application time: 1.0002864 seconds
[2024-09-04T12:33:54.809+0000][1544.638s][info ][safepoint     ] Entering safepoint region: Cleanup
[2024-09-04T12:33:54.810+0000][1544.639s][info ][safepoint     ] Leaving safepoint region
[2024-09-04T12:33:54.810+0000][1544.639s][info ][safepoint     ] Total time for which application threads were stopped: 0.0009315 seconds, Stopping threads took: 0.0002328 seconds
[2024-09-04T12:33:55.810+0000][1545.639s][debug][safepoint     ] Safepoint synchronization initiated. (272 threads)
[2024-09-04T12:33:55.810+0000][1545.639s][info ][safepoint     ] Application time: 1.0002578 seconds
[2024-09-04T12:33:55.810+0000][1545.639s][info ][safepoint     ] Entering safepoint region: Cleanup
[2024-09-04T12:33:55.811+0000][1545.640s][info ][safepoint     ] Leaving safepoint region
[2024-09-04T12:33:55.811+0000][1545.640s][info ][safepoint     ] Total time for which application threads were stopped: 0.0007489 seconds, Stopping threads took: 0.0002195 seconds
[2024-09-04T12:33:56.811+0000][1546.640s][debug][safepoint     ] Safepoint synchronization initiated. (272 threads)
[2024-09-04T12:33:56.811+0000][1546.640s][info ][safepoint     ] Application time: 1.0003133 seconds
[2024-09-04T12:33:56.812+0000][1546.640s][info ][safepoint     ] Entering safepoint region: Cleanup
[2024-09-04T12:33:56.812+0000][1546.641s][info ][safepoint     ] Leaving safepoint region
[2024-09-04T12:33:56.812+0000][1546.641s][debug][safepoint     ] ... found polling page loop exception at pc = 0x00007ff4a1317510, stub =0x00007ff498826680
[2024-09-04T12:33:56.812+0000][1546.641s][info ][safepoint     ] Total time for which application threads were stopped: 0.0009125 seconds, Stopping threads took: 0.0002614 seconds
[2024-09-04T12:33:57.813+0000][1547.641s][debug][safepoint     ] Safepoint synchronization initiated. (272 threads)
[2024-09-04T12:33:57.813+0000][1547.642s][info ][safepoint     ] Application time: 1.0002917 seconds
[2024-09-04T12:33:57.813+0000][1547.642s][info ][safepoint     ] Entering safepoint region: Cleanup
[2024-09-04T12:33:57.813+0000][1547.642s][info ][safepoint     ] Leaving safepoint region
[2024-09-04T12:33:57.814+0000][1547.642s][info ][safepoint     ] Total time for which application threads were stopped: 0.0006958 seconds, Stopping threads took: 0.0001976 seconds
[2024-09-04T12:33:58.814+0000][1548.642s][debug][safepoint     ] Safepoint synchronization initiated. (272 threads)
[2024-09-04T12:33:58.814+0000][1548.643s][info ][safepoint     ] Application time: 1.0002464 seconds
[2024-09-04T12:33:58.814+0000][1548.643s][info ][safepoint     ] Entering safepoint region: Cleanup
[2024-09-04T12:33:58.815+0000][1548.643s][info ][safepoint     ] Leaving safepoint region
[2024-09-04T12:33:58.815+0000][1548.643s][info ][safepoint     ] Total time for which application threads were stopped: 0.0008197 seconds, Stopping threads took: 0.0001819 seconds
[2024-09-04T12:33:59.815+0000][1549.644s][debug][safepoint     ] Safepoint synchronization initiated. (273 threads)
[2024-09-04T12:33:59.815+0000][1549.644s][info ][safepoint     ] Application time: 1.0002164 seconds
[2024-09-04T12:33:59.815+0000][1549.644s][debug][safepoint     ] ... found polling page return exception at pc = 0x00007ff4a086111e, stub =0x00007ff498824b00
[2024-09-04T12:33:59.815+0000][1549.644s][debug][safepoint     ] Waiting for 2 thread(s) to block
[2024-09-04T12:33:59.815+0000][1549.644s][info ][safepoint     ] Entering safepoint region: Cleanup
[2024-09-04T12:33:59.816+0000][1549.644s][debug][safepoint     ] ... found polling page return exception at pc = 0x00007ff4a131ffd6, stub =0x00007ff498824b00
[2024-09-04T12:33:59.816+0000][1549.644s][info ][safepoint     ] Leaving safepoint region
[2024-09-04T12:33:59.816+0000][1549.644s][info ][safepoint     ] Total time for which application threads were stopped: 0.0008308 seconds, Stopping threads took: 0.0004177 seconds
[2024-09-04T12:34:00.816+0000][1550.645s][debug][safepoint     ] Safepoint synchronization initiated. (273 threads)
[2024-09-04T12:34:00.816+0000][1550.645s][info ][safepoint     ] Application time: 1.0002295 seconds
[2024-09-04T12:34:00.816+0000][1550.645s][info ][safepoint     ] Entering safepoint region: Cleanup
[2024-09-04T12:34:00.817+0000][1550.646s][info ][safepoint     ] Leaving safepoint region
[2024-09-04T12:34:00.817+0000][1550.646s][info ][safepoint     ] Total time for which application threads were stopped: 0.0008805 seconds, Stopping threads took: 0.0002591 seconds
[2024-09-04T12:34:01.817+0000][1551.646s][debug][safepoint     ] Safepoint synchronization initiated. (273 threads)
[2024-09-04T12:34:01.817+0000][1551.646s][info ][safepoint     ] Application time: 1.0003129 seconds
[2024-09-04T12:34:01.817+0000][1551.646s][info ][safepoint     ] Entering safepoint region: Cleanup
[2024-09-04T12:34:01.818+0000][1551.647s][info ][safepoint     ] Leaving safepoint region
[2024-09-04T12:34:01.818+0000][1551.647s][info ][safepoint     ] Total time for which application threads were stopped: 0.0007054 seconds, Stopping threads took: 0.0001978 seconds
[2024-09-04T12:34:02.818+0000][1552.647s][debug][safepoint     ] Safepoint synchronization initiated. (273 threads)
[2024-09-04T12:34:02.818+0000][1552.647s][info ][safepoint     ] Application time: 1.0002448 seconds
[2024-09-04T12:34:02.818+0000][1552.647s][info ][safepoint     ] Entering safepoint region: Cleanup
[2024-09-04T12:34:02.819+0000][1552.648s][info ][safepoint     ] Leaving safepoint region
[2024-09-04T12:34:02.819+0000][1552.648s][info ][safepoint     ] Total time for which application threads were stopped: 0.0007269 seconds, Stopping threads took: 0.0001639 seconds
[2024-09-04T12:34:03.819+0000][1553.648s][debug][safepoint     ] Safepoint synchronization initiated. (273 threads)
[2024-09-04T12:34:03.819+0000][1553.648s][info ][safepoint     ] Application time: 1.0003069 seconds
[2024-09-04T12:34:03.819+0000][1553.648s][info ][safepoint     ] Entering safepoint region: Cleanup
[2024-09-04T12:34:03.820+0000][1553.649s][info ][safepoint     ] Leaving safepoint region
[2024-09-04T12:34:03.820+0000][1553.649s][info ][safepoint     ] Total time for which application threads were stopped: 0.0008745 seconds, Stopping threads took: 0.0002264 seconds
[2024-09-04T12:34:04.820+0000][1554.649s][debug][safepoint     ] Safepoint synchronization initiated. (273 threads)
[2024-09-04T12:34:04.821+0000][1554.649s][info ][safepoint     ] Application time: 1.0003343 seconds
[2024-09-04T12:34:04.821+0000][1554.650s][info ][safepoint     ] Entering safepoint region: Cleanup
[2024-09-04T12:34:04.822+0000][1554.650s][info ][safepoint     ] Leaving safepoint region
[2024-09-04T12:34:04.822+0000][1554.650s][info ][safepoint     ] Total time for which application threads were stopped: 0.0011435 seconds, Stopping threads took: 0.0002762 seconds
[2024-09-04T12:34:05.822+0000][1555.651s][debug][safepoint     ] Safepoint synchronization initiated. (273 threads)
[2024-09-04T12:34:05.822+0000][1555.651s][info ][safepoint     ] Application time: 1.0003435 seconds
[2024-09-04T12:34:05.822+0000][1555.651s][info ][safepoint     ] Entering safepoint region: Cleanup
[2024-09-04T12:34:05.823+0000][1555.652s][info ][safepoint     ] Leaving safepoint region
[2024-09-04T12:34:05.823+0000][1555.652s][info ][safepoint     ] Total time for which application threads were stopped: 0.0008070 seconds, Stopping threads took: 0.0002208 seconds
[2024-09-04T12:34:06.823+0000][1556.652s][debug][safepoint     ] Safepoint synchronization initiated. (273 threads)
[2024-09-04T12:34:06.823+0000][1556.652s][info ][safepoint     ] Application time: 1.0002336 seconds
[2024-09-04T12:34:06.823+0000][1556.652s][debug][safepoint     ] ... found polling page return exception at pc = 0x00007ff4a12f256e, stub =0x00007ff498824b00
[2024-09-04T12:34:06.824+0000][1556.652s][debug][safepoint     ] Waiting for 1 thread(s) to block
[2024-09-04T12:34:06.824+0000][1556.652s][info ][safepoint     ] Entering safepoint region: Cleanup
[2024-09-04T12:34:06.825+0000][1556.653s][info ][safepoint     ] Leaving safepoint region
[2024-09-04T12:34:06.825+0000][1556.653s][info ][safepoint     ] Total time for which application threads were stopped: 0.0013557 seconds, Stopping threads took: 0.0005117 seconds
[2024-09-04T12:34:07.825+0000][1557.654s][debug][safepoint     ] Safepoint synchronization initiated. (273 threads)
[2024-09-04T12:34:07.825+0000][1557.654s][info ][safepoint     ] Application time: 1.0002781 seconds
[2024-09-04T12:34:07.825+0000][1557.654s][info ][safepoint     ] Entering safepoint region: Cleanup
[2024-09-04T12:34:07.826+0000][1557.655s][info ][safepoint     ] Leaving safepoint region
[2024-09-04T12:34:07.826+0000][1557.655s][info ][safepoint     ] Total time for which application threads were stopped: 0.0008912 seconds, Stopping threads took: 0.0002287 seconds
[2024-09-04T12:34:08.826+0000][1558.655s][debug][safepoint     ] Safepoint synchronization initiated. (273 threads)
[2024-09-04T12:34:08.826+0000][1558.655s][info ][safepoint     ] Application time: 1.0002380 seconds
[2024-09-04T12:34:08.826+0000][1558.655s][info ][safepoint     ] Entering safepoint region: Cleanup
[2024-09-04T12:34:08.827+0000][1558.655s][info ][safepoint     ] Leaving safepoint region
[2024-09-04T12:34:08.827+0000][1558.655s][info ][safepoint     ] Total time for which application threads were stopped: 0.0005376 seconds, Stopping threads took: 0.0001680 seconds
[2024-09-04T12:34:09.827+0000][1559.656s][debug][safepoint     ] Safepoint synchronization initiated. (273 threads)
[2024-09-04T12:34:09.827+0000][1559.656s][info ][safepoint     ] Application time: 1.0002657 seconds
[2024-09-04T12:34:09.827+0000][1559.656s][debug][safepoint     ] Waiting for 1 thread(s) to block
[2024-09-04T12:34:09.827+0000][1559.656s][info ][safepoint     ] Entering safepoint region: Cleanup
[2024-09-04T12:34:09.828+0000][1559.657s][info ][safepoint     ] Leaving safepoint region
[2024-09-04T12:34:09.828+0000][1559.657s][info ][safepoint     ] Total time for which application threads were stopped: 0.0010890 seconds, Stopping threads took: 0.0004692 seconds
[2024-09-04T12:34:10.828+0000][1560.657s][debug][safepoint     ] Safepoint synchronization initiated. (273 threads)
[2024-09-04T12:34:10.828+0000][1560.657s][info ][safepoint     ] Application time: 1.0002731 seconds
[2024-09-04T12:34:10.829+0000][1560.657s][info ][safepoint     ] Entering safepoint region: Cleanup
[2024-09-04T12:34:10.829+0000][1560.658s][info ][safepoint     ] Leaving safepoint region
[2024-09-04T12:34:10.829+0000][1560.658s][info ][safepoint     ] Total time for which application threads were stopped: 0.0007910 seconds, Stopping threads took: 0.0002463 seconds
[2024-09-04T12:34:11.829+0000][1561.658s][debug][safepoint     ] Safepoint synchronization initiated. (273 threads)
[2024-09-04T12:34:11.829+0000][1561.658s][info ][safepoint     ] Application time: 1.0002428 seconds
[2024-09-04T12:34:11.830+0000][1561.658s][info ][safepoint     ] Entering safepoint region: Cleanup
[2024-09-04T12:34:11.830+0000][1561.659s][info ][safepoint     ] Leaving safepoint region
[2024-09-04T12:34:11.830+0000][1561.659s][info ][safepoint     ] Total time for which application threads were stopped: 0.0006845 seconds, Stopping threads took: 0.0001601 seconds
[2024-09-04T12:34:12.830+0000][1562.659s][debug][safepoint     ] Safepoint synchronization initiated. (273 threads)
[2024-09-04T12:34:12.830+0000][1562.659s][info ][safepoint     ] Application time: 1.0003002 seconds
[2024-09-04T12:34:12.831+0000][1562.659s][info ][safepoint     ] Entering safepoint region: Cleanup
[2024-09-04T12:34:12.831+0000][1562.660s][info ][safepoint     ] Leaving safepoint region
[2024-09-04T12:34:12.831+0000][1562.660s][info ][safepoint     ] Total time for which application threads were stopped: 0.0005693 seconds, Stopping threads took: 0.0001821 seconds
[2024-09-04T12:34:13.831+0000][1563.660s][debug][safepoint     ] Safepoint synchronization initiated. (273 threads)
[2024-09-04T12:34:13.831+0000][1563.660s][info ][safepoint     ] Application time: 1.0002670 seconds
[2024-09-04T12:34:13.832+0000][1563.660s][info ][safepoint     ] Entering safepoint region: Cleanup
[2024-09-04T12:34:13.832+0000][1563.661s][info ][safepoint     ] Leaving safepoint region
[2024-09-04T12:34:13.832+0000][1563.661s][info ][safepoint     ] Total time for which application threads were stopped: 0.0008423 seconds, Stopping threads took: 0.0002828 seconds
[2024-09-04T12:34:14.832+0000][1564.661s][debug][safepoint     ] Safepoint synchronization initiated. (273 threads)
[2024-09-04T12:34:14.833+0000][1564.661s][info ][safepoint     ] Application time: 1.0002699 seconds
[2024-09-04T12:34:14.833+0000][1564.662s][info ][safepoint     ] Entering safepoint region: Cleanup
[2024-09-04T12:34:14.834+0000][1564.662s][info ][safepoint     ] Leaving safepoint region
[2024-09-04T12:34:14.834+0000][1564.663s][info ][safepoint     ] Total time for which application threads were stopped: 0.0012231 seconds, Stopping threads took: 0.0004393 seconds
[2024-09-04T12:34:15.834+0000][1565.663s][debug][safepoint     ] Safepoint synchronization initiated. (273 threads)
[2024-09-04T12:34:15.834+0000][1565.663s][info ][safepoint     ] Application time: 1.0002399 seconds
[2024-09-04T12:34:15.834+0000][1565.663s][info ][safepoint     ] Entering safepoint region: Cleanup
[2024-09-04T12:34:15.835+0000][1565.664s][info ][safepoint     ] Leaving safepoint region
[2024-09-04T12:34:15.835+0000][1565.664s][info ][safepoint     ] Total time for which application threads were stopped: 0.0006986 seconds, Stopping threads took: 0.0002177 seconds
[2024-09-04T12:34:16.835+0000][1566.664s][debug][safepoint     ] Safepoint synchronization initiated. (273 threads)
[2024-09-04T12:34:16.835+0000][1566.664s][info ][safepoint     ] Application time: 1.0002470 seconds
[2024-09-04T12:34:16.835+0000][1566.664s][debug][safepoint     ] ... found polling page return exception at pc = 0x00007ff4a0a468c4, stub =0x00007ff498824b00
[2024-09-04T12:34:16.835+0000][1566.664s][debug][safepoint     ] Waiting for 2 thread(s) to block
[2024-09-04T12:34:16.835+0000][1566.664s][info ][safepoint     ] Entering safepoint region: Cleanup
[2024-09-04T12:34:16.836+0000][1566.665s][info ][safepoint     ] Leaving safepoint region
[2024-09-04T12:34:16.836+0000][1566.665s][debug][safepoint     ] ... found polling page return exception at pc = 0x00007ff4a131ffd6, stub =0x00007ff498824b00
[2024-09-04T12:34:16.836+0000][1566.665s][info ][safepoint     ] Total time for which application threads were stopped: 0.0009067 seconds, Stopping threads took: 0.0004418 seconds
[2024-09-04T12:34:17.836+0000][1567.665s][debug][safepoint     ] Safepoint synchronization initiated. (272 threads)
[2024-09-04T12:34:17.836+0000][1567.665s][info ][safepoint     ] Application time: 1.0003901 seconds
[2024-09-04T12:34:17.837+0000][1567.666s][info ][safepoint     ] Entering safepoint region: Cleanup
[2024-09-04T12:34:17.838+0000][1567.666s][info ][safepoint     ] Leaving safepoint region
[2024-09-04T12:34:17.838+0000][1567.666s][info ][safepoint     ] Total time for which application threads were stopped: 0.0011102 seconds, Stopping threads took: 0.0003955 seconds
[2024-09-04T12:34:18.046+0000][1567.874s][debug][safepoint     ] Safepoint synchronization initiated. (272 threads)
[2024-09-04T12:34:18.046+0000][1567.875s][info ][safepoint     ] Application time: 0.2081777 seconds
[2024-09-04T12:34:18.046+0000][1567.875s][info ][safepoint     ] Entering safepoint region: G1CollectForAllocation
[2024-09-04T12:34:18.046+0000][1567.875s][info ][gc,start      ] GC(125) Pause Young (Normal) (G1 Evacuation Pause)
[2024-09-04T12:34:18.046+0000][1567.875s][info ][gc,task       ] GC(125) Using 4 workers of 4 for evacuation
[2024-09-04T12:34:18.057+0000][1567.885s][info ][gc,phases     ] GC(125)   Pre Evacuate Collection Set: 0.1ms
[2024-09-04T12:34:18.057+0000][1567.886s][info ][gc,phases     ] GC(125)   Evacuate Collection Set: 3.7ms
[2024-09-04T12:34:18.057+0000][1567.886s][info ][gc,phases     ] GC(125)   Post Evacuate Collection Set: 5.9ms
[2024-09-04T12:34:18.057+0000][1567.886s][info ][gc,phases     ] GC(125)   Other: 0.6ms
[2024-09-04T12:34:18.057+0000][1567.886s][info ][gc,heap       ] GC(125) Eden regions: 188->0(188)
[2024-09-04T12:34:18.057+0000][1567.886s][info ][gc,heap       ] GC(125) Survivor regions: 2->2(24)
[2024-09-04T12:34:18.057+0000][1567.886s][info ][gc,heap       ] GC(125) Old regions: 178->178
[2024-09-04T12:34:18.057+0000][1567.886s][info ][gc,heap       ] GC(125) Humongous regions: 0->0
[2024-09-04T12:34:18.057+0000][1567.886s][info ][gc,metaspace  ] GC(125) Metaspace: 183905K(190064K)->183905K(190064K) NonClass: 162831K(166612K)->162831K(166612K) Class: 21074K(23452K)->21074K(23452K)
[2024-09-04T12:34:18.057+0000][1567.886s][info ][gc            ] GC(125) Pause Young (Normal) (G1 Evacuation Pause) 365M->177M(412M) 10.511ms
[2024-09-04T12:34:18.057+0000][1567.886s][info ][gc,cpu        ] GC(125) User=0.03s Sys=0.00s Real=0.01s
[2024-09-04T12:34:18.057+0000][1567.886s][info ][safepoint     ] Leaving safepoint region
[2024-09-04T12:34:18.057+0000][1567.886s][info ][safepoint     ] Total time for which application threads were stopped: 0.0112928 seconds, Stopping threads took: 0.0001739 seconds
[2024-09-04T12:34:18.057+0000][1567.886s][info ][gc,stringdedup] Concurrent String Deduplication (1567.886s)
[2024-09-04T12:34:18.057+0000][1567.886s][info ][gc,stringdedup] Concurrent String Deduplication 8392.0B->48.0B(8344.0B) avg 55.1% (1567.886s, 1567.886s) 0.103ms
[2024-09-04T12:34:19.057+0000][1568.886s][debug][safepoint     ] Safepoint synchronization initiated. (272 threads)
[2024-09-04T12:34:19.058+0000][1568.886s][info ][safepoint     ] Application time: 1.0004495 seconds
[2024-09-04T12:34:19.058+0000][1568.887s][info ][safepoint     ] Entering safepoint region: Cleanup
[2024-09-04T12:34:19.059+0000][1568.888s][info ][safepoint     ] Leaving safepoint region
[2024-09-04T12:34:19.059+0000][1568.888s][info ][safepoint     ] Total time for which application threads were stopped: 0.0012109 seconds, Stopping threads took: 0.0004892 seconds
[2024-09-04T12:34:20.059+0000][1569.888s][debug][safepoint     ] Safepoint synchronization initiated. (272 threads)
[2024-09-04T12:34:20.059+0000][1569.888s][info ][safepoint     ] Application time: 1.0003334 seconds
[2024-09-04T12:34:20.060+0000][1569.889s][info ][safepoint     ] Entering safepoint region: Cleanup
[2024-09-04T12:34:20.060+0000][1569.889s][info ][safepoint     ] Leaving safepoint region
[2024-09-04T12:34:20.060+0000][1569.889s][info ][safepoint     ] Total time for which application threads were stopped: 0.0010548 seconds, Stopping threads took: 0.0005415 seconds
[2024-09-04T12:34:21.061+0000][1570.889s][debug][safepoint     ] Safepoint synchronization initiated. (272 threads)
[2024-09-04T12:34:21.061+0000][1570.889s][info ][safepoint     ] Application time: 1.0002735 seconds
[2024-09-04T12:34:21.061+0000][1570.890s][info ][safepoint     ] Entering safepoint region: Cleanup
[2024-09-04T12:34:21.061+0000][1570.890s][info ][safepoint     ] Leaving safepoint region
[2024-09-04T12:34:21.061+0000][1570.890s][info ][safepoint     ] Total time for which application threads were stopped: 0.0008123 seconds, Stopping threads took: 0.0001914 seconds
[2024-09-04T12:34:22.062+0000][1571.890s][debug][safepoint     ] Safepoint synchronization initiated. (272 threads)
[2024-09-04T12:34:22.062+0000][1571.891s][info ][safepoint     ] Application time: 1.0002923 seconds
[2024-09-04T12:34:22.062+0000][1571.891s][info ][safepoint     ] Entering safepoint region: Cleanup
[2024-09-04T12:34:22.063+0000][1571.892s][info ][safepoint     ] Leaving safepoint region
[2024-09-04T12:34:22.063+0000][1571.892s][info ][safepoint     ] Total time for which application threads were stopped: 0.0010616 seconds, Stopping threads took: 0.0005448 seconds
[2024-09-04T12:34:23.063+0000][1572.892s][debug][safepoint     ] Safepoint synchronization initiated. (272 threads)
[2024-09-04T12:34:23.063+0000][1572.892s][info ][safepoint     ] Application time: 1.0002443 seconds
[2024-09-04T12:34:23.063+0000][1572.892s][info ][safepoint     ] Entering safepoint region: Cleanup
[2024-09-04T12:34:23.064+0000][1572.893s][info ][safepoint     ] Leaving safepoint region
[2024-09-04T12:34:23.064+0000][1572.893s][info ][safepoint     ] Total time for which application threads were stopped: 0.0007473 seconds, Stopping threads took: 0.0002741 seconds
[2024-09-04T12:34:24.064+0000][1573.893s][debug][safepoint     ] Safepoint synchronization initiated. (272 threads)
[2024-09-04T12:34:24.064+0000][1573.893s][info ][safepoint     ] Application time: 1.0003057 seconds
[2024-09-04T12:34:24.065+0000][1573.894s][info ][safepoint     ] Entering safepoint region: Cleanup
[2024-09-04T12:34:24.065+0000][1573.894s][info ][safepoint     ] Leaving safepoint region
[2024-09-04T12:34:24.065+0000][1573.894s][info ][safepoint     ] Total time for which application threads were stopped: 0.0010097 seconds, Stopping threads took: 0.0004966 seconds
[2024-09-04T12:34:25.066+0000][1574.894s][debug][safepoint     ] Safepoint synchronization initiated. (272 threads)
[2024-09-04T12:34:25.066+0000][1574.894s][info ][safepoint     ] Application time: 1.0002809 seconds
[2024-09-04T12:34:25.066+0000][1574.895s][info ][safepoint     ] Entering safepoint region: Cleanup
[2024-09-04T12:34:25.066+0000][1574.895s][info ][safepoint     ] Leaving safepoint region
[2024-09-04T12:34:25.066+0000][1574.895s][info ][safepoint     ] Total time for which application threads were stopped: 0.0008499 seconds, Stopping threads took: 0.0003132 seconds
[2024-09-04T12:34:26.067+0000][1575.895s][debug][safepoint     ] Safepoint synchronization initiated. (274 threads)
[2024-09-04T12:34:26.067+0000][1575.896s][info ][safepoint     ] Application time: 1.0002887 seconds
[2024-09-04T12:34:26.067+0000][1575.896s][info ][safepoint     ] Entering safepoint region: Cleanup
[2024-09-04T12:34:26.068+0000][1575.896s][info ][safepoint     ] Leaving safepoint region
[2024-09-04T12:34:26.068+0000][1575.896s][info ][safepoint     ] Total time for which application threads were stopped: 0.0007359 seconds, Stopping threads took: 0.0002138 seconds
[2024-09-04T12:34:27.068+0000][1576.897s][debug][safepoint     ] Safepoint synchronization initiated. (274 threads)
[2024-09-04T12:34:27.068+0000][1576.897s][info ][safepoint     ] Application time: 1.0003582 seconds
[2024-09-04T12:34:27.068+0000][1576.897s][info ][safepoint     ] Entering safepoint region: Cleanup
[2024-09-04T12:34:27.069+0000][1576.898s][info ][safepoint     ] Leaving safepoint region
[2024-09-04T12:34:27.069+0000][1576.898s][info ][safepoint     ] Total time for which application threads were stopped: 0.0010845 seconds, Stopping threads took: 0.0002541 seconds
[2024-09-04T12:34:28.069+0000][1577.898s][debug][safepoint     ] Safepoint synchronization initiated. (273 threads)
[2024-09-04T12:34:28.070+0000][1577.898s][info ][safepoint     ] Application time: 1.0003838 seconds
[2024-09-04T12:34:28.070+0000][1577.898s][debug][safepoint     ] ... found polling page return exception at pc = 0x00007ff4a0cbdc72, stub =0x00007ff498824b00
[2024-09-04T12:34:28.070+0000][1577.899s][debug][safepoint     ] Waiting for 1 thread(s) to block
[2024-09-04T12:34:28.070+0000][1577.899s][info ][safepoint     ] Entering safepoint region: Cleanup
[2024-09-04T12:34:28.070+0000][1577.899s][debug][safepoint     ] ... found polling page return exception at pc = 0x00007ff4a131ffd6, stub =0x00007ff498824b00
[2024-09-04T12:34:28.070+0000][1577.899s][info ][safepoint     ] Leaving safepoint region
[2024-09-04T12:34:28.071+0000][1577.899s][info ][safepoint     ] Total time for which application threads were stopped: 0.0010800 seconds, Stopping threads took: 0.0003766 seconds
[2024-09-04T12:34:29.071+0000][1578.900s][debug][safepoint     ] Safepoint synchronization initiated. (273 threads)
[2024-09-04T12:34:29.071+0000][1578.900s][info ][safepoint     ] Application time: 1.0002390 seconds
[2024-09-04T12:34:29.071+0000][1578.900s][info ][safepoint     ] Entering safepoint region: Cleanup
[2024-09-04T12:34:29.071+0000][1578.900s][info ][safepoint     ] Leaving safepoint region
[2024-09-04T12:34:29.071+0000][1578.900s][info ][safepoint     ] Total time for which application threads were stopped: 0.0005858 seconds, Stopping threads took: 0.0001665 seconds
[2024-09-04T12:34:30.072+0000][1579.901s][debug][safepoint     ] Safepoint synchronization initiated. (273 threads)
[2024-09-04T12:34:30.072+0000][1579.901s][info ][safepoint     ] Application time: 1.0004295 seconds
[2024-09-04T12:34:30.072+0000][1579.901s][info ][safepoint     ] Entering safepoint region: Cleanup
[2024-09-04T12:34:30.073+0000][1579.902s][info ][safepoint     ] Leaving safepoint region
[2024-09-04T12:34:30.073+0000][1579.902s][info ][safepoint     ] Total time for which application threads were stopped: 0.0011340 seconds, Stopping threads took: 0.0002431 seconds
[2024-09-04T12:34:31.073+0000][1580.902s][debug][safepoint     ] Safepoint synchronization initiated. (273 threads)
[2024-09-04T12:34:31.074+0000][1580.902s][info ][safepoint     ] Application time: 1.0004647 seconds
[2024-09-04T12:34:31.074+0000][1580.903s][info ][safepoint     ] Entering safepoint region: Cleanup
[2024-09-04T12:34:31.075+0000][1580.903s][info ][safepoint     ] Leaving safepoint region
[2024-09-04T12:34:31.075+0000][1580.903s][info ][safepoint     ] Total time for which application threads were stopped: 0.0010014 seconds, Stopping threads took: 0.0003405 seconds
[2024-09-04T12:34:31.075+0000][1580.903s][debug][safepoint     ] ... found polling page return exception at pc = 0x00007ff4a131ffd6, stub =0x00007ff498824b00
[2024-09-04T12:34:32.075+0000][1581.904s][debug][safepoint     ] Safepoint synchronization initiated. (273 threads)
[2024-09-04T12:34:32.075+0000][1581.904s][info ][safepoint     ] Application time: 1.0002716 seconds
[2024-09-04T12:34:32.075+0000][1581.904s][info ][safepoint     ] Entering safepoint region: Cleanup
[2024-09-04T12:34:32.076+0000][1581.905s][info ][safepoint     ] Leaving safepoint region
[2024-09-04T12:34:32.076+0000][1581.905s][info ][safepoint     ] Total time for which application threads were stopped: 0.0011209 seconds, Stopping threads took: 0.0002280 seconds
[2024-09-04T12:34:33.076+0000][1582.905s][debug][safepoint     ] Safepoint synchronization initiated. (273 threads)
[2024-09-04T12:34:33.076+0000][1582.905s][info ][safepoint     ] Application time: 1.0002304 seconds
[2024-09-04T12:34:33.077+0000][1582.905s][info ][safepoint     ] Entering safepoint region: Cleanup
[2024-09-04T12:34:33.077+0000][1582.906s][info ][safepoint     ] Leaving safepoint region
[2024-09-04T12:34:33.077+0000][1582.906s][debug][safepoint     ] ... found polling page return exception at pc = 0x00007ff4a131ffd6, stub =0x00007ff498824b00
[2024-09-04T12:34:33.077+0000][1582.906s][debug][safepoint     ] ... found polling page return exception at pc = 0x00007ff4a131ffd6, stub =0x00007ff498824b00
[2024-09-04T12:34:33.077+0000][1582.906s][info ][safepoint     ] Total time for which application threads were stopped: 0.0010048 seconds, Stopping threads took: 0.0002606 seconds
[2024-09-04T12:34:34.078+0000][1583.907s][debug][safepoint     ] Safepoint synchronization initiated. (273 threads)
[2024-09-04T12:34:34.078+0000][1583.907s][info ][safepoint     ] Application time: 1.0003219 seconds
[2024-09-04T12:34:34.078+0000][1583.907s][debug][safepoint     ] ... found polling page return exception at pc = 0x00007ff4a0ad015b, stub =0x00007ff498824b00
[2024-09-04T12:34:34.078+0000][1583.907s][debug][safepoint     ] Waiting for 1 thread(s) to block
[2024-09-04T12:34:34.078+0000][1583.907s][info ][safepoint     ] Entering safepoint region: Cleanup
[2024-09-04T12:34:34.079+0000][1583.908s][debug][safepoint     ] ... found polling page return exception at pc = 0x00007ff4a131ffd6, stub =0x00007ff498824b00
[2024-09-04T12:34:34.079+0000][1583.908s][info ][safepoint     ] Leaving safepoint region
[2024-09-04T12:34:34.079+0000][1583.908s][info ][safepoint     ] Total time for which application threads were stopped: 0.0011400 seconds, Stopping threads took: 0.0004031 seconds
[2024-09-04T12:34:35.079+0000][1584.908s][debug][safepoint     ] Safepoint synchronization initiated. (273 threads)
[2024-09-04T12:34:35.080+0000][1584.908s][info ][safepoint     ] Application time: 1.0004192 seconds
[2024-09-04T12:34:35.080+0000][1584.909s][info ][safepoint     ] Entering safepoint region: Cleanup
[2024-09-04T12:34:35.081+0000][1584.909s][info ][safepoint     ] Leaving safepoint region
[2024-09-04T12:34:35.081+0000][1584.909s][info ][safepoint     ] Total time for which application threads were stopped: 0.0011465 seconds, Stopping threads took: 0.0002451 seconds
[2024-09-04T12:34:36.081+0000][1585.910s][debug][safepoint     ] Safepoint synchronization initiated. (273 threads)
[2024-09-04T12:34:36.081+0000][1585.910s][info ][safepoint     ] Application time: 1.0002327 seconds
[2024-09-04T12:34:36.081+0000][1585.910s][info ][safepoint     ] Entering safepoint region: Cleanup
[2024-09-04T12:34:36.082+0000][1585.910s][info ][safepoint     ] Leaving safepoint region
[2024-09-04T12:34:36.082+0000][1585.910s][info ][safepoint     ] Total time for which application threads were stopped: 0.0007499 seconds, Stopping threads took: 0.0002191 seconds
[2024-09-04T12:34:37.082+0000][1586.911s][debug][safepoint     ] Safepoint synchronization initiated. (273 threads)
[2024-09-04T12:34:37.082+0000][1586.911s][info ][safepoint     ] Application time: 1.0002241 seconds
[2024-09-04T12:34:37.082+0000][1586.911s][info ][safepoint     ] Entering safepoint region: Cleanup
[2024-09-04T12:34:37.083+0000][1586.912s][info ][safepoint     ] Leaving safepoint region
[2024-09-04T12:34:37.083+0000][1586.912s][info ][safepoint     ] Total time for which application threads were stopped: 0.0009282 seconds, Stopping threads took: 0.0002213 seconds
[2024-09-04T12:34:38.083+0000][1587.912s][debug][safepoint     ] Safepoint synchronization initiated. (273 threads)
[2024-09-04T12:34:38.083+0000][1587.912s][info ][safepoint     ] Application time: 1.0002678 seconds
[2024-09-04T12:34:38.083+0000][1587.912s][info ][safepoint     ] Entering safepoint region: Cleanup
[2024-09-04T12:34:38.084+0000][1587.913s][info ][safepoint     ] Leaving safepoint region
[2024-09-04T12:34:38.084+0000][1587.913s][info ][safepoint     ] Total time for which application threads were stopped: 0.0009802 seconds, Stopping threads took: 0.0001966 seconds
[2024-09-04T12:34:39.084+0000][1588.913s][debug][safepoint     ] Safepoint synchronization initiated. (273 threads)
[2024-09-04T12:34:39.085+0000][1588.913s][info ][safepoint     ] Application time: 1.0003270 seconds
[2024-09-04T12:34:39.085+0000][1588.914s][info ][safepoint     ] Entering safepoint region: Cleanup
[2024-09-04T12:34:39.086+0000][1588.914s][info ][safepoint     ] Leaving safepoint region
[2024-09-04T12:34:39.086+0000][1588.914s][info ][safepoint     ] Total time for which application threads were stopped: 0.0010301 seconds, Stopping threads took: 0.0003150 seconds
[2024-09-04T12:34:40.086+0000][1589.915s][debug][safepoint     ] Safepoint synchronization initiated. (273 threads)
[2024-09-04T12:34:40.086+0000][1589.915s][info ][safepoint     ] Application time: 1.0002896 seconds
[2024-09-04T12:34:40.086+0000][1589.915s][debug][safepoint     ] ... found polling page return exception at pc = 0x00007ff4a0ee1b9f, stub =0x00007ff498824b00
[2024-09-04T12:34:40.086+0000][1589.915s][debug][safepoint     ] Waiting for 1 thread(s) to block
[2024-09-04T12:34:40.086+0000][1589.915s][info ][safepoint     ] Entering safepoint region: Cleanup
[2024-09-04T12:34:40.087+0000][1589.916s][debug][safepoint     ] ... found polling page return exception at pc = 0x00007ff4a131ffd6, stub =0x00007ff498824b00
[2024-09-04T12:34:40.087+0000][1589.916s][info ][safepoint     ] Leaving safepoint region
[2024-09-04T12:34:40.087+0000][1589.916s][info ][safepoint     ] Total time for which application threads were stopped: 0.0010608 seconds, Stopping threads took: 0.0004342 seconds
[2024-09-04T12:34:41.087+0000][1590.916s][debug][safepoint     ] Safepoint synchronization initiated. (273 threads)
[2024-09-04T12:34:41.087+0000][1590.916s][info ][safepoint     ] Application time: 1.0002719 seconds
[2024-09-04T12:34:41.088+0000][1590.916s][info ][safepoint     ] Entering safepoint region: Cleanup
[2024-09-04T12:34:41.088+0000][1590.917s][info ][safepoint     ] Leaving safepoint region
[2024-09-04T12:34:41.088+0000][1590.917s][info ][safepoint     ] Total time for which application threads were stopped: 0.0008574 seconds, Stopping threads took: 0.0002052 seconds
[2024-09-04T12:34:42.088+0000][1591.917s][debug][safepoint     ] Safepoint synchronization initiated. (273 threads)
[2024-09-04T12:34:42.089+0000][1591.917s][info ][safepoint     ] Application time: 1.0003049 seconds
[2024-09-04T12:34:42.089+0000][1591.918s][info ][safepoint     ] Entering safepoint region: Cleanup
[2024-09-04T12:34:42.089+0000][1591.918s][info ][safepoint     ] Leaving safepoint region
[2024-09-04T12:34:42.090+0000][1591.918s][info ][safepoint     ] Total time for which application threads were stopped: 0.0009279 seconds, Stopping threads took: 0.0002060 seconds
[2024-09-04T12:34:43.090+0000][1592.918s][debug][safepoint     ] Safepoint synchronization initiated. (273 threads)
[2024-09-04T12:34:43.090+0000][1592.918s][info ][safepoint     ] Application time: 1.0001836 seconds
[2024-09-04T12:34:43.090+0000][1592.919s][info ][safepoint     ] Entering safepoint region: Cleanup
[2024-09-04T12:34:43.090+0000][1592.919s][info ][safepoint     ] Leaving safepoint region
[2024-09-04T12:34:43.090+0000][1592.919s][info ][safepoint     ] Total time for which application threads were stopped: 0.0006940 seconds, Stopping threads took: 0.0001792 seconds
[2024-09-04T12:34:43.871+0000][1593.700s][debug][safepoint     ] Safepoint synchronization initiated. (273 threads)
[2024-09-04T12:34:43.872+0000][1593.700s][info ][safepoint     ] Application time: 0.7810771 seconds
[2024-09-04T12:34:43.872+0000][1593.700s][debug][safepoint     ] ... found polling page return exception at pc = 0x00007ff4a0a9382c, stub =0x00007ff498824b00
[2024-09-04T12:34:43.872+0000][1593.701s][debug][safepoint     ] Waiting for 1 thread(s) to block
[2024-09-04T12:34:43.872+0000][1593.701s][info ][safepoint     ] Entering safepoint region: G1CollectForAllocation
[2024-09-04T12:34:43.873+0000][1593.702s][info ][gc,start      ] GC(126) Pause Young (Normal) (G1 Evacuation Pause)
[2024-09-04T12:34:43.873+0000][1593.702s][info ][gc,task       ] GC(126) Using 4 workers of 4 for evacuation
[2024-09-04T12:34:43.889+0000][1593.718s][info ][gc,phases     ] GC(126)   Pre Evacuate Collection Set: 2.0ms
[2024-09-04T12:34:43.889+0000][1593.718s][info ][gc,phases     ] GC(126)   Evacuate Collection Set: 5.5ms
[2024-09-04T12:34:43.889+0000][1593.718s][info ][gc,phases     ] GC(126)   Post Evacuate Collection Set: 7.6ms
[2024-09-04T12:34:43.889+0000][1593.718s][info ][gc,phases     ] GC(126)   Other: 1.2ms
[2024-09-04T12:34:43.889+0000][1593.718s][info ][gc,heap       ] GC(126) Eden regions: 188->0(188)
[2024-09-04T12:34:43.889+0000][1593.718s][info ][gc,heap       ] GC(126) Survivor regions: 2->2(24)
[2024-09-04T12:34:43.889+0000][1593.718s][info ][gc,heap       ] GC(126) Old regions: 178->178
[2024-09-04T12:34:43.889+0000][1593.718s][info ][gc,heap       ] GC(126) Humongous regions: 0->0
[2024-09-04T12:34:43.889+0000][1593.718s][info ][gc,metaspace  ] GC(126) Metaspace: 184065K(190320K)->184065K(190320K) NonClass: 162991K(166868K)->162991K(166868K) Class: 21074K(23452K)->21074K(23452K)
[2024-09-04T12:34:43.889+0000][1593.718s][info ][gc            ] GC(126) Pause Young (Normal) (G1 Evacuation Pause) 365M->177M(412M) 16.298ms
[2024-09-04T12:34:43.889+0000][1593.718s][info ][gc,cpu        ] GC(126) User=0.05s Sys=0.00s Real=0.01s
[2024-09-04T12:34:43.889+0000][1593.718s][info ][safepoint     ] Leaving safepoint region
[2024-09-04T12:34:43.889+0000][1593.718s][info ][safepoint     ] Total time for which application threads were stopped: 0.0177012 seconds, Stopping threads took: 0.0005939 seconds
[2024-09-04T12:34:43.889+0000][1593.718s][info ][gc,stringdedup] Concurrent String Deduplication (1593.718s)
[2024-09-04T12:34:43.890+0000][1593.719s][info ][gc,stringdedup] Concurrent String Deduplication 93048.0B->0.0B(93048.0B) avg 55.3% (1593.718s, 1593.719s) 0.790ms
[2024-09-04T12:34:44.890+0000][1594.718s][debug][safepoint     ] Safepoint synchronization initiated. (273 threads)
[2024-09-04T12:34:44.890+0000][1594.718s][info ][safepoint     ] Application time: 1.0003396 seconds
[2024-09-04T12:34:44.890+0000][1594.719s][info ][safepoint     ] Entering safepoint region: Cleanup
[2024-09-04T12:34:44.891+0000][1594.719s][info ][safepoint     ] Leaving safepoint region
[2024-09-04T12:34:44.891+0000][1594.719s][info ][safepoint     ] Total time for which application threads were stopped: 0.0009204 seconds, Stopping threads took: 0.0002648 seconds
[2024-09-04T12:34:45.891+0000][1595.720s][debug][safepoint     ] Safepoint synchronization initiated. (273 threads)
[2024-09-04T12:34:45.891+0000][1595.720s][info ][safepoint     ] Application time: 1.0003043 seconds
[2024-09-04T12:34:45.891+0000][1595.720s][info ][safepoint     ] Entering safepoint region: Cleanup
[2024-09-04T12:34:45.892+0000][1595.721s][info ][safepoint     ] Leaving safepoint region
[2024-09-04T12:34:45.892+0000][1595.721s][info ][safepoint     ] Total time for which application threads were stopped: 0.0010220 seconds, Stopping threads took: 0.0002366 seconds
[2024-09-04T12:34:46.892+0000][1596.721s][debug][safepoint     ] Safepoint synchronization initiated. (273 threads)
[2024-09-04T12:34:46.892+0000][1596.721s][info ][safepoint     ] Application time: 1.0002279 seconds
[2024-09-04T12:34:46.892+0000][1596.721s][info ][safepoint     ] Entering safepoint region: Cleanup
[2024-09-04T12:34:46.893+0000][1596.722s][info ][safepoint     ] Leaving safepoint region
[2024-09-04T12:34:46.893+0000][1596.722s][info ][safepoint     ] Total time for which application threads were stopped: 0.0010884 seconds, Stopping threads took: 0.0002536 seconds
[2024-09-04T12:34:47.894+0000][1597.722s][debug][safepoint     ] Safepoint synchronization initiated. (273 threads)
[2024-09-04T12:34:47.894+0000][1597.723s][info ][safepoint     ] Application time: 1.0004425 seconds
[2024-09-04T12:34:47.894+0000][1597.723s][info ][safepoint     ] Entering safepoint region: Cleanup
[2024-09-04T12:34:47.895+0000][1597.724s][info ][safepoint     ] Leaving safepoint region
[2024-09-04T12:34:47.895+0000][1597.724s][info ][safepoint     ] Total time for which application threads were stopped: 0.0009960 seconds, Stopping threads took: 0.0002751 seconds
[2024-09-04T12:34:48.895+0000][1598.724s][debug][safepoint     ] Safepoint synchronization initiated. (273 threads)
[2024-09-04T12:34:48.895+0000][1598.724s][info ][safepoint     ] Application time: 1.0002655 seconds
[2024-09-04T12:34:48.895+0000][1598.724s][info ][safepoint     ] Entering safepoint region: Cleanup
[2024-09-04T12:34:48.896+0000][1598.725s][info ][safepoint     ] Leaving safepoint region
[2024-09-04T12:34:48.896+0000][1598.725s][info ][safepoint     ] Total time for which application threads were stopped: 0.0007799 seconds, Stopping threads took: 0.0002451 seconds
[2024-09-04T12:34:49.896+0000][1599.725s][debug][safepoint     ] Safepoint synchronization initiated. (273 threads)
[2024-09-04T12:34:49.896+0000][1599.725s][info ][safepoint     ] Application time: 1.0001759 seconds
[2024-09-04T12:34:49.896+0000][1599.725s][debug][safepoint     ] Waiting for 1 thread(s) to block
[2024-09-04T12:34:49.896+0000][1599.725s][info ][safepoint     ] Entering safepoint region: Cleanup
[2024-09-04T12:34:49.897+0000][1599.726s][info ][safepoint     ] Leaving safepoint region
[2024-09-04T12:34:49.897+0000][1599.726s][info ][safepoint     ] Total time for which application threads were stopped: 0.0007168 seconds, Stopping threads took: 0.0002751 seconds
[2024-09-04T12:34:50.897+0000][1600.726s][debug][safepoint     ] Safepoint synchronization initiated. (273 threads)
[2024-09-04T12:34:50.897+0000][1600.726s][info ][safepoint     ] Application time: 1.0003312 seconds
[2024-09-04T12:34:50.898+0000][1600.726s][info ][safepoint     ] Entering safepoint region: Cleanup
[2024-09-04T12:34:50.898+0000][1600.727s][info ][safepoint     ] Leaving safepoint region
[2024-09-04T12:34:50.898+0000][1600.727s][info ][safepoint     ] Total time for which application threads were stopped: 0.0011609 seconds, Stopping threads took: 0.0003190 seconds
[2024-09-04T12:34:51.899+0000][1601.728s][debug][safepoint     ] Safepoint synchronization initiated. (273 threads)
[2024-09-04T12:34:51.899+0000][1601.728s][info ][safepoint     ] Application time: 1.0004345 seconds
[2024-09-04T12:34:51.899+0000][1601.728s][debug][safepoint     ] ... found polling page return exception at pc = 0x00007ff4a094d288, stub =0x00007ff498824b00
[2024-09-04T12:34:51.899+0000][1601.728s][debug][safepoint     ] Waiting for 1 thread(s) to block
[2024-09-04T12:34:51.899+0000][1601.728s][info ][safepoint     ] Entering safepoint region: Cleanup
[2024-09-04T12:34:51.900+0000][1601.729s][info ][safepoint     ] Leaving safepoint region
[2024-09-04T12:34:51.900+0000][1601.729s][info ][safepoint     ] Total time for which application threads were stopped: 0.0012530 seconds, Stopping threads took: 0.0005745 seconds
[2024-09-04T12:34:52.900+0000][1602.729s][debug][safepoint     ] Safepoint synchronization initiated. (273 threads)
[2024-09-04T12:34:52.900+0000][1602.729s][info ][safepoint     ] Application time: 1.0002197 seconds
[2024-09-04T12:34:52.901+0000][1602.729s][info ][safepoint     ] Entering safepoint region: Cleanup
[2024-09-04T12:34:52.901+0000][1602.730s][info ][safepoint     ] Leaving safepoint region
[2024-09-04T12:34:52.901+0000][1602.730s][info ][safepoint     ] Total time for which application threads were stopped: 0.0006768 seconds, Stopping threads took: 0.0001921 seconds
[2024-09-04T12:34:53.901+0000][1603.730s][debug][safepoint     ] Safepoint synchronization initiated. (273 threads)
[2024-09-04T12:34:53.902+0000][1603.730s][info ][safepoint     ] Application time: 1.0004263 seconds
[2024-09-04T12:34:53.902+0000][1603.731s][info ][safepoint     ] Entering safepoint region: Cleanup
[2024-09-04T12:34:53.903+0000][1603.731s][info ][safepoint     ] Leaving safepoint region
[2024-09-04T12:34:53.903+0000][1603.732s][info ][safepoint     ] Total time for which application threads were stopped: 0.0011726 seconds, Stopping threads took: 0.0003104 seconds
[2024-09-04T12:34:54.903+0000][1604.732s][debug][safepoint     ] Safepoint synchronization initiated. (273 threads)
[2024-09-04T12:34:54.903+0000][1604.732s][info ][safepoint     ] Application time: 1.0002013 seconds
[2024-09-04T12:34:54.903+0000][1604.732s][info ][safepoint     ] Entering safepoint region: Cleanup
[2024-09-04T12:34:54.904+0000][1604.732s][info ][safepoint     ] Leaving safepoint region
[2024-09-04T12:34:54.904+0000][1604.732s][info ][safepoint     ] Total time for which application threads were stopped: 0.0006965 seconds, Stopping threads took: 0.0001759 seconds
[2024-09-04T12:34:55.904+0000][1605.733s][debug][safepoint     ] Safepoint synchronization initiated. (273 threads)
[2024-09-04T12:34:55.904+0000][1605.733s][info ][safepoint     ] Application time: 1.0002647 seconds
[2024-09-04T12:34:55.904+0000][1605.733s][info ][safepoint     ] Entering safepoint region: Cleanup
[2024-09-04T12:34:55.905+0000][1605.734s][info ][safepoint     ] Leaving safepoint region
[2024-09-04T12:34:55.905+0000][1605.734s][info ][safepoint     ] Total time for which application threads were stopped: 0.0007922 seconds, Stopping threads took: 0.0002247 seconds
[2024-09-04T12:34:56.905+0000][1606.734s][debug][safepoint     ] Safepoint synchronization initiated. (273 threads)
[2024-09-04T12:34:56.905+0000][1606.734s][info ][safepoint     ] Application time: 1.0002588 seconds
[2024-09-04T12:34:56.906+0000][1606.734s][info ][safepoint     ] Entering safepoint region: Cleanup
[2024-09-04T12:34:56.906+0000][1606.735s][info ][safepoint     ] Leaving safepoint region
[2024-09-04T12:34:56.906+0000][1606.735s][info ][safepoint     ] Total time for which application threads were stopped: 0.0011893 seconds, Stopping threads took: 0.0003349 seconds
[2024-09-04T12:34:57.907+0000][1607.736s][debug][safepoint     ] Safepoint synchronization initiated. (273 threads)
[2024-09-04T12:34:57.907+0000][1607.736s][info ][safepoint     ] Application time: 1.0003554 seconds
[2024-09-04T12:34:57.907+0000][1607.736s][info ][safepoint     ] Entering safepoint region: Cleanup
[2024-09-04T12:34:57.908+0000][1607.736s][info ][safepoint     ] Leaving safepoint region
[2024-09-04T12:34:57.908+0000][1607.736s][info ][safepoint     ] Total time for which application threads were stopped: 0.0008108 seconds, Stopping threads took: 0.0002557 seconds
[2024-09-04T12:34:58.908+0000][1608.737s][debug][safepoint     ] Safepoint synchronization initiated. (273 threads)
[2024-09-04T12:34:58.908+0000][1608.737s][info ][safepoint     ] Application time: 1.0002517 seconds
[2024-09-04T12:34:58.908+0000][1608.737s][info ][safepoint     ] Entering safepoint region: Cleanup
[2024-09-04T12:34:58.909+0000][1608.738s][info ][safepoint     ] Leaving safepoint region
[2024-09-04T12:34:58.909+0000][1608.738s][info ][safepoint     ] Total time for which application threads were stopped: 0.0008070 seconds, Stopping threads took: 0.0002261 seconds
[2024-09-04T12:34:59.909+0000][1609.738s][debug][safepoint     ] Safepoint synchronization initiated. (273 threads)
[2024-09-04T12:34:59.909+0000][1609.738s][info ][safepoint     ] Application time: 1.0002040 seconds
[2024-09-04T12:34:59.909+0000][1609.738s][info ][safepoint     ] Entering safepoint region: Cleanup
[2024-09-04T12:34:59.910+0000][1609.739s][info ][safepoint     ] Leaving safepoint region
[2024-09-04T12:34:59.910+0000][1609.739s][info ][safepoint     ] Total time for which application threads were stopped: 0.0010155 seconds, Stopping threads took: 0.0003938 seconds
[2024-09-04T12:35:00.910+0000][1610.739s][debug][safepoint     ] Safepoint synchronization initiated. (273 threads)
[2024-09-04T12:35:00.910+0000][1610.739s][info ][safepoint     ] Application time: 1.0002690 seconds
[2024-09-04T12:35:00.911+0000][1610.739s][info ][safepoint     ] Entering safepoint region: Cleanup
[2024-09-04T12:35:00.911+0000][1610.740s][info ][safepoint     ] Leaving safepoint region
[2024-09-04T12:35:00.911+0000][1610.740s][info ][safepoint     ] Total time for which application threads were stopped: 0.0007862 seconds, Stopping threads took: 0.0002083 seconds
[2024-09-04T12:35:01.911+0000][1611.740s][debug][safepoint     ] Safepoint synchronization initiated. (273 threads)
[2024-09-04T12:35:01.911+0000][1611.740s][info ][safepoint     ] Application time: 1.0002160 seconds
[2024-09-04T12:35:01.912+0000][1611.740s][info ][safepoint     ] Entering safepoint region: Cleanup
[2024-09-04T12:35:01.912+0000][1611.741s][info ][safepoint     ] Leaving safepoint region
[2024-09-04T12:35:01.912+0000][1611.741s][info ][safepoint     ] Total time for which application threads were stopped: 0.0007289 seconds, Stopping threads took: 0.0001772 seconds
[2024-09-04T12:35:02.912+0000][1612.741s][debug][safepoint     ] Safepoint synchronization initiated. (273 threads)
[2024-09-04T12:35:02.912+0000][1612.741s][info ][safepoint     ] Application time: 1.0002573 seconds
[2024-09-04T12:35:02.913+0000][1612.741s][info ][safepoint     ] Entering safepoint region: Cleanup
[2024-09-04T12:35:02.913+0000][1612.742s][info ][safepoint     ] Leaving safepoint region
[2024-09-04T12:35:02.913+0000][1612.742s][info ][safepoint     ] Total time for which application threads were stopped: 0.0009972 seconds, Stopping threads took: 0.0003045 seconds
[2024-09-04T12:35:03.914+0000][1613.742s][debug][safepoint     ] Safepoint synchronization initiated. (273 threads)
[2024-09-04T12:35:03.914+0000][1613.743s][info ][safepoint     ] Application time: 1.0002713 seconds
[2024-09-04T12:35:03.914+0000][1613.743s][info ][safepoint     ] Entering safepoint region: Cleanup
[2024-09-04T12:35:03.915+0000][1613.743s][info ][safepoint     ] Leaving safepoint region
[2024-09-04T12:35:03.915+0000][1613.743s][info ][safepoint     ] Total time for which application threads were stopped: 0.0008374 seconds, Stopping threads took: 0.0002474 seconds
[2024-09-04T12:35:04.915+0000][1614.744s][debug][safepoint     ] Safepoint synchronization initiated. (273 threads)
[2024-09-04T12:35:04.915+0000][1614.744s][info ][safepoint     ] Application time: 1.0003163 seconds
[2024-09-04T12:35:04.915+0000][1614.744s][info ][safepoint     ] Entering safepoint region: Cleanup
[2024-09-04T12:35:04.916+0000][1614.745s][info ][safepoint     ] Leaving safepoint region
[2024-09-04T12:35:04.916+0000][1614.745s][info ][safepoint     ] Total time for which application threads were stopped: 0.0010044 seconds, Stopping threads took: 0.0002343 seconds
[2024-09-04T12:35:05.916+0000][1615.745s][debug][safepoint     ] Safepoint synchronization initiated. (273 threads)
[2024-09-04T12:35:05.916+0000][1615.745s][info ][safepoint     ] Application time: 1.0002309 seconds
[2024-09-04T12:35:05.916+0000][1615.745s][debug][safepoint     ] Waiting for 1 thread(s) to block
[2024-09-04T12:35:05.917+0000][1615.745s][info ][safepoint     ] Entering safepoint region: Cleanup
[2024-09-04T12:35:05.917+0000][1615.746s][info ][safepoint     ] Leaving safepoint region
[2024-09-04T12:35:05.917+0000][1615.746s][info ][safepoint     ] Total time for which application threads were stopped: 0.0008034 seconds, Stopping threads took: 0.0002728 seconds
[2024-09-04T12:35:06.917+0000][1616.746s][debug][safepoint     ] Safepoint synchronization initiated. (273 threads)
[2024-09-04T12:35:06.917+0000][1616.746s][info ][safepoint     ] Application time: 1.0002008 seconds
[2024-09-04T12:35:06.918+0000][1616.746s][info ][safepoint     ] Entering safepoint region: Cleanup
[2024-09-04T12:35:06.918+0000][1616.747s][info ][safepoint     ] Leaving safepoint region
[2024-09-04T12:35:06.918+0000][1616.747s][info ][safepoint     ] Total time for which application threads were stopped: 0.0007351 seconds, Stopping threads took: 0.0002231 seconds
[2024-09-04T12:35:07.918+0000][1617.747s][debug][safepoint     ] Safepoint synchronization initiated. (273 threads)
[2024-09-04T12:35:07.918+0000][1617.747s][info ][safepoint     ] Application time: 1.0002483 seconds
[2024-09-04T12:35:07.919+0000][1617.747s][info ][safepoint     ] Entering safepoint region: Cleanup
[2024-09-04T12:35:07.919+0000][1617.748s][info ][safepoint     ] Leaving safepoint region
[2024-09-04T12:35:07.920+0000][1617.748s][info ][safepoint     ] Total time for which application threads were stopped: 0.0011969 seconds, Stopping threads took: 0.0002480 seconds
[2024-09-04T12:35:08.920+0000][1618.749s][debug][safepoint     ] Safepoint synchronization initiated. (273 threads)
[2024-09-04T12:35:08.920+0000][1618.749s][info ][safepoint     ] Application time: 1.0002923 seconds
[2024-09-04T12:35:08.920+0000][1618.749s][info ][safepoint     ] Entering safepoint region: Cleanup
[2024-09-04T12:35:08.921+0000][1618.749s][info ][safepoint     ] Leaving safepoint region
[2024-09-04T12:35:08.921+0000][1618.750s][info ][safepoint     ] Total time for which application threads were stopped: 0.0008489 seconds, Stopping threads took: 0.0001830 seconds
[2024-09-04T12:35:09.921+0000][1619.750s][debug][safepoint     ] Safepoint synchronization initiated. (273 threads)
[2024-09-04T12:35:09.921+0000][1619.750s][info ][safepoint     ] Application time: 1.0002062 seconds
[2024-09-04T12:35:09.921+0000][1619.750s][info ][safepoint     ] Entering safepoint region: Cleanup
[2024-09-04T12:35:09.922+0000][1619.750s][info ][safepoint     ] Leaving safepoint region
[2024-09-04T12:35:09.922+0000][1619.750s][info ][safepoint     ] Total time for which application threads were stopped: 0.0006856 seconds, Stopping threads took: 0.0001648 seconds
[2024-09-04T12:35:10.922+0000][1620.751s][debug][safepoint     ] Safepoint synchronization initiated. (273 threads)
[2024-09-04T12:35:10.922+0000][1620.751s][info ][safepoint     ] Application time: 1.0002106 seconds
[2024-09-04T12:35:10.922+0000][1620.751s][debug][safepoint     ] ... found polling page return exception at pc = 0x00007ff4a0ee1b9f, stub =0x00007ff498824b00
[2024-09-04T12:35:10.922+0000][1620.751s][debug][safepoint     ] Waiting for 1 thread(s) to block
[2024-09-04T12:35:10.922+0000][1620.751s][info ][safepoint     ] Entering safepoint region: Cleanup
[2024-09-04T12:35:10.923+0000][1620.752s][info ][safepoint     ] Leaving safepoint region
[2024-09-04T12:35:10.923+0000][1620.752s][info ][safepoint     ] Total time for which application threads were stopped: 0.0009900 seconds, Stopping threads took: 0.0004878 seconds
[2024-09-04T12:35:11.923+0000][1621.752s][debug][safepoint     ] Safepoint synchronization initiated. (273 threads)
[2024-09-04T12:35:11.923+0000][1621.752s][info ][safepoint     ] Application time: 1.0003530 seconds
[2024-09-04T12:35:11.924+0000][1621.752s][info ][safepoint     ] Entering safepoint region: Cleanup
[2024-09-04T12:35:11.924+0000][1621.753s][info ][safepoint     ] Leaving safepoint region
[2024-09-04T12:35:11.924+0000][1621.753s][info ][safepoint     ] Total time for which application threads were stopped: 0.0007729 seconds, Stopping threads took: 0.0002330 seconds
[2024-09-04T12:35:12.840+0000][1622.669s][debug][safepoint     ] Safepoint synchronization initiated. (273 threads)
[2024-09-04T12:35:12.841+0000][1622.669s][info ][safepoint     ] Application time: 0.9164185 seconds
[2024-09-04T12:35:12.841+0000][1622.670s][info ][safepoint     ] Entering safepoint region: G1CollectForAllocation
[2024-09-04T12:35:12.841+0000][1622.670s][info ][gc,start      ] GC(127) Pause Young (Normal) (G1 Evacuation Pause)
[2024-09-04T12:35:12.841+0000][1622.670s][info ][gc,task       ] GC(127) Using 4 workers of 4 for evacuation
[2024-09-04T12:35:12.854+0000][1622.682s][info ][gc,phases     ] GC(127)   Pre Evacuate Collection Set: 0.2ms
[2024-09-04T12:35:12.854+0000][1622.682s][info ][gc,phases     ] GC(127)   Evacuate Collection Set: 3.7ms
[2024-09-04T12:35:12.854+0000][1622.682s][info ][gc,phases     ] GC(127)   Post Evacuate Collection Set: 7.7ms
[2024-09-04T12:35:12.854+0000][1622.682s][info ][gc,phases     ] GC(127)   Other: 0.7ms
[2024-09-04T12:35:12.854+0000][1622.683s][info ][gc,heap       ] GC(127) Eden regions: 188->0(188)
[2024-09-04T12:35:12.854+0000][1622.683s][info ][gc,heap       ] GC(127) Survivor regions: 2->2(24)
[2024-09-04T12:35:12.854+0000][1622.683s][info ][gc,heap       ] GC(127) Old regions: 178->178
[2024-09-04T12:35:12.854+0000][1622.683s][info ][gc,heap       ] GC(127) Humongous regions: 0->0
[2024-09-04T12:35:12.854+0000][1622.683s][info ][gc,metaspace  ] GC(127) Metaspace: 184158K(190320K)->184158K(190320K) NonClass: 163083K(166868K)->163083K(166868K) Class: 21074K(23452K)->21074K(23452K)
[2024-09-04T12:35:12.854+0000][1622.683s][info ][gc            ] GC(127) Pause Young (Normal) (G1 Evacuation Pause) 365M->177M(412M) 12.581ms
[2024-09-04T12:35:12.854+0000][1622.683s][info ][gc,cpu        ] GC(127) User=0.03s Sys=0.00s Real=0.02s
[2024-09-04T12:35:12.854+0000][1622.683s][info ][safepoint     ] Leaving safepoint region
[2024-09-04T12:35:12.854+0000][1622.683s][info ][safepoint     ] Total time for which application threads were stopped: 0.0134552 seconds, Stopping threads took: 0.0002478 seconds
[2024-09-04T12:35:12.854+0000][1622.683s][info ][gc,stringdedup] Concurrent String Deduplication (1622.683s)
[2024-09-04T12:35:12.854+0000][1622.683s][info ][gc,stringdedup] Concurrent String Deduplication 80.0B->80.0B(0.0B) avg 55.3% (1622.683s, 1622.683s) 0.072ms
[2024-09-04T12:35:13.854+0000][1623.683s][debug][safepoint     ] Safepoint synchronization initiated. (273 threads)
[2024-09-04T12:35:13.854+0000][1623.683s][info ][safepoint     ] Application time: 1.0002645 seconds
[2024-09-04T12:35:13.855+0000][1623.683s][info ][safepoint     ] Entering safepoint region: Cleanup
[2024-09-04T12:35:13.855+0000][1623.684s][info ][safepoint     ] Leaving safepoint region
[2024-09-04T12:35:13.855+0000][1623.684s][info ][safepoint     ] Total time for which application threads were stopped: 0.0009771 seconds, Stopping threads took: 0.0002050 seconds
[2024-09-04T12:35:14.856+0000][1624.684s][debug][safepoint     ] Safepoint synchronization initiated. (273 threads)
[2024-09-04T12:35:14.856+0000][1624.684s][info ][safepoint     ] Application time: 1.0003042 seconds
[2024-09-04T12:35:14.856+0000][1624.685s][info ][safepoint     ] Entering safepoint region: Cleanup
[2024-09-04T12:35:14.856+0000][1624.685s][info ][safepoint     ] Leaving safepoint region
[2024-09-04T12:35:14.856+0000][1624.685s][info ][safepoint     ] Total time for which application threads were stopped: 0.0006799 seconds, Stopping threads took: 0.0002109 seconds
[2024-09-04T12:35:14.856+0000][1624.685s][debug][safepoint     ] ... found polling page return exception at pc = 0x00007ff4a131ffd6, stub =0x00007ff498824b00
[2024-09-04T12:35:14.856+0000][1624.685s][debug][safepoint     ] ... found polling page return exception at pc = 0x00007ff4a131ffd6, stub =0x00007ff498824b00
[2024-09-04T12:35:15.857+0000][1625.685s][debug][safepoint     ] Safepoint synchronization initiated. (273 threads)
[2024-09-04T12:35:15.857+0000][1625.686s][info ][safepoint     ] Application time: 1.0003908 seconds
[2024-09-04T12:35:15.857+0000][1625.686s][debug][safepoint     ] ... found polling page return exception at pc = 0x00007ff4a131ffd6, stub =0x00007ff498824b00
[2024-09-04T12:35:15.857+0000][1625.686s][debug][safepoint     ] Waiting for 1 thread(s) to block
[2024-09-04T12:35:15.857+0000][1625.686s][info ][safepoint     ] Entering safepoint region: Cleanup
[2024-09-04T12:35:15.858+0000][1625.686s][info ][safepoint     ] Leaving safepoint region
[2024-09-04T12:35:15.858+0000][1625.687s][info ][safepoint     ] Total time for which application threads were stopped: 0.0009592 seconds, Stopping threads took: 0.0004599 seconds
[2024-09-04T12:35:15.858+0000][1625.686s][debug][safepoint     ] ... found polling page return exception at pc = 0x00007ff4a131ffd6, stub =0x00007ff498824b00
[2024-09-04T12:35:16.858+0000][1626.687s][debug][safepoint     ] Safepoint synchronization initiated. (273 threads)
[2024-09-04T12:35:16.858+0000][1626.687s][info ][safepoint     ] Application time: 1.0002657 seconds
[2024-09-04T12:35:16.858+0000][1626.687s][info ][safepoint     ] Entering safepoint region: Cleanup
[2024-09-04T12:35:16.859+0000][1626.688s][info ][safepoint     ] Leaving safepoint region
[2024-09-04T12:35:16.859+0000][1626.688s][info ][safepoint     ] Total time for which application threads were stopped: 0.0010023 seconds, Stopping threads took: 0.0002560 seconds
[2024-09-04T12:35:17.859+0000][1627.688s][debug][safepoint     ] Safepoint synchronization initiated. (273 threads)
[2024-09-04T12:35:17.859+0000][1627.688s][info ][safepoint     ] Application time: 1.0002993 seconds
[2024-09-04T12:35:17.860+0000][1627.689s][info ][safepoint     ] Entering safepoint region: Cleanup
[2024-09-04T12:35:17.860+0000][1627.689s][info ][safepoint     ] Leaving safepoint region
[2024-09-04T12:35:17.860+0000][1627.689s][info ][safepoint     ] Total time for which application threads were stopped: 0.0008231 seconds, Stopping threads took: 0.0003515 seconds
[2024-09-04T12:35:18.860+0000][1628.689s][debug][safepoint     ] Safepoint synchronization initiated. (273 threads)
[2024-09-04T12:35:18.861+0000][1628.689s][info ][safepoint     ] Application time: 1.0002477 seconds
[2024-09-04T12:35:18.861+0000][1628.689s][debug][safepoint     ] ... found polling page loop exception at pc = 0x00007ff4a123d5da, stub =0x00007ff498826680
[2024-09-04T12:35:18.861+0000][1628.690s][debug][safepoint     ] Waiting for 1 thread(s) to block
[2024-09-04T12:35:18.861+0000][1628.690s][info ][safepoint     ] Entering safepoint region: Cleanup
[2024-09-04T12:35:18.862+0000][1628.690s][info ][safepoint     ] Leaving safepoint region
[2024-09-04T12:35:18.862+0000][1628.690s][info ][safepoint     ] Total time for which application threads were stopped: 0.0010751 seconds, Stopping threads took: 0.0004220 seconds
[2024-09-04T12:35:19.862+0000][1629.691s][debug][safepoint     ] Safepoint synchronization initiated. (273 threads)
[2024-09-04T12:35:19.862+0000][1629.691s][info ][safepoint     ] Application time: 1.0002079 seconds
[2024-09-04T12:35:19.862+0000][1629.691s][info ][safepoint     ] Entering safepoint region: Cleanup
[2024-09-04T12:35:19.863+0000][1629.691s][info ][safepoint     ] Leaving safepoint region
[2024-09-04T12:35:19.863+0000][1629.691s][info ][safepoint     ] Total time for which application threads were stopped: 0.0008018 seconds, Stopping threads took: 0.0001696 seconds
[2024-09-04T12:35:20.863+0000][1630.692s][debug][safepoint     ] Safepoint synchronization initiated. (273 threads)
[2024-09-04T12:35:20.863+0000][1630.692s][info ][safepoint     ] Application time: 1.0002178 seconds
[2024-09-04T12:35:20.863+0000][1630.692s][info ][safepoint     ] Entering safepoint region: Cleanup
[2024-09-04T12:35:20.864+0000][1630.693s][info ][safepoint     ] Leaving safepoint region
[2024-09-04T12:35:20.864+0000][1630.693s][info ][safepoint     ] Total time for which application threads were stopped: 0.0008348 seconds, Stopping threads took: 0.0001933 seconds
[2024-09-04T12:35:21.864+0000][1631.693s][debug][safepoint     ] Safepoint synchronization initiated. (273 threads)
[2024-09-04T12:35:21.864+0000][1631.693s][info ][safepoint     ] Application time: 1.0002431 seconds
[2024-09-04T12:35:21.864+0000][1631.693s][info ][safepoint     ] Entering safepoint region: Cleanup
[2024-09-04T12:35:21.865+0000][1631.694s][info ][safepoint     ] Leaving safepoint region
[2024-09-04T12:35:21.865+0000][1631.694s][info ][safepoint     ] Total time for which application threads were stopped: 0.0009704 seconds, Stopping threads took: 0.0002135 seconds
[2024-09-04T12:35:22.865+0000][1632.694s][debug][safepoint     ] Safepoint synchronization initiated. (273 threads)
[2024-09-04T12:35:22.865+0000][1632.694s][info ][safepoint     ] Application time: 1.0002612 seconds
[2024-09-04T12:35:22.866+0000][1632.694s][info ][safepoint     ] Entering safepoint region: Cleanup
[2024-09-04T12:35:22.866+0000][1632.695s][info ][safepoint     ] Leaving safepoint region
[2024-09-04T12:35:22.866+0000][1632.695s][info ][safepoint     ] Total time for which application threads were stopped: 0.0011101 seconds, Stopping threads took: 0.0003300 seconds
[2024-09-04T12:35:23.867+0000][1633.695s][debug][safepoint     ] Safepoint synchronization initiated. (273 threads)
[2024-09-04T12:35:23.867+0000][1633.695s][info ][safepoint     ] Application time: 1.0002442 seconds
[2024-09-04T12:35:23.867+0000][1633.696s][info ][safepoint     ] Entering safepoint region: Cleanup
[2024-09-04T12:35:23.868+0000][1633.696s][info ][safepoint     ] Leaving safepoint region
[2024-09-04T12:35:23.868+0000][1633.696s][info ][safepoint     ] Total time for which application threads were stopped: 0.0008633 seconds, Stopping threads took: 0.0001618 seconds
[2024-09-04T12:35:24.868+0000][1634.697s][debug][safepoint     ] Safepoint synchronization initiated. (273 threads)
[2024-09-04T12:35:24.868+0000][1634.697s][info ][safepoint     ] Application time: 1.0002032 seconds
[2024-09-04T12:35:24.868+0000][1634.697s][info ][safepoint     ] Entering safepoint region: Cleanup
[2024-09-04T12:35:24.869+0000][1634.697s][info ][safepoint     ] Leaving safepoint region
[2024-09-04T12:35:24.869+0000][1634.697s][info ][safepoint     ] Total time for which application threads were stopped: 0.0007341 seconds, Stopping threads took: 0.0001720 seconds
[2024-09-04T12:35:24.869+0000][1634.697s][debug][safepoint     ] ... found polling page return exception at pc = 0x00007ff4a131ffd6, stub =0x00007ff498824b00
[2024-09-04T12:35:25.869+0000][1635.697s][debug][safepoint     ] Safepoint synchronization initiated. (271 threads)
[2024-09-04T12:35:25.869+0000][1635.698s][info ][safepoint     ] Application time: 1.0001724 seconds
[2024-09-04T12:35:25.869+0000][1635.698s][info ][safepoint     ] Entering safepoint region: Cleanup
[2024-09-04T12:35:25.870+0000][1635.698s][info ][safepoint     ] Leaving safepoint region
[2024-09-04T12:35:25.870+0000][1635.698s][info ][safepoint     ] Total time for which application threads were stopped: 0.0007407 seconds, Stopping threads took: 0.0003197 seconds
[2024-09-04T12:35:25.870+0000][1635.698s][debug][safepoint     ] ... found polling page return exception at pc = 0x00007ff4a131ffd6, stub =0x00007ff498824b00
[2024-09-04T12:35:25.870+0000][1635.698s][debug][safepoint     ] ... found polling page return exception at pc = 0x00007ff4a131ffd6, stub =0x00007ff498824b00
[2024-09-04T12:35:26.870+0000][1636.699s][debug][safepoint     ] Safepoint synchronization initiated. (271 threads)
[2024-09-04T12:35:26.870+0000][1636.699s][info ][safepoint     ] Application time: 1.0005126 seconds
[2024-09-04T12:35:26.870+0000][1636.699s][info ][safepoint     ] Entering safepoint region: Cleanup
[2024-09-04T12:35:26.871+0000][1636.700s][debug][safepoint     ] ... found polling page return exception at pc = 0x00007ff4a131ffd6, stub =0x00007ff498824b00
[2024-09-04T12:35:26.871+0000][1636.700s][debug][safepoint     ] ... found polling page return exception at pc = 0x00007ff4a131ffd6, stub =0x00007ff498824b00
[2024-09-04T12:35:26.871+0000][1636.700s][debug][safepoint     ] ... found polling page return exception at pc = 0x00007ff4a131ffd6, stub =0x00007ff498824b00
[2024-09-04T12:35:26.871+0000][1636.700s][debug][safepoint     ] ... found polling page return exception at pc = 0x00007ff4a131ffd6, stub =0x00007ff498824b00
[2024-09-04T12:35:26.871+0000][1636.700s][debug][safepoint     ] ... found polling page return exception at pc = 0x00007ff4a06bddee, stub =0x00007ff498824b00
[2024-09-04T12:35:26.871+0000][1636.700s][debug][safepoint     ] ... found polling page return exception at pc = 0x00007ff4a06bddee, stub =0x00007ff498824b00
[2024-09-04T12:35:26.871+0000][1636.700s][debug][safepoint     ] ... found polling page return exception at pc = 0x00007ff4a06bddee, stub =0x00007ff498824b00
[2024-09-04T12:35:26.871+0000][1636.700s][debug][safepoint     ] ... found polling page return exception at pc = 0x00007ff4a131ffd6, stub =0x00007ff498824b00
[2024-09-04T12:35:26.871+0000][1636.700s][debug][safepoint     ] ... found polling page return exception at pc = 0x00007ff4a06bddee, stub =0x00007ff498824b00
[2024-09-04T12:35:26.871+0000][1636.700s][debug][safepoint     ] ... found polling page return exception at pc = 0x00007ff4a131ffd6, stub =0x00007ff498824b00
[2024-09-04T12:35:26.871+0000][1636.700s][debug][safepoint     ] ... found polling page return exception at pc = 0x00007ff4a06bddee, stub =0x00007ff498824b00
[2024-09-04T12:35:26.871+0000][1636.700s][debug][safepoint     ] ... found polling page return exception at pc = 0x00007ff4a06bddee, stub =0x00007ff498824b00
[2024-09-04T12:35:26.871+0000][1636.700s][debug][safepoint     ] ... found polling page return exception at pc = 0x00007ff4a1374066, stub =0x00007ff498824b00
[2024-09-04T12:35:26.871+0000][1636.700s][debug][safepoint     ] ... found polling page return exception at pc = 0x00007ff4a1374066, stub =0x00007ff498824b00
[2024-09-04T12:35:26.871+0000][1636.700s][debug][safepoint     ] ... found polling page return exception at pc = 0x00007ff4a0decd23, stub =0x00007ff498824b00
[2024-09-04T12:35:26.871+0000][1636.700s][debug][safepoint     ] ... found polling page return exception at pc = 0x00007ff4a0decd23, stub =0x00007ff498824b00
[2024-09-04T12:35:26.871+0000][1636.700s][info ][safepoint     ] Leaving safepoint region
[2024-09-04T12:35:26.871+0000][1636.700s][info ][safepoint     ] Total time for which application threads were stopped: 0.0011225 seconds, Stopping threads took: 0.0001712 seconds
[2024-09-04T12:35:26.871+0000][1636.700s][debug][safepoint     ] ... found polling page return exception at pc = 0x00007ff4a131ffd6, stub =0x00007ff498824b00
[2024-09-04T12:35:26.871+0000][1636.700s][debug][safepoint     ] ... found polling page return exception at pc = 0x00007ff4a1374066, stub =0x00007ff498824b00
[2024-09-04T12:35:26.871+0000][1636.700s][debug][safepoint     ] ... found polling page return exception at pc = 0x00007ff4a131ffd6, stub =0x00007ff498824b00
[2024-09-04T12:35:26.871+0000][1636.700s][debug][safepoint     ] ... found polling page return exception at pc = 0x00007ff4a1374066, stub =0x00007ff498824b00
[2024-09-04T12:35:26.871+0000][1636.700s][debug][safepoint     ] ... found polling page return exception at pc = 0x00007ff4a1374066, stub =0x00007ff498824b00
[2024-09-04T12:35:27.872+0000][1637.700s][debug][safepoint     ] Safepoint synchronization initiated. (271 threads)
[2024-09-04T12:35:27.872+0000][1637.701s][info ][safepoint     ] Application time: 1.0004644 seconds
[2024-09-04T12:35:27.872+0000][1637.701s][info ][safepoint     ] Entering safepoint region: Cleanup
[2024-09-04T12:35:27.873+0000][1637.701s][info ][safepoint     ] Leaving safepoint region
[2024-09-04T12:35:27.873+0000][1637.701s][info ][safepoint     ] Total time for which application threads were stopped: 0.0006764 seconds, Stopping threads took: 0.0001830 seconds
[2024-09-04T12:35:28.873+0000][1638.701s][debug][safepoint     ] Safepoint synchronization initiated. (271 threads)
[2024-09-04T12:35:28.873+0000][1638.702s][info ][safepoint     ] Application time: 1.0002429 seconds
[2024-09-04T12:35:28.873+0000][1638.702s][info ][safepoint     ] Entering safepoint region: Cleanup
[2024-09-04T12:35:28.874+0000][1638.703s][info ][safepoint     ] Leaving safepoint region
[2024-09-04T12:35:28.874+0000][1638.703s][info ][safepoint     ] Total time for which application threads were stopped: 0.0009393 seconds, Stopping threads took: 0.0002575 seconds
[2024-09-04T12:35:29.874+0000][1639.703s][debug][safepoint     ] Safepoint synchronization initiated. (271 threads)
[2024-09-04T12:35:29.874+0000][1639.703s][info ][safepoint     ] Application time: 1.0002109 seconds
[2024-09-04T12:35:29.874+0000][1639.703s][info ][safepoint     ] Entering safepoint region: Cleanup
[2024-09-04T12:35:29.875+0000][1639.704s][info ][safepoint     ] Leaving safepoint region
[2024-09-04T12:35:29.875+0000][1639.704s][info ][safepoint     ] Total time for which application threads were stopped: 0.0009288 seconds, Stopping threads took: 0.0002361 seconds
[2024-09-04T12:35:30.875+0000][1640.704s][debug][safepoint     ] Safepoint synchronization initiated. (271 threads)
[2024-09-04T12:35:30.875+0000][1640.704s][info ][safepoint     ] Application time: 1.0002508 seconds
[2024-09-04T12:35:30.875+0000][1640.704s][debug][safepoint     ] ... found polling page return exception at pc = 0x00007ff4a0699419, stub =0x00007ff498824b00
[2024-09-04T12:35:30.875+0000][1640.704s][debug][safepoint     ] Waiting for 1 thread(s) to block
[2024-09-04T12:35:30.875+0000][1640.704s][info ][safepoint     ] Entering safepoint region: Cleanup
[2024-09-04T12:35:30.876+0000][1640.705s][info ][safepoint     ] Leaving safepoint region
[2024-09-04T12:35:30.876+0000][1640.705s][info ][safepoint     ] Total time for which application threads were stopped: 0.0007331 seconds, Stopping threads took: 0.0002646 seconds
[2024-09-04T12:35:31.876+0000][1641.705s][debug][safepoint     ] Safepoint synchronization initiated. (271 threads)
[2024-09-04T12:35:31.876+0000][1641.705s][info ][safepoint     ] Application time: 1.0002300 seconds
[2024-09-04T12:35:31.876+0000][1641.705s][info ][safepoint     ] Entering safepoint region: Cleanup
[2024-09-04T12:35:31.877+0000][1641.706s][info ][safepoint     ] Leaving safepoint region
[2024-09-04T12:35:31.877+0000][1641.706s][info ][safepoint     ] Total time for which application threads were stopped: 0.0007792 seconds, Stopping threads took: 0.0001707 seconds
[2024-09-04T12:35:32.877+0000][1642.706s][debug][safepoint     ] Safepoint synchronization initiated. (271 threads)
[2024-09-04T12:35:32.877+0000][1642.706s][info ][safepoint     ] Application time: 1.0002391 seconds
[2024-09-04T12:35:32.878+0000][1642.706s][info ][safepoint     ] Entering safepoint region: Cleanup
[2024-09-04T12:35:32.878+0000][1642.707s][info ][safepoint     ] Leaving safepoint region
[2024-09-04T12:35:32.878+0000][1642.707s][info ][safepoint     ] Total time for which application threads were stopped: 0.0006951 seconds, Stopping threads took: 0.0002792 seconds
[2024-09-04T12:35:33.878+0000][1643.707s][debug][safepoint     ] Safepoint synchronization initiated. (271 threads)
[2024-09-04T12:35:33.878+0000][1643.707s][info ][safepoint     ] Application time: 1.0002204 seconds
[2024-09-04T12:35:33.878+0000][1643.707s][debug][safepoint     ] ... found polling page return exception at pc = 0x00007ff4a085e306, stub =0x00007ff498824b00
[2024-09-04T12:35:33.879+0000][1643.707s][debug][safepoint     ] Waiting for 1 thread(s) to block
[2024-09-04T12:35:33.879+0000][1643.707s][info ][safepoint     ] Entering safepoint region: Cleanup
[2024-09-04T12:35:33.879+0000][1643.708s][info ][safepoint     ] Leaving safepoint region
[2024-09-04T12:35:33.879+0000][1643.708s][info ][safepoint     ] Total time for which application threads were stopped: 0.0009737 seconds, Stopping threads took: 0.0005058 seconds
[2024-09-04T12:35:34.879+0000][1644.708s][debug][safepoint     ] Safepoint synchronization initiated. (271 threads)
[2024-09-04T12:35:34.879+0000][1644.708s][info ][safepoint     ] Application time: 1.0002207 seconds
[2024-09-04T12:35:34.880+0000][1644.708s][info ][safepoint     ] Entering safepoint region: Cleanup
[2024-09-04T12:35:34.880+0000][1644.709s][info ][safepoint     ] Leaving safepoint region
[2024-09-04T12:35:34.880+0000][1644.709s][info ][safepoint     ] Total time for which application threads were stopped: 0.0007022 seconds, Stopping threads took: 0.0001720 seconds
[2024-09-04T12:35:35.880+0000][1645.709s][debug][safepoint     ] Safepoint synchronization initiated. (271 threads)
[2024-09-04T12:35:35.881+0000][1645.709s][info ][safepoint     ] Application time: 1.0003073 seconds
[2024-09-04T12:35:35.881+0000][1645.709s][debug][safepoint     ] ... found polling page loop exception at pc = 0x00007ff4a140776a, stub =0x00007ff498826680
[2024-09-04T12:35:35.881+0000][1645.710s][debug][safepoint     ] Waiting for 1 thread(s) to block
[2024-09-04T12:35:35.881+0000][1645.710s][info ][safepoint     ] Entering safepoint region: Cleanup
[2024-09-04T12:35:35.882+0000][1645.710s][debug][safepoint     ] ... found polling page loop exception at pc = 0x00007ff4a1290108, stub =0x00007ff498826680
[2024-09-04T12:35:35.882+0000][1645.710s][info ][safepoint     ] Leaving safepoint region
[2024-09-04T12:35:35.882+0000][1645.711s][info ][safepoint     ] Total time for which application threads were stopped: 0.0014649 seconds, Stopping threads took: 0.0004583 seconds
[2024-09-04T12:35:35.882+0000][1645.710s][debug][safepoint     ] ... found polling page return exception at pc = 0x00007ff4a131ffd6, stub =0x00007ff498824b00
[2024-09-04T12:35:35.882+0000][1645.710s][debug][safepoint     ] ... found polling page return exception at pc = 0x00007ff4a131ffd6, stub =0x00007ff498824b00
[2024-09-04T12:35:36.882+0000][1646.711s][debug][safepoint     ] Safepoint synchronization initiated. (271 threads)
[2024-09-04T12:35:36.882+0000][1646.711s][info ][safepoint     ] Application time: 1.0003219 seconds
[2024-09-04T12:35:36.883+0000][1646.711s][info ][safepoint     ] Entering safepoint region: Cleanup
[2024-09-04T12:35:36.883+0000][1646.712s][info ][safepoint     ] Leaving safepoint region
[2024-09-04T12:35:36.883+0000][1646.712s][info ][safepoint     ] Total time for which application threads were stopped: 0.0010208 seconds, Stopping threads took: 0.0002270 seconds
[2024-09-04T12:35:37.884+0000][1647.712s][debug][safepoint     ] Safepoint synchronization initiated. (271 threads)
[2024-09-04T12:35:37.884+0000][1647.713s][info ][safepoint     ] Application time: 1.0003218 seconds
[2024-09-04T12:35:37.884+0000][1647.713s][info ][safepoint     ] Entering safepoint region: Cleanup
[2024-09-04T12:35:37.885+0000][1647.714s][info ][safepoint     ] Leaving safepoint region
[2024-09-04T12:35:37.885+0000][1647.714s][info ][safepoint     ] Total time for which application threads were stopped: 0.0010720 seconds, Stopping threads took: 0.0002437 seconds
[2024-09-04T12:35:38.885+0000][1648.714s][debug][safepoint     ] Safepoint synchronization initiated. (271 threads)
[2024-09-04T12:35:38.885+0000][1648.714s][info ][safepoint     ] Application time: 1.0002630 seconds
[2024-09-04T12:35:38.885+0000][1648.714s][debug][safepoint     ] ... found polling page return exception at pc = 0x00007ff4a03bfff2, stub =0x00007ff498824b00
[2024-09-04T12:35:38.885+0000][1648.714s][debug][safepoint     ] ... found polling page return exception at pc = 0x00007ff4a12888dd, stub =0x00007ff498824b00
[2024-09-04T12:35:38.886+0000][1648.715s][debug][safepoint     ] Waiting for 2 thread(s) to block
[2024-09-04T12:35:38.886+0000][1648.715s][info ][safepoint     ] Entering safepoint region: Cleanup
[2024-09-04T12:35:38.887+0000][1648.715s][debug][safepoint     ] ... found polling page loop exception at pc = 0x00007ff4a1290108, stub =0x00007ff498826680
[2024-09-04T12:35:38.887+0000][1648.715s][info ][safepoint     ] Leaving safepoint region
[2024-09-04T12:35:38.887+0000][1648.715s][info ][safepoint     ] Total time for which application threads were stopped: 0.0013640 seconds, Stopping threads took: 0.0006843 seconds
[2024-09-04T12:35:39.887+0000][1649.716s][debug][safepoint     ] Safepoint synchronization initiated. (271 threads)
[2024-09-04T12:35:39.887+0000][1649.716s][info ][safepoint     ] Application time: 1.0002553 seconds
[2024-09-04T12:35:39.887+0000][1649.716s][info ][safepoint     ] Entering safepoint region: Cleanup
[2024-09-04T12:35:39.888+0000][1649.716s][info ][safepoint     ] Leaving safepoint region
[2024-09-04T12:35:39.888+0000][1649.716s][info ][safepoint     ] Total time for which application threads were stopped: 0.0007186 seconds, Stopping threads took: 0.0001575 seconds
[2024-09-04T12:35:40.888+0000][1650.717s][debug][safepoint     ] Safepoint synchronization initiated. (271 threads)
[2024-09-04T12:35:40.888+0000][1650.717s][info ][safepoint     ] Application time: 1.0003156 seconds
[2024-09-04T12:35:40.888+0000][1650.717s][info ][safepoint     ] Entering safepoint region: Cleanup
[2024-09-04T12:35:40.889+0000][1650.718s][info ][safepoint     ] Leaving safepoint region
[2024-09-04T12:35:40.889+0000][1650.718s][info ][safepoint     ] Total time for which application threads were stopped: 0.0010383 seconds, Stopping threads took: 0.0002295 seconds
[2024-09-04T12:35:41.786+0000][1651.615s][debug][safepoint     ] Safepoint synchronization initiated. (271 threads)
[2024-09-04T12:35:41.786+0000][1651.615s][info ][safepoint     ] Application time: 0.8973682 seconds
[2024-09-04T12:35:41.787+0000][1651.615s][info ][safepoint     ] Entering safepoint region: G1CollectForAllocation
[2024-09-04T12:35:41.787+0000][1651.616s][info ][gc,start      ] GC(128) Pause Young (Normal) (G1 Evacuation Pause)
[2024-09-04T12:35:41.787+0000][1651.616s][info ][gc,task       ] GC(128) Using 4 workers of 4 for evacuation
[2024-09-04T12:35:41.798+0000][1651.626s][info ][gc,phases     ] GC(128)   Pre Evacuate Collection Set: 0.1ms
[2024-09-04T12:35:41.798+0000][1651.626s][info ][gc,phases     ] GC(128)   Evacuate Collection Set: 3.8ms
[2024-09-04T12:35:41.798+0000][1651.626s][info ][gc,phases     ] GC(128)   Post Evacuate Collection Set: 6.3ms
[2024-09-04T12:35:41.798+0000][1651.626s][info ][gc,phases     ] GC(128)   Other: 0.4ms
[2024-09-04T12:35:41.798+0000][1651.626s][info ][gc,heap       ] GC(128) Eden regions: 188->0(189)
[2024-09-04T12:35:41.798+0000][1651.626s][info ][gc,heap       ] GC(128) Survivor regions: 2->1(24)
[2024-09-04T12:35:41.798+0000][1651.626s][info ][gc,heap       ] GC(128) Old regions: 178->178
[2024-09-04T12:35:41.798+0000][1651.626s][info ][gc,heap       ] GC(128) Humongous regions: 0->0
[2024-09-04T12:35:41.798+0000][1651.626s][info ][gc,metaspace  ] GC(128) Metaspace: 184164K(190320K)->184164K(190320K) NonClass: 163089K(166868K)->163089K(166868K) Class: 21074K(23452K)->21074K(23452K)
[2024-09-04T12:35:41.798+0000][1651.627s][info ][gc            ] GC(128) Pause Young (Normal) (G1 Evacuation Pause) 365M->177M(412M) 10.695ms
[2024-09-04T12:35:41.798+0000][1651.627s][info ][gc,cpu        ] GC(128) User=0.03s Sys=0.00s Real=0.01s
[2024-09-04T12:35:41.798+0000][1651.627s][info ][safepoint     ] Leaving safepoint region
[2024-09-04T12:35:41.798+0000][1651.627s][info ][safepoint     ] Total time for which application threads were stopped: 0.0114845 seconds, Stopping threads took: 0.0001329 seconds
[2024-09-04T12:35:41.798+0000][1651.627s][info ][gc,stringdedup] Concurrent String Deduplication (1651.627s)
[2024-09-04T12:35:41.798+0000][1651.627s][info ][gc,stringdedup] Concurrent String Deduplication 368.0B->0.0B(368.0B) avg 55.3% (1651.627s, 1651.627s) 0.062ms
[2024-09-04T12:35:42.798+0000][1652.627s][debug][safepoint     ] Safepoint synchronization initiated. (271 threads)
[2024-09-04T12:35:42.798+0000][1652.627s][info ][safepoint     ] Application time: 1.0003091 seconds
[2024-09-04T12:35:42.798+0000][1652.627s][info ][safepoint     ] Entering safepoint region: Cleanup
[2024-09-04T12:35:42.799+0000][1652.628s][info ][safepoint     ] Leaving safepoint region
[2024-09-04T12:35:42.799+0000][1652.628s][info ][safepoint     ] Total time for which application threads were stopped: 0.0009202 seconds, Stopping threads took: 0.0001647 seconds
[2024-09-04T12:35:43.799+0000][1653.628s][debug][safepoint     ] Safepoint synchronization initiated. (271 threads)
[2024-09-04T12:35:43.799+0000][1653.628s][info ][safepoint     ] Application time: 1.0002560 seconds
[2024-09-04T12:35:43.800+0000][1653.629s][info ][safepoint     ] Entering safepoint region: Cleanup
[2024-09-04T12:35:43.801+0000][1653.629s][info ][safepoint     ] Leaving safepoint region
[2024-09-04T12:35:43.801+0000][1653.629s][info ][safepoint     ] Total time for which application threads were stopped: 0.0011333 seconds, Stopping threads took: 0.0003082 seconds
[2024-09-04T12:35:44.801+0000][1654.630s][debug][safepoint     ] Safepoint synchronization initiated. (271 threads)
[2024-09-04T12:35:44.801+0000][1654.630s][info ][safepoint     ] Application time: 1.0003162 seconds
[2024-09-04T12:35:44.801+0000][1654.630s][info ][safepoint     ] Entering safepoint region: Cleanup
[2024-09-04T12:35:44.802+0000][1654.631s][info ][safepoint     ] Leaving safepoint region
[2024-09-04T12:35:44.802+0000][1654.631s][info ][safepoint     ] Total time for which application threads were stopped: 0.0009075 seconds, Stopping threads took: 0.0002071 seconds
[2024-09-04T12:35:45.802+0000][1655.631s][debug][safepoint     ] Safepoint synchronization initiated. (271 threads)
[2024-09-04T12:35:45.802+0000][1655.631s][info ][safepoint     ] Application time: 1.0002442 seconds
[2024-09-04T12:35:45.802+0000][1655.631s][info ][safepoint     ] Entering safepoint region: Cleanup
[2024-09-04T12:35:45.803+0000][1655.632s][info ][safepoint     ] Leaving safepoint region
[2024-09-04T12:35:45.803+0000][1655.632s][info ][safepoint     ] Total time for which application threads were stopped: 0.0009882 seconds, Stopping threads took: 0.0002093 seconds
[2024-09-04T12:35:46.803+0000][1656.632s][debug][safepoint     ] Safepoint synchronization initiated. (271 threads)
[2024-09-04T12:35:46.803+0000][1656.632s][info ][safepoint     ] Application time: 1.0002320 seconds
[2024-09-04T12:35:46.804+0000][1656.632s][info ][safepoint     ] Entering safepoint region: Cleanup
[2024-09-04T12:35:46.804+0000][1656.633s][info ][safepoint     ] Leaving safepoint region
[2024-09-04T12:35:46.804+0000][1656.633s][info ][safepoint     ] Total time for which application threads were stopped: 0.0006429 seconds, Stopping threads took: 0.0002095 seconds
[2024-09-04T12:35:47.804+0000][1657.633s][debug][safepoint     ] Safepoint synchronization initiated. (271 threads)
[2024-09-04T12:35:47.804+0000][1657.633s][info ][safepoint     ] Application time: 1.0002719 seconds
[2024-09-04T12:35:47.805+0000][1657.633s][info ][safepoint     ] Entering safepoint region: Cleanup
[2024-09-04T12:35:47.805+0000][1657.634s][info ][safepoint     ] Leaving safepoint region
[2024-09-04T12:35:47.805+0000][1657.634s][info ][safepoint     ] Total time for which application threads were stopped: 0.0006974 seconds, Stopping threads took: 0.0001916 seconds
[2024-09-04T12:35:48.805+0000][1658.634s][debug][safepoint     ] Safepoint synchronization initiated. (271 threads)
[2024-09-04T12:35:48.806+0000][1658.634s][info ][safepoint     ] Application time: 1.0003970 seconds
[2024-09-04T12:35:48.806+0000][1658.635s][info ][safepoint     ] Entering safepoint region: Cleanup
[2024-09-04T12:35:48.806+0000][1658.635s][info ][safepoint     ] Leaving safepoint region
[2024-09-04T12:35:48.806+0000][1658.635s][info ][safepoint     ] Total time for which application threads were stopped: 0.0008953 seconds, Stopping threads took: 0.0003021 seconds
[2024-09-04T12:35:49.807+0000][1659.636s][debug][safepoint     ] Safepoint synchronization initiated. (271 threads)
[2024-09-04T12:35:49.807+0000][1659.636s][info ][safepoint     ] Application time: 1.0003126 seconds
[2024-09-04T12:35:49.807+0000][1659.636s][info ][safepoint     ] Entering safepoint region: Cleanup
[2024-09-04T12:35:49.808+0000][1659.636s][info ][safepoint     ] Leaving safepoint region
[2024-09-04T12:35:49.808+0000][1659.637s][info ][safepoint     ] Total time for which application threads were stopped: 0.0008941 seconds, Stopping threads took: 0.0002025 seconds
[2024-09-04T12:35:50.808+0000][1660.637s][debug][safepoint     ] Safepoint synchronization initiated. (271 threads)
[2024-09-04T12:35:50.808+0000][1660.637s][info ][safepoint     ] Application time: 1.0002565 seconds
[2024-09-04T12:35:50.808+0000][1660.637s][debug][safepoint     ] ... found polling page loop exception at pc = 0x00007ff4a140776a, stub =0x00007ff498826680
[2024-09-04T12:35:50.808+0000][1660.637s][debug][safepoint     ] Waiting for 2 thread(s) to block
[2024-09-04T12:35:50.809+0000][1660.637s][info ][safepoint     ] Entering safepoint region: Cleanup
[2024-09-04T12:35:50.809+0000][1660.638s][debug][safepoint     ] ... found polling page return exception at pc = 0x00007ff4a131ffd6, stub =0x00007ff498824b00
[2024-09-04T12:35:50.809+0000][1660.638s][info ][safepoint     ] Leaving safepoint region
[2024-09-04T12:35:50.809+0000][1660.638s][info ][safepoint     ] Total time for which application threads were stopped: 0.0012649 seconds, Stopping threads took: 0.0005973 seconds
[2024-09-04T12:35:51.810+0000][1661.638s][debug][safepoint     ] Safepoint synchronization initiated. (271 threads)
[2024-09-04T12:35:51.810+0000][1661.639s][info ][safepoint     ] Application time: 1.0004095 seconds
[2024-09-04T12:35:51.810+0000][1661.639s][info ][safepoint     ] Entering safepoint region: Cleanup
[2024-09-04T12:35:51.811+0000][1661.639s][info ][safepoint     ] Leaving safepoint region
[2024-09-04T12:35:51.811+0000][1661.639s][info ][safepoint     ] Total time for which application threads were stopped: 0.0008028 seconds, Stopping threads took: 0.0002471 seconds
[2024-09-04T12:35:52.811+0000][1662.640s][debug][safepoint     ] Safepoint synchronization initiated. (271 threads)
[2024-09-04T12:35:52.811+0000][1662.640s][info ][safepoint     ] Application time: 1.0002724 seconds
[2024-09-04T12:35:52.811+0000][1662.640s][info ][safepoint     ] Entering safepoint region: Cleanup
[2024-09-04T12:35:52.812+0000][1662.640s][info ][safepoint     ] Leaving safepoint region
[2024-09-04T12:35:52.812+0000][1662.640s][info ][safepoint     ] Total time for which application threads were stopped: 0.0006350 seconds, Stopping threads took: 0.0001622 seconds
[2024-09-04T12:35:53.812+0000][1663.640s][debug][safepoint     ] Safepoint synchronization initiated. (271 threads)
[2024-09-04T12:35:53.812+0000][1663.641s][info ][safepoint     ] Application time: 1.0002165 seconds
[2024-09-04T12:35:53.812+0000][1663.641s][info ][safepoint     ] Entering safepoint region: Cleanup
[2024-09-04T12:35:53.812+0000][1663.641s][info ][safepoint     ] Leaving safepoint region
[2024-09-04T12:35:53.812+0000][1663.641s][info ][safepoint     ] Total time for which application threads were stopped: 0.0005537 seconds, Stopping threads took: 0.0001581 seconds
[2024-09-04T12:35:54.813+0000][1664.641s][debug][safepoint     ] Safepoint synchronization initiated. (271 threads)
[2024-09-04T12:35:54.813+0000][1664.641s][info ][safepoint     ] Application time: 1.0002949 seconds
[2024-09-04T12:35:54.813+0000][1664.642s][info ][safepoint     ] Entering safepoint region: Cleanup
[2024-09-04T12:35:54.814+0000][1664.643s][info ][safepoint     ] Leaving safepoint region
[2024-09-04T12:35:54.814+0000][1664.643s][info ][safepoint     ] Total time for which application threads were stopped: 0.0010275 seconds, Stopping threads took: 0.0002649 seconds
[2024-09-04T12:35:55.814+0000][1665.643s][debug][safepoint     ] Safepoint synchronization initiated. (271 threads)
[2024-09-04T12:35:55.814+0000][1665.643s][info ][safepoint     ] Application time: 1.0002844 seconds
[2024-09-04T12:35:55.814+0000][1665.643s][info ][safepoint     ] Entering safepoint region: Cleanup
[2024-09-04T12:35:55.815+0000][1665.644s][info ][safepoint     ] Leaving safepoint region
[2024-09-04T12:35:55.815+0000][1665.644s][info ][safepoint     ] Total time for which application threads were stopped: 0.0010306 seconds, Stopping threads took: 0.0002143 seconds
[2024-09-04T12:35:56.815+0000][1666.644s][debug][safepoint     ] Safepoint synchronization initiated. (271 threads)
[2024-09-04T12:35:56.815+0000][1666.644s][info ][safepoint     ] Application time: 1.0001838 seconds
[2024-09-04T12:35:56.816+0000][1666.644s][info ][safepoint     ] Entering safepoint region: Cleanup
[2024-09-04T12:35:56.816+0000][1666.645s][info ][safepoint     ] Leaving safepoint region
[2024-09-04T12:35:56.816+0000][1666.645s][info ][safepoint     ] Total time for which application threads were stopped: 0.0006811 seconds, Stopping threads took: 0.0001619 seconds
[2024-09-04T12:35:57.816+0000][1667.645s][debug][safepoint     ] Safepoint synchronization initiated. (271 threads)
[2024-09-04T12:35:57.816+0000][1667.645s][info ][safepoint     ] Application time: 1.0002305 seconds
[2024-09-04T12:35:57.816+0000][1667.645s][info ][safepoint     ] Entering safepoint region: Cleanup
[2024-09-04T12:35:57.817+0000][1667.646s][info ][safepoint     ] Leaving safepoint region
[2024-09-04T12:35:57.817+0000][1667.646s][info ][safepoint     ] Total time for which application threads were stopped: 0.0006569 seconds, Stopping threads took: 0.0001818 seconds
[2024-09-04T12:35:58.817+0000][1668.646s][debug][safepoint     ] Safepoint synchronization initiated. (271 threads)
[2024-09-04T12:35:58.817+0000][1668.646s][info ][safepoint     ] Application time: 1.0002576 seconds
[2024-09-04T12:35:58.818+0000][1668.646s][info ][safepoint     ] Entering safepoint region: Cleanup
[2024-09-04T12:35:58.818+0000][1668.647s][info ][safepoint     ] Leaving safepoint region
[2024-09-04T12:35:58.818+0000][1668.647s][info ][safepoint     ] Total time for which application threads were stopped: 0.0009063 seconds, Stopping threads took: 0.0003013 seconds
[2024-09-04T12:35:59.818+0000][1669.647s][debug][safepoint     ] Safepoint synchronization initiated. (270 threads)
[2024-09-04T12:35:59.819+0000][1669.647s][info ][safepoint     ] Application time: 1.0003144 seconds
[2024-09-04T12:35:59.819+0000][1669.648s][info ][safepoint     ] Entering safepoint region: Cleanup
[2024-09-04T12:35:59.820+0000][1669.648s][info ][safepoint     ] Leaving safepoint region
[2024-09-04T12:35:59.820+0000][1669.648s][info ][safepoint     ] Total time for which application threads were stopped: 0.0010842 seconds, Stopping threads took: 0.0002499 seconds
[2024-09-04T12:36:00.820+0000][1670.649s][debug][safepoint     ] Safepoint synchronization initiated. (270 threads)
[2024-09-04T12:36:00.820+0000][1670.649s][info ][safepoint     ] Application time: 1.0002985 seconds
[2024-09-04T12:36:00.820+0000][1670.649s][info ][safepoint     ] Entering safepoint region: Cleanup
[2024-09-04T12:36:00.821+0000][1670.650s][info ][safepoint     ] Leaving safepoint region
[2024-09-04T12:36:00.821+0000][1670.650s][debug][safepoint     ] ... found polling page return exception at pc = 0x00007ff4a131ffd6, stub =0x00007ff498824b00
[2024-09-04T12:36:00.821+0000][1670.650s][debug][safepoint     ] ... found polling page return exception at pc = 0x00007ff4a131ffd6, stub =0x00007ff498824b00
[2024-09-04T12:36:00.821+0000][1670.650s][info ][safepoint     ] Total time for which application threads were stopped: 0.0009392 seconds, Stopping threads took: 0.0002423 seconds
[2024-09-04T12:36:00.821+0000][1670.650s][debug][safepoint     ] ... found polling page return exception at pc = 0x00007ff4a131ffd6, stub =0x00007ff498824b00
[2024-09-04T12:36:01.822+0000][1671.650s][debug][safepoint     ] Safepoint synchronization initiated. (270 threads)
[2024-09-04T12:36:01.822+0000][1671.650s][info ][safepoint     ] Application time: 1.0004140 seconds
[2024-09-04T12:36:01.822+0000][1671.651s][info ][safepoint     ] Entering safepoint region: Cleanup
[2024-09-04T12:36:01.823+0000][1671.651s][info ][safepoint     ] Leaving safepoint region
[2024-09-04T12:36:01.823+0000][1671.651s][info ][safepoint     ] Total time for which application threads were stopped: 0.0008826 seconds, Stopping threads took: 0.0002414 seconds
[2024-09-04T12:36:02.823+0000][1672.652s][debug][safepoint     ] Safepoint synchronization initiated. (270 threads)
[2024-09-04T12:36:02.823+0000][1672.652s][info ][safepoint     ] Application time: 1.0003431 seconds
[2024-09-04T12:36:02.823+0000][1672.652s][info ][safepoint     ] Entering safepoint region: Cleanup
[2024-09-04T12:36:02.824+0000][1672.653s][info ][safepoint     ] Leaving safepoint region
[2024-09-04T12:36:02.824+0000][1672.653s][info ][safepoint     ] Total time for which application threads were stopped: 0.0009926 seconds, Stopping threads took: 0.0002464 seconds
[2024-09-04T12:36:03.824+0000][1673.653s][debug][safepoint     ] Safepoint synchronization initiated. (270 threads)
[2024-09-04T12:36:03.824+0000][1673.653s][info ][safepoint     ] Application time: 1.0003013 seconds
[2024-09-04T12:36:03.824+0000][1673.653s][info ][safepoint     ] Entering safepoint region: Cleanup
[2024-09-04T12:36:03.825+0000][1673.654s][info ][safepoint     ] Leaving safepoint region
[2024-09-04T12:36:03.825+0000][1673.654s][info ][safepoint     ] Total time for which application threads were stopped: 0.0009166 seconds, Stopping threads took: 0.0001817 seconds
[2024-09-04T12:36:04.826+0000][1674.654s][debug][safepoint     ] Safepoint synchronization initiated. (270 threads)
[2024-09-04T12:36:04.826+0000][1674.654s][info ][safepoint     ] Application time: 1.0004268 seconds
[2024-09-04T12:36:04.826+0000][1674.655s][info ][safepoint     ] Entering safepoint region: Cleanup
[2024-09-04T12:36:04.827+0000][1674.656s][info ][safepoint     ] Leaving safepoint region
[2024-09-04T12:36:04.827+0000][1674.656s][info ][safepoint     ] Total time for which application threads were stopped: 0.0011912 seconds, Stopping threads took: 0.0002736 seconds
[2024-09-04T12:36:05.827+0000][1675.656s][debug][safepoint     ] Safepoint synchronization initiated. (270 threads)
[2024-09-04T12:36:05.827+0000][1675.656s][info ][safepoint     ] Application time: 1.0002957 seconds
[2024-09-04T12:36:05.827+0000][1675.656s][info ][safepoint     ] Entering safepoint region: Cleanup
[2024-09-04T12:36:05.828+0000][1675.657s][info ][safepoint     ] Leaving safepoint region
[2024-09-04T12:36:05.828+0000][1675.657s][info ][safepoint     ] Total time for which application threads were stopped: 0.0008562 seconds, Stopping threads took: 0.0002172 seconds
[2024-09-04T12:36:06.828+0000][1676.657s][debug][safepoint     ] Safepoint synchronization initiated. (270 threads)
[2024-09-04T12:36:06.829+0000][1676.657s][info ][safepoint     ] Application time: 1.0003650 seconds
[2024-09-04T12:36:06.829+0000][1676.658s][info ][safepoint     ] Entering safepoint region: Cleanup
[2024-09-04T12:36:06.830+0000][1676.658s][info ][safepoint     ] Leaving safepoint region
[2024-09-04T12:36:06.830+0000][1676.658s][info ][safepoint     ] Total time for which application threads were stopped: 0.0010413 seconds, Stopping threads took: 0.0002696 seconds
[2024-09-04T12:36:07.830+0000][1677.659s][debug][safepoint     ] Safepoint synchronization initiated. (270 threads)
[2024-09-04T12:36:07.830+0000][1677.659s][info ][safepoint     ] Application time: 1.0002643 seconds
[2024-09-04T12:36:07.830+0000][1677.659s][info ][safepoint     ] Entering safepoint region: Cleanup
[2024-09-04T12:36:07.831+0000][1677.660s][info ][safepoint     ] Leaving safepoint region
[2024-09-04T12:36:07.831+0000][1677.660s][info ][safepoint     ] Total time for which application threads were stopped: 0.0009908 seconds, Stopping threads took: 0.0002330 seconds
[2024-09-04T12:36:08.831+0000][1678.660s][debug][safepoint     ] Safepoint synchronization initiated. (270 threads)
[2024-09-04T12:36:08.831+0000][1678.660s][info ][safepoint     ] Application time: 1.0002495 seconds
[2024-09-04T12:36:08.832+0000][1678.660s][info ][safepoint     ] Entering safepoint region: Cleanup
[2024-09-04T12:36:08.832+0000][1678.661s][info ][safepoint     ] Leaving safepoint region
[2024-09-04T12:36:08.832+0000][1678.661s][info ][safepoint     ] Total time for which application threads were stopped: 0.0009496 seconds, Stopping threads took: 0.0003143 seconds
[2024-09-04T12:36:09.832+0000][1679.661s][debug][safepoint     ] Safepoint synchronization initiated. (270 threads)
[2024-09-04T12:36:09.833+0000][1679.661s][info ][safepoint     ] Application time: 1.0003303 seconds
[2024-09-04T12:36:09.833+0000][1679.662s][info ][safepoint     ] Entering safepoint region: Cleanup
[2024-09-04T12:36:09.834+0000][1679.662s][info ][safepoint     ] Leaving safepoint region
[2024-09-04T12:36:09.834+0000][1679.663s][info ][safepoint     ] Total time for which application threads were stopped: 0.0012026 seconds, Stopping threads took: 0.0002912 seconds
[2024-09-04T12:36:10.834+0000][1680.663s][debug][safepoint     ] Safepoint synchronization initiated. (270 threads)
[2024-09-04T12:36:10.834+0000][1680.663s][info ][safepoint     ] Application time: 1.0003994 seconds
[2024-09-04T12:36:10.834+0000][1680.663s][debug][safepoint     ] ... found polling page return exception at pc = 0x00007ff4a02f651b, stub =0x00007ff498824b00
[2024-09-04T12:36:10.835+0000][1680.663s][debug][safepoint     ] Waiting for 1 thread(s) to block
[2024-09-04T12:36:10.835+0000][1680.663s][info ][safepoint     ] Entering safepoint region: Cleanup
[2024-09-04T12:36:10.835+0000][1680.664s][debug][safepoint     ] ... found polling page return exception at pc = 0x00007ff4a131ffd6, stub =0x00007ff498824b00
[2024-09-04T12:36:10.835+0000][1680.664s][info ][safepoint     ] Leaving safepoint region
[2024-09-04T12:36:10.836+0000][1680.664s][info ][safepoint     ] Total time for which application threads were stopped: 0.0012438 seconds, Stopping threads took: 0.0005318 seconds
[2024-09-04T12:36:11.517+0000][1681.345s][debug][safepoint     ] Safepoint synchronization initiated. (270 threads)
[2024-09-04T12:36:11.517+0000][1681.346s][info ][safepoint     ] Application time: 0.6812208 seconds
[2024-09-04T12:36:11.517+0000][1681.346s][debug][safepoint     ] Waiting for 1 thread(s) to block
[2024-09-04T12:36:11.517+0000][1681.346s][info ][safepoint     ] Entering safepoint region: G1CollectForAllocation
[2024-09-04T12:36:11.518+0000][1681.347s][info ][gc,start      ] GC(129) Pause Young (Normal) (G1 Evacuation Pause)
[2024-09-04T12:36:11.518+0000][1681.347s][info ][gc,task       ] GC(129) Using 4 workers of 4 for evacuation
[2024-09-04T12:36:11.527+0000][1681.356s][info ][gc,phases     ] GC(129)   Pre Evacuate Collection Set: 0.0ms
[2024-09-04T12:36:11.527+0000][1681.356s][info ][gc,phases     ] GC(129)   Evacuate Collection Set: 2.6ms
[2024-09-04T12:36:11.527+0000][1681.356s][info ][gc,phases     ] GC(129)   Post Evacuate Collection Set: 5.8ms
[2024-09-04T12:36:11.527+0000][1681.356s][info ][gc,phases     ] GC(129)   Other: 0.5ms
[2024-09-04T12:36:11.527+0000][1681.356s][info ][gc,heap       ] GC(129) Eden regions: 189->0(188)
[2024-09-04T12:36:11.527+0000][1681.356s][info ][gc,heap       ] GC(129) Survivor regions: 1->1(24)
[2024-09-04T12:36:11.527+0000][1681.356s][info ][gc,heap       ] GC(129) Old regions: 178->178
[2024-09-04T12:36:11.527+0000][1681.356s][info ][gc,heap       ] GC(129) Humongous regions: 0->0
[2024-09-04T12:36:11.527+0000][1681.356s][info ][gc,metaspace  ] GC(129) Metaspace: 184181K(190320K)->184181K(190320K) NonClass: 163107K(166868K)->163107K(166868K) Class: 21074K(23452K)->21074K(23452K)
[2024-09-04T12:36:11.527+0000][1681.356s][info ][gc            ] GC(129) Pause Young (Normal) (G1 Evacuation Pause) 366M->177M(412M) 9.119ms
[2024-09-04T12:36:11.527+0000][1681.356s][info ][gc,cpu        ] GC(129) User=0.02s Sys=0.00s Real=0.01s
[2024-09-04T12:36:11.527+0000][1681.356s][info ][safepoint     ] Leaving safepoint region
[2024-09-04T12:36:11.527+0000][1681.356s][info ][safepoint     ] Total time for which application threads were stopped: 0.0103527 seconds, Stopping threads took: 0.0003278 seconds
[2024-09-04T12:36:11.527+0000][1681.356s][info ][gc,stringdedup] Concurrent String Deduplication (1681.356s)
[2024-09-04T12:36:11.527+0000][1681.356s][info ][gc,stringdedup] Concurrent String Deduplication 136.0B->48.0B(88.0B) avg 55.3% (1681.356s, 1681.356s) 0.039ms
[2024-09-04T12:36:12.527+0000][1682.356s][debug][safepoint     ] Safepoint synchronization initiated. (270 threads)
[2024-09-04T12:36:12.527+0000][1682.356s][info ][safepoint     ] Application time: 1.0003280 seconds
[2024-09-04T12:36:12.528+0000][1682.356s][info ][safepoint     ] Entering safepoint region: Cleanup
[2024-09-04T12:36:12.528+0000][1682.357s][info ][safepoint     ] Leaving safepoint region
[2024-09-04T12:36:12.528+0000][1682.357s][info ][safepoint     ] Total time for which application threads were stopped: 0.0006261 seconds, Stopping threads took: 0.0001779 seconds
[2024-09-04T12:36:13.528+0000][1683.357s][debug][safepoint     ] Safepoint synchronization initiated. (270 threads)
[2024-09-04T12:36:13.528+0000][1683.357s][info ][safepoint     ] Application time: 1.0002806 seconds
[2024-09-04T12:36:13.529+0000][1683.357s][info ][safepoint     ] Entering safepoint region: Cleanup
[2024-09-04T12:36:13.529+0000][1683.358s][info ][safepoint     ] Leaving safepoint region
[2024-09-04T12:36:13.529+0000][1683.358s][info ][safepoint     ] Total time for which application threads were stopped: 0.0010699 seconds, Stopping threads took: 0.0001677 seconds
[2024-09-04T12:36:14.530+0000][1684.358s][debug][safepoint     ] Safepoint synchronization initiated. (270 threads)
[2024-09-04T12:36:14.530+0000][1684.359s][info ][safepoint     ] Application time: 1.0002711 seconds
[2024-09-04T12:36:14.530+0000][1684.359s][info ][safepoint     ] Entering safepoint region: Cleanup
[2024-09-04T12:36:14.531+0000][1684.359s][info ][safepoint     ] Leaving safepoint region
[2024-09-04T12:36:14.531+0000][1684.359s][info ][safepoint     ] Total time for which application threads were stopped: 0.0008452 seconds, Stopping threads took: 0.0002312 seconds
[2024-09-04T12:36:15.531+0000][1685.360s][debug][safepoint     ] Safepoint synchronization initiated. (270 threads)
[2024-09-04T12:36:15.531+0000][1685.360s][info ][safepoint     ] Application time: 1.0002459 seconds
[2024-09-04T12:36:15.531+0000][1685.360s][info ][safepoint     ] Entering safepoint region: Cleanup
[2024-09-04T12:36:15.532+0000][1685.361s][info ][safepoint     ] Leaving safepoint region
[2024-09-04T12:36:15.532+0000][1685.361s][info ][safepoint     ] Total time for which application threads were stopped: 0.0009768 seconds, Stopping threads took: 0.0001759 seconds
[2024-09-04T12:36:16.532+0000][1686.361s][debug][safepoint     ] Safepoint synchronization initiated. (274 threads)
[2024-09-04T12:36:16.532+0000][1686.361s][info ][safepoint     ] Application time: 1.0001981 seconds
[2024-09-04T12:36:16.532+0000][1686.361s][info ][safepoint     ] Entering safepoint region: Cleanup
[2024-09-04T12:36:16.533+0000][1686.362s][debug][safepoint     ] ... found polling page return exception at pc = 0x00007ff4a131ffd6, stub =0x00007ff498824b00
[2024-09-04T12:36:16.533+0000][1686.362s][info ][safepoint     ] Leaving safepoint region
[2024-09-04T12:36:16.533+0000][1686.362s][info ][safepoint     ] Total time for which application threads were stopped: 0.0011824 seconds, Stopping threads took: 0.0001811 seconds
[2024-09-04T12:36:17.534+0000][1687.362s][debug][safepoint     ] Safepoint synchronization initiated. (273 threads)
[2024-09-04T12:36:17.534+0000][1687.363s][info ][safepoint     ] Application time: 1.0003944 seconds
[2024-09-04T12:36:17.534+0000][1687.363s][info ][safepoint     ] Entering safepoint region: Cleanup
[2024-09-04T12:36:17.535+0000][1687.363s][info ][safepoint     ] Leaving safepoint region
[2024-09-04T12:36:17.535+0000][1687.363s][info ][safepoint     ] Total time for which application threads were stopped: 0.0007978 seconds, Stopping threads took: 0.0002899 seconds
[2024-09-04T12:36:18.535+0000][1688.364s][debug][safepoint     ] Safepoint synchronization initiated. (273 threads)
[2024-09-04T12:36:18.535+0000][1688.364s][info ][safepoint     ] Application time: 1.0002034 seconds
[2024-09-04T12:36:18.535+0000][1688.364s][info ][safepoint     ] Entering safepoint region: Cleanup
[2024-09-04T12:36:18.536+0000][1688.365s][info ][safepoint     ] Leaving safepoint region
[2024-09-04T12:36:18.536+0000][1688.365s][info ][safepoint     ] Total time for which application threads were stopped: 0.0009733 seconds, Stopping threads took: 0.0004654 seconds
[2024-09-04T12:36:19.536+0000][1689.365s][debug][safepoint     ] Safepoint synchronization initiated. (273 threads)
[2024-09-04T12:36:19.536+0000][1689.365s][info ][safepoint     ] Application time: 1.0002445 seconds
[2024-09-04T12:36:19.536+0000][1689.365s][debug][safepoint     ] ... found polling page loop exception at pc = 0x00007ff4a09f95f2, stub =0x00007ff498826680
[2024-09-04T12:36:19.536+0000][1689.365s][debug][safepoint     ] ... found polling page return exception at pc = 0x00007ff4a0c6df9d, stub =0x00007ff498824b00
[2024-09-04T12:36:19.536+0000][1689.365s][debug][safepoint     ] Waiting for 2 thread(s) to block
[2024-09-04T12:36:19.537+0000][1689.365s][info ][safepoint     ] Entering safepoint region: Cleanup
[2024-09-04T12:36:19.537+0000][1689.366s][info ][safepoint     ] Leaving safepoint region
[2024-09-04T12:36:19.537+0000][1689.366s][info ][safepoint     ] Total time for which application threads were stopped: 0.0010277 seconds, Stopping threads took: 0.0004786 seconds
[2024-09-04T12:36:20.537+0000][1690.366s][debug][safepoint     ] Safepoint synchronization initiated. (273 threads)
[2024-09-04T12:36:20.538+0000][1690.366s][info ][safepoint     ] Application time: 1.0004538 seconds
[2024-09-04T12:36:20.538+0000][1690.367s][info ][safepoint     ] Entering safepoint region: Cleanup
[2024-09-04T12:36:20.539+0000][1690.367s][info ][safepoint     ] Leaving safepoint region
[2024-09-04T12:36:20.539+0000][1690.367s][info ][safepoint     ] Total time for which application threads were stopped: 0.0008843 seconds, Stopping threads took: 0.0003303 seconds
[2024-09-04T12:36:21.539+0000][1691.368s][debug][safepoint     ] Safepoint synchronization initiated. (273 threads)
[2024-09-04T12:36:21.539+0000][1691.368s][info ][safepoint     ] Application time: 1.0003475 seconds
[2024-09-04T12:36:21.539+0000][1691.368s][info ][safepoint     ] Entering safepoint region: Cleanup
[2024-09-04T12:36:21.540+0000][1691.369s][info ][safepoint     ] Leaving safepoint region
[2024-09-04T12:36:21.540+0000][1691.369s][info ][safepoint     ] Total time for which application threads were stopped: 0.0009333 seconds, Stopping threads took: 0.0002776 seconds
[2024-09-04T12:36:22.540+0000][1692.369s][debug][safepoint     ] Safepoint synchronization initiated. (273 threads)
[2024-09-04T12:36:22.540+0000][1692.369s][info ][safepoint     ] Application time: 1.0002176 seconds
[2024-09-04T12:36:22.540+0000][1692.369s][info ][safepoint     ] Entering safepoint region: Cleanup
[2024-09-04T12:36:22.541+0000][1692.370s][info ][safepoint     ] Leaving safepoint region
[2024-09-04T12:36:22.541+0000][1692.370s][info ][safepoint     ] Total time for which application threads were stopped: 0.0007863 seconds, Stopping threads took: 0.0002235 seconds
[2024-09-04T12:36:23.541+0000][1693.370s][debug][safepoint     ] Safepoint synchronization initiated. (273 threads)
[2024-09-04T12:36:23.541+0000][1693.370s][info ][safepoint     ] Application time: 1.0003097 seconds
[2024-09-04T12:36:23.542+0000][1693.370s][info ][safepoint     ] Entering safepoint region: Cleanup
[2024-09-04T12:36:23.542+0000][1693.371s][debug][safepoint     ] ... found polling page return exception at pc = 0x00007ff4a131ffd6, stub =0x00007ff498824b00
[2024-09-04T12:36:23.542+0000][1693.371s][info ][safepoint     ] Leaving safepoint region
[2024-09-04T12:36:23.542+0000][1693.371s][info ][safepoint     ] Total time for which application threads were stopped: 0.0008930 seconds, Stopping threads took: 0.0003378 seconds
[2024-09-04T12:36:24.542+0000][1694.371s][debug][safepoint     ] Safepoint synchronization initiated. (273 threads)
[2024-09-04T12:36:24.543+0000][1694.371s][info ][safepoint     ] Application time: 1.0003520 seconds
[2024-09-04T12:36:24.543+0000][1694.372s][info ][safepoint     ] Entering safepoint region: Cleanup
[2024-09-04T12:36:24.543+0000][1694.372s][info ][safepoint     ] Leaving safepoint region
[2024-09-04T12:36:24.544+0000][1694.372s][info ][safepoint     ] Total time for which application threads were stopped: 0.0009404 seconds, Stopping threads took: 0.0002929 seconds
[2024-09-04T12:36:24.614+0000][1694.443s][debug][safepoint     ] Safepoint synchronization initiated. (273 threads)
[2024-09-04T12:36:24.614+0000][1694.443s][info ][safepoint     ] Application time: 0.0706483 seconds
[2024-09-04T12:36:24.614+0000][1694.443s][info ][safepoint     ] Entering safepoint region: Deoptimize
[2024-09-04T12:36:24.634+0000][1694.462s][info ][safepoint     ] Leaving safepoint region
[2024-09-04T12:36:24.634+0000][1694.462s][info ][safepoint     ] Total time for which application threads were stopped: 0.0193428 seconds, Stopping threads took: 0.0000779 seconds
[2024-09-04T12:36:25.634+0000][1695.463s][debug][safepoint     ] Safepoint synchronization initiated. (273 threads)
[2024-09-04T12:36:25.634+0000][1695.463s][info ][safepoint     ] Application time: 1.0003442 seconds
[2024-09-04T12:36:25.634+0000][1695.463s][info ][safepoint     ] Entering safepoint region: Cleanup
[2024-09-04T12:36:25.635+0000][1695.464s][info ][safepoint     ] Leaving safepoint region
[2024-09-04T12:36:25.635+0000][1695.464s][info ][safepoint     ] Total time for which application threads were stopped: 0.0012263 seconds, Stopping threads took: 0.0002800 seconds
[2024-09-04T12:36:26.505+0000][1696.334s][debug][safepoint     ] Safepoint synchronization initiated. (273 threads)
[2024-09-04T12:36:26.505+0000][1696.334s][info ][safepoint     ] Application time: 0.8697931 seconds
[2024-09-04T12:36:26.505+0000][1696.334s][info ][safepoint     ] Entering safepoint region: Deoptimize
[2024-09-04T12:36:26.509+0000][1696.338s][info ][safepoint     ] Leaving safepoint region
[2024-09-04T12:36:26.509+0000][1696.338s][info ][safepoint     ] Total time for which application threads were stopped: 0.0041758 seconds, Stopping threads took: 0.0001428 seconds
[2024-09-04T12:36:27.510+0000][1697.339s][debug][safepoint     ] Safepoint synchronization initiated. (274 threads)
[2024-09-04T12:36:27.510+0000][1697.339s][info ][safepoint     ] Application time: 1.0010623 seconds
[2024-09-04T12:36:27.510+0000][1697.339s][debug][safepoint     ] ... found polling page return exception at pc = 0x00007ff4a128582d, stub =0x00007ff498824b00
[2024-09-04T12:36:27.510+0000][1697.339s][debug][safepoint     ] Waiting for 2 thread(s) to block
[2024-09-04T12:36:27.511+0000][1697.339s][info ][safepoint     ] Entering safepoint region: Cleanup
[2024-09-04T12:36:27.511+0000][1697.340s][info ][safepoint     ] Leaving safepoint region
[2024-09-04T12:36:27.511+0000][1697.340s][info ][safepoint     ] Total time for which application threads were stopped: 0.0008727 seconds, Stopping threads took: 0.0004275 seconds
[2024-09-04T12:36:28.511+0000][1698.340s][debug][safepoint     ] Safepoint synchronization initiated. (274 threads)
[2024-09-04T12:36:28.511+0000][1698.340s][info ][safepoint     ] Application time: 1.0002757 seconds
[2024-09-04T12:36:28.512+0000][1698.341s][info ][safepoint     ] Entering safepoint region: Cleanup
[2024-09-04T12:36:28.512+0000][1698.341s][info ][safepoint     ] Leaving safepoint region
[2024-09-04T12:36:28.512+0000][1698.341s][info ][safepoint     ] Total time for which application threads were stopped: 0.0009196 seconds, Stopping threads took: 0.0004249 seconds
[2024-09-04T12:36:29.513+0000][1699.341s][debug][safepoint     ] Safepoint synchronization initiated. (274 threads)
[2024-09-04T12:36:29.513+0000][1699.342s][info ][safepoint     ] Application time: 1.0002688 seconds
[2024-09-04T12:36:29.513+0000][1699.342s][info ][safepoint     ] Entering safepoint region: Cleanup
[2024-09-04T12:36:29.514+0000][1699.342s][info ][safepoint     ] Leaving safepoint region
[2024-09-04T12:36:29.514+0000][1699.342s][info ][safepoint     ] Total time for which application threads were stopped: 0.0008408 seconds, Stopping threads took: 0.0001723 seconds
[2024-09-04T12:36:30.514+0000][1700.343s][debug][safepoint     ] Safepoint synchronization initiated. (274 threads)
[2024-09-04T12:36:30.514+0000][1700.343s][info ][safepoint     ] Application time: 1.0002360 seconds
[2024-09-04T12:36:30.514+0000][1700.343s][debug][safepoint     ] ... found polling page return exception at pc = 0x00007ff4a0ad015b, stub =0x00007ff498824b00
[2024-09-04T12:36:30.514+0000][1700.343s][debug][safepoint     ] Waiting for 1 thread(s) to block
[2024-09-04T12:36:30.514+0000][1700.343s][info ][safepoint     ] Entering safepoint region: Cleanup
[2024-09-04T12:36:30.515+0000][1700.344s][info ][safepoint     ] Leaving safepoint region
[2024-09-04T12:36:30.515+0000][1700.344s][info ][safepoint     ] Total time for which application threads were stopped: 0.0009910 seconds, Stopping threads took: 0.0003368 seconds
[2024-09-04T12:36:31.515+0000][1701.344s][debug][safepoint     ] Safepoint synchronization initiated. (274 threads)
[2024-09-04T12:36:31.515+0000][1701.344s][info ][safepoint     ] Application time: 1.0003647 seconds
[2024-09-04T12:36:31.516+0000][1701.344s][info ][safepoint     ] Entering safepoint region: Cleanup
[2024-09-04T12:36:31.516+0000][1701.345s][info ][safepoint     ] Leaving safepoint region
[2024-09-04T12:36:31.516+0000][1701.345s][info ][safepoint     ] Total time for which application threads were stopped: 0.0011049 seconds, Stopping threads took: 0.0002665 seconds
[2024-09-04T12:36:32.517+0000][1702.345s][debug][safepoint     ] Safepoint synchronization initiated. (274 threads)
[2024-09-04T12:36:32.517+0000][1702.345s][info ][safepoint     ] Application time: 1.0001962 seconds
[2024-09-04T12:36:32.517+0000][1702.346s][info ][safepoint     ] Entering safepoint region: Cleanup
[2024-09-04T12:36:32.518+0000][1702.346s][info ][safepoint     ] Leaving safepoint region
[2024-09-04T12:36:32.518+0000][1702.346s][info ][safepoint     ] Total time for which application threads were stopped: 0.0008903 seconds, Stopping threads took: 0.0002101 seconds
[2024-09-04T12:36:33.518+0000][1703.346s][debug][safepoint     ] Safepoint synchronization initiated. (275 threads)
[2024-09-04T12:36:33.518+0000][1703.347s][info ][safepoint     ] Application time: 1.0002276 seconds
[2024-09-04T12:36:33.518+0000][1703.347s][info ][safepoint     ] Entering safepoint region: Cleanup
[2024-09-04T12:36:33.519+0000][1703.347s][debug][safepoint     ] ... found polling page return exception at pc = 0x00007ff4a131ffd6, stub =0x00007ff498824b00
[2024-09-04T12:36:33.519+0000][1703.347s][info ][safepoint     ] Leaving safepoint region
[2024-09-04T12:36:33.519+0000][1703.348s][info ][safepoint     ] Total time for which application threads were stopped: 0.0010094 seconds, Stopping threads took: 0.0002116 seconds
[2024-09-04T12:36:34.519+0000][1704.348s][debug][safepoint     ] Safepoint synchronization initiated. (274 threads)
[2024-09-04T12:36:34.519+0000][1704.348s][info ][safepoint     ] Application time: 1.0003077 seconds
[2024-09-04T12:36:34.519+0000][1704.348s][info ][safepoint     ] Entering safepoint region: Cleanup
[2024-09-04T12:36:34.520+0000][1704.349s][info ][safepoint     ] Leaving safepoint region
[2024-09-04T12:36:34.520+0000][1704.349s][info ][safepoint     ] Total time for which application threads were stopped: 0.0009149 seconds, Stopping threads took: 0.0002332 seconds
[2024-09-04T12:36:34.531+0000][1704.360s][debug][safepoint     ] Safepoint synchronization initiated. (274 threads)
[2024-09-04T12:36:34.531+0000][1704.360s][info ][safepoint     ] Application time: 0.0110196 seconds
[2024-09-04T12:36:34.531+0000][1704.360s][info ][safepoint     ] Entering safepoint region: G1CollectForAllocation
[2024-09-04T12:36:34.532+0000][1704.360s][info ][gc,start      ] GC(130) Pause Young (Normal) (G1 Evacuation Pause)
[2024-09-04T12:36:34.532+0000][1704.361s][info ][gc,task       ] GC(130) Using 4 workers of 4 for evacuation
[2024-09-04T12:36:34.544+0000][1704.373s][info ][gc,phases     ] GC(130)   Pre Evacuate Collection Set: 0.1ms
[2024-09-04T12:36:34.544+0000][1704.373s][info ][gc,phases     ] GC(130)   Evacuate Collection Set: 5.9ms
[2024-09-04T12:36:34.544+0000][1704.373s][info ][gc,phases     ] GC(130)   Post Evacuate Collection Set: 5.9ms
[2024-09-04T12:36:34.544+0000][1704.373s][info ][gc,phases     ] GC(130)   Other: 0.5ms
[2024-09-04T12:36:34.544+0000][1704.373s][info ][gc,heap       ] GC(130) Eden regions: 188->0(187)
[2024-09-04T12:36:34.544+0000][1704.373s][info ][gc,heap       ] GC(130) Survivor regions: 1->2(24)
[2024-09-04T12:36:34.544+0000][1704.373s][info ][gc,heap       ] GC(130) Old regions: 178->178
[2024-09-04T12:36:34.544+0000][1704.373s][info ][gc,heap       ] GC(130) Humongous regions: 0->0
[2024-09-04T12:36:34.544+0000][1704.373s][info ][gc,metaspace  ] GC(130) Metaspace: 184706K(190960K)->184706K(190960K) NonClass: 163583K(167380K)->163583K(167380K) Class: 21122K(23580K)->21122K(23580K)
[2024-09-04T12:36:34.544+0000][1704.373s][info ][gc            ] GC(130) Pause Young (Normal) (G1 Evacuation Pause) 365M->178M(412M) 12.602ms
[2024-09-04T12:36:34.544+0000][1704.373s][info ][gc,cpu        ] GC(130) User=0.03s Sys=0.00s Real=0.01s
[2024-09-04T12:36:34.545+0000][1704.373s][info ][safepoint     ] Leaving safepoint region
[2024-09-04T12:36:34.545+0000][1704.373s][info ][safepoint     ] Total time for which application threads were stopped: 0.0133720 seconds, Stopping threads took: 0.0001224 seconds
[2024-09-04T12:36:34.545+0000][1704.373s][info ][gc,stringdedup] Concurrent String Deduplication (1704.373s)
[2024-09-04T12:36:34.545+0000][1704.374s][info ][gc,stringdedup] Concurrent String Deduplication 408.0B->0.0B(408.0B) avg 55.3% (1704.373s, 1704.374s) 0.063ms
[2024-09-04T12:36:35.545+0000][1705.374s][debug][safepoint     ] Safepoint synchronization initiated. (274 threads)
[2024-09-04T12:36:35.545+0000][1705.374s][info ][safepoint     ] Application time: 1.0002604 seconds
[2024-09-04T12:36:35.545+0000][1705.374s][info ][safepoint     ] Entering safepoint region: Cleanup
[2024-09-04T12:36:35.545+0000][1705.374s][info ][safepoint     ] Leaving safepoint region
[2024-09-04T12:36:35.545+0000][1705.374s][info ][safepoint     ] Total time for which application threads were stopped: 0.0005289 seconds, Stopping threads took: 0.0001718 seconds
[2024-09-04T12:36:36.545+0000][1706.374s][debug][safepoint     ] Safepoint synchronization initiated. (274 threads)
[2024-09-04T12:36:36.546+0000][1706.374s][info ][safepoint     ] Application time: 1.0001463 seconds
[2024-09-04T12:36:36.546+0000][1706.374s][info ][safepoint     ] Entering safepoint region: Cleanup
[2024-09-04T12:36:36.546+0000][1706.375s][info ][safepoint     ] Leaving safepoint region
[2024-09-04T12:36:36.546+0000][1706.375s][info ][safepoint     ] Total time for which application threads were stopped: 0.0006534 seconds, Stopping threads took: 0.0001608 seconds
[2024-09-04T12:36:37.546+0000][1707.375s][debug][safepoint     ] Safepoint synchronization initiated. (274 threads)
[2024-09-04T12:36:37.546+0000][1707.375s][info ][safepoint     ] Application time: 1.0002326 seconds
[2024-09-04T12:36:37.547+0000][1707.375s][info ][safepoint     ] Entering safepoint region: Cleanup
[2024-09-04T12:36:37.547+0000][1707.376s][info ][safepoint     ] Leaving safepoint region
[2024-09-04T12:36:37.548+0000][1707.376s][info ][safepoint     ] Total time for which application threads were stopped: 0.0010913 seconds, Stopping threads took: 0.0002560 seconds
[2024-09-04T12:36:37.547+0000][1707.376s][debug][safepoint     ] ... found polling page loop exception at pc = 0x00007ff4a1317510, stub =0x00007ff498826680
[2024-09-04T12:36:38.548+0000][1708.377s][debug][safepoint     ] Safepoint synchronization initiated. (274 threads)
[2024-09-04T12:36:38.548+0000][1708.377s][info ][safepoint     ] Application time: 1.0002340 seconds
[2024-09-04T12:36:38.548+0000][1708.377s][info ][safepoint     ] Entering safepoint region: Cleanup
[2024-09-04T12:36:38.549+0000][1708.377s][info ][safepoint     ] Leaving safepoint region
[2024-09-04T12:36:38.549+0000][1708.377s][info ][safepoint     ] Total time for which application threads were stopped: 0.0006632 seconds, Stopping threads took: 0.0001638 seconds
[2024-09-04T12:36:39.549+0000][1709.377s][debug][safepoint     ] Safepoint synchronization initiated. (274 threads)
[2024-09-04T12:36:39.549+0000][1709.378s][info ][safepoint     ] Application time: 1.0002123 seconds
[2024-09-04T12:36:39.549+0000][1709.378s][info ][safepoint     ] Entering safepoint region: Cleanup
[2024-09-04T12:36:39.550+0000][1709.378s][info ][safepoint     ] Leaving safepoint region
[2024-09-04T12:36:39.550+0000][1709.378s][info ][safepoint     ] Total time for which application threads were stopped: 0.0008430 seconds, Stopping threads took: 0.0002030 seconds
[2024-09-04T12:36:40.550+0000][1710.379s][debug][safepoint     ] Safepoint synchronization initiated. (274 threads)
[2024-09-04T12:36:40.550+0000][1710.379s][info ][safepoint     ] Application time: 1.0002789 seconds
[2024-09-04T12:36:40.550+0000][1710.379s][debug][safepoint     ] ... found polling page return exception at pc = 0x00007ff4a13392d5, stub =0x00007ff498824b00
[2024-09-04T12:36:40.550+0000][1710.379s][debug][safepoint     ] Waiting for 2 thread(s) to block
[2024-09-04T12:36:40.550+0000][1710.379s][info ][safepoint     ] Entering safepoint region: Cleanup
[2024-09-04T12:36:40.551+0000][1710.380s][info ][safepoint     ] Leaving safepoint region
[2024-09-04T12:36:40.551+0000][1710.380s][info ][safepoint     ] Total time for which application threads were stopped: 0.0011202 seconds, Stopping threads took: 0.0005252 seconds
[2024-09-04T12:36:41.551+0000][1711.380s][debug][safepoint     ] Safepoint synchronization initiated. (274 threads)
[2024-09-04T12:36:41.551+0000][1711.380s][info ][safepoint     ] Application time: 1.0002553 seconds
[2024-09-04T12:36:41.552+0000][1711.380s][info ][safepoint     ] Entering safepoint region: Cleanup
[2024-09-04T12:36:41.552+0000][1711.381s][info ][safepoint     ] Leaving safepoint region
[2024-09-04T12:36:41.552+0000][1711.381s][info ][safepoint     ] Total time for which application threads were stopped: 0.0007837 seconds, Stopping threads took: 0.0002243 seconds
[2024-09-04T12:36:42.553+0000][1712.381s][debug][safepoint     ] Safepoint synchronization initiated. (274 threads)
[2024-09-04T12:36:42.553+0000][1712.381s][info ][safepoint     ] Application time: 1.0003445 seconds
[2024-09-04T12:36:42.553+0000][1712.382s][info ][safepoint     ] Entering safepoint region: Cleanup
[2024-09-04T12:36:42.554+0000][1712.382s][info ][safepoint     ] Leaving safepoint region
[2024-09-04T12:36:42.554+0000][1712.382s][info ][safepoint     ] Total time for which application threads were stopped: 0.0010070 seconds, Stopping threads took: 0.0002854 seconds
[2024-09-04T12:36:43.554+0000][1713.383s][debug][safepoint     ] Safepoint synchronization initiated. (274 threads)
[2024-09-04T12:36:43.554+0000][1713.383s][info ][safepoint     ] Application time: 1.0002783 seconds
[2024-09-04T12:36:43.554+0000][1713.383s][info ][safepoint     ] Entering safepoint region: Cleanup
[2024-09-04T12:36:43.555+0000][1713.383s][info ][safepoint     ] Leaving safepoint region
[2024-09-04T12:36:43.555+0000][1713.383s][info ][safepoint     ] Total time for which application threads were stopped: 0.0006578 seconds, Stopping threads took: 0.0002210 seconds
[2024-09-04T12:36:44.555+0000][1714.384s][debug][safepoint     ] Safepoint synchronization initiated. (274 threads)
[2024-09-04T12:36:44.555+0000][1714.384s][info ][safepoint     ] Application time: 1.0001621 seconds
[2024-09-04T12:36:44.555+0000][1714.384s][info ][safepoint     ] Entering safepoint region: Cleanup
[2024-09-04T12:36:44.555+0000][1714.384s][info ][safepoint     ] Leaving safepoint region
[2024-09-04T12:36:44.555+0000][1714.384s][info ][safepoint     ] Total time for which application threads were stopped: 0.0005458 seconds, Stopping threads took: 0.0001671 seconds
[2024-09-04T12:36:45.556+0000][1715.384s][debug][safepoint     ] Safepoint synchronization initiated. (274 threads)
[2024-09-04T12:36:45.556+0000][1715.385s][info ][safepoint     ] Application time: 1.0003450 seconds
[2024-09-04T12:36:45.556+0000][1715.385s][debug][safepoint     ] ... found polling page return exception at pc = 0x00007ff4a0cbdc72, stub =0x00007ff498824b00
[2024-09-04T12:36:45.556+0000][1715.385s][debug][safepoint     ] ... found polling page return exception at pc = 0x00007ff4a131ffd6, stub =0x00007ff498824b00
[2024-09-04T12:36:45.556+0000][1715.385s][debug][safepoint     ] ... found polling page return exception at pc = 0x00007ff4a03a0beb, stub =0x00007ff498824b00
[2024-09-04T12:36:45.556+0000][1715.385s][debug][safepoint     ] ... found polling page return exception at pc = 0x00007ff4a0bbbbc6, stub =0x00007ff498824b00
[2024-09-04T12:36:45.556+0000][1715.385s][debug][safepoint     ] Waiting for 4 thread(s) to block
[2024-09-04T12:36:45.557+0000][1715.385s][info ][safepoint     ] Entering safepoint region: Cleanup
[2024-09-04T12:36:45.557+0000][1715.386s][info ][safepoint     ] Leaving safepoint region
[2024-09-04T12:36:45.557+0000][1715.386s][info ][safepoint     ] Total time for which application threads were stopped: 0.0012009 seconds, Stopping threads took: 0.0008817 seconds
[2024-09-04T12:36:46.557+0000][1716.386s][debug][safepoint     ] Safepoint synchronization initiated. (274 threads)
[2024-09-04T12:36:46.557+0000][1716.386s][info ][safepoint     ] Application time: 1.0002610 seconds
[2024-09-04T12:36:46.557+0000][1716.386s][debug][safepoint     ] ... found polling page return exception at pc = 0x00007ff4a1374066, stub =0x00007ff498824b00
[2024-09-04T12:36:46.558+0000][1716.386s][debug][safepoint     ] ... found polling page return exception at pc = 0x00007ff4a121b121, stub =0x00007ff498824b00
[2024-09-04T12:36:46.559+0000][1716.388s][debug][safepoint     ] Waiting for 2 thread(s) to block
[2024-09-04T12:36:46.560+0000][1716.388s][info ][safepoint     ] Entering safepoint region: Cleanup
[2024-09-04T12:36:46.560+0000][1716.389s][info ][safepoint     ] Leaving safepoint region
[2024-09-04T12:36:46.560+0000][1716.389s][info ][safepoint     ] Total time for which application threads were stopped: 0.0027185 seconds, Stopping threads took: 0.0023220 seconds
[2024-09-04T12:36:47.560+0000][1717.389s][debug][safepoint     ] Safepoint synchronization initiated. (274 threads)
[2024-09-04T12:36:47.560+0000][1717.389s][info ][safepoint     ] Application time: 1.0002700 seconds
[2024-09-04T12:36:47.560+0000][1717.389s][debug][safepoint     ] ... found polling page loop exception at pc = 0x00007ff4a03fa87a, stub =0x00007ff498826680
[2024-09-04T12:36:47.561+0000][1717.389s][debug][safepoint     ] Waiting for 1 thread(s) to block
[2024-09-04T12:36:47.561+0000][1717.390s][info ][safepoint     ] Entering safepoint region: Cleanup
[2024-09-04T12:36:47.561+0000][1717.390s][info ][safepoint     ] Leaving safepoint region
[2024-09-04T12:36:47.561+0000][1717.390s][info ][safepoint     ] Total time for which application threads were stopped: 0.0011472 seconds, Stopping threads took: 0.0004798 seconds
[2024-09-04T12:36:48.562+0000][1718.390s][debug][safepoint     ] Safepoint synchronization initiated. (274 threads)
[2024-09-04T12:36:48.562+0000][1718.391s][info ][safepoint     ] Application time: 1.0002968 seconds
[2024-09-04T12:36:48.562+0000][1718.391s][info ][safepoint     ] Entering safepoint region: Cleanup
[2024-09-04T12:36:48.563+0000][1718.392s][info ][safepoint     ] Leaving safepoint region
[2024-09-04T12:36:48.563+0000][1718.392s][info ][safepoint     ] Total time for which application threads were stopped: 0.0011023 seconds, Stopping threads took: 0.0003920 seconds
[2024-09-04T12:36:49.563+0000][1719.392s][debug][safepoint     ] Safepoint synchronization initiated. (274 threads)
[2024-09-04T12:36:49.563+0000][1719.392s][info ][safepoint     ] Application time: 1.0001948 seconds
[2024-09-04T12:36:49.563+0000][1719.392s][info ][safepoint     ] Entering safepoint region: Cleanup
[2024-09-04T12:36:49.564+0000][1719.393s][info ][safepoint     ] Leaving safepoint region
[2024-09-04T12:36:49.564+0000][1719.393s][info ][safepoint     ] Total time for which application threads were stopped: 0.0007484 seconds, Stopping threads took: 0.0002193 seconds
[2024-09-04T12:36:50.564+0000][1720.393s][debug][safepoint     ] Safepoint synchronization initiated. (274 threads)
[2024-09-04T12:36:50.564+0000][1720.393s][info ][safepoint     ] Application time: 1.0002794 seconds
[2024-09-04T12:36:50.564+0000][1720.393s][debug][safepoint     ] ... found polling page return exception at pc = 0x00007ff4a02f651b, stub =0x00007ff498824b00
[2024-09-04T12:36:50.565+0000][1720.393s][debug][safepoint     ] Waiting for 2 thread(s) to block
[2024-09-04T12:36:50.565+0000][1720.394s][info ][safepoint     ] Entering safepoint region: Cleanup
[2024-09-04T12:36:50.565+0000][1720.394s][info ][safepoint     ] Leaving safepoint region
[2024-09-04T12:36:50.565+0000][1720.394s][info ][safepoint     ] Total time for which application threads were stopped: 0.0012275 seconds, Stopping threads took: 0.0005160 seconds
[2024-09-04T12:36:51.566+0000][1721.395s][debug][safepoint     ] Safepoint synchronization initiated. (274 threads)
[2024-09-04T12:36:51.566+0000][1721.395s][info ][safepoint     ] Application time: 1.0002641 seconds
[2024-09-04T12:36:51.566+0000][1721.395s][info ][safepoint     ] Entering safepoint region: Cleanup
[2024-09-04T12:36:51.566+0000][1721.395s][info ][safepoint     ] Leaving safepoint region
[2024-09-04T12:36:51.566+0000][1721.395s][info ][safepoint     ] Total time for which application threads were stopped: 0.0005334 seconds, Stopping threads took: 0.0001560 seconds
[2024-09-04T12:36:52.567+0000][1722.395s][debug][safepoint     ] Safepoint synchronization initiated. (274 threads)
[2024-09-04T12:36:52.567+0000][1722.395s][info ][safepoint     ] Application time: 1.0003032 seconds
[2024-09-04T12:36:52.567+0000][1722.396s][info ][safepoint     ] Entering safepoint region: Cleanup
[2024-09-04T12:36:52.568+0000][1722.396s][info ][safepoint     ] Leaving safepoint region
[2024-09-04T12:36:52.568+0000][1722.396s][info ][safepoint     ] Total time for which application threads were stopped: 0.0008894 seconds, Stopping threads took: 0.0002154 seconds
[2024-09-04T12:36:53.568+0000][1723.397s][debug][safepoint     ] Safepoint synchronization initiated. (274 threads)
[2024-09-04T12:36:53.568+0000][1723.397s][info ][safepoint     ] Application time: 1.0002238 seconds
[2024-09-04T12:36:53.568+0000][1723.397s][info ][safepoint     ] Entering safepoint region: Cleanup
[2024-09-04T12:36:53.569+0000][1723.397s][info ][safepoint     ] Leaving safepoint region
[2024-09-04T12:36:53.569+0000][1723.397s][info ][safepoint     ] Total time for which application threads were stopped: 0.0006878 seconds, Stopping threads took: 0.0001791 seconds
[2024-09-04T12:36:54.569+0000][1724.398s][debug][safepoint     ] Safepoint synchronization initiated. (274 threads)
[2024-09-04T12:36:54.569+0000][1724.398s][info ][safepoint     ] Application time: 1.0003712 seconds
[2024-09-04T12:36:54.569+0000][1724.398s][info ][safepoint     ] Entering safepoint region: Cleanup
[2024-09-04T12:36:54.570+0000][1724.399s][info ][safepoint     ] Leaving safepoint region
[2024-09-04T12:36:54.570+0000][1724.399s][info ][safepoint     ] Total time for which application threads were stopped: 0.0009017 seconds, Stopping threads took: 0.0002229 seconds
[2024-09-04T12:36:55.570+0000][1725.399s][debug][safepoint     ] Safepoint synchronization initiated. (274 threads)
[2024-09-04T12:36:55.570+0000][1725.399s][info ][safepoint     ] Application time: 1.0002187 seconds
[2024-09-04T12:36:55.570+0000][1725.399s][info ][safepoint     ] Entering safepoint region: Cleanup
[2024-09-04T12:36:55.571+0000][1725.400s][info ][safepoint     ] Leaving safepoint region
[2024-09-04T12:36:55.571+0000][1725.400s][info ][safepoint     ] Total time for which application threads were stopped: 0.0008675 seconds, Stopping threads took: 0.0002723 seconds
[2024-09-04T12:36:56.571+0000][1726.400s][debug][safepoint     ] Safepoint synchronization initiated. (274 threads)
[2024-09-04T12:36:56.571+0000][1726.400s][info ][safepoint     ] Application time: 1.0002894 seconds
[2024-09-04T12:36:56.572+0000][1726.400s][info ][safepoint     ] Entering safepoint region: Cleanup
[2024-09-04T12:36:56.572+0000][1726.401s][info ][safepoint     ] Leaving safepoint region
[2024-09-04T12:36:56.572+0000][1726.401s][info ][safepoint     ] Total time for which application threads were stopped: 0.0006795 seconds, Stopping threads took: 0.0001921 seconds
[2024-09-04T12:36:57.572+0000][1727.401s][debug][safepoint     ] Safepoint synchronization initiated. (274 threads)
[2024-09-04T12:36:57.572+0000][1727.401s][info ][safepoint     ] Application time: 1.0002663 seconds
[2024-09-04T12:36:57.572+0000][1727.401s][debug][safepoint     ] ... found polling page return exception at pc = 0x00007ff4a0866db6, stub =0x00007ff498824b00
[2024-09-04T12:36:57.572+0000][1727.401s][debug][safepoint     ] ... found polling page return exception at pc = 0x00007ff4a0ee1b9f, stub =0x00007ff498824b00
[2024-09-04T12:36:57.573+0000][1727.401s][debug][safepoint     ] Waiting for 2 thread(s) to block
[2024-09-04T12:36:57.573+0000][1727.401s][info ][safepoint     ] Entering safepoint region: Cleanup
[2024-09-04T12:36:57.573+0000][1727.402s][info ][safepoint     ] Leaving safepoint region
[2024-09-04T12:36:57.573+0000][1727.402s][debug][safepoint     ] ... found polling page return exception at pc = 0x00007ff4a131ffd6, stub =0x00007ff498824b00
[2024-09-04T12:36:57.573+0000][1727.402s][info ][safepoint     ] Total time for which application threads were stopped: 0.0009075 seconds, Stopping threads took: 0.0004064 seconds
[2024-09-04T12:36:58.301+0000][1728.130s][debug][safepoint     ] Safepoint synchronization initiated. (274 threads)
[2024-09-04T12:36:58.301+0000][1728.130s][info ][safepoint     ] Application time: 0.7276734 seconds
[2024-09-04T12:36:58.301+0000][1728.130s][info ][safepoint     ] Entering safepoint region: G1CollectForAllocation
[2024-09-04T12:36:58.302+0000][1728.131s][info ][gc,start      ] GC(131) Pause Young (Normal) (G1 Evacuation Pause)
[2024-09-04T12:36:58.302+0000][1728.131s][info ][gc,task       ] GC(131) Using 4 workers of 4 for evacuation
[2024-09-04T12:36:58.313+0000][1728.141s][info ][gc,phases     ] GC(131)   Pre Evacuate Collection Set: 0.1ms
[2024-09-04T12:36:58.313+0000][1728.141s][info ][gc,phases     ] GC(131)   Evacuate Collection Set: 5.1ms
[2024-09-04T12:36:58.313+0000][1728.141s][info ][gc,phases     ] GC(131)   Post Evacuate Collection Set: 4.9ms
[2024-09-04T12:36:58.313+0000][1728.142s][info ][gc,phases     ] GC(131)   Other: 0.6ms
[2024-09-04T12:36:58.313+0000][1728.142s][info ][gc,heap       ] GC(131) Eden regions: 187->0(185)
[2024-09-04T12:36:58.313+0000][1728.142s][info ][gc,heap       ] GC(131) Survivor regions: 2->3(24)
[2024-09-04T12:36:58.313+0000][1728.142s][info ][gc,heap       ] GC(131) Old regions: 178->179
[2024-09-04T12:36:58.313+0000][1728.142s][info ][gc,heap       ] GC(131) Humongous regions: 0->0
[2024-09-04T12:36:58.313+0000][1728.142s][info ][gc,metaspace  ] GC(131) Metaspace: 185261K(191472K)->185261K(191472K) NonClass: 164123K(167892K)->164123K(167892K) Class: 21138K(23580K)->21138K(23580K)
[2024-09-04T12:36:58.313+0000][1728.142s][info ][gc            ] GC(131) Pause Young (Normal) (G1 Evacuation Pause) 365M->179M(412M) 10.839ms
[2024-09-04T12:36:58.313+0000][1728.142s][info ][gc,cpu        ] GC(131) User=0.03s Sys=0.01s Real=0.01s
[2024-09-04T12:36:58.313+0000][1728.142s][info ][safepoint     ] Leaving safepoint region
[2024-09-04T12:36:58.313+0000][1728.142s][info ][safepoint     ] Total time for which application threads were stopped: 0.0119624 seconds, Stopping threads took: 0.0002293 seconds
[2024-09-04T12:36:58.313+0000][1728.142s][info ][gc,stringdedup] Concurrent String Deduplication (1728.142s)
[2024-09-04T12:36:58.313+0000][1728.142s][info ][gc,stringdedup] Concurrent String Deduplication 0.0B->0.0B(0.0B) avg 55.3% (1728.142s, 1728.142s) 0.033ms
[2024-09-04T12:36:59.313+0000][1729.142s][debug][safepoint     ] Safepoint synchronization initiated. (274 threads)
[2024-09-04T12:36:59.313+0000][1729.142s][info ][safepoint     ] Application time: 1.0002478 seconds
[2024-09-04T12:36:59.314+0000][1729.142s][info ][safepoint     ] Entering safepoint region: Cleanup
[2024-09-04T12:36:59.314+0000][1729.143s][info ][safepoint     ] Leaving safepoint region
[2024-09-04T12:36:59.314+0000][1729.143s][info ][safepoint     ] Total time for which application threads were stopped: 0.0008523 seconds, Stopping threads took: 0.0002513 seconds
[2024-09-04T12:37:00.314+0000][1730.143s][debug][safepoint     ] Safepoint synchronization initiated. (274 threads)
[2024-09-04T12:37:00.314+0000][1730.143s][info ][safepoint     ] Application time: 1.0001967 seconds
[2024-09-04T12:37:00.314+0000][1730.143s][debug][safepoint     ] ... found polling page loop exception at pc = 0x00007ff4a0ae4687, stub =0x00007ff498826680
[2024-09-04T12:37:00.315+0000][1730.143s][debug][safepoint     ] Waiting for 1 thread(s) to block
[2024-09-04T12:37:00.315+0000][1730.143s][info ][safepoint     ] Entering safepoint region: Cleanup
[2024-09-04T12:37:00.315+0000][1730.144s][info ][safepoint     ] Leaving safepoint region
[2024-09-04T12:37:00.315+0000][1730.144s][info ][safepoint     ] Total time for which application threads were stopped: 0.0006330 seconds, Stopping threads took: 0.0002481 seconds
[2024-09-04T12:37:01.315+0000][1731.144s][debug][safepoint     ] Safepoint synchronization initiated. (274 threads)
[2024-09-04T12:37:01.315+0000][1731.144s][info ][safepoint     ] Application time: 1.0002285 seconds
[2024-09-04T12:37:01.315+0000][1731.144s][debug][safepoint     ] ... found polling page return exception at pc = 0x00007ff4a09c2674, stub =0x00007ff498824b00
[2024-09-04T12:37:01.315+0000][1731.144s][debug][safepoint     ] ... found polling page return exception at pc = 0x00007ff4a0a9382c, stub =0x00007ff498824b00
[2024-09-04T12:37:01.316+0000][1731.144s][debug][safepoint     ] Waiting for 3 thread(s) to block
[2024-09-04T12:37:01.316+0000][1731.145s][info ][safepoint     ] Entering safepoint region: Cleanup
[2024-09-04T12:37:01.316+0000][1731.145s][info ][safepoint     ] Leaving safepoint region
[2024-09-04T12:37:01.316+0000][1731.145s][info ][safepoint     ] Total time for which application threads were stopped: 0.0009094 seconds, Stopping threads took: 0.0004990 seconds
[2024-09-04T12:37:02.316+0000][1732.145s][debug][safepoint     ] Safepoint synchronization initiated. (274 threads)
[2024-09-04T12:37:02.317+0000][1732.145s][info ][safepoint     ] Application time: 1.0003133 seconds
[2024-09-04T12:37:02.317+0000][1732.146s][info ][safepoint     ] Entering safepoint region: Cleanup
[2024-09-04T12:37:02.317+0000][1732.146s][info ][safepoint     ] Leaving safepoint region
[2024-09-04T12:37:02.317+0000][1732.146s][info ][safepoint     ] Total time for which application threads were stopped: 0.0008036 seconds, Stopping threads took: 0.0002519 seconds
[2024-09-04T12:37:03.318+0000][1733.146s][debug][safepoint     ] Safepoint synchronization initiated. (274 threads)
[2024-09-04T12:37:03.318+0000][1733.146s][info ][safepoint     ] Application time: 1.0001589 seconds
[2024-09-04T12:37:03.318+0000][1733.147s][info ][safepoint     ] Entering safepoint region: Cleanup
[2024-09-04T12:37:03.319+0000][1733.147s][info ][safepoint     ] Leaving safepoint region
[2024-09-04T12:37:03.319+0000][1733.147s][info ][safepoint     ] Total time for which application threads were stopped: 0.0009160 seconds, Stopping threads took: 0.0002284 seconds
[2024-09-04T12:37:04.319+0000][1734.148s][debug][safepoint     ] Safepoint synchronization initiated. (274 threads)
[2024-09-04T12:37:04.319+0000][1734.148s][info ][safepoint     ] Application time: 1.0001770 seconds
[2024-09-04T12:37:04.319+0000][1734.148s][info ][safepoint     ] Entering safepoint region: Cleanup
[2024-09-04T12:37:04.320+0000][1734.148s][info ][safepoint     ] Leaving safepoint region
[2024-09-04T12:37:04.320+0000][1734.148s][info ][safepoint     ] Total time for which application threads were stopped: 0.0006345 seconds, Stopping threads took: 0.0001580 seconds
[2024-09-04T12:37:05.320+0000][1735.149s][debug][safepoint     ] Safepoint synchronization initiated. (274 threads)
[2024-09-04T12:37:05.320+0000][1735.149s][info ][safepoint     ] Application time: 1.0003594 seconds
[2024-09-04T12:37:05.320+0000][1735.149s][info ][safepoint     ] Entering safepoint region: Cleanup
[2024-09-04T12:37:05.321+0000][1735.150s][info ][safepoint     ] Leaving safepoint region
[2024-09-04T12:37:05.321+0000][1735.150s][info ][safepoint     ] Total time for which application threads were stopped: 0.0009441 seconds, Stopping threads took: 0.0002300 seconds
[2024-09-04T12:37:06.321+0000][1736.150s][debug][safepoint     ] Safepoint synchronization initiated. (274 threads)
[2024-09-04T12:37:06.321+0000][1736.150s][info ][safepoint     ] Application time: 1.0002755 seconds
[2024-09-04T12:37:06.321+0000][1736.150s][debug][safepoint     ] ... found polling page return exception at pc = 0x00007ff4a0ca7143, stub =0x00007ff498824b00
[2024-09-04T12:37:06.322+0000][1736.150s][debug][safepoint     ] Waiting for 1 thread(s) to block
[2024-09-04T12:37:06.322+0000][1736.151s][info ][safepoint     ] Entering safepoint region: Cleanup
[2024-09-04T12:37:06.322+0000][1736.151s][info ][safepoint     ] Leaving safepoint region
[2024-09-04T12:37:06.322+0000][1736.151s][info ][safepoint     ] Total time for which application threads were stopped: 0.0009768 seconds, Stopping threads took: 0.0005614 seconds
[2024-09-04T12:37:07.322+0000][1737.151s][debug][safepoint     ] Safepoint synchronization initiated. (274 threads)
[2024-09-04T12:37:07.322+0000][1737.151s][info ][safepoint     ] Application time: 1.0001691 seconds
[2024-09-04T12:37:07.323+0000][1737.151s][info ][safepoint     ] Entering safepoint region: Cleanup
[2024-09-04T12:37:07.323+0000][1737.152s][info ][safepoint     ] Leaving safepoint region
[2024-09-04T12:37:07.323+0000][1737.152s][info ][safepoint     ] Total time for which application threads were stopped: 0.0005816 seconds, Stopping threads took: 0.0001742 seconds
[2024-09-04T12:37:08.323+0000][1738.152s][debug][safepoint     ] Safepoint synchronization initiated. (276 threads)
[2024-09-04T12:37:08.323+0000][1738.152s][info ][safepoint     ] Application time: 1.0002134 seconds
[2024-09-04T12:37:08.323+0000][1738.152s][info ][safepoint     ] Entering safepoint region: Cleanup
[2024-09-04T12:37:08.324+0000][1738.153s][info ][safepoint     ] Leaving safepoint region
[2024-09-04T12:37:08.324+0000][1738.153s][info ][safepoint     ] Total time for which application threads were stopped: 0.0009643 seconds, Stopping threads took: 0.0001636 seconds
[2024-09-04T12:37:09.324+0000][1739.153s][debug][safepoint     ] Safepoint synchronization initiated. (276 threads)
[2024-09-04T12:37:09.325+0000][1739.153s][info ][safepoint     ] Application time: 1.0003224 seconds
[2024-09-04T12:37:09.325+0000][1739.154s][info ][safepoint     ] Entering safepoint region: Cleanup
[2024-09-04T12:37:09.325+0000][1739.154s][info ][safepoint     ] Leaving safepoint region
[2024-09-04T12:37:09.325+0000][1739.154s][info ][safepoint     ] Total time for which application threads were stopped: 0.0008030 seconds, Stopping threads took: 0.0002579 seconds
[2024-09-04T12:37:10.326+0000][1740.154s][debug][safepoint     ] Safepoint synchronization initiated. (276 threads)
[2024-09-04T12:37:10.326+0000][1740.154s][info ][safepoint     ] Application time: 1.0002111 seconds
[2024-09-04T12:37:10.326+0000][1740.155s][debug][safepoint     ] Waiting for 1 thread(s) to block
[2024-09-04T12:37:10.326+0000][1740.155s][info ][safepoint     ] Entering safepoint region: Cleanup
[2024-09-04T12:37:10.327+0000][1740.155s][info ][safepoint     ] Leaving safepoint region
[2024-09-04T12:37:10.327+0000][1740.155s][info ][safepoint     ] Total time for which application threads were stopped: 0.0009071 seconds, Stopping threads took: 0.0005591 seconds
[2024-09-04T12:37:11.327+0000][1741.156s][debug][safepoint     ] Safepoint synchronization initiated. (276 threads)
[2024-09-04T12:37:11.327+0000][1741.156s][info ][safepoint     ] Application time: 1.0002847 seconds
[2024-09-04T12:37:11.327+0000][1741.156s][info ][safepoint     ] Entering safepoint region: Cleanup
[2024-09-04T12:37:11.328+0000][1741.157s][info ][safepoint     ] Leaving safepoint region
[2024-09-04T12:37:11.328+0000][1741.157s][info ][safepoint     ] Total time for which application threads were stopped: 0.0009025 seconds, Stopping threads took: 0.0003141 seconds
[2024-09-04T12:37:12.328+0000][1742.157s][debug][safepoint     ] Safepoint synchronization initiated. (276 threads)
[2024-09-04T12:37:12.328+0000][1742.157s][info ][safepoint     ] Application time: 1.0003720 seconds
[2024-09-04T12:37:12.328+0000][1742.157s][info ][safepoint     ] Entering safepoint region: Cleanup
[2024-09-04T12:37:12.329+0000][1742.158s][info ][safepoint     ] Leaving safepoint region
[2024-09-04T12:37:12.329+0000][1742.158s][info ][safepoint     ] Total time for which application threads were stopped: 0.0008316 seconds, Stopping threads took: 0.0002193 seconds
[2024-09-04T12:37:13.329+0000][1743.158s][debug][safepoint     ] Safepoint synchronization initiated. (276 threads)
[2024-09-04T12:37:13.329+0000][1743.158s][info ][safepoint     ] Application time: 1.0002780 seconds
[2024-09-04T12:37:13.330+0000][1743.158s][info ][safepoint     ] Entering safepoint region: Cleanup
[2024-09-04T12:37:13.330+0000][1743.159s][info ][safepoint     ] Leaving safepoint region
[2024-09-04T12:37:13.330+0000][1743.159s][info ][safepoint     ] Total time for which application threads were stopped: 0.0008302 seconds, Stopping threads took: 0.0003474 seconds
[2024-09-04T12:37:14.330+0000][1744.159s][debug][safepoint     ] Safepoint synchronization initiated. (276 threads)
[2024-09-04T12:37:14.330+0000][1744.159s][info ][safepoint     ] Application time: 1.0002418 seconds
[2024-09-04T12:37:14.331+0000][1744.159s][info ][safepoint     ] Entering safepoint region: Cleanup
[2024-09-04T12:37:14.331+0000][1744.160s][info ][safepoint     ] Leaving safepoint region
[2024-09-04T12:37:14.331+0000][1744.160s][info ][safepoint     ] Total time for which application threads were stopped: 0.0007974 seconds, Stopping threads took: 0.0002317 seconds
[2024-09-04T12:37:15.332+0000][1745.160s][debug][safepoint     ] Safepoint synchronization initiated. (277 threads)
[2024-09-04T12:37:15.332+0000][1745.160s][info ][safepoint     ] Application time: 1.0002562 seconds
[2024-09-04T12:37:15.332+0000][1745.161s][info ][safepoint     ] Entering safepoint region: Cleanup
[2024-09-04T12:37:15.332+0000][1745.161s][info ][safepoint     ] Leaving safepoint region
[2024-09-04T12:37:15.332+0000][1745.161s][info ][safepoint     ] Total time for which application threads were stopped: 0.0008091 seconds, Stopping threads took: 0.0002130 seconds
[2024-09-04T12:37:16.333+0000][1746.161s][debug][safepoint     ] Safepoint synchronization initiated. (276 threads)
[2024-09-04T12:37:16.333+0000][1746.161s][info ][safepoint     ] Application time: 1.0002495 seconds
[2024-09-04T12:37:16.333+0000][1746.162s][info ][safepoint     ] Entering safepoint region: Cleanup
[2024-09-04T12:37:16.334+0000][1746.162s][info ][safepoint     ] Leaving safepoint region
[2024-09-04T12:37:16.334+0000][1746.162s][info ][safepoint     ] Total time for which application threads were stopped: 0.0009408 seconds, Stopping threads took: 0.0002222 seconds
[2024-09-04T12:37:17.334+0000][1747.163s][debug][safepoint     ] Safepoint synchronization initiated. (276 threads)
[2024-09-04T12:37:17.334+0000][1747.163s][info ][safepoint     ] Application time: 1.0001985 seconds
[2024-09-04T12:37:17.334+0000][1747.163s][info ][safepoint     ] Entering safepoint region: Cleanup
[2024-09-04T12:37:17.335+0000][1747.163s][info ][safepoint     ] Leaving safepoint region
[2024-09-04T12:37:17.335+0000][1747.163s][info ][safepoint     ] Total time for which application threads were stopped: 0.0007818 seconds, Stopping threads took: 0.0001834 seconds
[2024-09-04T12:37:18.335+0000][1748.164s][debug][safepoint     ] Safepoint synchronization initiated. (276 threads)
[2024-09-04T12:37:18.335+0000][1748.164s][info ][safepoint     ] Application time: 1.0002644 seconds
[2024-09-04T12:37:18.335+0000][1748.164s][info ][safepoint     ] Entering safepoint region: Cleanup
[2024-09-04T12:37:18.336+0000][1748.165s][info ][safepoint     ] Leaving safepoint region
[2024-09-04T12:37:18.336+0000][1748.165s][info ][safepoint     ] Total time for which application threads were stopped: 0.0008575 seconds, Stopping threads took: 0.0002371 seconds
[2024-09-04T12:37:19.336+0000][1749.165s][debug][safepoint     ] Safepoint synchronization initiated. (276 threads)
[2024-09-04T12:37:19.336+0000][1749.165s][info ][safepoint     ] Application time: 1.0002639 seconds
[2024-09-04T12:37:19.336+0000][1749.165s][info ][safepoint     ] Entering safepoint region: Cleanup
[2024-09-04T12:37:19.337+0000][1749.166s][info ][safepoint     ] Leaving safepoint region
[2024-09-04T12:37:19.337+0000][1749.166s][info ][safepoint     ] Total time for which application threads were stopped: 0.0006931 seconds, Stopping threads took: 0.0001909 seconds
[2024-09-04T12:37:20.337+0000][1750.166s][debug][safepoint     ] Safepoint synchronization initiated. (275 threads)
[2024-09-04T12:37:20.337+0000][1750.166s][info ][safepoint     ] Application time: 1.0001757 seconds
[2024-09-04T12:37:20.337+0000][1750.166s][info ][safepoint     ] Entering safepoint region: Cleanup
[2024-09-04T12:37:20.338+0000][1750.166s][info ][safepoint     ] Leaving safepoint region
[2024-09-04T12:37:20.338+0000][1750.167s][info ][safepoint     ] Total time for which application threads were stopped: 0.0006138 seconds, Stopping threads took: 0.0001723 seconds
[2024-09-04T12:37:20.338+0000][1750.167s][debug][safepoint     ] ... found polling page return exception at pc = 0x00007ff4a131ffd6, stub =0x00007ff498824b00
[2024-09-04T12:37:21.338+0000][1751.167s][debug][safepoint     ] Safepoint synchronization initiated. (275 threads)
[2024-09-04T12:37:21.338+0000][1751.167s][info ][safepoint     ] Application time: 1.0003529 seconds
[2024-09-04T12:37:21.338+0000][1751.167s][info ][safepoint     ] Entering safepoint region: Cleanup
[2024-09-04T12:37:21.339+0000][1751.168s][debug][safepoint     ] ... found polling page return exception at pc = 0x00007ff4a131ffd6, stub =0x00007ff498824b00
[2024-09-04T12:37:21.339+0000][1751.168s][info ][safepoint     ] Leaving safepoint region
[2024-09-04T12:37:21.339+0000][1751.168s][info ][safepoint     ] Total time for which application threads were stopped: 0.0010745 seconds, Stopping threads took: 0.0002601 seconds
[2024-09-04T12:37:22.340+0000][1752.168s][debug][safepoint     ] Safepoint synchronization initiated. (275 threads)
[2024-09-04T12:37:22.340+0000][1752.168s][info ][safepoint     ] Application time: 1.0003560 seconds
[2024-09-04T12:37:22.340+0000][1752.169s][info ][safepoint     ] Entering safepoint region: Cleanup
[2024-09-04T12:37:22.340+0000][1752.169s][info ][safepoint     ] Leaving safepoint region
[2024-09-04T12:37:22.340+0000][1752.169s][info ][safepoint     ] Total time for which application threads were stopped: 0.0008232 seconds, Stopping threads took: 0.0002559 seconds
[2024-09-04T12:37:23.341+0000][1753.170s][debug][safepoint     ] Safepoint synchronization initiated. (275 threads)
[2024-09-04T12:37:23.341+0000][1753.170s][info ][safepoint     ] Application time: 1.0003274 seconds
[2024-09-04T12:37:23.341+0000][1753.170s][info ][safepoint     ] Entering safepoint region: Cleanup
[2024-09-04T12:37:23.342+0000][1753.170s][info ][safepoint     ] Leaving safepoint region
[2024-09-04T12:37:23.342+0000][1753.170s][info ][safepoint     ] Total time for which application threads were stopped: 0.0008340 seconds, Stopping threads took: 0.0002042 seconds
[2024-09-04T12:37:24.342+0000][1754.171s][debug][safepoint     ] Safepoint synchronization initiated. (275 threads)
[2024-09-04T12:37:24.342+0000][1754.171s][info ][safepoint     ] Application time: 1.0002684 seconds
[2024-09-04T12:37:24.342+0000][1754.171s][debug][safepoint     ] ... found polling page return exception at pc = 0x00007ff4a131ffd6, stub =0x00007ff498824b00
[2024-09-04T12:37:24.342+0000][1754.171s][debug][safepoint     ] Waiting for 1 thread(s) to block
[2024-09-04T12:37:24.343+0000][1754.171s][info ][safepoint     ] Entering safepoint region: Cleanup
[2024-09-04T12:37:24.343+0000][1754.172s][info ][safepoint     ] Leaving safepoint region
[2024-09-04T12:37:24.343+0000][1754.172s][info ][safepoint     ] Total time for which application threads were stopped: 0.0008090 seconds, Stopping threads took: 0.0005017 seconds
[2024-09-04T12:37:25.343+0000][1755.172s][debug][safepoint     ] Safepoint synchronization initiated. (275 threads)
[2024-09-04T12:37:25.343+0000][1755.172s][info ][safepoint     ] Application time: 1.0003347 seconds
[2024-09-04T12:37:25.343+0000][1755.172s][info ][safepoint     ] Entering safepoint region: Cleanup
[2024-09-04T12:37:25.344+0000][1755.173s][info ][safepoint     ] Leaving safepoint region
[2024-09-04T12:37:25.344+0000][1755.173s][info ][safepoint     ] Total time for which application threads were stopped: 0.0009284 seconds, Stopping threads took: 0.0002432 seconds
[2024-09-04T12:37:25.653+0000][1755.482s][debug][safepoint     ] Safepoint synchronization initiated. (275 threads)
[2024-09-04T12:37:25.653+0000][1755.482s][info ][safepoint     ] Application time: 0.3089431 seconds
[2024-09-04T12:37:25.653+0000][1755.482s][debug][safepoint     ] ... found polling page loop exception at pc = 0x00007ff4a126e27f, stub =0x00007ff498826680
[2024-09-04T12:37:25.653+0000][1755.482s][debug][safepoint     ] Waiting for 1 thread(s) to block
[2024-09-04T12:37:25.653+0000][1755.482s][info ][safepoint     ] Entering safepoint region: G1CollectForAllocation
[2024-09-04T12:37:25.654+0000][1755.483s][info ][gc,start      ] GC(132) Pause Young (Normal) (G1 Evacuation Pause)
[2024-09-04T12:37:25.654+0000][1755.483s][info ][gc,task       ] GC(132) Using 4 workers of 4 for evacuation
[2024-09-04T12:37:25.664+0000][1755.493s][info ][gc,phases     ] GC(132)   Pre Evacuate Collection Set: 0.0ms
[2024-09-04T12:37:25.664+0000][1755.493s][info ][gc,phases     ] GC(132)   Evacuate Collection Set: 5.1ms
[2024-09-04T12:37:25.664+0000][1755.493s][info ][gc,phases     ] GC(132)   Post Evacuate Collection Set: 4.8ms
[2024-09-04T12:37:25.664+0000][1755.493s][info ][gc,phases     ] GC(132)   Other: 0.6ms
[2024-09-04T12:37:25.664+0000][1755.493s][info ][gc,heap       ] GC(132) Eden regions: 185->0(185)
[2024-09-04T12:37:25.664+0000][1755.493s][info ][gc,heap       ] GC(132) Survivor regions: 3->3(24)
[2024-09-04T12:37:25.664+0000][1755.493s][info ][gc,heap       ] GC(132) Old regions: 179->179
[2024-09-04T12:37:25.664+0000][1755.493s][info ][gc,heap       ] GC(132) Humongous regions: 0->0
[2024-09-04T12:37:25.664+0000][1755.493s][info ][gc,metaspace  ] GC(132) Metaspace: 185525K(191728K)->185525K(191728K) NonClass: 164385K(168148K)->164385K(168148K) Class: 21140K(23580K)->21140K(23580K)
[2024-09-04T12:37:25.665+0000][1755.493s][info ][gc            ] GC(132) Pause Young (Normal) (G1 Evacuation Pause) 364M->179M(412M) 10.582ms
[2024-09-04T12:37:25.665+0000][1755.493s][info ][gc,cpu        ] GC(132) User=0.04s Sys=0.00s Real=0.01s
[2024-09-04T12:37:25.665+0000][1755.493s][info ][safepoint     ] Leaving safepoint region
[2024-09-04T12:37:25.665+0000][1755.493s][info ][safepoint     ] Total time for which application threads were stopped: 0.0115126 seconds, Stopping threads took: 0.0001809 seconds
[2024-09-04T12:37:25.665+0000][1755.494s][info ][gc,stringdedup] Concurrent String Deduplication (1755.494s)
[2024-09-04T12:37:25.665+0000][1755.494s][info ][gc,stringdedup] Concurrent String Deduplication 57168.0B->24840.0B(32328.0B) avg 55.3% (1755.494s, 1755.494s) 0.376ms
[2024-09-04T12:37:26.665+0000][1756.494s][debug][safepoint     ] Safepoint synchronization initiated. (275 threads)
[2024-09-04T12:37:26.665+0000][1756.494s][info ][safepoint     ] Application time: 1.0003561 seconds
[2024-09-04T12:37:26.665+0000][1756.494s][info ][safepoint     ] Entering safepoint region: Cleanup
[2024-09-04T12:37:26.666+0000][1756.495s][info ][safepoint     ] Leaving safepoint region
[2024-09-04T12:37:26.666+0000][1756.495s][info ][safepoint     ] Total time for which application threads were stopped: 0.0009432 seconds, Stopping threads took: 0.0002271 seconds
[2024-09-04T12:37:27.666+0000][1757.495s][debug][safepoint     ] Safepoint synchronization initiated. (275 threads)
[2024-09-04T12:37:27.666+0000][1757.495s][info ][safepoint     ] Application time: 1.0002028 seconds
[2024-09-04T12:37:27.666+0000][1757.495s][info ][safepoint     ] Entering safepoint region: Cleanup
[2024-09-04T12:37:27.667+0000][1757.496s][info ][safepoint     ] Leaving safepoint region
[2024-09-04T12:37:27.667+0000][1757.496s][info ][safepoint     ] Total time for which application threads were stopped: 0.0006211 seconds, Stopping threads took: 0.0001586 seconds
[2024-09-04T12:37:28.667+0000][1758.496s][debug][safepoint     ] Safepoint synchronization initiated. (275 threads)
[2024-09-04T12:37:28.667+0000][1758.496s][info ][safepoint     ] Application time: 1.0002160 seconds
[2024-09-04T12:37:28.667+0000][1758.496s][debug][safepoint     ] ... found polling page return exception at pc = 0x00007ff4a0cbdc72, stub =0x00007ff498824b00
[2024-09-04T12:37:28.667+0000][1758.496s][debug][safepoint     ] ... found polling page return exception at pc = 0x00007ff4a0699419, stub =0x00007ff498824b00
[2024-09-04T12:37:28.667+0000][1758.496s][debug][safepoint     ] Waiting for 2 thread(s) to block
[2024-09-04T12:37:28.668+0000][1758.496s][info ][safepoint     ] Entering safepoint region: Cleanup
[2024-09-04T12:37:28.668+0000][1758.497s][debug][safepoint     ] ... found polling page return exception at pc = 0x00007ff4a131ffd6, stub =0x00007ff498824b00
[2024-09-04T12:37:28.668+0000][1758.497s][debug][safepoint     ] ... found polling page return exception at pc = 0x00007ff4a131ffd6, stub =0x00007ff498824b00
[2024-09-04T12:37:28.668+0000][1758.497s][info ][safepoint     ] Leaving safepoint region
[2024-09-04T12:37:28.668+0000][1758.497s][info ][safepoint     ] Total time for which application threads were stopped: 0.0011075 seconds, Stopping threads took: 0.0004760 seconds
[2024-09-04T12:37:28.668+0000][1758.497s][debug][safepoint     ] ... found polling page return exception at pc = 0x00007ff4a131ffd6, stub =0x00007ff498824b00
[2024-09-04T12:37:29.668+0000][1759.497s][debug][safepoint     ] Safepoint synchronization initiated. (275 threads)
[2024-09-04T12:37:29.669+0000][1759.497s][info ][safepoint     ] Application time: 1.0002306 seconds
[2024-09-04T12:37:29.669+0000][1759.498s][info ][safepoint     ] Entering safepoint region: Cleanup
[2024-09-04T12:37:29.669+0000][1759.498s][info ][safepoint     ] Leaving safepoint region
[2024-09-04T12:37:29.669+0000][1759.498s][info ][safepoint     ] Total time for which application threads were stopped: 0.0007694 seconds, Stopping threads took: 0.0002424 seconds
[2024-09-04T12:37:29.669+0000][1759.498s][debug][safepoint     ] ... found polling page return exception at pc = 0x00007ff4a131ffd6, stub =0x00007ff498824b00
[2024-09-04T12:37:30.670+0000][1760.498s][debug][safepoint     ] Safepoint synchronization initiated. (275 threads)
[2024-09-04T12:37:30.670+0000][1760.499s][info ][safepoint     ] Application time: 1.0003965 seconds
[2024-09-04T12:37:30.670+0000][1760.499s][info ][safepoint     ] Entering safepoint region: Cleanup
[2024-09-04T12:37:30.671+0000][1760.499s][info ][safepoint     ] Leaving safepoint region
[2024-09-04T12:37:30.671+0000][1760.499s][info ][safepoint     ] Total time for which application threads were stopped: 0.0008041 seconds, Stopping threads took: 0.0002425 seconds
[2024-09-04T12:37:31.671+0000][1761.500s][debug][safepoint     ] Safepoint synchronization initiated. (275 threads)
[2024-09-04T12:37:31.671+0000][1761.500s][info ][safepoint     ] Application time: 1.0002214 seconds
[2024-09-04T12:37:31.671+0000][1761.500s][info ][safepoint     ] Entering safepoint region: Cleanup
[2024-09-04T12:37:31.671+0000][1761.500s][info ][safepoint     ] Leaving safepoint region
[2024-09-04T12:37:31.671+0000][1761.500s][info ][safepoint     ] Total time for which application threads were stopped: 0.0005987 seconds, Stopping threads took: 0.0001892 seconds
[2024-09-04T12:37:32.672+0000][1762.500s][debug][safepoint     ] Safepoint synchronization initiated. (275 threads)
[2024-09-04T12:37:32.672+0000][1762.501s][info ][safepoint     ] Application time: 1.0003072 seconds
[2024-09-04T12:37:32.672+0000][1762.501s][info ][safepoint     ] Entering safepoint region: Cleanup
[2024-09-04T12:37:32.673+0000][1762.501s][info ][safepoint     ] Leaving safepoint region
[2024-09-04T12:37:32.673+0000][1762.502s][info ][safepoint     ] Total time for which application threads were stopped: 0.0009190 seconds, Stopping threads took: 0.0002269 seconds
[2024-09-04T12:37:33.673+0000][1763.502s][debug][safepoint     ] Safepoint synchronization initiated. (275 threads)
[2024-09-04T12:37:33.673+0000][1763.502s][info ][safepoint     ] Application time: 1.0002506 seconds
[2024-09-04T12:37:33.673+0000][1763.502s][info ][safepoint     ] Entering safepoint region: Cleanup
[2024-09-04T12:37:33.674+0000][1763.503s][info ][safepoint     ] Leaving safepoint region
[2024-09-04T12:37:33.674+0000][1763.503s][info ][safepoint     ] Total time for which application threads were stopped: 0.0008759 seconds, Stopping threads took: 0.0002674 seconds
[2024-09-04T12:37:34.674+0000][1764.503s][debug][safepoint     ] Safepoint synchronization initiated. (275 threads)
[2024-09-04T12:37:34.674+0000][1764.503s][info ][safepoint     ] Application time: 1.0002343 seconds
[2024-09-04T12:37:34.674+0000][1764.503s][info ][safepoint     ] Entering safepoint region: Cleanup
[2024-09-04T12:37:34.675+0000][1764.504s][info ][safepoint     ] Leaving safepoint region
[2024-09-04T12:37:34.675+0000][1764.504s][info ][safepoint     ] Total time for which application threads were stopped: 0.0005810 seconds, Stopping threads took: 0.0001791 seconds
[2024-09-04T12:37:35.675+0000][1765.504s][debug][safepoint     ] Safepoint synchronization initiated. (275 threads)
[2024-09-04T12:37:35.675+0000][1765.504s][info ][safepoint     ] Application time: 1.0002223 seconds
[2024-09-04T12:37:35.675+0000][1765.504s][info ][safepoint     ] Entering safepoint region: Cleanup
[2024-09-04T12:37:35.676+0000][1765.504s][info ][safepoint     ] Leaving safepoint region
[2024-09-04T12:37:35.676+0000][1765.504s][info ][safepoint     ] Total time for which application threads were stopped: 0.0006080 seconds, Stopping threads took: 0.0001521 seconds
[2024-09-04T12:37:36.676+0000][1766.505s][debug][safepoint     ] Safepoint synchronization initiated. (275 threads)
[2024-09-04T12:37:36.676+0000][1766.505s][info ][safepoint     ] Application time: 1.0002044 seconds
[2024-09-04T12:37:36.676+0000][1766.505s][info ][safepoint     ] Entering safepoint region: Cleanup
[2024-09-04T12:37:36.676+0000][1766.505s][info ][safepoint     ] Leaving safepoint region
[2024-09-04T12:37:36.676+0000][1766.505s][info ][safepoint     ] Total time for which application threads were stopped: 0.0005793 seconds, Stopping threads took: 0.0001696 seconds
[2024-09-04T12:37:37.677+0000][1767.506s][debug][safepoint     ] Safepoint synchronization initiated. (275 threads)
[2024-09-04T12:37:37.677+0000][1767.506s][info ][safepoint     ] Application time: 1.0004600 seconds
[2024-09-04T12:37:37.677+0000][1767.506s][debug][safepoint     ] ... found polling page return exception at pc = 0x00007ff4a125c7b4, stub =0x00007ff498824b00
[2024-09-04T12:37:37.678+0000][1767.506s][debug][safepoint     ] ... found polling page return exception at pc = 0x00007ff4a1256c00, stub =0x00007ff498824b00
[2024-09-04T12:37:37.678+0000][1767.506s][debug][safepoint     ] Waiting for 2 thread(s) to block
[2024-09-04T12:37:37.678+0000][1767.507s][info ][safepoint     ] Entering safepoint region: Cleanup
[2024-09-04T12:37:37.679+0000][1767.508s][info ][safepoint     ] Leaving safepoint region
[2024-09-04T12:37:37.679+0000][1767.508s][info ][safepoint     ] Total time for which application threads were stopped: 0.0018222 seconds, Stopping threads took: 0.0010057 seconds
[2024-09-04T12:37:38.679+0000][1768.508s][debug][safepoint     ] Safepoint synchronization initiated. (275 threads)
[2024-09-04T12:37:38.679+0000][1768.508s][info ][safepoint     ] Application time: 1.0002341 seconds
[2024-09-04T12:37:38.679+0000][1768.508s][info ][safepoint     ] Entering safepoint region: Cleanup
[2024-09-04T12:37:38.680+0000][1768.509s][info ][safepoint     ] Leaving safepoint region
[2024-09-04T12:37:38.680+0000][1768.509s][info ][safepoint     ] Total time for which application threads were stopped: 0.0008791 seconds, Stopping threads took: 0.0002444 seconds
[2024-09-04T12:37:39.680+0000][1769.509s][debug][safepoint     ] Safepoint synchronization initiated. (275 threads)
[2024-09-04T12:37:39.680+0000][1769.509s][info ][safepoint     ] Application time: 1.0002558 seconds
[2024-09-04T12:37:39.680+0000][1769.509s][debug][safepoint     ] ... found polling page return exception at pc = 0x00007ff4a085e306, stub =0x00007ff498824b00
[2024-09-04T12:37:39.680+0000][1769.509s][debug][safepoint     ] Waiting for 1 thread(s) to block
[2024-09-04T12:37:39.681+0000][1769.509s][info ][safepoint     ] Entering safepoint region: Cleanup
[2024-09-04T12:37:39.681+0000][1769.510s][info ][safepoint     ] Leaving safepoint region
[2024-09-04T12:37:39.681+0000][1769.510s][info ][safepoint     ] Total time for which application threads were stopped: 0.0008712 seconds, Stopping threads took: 0.0003525 seconds
[2024-09-04T12:37:40.681+0000][1770.510s][debug][safepoint     ] Safepoint synchronization initiated. (275 threads)
[2024-09-04T12:37:40.682+0000][1770.510s][info ][safepoint     ] Application time: 1.0004194 seconds
[2024-09-04T12:37:40.682+0000][1770.511s][info ][safepoint     ] Entering safepoint region: Cleanup
[2024-09-04T12:37:40.682+0000][1770.511s][info ][safepoint     ] Leaving safepoint region
[2024-09-04T12:37:40.682+0000][1770.511s][info ][safepoint     ] Total time for which application threads were stopped: 0.0008230 seconds, Stopping threads took: 0.0002625 seconds
[2024-09-04T12:37:41.683+0000][1771.511s][debug][safepoint     ] Safepoint synchronization initiated. (275 threads)
[2024-09-04T12:37:41.683+0000][1771.511s][info ][safepoint     ] Application time: 1.0001897 seconds
[2024-09-04T12:37:41.683+0000][1771.512s][debug][safepoint     ] ... found polling page return exception at pc = 0x00007ff4a0ca7e64, stub =0x00007ff498824b00
[2024-09-04T12:37:41.683+0000][1771.512s][debug][safepoint     ] Waiting for 1 thread(s) to block
[2024-09-04T12:37:41.683+0000][1771.512s][info ][safepoint     ] Entering safepoint region: Cleanup
[2024-09-04T12:37:41.684+0000][1771.512s][info ][safepoint     ] Leaving safepoint region
[2024-09-04T12:37:41.684+0000][1771.512s][info ][safepoint     ] Total time for which application threads were stopped: 0.0010135 seconds, Stopping threads took: 0.0004571 seconds
[2024-09-04T12:37:42.684+0000][1772.513s][debug][safepoint     ] Safepoint synchronization initiated. (275 threads)
[2024-09-04T12:37:42.684+0000][1772.513s][info ][safepoint     ] Application time: 1.0002825 seconds
[2024-09-04T12:37:42.684+0000][1772.513s][info ][safepoint     ] Entering safepoint region: Cleanup
[2024-09-04T12:37:42.685+0000][1772.514s][debug][safepoint     ] ... found polling page loop exception at pc = 0x00007ff4a1290108, stub =0x00007ff498826680
[2024-09-04T12:37:42.685+0000][1772.514s][info ][safepoint     ] Leaving safepoint region
[2024-09-04T12:37:42.685+0000][1772.514s][info ][safepoint     ] Total time for which application threads were stopped: 0.0010206 seconds, Stopping threads took: 0.0002255 seconds
[2024-09-04T12:37:43.685+0000][1773.514s][debug][safepoint     ] Safepoint synchronization initiated. (275 threads)
[2024-09-04T12:37:43.685+0000][1773.514s][info ][safepoint     ] Application time: 1.0003732 seconds
[2024-09-04T12:37:43.686+0000][1773.514s][info ][safepoint     ] Entering safepoint region: Cleanup
[2024-09-04T12:37:43.686+0000][1773.515s][info ][safepoint     ] Leaving safepoint region
[2024-09-04T12:37:43.686+0000][1773.515s][info ][safepoint     ] Total time for which application threads were stopped: 0.0008149 seconds, Stopping threads took: 0.0002737 seconds
[2024-09-04T12:37:44.686+0000][1774.515s][debug][safepoint     ] Safepoint synchronization initiated. (277 threads)
[2024-09-04T12:37:44.686+0000][1774.515s][info ][safepoint     ] Application time: 1.0002140 seconds
[2024-09-04T12:37:44.687+0000][1774.515s][info ][safepoint     ] Entering safepoint region: Cleanup
[2024-09-04T12:37:44.687+0000][1774.516s][info ][safepoint     ] Leaving safepoint region
[2024-09-04T12:37:44.687+0000][1774.516s][info ][safepoint     ] Total time for which application threads were stopped: 0.0006603 seconds, Stopping threads took: 0.0002554 seconds
[2024-09-04T12:37:45.687+0000][1775.516s][debug][safepoint     ] Safepoint synchronization initiated. (277 threads)
[2024-09-04T12:37:45.687+0000][1775.516s][info ][safepoint     ] Application time: 1.0001812 seconds
[2024-09-04T12:37:45.688+0000][1775.516s][info ][safepoint     ] Entering safepoint region: Cleanup
[2024-09-04T12:37:45.688+0000][1775.517s][info ][safepoint     ] Leaving safepoint region
[2024-09-04T12:37:45.688+0000][1775.517s][info ][safepoint     ] Total time for which application threads were stopped: 0.0006337 seconds, Stopping threads took: 0.0002179 seconds
[2024-09-04T12:37:46.688+0000][1776.517s][debug][safepoint     ] Safepoint synchronization initiated. (277 threads)
[2024-09-04T12:37:46.688+0000][1776.517s][info ][safepoint     ] Application time: 1.0002705 seconds
[2024-09-04T12:37:46.688+0000][1776.517s][info ][safepoint     ] Entering safepoint region: Cleanup
[2024-09-04T12:37:46.689+0000][1776.518s][info ][safepoint     ] Leaving safepoint region
[2024-09-04T12:37:46.689+0000][1776.518s][info ][safepoint     ] Total time for which application threads were stopped: 0.0008035 seconds, Stopping threads took: 0.0002273 seconds
[2024-09-04T12:37:47.689+0000][1777.518s][debug][safepoint     ] Safepoint synchronization initiated. (277 threads)
[2024-09-04T12:37:47.689+0000][1777.518s][info ][safepoint     ] Application time: 1.0002645 seconds
[2024-09-04T12:37:47.690+0000][1777.518s][info ][safepoint     ] Entering safepoint region: Cleanup
[2024-09-04T12:37:47.690+0000][1777.519s][info ][safepoint     ] Leaving safepoint region
[2024-09-04T12:37:47.690+0000][1777.519s][info ][safepoint     ] Total time for which application threads were stopped: 0.0007079 seconds, Stopping threads took: 0.0002233 seconds
[2024-09-04T12:37:48.690+0000][1778.519s][debug][safepoint     ] Safepoint synchronization initiated. (277 threads)
[2024-09-04T12:37:48.690+0000][1778.519s][info ][safepoint     ] Application time: 1.0002541 seconds
[2024-09-04T12:37:48.691+0000][1778.519s][info ][safepoint     ] Entering safepoint region: Cleanup
[2024-09-04T12:37:48.691+0000][1778.520s][debug][safepoint     ] ... found polling page return exception at pc = 0x00007ff4a131ffd6, stub =0x00007ff498824b00
[2024-09-04T12:37:48.691+0000][1778.520s][debug][safepoint     ] ... found polling page return exception at pc = 0x00007ff4a131ffd6, stub =0x00007ff498824b00
[2024-09-04T12:37:48.691+0000][1778.520s][info ][safepoint     ] Leaving safepoint region
[2024-09-04T12:37:48.692+0000][1778.520s][info ][safepoint     ] Total time for which application threads were stopped: 0.0011190 seconds, Stopping threads took: 0.0002307 seconds
[2024-09-04T12:37:49.692+0000][1779.521s][debug][safepoint     ] Safepoint synchronization initiated. (277 threads)
[2024-09-04T12:37:49.692+0000][1779.521s][info ][safepoint     ] Application time: 1.0003675 seconds
[2024-09-04T12:37:49.692+0000][1779.521s][info ][safepoint     ] Entering safepoint region: Cleanup
[2024-09-04T12:37:49.693+0000][1779.521s][info ][safepoint     ] Leaving safepoint region
[2024-09-04T12:37:49.693+0000][1779.522s][info ][safepoint     ] Total time for which application threads were stopped: 0.0008290 seconds, Stopping threads took: 0.0002363 seconds
[2024-09-04T12:37:50.693+0000][1780.522s][debug][safepoint     ] Safepoint synchronization initiated. (277 threads)
[2024-09-04T12:37:50.693+0000][1780.522s][info ][safepoint     ] Application time: 1.0001980 seconds
[2024-09-04T12:37:50.693+0000][1780.522s][debug][safepoint     ] ... found polling page return exception at pc = 0x00007ff4a085e306, stub =0x00007ff498824b00
[2024-09-04T12:37:50.693+0000][1780.522s][debug][safepoint     ] Waiting for 1 thread(s) to block
[2024-09-04T12:37:50.693+0000][1780.522s][info ][safepoint     ] Entering safepoint region: Cleanup
[2024-09-04T12:37:50.694+0000][1780.523s][info ][safepoint     ] Leaving safepoint region
[2024-09-04T12:37:50.694+0000][1780.523s][info ][safepoint     ] Total time for which application threads were stopped: 0.0007251 seconds, Stopping threads took: 0.0003007 seconds
[2024-09-04T12:37:51.694+0000][1781.523s][debug][safepoint     ] Safepoint synchronization initiated. (277 threads)
[2024-09-04T12:37:51.694+0000][1781.523s][info ][safepoint     ] Application time: 1.0001675 seconds
[2024-09-04T12:37:51.694+0000][1781.523s][info ][safepoint     ] Entering safepoint region: Cleanup
[2024-09-04T12:37:51.694+0000][1781.523s][info ][safepoint     ] Leaving safepoint region
[2024-09-04T12:37:51.695+0000][1781.523s][info ][safepoint     ] Total time for which application threads were stopped: 0.0005134 seconds, Stopping threads took: 0.0001794 seconds
[2024-09-04T12:37:52.695+0000][1782.524s][debug][safepoint     ] Safepoint synchronization initiated. (277 threads)
[2024-09-04T12:37:52.695+0000][1782.524s][info ][safepoint     ] Application time: 1.0003076 seconds
[2024-09-04T12:37:52.695+0000][1782.524s][info ][safepoint     ] Entering safepoint region: Cleanup
[2024-09-04T12:37:52.696+0000][1782.524s][info ][safepoint     ] Leaving safepoint region
[2024-09-04T12:37:52.696+0000][1782.525s][info ][safepoint     ] Total time for which application threads were stopped: 0.0009092 seconds, Stopping threads took: 0.0002338 seconds
[2024-09-04T12:37:53.696+0000][1783.525s][debug][safepoint     ] Safepoint synchronization initiated. (277 threads)
[2024-09-04T12:37:53.696+0000][1783.525s][info ][safepoint     ] Application time: 1.0002155 seconds
[2024-09-04T12:37:53.696+0000][1783.525s][info ][safepoint     ] Entering safepoint region: Cleanup
[2024-09-04T12:37:53.697+0000][1783.525s][info ][safepoint     ] Leaving safepoint region
[2024-09-04T12:37:53.697+0000][1783.525s][info ][safepoint     ] Total time for which application threads were stopped: 0.0006261 seconds, Stopping threads took: 0.0001871 seconds
[2024-09-04T12:37:54.290+0000][1784.119s][debug][safepoint     ] Safepoint synchronization initiated. (275 threads)
[2024-09-04T12:37:54.290+0000][1784.119s][info ][safepoint     ] Application time: 0.5934994 seconds
[2024-09-04T12:37:54.290+0000][1784.119s][info ][safepoint     ] Entering safepoint region: G1CollectForAllocation
[2024-09-04T12:37:54.291+0000][1784.120s][info ][gc,start      ] GC(133) Pause Young (Normal) (G1 Evacuation Pause)
[2024-09-04T12:37:54.291+0000][1784.120s][info ][gc,task       ] GC(133) Using 4 workers of 4 for evacuation
[2024-09-04T12:37:54.302+0000][1784.131s][info ][gc,phases     ] GC(133)   Pre Evacuate Collection Set: 0.1ms
[2024-09-04T12:37:54.302+0000][1784.131s][info ][gc,phases     ] GC(133)   Evacuate Collection Set: 5.5ms
[2024-09-04T12:37:54.302+0000][1784.131s][info ][gc,phases     ] GC(133)   Post Evacuate Collection Set: 4.9ms
[2024-09-04T12:37:54.302+0000][1784.131s][info ][gc,phases     ] GC(133)   Other: 0.5ms
[2024-09-04T12:37:54.302+0000][1784.131s][info ][gc,heap       ] GC(133) Eden regions: 185->0(185)
[2024-09-04T12:37:54.302+0000][1784.131s][info ][gc,heap       ] GC(133) Survivor regions: 3->3(24)
[2024-09-04T12:37:54.302+0000][1784.131s][info ][gc,heap       ] GC(133) Old regions: 179->179
[2024-09-04T12:37:54.302+0000][1784.131s][info ][gc,heap       ] GC(133) Humongous regions: 0->0
[2024-09-04T12:37:54.302+0000][1784.131s][info ][gc,metaspace  ] GC(133) Metaspace: 185552K(191984K)->185552K(191984K) NonClass: 164411K(168404K)->164411K(168404K) Class: 21140K(23580K)->21140K(23580K)
[2024-09-04T12:37:54.302+0000][1784.131s][info ][gc            ] GC(133) Pause Young (Normal) (G1 Evacuation Pause) 364M->179M(412M) 11.110ms
[2024-09-04T12:37:54.302+0000][1784.131s][info ][gc,cpu        ] GC(133) User=0.03s Sys=0.00s Real=0.01s
[2024-09-04T12:37:54.302+0000][1784.131s][info ][safepoint     ] Leaving safepoint region
[2024-09-04T12:37:54.302+0000][1784.131s][info ][safepoint     ] Total time for which application threads were stopped: 0.0119652 seconds, Stopping threads took: 0.0001780 seconds
[2024-09-04T12:37:54.302+0000][1784.131s][info ][gc,stringdedup] Concurrent String Deduplication (1784.131s)
[2024-09-04T12:37:54.303+0000][1784.131s][info ][gc,stringdedup] Concurrent String Deduplication 61712.0B->24856.0B(36856.0B) avg 55.3% (1784.131s, 1784.131s) 0.349ms
[2024-09-04T12:37:55.302+0000][1785.131s][debug][safepoint     ] Safepoint synchronization initiated. (277 threads)
[2024-09-04T12:37:55.303+0000][1785.131s][info ][safepoint     ] Application time: 1.0003722 seconds
[2024-09-04T12:37:55.303+0000][1785.132s][info ][safepoint     ] Entering safepoint region: Cleanup
[2024-09-04T12:37:55.303+0000][1785.132s][info ][safepoint     ] Leaving safepoint region
[2024-09-04T12:37:55.303+0000][1785.132s][info ][safepoint     ] Total time for which application threads were stopped: 0.0008992 seconds, Stopping threads took: 0.0002504 seconds
[2024-09-04T12:37:56.304+0000][1786.133s][debug][safepoint     ] Safepoint synchronization initiated. (277 threads)
[2024-09-04T12:37:56.304+0000][1786.133s][info ][safepoint     ] Application time: 1.0003699 seconds
[2024-09-04T12:37:56.304+0000][1786.133s][info ][safepoint     ] Entering safepoint region: Cleanup
[2024-09-04T12:37:56.305+0000][1786.134s][info ][safepoint     ] Leaving safepoint region
[2024-09-04T12:37:56.305+0000][1786.134s][info ][safepoint     ] Total time for which application threads were stopped: 0.0009179 seconds, Stopping threads took: 0.0002143 seconds
[2024-09-04T12:37:57.305+0000][1787.134s][debug][safepoint     ] Safepoint synchronization initiated. (277 threads)
[2024-09-04T12:37:57.305+0000][1787.134s][info ][safepoint     ] Application time: 1.0001606 seconds
[2024-09-04T12:37:57.305+0000][1787.134s][debug][safepoint     ] ... found polling page return exception at pc = 0x00007ff4a02f651b, stub =0x00007ff498824b00
[2024-09-04T12:37:57.305+0000][1787.134s][debug][safepoint     ] ... found polling page return exception at pc = 0x00007ff4a02d9c9b, stub =0x00007ff498824b00
[2024-09-04T12:37:57.305+0000][1787.134s][debug][safepoint     ] Waiting for 2 thread(s) to block
[2024-09-04T12:37:57.305+0000][1787.134s][info ][safepoint     ] Entering safepoint region: Cleanup
[2024-09-04T12:37:57.306+0000][1787.134s][info ][safepoint     ] Leaving safepoint region
[2024-09-04T12:37:57.306+0000][1787.134s][info ][safepoint     ] Total time for which application threads were stopped: 0.0006929 seconds, Stopping threads took: 0.0003133 seconds
[2024-09-04T12:37:58.306+0000][1788.135s][debug][safepoint     ] Safepoint synchronization initiated. (277 threads)
[2024-09-04T12:37:58.306+0000][1788.135s][info ][safepoint     ] Application time: 1.0002207 seconds
[2024-09-04T12:37:58.306+0000][1788.135s][info ][safepoint     ] Entering safepoint region: Cleanup
[2024-09-04T12:37:58.307+0000][1788.135s][info ][safepoint     ] Leaving safepoint region
[2024-09-04T12:37:58.307+0000][1788.135s][info ][safepoint     ] Total time for which application threads were stopped: 0.0007136 seconds, Stopping threads took: 0.0002013 seconds
[2024-09-04T12:37:59.307+0000][1789.136s][debug][safepoint     ] Safepoint synchronization initiated. (276 threads)
[2024-09-04T12:37:59.307+0000][1789.136s][info ][safepoint     ] Application time: 1.0003609 seconds
[2024-09-04T12:37:59.307+0000][1789.136s][info ][safepoint     ] Entering safepoint region: Cleanup
[2024-09-04T12:37:59.308+0000][1789.137s][info ][safepoint     ] Leaving safepoint region
[2024-09-04T12:37:59.308+0000][1789.137s][info ][safepoint     ] Total time for which application threads were stopped: 0.0009881 seconds, Stopping threads took: 0.0002402 seconds
[2024-09-04T12:38:00.308+0000][1790.137s][debug][safepoint     ] Safepoint synchronization initiated. (276 threads)
[2024-09-04T12:38:00.308+0000][1790.137s][info ][safepoint     ] Application time: 1.0002852 seconds
[2024-09-04T12:38:00.309+0000][1790.137s][info ][safepoint     ] Entering safepoint region: Cleanup
[2024-09-04T12:38:00.309+0000][1790.138s][info ][safepoint     ] Leaving safepoint region
[2024-09-04T12:38:00.309+0000][1790.138s][info ][safepoint     ] Total time for which application threads were stopped: 0.0006584 seconds, Stopping threads took: 0.0001704 seconds
[2024-09-04T12:38:01.309+0000][1791.138s][debug][safepoint     ] Safepoint synchronization initiated. (276 threads)
[2024-09-04T12:38:01.310+0000][1791.138s][info ][safepoint     ] Application time: 1.0004479 seconds
[2024-09-04T12:38:01.310+0000][1791.139s][info ][safepoint     ] Entering safepoint region: Cleanup
[2024-09-04T12:38:01.310+0000][1791.139s][info ][safepoint     ] Leaving safepoint region
[2024-09-04T12:38:01.311+0000][1791.139s][info ][safepoint     ] Total time for which application threads were stopped: 0.0009681 seconds, Stopping threads took: 0.0002325 seconds
[2024-09-04T12:38:02.311+0000][1792.140s][debug][safepoint     ] Safepoint synchronization initiated. (276 threads)
[2024-09-04T12:38:02.311+0000][1792.140s][info ][safepoint     ] Application time: 1.0003761 seconds
[2024-09-04T12:38:02.311+0000][1792.140s][info ][safepoint     ] Entering safepoint region: Cleanup
[2024-09-04T12:38:02.312+0000][1792.141s][info ][safepoint     ] Leaving safepoint region
[2024-09-04T12:38:02.312+0000][1792.141s][info ][safepoint     ] Total time for which application threads were stopped: 0.0010151 seconds, Stopping threads took: 0.0002164 seconds
[2024-09-04T12:38:03.312+0000][1793.141s][debug][safepoint     ] Safepoint synchronization initiated. (276 threads)
[2024-09-04T12:38:03.312+0000][1793.141s][info ][safepoint     ] Application time: 1.0002914 seconds
[2024-09-04T12:38:03.313+0000][1793.141s][info ][safepoint     ] Entering safepoint region: Cleanup
[2024-09-04T12:38:03.313+0000][1793.142s][info ][safepoint     ] Leaving safepoint region
[2024-09-04T12:38:03.313+0000][1793.142s][info ][safepoint     ] Total time for which application threads were stopped: 0.0007344 seconds, Stopping threads took: 0.0002915 seconds
[2024-09-04T12:38:04.313+0000][1794.142s][debug][safepoint     ] Safepoint synchronization initiated. (274 threads)
[2024-09-04T12:38:04.313+0000][1794.142s][info ][safepoint     ] Application time: 1.0004032 seconds
[2024-09-04T12:38:04.314+0000][1794.143s][info ][safepoint     ] Entering safepoint region: Cleanup
[2024-09-04T12:38:04.315+0000][1794.143s][info ][safepoint     ] Leaving safepoint region
[2024-09-04T12:38:04.315+0000][1794.144s][info ][safepoint     ] Total time for which application threads were stopped: 0.0012476 seconds, Stopping threads took: 0.0003089 seconds
[2024-09-04T12:38:05.315+0000][1795.144s][debug][safepoint     ] Safepoint synchronization initiated. (274 threads)
[2024-09-04T12:38:05.315+0000][1795.144s][info ][safepoint     ] Application time: 1.0003373 seconds
[2024-09-04T12:38:05.315+0000][1795.144s][info ][safepoint     ] Entering safepoint region: Cleanup
[2024-09-04T12:38:05.316+0000][1795.145s][info ][safepoint     ] Leaving safepoint region
[2024-09-04T12:38:05.316+0000][1795.145s][info ][safepoint     ] Total time for which application threads were stopped: 0.0009016 seconds, Stopping threads took: 0.0001823 seconds
[2024-09-04T12:38:06.316+0000][1796.145s][debug][safepoint     ] Safepoint synchronization initiated. (276 threads)
[2024-09-04T12:38:06.316+0000][1796.145s][info ][safepoint     ] Application time: 1.0002787 seconds
[2024-09-04T12:38:06.317+0000][1796.145s][info ][safepoint     ] Entering safepoint region: Cleanup
[2024-09-04T12:38:06.317+0000][1796.146s][info ][safepoint     ] Leaving safepoint region
[2024-09-04T12:38:06.317+0000][1796.146s][info ][safepoint     ] Total time for which application threads were stopped: 0.0008141 seconds, Stopping threads took: 0.0002161 seconds
[2024-09-04T12:38:07.317+0000][1797.146s][debug][safepoint     ] Safepoint synchronization initiated. (276 threads)
[2024-09-04T12:38:07.317+0000][1797.146s][info ][safepoint     ] Application time: 1.0001093 seconds
[2024-09-04T12:38:07.318+0000][1797.146s][info ][safepoint     ] Entering safepoint region: Cleanup
[2024-09-04T12:38:07.318+0000][1797.147s][info ][safepoint     ] Leaving safepoint region
[2024-09-04T12:38:07.318+0000][1797.147s][info ][safepoint     ] Total time for which application threads were stopped: 0.0006950 seconds, Stopping threads took: 0.0002118 seconds
[2024-09-04T12:38:08.318+0000][1798.147s][debug][safepoint     ] Safepoint synchronization initiated. (275 threads)
[2024-09-04T12:38:08.318+0000][1798.147s][info ][safepoint     ] Application time: 1.0002712 seconds
[2024-09-04T12:38:08.319+0000][1798.147s][info ][safepoint     ] Entering safepoint region: Cleanup
[2024-09-04T12:38:08.319+0000][1798.148s][info ][safepoint     ] Leaving safepoint region
[2024-09-04T12:38:08.319+0000][1798.148s][info ][safepoint     ] Total time for which application threads were stopped: 0.0010937 seconds, Stopping threads took: 0.0002584 seconds
[2024-09-04T12:38:09.320+0000][1799.149s][debug][safepoint     ] Safepoint synchronization initiated. (275 threads)
[2024-09-04T12:38:09.320+0000][1799.149s][info ][safepoint     ] Application time: 1.0004558 seconds
[2024-09-04T12:38:09.320+0000][1799.149s][info ][safepoint     ] Entering safepoint region: Cleanup
[2024-09-04T12:38:09.321+0000][1799.150s][info ][safepoint     ] Leaving safepoint region
[2024-09-04T12:38:09.321+0000][1799.150s][info ][safepoint     ] Total time for which application threads were stopped: 0.0010875 seconds, Stopping threads took: 0.0002352 seconds
[2024-09-04T12:38:10.321+0000][1800.150s][debug][safepoint     ] Safepoint synchronization initiated. (275 threads)
[2024-09-04T12:38:10.321+0000][1800.150s][info ][safepoint     ] Application time: 1.0002678 seconds
[2024-09-04T12:38:10.322+0000][1800.150s][info ][safepoint     ] Entering safepoint region: Cleanup
[2024-09-04T12:38:10.322+0000][1800.151s][info ][safepoint     ] Leaving safepoint region
[2024-09-04T12:38:10.322+0000][1800.151s][info ][safepoint     ] Total time for which application threads were stopped: 0.0007321 seconds, Stopping threads took: 0.0002383 seconds
[2024-09-04T12:38:11.322+0000][1801.151s][debug][safepoint     ] Safepoint synchronization initiated. (275 threads)
[2024-09-04T12:38:11.322+0000][1801.151s][info ][safepoint     ] Application time: 1.0002428 seconds
[2024-09-04T12:38:11.323+0000][1801.151s][info ][safepoint     ] Entering safepoint region: Cleanup
[2024-09-04T12:38:11.323+0000][1801.152s][info ][safepoint     ] Leaving safepoint region
[2024-09-04T12:38:11.323+0000][1801.152s][info ][safepoint     ] Total time for which application threads were stopped: 0.0008795 seconds, Stopping threads took: 0.0001904 seconds
[2024-09-04T12:38:12.324+0000][1802.152s][debug][safepoint     ] Safepoint synchronization initiated. (275 threads)
[2024-09-04T12:38:12.324+0000][1802.152s][info ][safepoint     ] Application time: 1.0003255 seconds
[2024-09-04T12:38:12.324+0000][1802.153s][info ][safepoint     ] Entering safepoint region: Cleanup
[2024-09-04T12:38:12.324+0000][1802.153s][info ][safepoint     ] Leaving safepoint region
[2024-09-04T12:38:12.324+0000][1802.153s][info ][safepoint     ] Total time for which application threads were stopped: 0.0007265 seconds, Stopping threads took: 0.0002612 seconds
[2024-09-04T12:38:13.325+0000][1803.153s][debug][safepoint     ] Safepoint synchronization initiated. (275 threads)
[2024-09-04T12:38:13.325+0000][1803.153s][info ][safepoint     ] Application time: 1.0002480 seconds
[2024-09-04T12:38:13.325+0000][1803.154s][info ][safepoint     ] Entering safepoint region: Cleanup
[2024-09-04T12:38:13.325+0000][1803.154s][info ][safepoint     ] Leaving safepoint region
[2024-09-04T12:38:13.325+0000][1803.154s][info ][safepoint     ] Total time for which application threads were stopped: 0.0007844 seconds, Stopping threads took: 0.0002133 seconds
[2024-09-04T12:38:14.326+0000][1804.155s][debug][safepoint     ] Safepoint synchronization initiated. (275 threads)
[2024-09-04T12:38:14.326+0000][1804.155s][info ][safepoint     ] Application time: 1.0004057 seconds
[2024-09-04T12:38:14.326+0000][1804.155s][info ][safepoint     ] Entering safepoint region: Cleanup
[2024-09-04T12:38:14.327+0000][1804.156s][debug][safepoint     ] ... found polling page loop exception at pc = 0x00007ff4a1290108, stub =0x00007ff498826680
[2024-09-04T12:38:14.327+0000][1804.156s][info ][safepoint     ] Leaving safepoint region
[2024-09-04T12:38:14.327+0000][1804.156s][info ][safepoint     ] Total time for which application threads were stopped: 0.0011422 seconds, Stopping threads took: 0.0002802 seconds
[2024-09-04T12:38:15.327+0000][1805.156s][debug][safepoint     ] Safepoint synchronization initiated. (275 threads)
[2024-09-04T12:38:15.327+0000][1805.156s][info ][safepoint     ] Application time: 1.0002987 seconds
[2024-09-04T12:38:15.328+0000][1805.156s][info ][safepoint     ] Entering safepoint region: Cleanup
[2024-09-04T12:38:15.328+0000][1805.157s][info ][safepoint     ] Leaving safepoint region
[2024-09-04T12:38:15.328+0000][1805.157s][info ][safepoint     ] Total time for which application threads were stopped: 0.0009807 seconds, Stopping threads took: 0.0002521 seconds
[2024-09-04T12:38:16.329+0000][1806.157s][debug][safepoint     ] Safepoint synchronization initiated. (275 threads)
[2024-09-04T12:38:16.329+0000][1806.158s][info ][safepoint     ] Application time: 1.0003631 seconds
[2024-09-04T12:38:16.329+0000][1806.158s][info ][safepoint     ] Entering safepoint region: Cleanup
[2024-09-04T12:38:16.330+0000][1806.158s][info ][safepoint     ] Leaving safepoint region
[2024-09-04T12:38:16.330+0000][1806.158s][info ][safepoint     ] Total time for which application threads were stopped: 0.0008423 seconds, Stopping threads took: 0.0002301 seconds
[2024-09-04T12:38:17.330+0000][1807.159s][debug][safepoint     ] Safepoint synchronization initiated. (275 threads)
[2024-09-04T12:38:17.330+0000][1807.159s][info ][safepoint     ] Application time: 1.0001786 seconds
[2024-09-04T12:38:17.330+0000][1807.159s][debug][safepoint     ] ... found polling page return exception at pc = 0x00007ff4a0506c91, stub =0x00007ff498824b00
[2024-09-04T12:38:17.330+0000][1807.159s][debug][safepoint     ] ... found polling page return exception at pc = 0x00007ff4a0ca75f6, stub =0x00007ff498824b00
[2024-09-04T12:38:17.330+0000][1807.159s][debug][safepoint     ] Waiting for 2 thread(s) to block
[2024-09-04T12:38:17.330+0000][1807.159s][info ][safepoint     ] Entering safepoint region: Cleanup
[2024-09-04T12:38:17.331+0000][1807.160s][debug][safepoint     ] ... found polling page return exception at pc = 0x00007ff4a131ffd6, stub =0x00007ff498824b00
[2024-09-04T12:38:17.331+0000][1807.160s][info ][safepoint     ] Leaving safepoint region
[2024-09-04T12:38:17.331+0000][1807.160s][info ][safepoint     ] Total time for which application threads were stopped: 0.0011684 seconds, Stopping threads took: 0.0006019 seconds
[2024-09-04T12:38:18.331+0000][1808.160s][debug][safepoint     ] Safepoint synchronization initiated. (275 threads)
[2024-09-04T12:38:18.331+0000][1808.160s][info ][safepoint     ] Application time: 1.0002485 seconds
[2024-09-04T12:38:18.332+0000][1808.160s][info ][safepoint     ] Entering safepoint region: Cleanup
[2024-09-04T12:38:18.332+0000][1808.161s][info ][safepoint     ] Leaving safepoint region
[2024-09-04T12:38:18.332+0000][1808.161s][info ][safepoint     ] Total time for which application threads were stopped: 0.0007439 seconds, Stopping threads took: 0.0001893 seconds
[2024-09-04T12:38:19.332+0000][1809.161s][debug][safepoint     ] Safepoint synchronization initiated. (275 threads)
[2024-09-04T12:38:19.332+0000][1809.161s][info ][safepoint     ] Application time: 1.0002697 seconds
[2024-09-04T12:38:19.333+0000][1809.161s][info ][safepoint     ] Entering safepoint region: Cleanup
[2024-09-04T12:38:19.333+0000][1809.162s][info ][safepoint     ] Leaving safepoint region
[2024-09-04T12:38:19.333+0000][1809.162s][info ][safepoint     ] Total time for which application threads were stopped: 0.0007384 seconds, Stopping threads took: 0.0001783 seconds
[2024-09-04T12:38:20.333+0000][1810.162s][debug][safepoint     ] Safepoint synchronization initiated. (274 threads)
[2024-09-04T12:38:20.334+0000][1810.162s][info ][safepoint     ] Application time: 1.0003179 seconds
[2024-09-04T12:38:20.334+0000][1810.163s][debug][safepoint     ] ... found polling page return exception at pc = 0x00007ff4a03fa838, stub =0x00007ff498824b00
[2024-09-04T12:38:20.334+0000][1810.163s][debug][safepoint     ] ... found polling page return exception at pc = 0x00007ff4a04b7468, stub =0x00007ff498824b00
[2024-09-04T12:38:20.334+0000][1810.163s][debug][safepoint     ] Waiting for 2 thread(s) to block
[2024-09-04T12:38:20.334+0000][1810.163s][info ][safepoint     ] Entering safepoint region: Cleanup
[2024-09-04T12:38:20.335+0000][1810.163s][info ][safepoint     ] Leaving safepoint region
[2024-09-04T12:38:20.335+0000][1810.164s][info ][safepoint     ] Total time for which application threads were stopped: 0.0011579 seconds, Stopping threads took: 0.0007470 seconds
[2024-09-04T12:38:21.335+0000][1811.164s][debug][safepoint     ] Safepoint synchronization initiated. (274 threads)
[2024-09-04T12:38:21.335+0000][1811.164s][info ][safepoint     ] Application time: 1.0003719 seconds
[2024-09-04T12:38:21.335+0000][1811.164s][info ][safepoint     ] Entering safepoint region: Cleanup
[2024-09-04T12:38:21.336+0000][1811.165s][info ][safepoint     ] Leaving safepoint region
[2024-09-04T12:38:21.336+0000][1811.165s][info ][safepoint     ] Total time for which application threads were stopped: 0.0010555 seconds, Stopping threads took: 0.0002564 seconds
[2024-09-04T12:38:22.336+0000][1812.165s][debug][safepoint     ] Safepoint synchronization initiated. (274 threads)
[2024-09-04T12:38:22.337+0000][1812.165s][info ][safepoint     ] Application time: 1.0002513 seconds
[2024-09-04T12:38:22.337+0000][1812.165s][info ][safepoint     ] Entering safepoint region: Cleanup
[2024-09-04T12:38:22.337+0000][1812.166s][info ][safepoint     ] Leaving safepoint region
[2024-09-04T12:38:22.337+0000][1812.166s][info ][safepoint     ] Total time for which application threads were stopped: 0.0008417 seconds, Stopping threads took: 0.0001666 seconds
[2024-09-04T12:38:22.786+0000][1812.615s][debug][safepoint     ] Safepoint synchronization initiated. (274 threads)
[2024-09-04T12:38:22.786+0000][1812.615s][info ][safepoint     ] Application time: 0.4486138 seconds
[2024-09-04T12:38:22.786+0000][1812.615s][info ][safepoint     ] Entering safepoint region: G1CollectForAllocation
[2024-09-04T12:38:22.787+0000][1812.616s][info ][gc,start      ] GC(134) Pause Young (Normal) (G1 Evacuation Pause)
[2024-09-04T12:38:22.787+0000][1812.616s][info ][gc,task       ] GC(134) Using 4 workers of 4 for evacuation
[2024-09-04T12:38:22.799+0000][1812.628s][info ][gc,phases     ] GC(134)   Pre Evacuate Collection Set: 0.1ms
[2024-09-04T12:38:22.799+0000][1812.628s][info ][gc,phases     ] GC(134)   Evacuate Collection Set: 6.1ms
[2024-09-04T12:38:22.799+0000][1812.628s][info ][gc,phases     ] GC(134)   Post Evacuate Collection Set: 5.6ms
[2024-09-04T12:38:22.799+0000][1812.628s][info ][gc,phases     ] GC(134)   Other: 0.7ms
[2024-09-04T12:38:22.799+0000][1812.628s][info ][gc,heap       ] GC(134) Eden regions: 185->0(183)
[2024-09-04T12:38:22.799+0000][1812.628s][info ][gc,heap       ] GC(134) Survivor regions: 3->4(24)
[2024-09-04T12:38:22.799+0000][1812.628s][info ][gc,heap       ] GC(134) Old regions: 179->179
[2024-09-04T12:38:22.799+0000][1812.628s][info ][gc,heap       ] GC(134) Humongous regions: 0->0
[2024-09-04T12:38:22.799+0000][1812.628s][info ][gc,metaspace  ] GC(134) Metaspace: 185571K(191984K)->185571K(191984K) NonClass: 164430K(168404K)->164430K(168404K) Class: 21140K(23580K)->21140K(23580K)
[2024-09-04T12:38:22.800+0000][1812.628s][info ][gc            ] GC(134) Pause Young (Normal) (G1 Evacuation Pause) 364M->180M(412M) 12.502ms
[2024-09-04T12:38:22.800+0000][1812.628s][info ][gc,cpu        ] GC(134) User=0.04s Sys=0.00s Real=0.01s
[2024-09-04T12:38:22.800+0000][1812.628s][info ][safepoint     ] Leaving safepoint region
[2024-09-04T12:38:22.800+0000][1812.628s][info ][safepoint     ] Total time for which application threads were stopped: 0.0136562 seconds, Stopping threads took: 0.0002664 seconds
[2024-09-04T12:38:22.800+0000][1812.629s][info ][gc,stringdedup] Concurrent String Deduplication (1812.629s)
[2024-09-04T12:38:22.800+0000][1812.629s][info ][gc,stringdedup] Concurrent String Deduplication 15272.0B->1024.0B(14248.0B) avg 55.4% (1812.629s, 1812.629s) 0.150ms
[2024-09-04T12:38:23.800+0000][1813.629s][debug][safepoint     ] Safepoint synchronization initiated. (274 threads)
[2024-09-04T12:38:23.800+0000][1813.629s][info ][safepoint     ] Application time: 1.0003966 seconds
[2024-09-04T12:38:23.800+0000][1813.629s][info ][safepoint     ] Entering safepoint region: Cleanup
[2024-09-04T12:38:23.801+0000][1813.630s][info ][safepoint     ] Leaving safepoint region
[2024-09-04T12:38:23.801+0000][1813.630s][info ][safepoint     ] Total time for which application threads were stopped: 0.0010623 seconds, Stopping threads took: 0.0002673 seconds
[2024-09-04T12:38:24.802+0000][1814.630s][debug][safepoint     ] Safepoint synchronization initiated. (272 threads)
[2024-09-04T12:38:24.802+0000][1814.630s][info ][safepoint     ] Application time: 1.0003761 seconds
[2024-09-04T12:38:24.802+0000][1814.631s][info ][safepoint     ] Entering safepoint region: Cleanup
[2024-09-04T12:38:24.803+0000][1814.632s][info ][safepoint     ] Leaving safepoint region
[2024-09-04T12:38:24.803+0000][1814.632s][info ][safepoint     ] Total time for which application threads were stopped: 0.0010921 seconds, Stopping threads took: 0.0002733 seconds
[2024-09-04T12:38:25.803+0000][1815.632s][debug][safepoint     ] Safepoint synchronization initiated. (272 threads)
[2024-09-04T12:38:25.803+0000][1815.632s][info ][safepoint     ] Application time: 1.0002659 seconds
[2024-09-04T12:38:25.803+0000][1815.632s][info ][safepoint     ] Entering safepoint region: Cleanup
[2024-09-04T12:38:25.804+0000][1815.633s][info ][safepoint     ] Leaving safepoint region
[2024-09-04T12:38:25.804+0000][1815.633s][info ][safepoint     ] Total time for which application threads were stopped: 0.0010674 seconds, Stopping threads took: 0.0002526 seconds
[2024-09-04T12:38:26.805+0000][1816.633s][debug][safepoint     ] Safepoint synchronization initiated. (272 threads)
[2024-09-04T12:38:26.805+0000][1816.633s][info ][safepoint     ] Application time: 1.0003857 seconds
[2024-09-04T12:38:26.805+0000][1816.634s][info ][safepoint     ] Entering safepoint region: Cleanup
[2024-09-04T12:38:26.806+0000][1816.634s][info ][safepoint     ] Leaving safepoint region
[2024-09-04T12:38:26.806+0000][1816.634s][info ][safepoint     ] Total time for which application threads were stopped: 0.0009475 seconds, Stopping threads took: 0.0002759 seconds
[2024-09-04T12:38:27.806+0000][1817.635s][debug][safepoint     ] Safepoint synchronization initiated. (272 threads)
[2024-09-04T12:38:27.806+0000][1817.635s][info ][safepoint     ] Application time: 1.0003526 seconds
[2024-09-04T12:38:27.806+0000][1817.635s][info ][safepoint     ] Entering safepoint region: Cleanup
[2024-09-04T12:38:27.807+0000][1817.636s][info ][safepoint     ] Leaving safepoint region
[2024-09-04T12:38:27.807+0000][1817.636s][info ][safepoint     ] Total time for which application threads were stopped: 0.0008739 seconds, Stopping threads took: 0.0002450 seconds
[2024-09-04T12:38:28.807+0000][1818.636s][debug][safepoint     ] Safepoint synchronization initiated. (272 threads)
[2024-09-04T12:38:28.807+0000][1818.636s][info ][safepoint     ] Application time: 1.0002508 seconds
[2024-09-04T12:38:28.807+0000][1818.636s][debug][safepoint     ] ... found polling page loop exception at pc = 0x00007ff4a034e7c8, stub =0x00007ff498826680
[2024-09-04T12:38:28.807+0000][1818.636s][debug][safepoint     ] Waiting for 1 thread(s) to block
[2024-09-04T12:38:28.808+0000][1818.636s][info ][safepoint     ] Entering safepoint region: Cleanup
[2024-09-04T12:38:28.808+0000][1818.637s][info ][safepoint     ] Leaving safepoint region
[2024-09-04T12:38:28.808+0000][1818.637s][info ][safepoint     ] Total time for which application threads were stopped: 0.0009885 seconds, Stopping threads took: 0.0004358 seconds
[2024-09-04T12:38:28.808+0000][1818.637s][debug][safepoint     ] ... found polling page return exception at pc = 0x00007ff4a131ffd6, stub =0x00007ff498824b00
[2024-09-04T12:38:28.808+0000][1818.637s][debug][safepoint     ] ... found polling page return exception at pc = 0x00007ff4a131ffd6, stub =0x00007ff498824b00
[2024-09-04T12:38:29.808+0000][1819.637s][debug][safepoint     ] Safepoint synchronization initiated. (272 threads)
[2024-09-04T12:38:29.809+0000][1819.637s][info ][safepoint     ] Application time: 1.0003578 seconds
[2024-09-04T12:38:29.809+0000][1819.638s][info ][safepoint     ] Entering safepoint region: Cleanup
[2024-09-04T12:38:29.810+0000][1819.638s][debug][safepoint     ] ... found polling page return exception at pc = 0x00007ff4a131ffd6, stub =0x00007ff498824b00
[2024-09-04T12:38:29.810+0000][1819.638s][info ][safepoint     ] Leaving safepoint region
[2024-09-04T12:38:29.810+0000][1819.639s][info ][safepoint     ] Total time for which application threads were stopped: 0.0011883 seconds, Stopping threads took: 0.0003089 seconds
[2024-09-04T12:38:30.810+0000][1820.639s][debug][safepoint     ] Safepoint synchronization initiated. (272 threads)
[2024-09-04T12:38:30.810+0000][1820.639s][info ][safepoint     ] Application time: 1.0002501 seconds
[2024-09-04T12:38:30.810+0000][1820.639s][info ][safepoint     ] Entering safepoint region: Cleanup
[2024-09-04T12:38:30.811+0000][1820.640s][info ][safepoint     ] Leaving safepoint region
[2024-09-04T12:38:30.811+0000][1820.640s][info ][safepoint     ] Total time for which application threads were stopped: 0.0009606 seconds, Stopping threads took: 0.0002902 seconds
[2024-09-04T12:38:31.811+0000][1821.640s][debug][safepoint     ] Safepoint synchronization initiated. (272 threads)
[2024-09-04T12:38:31.811+0000][1821.640s][info ][safepoint     ] Application time: 1.0001673 seconds
[2024-09-04T12:38:31.811+0000][1821.640s][info ][safepoint     ] Entering safepoint region: Cleanup
[2024-09-04T12:38:31.812+0000][1821.641s][info ][safepoint     ] Leaving safepoint region
[2024-09-04T12:38:31.812+0000][1821.641s][info ][safepoint     ] Total time for which application threads were stopped: 0.0007217 seconds, Stopping threads took: 0.0001643 seconds
[2024-09-04T12:38:32.812+0000][1822.641s][debug][safepoint     ] Safepoint synchronization initiated. (272 threads)
[2024-09-04T12:38:32.812+0000][1822.641s][info ][safepoint     ] Application time: 1.0002173 seconds
[2024-09-04T12:38:32.812+0000][1822.641s][info ][safepoint     ] Entering safepoint region: Cleanup
[2024-09-04T12:38:32.813+0000][1822.642s][info ][safepoint     ] Leaving safepoint region
[2024-09-04T12:38:32.813+0000][1822.642s][info ][safepoint     ] Total time for which application threads were stopped: 0.0008724 seconds, Stopping threads took: 0.0001442 seconds
[2024-09-04T12:38:33.813+0000][1823.642s][debug][safepoint     ] Safepoint synchronization initiated. (272 threads)
[2024-09-04T12:38:33.813+0000][1823.642s][info ][safepoint     ] Application time: 1.0003594 seconds
[2024-09-04T12:38:33.814+0000][1823.643s][info ][safepoint     ] Entering safepoint region: Cleanup
[2024-09-04T12:38:33.814+0000][1823.643s][info ][safepoint     ] Leaving safepoint region
[2024-09-04T12:38:33.815+0000][1823.643s][info ][safepoint     ] Total time for which application threads were stopped: 0.0010109 seconds, Stopping threads took: 0.0003082 seconds
[2024-09-04T12:38:34.815+0000][1824.643s][debug][safepoint     ] Safepoint synchronization initiated. (272 threads)
[2024-09-04T12:38:34.815+0000][1824.644s][info ][safepoint     ] Application time: 1.0002192 seconds
[2024-09-04T12:38:34.815+0000][1824.644s][info ][safepoint     ] Entering safepoint region: Cleanup
[2024-09-04T12:38:34.815+0000][1824.644s][info ][safepoint     ] Leaving safepoint region
[2024-09-04T12:38:34.815+0000][1824.644s][info ][safepoint     ] Total time for which application threads were stopped: 0.0006750 seconds, Stopping threads took: 0.0001323 seconds
[2024-09-04T12:38:35.816+0000][1825.644s][debug][safepoint     ] Safepoint synchronization initiated. (272 threads)
[2024-09-04T12:38:35.816+0000][1825.644s][info ][safepoint     ] Application time: 1.0001710 seconds
[2024-09-04T12:38:35.816+0000][1825.645s][info ][safepoint     ] Entering safepoint region: Cleanup
[2024-09-04T12:38:35.816+0000][1825.645s][info ][safepoint     ] Leaving safepoint region
[2024-09-04T12:38:35.816+0000][1825.645s][info ][safepoint     ] Total time for which application threads were stopped: 0.0006424 seconds, Stopping threads took: 0.0001781 seconds
[2024-09-04T12:38:36.817+0000][1826.645s][debug][safepoint     ] Safepoint synchronization initiated. (272 threads)
[2024-09-04T12:38:36.817+0000][1826.645s][info ][safepoint     ] Application time: 1.0003161 seconds
[2024-09-04T12:38:36.817+0000][1826.646s][info ][safepoint     ] Entering safepoint region: Cleanup
[2024-09-04T12:38:36.818+0000][1826.646s][info ][safepoint     ] Leaving safepoint region
[2024-09-04T12:38:36.818+0000][1826.646s][info ][safepoint     ] Total time for which application threads were stopped: 0.0010764 seconds, Stopping threads took: 0.0002284 seconds
[2024-09-04T12:38:37.818+0000][1827.647s][debug][safepoint     ] Safepoint synchronization initiated. (272 threads)
[2024-09-04T12:38:37.818+0000][1827.647s][info ][safepoint     ] Application time: 1.0001643 seconds
[2024-09-04T12:38:37.818+0000][1827.647s][info ][safepoint     ] Entering safepoint region: Cleanup
[2024-09-04T12:38:37.818+0000][1827.647s][info ][safepoint     ] Leaving safepoint region
[2024-09-04T12:38:37.818+0000][1827.647s][info ][safepoint     ] Total time for which application threads were stopped: 0.0005213 seconds, Stopping threads took: 0.0001584 seconds
[2024-09-04T12:38:38.819+0000][1828.648s][debug][safepoint     ] Safepoint synchronization initiated. (272 threads)
[2024-09-04T12:38:38.819+0000][1828.648s][info ][safepoint     ] Application time: 1.0003679 seconds
[2024-09-04T12:38:38.819+0000][1828.648s][info ][safepoint     ] Entering safepoint region: Cleanup
[2024-09-04T12:38:38.820+0000][1828.649s][info ][safepoint     ] Leaving safepoint region
[2024-09-04T12:38:38.820+0000][1828.649s][info ][safepoint     ] Total time for which application threads were stopped: 0.0010155 seconds, Stopping threads took: 0.0002301 seconds
[2024-09-04T12:38:39.820+0000][1829.649s][debug][safepoint     ] Safepoint synchronization initiated. (272 threads)
[2024-09-04T12:38:39.820+0000][1829.649s][info ][safepoint     ] Application time: 1.0003133 seconds
[2024-09-04T12:38:39.820+0000][1829.649s][info ][safepoint     ] Entering safepoint region: Cleanup
[2024-09-04T12:38:39.821+0000][1829.650s][info ][safepoint     ] Leaving safepoint region
[2024-09-04T12:38:39.821+0000][1829.650s][info ][safepoint     ] Total time for which application threads were stopped: 0.0010582 seconds, Stopping threads took: 0.0002193 seconds
[2024-09-04T12:38:40.822+0000][1830.650s][debug][safepoint     ] Safepoint synchronization initiated. (272 threads)
[2024-09-04T12:38:40.822+0000][1830.650s][info ][safepoint     ] Application time: 1.0002807 seconds
[2024-09-04T12:38:40.822+0000][1830.651s][info ][safepoint     ] Entering safepoint region: Cleanup
[2024-09-04T12:38:40.823+0000][1830.651s][info ][safepoint     ] Leaving safepoint region
[2024-09-04T12:38:40.823+0000][1830.651s][info ][safepoint     ] Total time for which application threads were stopped: 0.0010079 seconds, Stopping threads took: 0.0002441 seconds
[2024-09-04T12:38:41.823+0000][1831.652s][debug][safepoint     ] Safepoint synchronization initiated. (272 threads)
[2024-09-04T12:38:41.823+0000][1831.652s][info ][safepoint     ] Application time: 1.0003285 seconds
[2024-09-04T12:38:41.823+0000][1831.652s][info ][safepoint     ] Entering safepoint region: Cleanup
[2024-09-04T12:38:41.824+0000][1831.653s][debug][safepoint     ] ... found polling page return exception at pc = 0x00007ff4a131ffd6, stub =0x00007ff498824b00
[2024-09-04T12:38:41.824+0000][1831.653s][debug][safepoint     ] ... found polling page return exception at pc = 0x00007ff4a131ffd6, stub =0x00007ff498824b00
[2024-09-04T12:38:41.824+0000][1831.653s][info ][safepoint     ] Leaving safepoint region
[2024-09-04T12:38:41.824+0000][1831.653s][info ][safepoint     ] Total time for which application threads were stopped: 0.0008888 seconds, Stopping threads took: 0.0003000 seconds
[2024-09-04T12:38:42.824+0000][1832.653s][debug][safepoint     ] Safepoint synchronization initiated. (272 threads)
[2024-09-04T12:38:42.824+0000][1832.653s][info ][safepoint     ] Application time: 1.0003988 seconds
[2024-09-04T12:38:42.825+0000][1832.653s][info ][safepoint     ] Entering safepoint region: Cleanup
[2024-09-04T12:38:42.825+0000][1832.654s][info ][safepoint     ] Leaving safepoint region
[2024-09-04T12:38:42.825+0000][1832.654s][info ][safepoint     ] Total time for which application threads were stopped: 0.0009139 seconds, Stopping threads took: 0.0002563 seconds
[2024-09-04T12:38:43.826+0000][1833.654s][debug][safepoint     ] Safepoint synchronization initiated. (272 threads)
[2024-09-04T12:38:43.826+0000][1833.654s][info ][safepoint     ] Application time: 1.0003114 seconds
[2024-09-04T12:38:43.826+0000][1833.655s][info ][safepoint     ] Entering safepoint region: Cleanup
[2024-09-04T12:38:43.826+0000][1833.655s][info ][safepoint     ] Leaving safepoint region
[2024-09-04T12:38:43.826+0000][1833.655s][info ][safepoint     ] Total time for which application threads were stopped: 0.0007379 seconds, Stopping threads took: 0.0002350 seconds
[2024-09-04T12:38:44.827+0000][1834.655s][debug][safepoint     ] Safepoint synchronization initiated. (272 threads)
[2024-09-04T12:38:44.827+0000][1834.655s][info ][safepoint     ] Application time: 1.0002092 seconds
[2024-09-04T12:38:44.827+0000][1834.656s][debug][safepoint     ] ... found polling page loop exception at pc = 0x00007ff4a131e1a3, stub =0x00007ff498826680
[2024-09-04T12:38:44.827+0000][1834.656s][debug][safepoint     ] ... found polling page return exception at pc = 0x00007ff4a06a5bff, stub =0x00007ff498824b00
[2024-09-04T12:38:44.827+0000][1834.656s][debug][safepoint     ] ... found polling page return exception at pc = 0x00007ff4a0a468c4, stub =0x00007ff498824b00
[2024-09-04T12:38:44.827+0000][1834.656s][debug][safepoint     ] Waiting for 3 thread(s) to block
[2024-09-04T12:38:44.827+0000][1834.656s][info ][safepoint     ] Entering safepoint region: Cleanup
[2024-09-04T12:38:44.828+0000][1834.656s][info ][safepoint     ] Leaving safepoint region
[2024-09-04T12:38:44.828+0000][1834.657s][info ][safepoint     ] Total time for which application threads were stopped: 0.0010566 seconds, Stopping threads took: 0.0005788 seconds
[2024-09-04T12:38:45.828+0000][1835.657s][debug][safepoint     ] Safepoint synchronization initiated. (272 threads)
[2024-09-04T12:38:45.828+0000][1835.657s][info ][safepoint     ] Application time: 1.0003084 seconds
[2024-09-04T12:38:45.828+0000][1835.657s][info ][safepoint     ] Entering safepoint region: Cleanup
[2024-09-04T12:38:45.829+0000][1835.658s][info ][safepoint     ] Leaving safepoint region
[2024-09-04T12:38:45.829+0000][1835.658s][info ][safepoint     ] Total time for which application threads were stopped: 0.0010006 seconds, Stopping threads took: 0.0002051 seconds
[2024-09-04T12:38:46.829+0000][1836.658s][debug][safepoint     ] Safepoint synchronization initiated. (272 threads)
[2024-09-04T12:38:46.830+0000][1836.658s][info ][safepoint     ] Application time: 1.0003840 seconds
[2024-09-04T12:38:46.830+0000][1836.659s][info ][safepoint     ] Entering safepoint region: Cleanup
[2024-09-04T12:38:46.831+0000][1836.659s][info ][safepoint     ] Leaving safepoint region
[2024-09-04T12:38:46.831+0000][1836.659s][info ][safepoint     ] Total time for which application threads were stopped: 0.0010375 seconds, Stopping threads took: 0.0003034 seconds
[2024-09-04T12:38:47.831+0000][1837.660s][debug][safepoint     ] Safepoint synchronization initiated. (272 threads)
[2024-09-04T12:38:47.831+0000][1837.660s][info ][safepoint     ] Application time: 1.0001827 seconds
[2024-09-04T12:38:47.831+0000][1837.660s][info ][safepoint     ] Entering safepoint region: Cleanup
[2024-09-04T12:38:47.831+0000][1837.660s][info ][safepoint     ] Leaving safepoint region
[2024-09-04T12:38:47.831+0000][1837.660s][info ][safepoint     ] Total time for which application threads were stopped: 0.0006330 seconds, Stopping threads took: 0.0001558 seconds
[2024-09-04T12:38:48.832+0000][1838.661s][debug][safepoint     ] Safepoint synchronization initiated. (272 threads)
[2024-09-04T12:38:48.832+0000][1838.661s][info ][safepoint     ] Application time: 1.0003926 seconds
[2024-09-04T12:38:48.832+0000][1838.661s][info ][safepoint     ] Entering safepoint region: Cleanup
[2024-09-04T12:38:48.833+0000][1838.662s][info ][safepoint     ] Leaving safepoint region
[2024-09-04T12:38:48.833+0000][1838.662s][info ][safepoint     ] Total time for which application threads were stopped: 0.0010540 seconds, Stopping threads took: 0.0002465 seconds
[2024-09-04T12:38:49.833+0000][1839.662s][debug][safepoint     ] Safepoint synchronization initiated. (272 threads)
[2024-09-04T12:38:49.833+0000][1839.662s][info ][safepoint     ] Application time: 1.0002849 seconds
[2024-09-04T12:38:49.834+0000][1839.662s][info ][safepoint     ] Entering safepoint region: Cleanup
[2024-09-04T12:38:49.834+0000][1839.663s][info ][safepoint     ] Leaving safepoint region
[2024-09-04T12:38:49.834+0000][1839.663s][info ][safepoint     ] Total time for which application threads were stopped: 0.0010517 seconds, Stopping threads took: 0.0003095 seconds
[2024-09-04T12:38:50.554+0000][1840.383s][debug][safepoint     ] Safepoint synchronization initiated. (272 threads)
[2024-09-04T12:38:50.554+0000][1840.383s][info ][safepoint     ] Application time: 0.7199536 seconds
[2024-09-04T12:38:50.554+0000][1840.383s][debug][safepoint     ] ... found polling page return exception at pc = 0x00007ff4a0bbbbc6, stub =0x00007ff498824b00
[2024-09-04T12:38:50.555+0000][1840.383s][debug][safepoint     ] Waiting for 1 thread(s) to block
[2024-09-04T12:38:50.555+0000][1840.383s][info ][safepoint     ] Entering safepoint region: G1CollectForAllocation
[2024-09-04T12:38:50.555+0000][1840.384s][info ][gc,start      ] GC(135) Pause Young (Normal) (G1 Evacuation Pause)
[2024-09-04T12:38:50.555+0000][1840.384s][info ][gc,task       ] GC(135) Using 4 workers of 4 for evacuation
[2024-09-04T12:38:50.565+0000][1840.394s][info ][gc,phases     ] GC(135)   Pre Evacuate Collection Set: 0.0ms
[2024-09-04T12:38:50.565+0000][1840.394s][info ][gc,phases     ] GC(135)   Evacuate Collection Set: 4.9ms
[2024-09-04T12:38:50.565+0000][1840.394s][info ][gc,phases     ] GC(135)   Post Evacuate Collection Set: 4.9ms
[2024-09-04T12:38:50.565+0000][1840.394s][info ][gc,phases     ] GC(135)   Other: 0.5ms
[2024-09-04T12:38:50.565+0000][1840.394s][info ][gc,heap       ] GC(135) Eden regions: 183->0(183)
[2024-09-04T12:38:50.565+0000][1840.394s][info ][gc,heap       ] GC(135) Survivor regions: 4->4(24)
[2024-09-04T12:38:50.565+0000][1840.394s][info ][gc,heap       ] GC(135) Old regions: 179->179
[2024-09-04T12:38:50.566+0000][1840.394s][info ][gc,heap       ] GC(135) Humongous regions: 0->0
[2024-09-04T12:38:50.566+0000][1840.394s][info ][gc,metaspace  ] GC(135) Metaspace: 185587K(191984K)->185587K(191984K) NonClass: 164446K(168404K)->164446K(168404K) Class: 21140K(23580K)->21140K(23580K)
[2024-09-04T12:38:50.566+0000][1840.394s][info ][gc            ] GC(135) Pause Young (Normal) (G1 Evacuation Pause) 363M->180M(412M) 10.427ms
[2024-09-04T12:38:50.566+0000][1840.394s][info ][gc,cpu        ] GC(135) User=0.04s Sys=0.00s Real=0.01s
[2024-09-04T12:38:50.566+0000][1840.394s][info ][safepoint     ] Leaving safepoint region
[2024-09-04T12:38:50.566+0000][1840.395s][info ][safepoint     ] Total time for which application threads were stopped: 0.0114366 seconds, Stopping threads took: 0.0003961 seconds
[2024-09-04T12:38:50.566+0000][1840.395s][info ][gc,stringdedup] Concurrent String Deduplication (1840.395s)
[2024-09-04T12:38:50.566+0000][1840.395s][info ][gc,stringdedup] Concurrent String Deduplication 11840.0B->312.0B(11528.0B) avg 55.4% (1840.395s, 1840.395s) 0.122ms
[2024-09-04T12:38:51.566+0000][1841.395s][debug][safepoint     ] Safepoint synchronization initiated. (272 threads)
[2024-09-04T12:38:51.566+0000][1841.395s][info ][safepoint     ] Application time: 1.0002378 seconds
[2024-09-04T12:38:51.566+0000][1841.395s][info ][safepoint     ] Entering safepoint region: Cleanup
[2024-09-04T12:38:51.567+0000][1841.396s][info ][safepoint     ] Leaving safepoint region
[2024-09-04T12:38:51.567+0000][1841.396s][info ][safepoint     ] Total time for which application threads were stopped: 0.0007823 seconds, Stopping threads took: 0.0001732 seconds
[2024-09-04T12:38:52.567+0000][1842.396s][debug][safepoint     ] Safepoint synchronization initiated. (272 threads)
[2024-09-04T12:38:52.567+0000][1842.396s][info ][safepoint     ] Application time: 1.0002701 seconds
[2024-09-04T12:38:52.567+0000][1842.396s][info ][safepoint     ] Entering safepoint region: Cleanup
[2024-09-04T12:38:52.568+0000][1842.397s][info ][safepoint     ] Leaving safepoint region
[2024-09-04T12:38:52.568+0000][1842.397s][info ][safepoint     ] Total time for which application threads were stopped: 0.0010892 seconds, Stopping threads took: 0.0002386 seconds
[2024-09-04T12:38:53.568+0000][1843.397s][debug][safepoint     ] Safepoint synchronization initiated. (272 threads)
[2024-09-04T12:38:53.569+0000][1843.397s][info ][safepoint     ] Application time: 1.0002333 seconds
[2024-09-04T12:38:53.569+0000][1843.397s][info ][safepoint     ] Entering safepoint region: Cleanup
[2024-09-04T12:38:53.569+0000][1843.398s][info ][safepoint     ] Leaving safepoint region
[2024-09-04T12:38:53.569+0000][1843.398s][info ][safepoint     ] Total time for which application threads were stopped: 0.0005140 seconds, Stopping threads took: 0.0001874 seconds
[2024-09-04T12:38:54.569+0000][1844.398s][debug][safepoint     ] Safepoint synchronization initiated. (272 threads)
[2024-09-04T12:38:54.569+0000][1844.398s][info ][safepoint     ] Application time: 1.0003565 seconds
[2024-09-04T12:38:54.570+0000][1844.398s][info ][safepoint     ] Entering safepoint region: Cleanup
[2024-09-04T12:38:54.570+0000][1844.399s][info ][safepoint     ] Leaving safepoint region
[2024-09-04T12:38:54.570+0000][1844.399s][info ][safepoint     ] Total time for which application threads were stopped: 0.0009266 seconds, Stopping threads took: 0.0002455 seconds
[2024-09-04T12:38:55.571+0000][1845.399s][debug][safepoint     ] Safepoint synchronization initiated. (272 threads)
[2024-09-04T12:38:55.571+0000][1845.400s][info ][safepoint     ] Application time: 1.0003261 seconds
[2024-09-04T12:38:55.571+0000][1845.400s][info ][safepoint     ] Entering safepoint region: Cleanup
[2024-09-04T12:38:55.572+0000][1845.400s][info ][safepoint     ] Leaving safepoint region
[2024-09-04T12:38:55.572+0000][1845.400s][info ][safepoint     ] Total time for which application threads were stopped: 0.0007692 seconds, Stopping threads took: 0.0001998 seconds
[2024-09-04T12:38:56.572+0000][1846.401s][debug][safepoint     ] Safepoint synchronization initiated. (272 threads)
[2024-09-04T12:38:56.572+0000][1846.401s][info ][safepoint     ] Application time: 1.0002543 seconds
[2024-09-04T12:38:56.572+0000][1846.401s][info ][safepoint     ] Entering safepoint region: Cleanup
[2024-09-04T12:38:56.573+0000][1846.401s][info ][safepoint     ] Leaving safepoint region
[2024-09-04T12:38:56.573+0000][1846.401s][info ][safepoint     ] Total time for which application threads were stopped: 0.0007740 seconds, Stopping threads took: 0.0001685 seconds
[2024-09-04T12:38:57.573+0000][1847.402s][debug][safepoint     ] Safepoint synchronization initiated. (272 threads)
[2024-09-04T12:38:57.573+0000][1847.402s][info ][safepoint     ] Application time: 1.0002134 seconds
[2024-09-04T12:38:57.573+0000][1847.402s][info ][safepoint     ] Entering safepoint region: Cleanup
[2024-09-04T12:38:57.574+0000][1847.402s][info ][safepoint     ] Leaving safepoint region
[2024-09-04T12:38:57.574+0000][1847.402s][info ][safepoint     ] Total time for which application threads were stopped: 0.0006915 seconds, Stopping threads took: 0.0001530 seconds
[2024-09-04T12:38:58.574+0000][1848.403s][debug][safepoint     ] Safepoint synchronization initiated. (272 threads)
[2024-09-04T12:38:58.574+0000][1848.403s][info ][safepoint     ] Application time: 1.0002267 seconds
[2024-09-04T12:38:58.574+0000][1848.403s][info ][safepoint     ] Entering safepoint region: Cleanup
[2024-09-04T12:38:58.575+0000][1848.403s][info ][safepoint     ] Leaving safepoint region
[2024-09-04T12:38:58.575+0000][1848.403s][debug][safepoint     ] ... found polling page loop exception at pc = 0x00007ff4a1317510, stub =0x00007ff498826680
[2024-09-04T12:38:58.575+0000][1848.403s][info ][safepoint     ] Total time for which application threads were stopped: 0.0007021 seconds, Stopping threads took: 0.0001833 seconds
[2024-09-04T12:38:59.575+0000][1849.404s][debug][safepoint     ] Safepoint synchronization initiated. (271 threads)
[2024-09-04T12:38:59.575+0000][1849.404s][info ][safepoint     ] Application time: 1.0003275 seconds
[2024-09-04T12:38:59.575+0000][1849.404s][info ][safepoint     ] Entering safepoint region: Cleanup
[2024-09-04T12:38:59.576+0000][1849.405s][info ][safepoint     ] Leaving safepoint region
[2024-09-04T12:38:59.576+0000][1849.405s][info ][safepoint     ] Total time for which application threads were stopped: 0.0008478 seconds, Stopping threads took: 0.0002925 seconds
[2024-09-04T12:39:00.576+0000][1850.405s][debug][safepoint     ] Safepoint synchronization initiated. (271 threads)
[2024-09-04T12:39:00.576+0000][1850.405s][info ][safepoint     ] Application time: 1.0002262 seconds
[2024-09-04T12:39:00.576+0000][1850.405s][info ][safepoint     ] Entering safepoint region: Cleanup
[2024-09-04T12:39:00.577+0000][1850.406s][info ][safepoint     ] Leaving safepoint region
[2024-09-04T12:39:00.577+0000][1850.406s][info ][safepoint     ] Total time for which application threads were stopped: 0.0009286 seconds, Stopping threads took: 0.0002072 seconds
[2024-09-04T12:39:01.577+0000][1851.406s][debug][safepoint     ] Safepoint synchronization initiated. (271 threads)
[2024-09-04T12:39:01.578+0000][1851.406s][info ][safepoint     ] Application time: 1.0002986 seconds
[2024-09-04T12:39:01.578+0000][1851.406s][debug][safepoint     ] ... found polling page return exception at pc = 0x00007ff4a085e306, stub =0x00007ff498824b00
[2024-09-04T12:39:01.578+0000][1851.407s][debug][safepoint     ] Waiting for 1 thread(s) to block
[2024-09-04T12:39:01.578+0000][1851.407s][info ][safepoint     ] Entering safepoint region: Cleanup
[2024-09-04T12:39:01.579+0000][1851.407s][info ][safepoint     ] Leaving safepoint region
[2024-09-04T12:39:01.579+0000][1851.407s][info ][safepoint     ] Total time for which application threads were stopped: 0.0010372 seconds, Stopping threads took: 0.0004770 seconds
[2024-09-04T12:39:02.579+0000][1852.408s][debug][safepoint     ] Safepoint synchronization initiated. (271 threads)
[2024-09-04T12:39:02.579+0000][1852.408s][info ][safepoint     ] Application time: 1.0002799 seconds
[2024-09-04T12:39:02.579+0000][1852.408s][info ][safepoint     ] Entering safepoint region: Cleanup
[2024-09-04T12:39:02.580+0000][1852.408s][info ][safepoint     ] Leaving safepoint region
[2024-09-04T12:39:02.580+0000][1852.408s][info ][safepoint     ] Total time for which application threads were stopped: 0.0007951 seconds, Stopping threads took: 0.0002093 seconds
[2024-09-04T12:39:03.580+0000][1853.409s][debug][safepoint     ] Safepoint synchronization initiated. (271 threads)
[2024-09-04T12:39:03.580+0000][1853.409s][info ][safepoint     ] Application time: 1.0002495 seconds
[2024-09-04T12:39:03.580+0000][1853.409s][info ][safepoint     ] Entering safepoint region: Cleanup
[2024-09-04T12:39:03.581+0000][1853.410s][info ][safepoint     ] Leaving safepoint region
[2024-09-04T12:39:03.581+0000][1853.410s][info ][safepoint     ] Total time for which application threads were stopped: 0.0009577 seconds, Stopping threads took: 0.0002417 seconds
[2024-09-04T12:39:04.581+0000][1854.410s][debug][safepoint     ] Safepoint synchronization initiated. (271 threads)
[2024-09-04T12:39:04.581+0000][1854.410s][info ][safepoint     ] Application time: 1.0002466 seconds
[2024-09-04T12:39:04.581+0000][1854.410s][debug][safepoint     ] ... found polling page return exception at pc = 0x00007ff4a12b5235, stub =0x00007ff498824b00
[2024-09-04T12:39:04.581+0000][1854.410s][debug][safepoint     ] Waiting for 1 thread(s) to block
[2024-09-04T12:39:04.582+0000][1854.410s][info ][safepoint     ] Entering safepoint region: Cleanup
[2024-09-04T12:39:04.582+0000][1854.411s][info ][safepoint     ] Leaving safepoint region
[2024-09-04T12:39:04.582+0000][1854.411s][info ][safepoint     ] Total time for which application threads were stopped: 0.0008324 seconds, Stopping threads took: 0.0003651 seconds
[2024-09-04T12:39:05.582+0000][1855.411s][debug][safepoint     ] Safepoint synchronization initiated. (271 threads)
[2024-09-04T12:39:05.582+0000][1855.411s][info ][safepoint     ] Application time: 1.0003471 seconds
[2024-09-04T12:39:05.583+0000][1855.411s][info ][safepoint     ] Entering safepoint region: Cleanup
[2024-09-04T12:39:05.583+0000][1855.412s][info ][safepoint     ] Leaving safepoint region
[2024-09-04T12:39:05.583+0000][1855.412s][info ][safepoint     ] Total time for which application threads were stopped: 0.0009430 seconds, Stopping threads took: 0.0002627 seconds
[2024-09-04T12:39:06.584+0000][1856.413s][debug][safepoint     ] Safepoint synchronization initiated. (271 threads)
[2024-09-04T12:39:06.584+0000][1856.413s][info ][safepoint     ] Application time: 1.0004439 seconds
[2024-09-04T12:39:06.584+0000][1856.413s][info ][safepoint     ] Entering safepoint region: Cleanup
[2024-09-04T12:39:06.585+0000][1856.414s][info ][safepoint     ] Leaving safepoint region
[2024-09-04T12:39:06.585+0000][1856.414s][info ][safepoint     ] Total time for which application threads were stopped: 0.0011586 seconds, Stopping threads took: 0.0005898 seconds
[2024-09-04T12:39:07.585+0000][1857.414s][debug][safepoint     ] Safepoint synchronization initiated. (271 threads)
[2024-09-04T12:39:07.585+0000][1857.414s][info ][safepoint     ] Application time: 1.0002449 seconds
[2024-09-04T12:39:07.586+0000][1857.414s][info ][safepoint     ] Entering safepoint region: Cleanup
[2024-09-04T12:39:07.586+0000][1857.415s][info ][safepoint     ] Leaving safepoint region
[2024-09-04T12:39:07.586+0000][1857.415s][info ][safepoint     ] Total time for which application threads were stopped: 0.0009763 seconds, Stopping threads took: 0.0003475 seconds
[2024-09-04T12:39:08.587+0000][1858.415s][debug][safepoint     ] Safepoint synchronization initiated. (270 threads)
[2024-09-04T12:39:08.587+0000][1858.415s][info ][safepoint     ] Application time: 1.0001807 seconds
[2024-09-04T12:39:08.587+0000][1858.416s][info ][safepoint     ] Entering safepoint region: Cleanup
[2024-09-04T12:39:08.587+0000][1858.416s][info ][safepoint     ] Leaving safepoint region
[2024-09-04T12:39:08.587+0000][1858.416s][info ][safepoint     ] Total time for which application threads were stopped: 0.0005981 seconds, Stopping threads took: 0.0001766 seconds
[2024-09-04T12:39:09.587+0000][1859.416s][debug][safepoint     ] Safepoint synchronization initiated. (270 threads)
[2024-09-04T12:39:09.587+0000][1859.416s][info ][safepoint     ] Application time: 1.0002714 seconds
[2024-09-04T12:39:09.588+0000][1859.417s][info ][safepoint     ] Entering safepoint region: Cleanup
[2024-09-04T12:39:09.588+0000][1859.417s][info ][safepoint     ] Leaving safepoint region
[2024-09-04T12:39:09.588+0000][1859.417s][info ][safepoint     ] Total time for which application threads were stopped: 0.0008976 seconds, Stopping threads took: 0.0003035 seconds
[2024-09-04T12:39:10.589+0000][1860.417s][debug][safepoint     ] Safepoint synchronization initiated. (270 threads)
[2024-09-04T12:39:10.589+0000][1860.418s][info ][safepoint     ] Application time: 1.0004282 seconds
[2024-09-04T12:39:10.589+0000][1860.418s][info ][safepoint     ] Entering safepoint region: Cleanup
[2024-09-04T12:39:10.590+0000][1860.419s][info ][safepoint     ] Leaving safepoint region
[2024-09-04T12:39:10.590+0000][1860.419s][info ][safepoint     ] Total time for which application threads were stopped: 0.0011162 seconds, Stopping threads took: 0.0002497 seconds
[2024-09-04T12:39:11.590+0000][1861.419s][debug][safepoint     ] Safepoint synchronization initiated. (270 threads)
[2024-09-04T12:39:11.590+0000][1861.419s][info ][safepoint     ] Application time: 1.0003024 seconds
[2024-09-04T12:39:11.591+0000][1861.419s][info ][safepoint     ] Entering safepoint region: Cleanup
[2024-09-04T12:39:11.591+0000][1861.420s][info ][safepoint     ] Leaving safepoint region
[2024-09-04T12:39:11.591+0000][1861.420s][info ][safepoint     ] Total time for which application threads were stopped: 0.0010353 seconds, Stopping threads took: 0.0002214 seconds
[2024-09-04T12:39:12.592+0000][1862.420s][debug][safepoint     ] Safepoint synchronization initiated. (270 threads)
[2024-09-04T12:39:12.592+0000][1862.421s][info ][safepoint     ] Application time: 1.0003723 seconds
[2024-09-04T12:39:12.592+0000][1862.421s][info ][safepoint     ] Entering safepoint region: Cleanup
[2024-09-04T12:39:12.593+0000][1862.421s][info ][safepoint     ] Leaving safepoint region
[2024-09-04T12:39:12.593+0000][1862.421s][info ][safepoint     ] Total time for which application threads were stopped: 0.0009008 seconds, Stopping threads took: 0.0002280 seconds
[2024-09-04T12:39:13.593+0000][1863.422s][debug][safepoint     ] Safepoint synchronization initiated. (270 threads)
[2024-09-04T12:39:13.593+0000][1863.422s][info ][safepoint     ] Application time: 1.0002198 seconds
[2024-09-04T12:39:13.593+0000][1863.422s][info ][safepoint     ] Entering safepoint region: Cleanup
[2024-09-04T12:39:13.594+0000][1863.423s][info ][safepoint     ] Leaving safepoint region
[2024-09-04T12:39:13.594+0000][1863.423s][info ][safepoint     ] Total time for which application threads were stopped: 0.0009841 seconds, Stopping threads took: 0.0002391 seconds
[2024-09-04T12:39:14.594+0000][1864.423s][debug][safepoint     ] Safepoint synchronization initiated. (270 threads)
[2024-09-04T12:39:14.594+0000][1864.423s][info ][safepoint     ] Application time: 1.0003441 seconds
[2024-09-04T12:39:14.595+0000][1864.423s][info ][safepoint     ] Entering safepoint region: Cleanup
[2024-09-04T12:39:14.595+0000][1864.424s][info ][safepoint     ] Leaving safepoint region
[2024-09-04T12:39:14.595+0000][1864.424s][info ][safepoint     ] Total time for which application threads were stopped: 0.0008811 seconds, Stopping threads took: 0.0002290 seconds
[2024-09-04T12:39:15.595+0000][1865.424s][debug][safepoint     ] Safepoint synchronization initiated. (270 threads)
[2024-09-04T12:39:15.596+0000][1865.424s][info ][safepoint     ] Application time: 1.0002261 seconds
[2024-09-04T12:39:15.596+0000][1865.425s][info ][safepoint     ] Entering safepoint region: Cleanup
[2024-09-04T12:39:15.596+0000][1865.425s][info ][safepoint     ] Leaving safepoint region
[2024-09-04T12:39:15.596+0000][1865.425s][info ][safepoint     ] Total time for which application threads were stopped: 0.0007489 seconds, Stopping threads took: 0.0002380 seconds
[2024-09-04T12:39:16.597+0000][1866.425s][debug][safepoint     ] Safepoint synchronization initiated. (270 threads)
[2024-09-04T12:39:16.597+0000][1866.425s][info ][safepoint     ] Application time: 1.0003206 seconds
[2024-09-04T12:39:16.597+0000][1866.426s][info ][safepoint     ] Entering safepoint region: Cleanup
[2024-09-04T12:39:16.598+0000][1866.426s][info ][safepoint     ] Leaving safepoint region
[2024-09-04T12:39:16.598+0000][1866.427s][info ][safepoint     ] Total time for which application threads were stopped: 0.0011028 seconds, Stopping threads took: 0.0003069 seconds
[2024-09-04T12:39:17.598+0000][1867.427s][debug][safepoint     ] Safepoint synchronization initiated. (270 threads)
[2024-09-04T12:39:17.598+0000][1867.427s][info ][safepoint     ] Application time: 1.0001888 seconds
[2024-09-04T12:39:17.598+0000][1867.427s][info ][safepoint     ] Entering safepoint region: Cleanup
[2024-09-04T12:39:17.599+0000][1867.427s][info ][safepoint     ] Leaving safepoint region
[2024-09-04T12:39:17.599+0000][1867.427s][info ][safepoint     ] Total time for which application threads were stopped: 0.0006749 seconds, Stopping threads took: 0.0001538 seconds
[2024-09-04T12:39:18.599+0000][1868.428s][debug][safepoint     ] Safepoint synchronization initiated. (270 threads)
[2024-09-04T12:39:18.599+0000][1868.428s][info ][safepoint     ] Application time: 1.0003123 seconds
[2024-09-04T12:39:18.599+0000][1868.428s][info ][safepoint     ] Entering safepoint region: Cleanup
[2024-09-04T12:39:18.600+0000][1868.428s][info ][safepoint     ] Leaving safepoint region
[2024-09-04T12:39:18.600+0000][1868.428s][info ][safepoint     ] Total time for which application threads were stopped: 0.0006565 seconds, Stopping threads took: 0.0001806 seconds
[2024-09-04T12:39:19.275+0000][1869.104s][debug][safepoint     ] Safepoint synchronization initiated. (270 threads)
[2024-09-04T12:39:19.275+0000][1869.104s][info ][safepoint     ] Application time: 0.6751602 seconds
[2024-09-04T12:39:19.275+0000][1869.104s][info ][safepoint     ] Entering safepoint region: G1CollectForAllocation
[2024-09-04T12:39:19.276+0000][1869.105s][info ][gc,start      ] GC(136) Pause Young (Normal) (G1 Evacuation Pause)
[2024-09-04T12:39:19.276+0000][1869.105s][info ][gc,task       ] GC(136) Using 4 workers of 4 for evacuation
[2024-09-04T12:39:19.287+0000][1869.116s][info ][gc,phases     ] GC(136)   Pre Evacuate Collection Set: 0.0ms
[2024-09-04T12:39:19.287+0000][1869.116s][info ][gc,phases     ] GC(136)   Evacuate Collection Set: 5.5ms
[2024-09-04T12:39:19.287+0000][1869.116s][info ][gc,phases     ] GC(136)   Post Evacuate Collection Set: 5.2ms
[2024-09-04T12:39:19.288+0000][1869.116s][info ][gc,phases     ] GC(136)   Other: 0.7ms
[2024-09-04T12:39:19.288+0000][1869.116s][info ][gc,heap       ] GC(136) Eden regions: 183->0(183)
[2024-09-04T12:39:19.288+0000][1869.116s][info ][gc,heap       ] GC(136) Survivor regions: 4->4(24)
[2024-09-04T12:39:19.288+0000][1869.116s][info ][gc,heap       ] GC(136) Old regions: 179->179
[2024-09-04T12:39:19.288+0000][1869.116s][info ][gc,heap       ] GC(136) Humongous regions: 0->0
[2024-09-04T12:39:19.288+0000][1869.116s][info ][gc,metaspace  ] GC(136) Metaspace: 185595K(191984K)->185595K(191984K) NonClass: 164455K(168404K)->164455K(168404K) Class: 21140K(23580K)->21140K(23580K)
[2024-09-04T12:39:19.288+0000][1869.116s][info ][gc            ] GC(136) Pause Young (Normal) (G1 Evacuation Pause) 363M->180M(412M) 11.591ms
[2024-09-04T12:39:19.288+0000][1869.117s][info ][gc,cpu        ] GC(136) User=0.03s Sys=0.00s Real=0.01s
[2024-09-04T12:39:19.288+0000][1869.117s][info ][safepoint     ] Leaving safepoint region
[2024-09-04T12:39:19.288+0000][1869.117s][info ][safepoint     ] Total time for which application threads were stopped: 0.0129913 seconds, Stopping threads took: 0.0002295 seconds
[2024-09-04T12:39:19.288+0000][1869.117s][info ][gc,stringdedup] Concurrent String Deduplication (1869.117s)
[2024-09-04T12:39:19.288+0000][1869.117s][info ][gc,stringdedup] Concurrent String Deduplication 53816.0B->0.0B(53816.0B) avg 55.5% (1869.117s, 1869.117s) 0.275ms
[2024-09-04T12:39:20.288+0000][1870.117s][debug][safepoint     ] Safepoint synchronization initiated. (270 threads)
[2024-09-04T12:39:20.288+0000][1870.117s][info ][safepoint     ] Application time: 1.0003047 seconds
[2024-09-04T12:39:20.288+0000][1870.117s][info ][safepoint     ] Entering safepoint region: Cleanup
[2024-09-04T12:39:20.289+0000][1870.118s][info ][safepoint     ] Leaving safepoint region
[2024-09-04T12:39:20.289+0000][1870.118s][info ][safepoint     ] Total time for which application threads were stopped: 0.0008629 seconds, Stopping threads took: 0.0002249 seconds
[2024-09-04T12:39:21.289+0000][1871.118s][debug][safepoint     ] Safepoint synchronization initiated. (270 threads)
[2024-09-04T12:39:21.289+0000][1871.118s][info ][safepoint     ] Application time: 1.0003042 seconds
[2024-09-04T12:39:21.290+0000][1871.119s][info ][safepoint     ] Entering safepoint region: Cleanup
[2024-09-04T12:39:21.290+0000][1871.119s][info ][safepoint     ] Leaving safepoint region
[2024-09-04T12:39:21.290+0000][1871.119s][info ][safepoint     ] Total time for which application threads were stopped: 0.0009605 seconds, Stopping threads took: 0.0003249 seconds
[2024-09-04T12:39:22.291+0000][1872.119s][debug][safepoint     ] Safepoint synchronization initiated. (270 threads)
[2024-09-04T12:39:22.291+0000][1872.119s][info ][safepoint     ] Application time: 1.0002418 seconds
[2024-09-04T12:39:22.291+0000][1872.120s][info ][safepoint     ] Entering safepoint region: Cleanup
[2024-09-04T12:39:22.291+0000][1872.120s][info ][safepoint     ] Leaving safepoint region
[2024-09-04T12:39:22.291+0000][1872.120s][info ][safepoint     ] Total time for which application threads were stopped: 0.0007547 seconds, Stopping threads took: 0.0001861 seconds
[2024-09-04T12:39:23.292+0000][1873.121s][debug][safepoint     ] Safepoint synchronization initiated. (270 threads)
[2024-09-04T12:39:23.292+0000][1873.121s][info ][safepoint     ] Application time: 1.0003470 seconds
[2024-09-04T12:39:23.292+0000][1873.121s][info ][safepoint     ] Entering safepoint region: Cleanup
[2024-09-04T12:39:23.293+0000][1873.122s][info ][safepoint     ] Leaving safepoint region
[2024-09-04T12:39:23.293+0000][1873.122s][info ][safepoint     ] Total time for which application threads were stopped: 0.0009564 seconds, Stopping threads took: 0.0002505 seconds
[2024-09-04T12:39:24.293+0000][1874.122s][debug][safepoint     ] Safepoint synchronization initiated. (270 threads)
[2024-09-04T12:39:24.293+0000][1874.122s][info ][safepoint     ] Application time: 1.0001959 seconds
[2024-09-04T12:39:24.293+0000][1874.122s][info ][safepoint     ] Entering safepoint region: Cleanup
[2024-09-04T12:39:24.294+0000][1874.122s][info ][safepoint     ] Leaving safepoint region
[2024-09-04T12:39:24.294+0000][1874.122s][info ][safepoint     ] Total time for which application threads were stopped: 0.0006233 seconds, Stopping threads took: 0.0001677 seconds
[2024-09-04T12:39:25.294+0000][1875.123s][debug][safepoint     ] Safepoint synchronization initiated. (270 threads)
[2024-09-04T12:39:25.294+0000][1875.123s][info ][safepoint     ] Application time: 1.0003777 seconds
[2024-09-04T12:39:25.294+0000][1875.123s][info ][safepoint     ] Entering safepoint region: Cleanup
[2024-09-04T12:39:25.295+0000][1875.124s][info ][safepoint     ] Leaving safepoint region
[2024-09-04T12:39:25.295+0000][1875.124s][info ][safepoint     ] Total time for which application threads were stopped: 0.0007624 seconds, Stopping threads took: 0.0003147 seconds
[2024-09-04T12:39:26.295+0000][1876.124s][debug][safepoint     ] Safepoint synchronization initiated. (270 threads)
[2024-09-04T12:39:26.295+0000][1876.124s][info ][safepoint     ] Application time: 1.0003328 seconds
[2024-09-04T12:39:26.295+0000][1876.124s][info ][safepoint     ] Entering safepoint region: Cleanup
[2024-09-04T12:39:26.296+0000][1876.125s][info ][safepoint     ] Leaving safepoint region
[2024-09-04T12:39:26.296+0000][1876.125s][info ][safepoint     ] Total time for which application threads were stopped: 0.0011450 seconds, Stopping threads took: 0.0002162 seconds
[2024-09-04T12:39:27.297+0000][1877.126s][debug][safepoint     ] Safepoint synchronization initiated. (270 threads)
[2024-09-04T12:39:27.297+0000][1877.126s][info ][safepoint     ] Application time: 1.0004480 seconds
[2024-09-04T12:39:27.297+0000][1877.126s][info ][safepoint     ] Entering safepoint region: Cleanup
[2024-09-04T12:39:27.298+0000][1877.127s][info ][safepoint     ] Leaving safepoint region
[2024-09-04T12:39:27.298+0000][1877.127s][info ][safepoint     ] Total time for which application threads were stopped: 0.0011538 seconds, Stopping threads took: 0.0002520 seconds
[2024-09-04T12:39:28.298+0000][1878.127s][debug][safepoint     ] Safepoint synchronization initiated. (270 threads)
[2024-09-04T12:39:28.298+0000][1878.127s][info ][safepoint     ] Application time: 1.0002203 seconds
[2024-09-04T12:39:28.299+0000][1878.127s][info ][safepoint     ] Entering safepoint region: Cleanup
[2024-09-04T12:39:28.299+0000][1878.128s][info ][safepoint     ] Leaving safepoint region
[2024-09-04T12:39:28.299+0000][1878.128s][info ][safepoint     ] Total time for which application threads were stopped: 0.0007806 seconds, Stopping threads took: 0.0001778 seconds
[2024-09-04T12:39:29.299+0000][1879.128s][debug][safepoint     ] Safepoint synchronization initiated. (270 threads)
[2024-09-04T12:39:29.300+0000][1879.128s][info ][safepoint     ] Application time: 1.0004013 seconds
[2024-09-04T12:39:29.300+0000][1879.129s][info ][safepoint     ] Entering safepoint region: Cleanup
[2024-09-04T12:39:29.301+0000][1879.130s][info ][safepoint     ] Leaving safepoint region
[2024-09-04T12:39:29.301+0000][1879.130s][info ][safepoint     ] Total time for which application threads were stopped: 0.0012473 seconds, Stopping threads took: 0.0002917 seconds
[2024-09-04T12:39:30.301+0000][1880.130s][debug][safepoint     ] Safepoint synchronization initiated. (270 threads)
[2024-09-04T12:39:30.301+0000][1880.130s][info ][safepoint     ] Application time: 1.0002588 seconds
[2024-09-04T12:39:30.301+0000][1880.130s][info ][safepoint     ] Entering safepoint region: Cleanup
[2024-09-04T12:39:30.302+0000][1880.131s][info ][safepoint     ] Leaving safepoint region
[2024-09-04T12:39:30.302+0000][1880.131s][info ][safepoint     ] Total time for which application threads were stopped: 0.0007712 seconds, Stopping threads took: 0.0001706 seconds
[2024-09-04T12:39:31.302+0000][1881.131s][debug][safepoint     ] Safepoint synchronization initiated. (270 threads)
[2024-09-04T12:39:31.302+0000][1881.131s][info ][safepoint     ] Application time: 1.0002453 seconds
[2024-09-04T12:39:31.302+0000][1881.131s][info ][safepoint     ] Entering safepoint region: Cleanup
[2024-09-04T12:39:31.303+0000][1881.132s][info ][safepoint     ] Leaving safepoint region
[2024-09-04T12:39:31.303+0000][1881.132s][info ][safepoint     ] Total time for which application threads were stopped: 0.0008127 seconds, Stopping threads took: 0.0001783 seconds
[2024-09-04T12:39:32.303+0000][1882.132s][debug][safepoint     ] Safepoint synchronization initiated. (270 threads)
[2024-09-04T12:39:32.303+0000][1882.132s][info ][safepoint     ] Application time: 1.0002983 seconds
[2024-09-04T12:39:32.304+0000][1882.132s][info ][safepoint     ] Entering safepoint region: Cleanup
[2024-09-04T12:39:32.304+0000][1882.133s][info ][safepoint     ] Leaving safepoint region
[2024-09-04T12:39:32.304+0000][1882.133s][info ][safepoint     ] Total time for which application threads were stopped: 0.0008948 seconds, Stopping threads took: 0.0002101 seconds
[2024-09-04T12:39:33.304+0000][1883.133s][debug][safepoint     ] Safepoint synchronization initiated. (270 threads)
[2024-09-04T12:39:33.304+0000][1883.133s][info ][safepoint     ] Application time: 1.0001896 seconds
[2024-09-04T12:39:33.305+0000][1883.133s][info ][safepoint     ] Entering safepoint region: Cleanup
[2024-09-04T12:39:33.305+0000][1883.134s][info ][safepoint     ] Leaving safepoint region
[2024-09-04T12:39:33.305+0000][1883.134s][info ][safepoint     ] Total time for which application threads were stopped: 0.0006270 seconds, Stopping threads took: 0.0001564 seconds
[2024-09-04T12:39:33.305+0000][1883.134s][debug][safepoint     ] ... found polling page loop exception at pc = 0x00007ff4a1290108, stub =0x00007ff498826680
[2024-09-04T12:39:34.305+0000][1884.134s][debug][safepoint     ] Safepoint synchronization initiated. (270 threads)
[2024-09-04T12:39:34.306+0000][1884.134s][info ][safepoint     ] Application time: 1.0004327 seconds
[2024-09-04T12:39:34.306+0000][1884.135s][info ][safepoint     ] Entering safepoint region: Cleanup
[2024-09-04T12:39:34.306+0000][1884.135s][info ][safepoint     ] Leaving safepoint region
[2024-09-04T12:39:34.306+0000][1884.135s][info ][safepoint     ] Total time for which application threads were stopped: 0.0008316 seconds, Stopping threads took: 0.0002494 seconds
[2024-09-04T12:39:35.307+0000][1885.135s][debug][safepoint     ] Safepoint synchronization initiated. (270 threads)
[2024-09-04T12:39:35.307+0000][1885.136s][info ][safepoint     ] Application time: 1.0003451 seconds
[2024-09-04T12:39:35.307+0000][1885.136s][info ][safepoint     ] Entering safepoint region: Cleanup
[2024-09-04T12:39:35.308+0000][1885.136s][info ][safepoint     ] Leaving safepoint region
[2024-09-04T12:39:35.308+0000][1885.137s][info ][safepoint     ] Total time for which application threads were stopped: 0.0009447 seconds, Stopping threads took: 0.0002377 seconds
[2024-09-04T12:39:36.308+0000][1886.137s][debug][safepoint     ] Safepoint synchronization initiated. (270 threads)
[2024-09-04T12:39:36.308+0000][1886.137s][info ][safepoint     ] Application time: 1.0003405 seconds
[2024-09-04T12:39:36.308+0000][1886.137s][info ][safepoint     ] Entering safepoint region: Cleanup
[2024-09-04T12:39:36.309+0000][1886.138s][info ][safepoint     ] Leaving safepoint region
[2024-09-04T12:39:36.309+0000][1886.138s][info ][safepoint     ] Total time for which application threads were stopped: 0.0009387 seconds, Stopping threads took: 0.0002566 seconds
[2024-09-04T12:39:37.309+0000][1887.138s][debug][safepoint     ] Safepoint synchronization initiated. (270 threads)
[2024-09-04T12:39:37.310+0000][1887.138s][info ][safepoint     ] Application time: 1.0003666 seconds
[2024-09-04T12:39:37.310+0000][1887.138s][info ][safepoint     ] Entering safepoint region: Cleanup
[2024-09-04T12:39:37.310+0000][1887.139s][info ][safepoint     ] Leaving safepoint region
[2024-09-04T12:39:37.310+0000][1887.139s][info ][safepoint     ] Total time for which application threads were stopped: 0.0008630 seconds, Stopping threads took: 0.0002340 seconds
[2024-09-04T12:39:38.311+0000][1888.139s][debug][safepoint     ] Safepoint synchronization initiated. (270 threads)
[2024-09-04T12:39:38.311+0000][1888.140s][info ][safepoint     ] Application time: 1.0003321 seconds
[2024-09-04T12:39:38.311+0000][1888.140s][info ][safepoint     ] Entering safepoint region: Cleanup
[2024-09-04T12:39:38.312+0000][1888.140s][info ][safepoint     ] Leaving safepoint region
[2024-09-04T12:39:38.312+0000][1888.140s][info ][safepoint     ] Total time for which application threads were stopped: 0.0008990 seconds, Stopping threads took: 0.0002331 seconds
[2024-09-04T12:39:38.312+0000][1888.140s][debug][safepoint     ] ... found polling page loop exception at pc = 0x00007ff49b70b7fe, stub =0x00007ff498826680
[2024-09-04T12:39:39.312+0000][1889.141s][debug][safepoint     ] Safepoint synchronization initiated. (270 threads)
[2024-09-04T12:39:39.312+0000][1889.141s][info ][safepoint     ] Application time: 1.0003469 seconds
[2024-09-04T12:39:39.312+0000][1889.141s][info ][safepoint     ] Entering safepoint region: Cleanup
[2024-09-04T12:39:39.313+0000][1889.142s][info ][safepoint     ] Leaving safepoint region
[2024-09-04T12:39:39.313+0000][1889.142s][info ][safepoint     ] Total time for which application threads were stopped: 0.0008438 seconds, Stopping threads took: 0.0002321 seconds
[2024-09-04T12:39:40.313+0000][1890.142s][debug][safepoint     ] Safepoint synchronization initiated. (270 threads)
[2024-09-04T12:39:40.313+0000][1890.142s][info ][safepoint     ] Application time: 1.0003104 seconds
[2024-09-04T12:39:40.314+0000][1890.142s][info ][safepoint     ] Entering safepoint region: Cleanup
[2024-09-04T12:39:40.314+0000][1890.143s][info ][safepoint     ] Leaving safepoint region
[2024-09-04T12:39:40.314+0000][1890.143s][info ][safepoint     ] Total time for which application threads were stopped: 0.0008304 seconds, Stopping threads took: 0.0003003 seconds
[2024-09-04T12:39:41.314+0000][1891.143s][debug][safepoint     ] Safepoint synchronization initiated. (270 threads)
[2024-09-04T12:39:41.314+0000][1891.143s][info ][safepoint     ] Application time: 1.0001997 seconds
[2024-09-04T12:39:41.314+0000][1891.143s][debug][safepoint     ] ... found polling page loop exception at pc = 0x00007ff4a09f95f2, stub =0x00007ff498826680
[2024-09-04T12:39:41.314+0000][1891.143s][debug][safepoint     ] ... found polling page return exception at pc = 0x00007ff4a0ee1b9f, stub =0x00007ff498824b00
[2024-09-04T12:39:41.315+0000][1891.143s][debug][safepoint     ] Waiting for 2 thread(s) to block
[2024-09-04T12:39:41.315+0000][1891.144s][info ][safepoint     ] Entering safepoint region: Cleanup
[2024-09-04T12:39:41.315+0000][1891.144s][info ][safepoint     ] Leaving safepoint region
[2024-09-04T12:39:41.315+0000][1891.144s][info ][safepoint     ] Total time for which application threads were stopped: 0.0009637 seconds, Stopping threads took: 0.0004647 seconds
[2024-09-04T12:39:42.316+0000][1892.144s][debug][safepoint     ] Safepoint synchronization initiated. (270 threads)
[2024-09-04T12:39:42.316+0000][1892.145s][info ][safepoint     ] Application time: 1.0004540 seconds
[2024-09-04T12:39:42.316+0000][1892.145s][info ][safepoint     ] Entering safepoint region: Cleanup
[2024-09-04T12:39:42.317+0000][1892.146s][info ][safepoint     ] Leaving safepoint region
[2024-09-04T12:39:42.317+0000][1892.146s][info ][safepoint     ] Total time for which application threads were stopped: 0.0010996 seconds, Stopping threads took: 0.0002734 seconds
[2024-09-04T12:39:43.317+0000][1893.146s][debug][safepoint     ] Safepoint synchronization initiated. (270 threads)
[2024-09-04T12:39:43.317+0000][1893.146s][info ][safepoint     ] Application time: 1.0002778 seconds
[2024-09-04T12:39:43.318+0000][1893.146s][info ][safepoint     ] Entering safepoint region: Cleanup
[2024-09-04T12:39:43.318+0000][1893.147s][info ][safepoint     ] Leaving safepoint region
[2024-09-04T12:39:43.318+0000][1893.147s][info ][safepoint     ] Total time for which application threads were stopped: 0.0008155 seconds, Stopping threads took: 0.0002475 seconds
[2024-09-04T12:39:44.318+0000][1894.147s][debug][safepoint     ] Safepoint synchronization initiated. (270 threads)
[2024-09-04T12:39:44.318+0000][1894.147s][info ][safepoint     ] Application time: 1.0002037 seconds
[2024-09-04T12:39:44.319+0000][1894.147s][debug][safepoint     ] ... found polling page return exception at pc = 0x00007ff4a123816a, stub =0x00007ff498824b00
[2024-09-04T12:39:44.319+0000][1894.147s][debug][safepoint     ] Waiting for 1 thread(s) to block
[2024-09-04T12:39:44.319+0000][1894.148s][info ][safepoint     ] Entering safepoint region: Cleanup
[2024-09-04T12:39:44.319+0000][1894.148s][info ][safepoint     ] Leaving safepoint region
[2024-09-04T12:39:44.319+0000][1894.148s][info ][safepoint     ] Total time for which application threads were stopped: 0.0009176 seconds, Stopping threads took: 0.0004733 seconds
[2024-09-04T12:39:45.320+0000][1895.148s][debug][safepoint     ] Safepoint synchronization initiated. (270 threads)
[2024-09-04T12:39:45.320+0000][1895.148s][info ][safepoint     ] Application time: 1.0004002 seconds
[2024-09-04T12:39:45.320+0000][1895.149s][info ][safepoint     ] Entering safepoint region: Cleanup
[2024-09-04T12:39:45.321+0000][1895.149s][info ][safepoint     ] Leaving safepoint region
[2024-09-04T12:39:45.321+0000][1895.149s][info ][safepoint     ] Total time for which application threads were stopped: 0.0009663 seconds, Stopping threads took: 0.0002717 seconds
[2024-09-04T12:39:46.321+0000][1896.150s][debug][safepoint     ] Safepoint synchronization initiated. (270 threads)
[2024-09-04T12:39:46.321+0000][1896.150s][info ][safepoint     ] Application time: 1.0003383 seconds
[2024-09-04T12:39:46.321+0000][1896.150s][info ][safepoint     ] Entering safepoint region: Cleanup
[2024-09-04T12:39:46.322+0000][1896.151s][info ][safepoint     ] Leaving safepoint region
[2024-09-04T12:39:46.322+0000][1896.151s][info ][safepoint     ] Total time for which application threads were stopped: 0.0010589 seconds, Stopping threads took: 0.0002154 seconds
[2024-09-04T12:39:47.322+0000][1897.151s][debug][safepoint     ] Safepoint synchronization initiated. (270 threads)
[2024-09-04T12:39:47.323+0000][1897.151s][info ][safepoint     ] Application time: 1.0003410 seconds
[2024-09-04T12:39:47.323+0000][1897.152s][info ][safepoint     ] Entering safepoint region: Cleanup
[2024-09-04T12:39:47.323+0000][1897.152s][info ][safepoint     ] Leaving safepoint region
[2024-09-04T12:39:47.324+0000][1897.152s][info ][safepoint     ] Total time for which application threads were stopped: 0.0008954 seconds, Stopping threads took: 0.0002382 seconds
[2024-09-04T12:39:47.649+0000][1897.478s][debug][safepoint     ] Safepoint synchronization initiated. (270 threads)
[2024-09-04T12:39:47.649+0000][1897.478s][info ][safepoint     ] Application time: 0.3256980 seconds
[2024-09-04T12:39:47.649+0000][1897.478s][info ][safepoint     ] Entering safepoint region: G1CollectForAllocation
[2024-09-04T12:39:47.650+0000][1897.479s][info ][gc,start      ] GC(137) Pause Young (Normal) (G1 Evacuation Pause)
[2024-09-04T12:39:47.650+0000][1897.479s][info ][gc,task       ] GC(137) Using 4 workers of 4 for evacuation
[2024-09-04T12:39:47.661+0000][1897.490s][info ][gc,phases     ] GC(137)   Pre Evacuate Collection Set: 0.1ms
[2024-09-04T12:39:47.661+0000][1897.490s][info ][gc,phases     ] GC(137)   Evacuate Collection Set: 5.2ms
[2024-09-04T12:39:47.661+0000][1897.490s][info ][gc,phases     ] GC(137)   Post Evacuate Collection Set: 5.2ms
[2024-09-04T12:39:47.661+0000][1897.490s][info ][gc,phases     ] GC(137)   Other: 0.5ms
[2024-09-04T12:39:47.661+0000][1897.490s][info ][gc,heap       ] GC(137) Eden regions: 183->0(183)
[2024-09-04T12:39:47.661+0000][1897.490s][info ][gc,heap       ] GC(137) Survivor regions: 4->4(24)
[2024-09-04T12:39:47.661+0000][1897.490s][info ][gc,heap       ] GC(137) Old regions: 179->179
[2024-09-04T12:39:47.661+0000][1897.490s][info ][gc,heap       ] GC(137) Humongous regions: 0->0
[2024-09-04T12:39:47.661+0000][1897.490s][info ][gc,metaspace  ] GC(137) Metaspace: 185616K(191984K)->185616K(191984K) NonClass: 164475K(168404K)->164475K(168404K) Class: 21140K(23580K)->21140K(23580K)
[2024-09-04T12:39:47.661+0000][1897.490s][info ][gc            ] GC(137) Pause Young (Normal) (G1 Evacuation Pause) 363M->180M(412M) 11.102ms
[2024-09-04T12:39:47.661+0000][1897.490s][info ][gc,cpu        ] GC(137) User=0.04s Sys=0.00s Real=0.00s
[2024-09-04T12:39:47.661+0000][1897.490s][info ][safepoint     ] Leaving safepoint region
[2024-09-04T12:39:47.661+0000][1897.490s][info ][safepoint     ] Total time for which application threads were stopped: 0.0119303 seconds, Stopping threads took: 0.0002269 seconds
[2024-09-04T12:39:47.661+0000][1897.490s][info ][gc,stringdedup] Concurrent String Deduplication (1897.490s)
[2024-09-04T12:39:47.662+0000][1897.491s][info ][gc,stringdedup] Concurrent String Deduplication 91056.0B->0.0B(91056.0B) avg 55.6% (1897.490s, 1897.491s) 0.922ms
[2024-09-04T12:39:48.661+0000][1898.490s][debug][safepoint     ] Safepoint synchronization initiated. (270 threads)
[2024-09-04T12:39:48.661+0000][1898.490s][info ][safepoint     ] Application time: 1.0002801 seconds
[2024-09-04T12:39:48.662+0000][1898.490s][info ][safepoint     ] Entering safepoint region: Cleanup
[2024-09-04T12:39:48.662+0000][1898.491s][info ][safepoint     ] Leaving safepoint region
[2024-09-04T12:39:48.662+0000][1898.491s][info ][safepoint     ] Total time for which application threads were stopped: 0.0007016 seconds, Stopping threads took: 0.0001783 seconds
[2024-09-04T12:39:49.662+0000][1899.491s][debug][safepoint     ] Safepoint synchronization initiated. (270 threads)
[2024-09-04T12:39:49.662+0000][1899.491s][info ][safepoint     ] Application time: 1.0002550 seconds
[2024-09-04T12:39:49.663+0000][1899.491s][info ][safepoint     ] Entering safepoint region: Cleanup
[2024-09-04T12:39:49.663+0000][1899.492s][info ][safepoint     ] Leaving safepoint region
[2024-09-04T12:39:49.664+0000][1899.492s][info ][safepoint     ] Total time for which application threads were stopped: 0.0009996 seconds, Stopping threads took: 0.0002271 seconds
[2024-09-04T12:39:50.664+0000][1900.493s][debug][safepoint     ] Safepoint synchronization initiated. (270 threads)
[2024-09-04T12:39:50.664+0000][1900.493s][info ][safepoint     ] Application time: 1.0004744 seconds
[2024-09-04T12:39:50.664+0000][1900.493s][debug][safepoint     ] ... found polling page return exception at pc = 0x00007ff4a094d288, stub =0x00007ff498824b00
[2024-09-04T12:39:50.664+0000][1900.493s][debug][safepoint     ] ... found polling page return exception at pc = 0x00007ff4a094d288, stub =0x00007ff498824b00
[2024-09-04T12:39:50.664+0000][1900.493s][debug][safepoint     ] Waiting for 2 thread(s) to block
[2024-09-04T12:39:50.664+0000][1900.493s][info ][safepoint     ] Entering safepoint region: Cleanup
[2024-09-04T12:39:50.665+0000][1900.494s][info ][safepoint     ] Leaving safepoint region
[2024-09-04T12:39:50.665+0000][1900.494s][info ][safepoint     ] Total time for which application threads were stopped: 0.0007906 seconds, Stopping threads took: 0.0003898 seconds
[2024-09-04T12:39:51.665+0000][1901.494s][debug][safepoint     ] Safepoint synchronization initiated. (270 threads)
[2024-09-04T12:39:51.665+0000][1901.494s][info ][safepoint     ] Application time: 1.0002561 seconds
[2024-09-04T12:39:51.665+0000][1901.494s][info ][safepoint     ] Entering safepoint region: Cleanup
[2024-09-04T12:39:51.666+0000][1901.495s][info ][safepoint     ] Leaving safepoint region
[2024-09-04T12:39:51.666+0000][1901.495s][info ][safepoint     ] Total time for which application threads were stopped: 0.0006499 seconds, Stopping threads took: 0.0001757 seconds
[2024-09-04T12:39:52.666+0000][1902.495s][debug][safepoint     ] Safepoint synchronization initiated. (270 threads)
[2024-09-04T12:39:52.666+0000][1902.495s][info ][safepoint     ] Application time: 1.0002206 seconds
[2024-09-04T12:39:52.666+0000][1902.495s][debug][safepoint     ] ... found polling page return exception at pc = 0x00007ff4a0a468c4, stub =0x00007ff498824b00
[2024-09-04T12:39:52.666+0000][1902.495s][debug][safepoint     ] ... found polling page return exception at pc = 0x00007ff4a0ee1b9f, stub =0x00007ff498824b00
[2024-09-04T12:39:52.666+0000][1902.495s][debug][safepoint     ] Waiting for 2 thread(s) to block
[2024-09-04T12:39:52.667+0000][1902.495s][info ][safepoint     ] Entering safepoint region: Cleanup
[2024-09-04T12:39:52.667+0000][1902.496s][info ][safepoint     ] Leaving safepoint region
[2024-09-04T12:39:52.667+0000][1902.496s][info ][safepoint     ] Total time for which application threads were stopped: 0.0010033 seconds, Stopping threads took: 0.0005223 seconds
[2024-09-04T12:39:53.667+0000][1903.496s][debug][safepoint     ] Safepoint synchronization initiated. (270 threads)
[2024-09-04T12:39:53.667+0000][1903.496s][info ][safepoint     ] Application time: 1.0002091 seconds
[2024-09-04T12:39:53.667+0000][1903.496s][info ][safepoint     ] Entering safepoint region: Cleanup
[2024-09-04T12:39:53.668+0000][1903.497s][info ][safepoint     ] Leaving safepoint region
[2024-09-04T12:39:53.668+0000][1903.497s][info ][safepoint     ] Total time for which application threads were stopped: 0.0006469 seconds, Stopping threads took: 0.0001782 seconds
[2024-09-04T12:39:54.668+0000][1904.497s][debug][safepoint     ] Safepoint synchronization initiated. (270 threads)
[2024-09-04T12:39:54.668+0000][1904.497s][info ][safepoint     ] Application time: 1.0002761 seconds
[2024-09-04T12:39:54.668+0000][1904.497s][info ][safepoint     ] Entering safepoint region: Cleanup
[2024-09-04T12:39:54.669+0000][1904.498s][info ][safepoint     ] Leaving safepoint region
[2024-09-04T12:39:54.669+0000][1904.498s][info ][safepoint     ] Total time for which application threads were stopped: 0.0007676 seconds, Stopping threads took: 0.0002154 seconds
[2024-09-04T12:39:55.669+0000][1905.498s][debug][safepoint     ] Safepoint synchronization initiated. (270 threads)
[2024-09-04T12:39:55.669+0000][1905.498s][info ][safepoint     ] Application time: 1.0003238 seconds
[2024-09-04T12:39:55.670+0000][1905.498s][info ][safepoint     ] Entering safepoint region: Cleanup
[2024-09-04T12:39:55.670+0000][1905.499s][info ][safepoint     ] Leaving safepoint region
[2024-09-04T12:39:55.670+0000][1905.499s][info ][safepoint     ] Total time for which application threads were stopped: 0.0009388 seconds, Stopping threads took: 0.0003498 seconds
[2024-09-04T12:39:56.671+0000][1906.499s][debug][safepoint     ] Safepoint synchronization initiated. (270 threads)
[2024-09-04T12:39:56.671+0000][1906.499s][info ][safepoint     ] Application time: 1.0002481 seconds
[2024-09-04T12:39:56.671+0000][1906.500s][info ][safepoint     ] Entering safepoint region: Cleanup
[2024-09-04T12:39:56.672+0000][1906.500s][info ][safepoint     ] Leaving safepoint region
[2024-09-04T12:39:56.672+0000][1906.500s][info ][safepoint     ] Total time for which application threads were stopped: 0.0009239 seconds, Stopping threads took: 0.0002737 seconds
[2024-09-04T12:39:56.672+0000][1906.500s][debug][safepoint     ] ... found polling page loop exception at pc = 0x00007ff49b70b7fe, stub =0x00007ff498826680
[2024-09-04T12:39:57.672+0000][1907.501s][debug][safepoint     ] Safepoint synchronization initiated. (270 threads)
[2024-09-04T12:39:57.672+0000][1907.501s][info ][safepoint     ] Application time: 1.0002922 seconds
[2024-09-04T12:39:57.672+0000][1907.501s][info ][safepoint     ] Entering safepoint region: Cleanup
[2024-09-04T12:39:57.673+0000][1907.502s][info ][safepoint     ] Leaving safepoint region
[2024-09-04T12:39:57.673+0000][1907.502s][info ][safepoint     ] Total time for which application threads were stopped: 0.0008569 seconds, Stopping threads took: 0.0001859 seconds
[2024-09-04T12:39:58.673+0000][1908.502s][debug][safepoint     ] Safepoint synchronization initiated. (270 threads)
[2024-09-04T12:39:58.673+0000][1908.502s][info ][safepoint     ] Application time: 1.0002159 seconds
[2024-09-04T12:39:58.673+0000][1908.502s][info ][safepoint     ] Entering safepoint region: Cleanup
[2024-09-04T12:39:58.674+0000][1908.503s][info ][safepoint     ] Leaving safepoint region
[2024-09-04T12:39:58.674+0000][1908.503s][info ][safepoint     ] Total time for which application threads were stopped: 0.0009754 seconds, Stopping threads took: 0.0002019 seconds
[2024-09-04T12:39:59.674+0000][1909.503s][debug][safepoint     ] Safepoint synchronization initiated. (270 threads)
[2024-09-04T12:39:59.674+0000][1909.503s][info ][safepoint     ] Application time: 1.0002382 seconds
[2024-09-04T12:39:59.674+0000][1909.503s][info ][safepoint     ] Entering safepoint region: Cleanup
[2024-09-04T12:39:59.675+0000][1909.504s][info ][safepoint     ] Leaving safepoint region
[2024-09-04T12:39:59.675+0000][1909.504s][info ][safepoint     ] Total time for which application threads were stopped: 0.0007773 seconds, Stopping threads took: 0.0001905 seconds
[2024-09-04T12:40:00.675+0000][1910.504s][debug][safepoint     ] Safepoint synchronization initiated. (270 threads)
[2024-09-04T12:40:00.675+0000][1910.504s][info ][safepoint     ] Application time: 1.0003261 seconds
[2024-09-04T12:40:00.676+0000][1910.505s][info ][safepoint     ] Entering safepoint region: Cleanup
[2024-09-04T12:40:00.677+0000][1910.505s][info ][safepoint     ] Leaving safepoint region
[2024-09-04T12:40:00.677+0000][1910.505s][info ][safepoint     ] Total time for which application threads were stopped: 0.0010598 seconds, Stopping threads took: 0.0002749 seconds
[2024-09-04T12:40:01.677+0000][1911.506s][debug][safepoint     ] Safepoint synchronization initiated. (270 threads)
[2024-09-04T12:40:01.677+0000][1911.506s][info ][safepoint     ] Application time: 1.0003114 seconds
[2024-09-04T12:40:01.677+0000][1911.506s][info ][safepoint     ] Entering safepoint region: Cleanup
[2024-09-04T12:40:01.678+0000][1911.506s][info ][safepoint     ] Leaving safepoint region
[2024-09-04T12:40:01.678+0000][1911.506s][info ][safepoint     ] Total time for which application threads were stopped: 0.0007804 seconds, Stopping threads took: 0.0002170 seconds
[2024-09-04T12:40:02.678+0000][1912.507s][debug][safepoint     ] Safepoint synchronization initiated. (270 threads)
[2024-09-04T12:40:02.678+0000][1912.507s][info ][safepoint     ] Application time: 1.0001889 seconds
[2024-09-04T12:40:02.678+0000][1912.507s][info ][safepoint     ] Entering safepoint region: Cleanup
[2024-09-04T12:40:02.679+0000][1912.507s][info ][safepoint     ] Leaving safepoint region
[2024-09-04T12:40:02.679+0000][1912.508s][info ][safepoint     ] Total time for which application threads were stopped: 0.0008299 seconds, Stopping threads took: 0.0001806 seconds
[2024-09-04T12:40:03.679+0000][1913.508s][debug][safepoint     ] Safepoint synchronization initiated. (270 threads)
[2024-09-04T12:40:03.679+0000][1913.508s][info ][safepoint     ] Application time: 1.0003071 seconds
[2024-09-04T12:40:03.679+0000][1913.508s][info ][safepoint     ] Entering safepoint region: Cleanup
[2024-09-04T12:40:03.680+0000][1913.509s][info ][safepoint     ] Leaving safepoint region
[2024-09-04T12:40:03.680+0000][1913.509s][info ][safepoint     ] Total time for which application threads were stopped: 0.0009402 seconds, Stopping threads took: 0.0003933 seconds
[2024-09-04T12:40:04.680+0000][1914.509s][debug][safepoint     ] Safepoint synchronization initiated. (270 threads)
[2024-09-04T12:40:04.680+0000][1914.509s][info ][safepoint     ] Application time: 1.0003181 seconds
[2024-09-04T12:40:04.681+0000][1914.509s][info ][safepoint     ] Entering safepoint region: Cleanup
[2024-09-04T12:40:04.681+0000][1914.510s][info ][safepoint     ] Leaving safepoint region
[2024-09-04T12:40:04.681+0000][1914.510s][info ][safepoint     ] Total time for which application threads were stopped: 0.0006534 seconds, Stopping threads took: 0.0002452 seconds
[2024-09-04T12:40:05.681+0000][1915.510s][debug][safepoint     ] Safepoint synchronization initiated. (270 threads)
[2024-09-04T12:40:05.681+0000][1915.510s][info ][safepoint     ] Application time: 1.0002274 seconds
[2024-09-04T12:40:05.682+0000][1915.510s][info ][safepoint     ] Entering safepoint region: Cleanup
[2024-09-04T12:40:05.682+0000][1915.511s][info ][safepoint     ] Leaving safepoint region
[2024-09-04T12:40:05.682+0000][1915.511s][info ][safepoint     ] Total time for which application threads were stopped: 0.0004887 seconds, Stopping threads took: 0.0002081 seconds
[2024-09-04T12:40:06.682+0000][1916.511s][debug][safepoint     ] Safepoint synchronization initiated. (270 threads)
[2024-09-04T12:40:06.682+0000][1916.511s][info ][safepoint     ] Application time: 1.0001755 seconds
[2024-09-04T12:40:06.682+0000][1916.511s][info ][safepoint     ] Entering safepoint region: Cleanup
[2024-09-04T12:40:06.683+0000][1916.511s][info ][safepoint     ] Leaving safepoint region
[2024-09-04T12:40:06.683+0000][1916.511s][info ][safepoint     ] Total time for which application threads were stopped: 0.0006167 seconds, Stopping threads took: 0.0001448 seconds
[2024-09-04T12:40:07.683+0000][1917.512s][debug][safepoint     ] Safepoint synchronization initiated. (270 threads)
[2024-09-04T12:40:07.683+0000][1917.512s][info ][safepoint     ] Application time: 1.0001901 seconds
[2024-09-04T12:40:07.683+0000][1917.512s][info ][safepoint     ] Entering safepoint region: Cleanup
[2024-09-04T12:40:07.684+0000][1917.512s][info ][safepoint     ] Leaving safepoint region
[2024-09-04T12:40:07.684+0000][1917.512s][info ][safepoint     ] Total time for which application threads were stopped: 0.0007966 seconds, Stopping threads took: 0.0001871 seconds
[2024-09-04T12:40:08.684+0000][1918.513s][debug][safepoint     ] Safepoint synchronization initiated. (270 threads)
[2024-09-04T12:40:08.684+0000][1918.513s][info ][safepoint     ] Application time: 1.0001914 seconds
[2024-09-04T12:40:08.684+0000][1918.513s][info ][safepoint     ] Entering safepoint region: Cleanup
[2024-09-04T12:40:08.685+0000][1918.513s][info ][safepoint     ] Leaving safepoint region
[2024-09-04T12:40:08.685+0000][1918.513s][info ][safepoint     ] Total time for which application threads were stopped: 0.0006976 seconds, Stopping threads took: 0.0001992 seconds
[2024-09-04T12:40:09.685+0000][1919.514s][debug][safepoint     ] Safepoint synchronization initiated. (270 threads)
[2024-09-04T12:40:09.685+0000][1919.514s][info ][safepoint     ] Application time: 1.0003384 seconds
[2024-09-04T12:40:09.685+0000][1919.514s][info ][safepoint     ] Entering safepoint region: Cleanup
[2024-09-04T12:40:09.686+0000][1919.514s][info ][safepoint     ] Leaving safepoint region
[2024-09-04T12:40:09.686+0000][1919.514s][info ][safepoint     ] Total time for which application threads were stopped: 0.0006664 seconds, Stopping threads took: 0.0002510 seconds
[2024-09-04T12:40:10.686+0000][1920.515s][debug][safepoint     ] Safepoint synchronization initiated. (270 threads)
[2024-09-04T12:40:10.686+0000][1920.515s][info ][safepoint     ] Application time: 1.0002124 seconds
[2024-09-04T12:40:10.686+0000][1920.515s][info ][safepoint     ] Entering safepoint region: Cleanup
[2024-09-04T12:40:10.687+0000][1920.516s][info ][safepoint     ] Leaving safepoint region
[2024-09-04T12:40:10.687+0000][1920.516s][info ][safepoint     ] Total time for which application threads were stopped: 0.0008603 seconds, Stopping threads took: 0.0001989 seconds
[2024-09-04T12:40:11.687+0000][1921.516s][debug][safepoint     ] Safepoint synchronization initiated. (270 threads)
[2024-09-04T12:40:11.687+0000][1921.516s][info ][safepoint     ] Application time: 1.0002733 seconds
[2024-09-04T12:40:11.687+0000][1921.516s][info ][safepoint     ] Entering safepoint region: Cleanup
[2024-09-04T12:40:11.688+0000][1921.517s][info ][safepoint     ] Leaving safepoint region
[2024-09-04T12:40:11.688+0000][1921.517s][info ][safepoint     ] Total time for which application threads were stopped: 0.0009603 seconds, Stopping threads took: 0.0002884 seconds
[2024-09-04T12:40:12.688+0000][1922.517s][debug][safepoint     ] Safepoint synchronization initiated. (270 threads)
[2024-09-04T12:40:12.688+0000][1922.517s][info ][safepoint     ] Application time: 1.0002230 seconds
[2024-09-04T12:40:12.688+0000][1922.517s][info ][safepoint     ] Entering safepoint region: Cleanup
[2024-09-04T12:40:12.689+0000][1922.518s][info ][safepoint     ] Leaving safepoint region
[2024-09-04T12:40:12.689+0000][1922.518s][info ][safepoint     ] Total time for which application threads were stopped: 0.0007695 seconds, Stopping threads took: 0.0001535 seconds
[2024-09-04T12:40:13.689+0000][1923.518s][debug][safepoint     ] Safepoint synchronization initiated. (270 threads)
[2024-09-04T12:40:13.689+0000][1923.518s][info ][safepoint     ] Application time: 1.0001799 seconds
[2024-09-04T12:40:13.690+0000][1923.518s][info ][safepoint     ] Entering safepoint region: Cleanup
[2024-09-04T12:40:13.690+0000][1923.519s][info ][safepoint     ] Leaving safepoint region
[2024-09-04T12:40:13.690+0000][1923.519s][info ][safepoint     ] Total time for which application threads were stopped: 0.0007802 seconds, Stopping threads took: 0.0002335 seconds
[2024-09-04T12:40:13.690+0000][1923.519s][debug][safepoint     ] ... found polling page loop exception at pc = 0x00007ff4a1317510, stub =0x00007ff498826680
[2024-09-04T12:40:14.690+0000][1924.519s][debug][safepoint     ] Safepoint synchronization initiated. (270 threads)
[2024-09-04T12:40:14.691+0000][1924.519s][info ][safepoint     ] Application time: 1.0003689 seconds
[2024-09-04T12:40:14.691+0000][1924.520s][info ][safepoint     ] Entering safepoint region: Cleanup
[2024-09-04T12:40:14.692+0000][1924.520s][info ][safepoint     ] Leaving safepoint region
[2024-09-04T12:40:14.692+0000][1924.520s][info ][safepoint     ] Total time for which application threads were stopped: 0.0010936 seconds, Stopping threads took: 0.0003043 seconds
[2024-09-04T12:40:15.692+0000][1925.521s][debug][safepoint     ] Safepoint synchronization initiated. (270 threads)
[2024-09-04T12:40:15.692+0000][1925.521s][info ][safepoint     ] Application time: 1.0003451 seconds
[2024-09-04T12:40:15.692+0000][1925.521s][info ][safepoint     ] Entering safepoint region: Cleanup
[2024-09-04T12:40:15.693+0000][1925.522s][info ][safepoint     ] Leaving safepoint region
[2024-09-04T12:40:15.693+0000][1925.522s][info ][safepoint     ] Total time for which application threads were stopped: 0.0007865 seconds, Stopping threads took: 0.0002193 seconds
[2024-09-04T12:40:16.289+0000][1926.118s][debug][safepoint     ] Safepoint synchronization initiated. (270 threads)
[2024-09-04T12:40:16.289+0000][1926.118s][info ][safepoint     ] Application time: 0.5964893 seconds
[2024-09-04T12:40:16.290+0000][1926.118s][debug][safepoint     ] ... found polling page return exception at pc = 0x00007ff4a0b9f79b, stub =0x00007ff498824b00
[2024-09-04T12:40:16.290+0000][1926.118s][debug][safepoint     ] ... found polling page return exception at pc = 0x00007ff4a02f651b, stub =0x00007ff498824b00
[2024-09-04T12:40:16.290+0000][1926.118s][debug][safepoint     ] ... found polling page return exception at pc = 0x00007ff4a0ad015b, stub =0x00007ff498824b00
[2024-09-04T12:40:16.290+0000][1926.118s][debug][safepoint     ] Waiting for 3 thread(s) to block
[2024-09-04T12:40:16.290+0000][1926.119s][info ][safepoint     ] Entering safepoint region: G1CollectForAllocation
[2024-09-04T12:40:16.290+0000][1926.119s][info ][gc,start      ] GC(138) Pause Young (Normal) (G1 Evacuation Pause)
[2024-09-04T12:40:16.290+0000][1926.119s][info ][gc,task       ] GC(138) Using 4 workers of 4 for evacuation
[2024-09-04T12:40:16.301+0000][1926.130s][info ][gc,phases     ] GC(138)   Pre Evacuate Collection Set: 0.0ms
[2024-09-04T12:40:16.301+0000][1926.130s][info ][gc,phases     ] GC(138)   Evacuate Collection Set: 4.8ms
[2024-09-04T12:40:16.301+0000][1926.130s][info ][gc,phases     ] GC(138)   Post Evacuate Collection Set: 5.5ms
[2024-09-04T12:40:16.301+0000][1926.130s][info ][gc,phases     ] GC(138)   Other: 0.5ms
[2024-09-04T12:40:16.301+0000][1926.130s][info ][gc,heap       ] GC(138) Eden regions: 183->0(183)
[2024-09-04T12:40:16.301+0000][1926.130s][info ][gc,heap       ] GC(138) Survivor regions: 4->4(24)
[2024-09-04T12:40:16.301+0000][1926.130s][info ][gc,heap       ] GC(138) Old regions: 179->179
[2024-09-04T12:40:16.301+0000][1926.130s][info ][gc,heap       ] GC(138) Humongous regions: 0->0
[2024-09-04T12:40:16.301+0000][1926.130s][info ][gc,metaspace  ] GC(138) Metaspace: 185617K(191984K)->185617K(191984K) NonClass: 164476K(168404K)->164476K(168404K) Class: 21140K(23580K)->21140K(23580K)
[2024-09-04T12:40:16.301+0000][1926.130s][info ][gc            ] GC(138) Pause Young (Normal) (G1 Evacuation Pause) 363M->180M(412M) 11.004ms
[2024-09-04T12:40:16.301+0000][1926.130s][info ][gc,cpu        ] GC(138) User=0.04s Sys=0.00s Real=0.00s
[2024-09-04T12:40:16.301+0000][1926.130s][info ][safepoint     ] Leaving safepoint region
[2024-09-04T12:40:16.302+0000][1926.130s][info ][safepoint     ] Total time for which application threads were stopped: 0.0120878 seconds, Stopping threads took: 0.0004363 seconds
[2024-09-04T12:40:16.302+0000][1926.130s][info ][gc,stringdedup] Concurrent String Deduplication (1926.130s)
[2024-09-04T12:40:16.302+0000][1926.130s][info ][gc,stringdedup] Concurrent String Deduplication 0.0B->0.0B(0.0B) avg 55.6% (1926.130s, 1926.130s) 0.045ms
[2024-09-04T12:40:17.302+0000][1927.130s][debug][safepoint     ] Safepoint synchronization initiated. (270 threads)
[2024-09-04T12:40:17.302+0000][1927.131s][info ][safepoint     ] Application time: 1.0002648 seconds
[2024-09-04T12:40:17.302+0000][1927.131s][info ][safepoint     ] Entering safepoint region: Cleanup
[2024-09-04T12:40:17.303+0000][1927.131s][info ][safepoint     ] Leaving safepoint region
[2024-09-04T12:40:17.303+0000][1927.131s][info ][safepoint     ] Total time for which application threads were stopped: 0.0008194 seconds, Stopping threads took: 0.0001782 seconds
[2024-09-04T12:40:18.303+0000][1928.132s][debug][safepoint     ] Safepoint synchronization initiated. (270 threads)
[2024-09-04T12:40:18.303+0000][1928.132s][info ][safepoint     ] Application time: 1.0002751 seconds
[2024-09-04T12:40:18.303+0000][1928.132s][info ][safepoint     ] Entering safepoint region: Cleanup
[2024-09-04T12:40:18.304+0000][1928.132s][info ][safepoint     ] Leaving safepoint region
[2024-09-04T12:40:18.304+0000][1928.132s][info ][safepoint     ] Total time for which application threads were stopped: 0.0006299 seconds, Stopping threads took: 0.0001885 seconds
[2024-09-04T12:40:19.304+0000][1929.133s][debug][safepoint     ] Safepoint synchronization initiated. (270 threads)
[2024-09-04T12:40:19.304+0000][1929.133s][info ][safepoint     ] Application time: 1.0002770 seconds
[2024-09-04T12:40:19.304+0000][1929.133s][info ][safepoint     ] Entering safepoint region: Cleanup
[2024-09-04T12:40:19.304+0000][1929.133s][info ][safepoint     ] Leaving safepoint region
[2024-09-04T12:40:19.304+0000][1929.133s][info ][safepoint     ] Total time for which application threads were stopped: 0.0004916 seconds, Stopping threads took: 0.0001652 seconds
[2024-09-04T12:40:19.304+0000][1929.133s][debug][safepoint     ] ... found polling page return exception at pc = 0x00007ff4a131ffd6, stub =0x00007ff498824b00
[2024-09-04T12:40:19.304+0000][1929.133s][debug][safepoint     ] ... found polling page return exception at pc = 0x00007ff4a131ffd6, stub =0x00007ff498824b00
[2024-09-04T12:40:20.305+0000][1930.133s][debug][safepoint     ] Safepoint synchronization initiated. (270 threads)
[2024-09-04T12:40:20.305+0000][1930.134s][info ][safepoint     ] Application time: 1.0004031 seconds
[2024-09-04T12:40:20.305+0000][1930.134s][info ][safepoint     ] Entering safepoint region: Cleanup
[2024-09-04T12:40:20.306+0000][1930.134s][info ][safepoint     ] Leaving safepoint region
[2024-09-04T12:40:20.306+0000][1930.135s][info ][safepoint     ] Total time for which application threads were stopped: 0.0009131 seconds, Stopping threads took: 0.0002194 seconds
[2024-09-04T12:40:21.306+0000][1931.135s][debug][safepoint     ] Safepoint synchronization initiated. (270 threads)
[2024-09-04T12:40:21.306+0000][1931.135s][info ][safepoint     ] Application time: 1.0002664 seconds
[2024-09-04T12:40:21.306+0000][1931.135s][info ][safepoint     ] Entering safepoint region: Cleanup
[2024-09-04T12:40:21.307+0000][1931.136s][info ][safepoint     ] Leaving safepoint region
[2024-09-04T12:40:21.307+0000][1931.136s][info ][safepoint     ] Total time for which application threads were stopped: 0.0007375 seconds, Stopping threads took: 0.0001720 seconds
[2024-09-04T12:40:22.307+0000][1932.136s][debug][safepoint     ] Safepoint synchronization initiated. (270 threads)
[2024-09-04T12:40:22.307+0000][1932.136s][info ][safepoint     ] Application time: 1.0002476 seconds
[2024-09-04T12:40:22.307+0000][1932.136s][info ][safepoint     ] Entering safepoint region: Cleanup
[2024-09-04T12:40:22.308+0000][1932.137s][info ][safepoint     ] Leaving safepoint region
[2024-09-04T12:40:22.308+0000][1932.137s][debug][safepoint     ] ... found polling page return exception at pc = 0x00007ff4a131ffd6, stub =0x00007ff498824b00
[2024-09-04T12:40:22.308+0000][1932.137s][info ][safepoint     ] Total time for which application threads were stopped: 0.0008473 seconds, Stopping threads took: 0.0002033 seconds
[2024-09-04T12:40:23.308+0000][1933.137s][debug][safepoint     ] Safepoint synchronization initiated. (270 threads)
[2024-09-04T12:40:23.308+0000][1933.137s][info ][safepoint     ] Application time: 1.0003692 seconds
[2024-09-04T12:40:23.309+0000][1933.137s][info ][safepoint     ] Entering safepoint region: Cleanup
[2024-09-04T12:40:23.309+0000][1933.138s][debug][safepoint     ] ... found polling page loop exception at pc = 0x00007ff4a1317510, stub =0x00007ff498826680
[2024-09-04T12:40:23.309+0000][1933.138s][info ][safepoint     ] Leaving safepoint region
[2024-09-04T12:40:23.309+0000][1933.138s][info ][safepoint     ] Total time for which application threads were stopped: 0.0008696 seconds, Stopping threads took: 0.0002702 seconds
[2024-09-04T12:40:24.310+0000][1934.138s][debug][safepoint     ] Safepoint synchronization initiated. (270 threads)
[2024-09-04T12:40:24.310+0000][1934.139s][info ][safepoint     ] Application time: 1.0003848 seconds
[2024-09-04T12:40:24.310+0000][1934.139s][info ][safepoint     ] Entering safepoint region: Cleanup
[2024-09-04T12:40:24.311+0000][1934.139s][info ][safepoint     ] Leaving safepoint region
[2024-09-04T12:40:24.311+0000][1934.139s][info ][safepoint     ] Total time for which application threads were stopped: 0.0007691 seconds, Stopping threads took: 0.0002249 seconds
[2024-09-04T12:40:25.311+0000][1935.140s][debug][safepoint     ] Safepoint synchronization initiated. (270 threads)
[2024-09-04T12:40:25.311+0000][1935.140s][info ][safepoint     ] Application time: 1.0002487 seconds
[2024-09-04T12:40:25.311+0000][1935.140s][info ][safepoint     ] Entering safepoint region: Cleanup
[2024-09-04T12:40:25.311+0000][1935.140s][info ][safepoint     ] Leaving safepoint region
[2024-09-04T12:40:25.312+0000][1935.140s][info ][safepoint     ] Total time for which application threads were stopped: 0.0006668 seconds, Stopping threads took: 0.0001806 seconds
[2024-09-04T12:40:26.312+0000][1936.141s][debug][safepoint     ] Safepoint synchronization initiated. (270 threads)
[2024-09-04T12:40:26.312+0000][1936.141s][info ][safepoint     ] Application time: 1.0002710 seconds
[2024-09-04T12:40:26.312+0000][1936.141s][info ][safepoint     ] Entering safepoint region: Cleanup
[2024-09-04T12:40:26.313+0000][1936.141s][info ][safepoint     ] Leaving safepoint region
[2024-09-04T12:40:26.313+0000][1936.141s][info ][safepoint     ] Total time for which application threads were stopped: 0.0007057 seconds, Stopping threads took: 0.0001545 seconds
[2024-09-04T12:40:27.313+0000][1937.142s][debug][safepoint     ] Safepoint synchronization initiated. (270 threads)
[2024-09-04T12:40:27.313+0000][1937.142s][info ][safepoint     ] Application time: 1.0002994 seconds
[2024-09-04T12:40:27.313+0000][1937.142s][info ][safepoint     ] Entering safepoint region: Cleanup
[2024-09-04T12:40:27.314+0000][1937.143s][info ][safepoint     ] Leaving safepoint region
[2024-09-04T12:40:27.314+0000][1937.143s][info ][safepoint     ] Total time for which application threads were stopped: 0.0009345 seconds, Stopping threads took: 0.0002240 seconds
[2024-09-04T12:40:28.314+0000][1938.143s][debug][safepoint     ] Safepoint synchronization initiated. (270 threads)
[2024-09-04T12:40:28.314+0000][1938.143s][info ][safepoint     ] Application time: 1.0003370 seconds
[2024-09-04T12:40:28.314+0000][1938.143s][info ][safepoint     ] Entering safepoint region: Cleanup
[2024-09-04T12:40:28.315+0000][1938.144s][info ][safepoint     ] Leaving safepoint region
[2024-09-04T12:40:28.315+0000][1938.144s][info ][safepoint     ] Total time for which application threads were stopped: 0.0009635 seconds, Stopping threads took: 0.0002198 seconds
[2024-09-04T12:40:29.315+0000][1939.144s][debug][safepoint     ] Safepoint synchronization initiated. (270 threads)
[2024-09-04T12:40:29.316+0000][1939.144s][info ][safepoint     ] Application time: 1.0003336 seconds
[2024-09-04T12:40:29.316+0000][1939.145s][info ][safepoint     ] Entering safepoint region: Cleanup
[2024-09-04T12:40:29.316+0000][1939.145s][info ][safepoint     ] Leaving safepoint region
[2024-09-04T12:40:29.317+0000][1939.145s][info ][safepoint     ] Total time for which application threads were stopped: 0.0010006 seconds, Stopping threads took: 0.0002736 seconds
[2024-09-04T12:40:30.317+0000][1940.146s][debug][safepoint     ] Safepoint synchronization initiated. (270 threads)
[2024-09-04T12:40:30.317+0000][1940.146s][info ][safepoint     ] Application time: 1.0003888 seconds
[2024-09-04T12:40:30.317+0000][1940.146s][info ][safepoint     ] Entering safepoint region: Cleanup
[2024-09-04T12:40:30.318+0000][1940.147s][info ][safepoint     ] Leaving safepoint region
[2024-09-04T12:40:30.318+0000][1940.147s][info ][safepoint     ] Total time for which application threads were stopped: 0.0010146 seconds, Stopping threads took: 0.0002463 seconds
[2024-09-04T12:40:30.318+0000][1940.147s][debug][safepoint     ] ... found polling page loop exception at pc = 0x00007ff4a1317510, stub =0x00007ff498826680
[2024-09-04T12:40:31.318+0000][1941.147s][debug][safepoint     ] Safepoint synchronization initiated. (270 threads)
[2024-09-04T12:40:31.318+0000][1941.147s][info ][safepoint     ] Application time: 1.0004016 seconds
[2024-09-04T12:40:31.319+0000][1941.147s][info ][safepoint     ] Entering safepoint region: Cleanup
[2024-09-04T12:40:31.320+0000][1941.148s][info ][safepoint     ] Leaving safepoint region
[2024-09-04T12:40:31.320+0000][1941.148s][info ][safepoint     ] Total time for which application threads were stopped: 0.0011780 seconds, Stopping threads took: 0.0002409 seconds
[2024-09-04T12:40:32.320+0000][1942.149s][debug][safepoint     ] Safepoint synchronization initiated. (270 threads)
[2024-09-04T12:40:32.320+0000][1942.149s][info ][safepoint     ] Application time: 1.0002837 seconds
[2024-09-04T12:40:32.320+0000][1942.149s][info ][safepoint     ] Entering safepoint region: Cleanup
[2024-09-04T12:40:32.321+0000][1942.150s][info ][safepoint     ] Leaving safepoint region
[2024-09-04T12:40:32.321+0000][1942.150s][info ][safepoint     ] Total time for which application threads were stopped: 0.0009734 seconds, Stopping threads took: 0.0002576 seconds
[2024-09-04T12:40:33.321+0000][1943.150s][debug][safepoint     ] Safepoint synchronization initiated. (270 threads)
[2024-09-04T12:40:33.321+0000][1943.150s][info ][safepoint     ] Application time: 1.0001820 seconds
[2024-09-04T12:40:33.321+0000][1943.150s][debug][safepoint     ] ... found polling page return exception at pc = 0x00007ff4a0c6df9d, stub =0x00007ff498824b00
[2024-09-04T12:40:33.321+0000][1943.150s][debug][safepoint     ] Waiting for 1 thread(s) to block
[2024-09-04T12:40:33.322+0000][1943.150s][info ][safepoint     ] Entering safepoint region: Cleanup
[2024-09-04T12:40:33.322+0000][1943.151s][info ][safepoint     ] Leaving safepoint region
[2024-09-04T12:40:33.322+0000][1943.151s][info ][safepoint     ] Total time for which application threads were stopped: 0.0008895 seconds, Stopping threads took: 0.0003268 seconds
[2024-09-04T12:40:34.322+0000][1944.151s][debug][safepoint     ] Safepoint synchronization initiated. (270 threads)
[2024-09-04T12:40:34.322+0000][1944.151s][info ][safepoint     ] Application time: 1.0001869 seconds
[2024-09-04T12:40:34.323+0000][1944.151s][info ][safepoint     ] Entering safepoint region: Cleanup
[2024-09-04T12:40:34.323+0000][1944.152s][info ][safepoint     ] Leaving safepoint region
[2024-09-04T12:40:34.323+0000][1944.152s][info ][safepoint     ] Total time for which application threads were stopped: 0.0007512 seconds, Stopping threads took: 0.0002204 seconds
[2024-09-04T12:40:35.323+0000][1945.152s][debug][safepoint     ] Safepoint synchronization initiated. (270 threads)
[2024-09-04T12:40:35.323+0000][1945.152s][info ][safepoint     ] Application time: 1.0002481 seconds
[2024-09-04T12:40:35.324+0000][1945.152s][info ][safepoint     ] Entering safepoint region: Cleanup
[2024-09-04T12:40:35.324+0000][1945.153s][info ][safepoint     ] Leaving safepoint region
[2024-09-04T12:40:35.324+0000][1945.153s][info ][safepoint     ] Total time for which application threads were stopped: 0.0006323 seconds, Stopping threads took: 0.0001727 seconds
[2024-09-04T12:40:36.324+0000][1946.153s][debug][safepoint     ] Safepoint synchronization initiated. (270 threads)
[2024-09-04T12:40:36.324+0000][1946.153s][info ][safepoint     ] Application time: 1.0002321 seconds
[2024-09-04T12:40:36.325+0000][1946.153s][info ][safepoint     ] Entering safepoint region: Cleanup
[2024-09-04T12:40:36.325+0000][1946.154s][info ][safepoint     ] Leaving safepoint region
[2024-09-04T12:40:36.325+0000][1946.154s][info ][safepoint     ] Total time for which application threads were stopped: 0.0007755 seconds, Stopping threads took: 0.0002216 seconds
[2024-09-04T12:40:37.325+0000][1947.154s][debug][safepoint     ] Safepoint synchronization initiated. (270 threads)
[2024-09-04T12:40:37.325+0000][1947.154s][info ][safepoint     ] Application time: 1.0003057 seconds
[2024-09-04T12:40:37.326+0000][1947.155s][info ][safepoint     ] Entering safepoint region: Cleanup
[2024-09-04T12:40:37.326+0000][1947.155s][info ][safepoint     ] Leaving safepoint region
[2024-09-04T12:40:37.326+0000][1947.155s][info ][safepoint     ] Total time for which application threads were stopped: 0.0008410 seconds, Stopping threads took: 0.0003330 seconds
[2024-09-04T12:40:38.327+0000][1948.155s][debug][safepoint     ] Safepoint synchronization initiated. (270 threads)
[2024-09-04T12:40:38.327+0000][1948.155s][info ][safepoint     ] Application time: 1.0002984 seconds
[2024-09-04T12:40:38.327+0000][1948.156s][info ][safepoint     ] Entering safepoint region: Cleanup
[2024-09-04T12:40:38.327+0000][1948.156s][info ][safepoint     ] Leaving safepoint region
[2024-09-04T12:40:38.327+0000][1948.156s][info ][safepoint     ] Total time for which application threads were stopped: 0.0007157 seconds, Stopping threads took: 0.0002058 seconds
[2024-09-04T12:40:39.328+0000][1949.156s][debug][safepoint     ] Safepoint synchronization initiated. (270 threads)
[2024-09-04T12:40:39.328+0000][1949.157s][info ][safepoint     ] Application time: 1.0002936 seconds
[2024-09-04T12:40:39.328+0000][1949.157s][info ][safepoint     ] Entering safepoint region: Cleanup
[2024-09-04T12:40:39.328+0000][1949.157s][info ][safepoint     ] Leaving safepoint region
[2024-09-04T12:40:39.328+0000][1949.157s][info ][safepoint     ] Total time for which application threads were stopped: 0.0006250 seconds, Stopping threads took: 0.0001655 seconds
[2024-09-04T12:40:40.329+0000][1950.157s][debug][safepoint     ] Safepoint synchronization initiated. (270 threads)
[2024-09-04T12:40:40.329+0000][1950.158s][info ][safepoint     ] Application time: 1.0003417 seconds
[2024-09-04T12:40:40.329+0000][1950.158s][info ][safepoint     ] Entering safepoint region: Cleanup
[2024-09-04T12:40:40.330+0000][1950.159s][info ][safepoint     ] Leaving safepoint region
[2024-09-04T12:40:40.330+0000][1950.159s][info ][safepoint     ] Total time for which application threads were stopped: 0.0011449 seconds, Stopping threads took: 0.0002355 seconds
[2024-09-04T12:40:41.330+0000][1951.159s][debug][safepoint     ] Safepoint synchronization initiated. (270 threads)
[2024-09-04T12:40:41.330+0000][1951.159s][info ][safepoint     ] Application time: 1.0003238 seconds
[2024-09-04T12:40:41.330+0000][1951.159s][info ][safepoint     ] Entering safepoint region: Cleanup
[2024-09-04T12:40:41.331+0000][1951.160s][info ][safepoint     ] Leaving safepoint region
[2024-09-04T12:40:41.331+0000][1951.160s][info ][safepoint     ] Total time for which application threads were stopped: 0.0009581 seconds, Stopping threads took: 0.0002096 seconds
[2024-09-04T12:40:41.331+0000][1951.160s][debug][safepoint     ] ... found polling page return exception at pc = 0x00007ff4a131ffd6, stub =0x00007ff498824b00
[2024-09-04T12:40:42.332+0000][1952.160s][debug][safepoint     ] Safepoint synchronization initiated. (270 threads)
[2024-09-04T12:40:42.332+0000][1952.160s][info ][safepoint     ] Application time: 1.0003451 seconds
[2024-09-04T12:40:42.332+0000][1952.161s][info ][safepoint     ] Entering safepoint region: Cleanup
[2024-09-04T12:40:42.332+0000][1952.161s][info ][safepoint     ] Leaving safepoint region
[2024-09-04T12:40:42.332+0000][1952.161s][info ][safepoint     ] Total time for which application threads were stopped: 0.0005798 seconds, Stopping threads took: 0.0001692 seconds
[2024-09-04T12:40:43.332+0000][1953.161s][debug][safepoint     ] Safepoint synchronization initiated. (270 threads)
[2024-09-04T12:40:43.333+0000][1953.161s][info ][safepoint     ] Application time: 1.0002747 seconds
[2024-09-04T12:40:43.333+0000][1953.162s][info ][safepoint     ] Entering safepoint region: Cleanup
[2024-09-04T12:40:43.334+0000][1953.162s][debug][safepoint     ] ... found polling page return exception at pc = 0x00007ff4a131ffd6, stub =0x00007ff498824b00
[2024-09-04T12:40:43.334+0000][1953.162s][info ][safepoint     ] Leaving safepoint region
[2024-09-04T12:40:43.334+0000][1953.163s][info ][safepoint     ] Total time for which application threads were stopped: 0.0013462 seconds, Stopping threads took: 0.0002808 seconds
[2024-09-04T12:40:44.334+0000][1954.163s][debug][safepoint     ] Safepoint synchronization initiated. (270 threads)
[2024-09-04T12:40:44.334+0000][1954.163s][info ][safepoint     ] Application time: 1.0002544 seconds
[2024-09-04T12:40:44.334+0000][1954.163s][info ][safepoint     ] Entering safepoint region: Cleanup
[2024-09-04T12:40:44.335+0000][1954.164s][info ][safepoint     ] Leaving safepoint region
[2024-09-04T12:40:44.335+0000][1954.164s][info ][safepoint     ] Total time for which application threads were stopped: 0.0007486 seconds, Stopping threads took: 0.0002035 seconds
[2024-09-04T12:40:44.722+0000][1954.551s][debug][safepoint     ] Safepoint synchronization initiated. (270 threads)
[2024-09-04T12:40:44.722+0000][1954.551s][info ][safepoint     ] Application time: 0.3870346 seconds
[2024-09-04T12:40:44.723+0000][1954.552s][debug][safepoint     ] ... found polling page loop exception at pc = 0x00007ff4a140776a, stub =0x00007ff498826680
[2024-09-04T12:40:44.723+0000][1954.552s][debug][safepoint     ] Waiting for 1 thread(s) to block
[2024-09-04T12:40:44.723+0000][1954.552s][info ][safepoint     ] Entering safepoint region: G1CollectForAllocation
[2024-09-04T12:40:44.723+0000][1954.552s][info ][gc,start      ] GC(139) Pause Young (Normal) (G1 Evacuation Pause)
[2024-09-04T12:40:44.723+0000][1954.552s][info ][gc,task       ] GC(139) Using 4 workers of 4 for evacuation
[2024-09-04T12:40:44.734+0000][1954.563s][info ][gc,phases     ] GC(139)   Pre Evacuate Collection Set: 0.0ms
[2024-09-04T12:40:44.734+0000][1954.563s][info ][gc,phases     ] GC(139)   Evacuate Collection Set: 5.2ms
[2024-09-04T12:40:44.734+0000][1954.563s][info ][gc,phases     ] GC(139)   Post Evacuate Collection Set: 4.9ms
[2024-09-04T12:40:44.734+0000][1954.563s][info ][gc,phases     ] GC(139)   Other: 0.6ms
[2024-09-04T12:40:44.734+0000][1954.563s][info ][gc,heap       ] GC(139) Eden regions: 183->0(183)
[2024-09-04T12:40:44.734+0000][1954.563s][info ][gc,heap       ] GC(139) Survivor regions: 4->4(24)
[2024-09-04T12:40:44.734+0000][1954.563s][info ][gc,heap       ] GC(139) Old regions: 179->179
[2024-09-04T12:40:44.734+0000][1954.563s][info ][gc,heap       ] GC(139) Humongous regions: 0->0
[2024-09-04T12:40:44.734+0000][1954.563s][info ][gc,metaspace  ] GC(139) Metaspace: 185632K(191984K)->185632K(191984K) NonClass: 164492K(168404K)->164492K(168404K) Class: 21140K(23580K)->21140K(23580K)
[2024-09-04T12:40:44.734+0000][1954.563s][info ][gc            ] GC(139) Pause Young (Normal) (G1 Evacuation Pause) 363M->180M(412M) 10.833ms
[2024-09-04T12:40:44.734+0000][1954.563s][info ][gc,cpu        ] GC(139) User=0.03s Sys=0.00s Real=0.01s
[2024-09-04T12:40:44.734+0000][1954.563s][info ][safepoint     ] Leaving safepoint region
[2024-09-04T12:40:44.734+0000][1954.563s][info ][safepoint     ] Total time for which application threads were stopped: 0.0122239 seconds, Stopping threads took: 0.0007949 seconds
[2024-09-04T12:40:44.734+0000][1954.563s][info ][gc,stringdedup] Concurrent String Deduplication (1954.563s)
[2024-09-04T12:40:44.734+0000][1954.563s][info ][gc,stringdedup] Concurrent String Deduplication 0.0B->0.0B(0.0B) avg 55.6% (1954.563s, 1954.563s) 0.036ms
[2024-09-04T12:40:45.735+0000][1955.563s][debug][safepoint     ] Safepoint synchronization initiated. (270 threads)
[2024-09-04T12:40:45.735+0000][1955.563s][info ][safepoint     ] Application time: 1.0002692 seconds
[2024-09-04T12:40:45.735+0000][1955.564s][info ][safepoint     ] Entering safepoint region: Cleanup
[2024-09-04T12:40:45.736+0000][1955.564s][info ][safepoint     ] Leaving safepoint region
[2024-09-04T12:40:45.736+0000][1955.564s][info ][safepoint     ] Total time for which application threads were stopped: 0.0009718 seconds, Stopping threads took: 0.0002605 seconds
[2024-09-04T12:40:46.736+0000][1956.565s][debug][safepoint     ] Safepoint synchronization initiated. (270 threads)
[2024-09-04T12:40:46.736+0000][1956.565s][info ][safepoint     ] Application time: 1.0001814 seconds
[2024-09-04T12:40:46.736+0000][1956.565s][info ][safepoint     ] Entering safepoint region: Cleanup
[2024-09-04T12:40:46.737+0000][1956.565s][info ][safepoint     ] Leaving safepoint region
[2024-09-04T12:40:46.737+0000][1956.565s][info ][safepoint     ] Total time for which application threads were stopped: 0.0007188 seconds, Stopping threads took: 0.0001447 seconds
[2024-09-04T12:40:47.737+0000][1957.566s][debug][safepoint     ] Safepoint synchronization initiated. (270 threads)
[2024-09-04T12:40:47.737+0000][1957.566s][info ][safepoint     ] Application time: 1.0003884 seconds
[2024-09-04T12:40:47.738+0000][1957.566s][info ][safepoint     ] Entering safepoint region: Cleanup
[2024-09-04T12:40:47.738+0000][1957.567s][info ][safepoint     ] Leaving safepoint region
[2024-09-04T12:40:47.738+0000][1957.567s][info ][safepoint     ] Total time for which application threads were stopped: 0.0007719 seconds, Stopping threads took: 0.0002951 seconds
[2024-09-04T12:40:48.738+0000][1958.567s][debug][safepoint     ] Safepoint synchronization initiated. (270 threads)
[2024-09-04T12:40:48.738+0000][1958.567s][info ][safepoint     ] Application time: 1.0002900 seconds
[2024-09-04T12:40:48.739+0000][1958.567s][info ][safepoint     ] Entering safepoint region: Cleanup
[2024-09-04T12:40:48.739+0000][1958.568s][info ][safepoint     ] Leaving safepoint region
[2024-09-04T12:40:48.740+0000][1958.568s][info ][safepoint     ] Total time for which application threads were stopped: 0.0010225 seconds, Stopping threads took: 0.0001734 seconds
[2024-09-04T12:40:49.740+0000][1959.568s][debug][safepoint     ] Safepoint synchronization initiated. (270 threads)
[2024-09-04T12:40:49.740+0000][1959.569s][info ][safepoint     ] Application time: 1.0002864 seconds
[2024-09-04T12:40:49.740+0000][1959.569s][debug][safepoint     ] ... found polling page return exception at pc = 0x00007ff4a094d288, stub =0x00007ff498824b00
[2024-09-04T12:40:49.740+0000][1959.569s][debug][safepoint     ] Waiting for 1 thread(s) to block
[2024-09-04T12:40:49.740+0000][1959.569s][info ][safepoint     ] Entering safepoint region: Cleanup
[2024-09-04T12:40:49.741+0000][1959.570s][info ][safepoint     ] Leaving safepoint region
[2024-09-04T12:40:49.741+0000][1959.570s][info ][safepoint     ] Total time for which application threads were stopped: 0.0012309 seconds, Stopping threads took: 0.0005365 seconds
[2024-09-04T12:40:50.741+0000][1960.570s][debug][safepoint     ] Safepoint synchronization initiated. (270 threads)
[2024-09-04T12:40:50.741+0000][1960.570s][info ][safepoint     ] Application time: 1.0002751 seconds
[2024-09-04T12:40:50.742+0000][1960.570s][info ][safepoint     ] Entering safepoint region: Cleanup
[2024-09-04T12:40:50.742+0000][1960.571s][info ][safepoint     ] Leaving safepoint region
[2024-09-04T12:40:50.742+0000][1960.571s][info ][safepoint     ] Total time for which application threads were stopped: 0.0007986 seconds, Stopping threads took: 0.0002823 seconds
[2024-09-04T12:40:51.742+0000][1961.571s][debug][safepoint     ] Safepoint synchronization initiated. (270 threads)
[2024-09-04T12:40:51.743+0000][1961.571s][info ][safepoint     ] Application time: 1.0002983 seconds
[2024-09-04T12:40:51.743+0000][1961.572s][info ][safepoint     ] Entering safepoint region: Cleanup
[2024-09-04T12:40:51.744+0000][1961.572s][info ][safepoint     ] Leaving safepoint region
[2024-09-04T12:40:51.744+0000][1961.572s][info ][safepoint     ] Total time for which application threads were stopped: 0.0010172 seconds, Stopping threads took: 0.0002505 seconds
[2024-09-04T12:40:52.744+0000][1962.573s][debug][safepoint     ] Safepoint synchronization initiated. (270 threads)
[2024-09-04T12:40:52.744+0000][1962.573s][info ][safepoint     ] Application time: 1.0002206 seconds
[2024-09-04T12:40:52.744+0000][1962.573s][info ][safepoint     ] Entering safepoint region: Cleanup
[2024-09-04T12:40:52.744+0000][1962.573s][info ][safepoint     ] Leaving safepoint region
[2024-09-04T12:40:52.744+0000][1962.573s][info ][safepoint     ] Total time for which application threads were stopped: 0.0006270 seconds, Stopping threads took: 0.0001497 seconds
[2024-09-04T12:40:53.745+0000][1963.574s][debug][safepoint     ] Safepoint synchronization initiated. (270 threads)
[2024-09-04T12:40:53.745+0000][1963.574s][info ][safepoint     ] Application time: 1.0003791 seconds
[2024-09-04T12:40:53.745+0000][1963.574s][info ][safepoint     ] Entering safepoint region: Cleanup
[2024-09-04T12:40:53.746+0000][1963.574s][info ][safepoint     ] Leaving safepoint region
[2024-09-04T12:40:53.746+0000][1963.574s][info ][safepoint     ] Total time for which application threads were stopped: 0.0008818 seconds, Stopping threads took: 0.0002410 seconds
[2024-09-04T12:40:54.746+0000][1964.575s][debug][safepoint     ] Safepoint synchronization initiated. (270 threads)
[2024-09-04T12:40:54.746+0000][1964.575s][info ][safepoint     ] Application time: 1.0003471 seconds
[2024-09-04T12:40:54.746+0000][1964.575s][info ][safepoint     ] Entering safepoint region: Cleanup
[2024-09-04T12:40:54.747+0000][1964.576s][info ][safepoint     ] Leaving safepoint region
[2024-09-04T12:40:54.747+0000][1964.576s][info ][safepoint     ] Total time for which application threads were stopped: 0.0010572 seconds, Stopping threads took: 0.0002602 seconds
[2024-09-04T12:40:55.747+0000][1965.576s][debug][safepoint     ] Safepoint synchronization initiated. (270 threads)
[2024-09-04T12:40:55.748+0000][1965.576s][info ][safepoint     ] Application time: 1.0002554 seconds
[2024-09-04T12:40:55.748+0000][1965.576s][info ][safepoint     ] Entering safepoint region: Cleanup
[2024-09-04T12:40:55.748+0000][1965.577s][info ][safepoint     ] Leaving safepoint region
[2024-09-04T12:40:55.748+0000][1965.577s][info ][safepoint     ] Total time for which application threads were stopped: 0.0006864 seconds, Stopping threads took: 0.0001637 seconds
[2024-09-04T12:40:56.748+0000][1966.577s][debug][safepoint     ] Safepoint synchronization initiated. (270 threads)
[2024-09-04T12:40:56.748+0000][1966.577s][info ][safepoint     ] Application time: 1.0002208 seconds
[2024-09-04T12:40:56.749+0000][1966.577s][info ][safepoint     ] Entering safepoint region: Cleanup
[2024-09-04T12:40:56.749+0000][1966.578s][info ][safepoint     ] Leaving safepoint region
[2024-09-04T12:40:56.749+0000][1966.578s][info ][safepoint     ] Total time for which application threads were stopped: 0.0009951 seconds, Stopping threads took: 0.0002200 seconds
[2024-09-04T12:40:57.750+0000][1967.578s][debug][safepoint     ] Safepoint synchronization initiated. (270 threads)
[2024-09-04T12:40:57.750+0000][1967.579s][info ][safepoint     ] Application time: 1.0003313 seconds
[2024-09-04T12:40:57.750+0000][1967.579s][info ][safepoint     ] Entering safepoint region: Cleanup
[2024-09-04T12:40:57.751+0000][1967.579s][info ][safepoint     ] Leaving safepoint region
[2024-09-04T12:40:57.751+0000][1967.580s][info ][safepoint     ] Total time for which application threads were stopped: 0.0008949 seconds, Stopping threads took: 0.0002365 seconds
[2024-09-04T12:40:58.751+0000][1968.580s][debug][safepoint     ] Safepoint synchronization initiated. (270 threads)
[2024-09-04T12:40:58.751+0000][1968.580s][info ][safepoint     ] Application time: 1.0003522 seconds
[2024-09-04T12:40:58.751+0000][1968.580s][info ][safepoint     ] Entering safepoint region: Cleanup
[2024-09-04T12:40:58.752+0000][1968.581s][info ][safepoint     ] Leaving safepoint region
[2024-09-04T12:40:58.752+0000][1968.581s][info ][safepoint     ] Total time for which application threads were stopped: 0.0007638 seconds, Stopping threads took: 0.0002198 seconds
[2024-09-04T12:40:59.752+0000][1969.581s][debug][safepoint     ] Safepoint synchronization initiated. (270 threads)
[2024-09-04T12:40:59.752+0000][1969.581s][info ][safepoint     ] Application time: 1.0002706 seconds
[2024-09-04T12:40:59.752+0000][1969.581s][debug][safepoint     ] ... found polling page return exception at pc = 0x00007ff4a0d4b18c, stub =0x00007ff498824b00
[2024-09-04T12:40:59.752+0000][1969.581s][debug][safepoint     ] Waiting for 1 thread(s) to block
[2024-09-04T12:40:59.753+0000][1969.581s][info ][safepoint     ] Entering safepoint region: Cleanup
[2024-09-04T12:40:59.753+0000][1969.582s][info ][safepoint     ] Leaving safepoint region
[2024-09-04T12:40:59.753+0000][1969.582s][info ][safepoint     ] Total time for which application threads were stopped: 0.0010161 seconds, Stopping threads took: 0.0003517 seconds
[2024-09-04T12:41:00.753+0000][1970.582s][debug][safepoint     ] Safepoint synchronization initiated. (270 threads)
[2024-09-04T12:41:00.754+0000][1970.582s][info ][safepoint     ] Application time: 1.0003170 seconds
[2024-09-04T12:41:00.754+0000][1970.583s][info ][safepoint     ] Entering safepoint region: Cleanup
[2024-09-04T12:41:00.755+0000][1970.583s][info ][safepoint     ] Leaving safepoint region
[2024-09-04T12:41:00.755+0000][1970.583s][info ][safepoint     ] Total time for which application threads were stopped: 0.0009645 seconds, Stopping threads took: 0.0002660 seconds
[2024-09-04T12:41:01.755+0000][1971.584s][debug][safepoint     ] Safepoint synchronization initiated. (270 threads)
[2024-09-04T12:41:01.755+0000][1971.584s][info ][safepoint     ] Application time: 1.0003680 seconds
[2024-09-04T12:41:01.755+0000][1971.584s][info ][safepoint     ] Entering safepoint region: Cleanup
[2024-09-04T12:41:01.756+0000][1971.585s][info ][safepoint     ] Leaving safepoint region
[2024-09-04T12:41:01.756+0000][1971.585s][info ][safepoint     ] Total time for which application threads were stopped: 0.0008432 seconds, Stopping threads took: 0.0002671 seconds
[2024-09-04T12:41:02.756+0000][1972.585s][debug][safepoint     ] Safepoint synchronization initiated. (270 threads)
[2024-09-04T12:41:02.756+0000][1972.585s][info ][safepoint     ] Application time: 1.0001876 seconds
[2024-09-04T12:41:02.756+0000][1972.585s][info ][safepoint     ] Entering safepoint region: Cleanup
[2024-09-04T12:41:02.757+0000][1972.585s][info ][safepoint     ] Leaving safepoint region
[2024-09-04T12:41:02.757+0000][1972.586s][info ][safepoint     ] Total time for which application threads were stopped: 0.0006922 seconds, Stopping threads took: 0.0001553 seconds
[2024-09-04T12:41:03.757+0000][1973.586s][debug][safepoint     ] Safepoint synchronization initiated. (270 threads)
[2024-09-04T12:41:03.757+0000][1973.586s][info ][safepoint     ] Application time: 1.0003194 seconds
[2024-09-04T12:41:03.757+0000][1973.586s][info ][safepoint     ] Entering safepoint region: Cleanup
[2024-09-04T12:41:03.758+0000][1973.587s][info ][safepoint     ] Leaving safepoint region
[2024-09-04T12:41:03.758+0000][1973.587s][info ][safepoint     ] Total time for which application threads were stopped: 0.0009483 seconds, Stopping threads took: 0.0002500 seconds
[2024-09-04T12:41:04.758+0000][1974.587s][debug][safepoint     ] Safepoint synchronization initiated. (270 threads)
[2024-09-04T12:41:04.758+0000][1974.587s][info ][safepoint     ] Application time: 1.0001906 seconds
[2024-09-04T12:41:04.758+0000][1974.587s][info ][safepoint     ] Entering safepoint region: Cleanup
[2024-09-04T12:41:04.759+0000][1974.588s][info ][safepoint     ] Leaving safepoint region
[2024-09-04T12:41:04.759+0000][1974.588s][info ][safepoint     ] Total time for which application threads were stopped: 0.0005239 seconds, Stopping threads took: 0.0001509 seconds
[2024-09-04T12:41:05.759+0000][1975.588s][debug][safepoint     ] Safepoint synchronization initiated. (270 threads)
[2024-09-04T12:41:05.759+0000][1975.588s][info ][safepoint     ] Application time: 1.0002489 seconds
[2024-09-04T12:41:05.759+0000][1975.588s][info ][safepoint     ] Entering safepoint region: Cleanup
[2024-09-04T12:41:05.760+0000][1975.589s][info ][safepoint     ] Leaving safepoint region
[2024-09-04T12:41:05.760+0000][1975.589s][info ][safepoint     ] Total time for which application threads were stopped: 0.0009495 seconds, Stopping threads took: 0.0002090 seconds
[2024-09-04T12:41:06.760+0000][1976.589s][debug][safepoint     ] Safepoint synchronization initiated. (270 threads)
[2024-09-04T12:41:06.760+0000][1976.589s][info ][safepoint     ] Application time: 1.0002936 seconds
[2024-09-04T12:41:06.760+0000][1976.589s][debug][safepoint     ] ... found polling page return exception at pc = 0x00007ff4a12f256e, stub =0x00007ff498824b00
[2024-09-04T12:41:06.761+0000][1976.589s][debug][safepoint     ] Waiting for 1 thread(s) to block
[2024-09-04T12:41:06.761+0000][1976.590s][info ][safepoint     ] Entering safepoint region: Cleanup
[2024-09-04T12:41:06.762+0000][1976.590s][info ][safepoint     ] Leaving safepoint region
[2024-09-04T12:41:06.762+0000][1976.591s][info ][safepoint     ] Total time for which application threads were stopped: 0.0013239 seconds, Stopping threads took: 0.0004861 seconds
[2024-09-04T12:41:07.762+0000][1977.591s][debug][safepoint     ] Safepoint synchronization initiated. (270 threads)
[2024-09-04T12:41:07.762+0000][1977.591s][info ][safepoint     ] Application time: 1.0002261 seconds
[2024-09-04T12:41:07.762+0000][1977.591s][info ][safepoint     ] Entering safepoint region: Cleanup
[2024-09-04T12:41:07.763+0000][1977.592s][info ][safepoint     ] Leaving safepoint region
[2024-09-04T12:41:07.763+0000][1977.592s][info ][safepoint     ] Total time for which application threads were stopped: 0.0007333 seconds, Stopping threads took: 0.0001854 seconds
[2024-09-04T12:41:08.763+0000][1978.592s][debug][safepoint     ] Safepoint synchronization initiated. (270 threads)
[2024-09-04T12:41:08.763+0000][1978.592s][info ][safepoint     ] Application time: 1.0002705 seconds
[2024-09-04T12:41:08.763+0000][1978.592s][info ][safepoint     ] Entering safepoint region: Cleanup
[2024-09-04T12:41:08.764+0000][1978.593s][info ][safepoint     ] Leaving safepoint region
[2024-09-04T12:41:08.764+0000][1978.593s][info ][safepoint     ] Total time for which application threads were stopped: 0.0008941 seconds, Stopping threads took: 0.0002056 seconds
[2024-09-04T12:41:09.764+0000][1979.593s][debug][safepoint     ] Safepoint synchronization initiated. (270 threads)
[2024-09-04T12:41:09.764+0000][1979.593s][info ][safepoint     ] Application time: 1.0003028 seconds
[2024-09-04T12:41:09.764+0000][1979.593s][info ][safepoint     ] Entering safepoint region: Cleanup
[2024-09-04T12:41:09.765+0000][1979.594s][info ][safepoint     ] Leaving safepoint region
[2024-09-04T12:41:09.765+0000][1979.594s][info ][safepoint     ] Total time for which application threads were stopped: 0.0011311 seconds, Stopping threads took: 0.0001768 seconds
[2024-09-04T12:41:10.766+0000][1980.594s][debug][safepoint     ] Safepoint synchronization initiated. (270 threads)
[2024-09-04T12:41:10.766+0000][1980.595s][info ][safepoint     ] Application time: 1.0003129 seconds
[2024-09-04T12:41:10.766+0000][1980.595s][info ][safepoint     ] Entering safepoint region: Cleanup
[2024-09-04T12:41:10.767+0000][1980.596s][info ][safepoint     ] Leaving safepoint region
[2024-09-04T12:41:10.767+0000][1980.596s][info ][safepoint     ] Total time for which application threads were stopped: 0.0009769 seconds, Stopping threads took: 0.0002154 seconds
[2024-09-04T12:41:11.767+0000][1981.596s][debug][safepoint     ] Safepoint synchronization initiated. (270 threads)
[2024-09-04T12:41:11.767+0000][1981.596s][info ][safepoint     ] Application time: 1.0002337 seconds
[2024-09-04T12:41:11.767+0000][1981.596s][info ][safepoint     ] Entering safepoint region: Cleanup
[2024-09-04T12:41:11.768+0000][1981.597s][info ][safepoint     ] Leaving safepoint region
[2024-09-04T12:41:11.768+0000][1981.597s][info ][safepoint     ] Total time for which application threads were stopped: 0.0007911 seconds, Stopping threads took: 0.0002182 seconds
[2024-09-04T12:41:12.768+0000][1982.597s][debug][safepoint     ] Safepoint synchronization initiated. (270 threads)
[2024-09-04T12:41:12.768+0000][1982.597s][info ][safepoint     ] Application time: 1.0002998 seconds
[2024-09-04T12:41:12.769+0000][1982.597s][info ][safepoint     ] Entering safepoint region: Cleanup
[2024-09-04T12:41:12.769+0000][1982.598s][info ][safepoint     ] Leaving safepoint region
[2024-09-04T12:41:12.769+0000][1982.598s][info ][safepoint     ] Total time for which application threads were stopped: 0.0010071 seconds, Stopping threads took: 0.0003718 seconds
[2024-09-04T12:41:13.275+0000][1983.104s][debug][safepoint     ] Safepoint synchronization initiated. (270 threads)
[2024-09-04T12:41:13.275+0000][1983.104s][info ][safepoint     ] Application time: 0.5058416 seconds
[2024-09-04T12:41:13.275+0000][1983.104s][info ][safepoint     ] Entering safepoint region: G1CollectForAllocation
[2024-09-04T12:41:13.276+0000][1983.105s][info ][gc,start      ] GC(140) Pause Young (Normal) (G1 Evacuation Pause)
[2024-09-04T12:41:13.276+0000][1983.105s][info ][gc,task       ] GC(140) Using 4 workers of 4 for evacuation
[2024-09-04T12:41:13.286+0000][1983.115s][info ][gc,phases     ] GC(140)   Pre Evacuate Collection Set: 0.0ms
[2024-09-04T12:41:13.286+0000][1983.115s][info ][gc,phases     ] GC(140)   Evacuate Collection Set: 4.7ms
[2024-09-04T12:41:13.286+0000][1983.115s][info ][gc,phases     ] GC(140)   Post Evacuate Collection Set: 5.0ms
[2024-09-04T12:41:13.286+0000][1983.115s][info ][gc,phases     ] GC(140)   Other: 0.6ms
[2024-09-04T12:41:13.286+0000][1983.115s][info ][gc,heap       ] GC(140) Eden regions: 183->0(184)
[2024-09-04T12:41:13.286+0000][1983.115s][info ][gc,heap       ] GC(140) Survivor regions: 4->3(24)
[2024-09-04T12:41:13.286+0000][1983.115s][info ][gc,heap       ] GC(140) Old regions: 179->180
[2024-09-04T12:41:13.286+0000][1983.115s][info ][gc,heap       ] GC(140) Humongous regions: 0->0
[2024-09-04T12:41:13.286+0000][1983.115s][info ][gc,metaspace  ] GC(140) Metaspace: 185636K(191984K)->185636K(191984K) NonClass: 164495K(168404K)->164495K(168404K) Class: 21140K(23580K)->21140K(23580K)
[2024-09-04T12:41:13.286+0000][1983.115s][info ][gc            ] GC(140) Pause Young (Normal) (G1 Evacuation Pause) 363M->180M(412M) 10.415ms
[2024-09-04T12:41:13.286+0000][1983.115s][info ][gc,cpu        ] GC(140) User=0.04s Sys=0.00s Real=0.01s
[2024-09-04T12:41:13.287+0000][1983.115s][info ][safepoint     ] Leaving safepoint region
[2024-09-04T12:41:13.287+0000][1983.115s][info ][safepoint     ] Total time for which application threads were stopped: 0.0114069 seconds, Stopping threads took: 0.0002170 seconds
[2024-09-04T12:41:14.287+0000][1984.115s][debug][safepoint     ] Safepoint synchronization initiated. (270 threads)
[2024-09-04T12:41:14.287+0000][1984.116s][info ][safepoint     ] Application time: 1.0002459 seconds
[2024-09-04T12:41:14.287+0000][1984.116s][info ][safepoint     ] Entering safepoint region: Cleanup
[2024-09-04T12:41:14.288+0000][1984.116s][info ][safepoint     ] Leaving safepoint region
[2024-09-04T12:41:14.288+0000][1984.116s][info ][safepoint     ] Total time for which application threads were stopped: 0.0007640 seconds, Stopping threads took: 0.0001738 seconds
[2024-09-04T12:41:15.288+0000][1985.117s][debug][safepoint     ] Safepoint synchronization initiated. (270 threads)
[2024-09-04T12:41:15.288+0000][1985.117s][info ][safepoint     ] Application time: 1.0003715 seconds
[2024-09-04T12:41:15.288+0000][1985.117s][info ][safepoint     ] Entering safepoint region: Cleanup
[2024-09-04T12:41:15.289+0000][1985.117s][info ][safepoint     ] Leaving safepoint region
[2024-09-04T12:41:15.289+0000][1985.117s][info ][safepoint     ] Total time for which application threads were stopped: 0.0006749 seconds, Stopping threads took: 0.0002102 seconds
[2024-09-04T12:41:16.289+0000][1986.118s][debug][safepoint     ] Safepoint synchronization initiated. (270 threads)
[2024-09-04T12:41:16.289+0000][1986.118s][info ][safepoint     ] Application time: 1.0002374 seconds
[2024-09-04T12:41:16.289+0000][1986.118s][debug][safepoint     ] ... found polling page return exception at pc = 0x00007ff4a09c2674, stub =0x00007ff498824b00
[2024-09-04T12:41:16.289+0000][1986.118s][debug][safepoint     ] Waiting for 1 thread(s) to block
[2024-09-04T12:41:16.289+0000][1986.118s][info ][safepoint     ] Entering safepoint region: Cleanup
[2024-09-04T12:41:16.290+0000][1986.119s][info ][safepoint     ] Leaving safepoint region
[2024-09-04T12:41:16.290+0000][1986.119s][info ][safepoint     ] Total time for which application threads were stopped: 0.0008866 seconds, Stopping threads took: 0.0004213 seconds
[2024-09-04T12:41:17.290+0000][1987.119s][debug][safepoint     ] Safepoint synchronization initiated. (270 threads)
[2024-09-04T12:41:17.290+0000][1987.119s][info ][safepoint     ] Application time: 1.0003426 seconds
[2024-09-04T12:41:17.290+0000][1987.119s][info ][safepoint     ] Entering safepoint region: Cleanup
[2024-09-04T12:41:17.291+0000][1987.120s][info ][safepoint     ] Leaving safepoint region
[2024-09-04T12:41:17.291+0000][1987.120s][info ][safepoint     ] Total time for which application threads were stopped: 0.0008735 seconds, Stopping threads took: 0.0002503 seconds
[2024-09-04T12:41:18.291+0000][1988.120s][debug][safepoint     ] Safepoint synchronization initiated. (270 threads)
[2024-09-04T12:41:18.292+0000][1988.120s][info ][safepoint     ] Application time: 1.0003384 seconds
[2024-09-04T12:41:18.292+0000][1988.121s][info ][safepoint     ] Entering safepoint region: Cleanup
[2024-09-04T12:41:18.292+0000][1988.121s][info ][safepoint     ] Leaving safepoint region
[2024-09-04T12:41:18.293+0000][1988.121s][info ][safepoint     ] Total time for which application threads were stopped: 0.0010009 seconds, Stopping threads took: 0.0002575 seconds
[2024-09-04T12:41:19.293+0000][1989.121s][debug][safepoint     ] Safepoint synchronization initiated. (270 threads)
[2024-09-04T12:41:19.293+0000][1989.122s][info ][safepoint     ] Application time: 1.0002103 seconds
[2024-09-04T12:41:19.293+0000][1989.122s][info ][safepoint     ] Entering safepoint region: Cleanup
[2024-09-04T12:41:19.293+0000][1989.122s][info ][safepoint     ] Leaving safepoint region
[2024-09-04T12:41:19.293+0000][1989.122s][info ][safepoint     ] Total time for which application threads were stopped: 0.0006255 seconds, Stopping threads took: 0.0001954 seconds
[2024-09-04T12:41:20.294+0000][1990.122s][debug][safepoint     ] Safepoint synchronization initiated. (270 threads)
[2024-09-04T12:41:20.294+0000][1990.122s][info ][safepoint     ] Application time: 1.0002090 seconds
[2024-09-04T12:41:20.294+0000][1990.123s][info ][safepoint     ] Entering safepoint region: Cleanup
[2024-09-04T12:41:20.294+0000][1990.123s][info ][safepoint     ] Leaving safepoint region
[2024-09-04T12:41:20.295+0000][1990.123s][info ][safepoint     ] Total time for which application threads were stopped: 0.0008418 seconds, Stopping threads took: 0.0002253 seconds
[2024-09-04T12:41:21.295+0000][1991.124s][debug][safepoint     ] Safepoint synchronization initiated. (270 threads)
[2024-09-04T12:41:21.295+0000][1991.124s][info ][safepoint     ] Application time: 1.0003476 seconds
[2024-09-04T12:41:21.295+0000][1991.124s][info ][safepoint     ] Entering safepoint region: Cleanup
[2024-09-04T12:41:21.296+0000][1991.125s][info ][safepoint     ] Leaving safepoint region
[2024-09-04T12:41:21.296+0000][1991.125s][info ][safepoint     ] Total time for which application threads were stopped: 0.0009739 seconds, Stopping threads took: 0.0002337 seconds
[2024-09-04T12:41:22.296+0000][1992.125s][debug][safepoint     ] Safepoint synchronization initiated. (270 threads)
[2024-09-04T12:41:22.296+0000][1992.125s][info ][safepoint     ] Application time: 1.0002695 seconds
[2024-09-04T12:41:22.296+0000][1992.125s][info ][safepoint     ] Entering safepoint region: Cleanup
[2024-09-04T12:41:22.297+0000][1992.126s][info ][safepoint     ] Leaving safepoint region
[2024-09-04T12:41:22.297+0000][1992.126s][info ][safepoint     ] Total time for which application threads were stopped: 0.0006906 seconds, Stopping threads took: 0.0001749 seconds
[2024-09-04T12:41:23.297+0000][1993.126s][debug][safepoint     ] Safepoint synchronization initiated. (270 threads)
[2024-09-04T12:41:23.297+0000][1993.126s][info ][safepoint     ] Application time: 1.0002997 seconds
[2024-09-04T12:41:23.298+0000][1993.126s][info ][safepoint     ] Entering safepoint region: Cleanup
[2024-09-04T12:41:23.298+0000][1993.127s][info ][safepoint     ] Leaving safepoint region
[2024-09-04T12:41:23.298+0000][1993.127s][info ][safepoint     ] Total time for which application threads were stopped: 0.0009255 seconds, Stopping threads took: 0.0003462 seconds
[2024-09-04T12:41:24.298+0000][1994.127s][debug][safepoint     ] Safepoint synchronization initiated. (270 threads)
[2024-09-04T12:41:24.299+0000][1994.127s][info ][safepoint     ] Application time: 1.0003391 seconds
[2024-09-04T12:41:24.299+0000][1994.128s][info ][safepoint     ] Entering safepoint region: Cleanup
[2024-09-04T12:41:24.300+0000][1994.128s][info ][safepoint     ] Leaving safepoint region
[2024-09-04T12:41:24.300+0000][1994.129s][info ][safepoint     ] Total time for which application threads were stopped: 0.0011772 seconds, Stopping threads took: 0.0002790 seconds
[2024-09-04T12:41:25.300+0000][1995.129s][debug][safepoint     ] Safepoint synchronization initiated. (270 threads)
[2024-09-04T12:41:25.300+0000][1995.129s][info ][safepoint     ] Application time: 1.0002372 seconds
[2024-09-04T12:41:25.300+0000][1995.129s][info ][safepoint     ] Entering safepoint region: Cleanup
[2024-09-04T12:41:25.301+0000][1995.130s][info ][safepoint     ] Leaving safepoint region
[2024-09-04T12:41:25.301+0000][1995.130s][info ][safepoint     ] Total time for which application threads were stopped: 0.0008777 seconds, Stopping threads took: 0.0002007 seconds
[2024-09-04T12:41:26.301+0000][1996.130s][debug][safepoint     ] Safepoint synchronization initiated. (270 threads)
[2024-09-04T12:41:26.301+0000][1996.130s][info ][safepoint     ] Application time: 1.0002498 seconds
[2024-09-04T12:41:26.301+0000][1996.130s][info ][safepoint     ] Entering safepoint region: Cleanup
[2024-09-04T12:41:26.302+0000][1996.131s][info ][safepoint     ] Leaving safepoint region
[2024-09-04T12:41:26.302+0000][1996.131s][info ][safepoint     ] Total time for which application threads were stopped: 0.0007694 seconds, Stopping threads took: 0.0001537 seconds
[2024-09-04T12:41:27.302+0000][1997.131s][debug][safepoint     ] Safepoint synchronization initiated. (270 threads)
[2024-09-04T12:41:27.302+0000][1997.131s][info ][safepoint     ] Application time: 1.0002893 seconds
[2024-09-04T12:41:27.303+0000][1997.131s][info ][safepoint     ] Entering safepoint region: Cleanup
[2024-09-04T12:41:27.303+0000][1997.132s][info ][safepoint     ] Leaving safepoint region
[2024-09-04T12:41:27.303+0000][1997.132s][debug][safepoint     ] ... found polling page return exception at pc = 0x00007ff4a131ffd6, stub =0x00007ff498824b00
[2024-09-04T12:41:27.303+0000][1997.132s][info ][safepoint     ] Total time for which application threads were stopped: 0.0009879 seconds, Stopping threads took: 0.0002151 seconds
[2024-09-04T12:41:28.304+0000][1998.133s][debug][safepoint     ] Safepoint synchronization initiated. (270 threads)
[2024-09-04T12:41:28.304+0000][1998.133s][info ][safepoint     ] Application time: 1.0003978 seconds
[2024-09-04T12:41:28.304+0000][1998.133s][info ][safepoint     ] Entering safepoint region: Cleanup
[2024-09-04T12:41:28.305+0000][1998.134s][info ][safepoint     ] Leaving safepoint region
[2024-09-04T12:41:28.305+0000][1998.134s][info ][safepoint     ] Total time for which application threads were stopped: 0.0009128 seconds, Stopping threads took: 0.0002395 seconds
[2024-09-04T12:41:29.305+0000][1999.134s][debug][safepoint     ] Safepoint synchronization initiated. (270 threads)
[2024-09-04T12:41:29.305+0000][1999.134s][info ][safepoint     ] Application time: 1.0002499 seconds
[2024-09-04T12:41:29.305+0000][1999.134s][info ][safepoint     ] Entering safepoint region: Cleanup
[2024-09-04T12:41:29.306+0000][1999.135s][info ][safepoint     ] Leaving safepoint region
[2024-09-04T12:41:29.306+0000][1999.135s][info ][safepoint     ] Total time for which application threads were stopped: 0.0007713 seconds, Stopping threads took: 0.0002306 seconds
[2024-09-04T12:41:30.306+0000][2000.135s][debug][safepoint     ] Safepoint synchronization initiated. (270 threads)
[2024-09-04T12:41:30.306+0000][2000.135s][info ][safepoint     ] Application time: 1.0002678 seconds
[2024-09-04T12:41:30.306+0000][2000.135s][info ][safepoint     ] Entering safepoint region: Cleanup
[2024-09-04T12:41:30.307+0000][2000.136s][info ][safepoint     ] Leaving safepoint region
[2024-09-04T12:41:30.307+0000][2000.136s][info ][safepoint     ] Total time for which application threads were stopped: 0.0009749 seconds, Stopping threads took: 0.0002355 seconds
[2024-09-04T12:41:30.307+0000][2000.136s][debug][safepoint     ] ... found polling page return exception at pc = 0x00007ff4a131ffd6, stub =0x00007ff498824b00
[2024-09-04T12:41:30.307+0000][2000.136s][debug][safepoint     ] ... found polling page return exception at pc = 0x00007ff4a131ffd6, stub =0x00007ff498824b00
[2024-09-04T12:41:30.307+0000][2000.136s][debug][safepoint     ] ... found polling page return exception at pc = 0x00007ff4a131ffd6, stub =0x00007ff498824b00
[2024-09-04T12:41:31.307+0000][2001.136s][debug][safepoint     ] Safepoint synchronization initiated. (270 threads)
[2024-09-04T12:41:31.308+0000][2001.136s][info ][safepoint     ] Application time: 1.0003053 seconds
[2024-09-04T12:41:31.308+0000][2001.137s][info ][safepoint     ] Entering safepoint region: Cleanup
[2024-09-04T12:41:31.308+0000][2001.137s][info ][safepoint     ] Leaving safepoint region
[2024-09-04T12:41:31.308+0000][2001.137s][info ][safepoint     ] Total time for which application threads were stopped: 0.0008348 seconds, Stopping threads took: 0.0002874 seconds
[2024-09-04T12:41:32.309+0000][2002.137s][debug][safepoint     ] Safepoint synchronization initiated. (270 threads)
[2024-09-04T12:41:32.309+0000][2002.137s][info ][safepoint     ] Application time: 1.0002486 seconds
[2024-09-04T12:41:32.309+0000][2002.138s][info ][safepoint     ] Entering safepoint region: Cleanup
[2024-09-04T12:41:32.310+0000][2002.138s][info ][safepoint     ] Leaving safepoint region
[2024-09-04T12:41:32.310+0000][2002.138s][info ][safepoint     ] Total time for which application threads were stopped: 0.0010027 seconds, Stopping threads took: 0.0002748 seconds
[2024-09-04T12:41:33.310+0000][2003.139s][debug][safepoint     ] Safepoint synchronization initiated. (270 threads)
[2024-09-04T12:41:33.310+0000][2003.139s][info ][safepoint     ] Application time: 1.0002410 seconds
[2024-09-04T12:41:33.310+0000][2003.139s][info ][safepoint     ] Entering safepoint region: Cleanup
[2024-09-04T12:41:33.311+0000][2003.140s][info ][safepoint     ] Leaving safepoint region
[2024-09-04T12:41:33.311+0000][2003.140s][info ][safepoint     ] Total time for which application threads were stopped: 0.0008818 seconds, Stopping threads took: 0.0001902 seconds
[2024-09-04T12:41:34.311+0000][2004.140s][debug][safepoint     ] Safepoint synchronization initiated. (270 threads)
[2024-09-04T12:41:34.311+0000][2004.140s][info ][safepoint     ] Application time: 1.0002494 seconds
[2024-09-04T12:41:34.311+0000][2004.140s][info ][safepoint     ] Entering safepoint region: Cleanup
[2024-09-04T12:41:34.312+0000][2004.141s][info ][safepoint     ] Leaving safepoint region
[2024-09-04T12:41:34.312+0000][2004.141s][info ][safepoint     ] Total time for which application threads were stopped: 0.0008627 seconds, Stopping threads took: 0.0002334 seconds
[2024-09-04T12:41:35.312+0000][2005.141s][debug][safepoint     ] Safepoint synchronization initiated. (270 threads)
[2024-09-04T12:41:35.312+0000][2005.141s][info ][safepoint     ] Application time: 1.0002830 seconds
[2024-09-04T12:41:35.313+0000][2005.141s][info ][safepoint     ] Entering safepoint region: Cleanup
[2024-09-04T12:41:35.313+0000][2005.142s][info ][safepoint     ] Leaving safepoint region
[2024-09-04T12:41:35.313+0000][2005.142s][info ][safepoint     ] Total time for which application threads were stopped: 0.0010510 seconds, Stopping threads took: 0.0002567 seconds
[2024-09-04T12:41:36.314+0000][2006.142s][debug][safepoint     ] Safepoint synchronization initiated. (270 threads)
[2024-09-04T12:41:36.314+0000][2006.142s][info ][safepoint     ] Application time: 1.0001871 seconds
[2024-09-04T12:41:36.314+0000][2006.143s][info ][safepoint     ] Entering safepoint region: Cleanup
[2024-09-04T12:41:36.314+0000][2006.143s][info ][safepoint     ] Leaving safepoint region
[2024-09-04T12:41:36.315+0000][2006.143s][info ][safepoint     ] Total time for which application threads were stopped: 0.0008842 seconds, Stopping threads took: 0.0001921 seconds
[2024-09-04T12:41:37.315+0000][2007.143s][debug][safepoint     ] Safepoint synchronization initiated. (270 threads)
[2024-09-04T12:41:37.315+0000][2007.144s][info ][safepoint     ] Application time: 1.0002755 seconds
[2024-09-04T12:41:37.315+0000][2007.144s][info ][safepoint     ] Entering safepoint region: Cleanup
[2024-09-04T12:41:37.316+0000][2007.145s][info ][safepoint     ] Leaving safepoint region
[2024-09-04T12:41:37.316+0000][2007.145s][info ][safepoint     ] Total time for which application threads were stopped: 0.0010673 seconds, Stopping threads took: 0.0001996 seconds
[2024-09-04T12:41:38.316+0000][2008.145s][debug][safepoint     ] Safepoint synchronization initiated. (270 threads)
[2024-09-04T12:41:38.316+0000][2008.145s][info ][safepoint     ] Application time: 1.0002998 seconds
[2024-09-04T12:41:38.316+0000][2008.145s][info ][safepoint     ] Entering safepoint region: Cleanup
[2024-09-04T12:41:38.317+0000][2008.146s][info ][safepoint     ] Leaving safepoint region
[2024-09-04T12:41:38.317+0000][2008.146s][info ][safepoint     ] Total time for which application threads were stopped: 0.0010170 seconds, Stopping threads took: 0.0002361 seconds
[2024-09-04T12:41:39.318+0000][2009.146s][debug][safepoint     ] Safepoint synchronization initiated. (270 threads)
[2024-09-04T12:41:39.318+0000][2009.146s][info ][safepoint     ] Application time: 1.0003353 seconds
[2024-09-04T12:41:39.318+0000][2009.147s][info ][safepoint     ] Entering safepoint region: Cleanup
[2024-09-04T12:41:39.319+0000][2009.148s][info ][safepoint     ] Leaving safepoint region
[2024-09-04T12:41:39.319+0000][2009.148s][info ][safepoint     ] Total time for which application threads were stopped: 0.0012753 seconds, Stopping threads took: 0.0004703 seconds
[2024-09-04T12:41:40.319+0000][2010.148s][debug][safepoint     ] Safepoint synchronization initiated. (270 threads)
[2024-09-04T12:41:40.319+0000][2010.148s][info ][safepoint     ] Application time: 1.0002053 seconds
[2024-09-04T12:41:40.319+0000][2010.148s][debug][safepoint     ] ... found polling page return exception at pc = 0x00007ff4a06a570a, stub =0x00007ff498824b00
[2024-09-04T12:41:40.320+0000][2010.148s][debug][safepoint     ] Waiting for 1 thread(s) to block
[2024-09-04T12:41:40.320+0000][2010.148s][info ][safepoint     ] Entering safepoint region: Cleanup
[2024-09-04T12:41:40.320+0000][2010.149s][info ][safepoint     ] Leaving safepoint region
[2024-09-04T12:41:40.320+0000][2010.149s][info ][safepoint     ] Total time for which application threads were stopped: 0.0010408 seconds, Stopping threads took: 0.0005078 seconds
[2024-09-04T12:41:41.321+0000][2011.149s][debug][safepoint     ] Safepoint synchronization initiated. (270 threads)
[2024-09-04T12:41:41.321+0000][2011.149s][info ][safepoint     ] Application time: 1.0003236 seconds
[2024-09-04T12:41:41.321+0000][2011.150s][info ][safepoint     ] Entering safepoint region: Cleanup
[2024-09-04T12:41:41.322+0000][2011.150s][info ][safepoint     ] Leaving safepoint region
[2024-09-04T12:41:41.322+0000][2011.150s][info ][safepoint     ] Total time for which application threads were stopped: 0.0010189 seconds, Stopping threads took: 0.0002764 seconds
[2024-09-04T12:41:41.810+0000][2011.638s][debug][safepoint     ] Safepoint synchronization initiated. (270 threads)
[2024-09-04T12:41:41.810+0000][2011.639s][info ][safepoint     ] Application time: 0.4879760 seconds
[2024-09-04T12:41:41.810+0000][2011.639s][debug][safepoint     ] ... found polling page return exception at pc = 0x00007ff4a0ee1b9f, stub =0x00007ff498824b00
[2024-09-04T12:41:41.810+0000][2011.639s][debug][safepoint     ] ... found polling page return exception at pc = 0x00007ff4a0ee1b9f, stub =0x00007ff498824b00
[2024-09-04T12:41:41.810+0000][2011.639s][debug][safepoint     ] Waiting for 2 thread(s) to block
[2024-09-04T12:41:41.810+0000][2011.639s][info ][safepoint     ] Entering safepoint region: G1CollectForAllocation
[2024-09-04T12:41:41.811+0000][2011.640s][info ][gc,start      ] GC(141) Pause Young (Normal) (G1 Evacuation Pause)
[2024-09-04T12:41:41.811+0000][2011.640s][info ][gc,task       ] GC(141) Using 4 workers of 4 for evacuation
[2024-09-04T12:41:41.821+0000][2011.649s][info ][gc,phases     ] GC(141)   Pre Evacuate Collection Set: 0.1ms
[2024-09-04T12:41:41.821+0000][2011.649s][info ][gc,phases     ] GC(141)   Evacuate Collection Set: 4.1ms
[2024-09-04T12:41:41.821+0000][2011.649s][info ][gc,phases     ] GC(141)   Post Evacuate Collection Set: 5.1ms
[2024-09-04T12:41:41.821+0000][2011.649s][info ][gc,phases     ] GC(141)   Other: 0.5ms
[2024-09-04T12:41:41.821+0000][2011.650s][info ][gc,heap       ] GC(141) Eden regions: 184->0(185)
[2024-09-04T12:41:41.821+0000][2011.650s][info ][gc,heap       ] GC(141) Survivor regions: 3->2(24)
[2024-09-04T12:41:41.821+0000][2011.650s][info ][gc,heap       ] GC(141) Old regions: 180->181
[2024-09-04T12:41:41.821+0000][2011.650s][info ][gc,heap       ] GC(141) Humongous regions: 0->0
[2024-09-04T12:41:41.821+0000][2011.650s][info ][gc,metaspace  ] GC(141) Metaspace: 185644K(191984K)->185644K(191984K) NonClass: 164503K(168404K)->164503K(168404K) Class: 21140K(23580K)->21140K(23580K)
[2024-09-04T12:41:41.821+0000][2011.650s][info ][gc            ] GC(141) Pause Young (Normal) (G1 Evacuation Pause) 364M->180M(412M) 10.041ms
[2024-09-04T12:41:41.821+0000][2011.650s][info ][gc,cpu        ] GC(141) User=0.04s Sys=0.00s Real=0.00s
[2024-09-04T12:41:41.821+0000][2011.650s][info ][safepoint     ] Leaving safepoint region
[2024-09-04T12:41:41.821+0000][2011.650s][info ][safepoint     ] Total time for which application threads were stopped: 0.0112191 seconds, Stopping threads took: 0.0004232 seconds
[2024-09-04T12:41:42.821+0000][2012.650s][debug][safepoint     ] Safepoint synchronization initiated. (270 threads)
[2024-09-04T12:41:42.821+0000][2012.650s][info ][safepoint     ] Application time: 1.0003009 seconds
[2024-09-04T12:41:42.822+0000][2012.650s][info ][safepoint     ] Entering safepoint region: Cleanup
[2024-09-04T12:41:42.822+0000][2012.651s][info ][safepoint     ] Leaving safepoint region
[2024-09-04T12:41:42.822+0000][2012.651s][info ][safepoint     ] Total time for which application threads were stopped: 0.0008086 seconds, Stopping threads took: 0.0003094 seconds
[2024-09-04T12:41:43.822+0000][2013.651s][debug][safepoint     ] Safepoint synchronization initiated. (270 threads)
[2024-09-04T12:41:43.822+0000][2013.651s][info ][safepoint     ] Application time: 1.0002362 seconds
[2024-09-04T12:41:43.823+0000][2013.651s][info ][safepoint     ] Entering safepoint region: Cleanup
[2024-09-04T12:41:43.823+0000][2013.652s][info ][safepoint     ] Leaving safepoint region
[2024-09-04T12:41:43.823+0000][2013.652s][info ][safepoint     ] Total time for which application threads were stopped: 0.0006739 seconds, Stopping threads took: 0.0002121 seconds
[2024-09-04T12:41:44.823+0000][2014.652s][debug][safepoint     ] Safepoint synchronization initiated. (270 threads)
[2024-09-04T12:41:44.823+0000][2014.652s][info ][safepoint     ] Application time: 1.0001523 seconds
[2024-09-04T12:41:44.823+0000][2014.652s][info ][safepoint     ] Entering safepoint region: Cleanup
[2024-09-04T12:41:44.824+0000][2014.653s][info ][safepoint     ] Leaving safepoint region
[2024-09-04T12:41:44.824+0000][2014.653s][info ][safepoint     ] Total time for which application threads were stopped: 0.0006780 seconds, Stopping threads took: 0.0001916 seconds
[2024-09-04T12:41:45.824+0000][2015.653s][debug][safepoint     ] Safepoint synchronization initiated. (270 threads)
[2024-09-04T12:41:45.824+0000][2015.653s][info ][safepoint     ] Application time: 1.0003286 seconds
[2024-09-04T12:41:45.824+0000][2015.653s][info ][safepoint     ] Entering safepoint region: Cleanup
[2024-09-04T12:41:45.825+0000][2015.654s][info ][safepoint     ] Leaving safepoint region
[2024-09-04T12:41:45.825+0000][2015.654s][info ][safepoint     ] Total time for which application threads were stopped: 0.0009016 seconds, Stopping threads took: 0.0002304 seconds
[2024-09-04T12:41:46.826+0000][2016.654s][debug][safepoint     ] Safepoint synchronization initiated. (270 threads)
[2024-09-04T12:41:46.826+0000][2016.654s][info ][safepoint     ] Application time: 1.0003765 seconds
[2024-09-04T12:41:46.826+0000][2016.655s][info ][safepoint     ] Entering safepoint region: Cleanup
[2024-09-04T12:41:46.827+0000][2016.655s][info ][safepoint     ] Leaving safepoint region
[2024-09-04T12:41:46.827+0000][2016.655s][info ][safepoint     ] Total time for which application threads were stopped: 0.0010217 seconds, Stopping threads took: 0.0002674 seconds
[2024-09-04T12:41:47.827+0000][2017.656s][debug][safepoint     ] Safepoint synchronization initiated. (270 threads)
[2024-09-04T12:41:47.827+0000][2017.656s][info ][safepoint     ] Application time: 1.0003190 seconds
[2024-09-04T12:41:47.827+0000][2017.656s][info ][safepoint     ] Entering safepoint region: Cleanup
[2024-09-04T12:41:47.828+0000][2017.657s][info ][safepoint     ] Leaving safepoint region
[2024-09-04T12:41:47.828+0000][2017.657s][info ][safepoint     ] Total time for which application threads were stopped: 0.0009743 seconds, Stopping threads took: 0.0003383 seconds
[2024-09-04T12:41:48.828+0000][2018.657s][debug][safepoint     ] Safepoint synchronization initiated. (270 threads)
[2024-09-04T12:41:48.828+0000][2018.657s][info ][safepoint     ] Application time: 1.0003472 seconds
[2024-09-04T12:41:48.829+0000][2018.657s][info ][safepoint     ] Entering safepoint region: Cleanup
[2024-09-04T12:41:48.829+0000][2018.658s][info ][safepoint     ] Leaving safepoint region
[2024-09-04T12:41:48.829+0000][2018.658s][info ][safepoint     ] Total time for which application threads were stopped: 0.0008786 seconds, Stopping threads took: 0.0002223 seconds
[2024-09-04T12:41:49.829+0000][2019.658s][debug][safepoint     ] Safepoint synchronization initiated. (270 threads)
[2024-09-04T12:41:49.830+0000][2019.658s][info ][safepoint     ] Application time: 1.0002724 seconds
[2024-09-04T12:41:49.830+0000][2019.659s][info ][safepoint     ] Entering safepoint region: Cleanup
[2024-09-04T12:41:49.830+0000][2019.659s][debug][safepoint     ] ... found polling page return exception at pc = 0x00007ff4a131ffd6, stub =0x00007ff498824b00
[2024-09-04T12:41:49.830+0000][2019.659s][info ][safepoint     ] Leaving safepoint region
[2024-09-04T12:41:49.830+0000][2019.659s][info ][safepoint     ] Total time for which application threads were stopped: 0.0007749 seconds, Stopping threads took: 0.0002260 seconds
[2024-09-04T12:41:50.831+0000][2020.659s][debug][safepoint     ] Safepoint synchronization initiated. (270 threads)
[2024-09-04T12:41:50.831+0000][2020.659s][info ][safepoint     ] Application time: 1.0002066 seconds
[2024-09-04T12:41:50.831+0000][2020.660s][info ][safepoint     ] Entering safepoint region: Cleanup
[2024-09-04T12:41:50.831+0000][2020.660s][info ][safepoint     ] Leaving safepoint region
[2024-09-04T12:41:50.832+0000][2020.660s][info ][safepoint     ] Total time for which application threads were stopped: 0.0008849 seconds, Stopping threads took: 0.0002365 seconds
[2024-09-04T12:41:51.832+0000][2021.660s][debug][safepoint     ] Safepoint synchronization initiated. (270 threads)
[2024-09-04T12:41:51.832+0000][2021.661s][info ][safepoint     ] Application time: 1.0002860 seconds
[2024-09-04T12:41:51.832+0000][2021.661s][info ][safepoint     ] Entering safepoint region: Cleanup
[2024-09-04T12:41:51.833+0000][2021.662s][info ][safepoint     ] Leaving safepoint region
[2024-09-04T12:41:51.833+0000][2021.662s][info ][safepoint     ] Total time for which application threads were stopped: 0.0009708 seconds, Stopping threads took: 0.0002206 seconds
[2024-09-04T12:41:52.833+0000][2022.662s][debug][safepoint     ] Safepoint synchronization initiated. (270 threads)
[2024-09-04T12:41:52.833+0000][2022.662s][info ][safepoint     ] Application time: 1.0002317 seconds
[2024-09-04T12:41:52.833+0000][2022.662s][info ][safepoint     ] Entering safepoint region: Cleanup
[2024-09-04T12:41:52.834+0000][2022.663s][info ][safepoint     ] Leaving safepoint region
[2024-09-04T12:41:52.834+0000][2022.663s][info ][safepoint     ] Total time for which application threads were stopped: 0.0008884 seconds, Stopping threads took: 0.0002331 seconds
[2024-09-04T12:41:53.834+0000][2023.663s][debug][safepoint     ] Safepoint synchronization initiated. (270 threads)
[2024-09-04T12:41:53.834+0000][2023.663s][info ][safepoint     ] Application time: 1.0002339 seconds
[2024-09-04T12:41:53.834+0000][2023.663s][info ][safepoint     ] Entering safepoint region: Cleanup
[2024-09-04T12:41:53.835+0000][2023.664s][info ][safepoint     ] Leaving safepoint region
[2024-09-04T12:41:53.835+0000][2023.664s][info ][safepoint     ] Total time for which application threads were stopped: 0.0006059 seconds, Stopping threads took: 0.0002040 seconds
[2024-09-04T12:41:54.835+0000][2024.664s][debug][safepoint     ] Safepoint synchronization initiated. (270 threads)
[2024-09-04T12:41:54.835+0000][2024.664s][info ][safepoint     ] Application time: 1.0002589 seconds
[2024-09-04T12:41:54.835+0000][2024.664s][info ][safepoint     ] Entering safepoint region: Cleanup
[2024-09-04T12:41:54.836+0000][2024.665s][info ][safepoint     ] Leaving safepoint region
[2024-09-04T12:41:54.836+0000][2024.665s][info ][safepoint     ] Total time for which application threads were stopped: 0.0009176 seconds, Stopping threads took: 0.0002530 seconds
[2024-09-04T12:41:55.836+0000][2025.665s][debug][safepoint     ] Safepoint synchronization initiated. (270 threads)
[2024-09-04T12:41:55.837+0000][2025.665s][info ][safepoint     ] Application time: 1.0003859 seconds
[2024-09-04T12:41:55.837+0000][2025.666s][info ][safepoint     ] Entering safepoint region: Cleanup
[2024-09-04T12:41:55.837+0000][2025.666s][info ][safepoint     ] Leaving safepoint region
[2024-09-04T12:41:55.837+0000][2025.666s][info ][safepoint     ] Total time for which application threads were stopped: 0.0007705 seconds, Stopping threads took: 0.0002504 seconds
[2024-09-04T12:41:56.837+0000][2026.666s][debug][safepoint     ] Safepoint synchronization initiated. (270 threads)
[2024-09-04T12:41:56.838+0000][2026.666s][info ][safepoint     ] Application time: 1.0002088 seconds
[2024-09-04T12:41:56.838+0000][2026.666s][debug][safepoint     ] ... found polling page return exception at pc = 0x00007ff4a0a468c4, stub =0x00007ff498824b00
[2024-09-04T12:41:56.838+0000][2026.667s][debug][safepoint     ] Waiting for 1 thread(s) to block
[2024-09-04T12:41:56.838+0000][2026.667s][info ][safepoint     ] Entering safepoint region: Cleanup
[2024-09-04T12:41:56.838+0000][2026.667s][info ][safepoint     ] Leaving safepoint region
[2024-09-04T12:41:56.838+0000][2026.667s][info ][safepoint     ] Total time for which application threads were stopped: 0.0006995 seconds, Stopping threads took: 0.0002764 seconds
[2024-09-04T12:41:57.838+0000][2027.667s][debug][safepoint     ] Safepoint synchronization initiated. (270 threads)
[2024-09-04T12:41:57.839+0000][2027.667s][info ][safepoint     ] Application time: 1.0002884 seconds
[2024-09-04T12:41:57.839+0000][2027.668s][info ][safepoint     ] Entering safepoint region: Cleanup
[2024-09-04T12:41:57.839+0000][2027.668s][info ][safepoint     ] Leaving safepoint region
[2024-09-04T12:41:57.839+0000][2027.668s][debug][safepoint     ] ... found polling page loop exception at pc = 0x00007ff4a1290108, stub =0x00007ff498826680
[2024-09-04T12:41:57.839+0000][2027.668s][info ][safepoint     ] Total time for which application threads were stopped: 0.0008279 seconds, Stopping threads took: 0.0002710 seconds
[2024-09-04T12:41:58.840+0000][2028.669s][debug][safepoint     ] Safepoint synchronization initiated. (270 threads)
[2024-09-04T12:41:58.840+0000][2028.669s][info ][safepoint     ] Application time: 1.0005221 seconds
[2024-09-04T12:41:58.840+0000][2028.669s][debug][safepoint     ] ... found polling page return exception at pc = 0x00007ff4a0ee1b9f, stub =0x00007ff498824b00
[2024-09-04T12:41:58.840+0000][2028.669s][debug][safepoint     ] Waiting for 1 thread(s) to block
[2024-09-04T12:41:58.840+0000][2028.669s][info ][safepoint     ] Entering safepoint region: Cleanup
[2024-09-04T12:41:58.841+0000][2028.670s][info ][safepoint     ] Leaving safepoint region
[2024-09-04T12:41:58.841+0000][2028.670s][info ][safepoint     ] Total time for which application threads were stopped: 0.0007602 seconds, Stopping threads took: 0.0002573 seconds
[2024-09-04T12:41:59.841+0000][2029.670s][debug][safepoint     ] Safepoint synchronization initiated. (270 threads)
[2024-09-04T12:41:59.841+0000][2029.670s][info ][safepoint     ] Application time: 1.0003085 seconds
[2024-09-04T12:41:59.842+0000][2029.670s][info ][safepoint     ] Entering safepoint region: Cleanup
[2024-09-04T12:41:59.842+0000][2029.671s][info ][safepoint     ] Leaving safepoint region
[2024-09-04T12:41:59.842+0000][2029.671s][info ][safepoint     ] Total time for which application threads were stopped: 0.0009202 seconds, Stopping threads took: 0.0002817 seconds
[2024-09-04T12:42:00.842+0000][2030.671s][debug][safepoint     ] Safepoint synchronization initiated. (270 threads)
[2024-09-04T12:42:00.842+0000][2030.671s][info ][safepoint     ] Application time: 1.0002885 seconds
[2024-09-04T12:42:00.843+0000][2030.672s][info ][safepoint     ] Entering safepoint region: Cleanup
[2024-09-04T12:42:00.844+0000][2030.673s][debug][safepoint     ] ... found polling page return exception at pc = 0x00007ff4a131ffd6, stub =0x00007ff498824b00
[2024-09-04T12:42:00.844+0000][2030.673s][info ][safepoint     ] Leaving safepoint region
[2024-09-04T12:42:00.844+0000][2030.673s][info ][safepoint     ] Total time for which application threads were stopped: 0.0014042 seconds, Stopping threads took: 0.0002858 seconds
[2024-09-04T12:42:00.844+0000][2030.673s][debug][safepoint     ] ... found polling page return exception at pc = 0x00007ff4a131ffd6, stub =0x00007ff498824b00
[2024-09-04T12:42:01.844+0000][2031.673s][debug][safepoint     ] Safepoint synchronization initiated. (270 threads)
[2024-09-04T12:42:01.844+0000][2031.673s][info ][safepoint     ] Application time: 1.0002766 seconds
[2024-09-04T12:42:01.844+0000][2031.673s][info ][safepoint     ] Entering safepoint region: Cleanup
[2024-09-04T12:42:01.845+0000][2031.674s][info ][safepoint     ] Leaving safepoint region
[2024-09-04T12:42:01.845+0000][2031.674s][info ][safepoint     ] Total time for which application threads were stopped: 0.0008135 seconds, Stopping threads took: 0.0002144 seconds
[2024-09-04T12:42:02.845+0000][2032.674s][debug][safepoint     ] Safepoint synchronization initiated. (270 threads)
[2024-09-04T12:42:02.845+0000][2032.674s][info ][safepoint     ] Application time: 1.0002441 seconds
[2024-09-04T12:42:02.846+0000][2032.674s][info ][safepoint     ] Entering safepoint region: Cleanup
[2024-09-04T12:42:02.846+0000][2032.675s][info ][safepoint     ] Leaving safepoint region
[2024-09-04T12:42:02.846+0000][2032.675s][info ][safepoint     ] Total time for which application threads were stopped: 0.0008968 seconds, Stopping threads took: 0.0002481 seconds
[2024-09-04T12:42:03.847+0000][2033.675s][debug][safepoint     ] Safepoint synchronization initiated. (270 threads)
[2024-09-04T12:42:03.847+0000][2033.675s][info ][safepoint     ] Application time: 1.0003336 seconds
[2024-09-04T12:42:03.847+0000][2033.676s][info ][safepoint     ] Entering safepoint region: Cleanup
[2024-09-04T12:42:03.848+0000][2033.676s][info ][safepoint     ] Leaving safepoint region
[2024-09-04T12:42:03.848+0000][2033.676s][debug][safepoint     ] ... found polling page return exception at pc = 0x00007ff4a131ffd6, stub =0x00007ff498824b00
[2024-09-04T12:42:03.848+0000][2033.676s][info ][safepoint     ] Total time for which application threads were stopped: 0.0009635 seconds, Stopping threads took: 0.0002770 seconds
[2024-09-04T12:42:04.848+0000][2034.677s][debug][safepoint     ] Safepoint synchronization initiated. (270 threads)
[2024-09-04T12:42:04.848+0000][2034.677s][info ][safepoint     ] Application time: 1.0001916 seconds
[2024-09-04T12:42:04.848+0000][2034.677s][info ][safepoint     ] Entering safepoint region: Cleanup
[2024-09-04T12:42:04.848+0000][2034.677s][info ][safepoint     ] Leaving safepoint region
[2024-09-04T12:42:04.848+0000][2034.677s][info ][safepoint     ] Total time for which application threads were stopped: 0.0005197 seconds, Stopping threads took: 0.0001771 seconds
[2024-09-04T12:42:05.849+0000][2035.677s][debug][safepoint     ] Safepoint synchronization initiated. (270 threads)
[2024-09-04T12:42:05.849+0000][2035.678s][info ][safepoint     ] Application time: 1.0002846 seconds
[2024-09-04T12:42:05.849+0000][2035.678s][debug][safepoint     ] ... found polling page return exception at pc = 0x00007ff4a0699419, stub =0x00007ff498824b00
[2024-09-04T12:42:05.849+0000][2035.678s][debug][safepoint     ] Waiting for 1 thread(s) to block
[2024-09-04T12:42:05.849+0000][2035.678s][info ][safepoint     ] Entering safepoint region: Cleanup
[2024-09-04T12:42:05.850+0000][2035.679s][debug][safepoint     ] ... found polling page loop exception at pc = 0x00007ff49b70b7fe, stub =0x00007ff498826680
[2024-09-04T12:42:05.850+0000][2035.679s][info ][safepoint     ] Leaving safepoint region
[2024-09-04T12:42:05.850+0000][2035.679s][info ][safepoint     ] Total time for which application threads were stopped: 0.0010852 seconds, Stopping threads took: 0.0004607 seconds
[2024-09-04T12:42:06.850+0000][2036.679s][debug][safepoint     ] Safepoint synchronization initiated. (270 threads)
[2024-09-04T12:42:06.850+0000][2036.679s][info ][safepoint     ] Application time: 1.0002412 seconds
[2024-09-04T12:42:06.850+0000][2036.679s][info ][safepoint     ] Entering safepoint region: Cleanup
[2024-09-04T12:42:06.851+0000][2036.680s][info ][safepoint     ] Leaving safepoint region
[2024-09-04T12:42:06.851+0000][2036.680s][info ][safepoint     ] Total time for which application threads were stopped: 0.0007362 seconds, Stopping threads took: 0.0002653 seconds
[2024-09-04T12:42:07.851+0000][2037.680s][debug][safepoint     ] Safepoint synchronization initiated. (271 threads)
[2024-09-04T12:42:07.851+0000][2037.680s][info ][safepoint     ] Application time: 1.0001900 seconds
[2024-09-04T12:42:07.851+0000][2037.680s][info ][safepoint     ] Entering safepoint region: Cleanup
[2024-09-04T12:42:07.852+0000][2037.681s][info ][safepoint     ] Leaving safepoint region
[2024-09-04T12:42:07.852+0000][2037.681s][info ][safepoint     ] Total time for which application threads were stopped: 0.0007244 seconds, Stopping threads took: 0.0001620 seconds
[2024-09-04T12:42:08.852+0000][2038.681s][debug][safepoint     ] Safepoint synchronization initiated. (271 threads)
[2024-09-04T12:42:08.852+0000][2038.681s][info ][safepoint     ] Application time: 1.0001992 seconds
[2024-09-04T12:42:08.852+0000][2038.681s][info ][safepoint     ] Entering safepoint region: Cleanup
[2024-09-04T12:42:08.853+0000][2038.681s][info ][safepoint     ] Leaving safepoint region
[2024-09-04T12:42:08.853+0000][2038.681s][info ][safepoint     ] Total time for which application threads were stopped: 0.0005773 seconds, Stopping threads took: 0.0001445 seconds
[2024-09-04T12:42:09.853+0000][2039.682s][debug][safepoint     ] Safepoint synchronization initiated. (271 threads)
[2024-09-04T12:42:09.853+0000][2039.682s][info ][safepoint     ] Application time: 1.0003850 seconds
[2024-09-04T12:42:09.853+0000][2039.682s][info ][safepoint     ] Entering safepoint region: Cleanup
[2024-09-04T12:42:09.854+0000][2039.683s][info ][safepoint     ] Leaving safepoint region
[2024-09-04T12:42:09.854+0000][2039.683s][info ][safepoint     ] Total time for which application threads were stopped: 0.0007714 seconds, Stopping threads took: 0.0002115 seconds
[2024-09-04T12:42:10.501+0000][2040.330s][debug][safepoint     ] Safepoint synchronization initiated. (271 threads)
[2024-09-04T12:42:10.502+0000][2040.330s][info ][safepoint     ] Application time: 0.6476300 seconds
[2024-09-04T12:42:10.502+0000][2040.330s][debug][safepoint     ] ... found polling page return exception at pc = 0x00007ff4a0a136a3, stub =0x00007ff498824b00
[2024-09-04T12:42:10.502+0000][2040.331s][debug][safepoint     ] Waiting for 2 thread(s) to block
[2024-09-04T12:42:10.502+0000][2040.331s][info ][safepoint     ] Entering safepoint region: G1CollectForAllocation
[2024-09-04T12:42:10.502+0000][2040.331s][info ][gc,start      ] GC(142) Pause Young (Normal) (G1 Evacuation Pause)
[2024-09-04T12:42:10.503+0000][2040.331s][info ][gc,task       ] GC(142) Using 4 workers of 4 for evacuation
[2024-09-04T12:42:10.511+0000][2040.340s][info ][gc,phases     ] GC(142)   Pre Evacuate Collection Set: 0.0ms
[2024-09-04T12:42:10.511+0000][2040.340s][info ][gc,phases     ] GC(142)   Evacuate Collection Set: 3.0ms
[2024-09-04T12:42:10.511+0000][2040.340s][info ][gc,phases     ] GC(142)   Post Evacuate Collection Set: 4.9ms
[2024-09-04T12:42:10.511+0000][2040.340s][info ][gc,phases     ] GC(142)   Other: 0.6ms
[2024-09-04T12:42:10.511+0000][2040.340s][info ][gc,heap       ] GC(142) Eden regions: 185->0(185)
[2024-09-04T12:42:10.511+0000][2040.340s][info ][gc,heap       ] GC(142) Survivor regions: 2->2(24)
[2024-09-04T12:42:10.511+0000][2040.340s][info ][gc,heap       ] GC(142) Old regions: 181->181
[2024-09-04T12:42:10.511+0000][2040.340s][info ][gc,heap       ] GC(142) Humongous regions: 0->0
[2024-09-04T12:42:10.511+0000][2040.340s][info ][gc,metaspace  ] GC(142) Metaspace: 185766K(191984K)->185766K(191984K) NonClass: 164619K(168404K)->164619K(168404K) Class: 21146K(23580K)->21146K(23580K)
[2024-09-04T12:42:10.511+0000][2040.340s][info ][gc            ] GC(142) Pause Young (Normal) (G1 Evacuation Pause) 365M->180M(412M) 8.634ms
[2024-09-04T12:42:10.511+0000][2040.340s][info ][gc,cpu        ] GC(142) User=0.03s Sys=0.00s Real=0.01s
[2024-09-04T12:42:10.511+0000][2040.340s][info ][safepoint     ] Leaving safepoint region
[2024-09-04T12:42:10.511+0000][2040.340s][info ][safepoint     ] Total time for which application threads were stopped: 0.0097053 seconds, Stopping threads took: 0.0003730 seconds
[2024-09-04T12:42:10.511+0000][2040.340s][info ][gc,stringdedup] Concurrent String Deduplication (2040.340s)
[2024-09-04T12:42:10.511+0000][2040.340s][info ][gc,stringdedup] Concurrent String Deduplication 40.0B->40.0B(0.0B) avg 55.6% (2040.340s, 2040.340s) 0.044ms
[2024-09-04T12:42:11.511+0000][2041.340s][debug][safepoint     ] Safepoint synchronization initiated. (271 threads)
[2024-09-04T12:42:11.512+0000][2041.340s][info ][safepoint     ] Application time: 1.0002197 seconds
[2024-09-04T12:42:11.512+0000][2041.340s][info ][safepoint     ] Entering safepoint region: Cleanup
[2024-09-04T12:42:11.512+0000][2041.341s][info ][safepoint     ] Leaving safepoint region
[2024-09-04T12:42:11.512+0000][2041.341s][info ][safepoint     ] Total time for which application threads were stopped: 0.0006012 seconds, Stopping threads took: 0.0001420 seconds
[2024-09-04T12:42:12.512+0000][2042.341s][debug][safepoint     ] Safepoint synchronization initiated. (271 threads)
[2024-09-04T12:42:12.513+0000][2042.341s][info ][safepoint     ] Application time: 1.0003538 seconds
[2024-09-04T12:42:12.513+0000][2042.342s][info ][safepoint     ] Entering safepoint region: Cleanup
[2024-09-04T12:42:12.514+0000][2042.342s][info ][safepoint     ] Leaving safepoint region
[2024-09-04T12:42:12.514+0000][2042.342s][info ][safepoint     ] Total time for which application threads were stopped: 0.0010672 seconds, Stopping threads took: 0.0002705 seconds
[2024-09-04T12:42:13.514+0000][2043.343s][debug][safepoint     ] Safepoint synchronization initiated. (271 threads)
[2024-09-04T12:42:13.514+0000][2043.343s][info ][safepoint     ] Application time: 1.0002391 seconds
[2024-09-04T12:42:13.514+0000][2043.343s][info ][safepoint     ] Entering safepoint region: Cleanup
[2024-09-04T12:42:13.515+0000][2043.343s][info ][safepoint     ] Leaving safepoint region
[2024-09-04T12:42:13.515+0000][2043.343s][info ][safepoint     ] Total time for which application threads were stopped: 0.0007583 seconds, Stopping threads took: 0.0002075 seconds
[2024-09-04T12:42:14.515+0000][2044.344s][debug][safepoint     ] Safepoint synchronization initiated. (271 threads)
[2024-09-04T12:42:14.515+0000][2044.344s][info ][safepoint     ] Application time: 1.0003317 seconds
[2024-09-04T12:42:14.515+0000][2044.344s][info ][safepoint     ] Entering safepoint region: Cleanup
[2024-09-04T12:42:14.516+0000][2044.344s][info ][safepoint     ] Leaving safepoint region
[2024-09-04T12:42:14.516+0000][2044.345s][info ][safepoint     ] Total time for which application threads were stopped: 0.0007446 seconds, Stopping threads took: 0.0001976 seconds
[2024-09-04T12:42:15.516+0000][2045.345s][debug][safepoint     ] Safepoint synchronization initiated. (271 threads)
[2024-09-04T12:42:15.516+0000][2045.345s][info ][safepoint     ] Application time: 1.0002171 seconds
[2024-09-04T12:42:15.516+0000][2045.345s][info ][safepoint     ] Entering safepoint region: Cleanup
[2024-09-04T12:42:15.517+0000][2045.345s][info ][safepoint     ] Leaving safepoint region
[2024-09-04T12:42:15.517+0000][2045.346s][info ][safepoint     ] Total time for which application threads were stopped: 0.0007416 seconds, Stopping threads took: 0.0002619 seconds
[2024-09-04T12:42:16.517+0000][2046.346s][debug][safepoint     ] Safepoint synchronization initiated. (271 threads)
[2024-09-04T12:42:16.517+0000][2046.346s][info ][safepoint     ] Application time: 1.0002091 seconds
[2024-09-04T12:42:16.517+0000][2046.346s][info ][safepoint     ] Entering safepoint region: Cleanup
[2024-09-04T12:42:16.518+0000][2046.347s][info ][safepoint     ] Leaving safepoint region
[2024-09-04T12:42:16.518+0000][2046.347s][info ][safepoint     ] Total time for which application threads were stopped: 0.0007858 seconds, Stopping threads took: 0.0002161 seconds
[2024-09-04T12:42:17.518+0000][2047.347s][debug][safepoint     ] Safepoint synchronization initiated. (271 threads)
[2024-09-04T12:42:17.518+0000][2047.347s][info ][safepoint     ] Application time: 1.0002585 seconds
[2024-09-04T12:42:17.518+0000][2047.347s][info ][safepoint     ] Entering safepoint region: Cleanup
[2024-09-04T12:42:17.519+0000][2047.348s][info ][safepoint     ] Leaving safepoint region
[2024-09-04T12:42:17.519+0000][2047.348s][info ][safepoint     ] Total time for which application threads were stopped: 0.0008679 seconds, Stopping threads took: 0.0002058 seconds
[2024-09-04T12:42:18.519+0000][2048.348s][debug][safepoint     ] Safepoint synchronization initiated. (271 threads)
[2024-09-04T12:42:18.519+0000][2048.348s][info ][safepoint     ] Application time: 1.0002509 seconds
[2024-09-04T12:42:18.519+0000][2048.348s][info ][safepoint     ] Entering safepoint region: Cleanup
[2024-09-04T12:42:18.520+0000][2048.349s][info ][safepoint     ] Leaving safepoint region
[2024-09-04T12:42:18.520+0000][2048.349s][info ][safepoint     ] Total time for which application threads were stopped: 0.0008377 seconds, Stopping threads took: 0.0002027 seconds
[2024-09-04T12:42:19.520+0000][2049.349s][debug][safepoint     ] Safepoint synchronization initiated. (271 threads)
[2024-09-04T12:42:19.520+0000][2049.349s][info ][safepoint     ] Application time: 1.0002563 seconds
[2024-09-04T12:42:19.521+0000][2049.349s][info ][safepoint     ] Entering safepoint region: Cleanup
[2024-09-04T12:42:19.521+0000][2049.350s][info ][safepoint     ] Leaving safepoint region
[2024-09-04T12:42:19.521+0000][2049.350s][info ][safepoint     ] Total time for which application threads were stopped: 0.0007483 seconds, Stopping threads took: 0.0002036 seconds
[2024-09-04T12:42:20.521+0000][2050.350s][debug][safepoint     ] Safepoint synchronization initiated. (271 threads)
[2024-09-04T12:42:20.521+0000][2050.350s][info ][safepoint     ] Application time: 1.0002429 seconds
[2024-09-04T12:42:20.522+0000][2050.350s][info ][safepoint     ] Entering safepoint region: Cleanup
[2024-09-04T12:42:20.522+0000][2050.351s][info ][safepoint     ] Leaving safepoint region
[2024-09-04T12:42:20.522+0000][2050.351s][info ][safepoint     ] Total time for which application threads were stopped: 0.0007509 seconds, Stopping threads took: 0.0002061 seconds
[2024-09-04T12:42:21.522+0000][2051.351s][debug][safepoint     ] Safepoint synchronization initiated. (271 threads)
[2024-09-04T12:42:21.523+0000][2051.351s][info ][safepoint     ] Application time: 1.0003192 seconds
[2024-09-04T12:42:21.523+0000][2051.352s][info ][safepoint     ] Entering safepoint region: Cleanup
[2024-09-04T12:42:21.524+0000][2051.353s][info ][safepoint     ] Leaving safepoint region
[2024-09-04T12:42:21.524+0000][2051.353s][info ][safepoint     ] Total time for which application threads were stopped: 0.0012233 seconds, Stopping threads took: 0.0003259 seconds
[2024-09-04T12:42:22.524+0000][2052.353s][debug][safepoint     ] Safepoint synchronization initiated. (271 threads)
[2024-09-04T12:42:22.524+0000][2052.353s][info ][safepoint     ] Application time: 1.0002450 seconds
[2024-09-04T12:42:22.524+0000][2052.353s][info ][safepoint     ] Entering safepoint region: Cleanup
[2024-09-04T12:42:22.525+0000][2052.354s][info ][safepoint     ] Leaving safepoint region
[2024-09-04T12:42:22.525+0000][2052.354s][info ][safepoint     ] Total time for which application threads were stopped: 0.0009840 seconds, Stopping threads took: 0.0002215 seconds
[2024-09-04T12:42:23.525+0000][2053.354s][debug][safepoint     ] Safepoint synchronization initiated. (271 threads)
[2024-09-04T12:42:23.525+0000][2053.354s][info ][safepoint     ] Application time: 1.0003360 seconds
[2024-09-04T12:42:23.526+0000][2053.355s][info ][safepoint     ] Entering safepoint region: Cleanup
[2024-09-04T12:42:23.527+0000][2053.355s][info ][safepoint     ] Leaving safepoint region
[2024-09-04T12:42:23.527+0000][2053.355s][info ][safepoint     ] Total time for which application threads were stopped: 0.0010925 seconds, Stopping threads took: 0.0003536 seconds
[2024-09-04T12:42:24.527+0000][2054.356s][debug][safepoint     ] Safepoint synchronization initiated. (271 threads)
[2024-09-04T12:42:24.527+0000][2054.356s][info ][safepoint     ] Application time: 1.0002483 seconds
[2024-09-04T12:42:24.527+0000][2054.356s][info ][safepoint     ] Entering safepoint region: Cleanup
[2024-09-04T12:42:24.527+0000][2054.356s][info ][safepoint     ] Leaving safepoint region
[2024-09-04T12:42:24.527+0000][2054.356s][info ][safepoint     ] Total time for which application threads were stopped: 0.0005157 seconds, Stopping threads took: 0.0001966 seconds
[2024-09-04T12:42:25.528+0000][2055.356s][debug][safepoint     ] Safepoint synchronization initiated. (271 threads)
[2024-09-04T12:42:25.528+0000][2055.356s][info ][safepoint     ] Application time: 1.0001979 seconds
[2024-09-04T12:42:25.528+0000][2055.357s][info ][safepoint     ] Entering safepoint region: Cleanup
[2024-09-04T12:42:25.528+0000][2055.357s][info ][safepoint     ] Leaving safepoint region
[2024-09-04T12:42:25.528+0000][2055.357s][info ][safepoint     ] Total time for which application threads were stopped: 0.0006750 seconds, Stopping threads took: 0.0002073 seconds
[2024-09-04T12:42:26.528+0000][2056.357s][debug][safepoint     ] Safepoint synchronization initiated. (271 threads)
[2024-09-04T12:42:26.529+0000][2056.357s][info ][safepoint     ] Application time: 1.0001905 seconds
[2024-09-04T12:42:26.529+0000][2056.357s][info ][safepoint     ] Entering safepoint region: Cleanup
[2024-09-04T12:42:26.529+0000][2056.358s][info ][safepoint     ] Leaving safepoint region
[2024-09-04T12:42:26.529+0000][2056.358s][info ][safepoint     ] Total time for which application threads were stopped: 0.0006453 seconds, Stopping threads took: 0.0002062 seconds
[2024-09-04T12:42:27.529+0000][2057.358s][debug][safepoint     ] Safepoint synchronization initiated. (271 threads)
[2024-09-04T12:42:27.529+0000][2057.358s][info ][safepoint     ] Application time: 1.0001812 seconds
[2024-09-04T12:42:27.530+0000][2057.358s][info ][safepoint     ] Entering safepoint region: Cleanup
[2024-09-04T12:42:27.530+0000][2057.359s][info ][safepoint     ] Leaving safepoint region
[2024-09-04T12:42:27.530+0000][2057.359s][info ][safepoint     ] Total time for which application threads were stopped: 0.0007786 seconds, Stopping threads took: 0.0002583 seconds
[2024-09-04T12:42:28.530+0000][2058.359s][debug][safepoint     ] Safepoint synchronization initiated. (271 threads)
[2024-09-04T12:42:28.531+0000][2058.359s][info ][safepoint     ] Application time: 1.0003178 seconds
[2024-09-04T12:42:28.531+0000][2058.360s][info ][safepoint     ] Entering safepoint region: Cleanup
[2024-09-04T12:42:28.531+0000][2058.360s][info ][safepoint     ] Leaving safepoint region
[2024-09-04T12:42:28.531+0000][2058.360s][info ][safepoint     ] Total time for which application threads were stopped: 0.0008694 seconds, Stopping threads took: 0.0003038 seconds
[2024-09-04T12:42:29.532+0000][2059.360s][debug][safepoint     ] Safepoint synchronization initiated. (271 threads)
[2024-09-04T12:42:29.532+0000][2059.360s][info ][safepoint     ] Application time: 1.0002467 seconds
[2024-09-04T12:42:29.532+0000][2059.361s][info ][safepoint     ] Entering safepoint region: Cleanup
[2024-09-04T12:42:29.532+0000][2059.361s][info ][safepoint     ] Leaving safepoint region
[2024-09-04T12:42:29.532+0000][2059.361s][info ][safepoint     ] Total time for which application threads were stopped: 0.0007602 seconds, Stopping threads took: 0.0001716 seconds
[2024-09-04T12:42:30.533+0000][2060.362s][debug][safepoint     ] Safepoint synchronization initiated. (271 threads)
[2024-09-04T12:42:30.533+0000][2060.362s][info ][safepoint     ] Application time: 1.0003485 seconds
[2024-09-04T12:42:30.533+0000][2060.362s][info ][safepoint     ] Entering safepoint region: Cleanup
[2024-09-04T12:42:30.534+0000][2060.363s][info ][safepoint     ] Leaving safepoint region
[2024-09-04T12:42:30.534+0000][2060.363s][info ][safepoint     ] Total time for which application threads were stopped: 0.0009716 seconds, Stopping threads took: 0.0002082 seconds
[2024-09-04T12:42:31.534+0000][2061.363s][debug][safepoint     ] Safepoint synchronization initiated. (271 threads)
[2024-09-04T12:42:31.534+0000][2061.363s][info ][safepoint     ] Application time: 1.0002650 seconds
[2024-09-04T12:42:31.534+0000][2061.363s][info ][safepoint     ] Entering safepoint region: Cleanup
[2024-09-04T12:42:31.535+0000][2061.364s][info ][safepoint     ] Leaving safepoint region
[2024-09-04T12:42:31.535+0000][2061.364s][info ][safepoint     ] Total time for which application threads were stopped: 0.0010591 seconds, Stopping threads took: 0.0002207 seconds
[2024-09-04T12:42:32.535+0000][2062.364s][debug][safepoint     ] Safepoint synchronization initiated. (271 threads)
[2024-09-04T12:42:32.536+0000][2062.364s][info ][safepoint     ] Application time: 1.0002751 seconds
[2024-09-04T12:42:32.536+0000][2062.364s][info ][safepoint     ] Entering safepoint region: Cleanup
[2024-09-04T12:42:32.537+0000][2062.365s][info ][safepoint     ] Leaving safepoint region
[2024-09-04T12:42:32.537+0000][2062.365s][info ][safepoint     ] Total time for which application threads were stopped: 0.0010266 seconds, Stopping threads took: 0.0002088 seconds
[2024-09-04T12:42:33.537+0000][2063.366s][debug][safepoint     ] Safepoint synchronization initiated. (271 threads)
[2024-09-04T12:42:33.537+0000][2063.366s][info ][safepoint     ] Application time: 1.0004740 seconds
[2024-09-04T12:42:33.537+0000][2063.366s][debug][safepoint     ] ... found polling page return exception at pc = 0x00007ff4a123cac6, stub =0x00007ff498824b00
[2024-09-04T12:42:33.538+0000][2063.366s][debug][safepoint     ] Waiting for 1 thread(s) to block
[2024-09-04T12:42:33.538+0000][2063.367s][info ][safepoint     ] Entering safepoint region: Cleanup
[2024-09-04T12:42:33.538+0000][2063.367s][info ][safepoint     ] Leaving safepoint region
[2024-09-04T12:42:33.538+0000][2063.367s][info ][safepoint     ] Total time for which application threads were stopped: 0.0012344 seconds, Stopping threads took: 0.0006957 seconds
[2024-09-04T12:42:34.539+0000][2064.367s][debug][safepoint     ] Safepoint synchronization initiated. (271 threads)
[2024-09-04T12:42:34.539+0000][2064.367s][info ][safepoint     ] Application time: 1.0003139 seconds
[2024-09-04T12:42:34.539+0000][2064.368s][info ][safepoint     ] Entering safepoint region: Cleanup
[2024-09-04T12:42:34.540+0000][2064.368s][info ][safepoint     ] Leaving safepoint region
[2024-09-04T12:42:34.540+0000][2064.368s][info ][safepoint     ] Total time for which application threads were stopped: 0.0008426 seconds, Stopping threads took: 0.0002012 seconds
[2024-09-04T12:42:35.540+0000][2065.369s][debug][safepoint     ] Safepoint synchronization initiated. (271 threads)
[2024-09-04T12:42:35.540+0000][2065.369s][info ][safepoint     ] Application time: 1.0003765 seconds
[2024-09-04T12:42:35.540+0000][2065.369s][info ][safepoint     ] Entering safepoint region: Cleanup
[2024-09-04T12:42:35.541+0000][2065.370s][info ][safepoint     ] Leaving safepoint region
[2024-09-04T12:42:35.541+0000][2065.370s][info ][safepoint     ] Total time for which application threads were stopped: 0.0010117 seconds, Stopping threads took: 0.0002253 seconds
[2024-09-04T12:42:36.541+0000][2066.370s][debug][safepoint     ] Safepoint synchronization initiated. (271 threads)
[2024-09-04T12:42:36.541+0000][2066.370s][info ][safepoint     ] Application time: 1.0002597 seconds
[2024-09-04T12:42:36.542+0000][2066.370s][info ][safepoint     ] Entering safepoint region: Cleanup
[2024-09-04T12:42:36.542+0000][2066.371s][info ][safepoint     ] Leaving safepoint region
[2024-09-04T12:42:36.542+0000][2066.371s][info ][safepoint     ] Total time for which application threads were stopped: 0.0009414 seconds, Stopping threads took: 0.0002732 seconds
[2024-09-04T12:42:37.542+0000][2067.371s][debug][safepoint     ] Safepoint synchronization initiated. (271 threads)
[2024-09-04T12:42:37.543+0000][2067.371s][info ][safepoint     ] Application time: 1.0002952 seconds
[2024-09-04T12:42:37.543+0000][2067.372s][info ][safepoint     ] Entering safepoint region: Cleanup
[2024-09-04T12:42:37.543+0000][2067.372s][info ][safepoint     ] Leaving safepoint region
[2024-09-04T12:42:37.544+0000][2067.372s][info ][safepoint     ] Total time for which application threads were stopped: 0.0009318 seconds, Stopping threads took: 0.0002837 seconds
[2024-09-04T12:42:38.544+0000][2068.373s][debug][safepoint     ] Safepoint synchronization initiated. (271 threads)
[2024-09-04T12:42:38.544+0000][2068.373s][info ][safepoint     ] Application time: 1.0004000 seconds
[2024-09-04T12:42:38.544+0000][2068.373s][info ][safepoint     ] Entering safepoint region: Cleanup
[2024-09-04T12:42:38.545+0000][2068.374s][info ][safepoint     ] Leaving safepoint region
[2024-09-04T12:42:38.545+0000][2068.374s][info ][safepoint     ] Total time for which application threads were stopped: 0.0008142 seconds, Stopping threads took: 0.0002918 seconds
[2024-09-04T12:42:39.235+0000][2069.064s][debug][safepoint     ] Safepoint synchronization initiated. (271 threads)
[2024-09-04T12:42:39.235+0000][2069.064s][info ][safepoint     ] Application time: 0.6900935 seconds
[2024-09-04T12:42:39.235+0000][2069.064s][info ][safepoint     ] Entering safepoint region: G1CollectForAllocation
[2024-09-04T12:42:39.236+0000][2069.065s][info ][gc,start      ] GC(143) Pause Young (Normal) (G1 Evacuation Pause)
[2024-09-04T12:42:39.236+0000][2069.065s][info ][gc,task       ] GC(143) Using 4 workers of 4 for evacuation
[2024-09-04T12:42:39.245+0000][2069.073s][info ][gc,phases     ] GC(143)   Pre Evacuate Collection Set: 0.1ms
[2024-09-04T12:42:39.245+0000][2069.074s][info ][gc,phases     ] GC(143)   Evacuate Collection Set: 3.3ms
[2024-09-04T12:42:39.245+0000][2069.074s][info ][gc,phases     ] GC(143)   Post Evacuate Collection Set: 4.9ms
[2024-09-04T12:42:39.245+0000][2069.074s][info ][gc,phases     ] GC(143)   Other: 0.7ms
[2024-09-04T12:42:39.245+0000][2069.074s][info ][gc,heap       ] GC(143) Eden regions: 185->0(185)
[2024-09-04T12:42:39.245+0000][2069.074s][info ][gc,heap       ] GC(143) Survivor regions: 2->2(24)
[2024-09-04T12:42:39.245+0000][2069.074s][info ][gc,heap       ] GC(143) Old regions: 181->181
[2024-09-04T12:42:39.245+0000][2069.074s][info ][gc,heap       ] GC(143) Humongous regions: 0->0
[2024-09-04T12:42:39.245+0000][2069.074s][info ][gc,metaspace  ] GC(143) Metaspace: 185779K(191984K)->185779K(191984K) NonClass: 164632K(168404K)->164632K(168404K) Class: 21146K(23580K)->21146K(23580K)
[2024-09-04T12:42:39.245+0000][2069.074s][info ][gc            ] GC(143) Pause Young (Normal) (G1 Evacuation Pause) 365M->180M(412M) 8.985ms
[2024-09-04T12:42:39.245+0000][2069.074s][info ][gc,cpu        ] GC(143) User=0.03s Sys=0.00s Real=0.01s
[2024-09-04T12:42:39.245+0000][2069.074s][info ][safepoint     ] Leaving safepoint region
[2024-09-04T12:42:39.245+0000][2069.074s][info ][safepoint     ] Total time for which application threads were stopped: 0.0101136 seconds, Stopping threads took: 0.0002195 seconds
[2024-09-04T12:42:39.245+0000][2069.074s][info ][gc,stringdedup] Concurrent String Deduplication (2069.074s)
[2024-09-04T12:42:39.245+0000][2069.074s][info ][gc,stringdedup] Concurrent String Deduplication 0.0B->0.0B(0.0B) avg 55.6% (2069.074s, 2069.074s) 0.047ms
[2024-09-04T12:42:40.245+0000][2070.074s][debug][safepoint     ] Safepoint synchronization initiated. (271 threads)
[2024-09-04T12:42:40.246+0000][2070.074s][info ][safepoint     ] Application time: 1.0003922 seconds
[2024-09-04T12:42:40.246+0000][2070.075s][info ][safepoint     ] Entering safepoint region: Cleanup
[2024-09-04T12:42:40.247+0000][2070.075s][info ][safepoint     ] Leaving safepoint region
[2024-09-04T12:42:40.247+0000][2070.075s][info ][safepoint     ] Total time for which application threads were stopped: 0.0009938 seconds, Stopping threads took: 0.0002846 seconds
[2024-09-04T12:42:41.247+0000][2071.076s][debug][safepoint     ] Safepoint synchronization initiated. (271 threads)
[2024-09-04T12:42:41.247+0000][2071.076s][info ][safepoint     ] Application time: 1.0001788 seconds
[2024-09-04T12:42:41.247+0000][2071.076s][info ][safepoint     ] Entering safepoint region: Cleanup
[2024-09-04T12:42:41.248+0000][2071.076s][info ][safepoint     ] Leaving safepoint region
[2024-09-04T12:42:41.248+0000][2071.076s][info ][safepoint     ] Total time for which application threads were stopped: 0.0008667 seconds, Stopping threads took: 0.0002013 seconds
[2024-09-04T12:42:42.248+0000][2072.077s][debug][safepoint     ] Safepoint synchronization initiated. (271 threads)
[2024-09-04T12:42:42.248+0000][2072.077s][info ][safepoint     ] Application time: 1.0001774 seconds
[2024-09-04T12:42:42.248+0000][2072.077s][info ][safepoint     ] Entering safepoint region: Cleanup
[2024-09-04T12:42:42.249+0000][2072.078s][info ][safepoint     ] Leaving safepoint region
[2024-09-04T12:42:42.249+0000][2072.078s][info ][safepoint     ] Total time for which application threads were stopped: 0.0008959 seconds, Stopping threads took: 0.0001940 seconds
[2024-09-04T12:42:43.249+0000][2073.078s][debug][safepoint     ] Safepoint synchronization initiated. (271 threads)
[2024-09-04T12:42:43.249+0000][2073.078s][info ][safepoint     ] Application time: 1.0002116 seconds
[2024-09-04T12:42:43.249+0000][2073.078s][info ][safepoint     ] Entering safepoint region: Cleanup
[2024-09-04T12:42:43.250+0000][2073.079s][info ][safepoint     ] Leaving safepoint region
[2024-09-04T12:42:43.250+0000][2073.079s][info ][safepoint     ] Total time for which application threads were stopped: 0.0008516 seconds, Stopping threads took: 0.0002195 seconds
[2024-09-04T12:42:44.250+0000][2074.079s][debug][safepoint     ] Safepoint synchronization initiated. (271 threads)
[2024-09-04T12:42:44.250+0000][2074.079s][info ][safepoint     ] Application time: 1.0002403 seconds
[2024-09-04T12:42:44.250+0000][2074.079s][info ][safepoint     ] Entering safepoint region: Cleanup
[2024-09-04T12:42:44.251+0000][2074.080s][info ][safepoint     ] Leaving safepoint region
[2024-09-04T12:42:44.251+0000][2074.080s][info ][safepoint     ] Total time for which application threads were stopped: 0.0011239 seconds, Stopping threads took: 0.0002476 seconds
[2024-09-04T12:42:45.252+0000][2075.080s][debug][safepoint     ] Safepoint synchronization initiated. (271 threads)
[2024-09-04T12:42:45.252+0000][2075.080s][info ][safepoint     ] Application time: 1.0002768 seconds
[2024-09-04T12:42:45.252+0000][2075.081s][info ][safepoint     ] Entering safepoint region: Cleanup
[2024-09-04T12:42:45.253+0000][2075.082s][info ][safepoint     ] Leaving safepoint region
[2024-09-04T12:42:45.253+0000][2075.082s][info ][safepoint     ] Total time for which application threads were stopped: 0.0011187 seconds, Stopping threads took: 0.0002881 seconds
[2024-09-04T12:42:46.253+0000][2076.082s][debug][safepoint     ] Safepoint synchronization initiated. (271 threads)
[2024-09-04T12:42:46.253+0000][2076.082s][info ][safepoint     ] Application time: 1.0002896 seconds
[2024-09-04T12:42:46.253+0000][2076.082s][info ][safepoint     ] Entering safepoint region: Cleanup
[2024-09-04T12:42:46.254+0000][2076.083s][info ][safepoint     ] Leaving safepoint region
[2024-09-04T12:42:46.254+0000][2076.083s][info ][safepoint     ] Total time for which application threads were stopped: 0.0011416 seconds, Stopping threads took: 0.0002632 seconds
[2024-09-04T12:42:47.255+0000][2077.083s][debug][safepoint     ] Safepoint synchronization initiated. (271 threads)
[2024-09-04T12:42:47.255+0000][2077.083s][info ][safepoint     ] Application time: 1.0003317 seconds
[2024-09-04T12:42:47.255+0000][2077.084s][info ][safepoint     ] Entering safepoint region: Cleanup
[2024-09-04T12:42:47.256+0000][2077.084s][info ][safepoint     ] Leaving safepoint region
[2024-09-04T12:42:47.256+0000][2077.084s][info ][safepoint     ] Total time for which application threads were stopped: 0.0009465 seconds, Stopping threads took: 0.0002347 seconds
[2024-09-04T12:42:48.256+0000][2078.085s][debug][safepoint     ] Safepoint synchronization initiated. (271 threads)
[2024-09-04T12:42:48.256+0000][2078.085s][info ][safepoint     ] Application time: 1.0002156 seconds
[2024-09-04T12:42:48.256+0000][2078.085s][info ][safepoint     ] Entering safepoint region: Cleanup
[2024-09-04T12:42:48.257+0000][2078.085s][info ][safepoint     ] Leaving safepoint region
[2024-09-04T12:42:48.257+0000][2078.085s][info ][safepoint     ] Total time for which application threads were stopped: 0.0007633 seconds, Stopping threads took: 0.0002070 seconds
[2024-09-04T12:42:49.257+0000][2079.086s][debug][safepoint     ] Safepoint synchronization initiated. (271 threads)
[2024-09-04T12:42:49.257+0000][2079.086s][info ][safepoint     ] Application time: 1.0002027 seconds
[2024-09-04T12:42:49.257+0000][2079.086s][info ][safepoint     ] Entering safepoint region: Cleanup
[2024-09-04T12:42:49.258+0000][2079.086s][info ][safepoint     ] Leaving safepoint region
[2024-09-04T12:42:49.258+0000][2079.086s][info ][safepoint     ] Total time for which application threads were stopped: 0.0008016 seconds, Stopping threads took: 0.0001886 seconds
[2024-09-04T12:42:50.258+0000][2080.087s][debug][safepoint     ] Safepoint synchronization initiated. (271 threads)
[2024-09-04T12:42:50.258+0000][2080.087s][info ][safepoint     ] Application time: 1.0002459 seconds
[2024-09-04T12:42:50.258+0000][2080.087s][info ][safepoint     ] Entering safepoint region: Cleanup
[2024-09-04T12:42:50.259+0000][2080.088s][info ][safepoint     ] Leaving safepoint region
[2024-09-04T12:42:50.259+0000][2080.088s][info ][safepoint     ] Total time for which application threads were stopped: 0.0010010 seconds, Stopping threads took: 0.0002113 seconds
[2024-09-04T12:42:51.259+0000][2081.088s][debug][safepoint     ] Safepoint synchronization initiated. (271 threads)
[2024-09-04T12:42:51.259+0000][2081.088s][info ][safepoint     ] Application time: 1.0002470 seconds
[2024-09-04T12:42:51.259+0000][2081.088s][info ][safepoint     ] Entering safepoint region: Cleanup
[2024-09-04T12:42:51.260+0000][2081.089s][info ][safepoint     ] Leaving safepoint region
[2024-09-04T12:42:51.260+0000][2081.089s][info ][safepoint     ] Total time for which application threads were stopped: 0.0009581 seconds, Stopping threads took: 0.0002055 seconds
[2024-09-04T12:42:52.261+0000][2082.089s][debug][safepoint     ] Safepoint synchronization initiated. (271 threads)
[2024-09-04T12:42:52.261+0000][2082.089s][info ][safepoint     ] Application time: 1.0003011 seconds
[2024-09-04T12:42:52.261+0000][2082.090s][info ][safepoint     ] Entering safepoint region: Cleanup
[2024-09-04T12:42:52.261+0000][2082.090s][info ][safepoint     ] Leaving safepoint region
[2024-09-04T12:42:52.261+0000][2082.090s][info ][safepoint     ] Total time for which application threads were stopped: 0.0007627 seconds, Stopping threads took: 0.0002616 seconds
[2024-09-04T12:42:53.262+0000][2083.090s][debug][safepoint     ] Safepoint synchronization initiated. (271 threads)
[2024-09-04T12:42:53.262+0000][2083.090s][info ][safepoint     ] Application time: 1.0002435 seconds
[2024-09-04T12:42:53.262+0000][2083.091s][info ][safepoint     ] Entering safepoint region: Cleanup
[2024-09-04T12:42:53.263+0000][2083.091s][info ][safepoint     ] Leaving safepoint region
[2024-09-04T12:42:53.263+0000][2083.091s][info ][safepoint     ] Total time for which application threads were stopped: 0.0009316 seconds, Stopping threads took: 0.0002954 seconds
[2024-09-04T12:42:54.263+0000][2084.092s][debug][safepoint     ] Safepoint synchronization initiated. (271 threads)
[2024-09-04T12:42:54.263+0000][2084.092s][info ][safepoint     ] Application time: 1.0003704 seconds
[2024-09-04T12:42:54.263+0000][2084.092s][info ][safepoint     ] Entering safepoint region: Cleanup
[2024-09-04T12:42:54.264+0000][2084.093s][info ][safepoint     ] Leaving safepoint region
[2024-09-04T12:42:54.264+0000][2084.093s][info ][safepoint     ] Total time for which application threads were stopped: 0.0008923 seconds, Stopping threads took: 0.0002029 seconds
[2024-09-04T12:42:55.264+0000][2085.093s][debug][safepoint     ] Safepoint synchronization initiated. (271 threads)
[2024-09-04T12:42:55.264+0000][2085.093s][info ][safepoint     ] Application time: 1.0003560 seconds
[2024-09-04T12:42:55.264+0000][2085.093s][info ][safepoint     ] Entering safepoint region: Cleanup
[2024-09-04T12:42:55.265+0000][2085.094s][info ][safepoint     ] Leaving safepoint region
[2024-09-04T12:42:55.265+0000][2085.094s][info ][safepoint     ] Total time for which application threads were stopped: 0.0005764 seconds, Stopping threads took: 0.0001578 seconds
[2024-09-04T12:42:56.265+0000][2086.094s][debug][safepoint     ] Safepoint synchronization initiated. (271 threads)
[2024-09-04T12:42:56.265+0000][2086.094s][info ][safepoint     ] Application time: 1.0001176 seconds
[2024-09-04T12:42:56.265+0000][2086.094s][debug][safepoint     ] ... found polling page return exception at pc = 0x00007ff4a128582d, stub =0x00007ff498824b00
[2024-09-04T12:42:56.265+0000][2086.094s][debug][safepoint     ] ... found polling page return exception at pc = 0x00007ff4a09c2674, stub =0x00007ff498824b00
[2024-09-04T12:42:56.265+0000][2086.094s][debug][safepoint     ] Waiting for 2 thread(s) to block
[2024-09-04T12:42:56.265+0000][2086.094s][info ][safepoint     ] Entering safepoint region: Cleanup
[2024-09-04T12:42:56.266+0000][2086.095s][debug][safepoint     ] ... found polling page return exception at pc = 0x00007ff4a131ffd6, stub =0x00007ff498824b00
[2024-09-04T12:42:56.266+0000][2086.095s][debug][safepoint     ] ... found polling page return exception at pc = 0x00007ff4a131ffd6, stub =0x00007ff498824b00
[2024-09-04T12:42:56.266+0000][2086.095s][debug][safepoint     ] ... found polling page return exception at pc = 0x00007ff4a131ffd6, stub =0x00007ff498824b00
[2024-09-04T12:42:56.266+0000][2086.095s][info ][safepoint     ] Leaving safepoint region
[2024-09-04T12:42:56.266+0000][2086.095s][info ][safepoint     ] Total time for which application threads were stopped: 0.0008954 seconds, Stopping threads took: 0.0003403 seconds
[2024-09-04T12:42:57.266+0000][2087.095s][debug][safepoint     ] Safepoint synchronization initiated. (271 threads)
[2024-09-04T12:42:57.266+0000][2087.095s][info ][safepoint     ] Application time: 1.0002337 seconds
[2024-09-04T12:42:57.269+0000][2087.098s][info ][safepoint     ] Entering safepoint region: Cleanup
[2024-09-04T12:42:57.270+0000][2087.099s][info ][safepoint     ] Leaving safepoint region
[2024-09-04T12:42:57.270+0000][2087.099s][info ][safepoint     ] Total time for which application threads were stopped: 0.0036509 seconds, Stopping threads took: 0.0030123 seconds
[2024-09-04T12:42:58.270+0000][2088.099s][debug][safepoint     ] Safepoint synchronization initiated. (271 threads)
[2024-09-04T12:42:58.270+0000][2088.099s][info ][safepoint     ] Application time: 1.0002431 seconds
[2024-09-04T12:42:58.270+0000][2088.099s][info ][safepoint     ] Entering safepoint region: Cleanup
[2024-09-04T12:42:58.271+0000][2088.100s][info ][safepoint     ] Leaving safepoint region
[2024-09-04T12:42:58.271+0000][2088.100s][info ][safepoint     ] Total time for which application threads were stopped: 0.0008609 seconds, Stopping threads took: 0.0001836 seconds
[2024-09-04T12:42:59.271+0000][2089.100s][debug][safepoint     ] Safepoint synchronization initiated. (271 threads)
[2024-09-04T12:42:59.271+0000][2089.100s][info ][safepoint     ] Application time: 1.0002794 seconds
[2024-09-04T12:42:59.271+0000][2089.100s][info ][safepoint     ] Entering safepoint region: Cleanup
[2024-09-04T12:42:59.272+0000][2089.101s][info ][safepoint     ] Leaving safepoint region
[2024-09-04T12:42:59.272+0000][2089.101s][info ][safepoint     ] Total time for which application threads were stopped: 0.0006634 seconds, Stopping threads took: 0.0001699 seconds
[2024-09-04T12:43:00.272+0000][2090.101s][debug][safepoint     ] Safepoint synchronization initiated. (271 threads)
[2024-09-04T12:43:00.272+0000][2090.101s][info ][safepoint     ] Application time: 1.0003260 seconds
[2024-09-04T12:43:00.274+0000][2090.103s][info ][safepoint     ] Entering safepoint region: Cleanup
[2024-09-04T12:43:00.275+0000][2090.103s][info ][safepoint     ] Leaving safepoint region
[2024-09-04T12:43:00.275+0000][2090.104s][info ][safepoint     ] Total time for which application threads were stopped: 0.0023905 seconds, Stopping threads took: 0.0017876 seconds
[2024-09-04T12:43:01.275+0000][2091.104s][debug][safepoint     ] Safepoint synchronization initiated. (271 threads)
[2024-09-04T12:43:01.275+0000][2091.104s][info ][safepoint     ] Application time: 1.0002778 seconds
[2024-09-04T12:43:01.275+0000][2091.104s][info ][safepoint     ] Entering safepoint region: Cleanup
[2024-09-04T12:43:01.276+0000][2091.105s][info ][safepoint     ] Leaving safepoint region
[2024-09-04T12:43:01.276+0000][2091.105s][info ][safepoint     ] Total time for which application threads were stopped: 0.0010267 seconds, Stopping threads took: 0.0002127 seconds
[2024-09-04T12:43:02.276+0000][2092.105s][debug][safepoint     ] Safepoint synchronization initiated. (271 threads)
[2024-09-04T12:43:02.276+0000][2092.105s][info ][safepoint     ] Application time: 1.0003282 seconds
[2024-09-04T12:43:02.277+0000][2092.106s][info ][safepoint     ] Entering safepoint region: Cleanup
[2024-09-04T12:43:02.278+0000][2092.107s][info ][safepoint     ] Leaving safepoint region
[2024-09-04T12:43:02.278+0000][2092.107s][info ][safepoint     ] Total time for which application threads were stopped: 0.0013919 seconds, Stopping threads took: 0.0005340 seconds
[2024-09-04T12:43:03.278+0000][2093.107s][debug][safepoint     ] Safepoint synchronization initiated. (271 threads)
[2024-09-04T12:43:03.278+0000][2093.107s][info ][safepoint     ] Application time: 1.0002877 seconds
[2024-09-04T12:43:03.279+0000][2093.107s][info ][safepoint     ] Entering safepoint region: Cleanup
[2024-09-04T12:43:03.279+0000][2093.108s][debug][safepoint     ] ... found polling page loop exception at pc = 0x00007ff4a1317510, stub =0x00007ff498826680
[2024-09-04T12:43:03.279+0000][2093.108s][info ][safepoint     ] Leaving safepoint region
[2024-09-04T12:43:03.279+0000][2093.108s][info ][safepoint     ] Total time for which application threads were stopped: 0.0012171 seconds, Stopping threads took: 0.0003489 seconds
[2024-09-04T12:43:04.280+0000][2094.108s][debug][safepoint     ] Safepoint synchronization initiated. (271 threads)
[2024-09-04T12:43:04.280+0000][2094.109s][info ][safepoint     ] Application time: 1.0003312 seconds
[2024-09-04T12:43:04.280+0000][2094.109s][info ][safepoint     ] Entering safepoint region: Cleanup
[2024-09-04T12:43:04.281+0000][2094.110s][info ][safepoint     ] Leaving safepoint region
[2024-09-04T12:43:04.281+0000][2094.110s][info ][safepoint     ] Total time for which application threads were stopped: 0.0015314 seconds, Stopping threads took: 0.0005808 seconds
[2024-09-04T12:43:05.282+0000][2095.110s][debug][safepoint     ] Safepoint synchronization initiated. (271 threads)
[2024-09-04T12:43:05.282+0000][2095.110s][info ][safepoint     ] Application time: 1.0003286 seconds
[2024-09-04T12:43:05.282+0000][2095.111s][info ][safepoint     ] Entering safepoint region: Cleanup
[2024-09-04T12:43:05.283+0000][2095.112s][info ][safepoint     ] Leaving safepoint region
[2024-09-04T12:43:05.283+0000][2095.112s][info ][safepoint     ] Total time for which application threads were stopped: 0.0011857 seconds, Stopping threads took: 0.0005134 seconds
[2024-09-04T12:43:06.283+0000][2096.112s][debug][safepoint     ] Safepoint synchronization initiated. (271 threads)
[2024-09-04T12:43:06.283+0000][2096.112s][info ][safepoint     ] Application time: 1.0002176 seconds
[2024-09-04T12:43:06.283+0000][2096.112s][debug][safepoint     ] ... found polling page return exception at pc = 0x00007ff4a0349f2f, stub =0x00007ff498824b00
[2024-09-04T12:43:06.283+0000][2096.112s][debug][safepoint     ] Waiting for 1 thread(s) to block
[2024-09-04T12:43:06.284+0000][2096.112s][info ][safepoint     ] Entering safepoint region: Cleanup
[2024-09-04T12:43:06.284+0000][2096.113s][info ][safepoint     ] Leaving safepoint region
[2024-09-04T12:43:06.284+0000][2096.113s][info ][safepoint     ] Total time for which application threads were stopped: 0.0007957 seconds, Stopping threads took: 0.0004127 seconds
[2024-09-04T12:43:07.284+0000][2097.113s][debug][safepoint     ] Safepoint synchronization initiated. (271 threads)
[2024-09-04T12:43:07.284+0000][2097.113s][info ][safepoint     ] Application time: 1.0003121 seconds
[2024-09-04T12:43:07.285+0000][2097.114s][info ][safepoint     ] Entering safepoint region: Cleanup
[2024-09-04T12:43:07.286+0000][2097.114s][info ][safepoint     ] Leaving safepoint region
[2024-09-04T12:43:07.286+0000][2097.114s][info ][safepoint     ] Total time for which application threads were stopped: 0.0013441 seconds, Stopping threads took: 0.0004834 seconds
[2024-09-04T12:43:07.620+0000][2097.449s][debug][safepoint     ] Safepoint synchronization initiated. (271 threads)
[2024-09-04T12:43:07.620+0000][2097.449s][info ][safepoint     ] Application time: 0.3346730 seconds
[2024-09-04T12:43:07.621+0000][2097.449s][debug][safepoint     ] ... found polling page return exception at pc = 0x00007ff4a03d509f, stub =0x00007ff498824b00
[2024-09-04T12:43:07.621+0000][2097.449s][debug][safepoint     ] Waiting for 2 thread(s) to block
[2024-09-04T12:43:07.621+0000][2097.450s][info ][safepoint     ] Entering safepoint region: G1CollectForAllocation
[2024-09-04T12:43:07.621+0000][2097.450s][info ][gc,start      ] GC(144) Pause Young (Normal) (G1 Evacuation Pause)
[2024-09-04T12:43:07.621+0000][2097.450s][info ][gc,task       ] GC(144) Using 4 workers of 4 for evacuation
[2024-09-04T12:43:07.637+0000][2097.465s][info ][gc,phases     ] GC(144)   Pre Evacuate Collection Set: 0.1ms
[2024-09-04T12:43:07.637+0000][2097.465s][info ][gc,phases     ] GC(144)   Evacuate Collection Set: 5.8ms
[2024-09-04T12:43:07.637+0000][2097.465s][info ][gc,phases     ] GC(144)   Post Evacuate Collection Set: 8.5ms
[2024-09-04T12:43:07.637+0000][2097.465s][info ][gc,phases     ] GC(144)   Other: 0.8ms
[2024-09-04T12:43:07.637+0000][2097.465s][info ][gc,heap       ] GC(144) Eden regions: 185->0(185)
[2024-09-04T12:43:07.637+0000][2097.465s][info ][gc,heap       ] GC(144) Survivor regions: 2->1(24)
[2024-09-04T12:43:07.637+0000][2097.465s][info ][gc,heap       ] GC(144) Old regions: 181->182
[2024-09-04T12:43:07.637+0000][2097.465s][info ][gc,heap       ] GC(144) Humongous regions: 0->0
[2024-09-04T12:43:07.637+0000][2097.465s][info ][gc,metaspace  ] GC(144) Metaspace: 185791K(191984K)->185791K(191984K) NonClass: 164644K(168404K)->164644K(168404K) Class: 21146K(23580K)->21146K(23580K)
[2024-09-04T12:43:07.637+0000][2097.466s][info ][gc            ] GC(144) Pause Young (Normal) (G1 Evacuation Pause) 365M->180M(412M) 15.424ms
[2024-09-04T12:43:07.637+0000][2097.466s][info ][gc,cpu        ] GC(144) User=0.05s Sys=0.00s Real=0.02s
[2024-09-04T12:43:07.637+0000][2097.466s][info ][safepoint     ] Leaving safepoint region
[2024-09-04T12:43:07.637+0000][2097.466s][info ][safepoint     ] Total time for which application threads were stopped: 0.0164902 seconds, Stopping threads took: 0.0004149 seconds
[2024-09-04T12:43:07.637+0000][2097.466s][info ][gc,stringdedup] Concurrent String Deduplication (2097.466s)
[2024-09-04T12:43:07.637+0000][2097.466s][info ][gc,stringdedup] Concurrent String Deduplication 8512.0B->816.0B(7696.0B) avg 55.7% (2097.466s, 2097.466s) 0.066ms
[2024-09-04T12:43:08.637+0000][2098.466s][debug][safepoint     ] Safepoint synchronization initiated. (271 threads)
[2024-09-04T12:43:08.638+0000][2098.466s][info ][safepoint     ] Application time: 1.0006763 seconds
[2024-09-04T12:43:08.638+0000][2098.467s][info ][safepoint     ] Entering safepoint region: Cleanup
[2024-09-04T12:43:08.639+0000][2098.468s][info ][safepoint     ] Leaving safepoint region
[2024-09-04T12:43:08.639+0000][2098.468s][info ][safepoint     ] Total time for which application threads were stopped: 0.0015793 seconds, Stopping threads took: 0.0005616 seconds
[2024-09-04T12:43:09.640+0000][2099.468s][debug][safepoint     ] Safepoint synchronization initiated. (271 threads)
[2024-09-04T12:43:09.640+0000][2099.468s][info ][safepoint     ] Application time: 1.0002579 seconds
[2024-09-04T12:43:09.640+0000][2099.469s][debug][safepoint     ] ... found polling page return exception at pc = 0x00007ff4a04b7468, stub =0x00007ff498824b00
[2024-09-04T12:43:09.640+0000][2099.469s][debug][safepoint     ] Waiting for 1 thread(s) to block
[2024-09-04T12:43:09.640+0000][2099.469s][info ][safepoint     ] Entering safepoint region: Cleanup
[2024-09-04T12:43:09.641+0000][2099.469s][info ][safepoint     ] Leaving safepoint region
[2024-09-04T12:43:09.641+0000][2099.469s][info ][safepoint     ] Total time for which application threads were stopped: 0.0009275 seconds, Stopping threads took: 0.0003252 seconds
[2024-09-04T12:43:10.641+0000][2100.470s][debug][safepoint     ] Safepoint synchronization initiated. (271 threads)
[2024-09-04T12:43:10.641+0000][2100.470s][info ][safepoint     ] Application time: 1.0004184 seconds
[2024-09-04T12:43:10.641+0000][2100.470s][debug][safepoint     ] ... found polling page loop exception at pc = 0x00007ff4a09f95f2, stub =0x00007ff498826680
[2024-09-04T12:43:10.641+0000][2100.470s][debug][safepoint     ] Waiting for 1 thread(s) to block
[2024-09-04T12:43:10.642+0000][2100.470s][info ][safepoint     ] Entering safepoint region: Cleanup
[2024-09-04T12:43:10.642+0000][2100.471s][info ][safepoint     ] Leaving safepoint region
[2024-09-04T12:43:10.642+0000][2100.471s][info ][safepoint     ] Total time for which application threads were stopped: 0.0011427 seconds, Stopping threads took: 0.0005241 seconds
[2024-09-04T12:43:11.643+0000][2101.471s][debug][safepoint     ] Safepoint synchronization initiated. (271 threads)
[2024-09-04T12:43:11.643+0000][2101.471s][info ][safepoint     ] Application time: 1.0004159 seconds
[2024-09-04T12:43:11.643+0000][2101.472s][info ][safepoint     ] Entering safepoint region: Cleanup
[2024-09-04T12:43:11.644+0000][2101.472s][info ][safepoint     ] Leaving safepoint region
[2024-09-04T12:43:11.644+0000][2101.472s][info ][safepoint     ] Total time for which application threads were stopped: 0.0009625 seconds, Stopping threads took: 0.0002385 seconds
[2024-09-04T12:43:12.644+0000][2102.473s][debug][safepoint     ] Safepoint synchronization initiated. (271 threads)
[2024-09-04T12:43:12.644+0000][2102.473s][info ][safepoint     ] Application time: 1.0003064 seconds
[2024-09-04T12:43:12.644+0000][2102.473s][info ][safepoint     ] Entering safepoint region: Cleanup
[2024-09-04T12:43:12.645+0000][2102.474s][info ][safepoint     ] Leaving safepoint region
[2024-09-04T12:43:12.645+0000][2102.474s][info ][safepoint     ] Total time for which application threads were stopped: 0.0007979 seconds, Stopping threads took: 0.0002335 seconds
[2024-09-04T12:43:13.645+0000][2103.474s][debug][safepoint     ] Safepoint synchronization initiated. (271 threads)
[2024-09-04T12:43:13.645+0000][2103.474s][info ][safepoint     ] Application time: 1.0003433 seconds
[2024-09-04T12:43:13.645+0000][2103.474s][info ][safepoint     ] Entering safepoint region: Cleanup
[2024-09-04T12:43:13.646+0000][2103.475s][info ][safepoint     ] Leaving safepoint region
[2024-09-04T12:43:13.646+0000][2103.475s][info ][safepoint     ] Total time for which application threads were stopped: 0.0008676 seconds, Stopping threads took: 0.0002800 seconds
[2024-09-04T12:43:14.646+0000][2104.475s][debug][safepoint     ] Safepoint synchronization initiated. (271 threads)
[2024-09-04T12:43:14.647+0000][2104.475s][info ][safepoint     ] Application time: 1.0003522 seconds
[2024-09-04T12:43:14.647+0000][2104.476s][info ][safepoint     ] Entering safepoint region: Cleanup
[2024-09-04T12:43:14.649+0000][2104.477s][info ][safepoint     ] Leaving safepoint region
[2024-09-04T12:43:14.649+0000][2104.477s][info ][safepoint     ] Total time for which application threads were stopped: 0.0021382 seconds, Stopping threads took: 0.0004119 seconds
[2024-09-04T12:43:15.649+0000][2105.478s][debug][safepoint     ] Safepoint synchronization initiated. (271 threads)
[2024-09-04T12:43:15.649+0000][2105.478s][info ][safepoint     ] Application time: 1.0002960 seconds
[2024-09-04T12:43:15.649+0000][2105.478s][info ][safepoint     ] Entering safepoint region: Cleanup
[2024-09-04T12:43:15.650+0000][2105.479s][info ][safepoint     ] Leaving safepoint region
[2024-09-04T12:43:15.650+0000][2105.479s][info ][safepoint     ] Total time for which application threads were stopped: 0.0008689 seconds, Stopping threads took: 0.0002589 seconds
[2024-09-04T12:43:16.650+0000][2106.479s][debug][safepoint     ] Safepoint synchronization initiated. (271 threads)
[2024-09-04T12:43:16.650+0000][2106.479s][info ][safepoint     ] Application time: 1.0002412 seconds
[2024-09-04T12:43:16.650+0000][2106.479s][info ][safepoint     ] Entering safepoint region: Cleanup
[2024-09-04T12:43:16.651+0000][2106.480s][info ][safepoint     ] Leaving safepoint region
[2024-09-04T12:43:16.651+0000][2106.480s][info ][safepoint     ] Total time for which application threads were stopped: 0.0008631 seconds, Stopping threads took: 0.0002641 seconds
[2024-09-04T12:43:17.651+0000][2107.480s][debug][safepoint     ] Safepoint synchronization initiated. (271 threads)
[2024-09-04T12:43:17.651+0000][2107.480s][info ][safepoint     ] Application time: 1.0002943 seconds
[2024-09-04T12:43:17.652+0000][2107.480s][info ][safepoint     ] Entering safepoint region: Cleanup
[2024-09-04T12:43:17.652+0000][2107.481s][info ][safepoint     ] Leaving safepoint region
[2024-09-04T12:43:17.652+0000][2107.481s][info ][safepoint     ] Total time for which application threads were stopped: 0.0009769 seconds, Stopping threads took: 0.0002277 seconds
[2024-09-04T12:43:18.653+0000][2108.481s][debug][safepoint     ] Safepoint synchronization initiated. (271 threads)
[2024-09-04T12:43:18.653+0000][2108.482s][info ][safepoint     ] Application time: 1.0003920 seconds
[2024-09-04T12:43:18.653+0000][2108.482s][info ][safepoint     ] Entering safepoint region: Cleanup
[2024-09-04T12:43:18.654+0000][2108.482s][info ][safepoint     ] Leaving safepoint region
[2024-09-04T12:43:18.654+0000][2108.483s][info ][safepoint     ] Total time for which application threads were stopped: 0.0008931 seconds, Stopping threads took: 0.0002529 seconds
[2024-09-04T12:43:19.654+0000][2109.483s][debug][safepoint     ] Safepoint synchronization initiated. (271 threads)
[2024-09-04T12:43:19.654+0000][2109.483s][info ][safepoint     ] Application time: 1.0002961 seconds
[2024-09-04T12:43:19.654+0000][2109.483s][info ][safepoint     ] Entering safepoint region: Cleanup
[2024-09-04T12:43:19.655+0000][2109.484s][info ][safepoint     ] Leaving safepoint region
[2024-09-04T12:43:19.655+0000][2109.484s][info ][safepoint     ] Total time for which application threads were stopped: 0.0008698 seconds, Stopping threads took: 0.0002044 seconds
[2024-09-04T12:43:20.655+0000][2110.484s][debug][safepoint     ] Safepoint synchronization initiated. (271 threads)
[2024-09-04T12:43:20.655+0000][2110.484s][info ][safepoint     ] Application time: 1.0002880 seconds
[2024-09-04T12:43:20.655+0000][2110.484s][info ][safepoint     ] Entering safepoint region: Cleanup
[2024-09-04T12:43:20.656+0000][2110.485s][info ][safepoint     ] Leaving safepoint region
[2024-09-04T12:43:20.656+0000][2110.485s][info ][safepoint     ] Total time for which application threads were stopped: 0.0008132 seconds, Stopping threads took: 0.0001944 seconds
[2024-09-04T12:43:21.656+0000][2111.485s][debug][safepoint     ] Safepoint synchronization initiated. (271 threads)
[2024-09-04T12:43:21.656+0000][2111.485s][info ][safepoint     ] Application time: 1.0002445 seconds
[2024-09-04T12:43:21.657+0000][2111.485s][info ][safepoint     ] Entering safepoint region: Cleanup
[2024-09-04T12:43:21.657+0000][2111.486s][info ][safepoint     ] Leaving safepoint region
[2024-09-04T12:43:21.657+0000][2111.486s][info ][safepoint     ] Total time for which application threads were stopped: 0.0008498 seconds, Stopping threads took: 0.0002779 seconds
[2024-09-04T12:43:22.658+0000][2112.487s][debug][safepoint     ] Safepoint synchronization initiated. (271 threads)
[2024-09-04T12:43:22.658+0000][2112.487s][info ][safepoint     ] Application time: 1.0010654 seconds
[2024-09-04T12:43:22.659+0000][2112.487s][info ][safepoint     ] Entering safepoint region: Cleanup
[2024-09-04T12:43:22.660+0000][2112.489s][info ][safepoint     ] Leaving safepoint region
[2024-09-04T12:43:22.660+0000][2112.489s][info ][safepoint     ] Total time for which application threads were stopped: 0.0017501 seconds, Stopping threads took: 0.0002784 seconds
[2024-09-04T12:43:23.660+0000][2113.489s][debug][safepoint     ] Safepoint synchronization initiated. (271 threads)
[2024-09-04T12:43:23.660+0000][2113.489s][info ][safepoint     ] Application time: 1.0002674 seconds
[2024-09-04T12:43:23.662+0000][2113.491s][debug][safepoint     ] ... found polling page return exception at pc = 0x00007ff4a02f651b, stub =0x00007ff498824b00
[2024-09-04T12:43:23.662+0000][2113.491s][debug][safepoint     ] Waiting for 1 thread(s) to block
[2024-09-04T12:43:23.662+0000][2113.491s][info ][safepoint     ] Entering safepoint region: Cleanup
[2024-09-04T12:43:23.663+0000][2113.491s][info ][safepoint     ] Leaving safepoint region
[2024-09-04T12:43:23.663+0000][2113.491s][info ][safepoint     ] Total time for which application threads were stopped: 0.0022566 seconds, Stopping threads took: 0.0017440 seconds
[2024-09-04T12:43:24.663+0000][2114.492s][debug][safepoint     ] Safepoint synchronization initiated. (271 threads)
[2024-09-04T12:43:24.663+0000][2114.492s][info ][safepoint     ] Application time: 1.0002829 seconds
[2024-09-04T12:43:24.663+0000][2114.492s][info ][safepoint     ] Entering safepoint region: Cleanup
[2024-09-04T12:43:24.664+0000][2114.493s][info ][safepoint     ] Leaving safepoint region
[2024-09-04T12:43:24.664+0000][2114.493s][info ][safepoint     ] Total time for which application threads were stopped: 0.0008155 seconds, Stopping threads took: 0.0001971 seconds
[2024-09-04T12:43:25.664+0000][2115.493s][debug][safepoint     ] Safepoint synchronization initiated. (271 threads)
[2024-09-04T12:43:25.664+0000][2115.493s][info ][safepoint     ] Application time: 1.0003701 seconds
[2024-09-04T12:43:25.665+0000][2115.493s][info ][safepoint     ] Entering safepoint region: Cleanup
[2024-09-04T12:43:25.665+0000][2115.494s][debug][safepoint     ] ... found polling page return exception at pc = 0x00007ff4a131ffd6, stub =0x00007ff498824b00
[2024-09-04T12:43:25.665+0000][2115.494s][info ][safepoint     ] Leaving safepoint region
[2024-09-04T12:43:25.665+0000][2115.494s][info ][safepoint     ] Total time for which application threads were stopped: 0.0009796 seconds, Stopping threads took: 0.0003120 seconds
[2024-09-04T12:43:26.665+0000][2116.494s][debug][safepoint     ] Safepoint synchronization initiated. (271 threads)
[2024-09-04T12:43:26.666+0000][2116.494s][info ][safepoint     ] Application time: 1.0002622 seconds
[2024-09-04T12:43:26.666+0000][2116.495s][info ][safepoint     ] Entering safepoint region: Cleanup
[2024-09-04T12:43:26.666+0000][2116.495s][info ][safepoint     ] Leaving safepoint region
[2024-09-04T12:43:26.666+0000][2116.495s][info ][safepoint     ] Total time for which application threads were stopped: 0.0007175 seconds, Stopping threads took: 0.0002419 seconds
[2024-09-04T12:43:27.667+0000][2117.495s][debug][safepoint     ] Safepoint synchronization initiated. (271 threads)
[2024-09-04T12:43:27.667+0000][2117.495s][info ][safepoint     ] Application time: 1.0003255 seconds
[2024-09-04T12:43:27.667+0000][2117.496s][info ][safepoint     ] Entering safepoint region: Cleanup
[2024-09-04T12:43:27.668+0000][2117.496s][info ][safepoint     ] Leaving safepoint region
[2024-09-04T12:43:27.668+0000][2117.496s][info ][safepoint     ] Total time for which application threads were stopped: 0.0009651 seconds, Stopping threads took: 0.0003226 seconds
[2024-09-04T12:43:28.668+0000][2118.497s][debug][safepoint     ] Safepoint synchronization initiated. (271 threads)
[2024-09-04T12:43:28.668+0000][2118.497s][info ][safepoint     ] Application time: 1.0002684 seconds
[2024-09-04T12:43:28.668+0000][2118.497s][info ][safepoint     ] Entering safepoint region: Cleanup
[2024-09-04T12:43:28.669+0000][2118.498s][info ][safepoint     ] Leaving safepoint region
[2024-09-04T12:43:28.669+0000][2118.498s][info ][safepoint     ] Total time for which application threads were stopped: 0.0008638 seconds, Stopping threads took: 0.0002439 seconds
[2024-09-04T12:43:29.669+0000][2119.498s][debug][safepoint     ] Safepoint synchronization initiated. (271 threads)
[2024-09-04T12:43:29.669+0000][2119.498s][info ][safepoint     ] Application time: 1.0005464 seconds
[2024-09-04T12:43:29.670+0000][2119.498s][info ][safepoint     ] Entering safepoint region: Cleanup
[2024-09-04T12:43:29.670+0000][2119.499s][info ][safepoint     ] Leaving safepoint region
[2024-09-04T12:43:29.670+0000][2119.499s][info ][safepoint     ] Total time for which application threads were stopped: 0.0009009 seconds, Stopping threads took: 0.0002743 seconds
[2024-09-04T12:43:30.671+0000][2120.499s][debug][safepoint     ] Safepoint synchronization initiated. (271 threads)
[2024-09-04T12:43:30.671+0000][2120.500s][info ][safepoint     ] Application time: 1.0004160 seconds
[2024-09-04T12:43:30.671+0000][2120.500s][info ][safepoint     ] Entering safepoint region: Cleanup
[2024-09-04T12:43:30.672+0000][2120.501s][info ][safepoint     ] Leaving safepoint region
[2024-09-04T12:43:30.672+0000][2120.501s][info ][safepoint     ] Total time for which application threads were stopped: 0.0009545 seconds, Stopping threads took: 0.0003190 seconds
[2024-09-04T12:43:30.672+0000][2120.501s][debug][safepoint     ] ... found polling page return exception at pc = 0x00007ff4a131ffd6, stub =0x00007ff498824b00
[2024-09-04T12:43:31.672+0000][2121.501s][debug][safepoint     ] Safepoint synchronization initiated. (271 threads)
[2024-09-04T12:43:31.672+0000][2121.501s][info ][safepoint     ] Application time: 1.0002058 seconds
[2024-09-04T12:43:31.672+0000][2121.501s][debug][safepoint     ] ... found polling page return exception at pc = 0x00007ff4a093b034, stub =0x00007ff498824b00
[2024-09-04T12:43:31.672+0000][2121.501s][debug][safepoint     ] Waiting for 1 thread(s) to block
[2024-09-04T12:43:31.672+0000][2121.501s][info ][safepoint     ] Entering safepoint region: Cleanup
[2024-09-04T12:43:31.673+0000][2121.502s][info ][safepoint     ] Leaving safepoint region
[2024-09-04T12:43:31.673+0000][2121.502s][info ][safepoint     ] Total time for which application threads were stopped: 0.0007909 seconds, Stopping threads took: 0.0003412 seconds
[2024-09-04T12:43:32.673+0000][2122.502s][debug][safepoint     ] Safepoint synchronization initiated. (271 threads)
[2024-09-04T12:43:32.673+0000][2122.502s][info ][safepoint     ] Application time: 1.0003369 seconds
[2024-09-04T12:43:32.673+0000][2122.502s][info ][safepoint     ] Entering safepoint region: Cleanup
[2024-09-04T12:43:32.674+0000][2122.503s][info ][safepoint     ] Leaving safepoint region
[2024-09-04T12:43:32.674+0000][2122.503s][debug][safepoint     ] ... found polling page return exception at pc = 0x00007ff4a131ffd6, stub =0x00007ff498824b00
[2024-09-04T12:43:32.674+0000][2122.503s][info ][safepoint     ] Total time for which application threads were stopped: 0.0008013 seconds, Stopping threads took: 0.0002766 seconds
[2024-09-04T12:43:33.674+0000][2123.503s][debug][safepoint     ] Safepoint synchronization initiated. (271 threads)
[2024-09-04T12:43:33.674+0000][2123.503s][info ][safepoint     ] Application time: 1.0001586 seconds
[2024-09-04T12:43:33.674+0000][2123.503s][debug][safepoint     ] ... found polling page return exception at pc = 0x00007ff4a085e306, stub =0x00007ff498824b00
[2024-09-04T12:43:33.674+0000][2123.503s][debug][safepoint     ] Waiting for 1 thread(s) to block
[2024-09-04T12:43:33.675+0000][2123.504s][info ][safepoint     ] Entering safepoint region: Cleanup
[2024-09-04T12:43:33.675+0000][2123.504s][debug][safepoint     ] ... found polling page return exception at pc = 0x00007ff4a131ffd6, stub =0x00007ff498824b00
[2024-09-04T12:43:33.675+0000][2123.504s][info ][safepoint     ] Leaving safepoint region
[2024-09-04T12:43:33.675+0000][2123.504s][info ][safepoint     ] Total time for which application threads were stopped: 0.0011574 seconds, Stopping threads took: 0.0005404 seconds
[2024-09-04T12:43:34.676+0000][2124.504s][debug][safepoint     ] Safepoint synchronization initiated. (271 threads)
[2024-09-04T12:43:34.676+0000][2124.504s][info ][safepoint     ] Application time: 1.0002485 seconds
[2024-09-04T12:43:34.676+0000][2124.505s][info ][safepoint     ] Entering safepoint region: Cleanup
[2024-09-04T12:43:34.676+0000][2124.505s][info ][safepoint     ] Leaving safepoint region
[2024-09-04T12:43:34.677+0000][2124.505s][info ][safepoint     ] Total time for which application threads were stopped: 0.0008029 seconds, Stopping threads took: 0.0002234 seconds
[2024-09-04T12:43:35.677+0000][2125.506s][debug][safepoint     ] Safepoint synchronization initiated. (271 threads)
[2024-09-04T12:43:35.677+0000][2125.506s][info ][safepoint     ] Application time: 1.0002548 seconds
[2024-09-04T12:43:35.677+0000][2125.506s][info ][safepoint     ] Entering safepoint region: Cleanup
[2024-09-04T12:43:35.677+0000][2125.506s][info ][safepoint     ] Leaving safepoint region
[2024-09-04T12:43:35.677+0000][2125.506s][info ][safepoint     ] Total time for which application threads were stopped: 0.0006212 seconds, Stopping threads took: 0.0001844 seconds
[2024-09-04T12:43:36.109+0000][2125.938s][debug][safepoint     ] Safepoint synchronization initiated. (271 threads)
[2024-09-04T12:43:36.110+0000][2125.938s][info ][safepoint     ] Application time: 0.4320604 seconds
[2024-09-04T12:43:36.110+0000][2125.938s][info ][safepoint     ] Entering safepoint region: G1CollectForAllocation
[2024-09-04T12:43:36.110+0000][2125.939s][info ][gc,start      ] GC(145) Pause Young (Normal) (G1 Evacuation Pause)
[2024-09-04T12:43:36.110+0000][2125.939s][info ][gc,task       ] GC(145) Using 4 workers of 4 for evacuation
[2024-09-04T12:43:36.124+0000][2125.953s][info ][gc,phases     ] GC(145)   Pre Evacuate Collection Set: 0.4ms
[2024-09-04T12:43:36.124+0000][2125.953s][info ][gc,phases     ] GC(145)   Evacuate Collection Set: 5.4ms
[2024-09-04T12:43:36.124+0000][2125.953s][info ][gc,phases     ] GC(145)   Post Evacuate Collection Set: 7.0ms
[2024-09-04T12:43:36.124+0000][2125.953s][info ][gc,phases     ] GC(145)   Other: 0.8ms
[2024-09-04T12:43:36.124+0000][2125.953s][info ][gc,heap       ] GC(145) Eden regions: 185->0(185)
[2024-09-04T12:43:36.124+0000][2125.953s][info ][gc,heap       ] GC(145) Survivor regions: 1->1(24)
[2024-09-04T12:43:36.124+0000][2125.953s][info ][gc,heap       ] GC(145) Old regions: 182->182
[2024-09-04T12:43:36.124+0000][2125.953s][info ][gc,heap       ] GC(145) Humongous regions: 0->0
[2024-09-04T12:43:36.124+0000][2125.953s][info ][gc,metaspace  ] GC(145) Metaspace: 185805K(191984K)->185805K(191984K) NonClass: 164658K(168404K)->164658K(168404K) Class: 21146K(23580K)->21146K(23580K)
[2024-09-04T12:43:36.124+0000][2125.953s][info ][gc            ] GC(145) Pause Young (Normal) (G1 Evacuation Pause) 365M->180M(412M) 13.912ms
[2024-09-04T12:43:36.124+0000][2125.953s][info ][gc,cpu        ] GC(145) User=0.05s Sys=0.00s Real=0.01s
[2024-09-04T12:43:36.124+0000][2125.953s][info ][safepoint     ] Leaving safepoint region
[2024-09-04T12:43:36.124+0000][2125.953s][info ][safepoint     ] Total time for which application threads were stopped: 0.0149383 seconds, Stopping threads took: 0.0001848 seconds
[2024-09-04T12:43:36.125+0000][2125.953s][info ][gc,stringdedup] Concurrent String Deduplication (2125.953s)
[2024-09-04T12:43:36.125+0000][2125.954s][info ][gc,stringdedup] Concurrent String Deduplication 1864.0B->0.0B(1864.0B) avg 55.7% (2125.953s, 2125.954s) 0.153ms
[2024-09-04T12:43:37.125+0000][2126.954s][debug][safepoint     ] Safepoint synchronization initiated. (271 threads)
[2024-09-04T12:43:37.125+0000][2126.954s][info ][safepoint     ] Application time: 1.0003834 seconds
[2024-09-04T12:43:37.125+0000][2126.954s][info ][safepoint     ] Entering safepoint region: Cleanup
[2024-09-04T12:43:37.126+0000][2126.955s][info ][safepoint     ] Leaving safepoint region
[2024-09-04T12:43:37.126+0000][2126.955s][info ][safepoint     ] Total time for which application threads were stopped: 0.0009546 seconds, Stopping threads took: 0.0002209 seconds
[2024-09-04T12:43:38.126+0000][2127.955s][debug][safepoint     ] Safepoint synchronization initiated. (271 threads)
[2024-09-04T12:43:38.126+0000][2127.955s][info ][safepoint     ] Application time: 1.0002690 seconds
[2024-09-04T12:43:38.126+0000][2127.955s][info ][safepoint     ] Entering safepoint region: Cleanup
[2024-09-04T12:43:38.127+0000][2127.955s][info ][safepoint     ] Leaving safepoint region
[2024-09-04T12:43:38.127+0000][2127.956s][info ][safepoint     ] Total time for which application threads were stopped: 0.0005711 seconds, Stopping threads took: 0.0001571 seconds
[2024-09-04T12:43:39.127+0000][2128.956s][debug][safepoint     ] Safepoint synchronization initiated. (271 threads)
[2024-09-04T12:43:39.127+0000][2128.956s][info ][safepoint     ] Application time: 1.0002080 seconds
[2024-09-04T12:43:39.127+0000][2128.956s][debug][safepoint     ] ... found polling page return exception at pc = 0x00007ff4a0a468c4, stub =0x00007ff498824b00
[2024-09-04T12:43:39.127+0000][2128.956s][debug][safepoint     ] ... found polling page return exception at pc = 0x00007ff4a0cbdc72, stub =0x00007ff498824b00
[2024-09-04T12:43:39.127+0000][2128.956s][debug][safepoint     ] Waiting for 2 thread(s) to block
[2024-09-04T12:43:39.128+0000][2128.956s][info ][safepoint     ] Entering safepoint region: Cleanup
[2024-09-04T12:43:39.128+0000][2128.957s][debug][safepoint     ] ... found polling page return exception at pc = 0x00007ff4a131ffd6, stub =0x00007ff498824b00
[2024-09-04T12:43:39.128+0000][2128.957s][debug][safepoint     ] ... found polling page return exception at pc = 0x00007ff4a1374066, stub =0x00007ff498824b00
[2024-09-04T12:43:39.128+0000][2128.957s][info ][safepoint     ] Leaving safepoint region
[2024-09-04T12:43:39.128+0000][2128.957s][info ][safepoint     ] Total time for which application threads were stopped: 0.0011262 seconds, Stopping threads took: 0.0005819 seconds
[2024-09-04T12:43:40.128+0000][2129.957s][debug][safepoint     ] Safepoint synchronization initiated. (271 threads)
[2024-09-04T12:43:40.129+0000][2129.957s][info ][safepoint     ] Application time: 1.0003827 seconds
[2024-09-04T12:43:40.129+0000][2129.958s][info ][safepoint     ] Entering safepoint region: Cleanup
[2024-09-04T12:43:40.129+0000][2129.958s][info ][safepoint     ] Leaving safepoint region
[2024-09-04T12:43:40.130+0000][2129.958s][info ][safepoint     ] Total time for which application threads were stopped: 0.0009836 seconds, Stopping threads took: 0.0002841 seconds
[2024-09-04T12:43:41.130+0000][2130.958s][debug][safepoint     ] Safepoint synchronization initiated. (271 threads)
[2024-09-04T12:43:41.130+0000][2130.959s][info ][safepoint     ] Application time: 1.0002031 seconds
[2024-09-04T12:43:41.130+0000][2130.959s][info ][safepoint     ] Entering safepoint region: Cleanup
[2024-09-04T12:43:41.130+0000][2130.959s][info ][safepoint     ] Leaving safepoint region
[2024-09-04T12:43:41.130+0000][2130.959s][info ][safepoint     ] Total time for which application threads were stopped: 0.0006880 seconds, Stopping threads took: 0.0001954 seconds
[2024-09-04T12:43:42.131+0000][2131.959s][debug][safepoint     ] Safepoint synchronization initiated. (271 threads)
[2024-09-04T12:43:42.131+0000][2131.959s][info ][safepoint     ] Application time: 1.0001813 seconds
[2024-09-04T12:43:42.131+0000][2131.960s][debug][safepoint     ] ... found polling page return exception at pc = 0x00007ff4a0a9382c, stub =0x00007ff498824b00
[2024-09-04T12:43:42.131+0000][2131.960s][debug][safepoint     ] ... found polling page return exception at pc = 0x00007ff4a0ee1b9f, stub =0x00007ff498824b00
[2024-09-04T12:43:42.131+0000][2131.960s][debug][safepoint     ] Waiting for 2 thread(s) to block
[2024-09-04T12:43:42.131+0000][2131.960s][info ][safepoint     ] Entering safepoint region: Cleanup
[2024-09-04T12:43:42.132+0000][2131.961s][info ][safepoint     ] Leaving safepoint region
[2024-09-04T12:43:42.132+0000][2131.961s][info ][safepoint     ] Total time for which application threads were stopped: 0.0012627 seconds, Stopping threads took: 0.0007422 seconds
[2024-09-04T12:43:43.132+0000][2132.961s][debug][safepoint     ] Safepoint synchronization initiated. (271 threads)
[2024-09-04T12:43:43.132+0000][2132.961s][info ][safepoint     ] Application time: 1.0002570 seconds
[2024-09-04T12:43:43.132+0000][2132.961s][info ][safepoint     ] Entering safepoint region: Cleanup
[2024-09-04T12:43:43.133+0000][2132.962s][info ][safepoint     ] Leaving safepoint region
[2024-09-04T12:43:43.133+0000][2132.962s][info ][safepoint     ] Total time for which application threads were stopped: 0.0009401 seconds, Stopping threads took: 0.0002094 seconds
[2024-09-04T12:43:44.133+0000][2133.962s][debug][safepoint     ] Safepoint synchronization initiated. (271 threads)
[2024-09-04T12:43:44.133+0000][2133.962s][info ][safepoint     ] Application time: 1.0002786 seconds
[2024-09-04T12:43:44.134+0000][2133.962s][info ][safepoint     ] Entering safepoint region: Cleanup
[2024-09-04T12:43:44.134+0000][2133.963s][info ][safepoint     ] Leaving safepoint region
[2024-09-04T12:43:44.134+0000][2133.963s][info ][safepoint     ] Total time for which application threads were stopped: 0.0008962 seconds, Stopping threads took: 0.0001726 seconds
[2024-09-04T12:43:45.135+0000][2134.963s][debug][safepoint     ] Safepoint synchronization initiated. (271 threads)
[2024-09-04T12:43:45.135+0000][2134.963s][info ][safepoint     ] Application time: 1.0002195 seconds
[2024-09-04T12:43:45.135+0000][2134.964s][info ][safepoint     ] Entering safepoint region: Cleanup
[2024-09-04T12:43:45.135+0000][2134.964s][info ][safepoint     ] Leaving safepoint region
[2024-09-04T12:43:45.135+0000][2134.964s][info ][safepoint     ] Total time for which application threads were stopped: 0.0007274 seconds, Stopping threads took: 0.0002139 seconds
[2024-09-04T12:43:46.136+0000][2135.964s][debug][safepoint     ] Safepoint synchronization initiated. (271 threads)
[2024-09-04T12:43:46.136+0000][2135.964s][info ][safepoint     ] Application time: 1.0002336 seconds
[2024-09-04T12:43:46.136+0000][2135.965s][info ][safepoint     ] Entering safepoint region: Cleanup
[2024-09-04T12:43:46.136+0000][2135.965s][info ][safepoint     ] Leaving safepoint region
[2024-09-04T12:43:46.137+0000][2135.965s][info ][safepoint     ] Total time for which application threads were stopped: 0.0009078 seconds, Stopping threads took: 0.0001947 seconds
[2024-09-04T12:43:47.137+0000][2136.966s][debug][safepoint     ] Safepoint synchronization initiated. (271 threads)
[2024-09-04T12:43:47.137+0000][2136.966s][info ][safepoint     ] Application time: 1.0002382 seconds
[2024-09-04T12:43:47.137+0000][2136.966s][info ][safepoint     ] Entering safepoint region: Cleanup
[2024-09-04T12:43:47.138+0000][2136.966s][info ][safepoint     ] Leaving safepoint region
[2024-09-04T12:43:47.138+0000][2136.967s][info ][safepoint     ] Total time for which application threads were stopped: 0.0008975 seconds, Stopping threads took: 0.0002245 seconds
[2024-09-04T12:43:48.138+0000][2137.967s][debug][safepoint     ] Safepoint synchronization initiated. (271 threads)
[2024-09-04T12:43:48.138+0000][2137.967s][info ][safepoint     ] Application time: 1.0001875 seconds
[2024-09-04T12:43:48.138+0000][2137.967s][info ][safepoint     ] Entering safepoint region: Cleanup
[2024-09-04T12:43:48.139+0000][2137.967s][info ][safepoint     ] Leaving safepoint region
[2024-09-04T12:43:48.139+0000][2137.967s][info ][safepoint     ] Total time for which application threads were stopped: 0.0005785 seconds, Stopping threads took: 0.0002082 seconds
[2024-09-04T12:43:49.139+0000][2138.968s][debug][safepoint     ] Safepoint synchronization initiated. (271 threads)
[2024-09-04T12:43:49.139+0000][2138.968s][info ][safepoint     ] Application time: 1.0003441 seconds
[2024-09-04T12:43:49.139+0000][2138.968s][info ][safepoint     ] Entering safepoint region: Cleanup
[2024-09-04T12:43:49.140+0000][2138.969s][info ][safepoint     ] Leaving safepoint region
[2024-09-04T12:43:49.140+0000][2138.969s][info ][safepoint     ] Total time for which application threads were stopped: 0.0009065 seconds, Stopping threads took: 0.0003048 seconds
[2024-09-04T12:43:49.140+0000][2138.969s][debug][safepoint     ] ... found polling page return exception at pc = 0x00007ff4a131ffd6, stub =0x00007ff498824b00
[2024-09-04T12:43:50.140+0000][2139.969s][debug][safepoint     ] Safepoint synchronization initiated. (271 threads)
[2024-09-04T12:43:50.140+0000][2139.969s][info ][safepoint     ] Application time: 1.0002124 seconds
[2024-09-04T12:43:50.140+0000][2139.969s][info ][safepoint     ] Entering safepoint region: Cleanup
[2024-09-04T12:43:50.141+0000][2139.970s][info ][safepoint     ] Leaving safepoint region
[2024-09-04T12:43:50.141+0000][2139.970s][info ][safepoint     ] Total time for which application threads were stopped: 0.0006080 seconds, Stopping threads took: 0.0001749 seconds
[2024-09-04T12:43:51.141+0000][2140.970s][debug][safepoint     ] Safepoint synchronization initiated. (271 threads)
[2024-09-04T12:43:51.141+0000][2140.970s][info ][safepoint     ] Application time: 1.0002413 seconds
[2024-09-04T12:43:51.141+0000][2140.970s][info ][safepoint     ] Entering safepoint region: Cleanup
[2024-09-04T12:43:51.142+0000][2140.971s][info ][safepoint     ] Leaving safepoint region
[2024-09-04T12:43:51.142+0000][2140.971s][info ][safepoint     ] Total time for which application threads were stopped: 0.0008326 seconds, Stopping threads took: 0.0002238 seconds
[2024-09-04T12:43:52.142+0000][2141.971s][debug][safepoint     ] Safepoint synchronization initiated. (271 threads)
[2024-09-04T12:43:52.142+0000][2141.971s][info ][safepoint     ] Application time: 1.0003623 seconds
[2024-09-04T12:43:52.143+0000][2141.971s][info ][safepoint     ] Entering safepoint region: Cleanup
[2024-09-04T12:43:52.143+0000][2141.972s][info ][safepoint     ] Leaving safepoint region
[2024-09-04T12:43:52.143+0000][2141.972s][info ][safepoint     ] Total time for which application threads were stopped: 0.0009887 seconds, Stopping threads took: 0.0002418 seconds
[2024-09-04T12:43:53.144+0000][2142.972s][debug][safepoint     ] Safepoint synchronization initiated. (271 threads)
[2024-09-04T12:43:53.144+0000][2142.972s][info ][safepoint     ] Application time: 1.0003344 seconds
[2024-09-04T12:43:53.144+0000][2142.973s][info ][safepoint     ] Entering safepoint region: Cleanup
[2024-09-04T12:43:53.145+0000][2142.973s][info ][safepoint     ] Leaving safepoint region
[2024-09-04T12:43:53.145+0000][2142.973s][info ][safepoint     ] Total time for which application threads were stopped: 0.0008804 seconds, Stopping threads took: 0.0002473 seconds
[2024-09-04T12:43:54.145+0000][2143.974s][debug][safepoint     ] Safepoint synchronization initiated. (271 threads)
[2024-09-04T12:43:54.145+0000][2143.974s][info ][safepoint     ] Application time: 1.0003525 seconds
[2024-09-04T12:43:54.145+0000][2143.974s][info ][safepoint     ] Entering safepoint region: Cleanup
[2024-09-04T12:43:54.146+0000][2143.975s][info ][safepoint     ] Leaving safepoint region
[2024-09-04T12:43:54.146+0000][2143.975s][info ][safepoint     ] Total time for which application threads were stopped: 0.0008873 seconds, Stopping threads took: 0.0002180 seconds
[2024-09-04T12:43:55.146+0000][2144.975s][debug][safepoint     ] Safepoint synchronization initiated. (271 threads)
[2024-09-04T12:43:55.146+0000][2144.975s][info ][safepoint     ] Application time: 1.0002542 seconds
[2024-09-04T12:43:55.146+0000][2144.975s][debug][safepoint     ] ... found polling page return exception at pc = 0x00007ff4a0befa7a, stub =0x00007ff498824b00
[2024-09-04T12:43:55.147+0000][2144.975s][debug][safepoint     ] Waiting for 2 thread(s) to block
[2024-09-04T12:43:55.147+0000][2144.976s][info ][safepoint     ] Entering safepoint region: Cleanup
[2024-09-04T12:43:55.147+0000][2144.976s][info ][safepoint     ] Leaving safepoint region
[2024-09-04T12:43:55.147+0000][2144.976s][info ][safepoint     ] Total time for which application threads were stopped: 0.0008855 seconds, Stopping threads took: 0.0005404 seconds
[2024-09-04T12:43:56.147+0000][2145.976s][debug][safepoint     ] Safepoint synchronization initiated. (271 threads)
[2024-09-04T12:43:56.147+0000][2145.976s][info ][safepoint     ] Application time: 1.0003101 seconds
[2024-09-04T12:43:56.148+0000][2145.976s][info ][safepoint     ] Entering safepoint region: Cleanup
[2024-09-04T12:43:56.149+0000][2145.977s][info ][safepoint     ] Leaving safepoint region
[2024-09-04T12:43:56.149+0000][2145.977s][info ][safepoint     ] Total time for which application threads were stopped: 0.0010957 seconds, Stopping threads took: 0.0002653 seconds
[2024-09-04T12:43:57.149+0000][2146.978s][debug][safepoint     ] Safepoint synchronization initiated. (271 threads)
[2024-09-04T12:43:57.149+0000][2146.978s][info ][safepoint     ] Application time: 1.0003760 seconds
[2024-09-04T12:43:57.149+0000][2146.978s][info ][safepoint     ] Entering safepoint region: Cleanup
[2024-09-04T12:43:57.150+0000][2146.979s][info ][safepoint     ] Leaving safepoint region
[2024-09-04T12:43:57.150+0000][2146.979s][info ][safepoint     ] Total time for which application threads were stopped: 0.0009587 seconds, Stopping threads took: 0.0002455 seconds
[2024-09-04T12:43:58.150+0000][2147.979s][debug][safepoint     ] Safepoint synchronization initiated. (271 threads)
[2024-09-04T12:43:58.150+0000][2147.979s][info ][safepoint     ] Application time: 1.0002045 seconds
[2024-09-04T12:43:58.150+0000][2147.979s][info ][safepoint     ] Entering safepoint region: Cleanup
[2024-09-04T12:43:58.151+0000][2147.980s][info ][safepoint     ] Leaving safepoint region
[2024-09-04T12:43:58.151+0000][2147.980s][info ][safepoint     ] Total time for which application threads were stopped: 0.0006012 seconds, Stopping threads took: 0.0001708 seconds
[2024-09-04T12:43:59.151+0000][2148.980s][debug][safepoint     ] Safepoint synchronization initiated. (271 threads)
[2024-09-04T12:43:59.151+0000][2148.980s][info ][safepoint     ] Application time: 1.0002295 seconds
[2024-09-04T12:43:59.151+0000][2148.980s][info ][safepoint     ] Entering safepoint region: Cleanup
[2024-09-04T12:43:59.152+0000][2148.980s][info ][safepoint     ] Leaving safepoint region
[2024-09-04T12:43:59.152+0000][2148.981s][info ][safepoint     ] Total time for which application threads were stopped: 0.0006468 seconds, Stopping threads took: 0.0001765 seconds
[2024-09-04T12:44:00.152+0000][2149.981s][debug][safepoint     ] Safepoint synchronization initiated. (271 threads)
[2024-09-04T12:44:00.152+0000][2149.981s][info ][safepoint     ] Application time: 1.0002074 seconds
[2024-09-04T12:44:00.152+0000][2149.981s][info ][safepoint     ] Entering safepoint region: Cleanup
[2024-09-04T12:44:00.153+0000][2149.981s][info ][safepoint     ] Leaving safepoint region
[2024-09-04T12:44:00.153+0000][2149.981s][info ][safepoint     ] Total time for which application threads were stopped: 0.0006126 seconds, Stopping threads took: 0.0001675 seconds
[2024-09-04T12:44:01.153+0000][2150.982s][debug][safepoint     ] Safepoint synchronization initiated. (271 threads)
[2024-09-04T12:44:01.153+0000][2150.982s][info ][safepoint     ] Application time: 1.0002776 seconds
[2024-09-04T12:44:01.153+0000][2150.982s][info ][safepoint     ] Entering safepoint region: Cleanup
[2024-09-04T12:44:01.154+0000][2150.982s][info ][safepoint     ] Leaving safepoint region
[2024-09-04T12:44:01.154+0000][2150.983s][info ][safepoint     ] Total time for which application threads were stopped: 0.0008323 seconds, Stopping threads took: 0.0001796 seconds
[2024-09-04T12:44:02.154+0000][2151.983s][debug][safepoint     ] Safepoint synchronization initiated. (271 threads)
[2024-09-04T12:44:02.154+0000][2151.983s][info ][safepoint     ] Application time: 1.0002535 seconds
[2024-09-04T12:44:02.154+0000][2151.983s][info ][safepoint     ] Entering safepoint region: Cleanup
[2024-09-04T12:44:02.155+0000][2151.984s][info ][safepoint     ] Leaving safepoint region
[2024-09-04T12:44:02.155+0000][2151.984s][info ][safepoint     ] Total time for which application threads were stopped: 0.0009908 seconds, Stopping threads took: 0.0002318 seconds
[2024-09-04T12:44:03.155+0000][2152.984s][debug][safepoint     ] Safepoint synchronization initiated. (271 threads)
[2024-09-04T12:44:03.155+0000][2152.984s][info ][safepoint     ] Application time: 1.0002406 seconds
[2024-09-04T12:44:03.156+0000][2152.984s][info ][safepoint     ] Entering safepoint region: Cleanup
[2024-09-04T12:44:03.156+0000][2152.985s][info ][safepoint     ] Leaving safepoint region
[2024-09-04T12:44:03.156+0000][2152.985s][info ][safepoint     ] Total time for which application threads were stopped: 0.0007333 seconds, Stopping threads took: 0.0002117 seconds
[2024-09-04T12:44:04.156+0000][2153.985s][debug][safepoint     ] Safepoint synchronization initiated. (271 threads)
[2024-09-04T12:44:04.156+0000][2153.985s][info ][safepoint     ] Application time: 1.0002539 seconds
[2024-09-04T12:44:04.157+0000][2153.985s][info ][safepoint     ] Entering safepoint region: Cleanup
[2024-09-04T12:44:04.157+0000][2153.986s][info ][safepoint     ] Leaving safepoint region
[2024-09-04T12:44:04.157+0000][2153.986s][info ][safepoint     ] Total time for which application threads were stopped: 0.0009262 seconds, Stopping threads took: 0.0001894 seconds
[2024-09-04T12:44:04.555+0000][2154.383s][debug][safepoint     ] Safepoint synchronization initiated. (271 threads)
[2024-09-04T12:44:04.555+0000][2154.383s][info ][safepoint     ] Application time: 0.3972695 seconds
[2024-09-04T12:44:04.555+0000][2154.384s][info ][safepoint     ] Entering safepoint region: G1CollectForAllocation
[2024-09-04T12:44:04.555+0000][2154.384s][info ][gc,start      ] GC(146) Pause Young (Normal) (G1 Evacuation Pause)
[2024-09-04T12:44:04.555+0000][2154.384s][info ][gc,task       ] GC(146) Using 4 workers of 4 for evacuation
[2024-09-04T12:44:04.566+0000][2154.394s][info ][gc,phases     ] GC(146)   Pre Evacuate Collection Set: 0.1ms
[2024-09-04T12:44:04.566+0000][2154.394s][info ][gc,phases     ] GC(146)   Evacuate Collection Set: 3.1ms
[2024-09-04T12:44:04.566+0000][2154.394s][info ][gc,phases     ] GC(146)   Post Evacuate Collection Set: 6.4ms
[2024-09-04T12:44:04.566+0000][2154.394s][info ][gc,phases     ] GC(146)   Other: 0.6ms
[2024-09-04T12:44:04.566+0000][2154.395s][info ][gc,heap       ] GC(146) Eden regions: 185->0(185)
[2024-09-04T12:44:04.566+0000][2154.395s][info ][gc,heap       ] GC(146) Survivor regions: 1->1(24)
[2024-09-04T12:44:04.566+0000][2154.395s][info ][gc,heap       ] GC(146) Old regions: 182->182
[2024-09-04T12:44:04.566+0000][2154.395s][info ][gc,heap       ] GC(146) Humongous regions: 0->0
[2024-09-04T12:44:04.566+0000][2154.395s][info ][gc,metaspace  ] GC(146) Metaspace: 185834K(191984K)->185834K(191984K) NonClass: 164687K(168404K)->164687K(168404K) Class: 21146K(23580K)->21146K(23580K)
[2024-09-04T12:44:04.566+0000][2154.395s][info ][gc            ] GC(146) Pause Young (Normal) (G1 Evacuation Pause) 365M->180M(412M) 10.398ms
[2024-09-04T12:44:04.566+0000][2154.395s][info ][gc,cpu        ] GC(146) User=0.03s Sys=0.00s Real=0.01s
[2024-09-04T12:44:04.566+0000][2154.395s][info ][safepoint     ] Leaving safepoint region
[2024-09-04T12:44:04.566+0000][2154.395s][info ][safepoint     ] Total time for which application threads were stopped: 0.0113307 seconds, Stopping threads took: 0.0002451 seconds
[2024-09-04T12:44:04.566+0000][2154.395s][info ][gc,stringdedup] Concurrent String Deduplication (2154.395s)
[2024-09-04T12:44:04.566+0000][2154.395s][info ][gc,stringdedup] Concurrent String Deduplication 7224.0B->40.0B(7184.0B) avg 55.7% (2154.395s, 2154.395s) 0.117ms
[2024-09-04T12:44:05.566+0000][2155.395s][debug][safepoint     ] Safepoint synchronization initiated. (271 threads)
[2024-09-04T12:44:05.566+0000][2155.395s][info ][safepoint     ] Application time: 1.0002790 seconds
[2024-09-04T12:44:05.566+0000][2155.395s][info ][safepoint     ] Entering safepoint region: Cleanup
[2024-09-04T12:44:05.567+0000][2155.396s][info ][safepoint     ] Leaving safepoint region
[2024-09-04T12:44:05.567+0000][2155.396s][info ][safepoint     ] Total time for which application threads were stopped: 0.0008994 seconds, Stopping threads took: 0.0002119 seconds
[2024-09-04T12:44:06.567+0000][2156.396s][debug][safepoint     ] Safepoint synchronization initiated. (271 threads)
[2024-09-04T12:44:06.568+0000][2156.396s][info ][safepoint     ] Application time: 1.0003329 seconds
[2024-09-04T12:44:06.568+0000][2156.397s][info ][safepoint     ] Entering safepoint region: Cleanup
[2024-09-04T12:44:06.569+0000][2156.397s][info ][safepoint     ] Leaving safepoint region
[2024-09-04T12:44:06.569+0000][2156.397s][info ][safepoint     ] Total time for which application threads were stopped: 0.0011127 seconds, Stopping threads took: 0.0003383 seconds
[2024-09-04T12:44:07.569+0000][2157.398s][debug][safepoint     ] Safepoint synchronization initiated. (271 threads)
[2024-09-04T12:44:07.569+0000][2157.398s][info ][safepoint     ] Application time: 1.0002389 seconds
[2024-09-04T12:44:07.569+0000][2157.398s][info ][safepoint     ] Entering safepoint region: Cleanup
[2024-09-04T12:44:07.570+0000][2157.398s][info ][safepoint     ] Leaving safepoint region
[2024-09-04T12:44:07.570+0000][2157.398s][info ][safepoint     ] Total time for which application threads were stopped: 0.0007331 seconds, Stopping threads took: 0.0001559 seconds
[2024-09-04T12:44:08.570+0000][2158.399s][debug][safepoint     ] Safepoint synchronization initiated. (271 threads)
[2024-09-04T12:44:08.570+0000][2158.399s][info ][safepoint     ] Application time: 1.0003125 seconds
[2024-09-04T12:44:08.570+0000][2158.399s][info ][safepoint     ] Entering safepoint region: Cleanup
[2024-09-04T12:44:08.571+0000][2158.400s][info ][safepoint     ] Leaving safepoint region
[2024-09-04T12:44:08.571+0000][2158.400s][info ][safepoint     ] Total time for which application threads were stopped: 0.0010023 seconds, Stopping threads took: 0.0002573 seconds
[2024-09-04T12:44:09.571+0000][2159.400s][debug][safepoint     ] Safepoint synchronization initiated. (271 threads)
[2024-09-04T12:44:09.571+0000][2159.400s][info ][safepoint     ] Application time: 1.0002494 seconds
[2024-09-04T12:44:09.572+0000][2159.400s][debug][safepoint     ] ... found polling page loop exception at pc = 0x00007ff4a03fa87a, stub =0x00007ff498826680
[2024-09-04T12:44:09.572+0000][2159.400s][debug][safepoint     ] Waiting for 3 thread(s) to block
[2024-09-04T12:44:09.572+0000][2159.401s][info ][safepoint     ] Entering safepoint region: Cleanup
[2024-09-04T12:44:09.572+0000][2159.401s][info ][safepoint     ] Leaving safepoint region
[2024-09-04T12:44:09.572+0000][2159.401s][info ][safepoint     ] Total time for which application threads were stopped: 0.0009563 seconds, Stopping threads took: 0.0005430 seconds
[2024-09-04T12:44:10.573+0000][2160.401s][debug][safepoint     ] Safepoint synchronization initiated. (271 threads)
[2024-09-04T12:44:10.573+0000][2160.402s][info ][safepoint     ] Application time: 1.0004094 seconds
[2024-09-04T12:44:10.573+0000][2160.402s][info ][safepoint     ] Entering safepoint region: Cleanup
[2024-09-04T12:44:10.574+0000][2160.403s][info ][safepoint     ] Leaving safepoint region
[2024-09-04T12:44:10.574+0000][2160.403s][info ][safepoint     ] Total time for which application threads were stopped: 0.0010070 seconds, Stopping threads took: 0.0002415 seconds
[2024-09-04T12:44:11.574+0000][2161.403s][debug][safepoint     ] Safepoint synchronization initiated. (271 threads)
[2024-09-04T12:44:11.574+0000][2161.403s][info ][safepoint     ] Application time: 1.0002431 seconds
[2024-09-04T12:44:11.574+0000][2161.403s][info ][safepoint     ] Entering safepoint region: Cleanup
[2024-09-04T12:44:11.575+0000][2161.404s][info ][safepoint     ] Leaving safepoint region
[2024-09-04T12:44:11.575+0000][2161.404s][info ][safepoint     ] Total time for which application threads were stopped: 0.0009409 seconds, Stopping threads took: 0.0002526 seconds
[2024-09-04T12:44:12.575+0000][2162.404s][debug][safepoint     ] Safepoint synchronization initiated. (271 threads)
[2024-09-04T12:44:12.575+0000][2162.404s][info ][safepoint     ] Application time: 1.0003000 seconds
[2024-09-04T12:44:12.576+0000][2162.404s][info ][safepoint     ] Entering safepoint region: Cleanup
[2024-09-04T12:44:12.576+0000][2162.405s][info ][safepoint     ] Leaving safepoint region
[2024-09-04T12:44:12.577+0000][2162.405s][info ][safepoint     ] Total time for which application threads were stopped: 0.0010900 seconds, Stopping threads took: 0.0002289 seconds
[2024-09-04T12:44:13.577+0000][2163.406s][debug][safepoint     ] Safepoint synchronization initiated. (271 threads)
[2024-09-04T12:44:13.577+0000][2163.406s][info ][safepoint     ] Application time: 1.0003025 seconds
[2024-09-04T12:44:13.577+0000][2163.406s][info ][safepoint     ] Entering safepoint region: Cleanup
[2024-09-04T12:44:13.578+0000][2163.406s][info ][safepoint     ] Leaving safepoint region
[2024-09-04T12:44:13.578+0000][2163.406s][info ][safepoint     ] Total time for which application threads were stopped: 0.0007488 seconds, Stopping threads took: 0.0002108 seconds
[2024-09-04T12:44:14.578+0000][2164.407s][debug][safepoint     ] Safepoint synchronization initiated. (271 threads)
[2024-09-04T12:44:14.578+0000][2164.407s][info ][safepoint     ] Application time: 1.0002371 seconds
[2024-09-04T12:44:14.578+0000][2164.407s][info ][safepoint     ] Entering safepoint region: Cleanup
[2024-09-04T12:44:14.579+0000][2164.407s][info ][safepoint     ] Leaving safepoint region
[2024-09-04T12:44:14.579+0000][2164.407s][info ][safepoint     ] Total time for which application threads were stopped: 0.0006893 seconds, Stopping threads took: 0.0002056 seconds
[2024-09-04T12:44:15.579+0000][2165.408s][debug][safepoint     ] Safepoint synchronization initiated. (271 threads)
[2024-09-04T12:44:15.579+0000][2165.408s][info ][safepoint     ] Application time: 1.0003126 seconds
[2024-09-04T12:44:15.579+0000][2165.408s][info ][safepoint     ] Entering safepoint region: Cleanup
[2024-09-04T12:44:15.580+0000][2165.409s][info ][safepoint     ] Leaving safepoint region
[2024-09-04T12:44:15.580+0000][2165.409s][info ][safepoint     ] Total time for which application threads were stopped: 0.0009875 seconds, Stopping threads took: 0.0002583 seconds
[2024-09-04T12:44:16.580+0000][2166.409s][debug][safepoint     ] Safepoint synchronization initiated. (271 threads)
[2024-09-04T12:44:16.580+0000][2166.409s][info ][safepoint     ] Application time: 1.0001987 seconds
[2024-09-04T12:44:16.580+0000][2166.409s][info ][safepoint     ] Entering safepoint region: Cleanup
[2024-09-04T12:44:16.581+0000][2166.410s][info ][safepoint     ] Leaving safepoint region
[2024-09-04T12:44:16.581+0000][2166.410s][info ][safepoint     ] Total time for which application threads were stopped: 0.0006639 seconds, Stopping threads took: 0.0001902 seconds
[2024-09-04T12:44:17.581+0000][2167.410s][debug][safepoint     ] Safepoint synchronization initiated. (271 threads)
[2024-09-04T12:44:17.581+0000][2167.410s][info ][safepoint     ] Application time: 1.0004519 seconds
[2024-09-04T12:44:17.582+0000][2167.411s][info ][safepoint     ] Entering safepoint region: Cleanup
[2024-09-04T12:44:17.583+0000][2167.411s][info ][safepoint     ] Leaving safepoint region
[2024-09-04T12:44:17.583+0000][2167.411s][info ][safepoint     ] Total time for which application threads were stopped: 0.0011780 seconds, Stopping threads took: 0.0004372 seconds
[2024-09-04T12:44:18.583+0000][2168.412s][debug][safepoint     ] Safepoint synchronization initiated. (271 threads)
[2024-09-04T12:44:18.583+0000][2168.412s][info ][safepoint     ] Application time: 1.0003280 seconds
[2024-09-04T12:44:18.583+0000][2168.412s][info ][safepoint     ] Entering safepoint region: Cleanup
[2024-09-04T12:44:18.584+0000][2168.412s][info ][safepoint     ] Leaving safepoint region
[2024-09-04T12:44:18.584+0000][2168.412s][info ][safepoint     ] Total time for which application threads were stopped: 0.0007821 seconds, Stopping threads took: 0.0002203 seconds
[2024-09-04T12:44:19.584+0000][2169.413s][debug][safepoint     ] Safepoint synchronization initiated. (271 threads)
[2024-09-04T12:44:19.584+0000][2169.413s][info ][safepoint     ] Application time: 1.0002337 seconds
[2024-09-04T12:44:19.584+0000][2169.413s][debug][safepoint     ] Waiting for 1 thread(s) to block
[2024-09-04T12:44:19.584+0000][2169.413s][info ][safepoint     ] Entering safepoint region: Cleanup
[2024-09-04T12:44:19.585+0000][2169.414s][info ][safepoint     ] Leaving safepoint region
[2024-09-04T12:44:19.585+0000][2169.414s][info ][safepoint     ] Total time for which application threads were stopped: 0.0007460 seconds, Stopping threads took: 0.0002931 seconds
[2024-09-04T12:44:20.585+0000][2170.414s][debug][safepoint     ] Safepoint synchronization initiated. (271 threads)
[2024-09-04T12:44:20.585+0000][2170.414s][info ][safepoint     ] Application time: 1.0002866 seconds
[2024-09-04T12:44:20.585+0000][2170.414s][info ][safepoint     ] Entering safepoint region: Cleanup
[2024-09-04T12:44:20.586+0000][2170.415s][info ][safepoint     ] Leaving safepoint region
[2024-09-04T12:44:20.586+0000][2170.415s][info ][safepoint     ] Total time for which application threads were stopped: 0.0008582 seconds, Stopping threads took: 0.0002225 seconds
[2024-09-04T12:44:21.586+0000][2171.415s][debug][safepoint     ] Safepoint synchronization initiated. (271 threads)
[2024-09-04T12:44:21.586+0000][2171.415s][info ][safepoint     ] Application time: 1.0002410 seconds
[2024-09-04T12:44:21.586+0000][2171.415s][info ][safepoint     ] Entering safepoint region: Cleanup
[2024-09-04T12:44:21.587+0000][2171.416s][info ][safepoint     ] Leaving safepoint region
[2024-09-04T12:44:21.587+0000][2171.416s][info ][safepoint     ] Total time for which application threads were stopped: 0.0006027 seconds, Stopping threads took: 0.0001648 seconds
[2024-09-04T12:44:22.587+0000][2172.416s][debug][safepoint     ] Safepoint synchronization initiated. (271 threads)
[2024-09-04T12:44:22.587+0000][2172.416s][info ][safepoint     ] Application time: 1.0002597 seconds
[2024-09-04T12:44:22.587+0000][2172.416s][info ][safepoint     ] Entering safepoint region: Cleanup
[2024-09-04T12:44:22.588+0000][2172.417s][info ][safepoint     ] Leaving safepoint region
[2024-09-04T12:44:22.588+0000][2172.417s][info ][safepoint     ] Total time for which application threads were stopped: 0.0008297 seconds, Stopping threads took: 0.0002142 seconds
[2024-09-04T12:44:23.588+0000][2173.417s][debug][safepoint     ] Safepoint synchronization initiated. (271 threads)
[2024-09-04T12:44:23.588+0000][2173.417s][info ][safepoint     ] Application time: 1.0003110 seconds
[2024-09-04T12:44:23.589+0000][2173.417s][info ][safepoint     ] Entering safepoint region: Cleanup
[2024-09-04T12:44:23.589+0000][2173.418s][info ][safepoint     ] Leaving safepoint region
[2024-09-04T12:44:23.589+0000][2173.418s][info ][safepoint     ] Total time for which application threads were stopped: 0.0008426 seconds, Stopping threads took: 0.0001974 seconds
[2024-09-04T12:44:24.589+0000][2174.418s][debug][safepoint     ] Safepoint synchronization initiated. (271 threads)
[2024-09-04T12:44:24.590+0000][2174.418s][info ][safepoint     ] Application time: 1.0004091 seconds
[2024-09-04T12:44:24.590+0000][2174.419s][info ][safepoint     ] Entering safepoint region: Cleanup
[2024-09-04T12:44:24.591+0000][2174.420s][info ][safepoint     ] Leaving safepoint region
[2024-09-04T12:44:24.591+0000][2174.420s][info ][safepoint     ] Total time for which application threads were stopped: 0.0012801 seconds, Stopping threads took: 0.0002964 seconds
[2024-09-04T12:44:25.591+0000][2175.420s][debug][safepoint     ] Safepoint synchronization initiated. (271 threads)
[2024-09-04T12:44:25.591+0000][2175.420s][info ][safepoint     ] Application time: 1.0003309 seconds
[2024-09-04T12:44:25.592+0000][2175.420s][info ][safepoint     ] Entering safepoint region: Cleanup
[2024-09-04T12:44:25.592+0000][2175.421s][info ][safepoint     ] Leaving safepoint region
[2024-09-04T12:44:25.592+0000][2175.421s][info ][safepoint     ] Total time for which application threads were stopped: 0.0010388 seconds, Stopping threads took: 0.0002673 seconds
[2024-09-04T12:44:26.593+0000][2176.421s][debug][safepoint     ] Safepoint synchronization initiated. (271 threads)
[2024-09-04T12:44:26.593+0000][2176.422s][info ][safepoint     ] Application time: 1.0003643 seconds
[2024-09-04T12:44:26.593+0000][2176.422s][info ][safepoint     ] Entering safepoint region: Cleanup
[2024-09-04T12:44:26.594+0000][2176.422s][debug][safepoint     ] ... found polling page return exception at pc = 0x00007ff4a131ffd6, stub =0x00007ff498824b00
[2024-09-04T12:44:26.594+0000][2176.423s][info ][safepoint     ] Leaving safepoint region
[2024-09-04T12:44:26.594+0000][2176.423s][info ][safepoint     ] Total time for which application threads were stopped: 0.0010377 seconds, Stopping threads took: 0.0002359 seconds
[2024-09-04T12:44:27.594+0000][2177.423s][debug][safepoint     ] Safepoint synchronization initiated. (271 threads)
[2024-09-04T12:44:27.594+0000][2177.423s][info ][safepoint     ] Application time: 1.0002104 seconds
[2024-09-04T12:44:27.594+0000][2177.423s][info ][safepoint     ] Entering safepoint region: Cleanup
[2024-09-04T12:44:27.595+0000][2177.424s][info ][safepoint     ] Leaving safepoint region
[2024-09-04T12:44:27.595+0000][2177.424s][info ][safepoint     ] Total time for which application threads were stopped: 0.0009062 seconds, Stopping threads took: 0.0001843 seconds
[2024-09-04T12:44:28.595+0000][2178.424s][debug][safepoint     ] Safepoint synchronization initiated. (271 threads)
[2024-09-04T12:44:28.595+0000][2178.424s][info ][safepoint     ] Application time: 1.0003424 seconds
[2024-09-04T12:44:28.596+0000][2178.424s][info ][safepoint     ] Entering safepoint region: Cleanup
[2024-09-04T12:44:28.596+0000][2178.425s][info ][safepoint     ] Leaving safepoint region
[2024-09-04T12:44:28.596+0000][2178.425s][info ][safepoint     ] Total time for which application threads were stopped: 0.0011132 seconds, Stopping threads took: 0.0002506 seconds
[2024-09-04T12:44:29.597+0000][2179.425s][debug][safepoint     ] Safepoint synchronization initiated. (271 threads)
[2024-09-04T12:44:29.597+0000][2179.426s][info ][safepoint     ] Application time: 1.0002823 seconds
[2024-09-04T12:44:29.597+0000][2179.426s][debug][safepoint     ] Waiting for 1 thread(s) to block
[2024-09-04T12:44:29.597+0000][2179.426s][info ][safepoint     ] Entering safepoint region: Cleanup
[2024-09-04T12:44:29.598+0000][2179.426s][info ][safepoint     ] Leaving safepoint region
[2024-09-04T12:44:29.598+0000][2179.426s][info ][safepoint     ] Total time for which application threads were stopped: 0.0008349 seconds, Stopping threads took: 0.0002780 seconds
[2024-09-04T12:44:30.598+0000][2180.427s][debug][safepoint     ] Safepoint synchronization initiated. (271 threads)
[2024-09-04T12:44:30.598+0000][2180.427s][info ][safepoint     ] Application time: 1.0002912 seconds
[2024-09-04T12:44:30.598+0000][2180.427s][info ][safepoint     ] Entering safepoint region: Cleanup
[2024-09-04T12:44:30.599+0000][2180.428s][info ][safepoint     ] Leaving safepoint region
[2024-09-04T12:44:30.599+0000][2180.428s][info ][safepoint     ] Total time for which application threads were stopped: 0.0011447 seconds, Stopping threads took: 0.0002515 seconds
[2024-09-04T12:44:31.599+0000][2181.428s][debug][safepoint     ] Safepoint synchronization initiated. (271 threads)
[2024-09-04T12:44:31.599+0000][2181.428s][info ][safepoint     ] Application time: 1.0001981 seconds
[2024-09-04T12:44:31.600+0000][2181.428s][info ][safepoint     ] Entering safepoint region: Cleanup
[2024-09-04T12:44:31.600+0000][2181.429s][info ][safepoint     ] Leaving safepoint region
[2024-09-04T12:44:31.600+0000][2181.429s][info ][safepoint     ] Total time for which application threads were stopped: 0.0009341 seconds, Stopping threads took: 0.0001877 seconds
[2024-09-04T12:44:32.600+0000][2182.429s][debug][safepoint     ] Safepoint synchronization initiated. (271 threads)
[2024-09-04T12:44:32.601+0000][2182.429s][info ][safepoint     ] Application time: 1.0002483 seconds
[2024-09-04T12:44:32.601+0000][2182.430s][info ][safepoint     ] Entering safepoint region: Cleanup
[2024-09-04T12:44:32.601+0000][2182.430s][info ][safepoint     ] Leaving safepoint region
[2024-09-04T12:44:32.601+0000][2182.430s][info ][safepoint     ] Total time for which application threads were stopped: 0.0008110 seconds, Stopping threads took: 0.0002214 seconds
[2024-09-04T12:44:33.483+0000][2183.311s][debug][safepoint     ] Safepoint synchronization initiated. (271 threads)
[2024-09-04T12:44:33.483+0000][2183.311s][info ][safepoint     ] Application time: 0.8812049 seconds
[2024-09-04T12:44:33.483+0000][2183.312s][debug][safepoint     ] ... found polling page return exception at pc = 0x00007ff4a0b6dddb, stub =0x00007ff498824b00
[2024-09-04T12:44:33.483+0000][2183.312s][debug][safepoint     ] Waiting for 1 thread(s) to block
[2024-09-04T12:44:33.483+0000][2183.312s][info ][safepoint     ] Entering safepoint region: G1CollectForAllocation
[2024-09-04T12:44:33.484+0000][2183.312s][info ][gc,start      ] GC(147) Pause Young (Normal) (G1 Evacuation Pause)
[2024-09-04T12:44:33.484+0000][2183.313s][info ][gc,task       ] GC(147) Using 4 workers of 4 for evacuation
[2024-09-04T12:44:33.492+0000][2183.321s][info ][gc,phases     ] GC(147)   Pre Evacuate Collection Set: 0.0ms
[2024-09-04T12:44:33.492+0000][2183.321s][info ][gc,phases     ] GC(147)   Evacuate Collection Set: 3.1ms
[2024-09-04T12:44:33.492+0000][2183.321s][info ][gc,phases     ] GC(147)   Post Evacuate Collection Set: 5.2ms
[2024-09-04T12:44:33.493+0000][2183.321s][info ][gc,phases     ] GC(147)   Other: 0.5ms
[2024-09-04T12:44:33.493+0000][2183.321s][info ][gc,heap       ] GC(147) Eden regions: 185->0(185)
[2024-09-04T12:44:33.493+0000][2183.321s][info ][gc,heap       ] GC(147) Survivor regions: 1->1(24)
[2024-09-04T12:44:33.493+0000][2183.321s][info ][gc,heap       ] GC(147) Old regions: 182->182
[2024-09-04T12:44:33.493+0000][2183.321s][info ][gc,heap       ] GC(147) Humongous regions: 0->0
[2024-09-04T12:44:33.493+0000][2183.321s][info ][gc,metaspace  ] GC(147) Metaspace: 185837K(191984K)->185837K(191984K) NonClass: 164690K(168404K)->164690K(168404K) Class: 21146K(23580K)->21146K(23580K)
[2024-09-04T12:44:33.493+0000][2183.321s][info ][gc            ] GC(147) Pause Young (Normal) (G1 Evacuation Pause) 365M->180M(412M) 8.916ms
[2024-09-04T12:44:33.493+0000][2183.321s][info ][gc,cpu        ] GC(147) User=0.03s Sys=0.00s Real=0.01s
[2024-09-04T12:44:33.493+0000][2183.322s][info ][safepoint     ] Leaving safepoint region
[2024-09-04T12:44:33.493+0000][2183.322s][info ][safepoint     ] Total time for which application threads were stopped: 0.0100950 seconds, Stopping threads took: 0.0003709 seconds
[2024-09-04T12:44:33.493+0000][2183.322s][info ][gc,stringdedup] Concurrent String Deduplication (2183.322s)
[2024-09-04T12:44:33.493+0000][2183.322s][info ][gc,stringdedup] Concurrent String Deduplication 496.0B->0.0B(496.0B) avg 55.7% (2183.322s, 2183.322s) 0.043ms
[2024-09-04T12:44:34.493+0000][2184.322s][debug][safepoint     ] Safepoint synchronization initiated. (271 threads)
[2024-09-04T12:44:34.493+0000][2184.322s][info ][safepoint     ] Application time: 1.0002099 seconds
[2024-09-04T12:44:34.493+0000][2184.322s][info ][safepoint     ] Entering safepoint region: Cleanup
[2024-09-04T12:44:34.494+0000][2184.322s][info ][safepoint     ] Leaving safepoint region
[2024-09-04T12:44:34.494+0000][2184.323s][info ][safepoint     ] Total time for which application threads were stopped: 0.0007306 seconds, Stopping threads took: 0.0001870 seconds
[2024-09-04T12:44:35.494+0000][2185.323s][debug][safepoint     ] Safepoint synchronization initiated. (271 threads)
[2024-09-04T12:44:35.494+0000][2185.323s][info ][safepoint     ] Application time: 1.0002985 seconds
[2024-09-04T12:44:35.494+0000][2185.323s][info ][safepoint     ] Entering safepoint region: Cleanup
[2024-09-04T12:44:35.495+0000][2185.324s][info ][safepoint     ] Leaving safepoint region
[2024-09-04T12:44:35.495+0000][2185.324s][info ][safepoint     ] Total time for which application threads were stopped: 0.0009319 seconds, Stopping threads took: 0.0002263 seconds
[2024-09-04T12:44:36.495+0000][2186.324s][debug][safepoint     ] Safepoint synchronization initiated. (271 threads)
[2024-09-04T12:44:36.495+0000][2186.324s][info ][safepoint     ] Application time: 1.0002297 seconds
[2024-09-04T12:44:36.495+0000][2186.324s][info ][safepoint     ] Entering safepoint region: Cleanup
[2024-09-04T12:44:36.496+0000][2186.325s][info ][safepoint     ] Leaving safepoint region
[2024-09-04T12:44:36.496+0000][2186.325s][info ][safepoint     ] Total time for which application threads were stopped: 0.0007852 seconds, Stopping threads took: 0.0001566 seconds
[2024-09-04T12:44:37.496+0000][2187.325s][debug][safepoint     ] Safepoint synchronization initiated. (271 threads)
[2024-09-04T12:44:37.496+0000][2187.325s][info ][safepoint     ] Application time: 1.0003080 seconds
[2024-09-04T12:44:37.497+0000][2187.325s][info ][safepoint     ] Entering safepoint region: Cleanup
[2024-09-04T12:44:37.498+0000][2187.326s][info ][safepoint     ] Leaving safepoint region
[2024-09-04T12:44:37.498+0000][2187.326s][info ][safepoint     ] Total time for which application threads were stopped: 0.0011199 seconds, Stopping threads took: 0.0002721 seconds
[2024-09-04T12:44:38.498+0000][2188.327s][debug][safepoint     ] Safepoint synchronization initiated. (271 threads)
[2024-09-04T12:44:38.498+0000][2188.327s][info ][safepoint     ] Application time: 1.0003621 seconds
[2024-09-04T12:44:38.498+0000][2188.327s][info ][safepoint     ] Entering safepoint region: Cleanup
[2024-09-04T12:44:38.499+0000][2188.328s][info ][safepoint     ] Leaving safepoint region
[2024-09-04T12:44:38.499+0000][2188.328s][info ][safepoint     ] Total time for which application threads were stopped: 0.0008387 seconds, Stopping threads took: 0.0002224 seconds
[2024-09-04T12:44:39.499+0000][2189.328s][debug][safepoint     ] Safepoint synchronization initiated. (271 threads)
[2024-09-04T12:44:39.499+0000][2189.328s][info ][safepoint     ] Application time: 1.0002133 seconds
[2024-09-04T12:44:39.499+0000][2189.328s][info ][safepoint     ] Entering safepoint region: Cleanup
[2024-09-04T12:44:39.500+0000][2189.329s][info ][safepoint     ] Leaving safepoint region
[2024-09-04T12:44:39.500+0000][2189.329s][info ][safepoint     ] Total time for which application threads were stopped: 0.0008966 seconds, Stopping threads took: 0.0002293 seconds
[2024-09-04T12:44:40.500+0000][2190.329s][debug][safepoint     ] Safepoint synchronization initiated. (271 threads)
[2024-09-04T12:44:40.500+0000][2190.329s][info ][safepoint     ] Application time: 1.0002447 seconds
[2024-09-04T12:44:40.500+0000][2190.329s][info ][safepoint     ] Entering safepoint region: Cleanup
[2024-09-04T12:44:40.501+0000][2190.330s][info ][safepoint     ] Leaving safepoint region
[2024-09-04T12:44:40.501+0000][2190.330s][info ][safepoint     ] Total time for which application threads were stopped: 0.0006872 seconds, Stopping threads took: 0.0001574 seconds
[2024-09-04T12:44:41.501+0000][2191.330s][debug][safepoint     ] Safepoint synchronization initiated. (271 threads)
[2024-09-04T12:44:41.501+0000][2191.330s][info ][safepoint     ] Application time: 1.0003153 seconds
[2024-09-04T12:44:41.502+0000][2191.330s][info ][safepoint     ] Entering safepoint region: Cleanup
[2024-09-04T12:44:41.502+0000][2191.331s][info ][safepoint     ] Leaving safepoint region
[2024-09-04T12:44:41.502+0000][2191.331s][info ][safepoint     ] Total time for which application threads were stopped: 0.0009531 seconds, Stopping threads took: 0.0003585 seconds
[2024-09-04T12:44:42.503+0000][2192.331s][debug][safepoint     ] Safepoint synchronization initiated. (271 threads)
[2024-09-04T12:44:42.503+0000][2192.331s][info ][safepoint     ] Application time: 1.0003498 seconds
[2024-09-04T12:44:42.503+0000][2192.332s][info ][safepoint     ] Entering safepoint region: Cleanup
[2024-09-04T12:44:42.504+0000][2192.332s][info ][safepoint     ] Leaving safepoint region
[2024-09-04T12:44:42.504+0000][2192.333s][info ][safepoint     ] Total time for which application threads were stopped: 0.0010937 seconds, Stopping threads took: 0.0003000 seconds
[2024-09-04T12:44:43.504+0000][2193.333s][debug][safepoint     ] Safepoint synchronization initiated. (271 threads)
[2024-09-04T12:44:43.504+0000][2193.333s][info ][safepoint     ] Application time: 1.0002262 seconds
[2024-09-04T12:44:43.504+0000][2193.333s][info ][safepoint     ] Entering safepoint region: Cleanup
[2024-09-04T12:44:43.505+0000][2193.334s][info ][safepoint     ] Leaving safepoint region
[2024-09-04T12:44:43.505+0000][2193.334s][info ][safepoint     ] Total time for which application threads were stopped: 0.0007915 seconds, Stopping threads took: 0.0001617 seconds
[2024-09-04T12:44:44.505+0000][2194.334s][debug][safepoint     ] Safepoint synchronization initiated. (271 threads)
[2024-09-04T12:44:44.505+0000][2194.334s][info ][safepoint     ] Application time: 1.0002725 seconds
[2024-09-04T12:44:44.505+0000][2194.334s][info ][safepoint     ] Entering safepoint region: Cleanup
[2024-09-04T12:44:44.506+0000][2194.335s][info ][safepoint     ] Leaving safepoint region
[2024-09-04T12:44:44.506+0000][2194.335s][info ][safepoint     ] Total time for which application threads were stopped: 0.0007423 seconds, Stopping threads took: 0.0002203 seconds
[2024-09-04T12:44:45.506+0000][2195.335s][debug][safepoint     ] Safepoint synchronization initiated. (271 threads)
[2024-09-04T12:44:45.506+0000][2195.335s][info ][safepoint     ] Application time: 1.0002757 seconds
[2024-09-04T12:44:45.506+0000][2195.335s][info ][safepoint     ] Entering safepoint region: Cleanup
[2024-09-04T12:44:45.507+0000][2195.336s][info ][safepoint     ] Leaving safepoint region
[2024-09-04T12:44:45.507+0000][2195.336s][info ][safepoint     ] Total time for which application threads were stopped: 0.0007016 seconds, Stopping threads took: 0.0001922 seconds
[2024-09-04T12:44:46.507+0000][2196.336s][debug][safepoint     ] Safepoint synchronization initiated. (271 threads)
[2024-09-04T12:44:46.507+0000][2196.336s][info ][safepoint     ] Application time: 1.0002022 seconds
[2024-09-04T12:44:46.507+0000][2196.336s][info ][safepoint     ] Entering safepoint region: Cleanup
[2024-09-04T12:44:46.508+0000][2196.337s][info ][safepoint     ] Leaving safepoint region
[2024-09-04T12:44:46.508+0000][2196.337s][info ][safepoint     ] Total time for which application threads were stopped: 0.0008527 seconds, Stopping threads took: 0.0001829 seconds
[2024-09-04T12:44:47.508+0000][2197.337s][debug][safepoint     ] Safepoint synchronization initiated. (271 threads)
[2024-09-04T12:44:47.508+0000][2197.337s][info ][safepoint     ] Application time: 1.0003926 seconds
[2024-09-04T12:44:47.509+0000][2197.337s][debug][safepoint     ] ... found polling page return exception at pc = 0x00007ff4a0349f2f, stub =0x00007ff498824b00
[2024-09-04T12:44:47.509+0000][2197.337s][debug][safepoint     ] ... found polling page return exception at pc = 0x00007ff4a047b3f2, stub =0x00007ff498824b00
[2024-09-04T12:44:47.509+0000][2197.337s][debug][safepoint     ] ... found polling page return exception at pc = 0x00007ff4a131ffd6, stub =0x00007ff498824b00
[2024-09-04T12:44:47.509+0000][2197.338s][debug][safepoint     ] Waiting for 3 thread(s) to block
[2024-09-04T12:44:47.509+0000][2197.338s][info ][safepoint     ] Entering safepoint region: Cleanup
[2024-09-04T12:44:47.510+0000][2197.338s][debug][safepoint     ] ... found polling page return exception at pc = 0x00007ff4a131ffd6, stub =0x00007ff498824b00
[2024-09-04T12:44:47.510+0000][2197.338s][debug][safepoint     ] ... found polling page return exception at pc = 0x00007ff4a131ffd6, stub =0x00007ff498824b00
[2024-09-04T12:44:47.510+0000][2197.338s][info ][safepoint     ] Leaving safepoint region
[2024-09-04T12:44:47.510+0000][2197.339s][info ][safepoint     ] Total time for which application threads were stopped: 0.0013143 seconds, Stopping threads took: 0.0005946 seconds
[2024-09-04T12:44:48.510+0000][2198.339s][debug][safepoint     ] Safepoint synchronization initiated. (271 threads)
[2024-09-04T12:44:48.510+0000][2198.339s][info ][safepoint     ] Application time: 1.0003778 seconds
[2024-09-04T12:44:48.510+0000][2198.339s][info ][safepoint     ] Entering safepoint region: Cleanup
[2024-09-04T12:44:48.511+0000][2198.340s][info ][safepoint     ] Leaving safepoint region
[2024-09-04T12:44:48.511+0000][2198.340s][info ][safepoint     ] Total time for which application threads were stopped: 0.0010413 seconds, Stopping threads took: 0.0002282 seconds
[2024-09-04T12:44:49.511+0000][2199.340s][debug][safepoint     ] Safepoint synchronization initiated. (271 threads)
[2024-09-04T12:44:49.512+0000][2199.340s][info ][safepoint     ] Application time: 1.0002663 seconds
[2024-09-04T12:44:49.512+0000][2199.340s][info ][safepoint     ] Entering safepoint region: Cleanup
[2024-09-04T12:44:49.512+0000][2199.341s][info ][safepoint     ] Leaving safepoint region
[2024-09-04T12:44:49.512+0000][2199.341s][info ][safepoint     ] Total time for which application threads were stopped: 0.0008508 seconds, Stopping threads took: 0.0002043 seconds
[2024-09-04T12:44:50.513+0000][2200.341s][debug][safepoint     ] Safepoint synchronization initiated. (271 threads)
[2024-09-04T12:44:50.513+0000][2200.341s][info ][safepoint     ] Application time: 1.0002804 seconds
[2024-09-04T12:44:50.513+0000][2200.342s][info ][safepoint     ] Entering safepoint region: Cleanup
[2024-09-04T12:44:50.513+0000][2200.342s][info ][safepoint     ] Leaving safepoint region
[2024-09-04T12:44:50.513+0000][2200.342s][info ][safepoint     ] Total time for which application threads were stopped: 0.0007245 seconds, Stopping threads took: 0.0002258 seconds
[2024-09-04T12:44:51.514+0000][2201.342s][debug][safepoint     ] Safepoint synchronization initiated. (271 threads)
[2024-09-04T12:44:51.514+0000][2201.342s][info ][safepoint     ] Application time: 1.0002190 seconds
[2024-09-04T12:44:51.514+0000][2201.343s][info ][safepoint     ] Entering safepoint region: Cleanup
[2024-09-04T12:44:51.514+0000][2201.343s][info ][safepoint     ] Leaving safepoint region
[2024-09-04T12:44:51.514+0000][2201.343s][info ][safepoint     ] Total time for which application threads were stopped: 0.0007233 seconds, Stopping threads took: 0.0002490 seconds
[2024-09-04T12:44:52.515+0000][2202.343s][debug][safepoint     ] Safepoint synchronization initiated. (271 threads)
[2024-09-04T12:44:52.515+0000][2202.344s][info ][safepoint     ] Application time: 1.0002965 seconds
[2024-09-04T12:44:52.515+0000][2202.344s][info ][safepoint     ] Entering safepoint region: Cleanup
[2024-09-04T12:44:52.516+0000][2202.345s][info ][safepoint     ] Leaving safepoint region
[2024-09-04T12:44:52.516+0000][2202.345s][info ][safepoint     ] Total time for which application threads were stopped: 0.0009891 seconds, Stopping threads took: 0.0002342 seconds
[2024-09-04T12:44:53.516+0000][2203.345s][debug][safepoint     ] Safepoint synchronization initiated. (271 threads)
[2024-09-04T12:44:53.516+0000][2203.345s][info ][safepoint     ] Application time: 1.0002246 seconds
[2024-09-04T12:44:53.516+0000][2203.345s][info ][safepoint     ] Entering safepoint region: Cleanup
[2024-09-04T12:44:53.517+0000][2203.345s][info ][safepoint     ] Leaving safepoint region
[2024-09-04T12:44:53.517+0000][2203.345s][info ][safepoint     ] Total time for which application threads were stopped: 0.0005792 seconds, Stopping threads took: 0.0001491 seconds
[2024-09-04T12:44:54.517+0000][2204.346s][debug][safepoint     ] Safepoint synchronization initiated. (271 threads)
[2024-09-04T12:44:54.517+0000][2204.346s][info ][safepoint     ] Application time: 1.0001887 seconds
[2024-09-04T12:44:54.517+0000][2204.346s][info ][safepoint     ] Entering safepoint region: Cleanup
[2024-09-04T12:44:54.517+0000][2204.346s][info ][safepoint     ] Leaving safepoint region
[2024-09-04T12:44:54.518+0000][2204.346s][info ][safepoint     ] Total time for which application threads were stopped: 0.0006337 seconds, Stopping threads took: 0.0001599 seconds
[2024-09-04T12:44:55.518+0000][2205.346s][debug][safepoint     ] Safepoint synchronization initiated. (271 threads)
[2024-09-04T12:44:55.518+0000][2205.347s][info ][safepoint     ] Application time: 1.0003165 seconds
[2024-09-04T12:44:55.518+0000][2205.347s][info ][safepoint     ] Entering safepoint region: Cleanup
[2024-09-04T12:44:55.519+0000][2205.348s][info ][safepoint     ] Leaving safepoint region
[2024-09-04T12:44:55.519+0000][2205.348s][info ][safepoint     ] Total time for which application threads were stopped: 0.0009787 seconds, Stopping threads took: 0.0002458 seconds
[2024-09-04T12:44:56.519+0000][2206.348s][debug][safepoint     ] Safepoint synchronization initiated. (271 threads)
[2024-09-04T12:44:56.519+0000][2206.348s][info ][safepoint     ] Application time: 1.0003304 seconds
[2024-09-04T12:44:56.519+0000][2206.348s][info ][safepoint     ] Entering safepoint region: Cleanup
[2024-09-04T12:44:56.520+0000][2206.349s][info ][safepoint     ] Leaving safepoint region
[2024-09-04T12:44:56.520+0000][2206.349s][info ][safepoint     ] Total time for which application threads were stopped: 0.0009315 seconds, Stopping threads took: 0.0002501 seconds
[2024-09-04T12:44:57.520+0000][2207.349s][debug][safepoint     ] Safepoint synchronization initiated. (271 threads)
[2024-09-04T12:44:57.521+0000][2207.349s][info ][safepoint     ] Application time: 1.0003423 seconds
[2024-09-04T12:44:57.521+0000][2207.350s][info ][safepoint     ] Entering safepoint region: Cleanup
[2024-09-04T12:44:57.522+0000][2207.350s][info ][safepoint     ] Leaving safepoint region
[2024-09-04T12:44:57.522+0000][2207.350s][info ][safepoint     ] Total time for which application threads were stopped: 0.0010105 seconds, Stopping threads took: 0.0002868 seconds
[2024-09-04T12:44:58.522+0000][2208.351s][debug][safepoint     ] Safepoint synchronization initiated. (271 threads)
[2024-09-04T12:44:58.522+0000][2208.351s][info ][safepoint     ] Application time: 1.0002302 seconds
[2024-09-04T12:44:58.522+0000][2208.351s][info ][safepoint     ] Entering safepoint region: Cleanup
[2024-09-04T12:44:58.523+0000][2208.351s][info ][safepoint     ] Leaving safepoint region
[2024-09-04T12:44:58.523+0000][2208.351s][info ][safepoint     ] Total time for which application threads were stopped: 0.0008140 seconds, Stopping threads took: 0.0002021 seconds
[2024-09-04T12:44:59.523+0000][2209.352s][debug][safepoint     ] Safepoint synchronization initiated. (271 threads)
[2024-09-04T12:44:59.523+0000][2209.352s][info ][safepoint     ] Application time: 1.0003093 seconds
[2024-09-04T12:44:59.523+0000][2209.352s][info ][safepoint     ] Entering safepoint region: Cleanup
[2024-09-04T12:44:59.524+0000][2209.353s][info ][safepoint     ] Leaving safepoint region
[2024-09-04T12:44:59.524+0000][2209.353s][info ][safepoint     ] Total time for which application threads were stopped: 0.0008002 seconds, Stopping threads took: 0.0001954 seconds
[2024-09-04T12:45:00.524+0000][2210.353s][debug][safepoint     ] Safepoint synchronization initiated. (271 threads)
[2024-09-04T12:45:00.524+0000][2210.353s][info ][safepoint     ] Application time: 1.0003459 seconds
[2024-09-04T12:45:00.524+0000][2210.353s][info ][safepoint     ] Entering safepoint region: Cleanup
[2024-09-04T12:45:00.525+0000][2210.354s][info ][safepoint     ] Leaving safepoint region
[2024-09-04T12:45:00.525+0000][2210.354s][info ][safepoint     ] Total time for which application threads were stopped: 0.0009754 seconds, Stopping threads took: 0.0002654 seconds
[2024-09-04T12:45:01.525+0000][2211.354s][debug][safepoint     ] Safepoint synchronization initiated. (271 threads)
[2024-09-04T12:45:01.526+0000][2211.354s][info ][safepoint     ] Application time: 1.0003374 seconds
[2024-09-04T12:45:01.526+0000][2211.355s][info ][safepoint     ] Entering safepoint region: Cleanup
[2024-09-04T12:45:01.526+0000][2211.355s][info ][safepoint     ] Leaving safepoint region
[2024-09-04T12:45:01.527+0000][2211.355s][info ][safepoint     ] Total time for which application threads were stopped: 0.0009171 seconds, Stopping threads took: 0.0002668 seconds
[2024-09-04T12:45:02.265+0000][2212.093s][debug][safepoint     ] Safepoint synchronization initiated. (271 threads)
[2024-09-04T12:45:02.265+0000][2212.094s][info ][safepoint     ] Application time: 0.7381568 seconds
[2024-09-04T12:45:02.265+0000][2212.094s][info ][safepoint     ] Entering safepoint region: G1CollectForAllocation
[2024-09-04T12:45:02.265+0000][2212.094s][info ][gc,start      ] GC(148) Pause Young (Normal) (G1 Evacuation Pause)
[2024-09-04T12:45:02.266+0000][2212.094s][info ][gc,task       ] GC(148) Using 4 workers of 4 for evacuation
[2024-09-04T12:45:02.273+0000][2212.102s][info ][gc,phases     ] GC(148)   Pre Evacuate Collection Set: 0.1ms
[2024-09-04T12:45:02.273+0000][2212.102s][info ][gc,phases     ] GC(148)   Evacuate Collection Set: 2.4ms
[2024-09-04T12:45:02.273+0000][2212.102s][info ][gc,phases     ] GC(148)   Post Evacuate Collection Set: 5.1ms
[2024-09-04T12:45:02.273+0000][2212.102s][info ][gc,phases     ] GC(148)   Other: 0.5ms
[2024-09-04T12:45:02.273+0000][2212.102s][info ][gc,heap       ] GC(148) Eden regions: 185->0(185)
[2024-09-04T12:45:02.274+0000][2212.102s][info ][gc,heap       ] GC(148) Survivor regions: 1->1(24)
[2024-09-04T12:45:02.274+0000][2212.102s][info ][gc,heap       ] GC(148) Old regions: 182->182
[2024-09-04T12:45:02.274+0000][2212.102s][info ][gc,heap       ] GC(148) Humongous regions: 0->0
[2024-09-04T12:45:02.274+0000][2212.102s][info ][gc,metaspace  ] GC(148) Metaspace: 185841K(192240K)->185841K(192240K) NonClass: 164694K(168660K)->164694K(168660K) Class: 21146K(23580K)->21146K(23580K)
[2024-09-04T12:45:02.274+0000][2212.102s][info ][gc            ] GC(148) Pause Young (Normal) (G1 Evacuation Pause) 365M->180M(412M) 8.092ms
[2024-09-04T12:45:02.274+0000][2212.102s][info ][gc,cpu        ] GC(148) User=0.03s Sys=0.00s Real=0.01s
[2024-09-04T12:45:02.274+0000][2212.102s][info ][safepoint     ] Leaving safepoint region
[2024-09-04T12:45:02.274+0000][2212.102s][info ][safepoint     ] Total time for which application threads were stopped: 0.0089579 seconds, Stopping threads took: 0.0001712 seconds
[2024-09-04T12:45:02.274+0000][2212.103s][info ][gc,stringdedup] Concurrent String Deduplication (2212.103s)
[2024-09-04T12:45:02.274+0000][2212.103s][info ][gc,stringdedup] Concurrent String Deduplication 90416.0B->0.0B(90416.0B) avg 55.8% (2212.103s, 2212.103s) 0.588ms
[2024-09-04T12:45:03.274+0000][2213.103s][debug][safepoint     ] Safepoint synchronization initiated. (271 threads)
[2024-09-04T12:45:03.274+0000][2213.103s][info ][safepoint     ] Application time: 1.0002209 seconds
[2024-09-04T12:45:03.274+0000][2213.103s][info ][safepoint     ] Entering safepoint region: Cleanup
[2024-09-04T12:45:03.275+0000][2213.103s][info ][safepoint     ] Leaving safepoint region
[2024-09-04T12:45:03.275+0000][2213.104s][info ][safepoint     ] Total time for which application threads were stopped: 0.0007830 seconds, Stopping threads took: 0.0001916 seconds
[2024-09-04T12:45:04.275+0000][2214.104s][debug][safepoint     ] Safepoint synchronization initiated. (271 threads)
[2024-09-04T12:45:04.275+0000][2214.104s][info ][safepoint     ] Application time: 1.0002541 seconds
[2024-09-04T12:45:04.275+0000][2214.104s][info ][safepoint     ] Entering safepoint region: Cleanup
[2024-09-04T12:45:04.276+0000][2214.105s][info ][safepoint     ] Leaving safepoint region
[2024-09-04T12:45:04.276+0000][2214.105s][info ][safepoint     ] Total time for which application threads were stopped: 0.0008479 seconds, Stopping threads took: 0.0002412 seconds
[2024-09-04T12:45:05.276+0000][2215.105s][debug][safepoint     ] Safepoint synchronization initiated. (271 threads)
[2024-09-04T12:45:05.276+0000][2215.105s][info ][safepoint     ] Application time: 1.0002067 seconds
[2024-09-04T12:45:05.276+0000][2215.105s][info ][safepoint     ] Entering safepoint region: Cleanup
[2024-09-04T12:45:05.277+0000][2215.105s][info ][safepoint     ] Leaving safepoint region
[2024-09-04T12:45:05.277+0000][2215.106s][info ][safepoint     ] Total time for which application threads were stopped: 0.0006192 seconds, Stopping threads took: 0.0001452 seconds
[2024-09-04T12:45:06.277+0000][2216.106s][debug][safepoint     ] Safepoint synchronization initiated. (271 threads)
[2024-09-04T12:45:06.277+0000][2216.106s][info ][safepoint     ] Application time: 1.0003367 seconds
[2024-09-04T12:45:06.277+0000][2216.106s][info ][safepoint     ] Entering safepoint region: Cleanup
[2024-09-04T12:45:06.278+0000][2216.107s][info ][safepoint     ] Leaving safepoint region
[2024-09-04T12:45:06.278+0000][2216.107s][info ][safepoint     ] Total time for which application threads were stopped: 0.0007244 seconds, Stopping threads took: 0.0002240 seconds
[2024-09-04T12:45:07.278+0000][2217.107s][debug][safepoint     ] Safepoint synchronization initiated. (271 threads)
[2024-09-04T12:45:07.278+0000][2217.107s][info ][safepoint     ] Application time: 1.0001695 seconds
[2024-09-04T12:45:07.278+0000][2217.107s][info ][safepoint     ] Entering safepoint region: Cleanup
[2024-09-04T12:45:07.279+0000][2217.107s][debug][safepoint     ] ... found polling page return exception at pc = 0x00007ff4a131ffd6, stub =0x00007ff498824b00
[2024-09-04T12:45:07.279+0000][2217.107s][info ][safepoint     ] Leaving safepoint region
[2024-09-04T12:45:07.279+0000][2217.108s][info ][safepoint     ] Total time for which application threads were stopped: 0.0006753 seconds, Stopping threads took: 0.0001661 seconds
[2024-09-04T12:45:08.279+0000][2218.108s][debug][safepoint     ] Safepoint synchronization initiated. (271 threads)
[2024-09-04T12:45:08.279+0000][2218.108s][info ][safepoint     ] Application time: 1.0002038 seconds
[2024-09-04T12:45:08.279+0000][2218.108s][info ][safepoint     ] Entering safepoint region: Cleanup
[2024-09-04T12:45:08.280+0000][2218.108s][info ][safepoint     ] Leaving safepoint region
[2024-09-04T12:45:08.280+0000][2218.109s][info ][safepoint     ] Total time for which application threads were stopped: 0.0007130 seconds, Stopping threads took: 0.0001864 seconds
[2024-09-04T12:45:09.280+0000][2219.109s][debug][safepoint     ] Safepoint synchronization initiated. (271 threads)
[2024-09-04T12:45:09.280+0000][2219.109s][info ][safepoint     ] Application time: 1.0002455 seconds
[2024-09-04T12:45:09.280+0000][2219.109s][info ][safepoint     ] Entering safepoint region: Cleanup
[2024-09-04T12:45:09.281+0000][2219.109s][info ][safepoint     ] Leaving safepoint region
[2024-09-04T12:45:09.281+0000][2219.110s][info ][safepoint     ] Total time for which application threads were stopped: 0.0006890 seconds, Stopping threads took: 0.0001927 seconds
[2024-09-04T12:45:10.281+0000][2220.110s][debug][safepoint     ] Safepoint synchronization initiated. (271 threads)
[2024-09-04T12:45:10.281+0000][2220.110s][info ][safepoint     ] Application time: 1.0002761 seconds
[2024-09-04T12:45:10.281+0000][2220.110s][info ][safepoint     ] Entering safepoint region: Cleanup
[2024-09-04T12:45:10.282+0000][2220.111s][info ][safepoint     ] Leaving safepoint region
[2024-09-04T12:45:10.282+0000][2220.111s][info ][safepoint     ] Total time for which application threads were stopped: 0.0007490 seconds, Stopping threads took: 0.0002160 seconds
[2024-09-04T12:45:11.282+0000][2221.111s][debug][safepoint     ] Safepoint synchronization initiated. (271 threads)
[2024-09-04T12:45:11.282+0000][2221.111s][info ][safepoint     ] Application time: 1.0002409 seconds
[2024-09-04T12:45:11.282+0000][2221.111s][info ][safepoint     ] Entering safepoint region: Cleanup
[2024-09-04T12:45:11.283+0000][2221.112s][info ][safepoint     ] Leaving safepoint region
[2024-09-04T12:45:11.283+0000][2221.112s][info ][safepoint     ] Total time for which application threads were stopped: 0.0009552 seconds, Stopping threads took: 0.0002259 seconds
[2024-09-04T12:45:12.283+0000][2222.112s][debug][safepoint     ] Safepoint synchronization initiated. (271 threads)
[2024-09-04T12:45:12.283+0000][2222.112s][info ][safepoint     ] Application time: 1.0003174 seconds
[2024-09-04T12:45:12.284+0000][2222.112s][debug][safepoint     ] ... found polling page return exception at pc = 0x00007ff4a0ee1b9f, stub =0x00007ff498824b00
[2024-09-04T12:45:12.284+0000][2222.112s][debug][safepoint     ] Waiting for 1 thread(s) to block
[2024-09-04T12:45:12.284+0000][2222.113s][info ][safepoint     ] Entering safepoint region: Cleanup
[2024-09-04T12:45:12.284+0000][2222.113s][info ][safepoint     ] Leaving safepoint region
[2024-09-04T12:45:12.284+0000][2222.113s][info ][safepoint     ] Total time for which application threads were stopped: 0.0009889 seconds, Stopping threads took: 0.0004708 seconds
[2024-09-04T12:45:13.285+0000][2223.113s][debug][safepoint     ] Safepoint synchronization initiated. (271 threads)
[2024-09-04T12:45:13.285+0000][2223.113s][info ][safepoint     ] Application time: 1.0002725 seconds
[2024-09-04T12:45:13.285+0000][2223.114s][info ][safepoint     ] Entering safepoint region: Cleanup
[2024-09-04T12:45:13.285+0000][2223.114s][info ][safepoint     ] Leaving safepoint region
[2024-09-04T12:45:13.285+0000][2223.114s][info ][safepoint     ] Total time for which application threads were stopped: 0.0007279 seconds, Stopping threads took: 0.0001853 seconds
[2024-09-04T12:45:14.286+0000][2224.114s][debug][safepoint     ] Safepoint synchronization initiated. (271 threads)
[2024-09-04T12:45:14.286+0000][2224.115s][info ][safepoint     ] Application time: 1.0002801 seconds
[2024-09-04T12:45:14.286+0000][2224.115s][debug][safepoint     ] ... found polling page return exception at pc = 0x00007ff4a0cbf230, stub =0x00007ff498824b00
[2024-09-04T12:45:14.286+0000][2224.115s][debug][safepoint     ] Waiting for 1 thread(s) to block
[2024-09-04T12:45:14.286+0000][2224.115s][info ][safepoint     ] Entering safepoint region: Cleanup
[2024-09-04T12:45:14.287+0000][2224.116s][info ][safepoint     ] Leaving safepoint region
[2024-09-04T12:45:14.287+0000][2224.116s][info ][safepoint     ] Total time for which application threads were stopped: 0.0011638 seconds, Stopping threads took: 0.0005291 seconds
[2024-09-04T12:45:15.287+0000][2225.116s][debug][safepoint     ] Safepoint synchronization initiated. (271 threads)
[2024-09-04T12:45:15.287+0000][2225.116s][info ][safepoint     ] Application time: 1.0002484 seconds
[2024-09-04T12:45:15.287+0000][2225.116s][info ][safepoint     ] Entering safepoint region: Cleanup
[2024-09-04T12:45:15.288+0000][2225.117s][info ][safepoint     ] Leaving safepoint region
[2024-09-04T12:45:15.289+0000][2225.117s][info ][safepoint     ] Total time for which application threads were stopped: 0.0012097 seconds, Stopping threads took: 0.0002062 seconds
[2024-09-04T12:45:16.289+0000][2226.117s][debug][safepoint     ] Safepoint synchronization initiated. (271 threads)
[2024-09-04T12:45:16.289+0000][2226.118s][info ][safepoint     ] Application time: 1.0002373 seconds
[2024-09-04T12:45:16.289+0000][2226.118s][info ][safepoint     ] Entering safepoint region: Cleanup
[2024-09-04T12:45:16.290+0000][2226.118s][info ][safepoint     ] Leaving safepoint region
[2024-09-04T12:45:16.290+0000][2226.118s][info ][safepoint     ] Total time for which application threads were stopped: 0.0007463 seconds, Stopping threads took: 0.0001978 seconds
[2024-09-04T12:45:17.290+0000][2227.118s][debug][safepoint     ] Safepoint synchronization initiated. (271 threads)
[2024-09-04T12:45:17.290+0000][2227.119s][info ][safepoint     ] Application time: 1.0002045 seconds
[2024-09-04T12:45:17.290+0000][2227.119s][info ][safepoint     ] Entering safepoint region: Cleanup
[2024-09-04T12:45:17.290+0000][2227.119s][info ][safepoint     ] Leaving safepoint region
[2024-09-04T12:45:17.290+0000][2227.119s][info ][safepoint     ] Total time for which application threads were stopped: 0.0006360 seconds, Stopping threads took: 0.0001419 seconds
[2024-09-04T12:45:18.291+0000][2228.119s][debug][safepoint     ] Safepoint synchronization initiated. (271 threads)
[2024-09-04T12:45:18.291+0000][2228.119s][info ][safepoint     ] Application time: 1.0002411 seconds
[2024-09-04T12:45:18.291+0000][2228.120s][info ][safepoint     ] Entering safepoint region: Cleanup
[2024-09-04T12:45:18.292+0000][2228.120s][info ][safepoint     ] Leaving safepoint region
[2024-09-04T12:45:18.292+0000][2228.121s][info ][safepoint     ] Total time for which application threads were stopped: 0.0010254 seconds, Stopping threads took: 0.0002509 seconds
[2024-09-04T12:45:19.292+0000][2229.121s][debug][safepoint     ] Safepoint synchronization initiated. (271 threads)
[2024-09-04T12:45:19.292+0000][2229.121s][info ][safepoint     ] Application time: 1.0002976 seconds
[2024-09-04T12:45:19.292+0000][2229.121s][info ][safepoint     ] Entering safepoint region: Cleanup
[2024-09-04T12:45:19.295+0000][2229.123s][info ][safepoint     ] Leaving safepoint region
[2024-09-04T12:45:19.295+0000][2229.123s][info ][safepoint     ] Total time for which application threads were stopped: 0.0024794 seconds, Stopping threads took: 0.0017509 seconds
[2024-09-04T12:45:20.295+0000][2230.124s][debug][safepoint     ] Safepoint synchronization initiated. (271 threads)
[2024-09-04T12:45:20.295+0000][2230.124s][info ][safepoint     ] Application time: 1.0002106 seconds
[2024-09-04T12:45:20.295+0000][2230.124s][info ][safepoint     ] Entering safepoint region: Cleanup
[2024-09-04T12:45:20.296+0000][2230.124s][info ][safepoint     ] Leaving safepoint region
[2024-09-04T12:45:20.296+0000][2230.124s][info ][safepoint     ] Total time for which application threads were stopped: 0.0006961 seconds, Stopping threads took: 0.0001465 seconds
[2024-09-04T12:45:21.296+0000][2231.125s][debug][safepoint     ] Safepoint synchronization initiated. (271 threads)
[2024-09-04T12:45:21.296+0000][2231.125s][info ][safepoint     ] Application time: 1.0002960 seconds
[2024-09-04T12:45:21.296+0000][2231.125s][info ][safepoint     ] Entering safepoint region: Cleanup
[2024-09-04T12:45:21.297+0000][2231.126s][info ][safepoint     ] Leaving safepoint region
[2024-09-04T12:45:21.297+0000][2231.126s][info ][safepoint     ] Total time for which application threads were stopped: 0.0009017 seconds, Stopping threads took: 0.0001927 seconds
[2024-09-04T12:45:22.297+0000][2232.126s][debug][safepoint     ] Safepoint synchronization initiated. (271 threads)
[2024-09-04T12:45:22.297+0000][2232.126s][info ][safepoint     ] Application time: 1.0002018 seconds
[2024-09-04T12:45:22.297+0000][2232.126s][info ][safepoint     ] Entering safepoint region: Cleanup
[2024-09-04T12:45:22.298+0000][2232.127s][info ][safepoint     ] Leaving safepoint region
[2024-09-04T12:45:22.298+0000][2232.127s][info ][safepoint     ] Total time for which application threads were stopped: 0.0009080 seconds, Stopping threads took: 0.0002675 seconds
[2024-09-04T12:45:23.298+0000][2233.127s][debug][safepoint     ] Safepoint synchronization initiated. (271 threads)
[2024-09-04T12:45:23.298+0000][2233.127s][info ][safepoint     ] Application time: 1.0002319 seconds
[2024-09-04T12:45:23.298+0000][2233.127s][info ][safepoint     ] Entering safepoint region: Cleanup
[2024-09-04T12:45:23.299+0000][2233.128s][info ][safepoint     ] Leaving safepoint region
[2024-09-04T12:45:23.299+0000][2233.128s][info ][safepoint     ] Total time for which application threads were stopped: 0.0008126 seconds, Stopping threads took: 0.0001866 seconds
[2024-09-04T12:45:24.299+0000][2234.128s][debug][safepoint     ] Safepoint synchronization initiated. (271 threads)
[2024-09-04T12:45:24.299+0000][2234.128s][info ][safepoint     ] Application time: 1.0002110 seconds
[2024-09-04T12:45:24.299+0000][2234.128s][info ][safepoint     ] Entering safepoint region: Cleanup
[2024-09-04T12:45:24.300+0000][2234.129s][info ][safepoint     ] Leaving safepoint region
[2024-09-04T12:45:24.300+0000][2234.129s][info ][safepoint     ] Total time for which application threads were stopped: 0.0007798 seconds, Stopping threads took: 0.0001501 seconds
[2024-09-04T12:45:25.300+0000][2235.129s][debug][safepoint     ] Safepoint synchronization initiated. (271 threads)
[2024-09-04T12:45:25.300+0000][2235.129s][info ][safepoint     ] Application time: 1.0001493 seconds
[2024-09-04T12:45:25.300+0000][2235.129s][info ][safepoint     ] Entering safepoint region: Cleanup
[2024-09-04T12:45:25.301+0000][2235.130s][info ][safepoint     ] Leaving safepoint region
[2024-09-04T12:45:25.301+0000][2235.130s][info ][safepoint     ] Total time for which application threads were stopped: 0.0006028 seconds, Stopping threads took: 0.0001598 seconds
[2024-09-04T12:45:26.301+0000][2236.130s][debug][safepoint     ] Safepoint synchronization initiated. (271 threads)
[2024-09-04T12:45:26.301+0000][2236.130s][info ][safepoint     ] Application time: 1.0005877 seconds
[2024-09-04T12:45:26.302+0000][2236.130s][debug][safepoint     ] ... found polling page return exception at pc = 0x00007ff4a050383a, stub =0x00007ff498824b00
[2024-09-04T12:45:26.302+0000][2236.130s][debug][safepoint     ] ... found polling page return exception at pc = 0x00007ff4a131ffd6, stub =0x00007ff498824b00
[2024-09-04T12:45:26.302+0000][2236.130s][debug][safepoint     ] Waiting for 2 thread(s) to block
[2024-09-04T12:45:26.302+0000][2236.131s][info ][safepoint     ] Entering safepoint region: Cleanup
[2024-09-04T12:45:26.302+0000][2236.131s][info ][safepoint     ] Leaving safepoint region
[2024-09-04T12:45:26.302+0000][2236.131s][info ][safepoint     ] Total time for which application threads were stopped: 0.0007253 seconds, Stopping threads took: 0.0003030 seconds
[2024-09-04T12:45:27.302+0000][2237.131s][debug][safepoint     ] Safepoint synchronization initiated. (271 threads)
[2024-09-04T12:45:27.302+0000][2237.131s][info ][safepoint     ] Application time: 1.0001527 seconds
[2024-09-04T12:45:27.303+0000][2237.131s][info ][safepoint     ] Entering safepoint region: Cleanup
[2024-09-04T12:45:27.303+0000][2237.132s][debug][safepoint     ] ... found polling page return exception at pc = 0x00007ff4a131ffd6, stub =0x00007ff498824b00
[2024-09-04T12:45:27.303+0000][2237.132s][info ][safepoint     ] Leaving safepoint region
[2024-09-04T12:45:27.303+0000][2237.132s][info ][safepoint     ] Total time for which application threads were stopped: 0.0007244 seconds, Stopping threads took: 0.0001413 seconds
[2024-09-04T12:45:28.303+0000][2238.132s][debug][safepoint     ] Safepoint synchronization initiated. (271 threads)
[2024-09-04T12:45:28.303+0000][2238.132s][info ][safepoint     ] Application time: 1.0003374 seconds
[2024-09-04T12:45:28.304+0000][2238.132s][debug][safepoint     ] ... found polling page return exception at pc = 0x00007ff4a0d37375, stub =0x00007ff498824b00
[2024-09-04T12:45:28.304+0000][2238.133s][debug][safepoint     ] ... found polling page return exception at pc = 0x00007ff4a0fe196f, stub =0x00007ff498824b00
[2024-09-04T12:45:28.304+0000][2238.133s][debug][safepoint     ] Waiting for 2 thread(s) to block
[2024-09-04T12:45:28.304+0000][2238.133s][info ][safepoint     ] Entering safepoint region: Cleanup
[2024-09-04T12:45:28.305+0000][2238.133s][info ][safepoint     ] Leaving safepoint region
[2024-09-04T12:45:28.305+0000][2238.133s][info ][safepoint     ] Total time for which application threads were stopped: 0.0010425 seconds, Stopping threads took: 0.0006635 seconds
[2024-09-04T12:45:29.305+0000][2239.133s][debug][safepoint     ] Safepoint synchronization initiated. (271 threads)
[2024-09-04T12:45:29.305+0000][2239.133s][info ][safepoint     ] Application time: 1.0001733 seconds
[2024-09-04T12:45:29.305+0000][2239.134s][debug][safepoint     ] ... found polling page return exception at pc = 0x00007ff4a12419a2, stub =0x00007ff498824b00
[2024-09-04T12:45:29.305+0000][2239.134s][debug][safepoint     ] ... found polling page return exception at pc = 0x00007ff4a13392d5, stub =0x00007ff498824b00
[2024-09-04T12:45:29.305+0000][2239.134s][debug][safepoint     ] Waiting for 2 thread(s) to block
[2024-09-04T12:45:29.305+0000][2239.134s][info ][safepoint     ] Entering safepoint region: Cleanup
[2024-09-04T12:45:29.306+0000][2239.135s][info ][safepoint     ] Leaving safepoint region
[2024-09-04T12:45:29.306+0000][2239.135s][info ][safepoint     ] Total time for which application threads were stopped: 0.0015950 seconds, Stopping threads took: 0.0004551 seconds
[2024-09-04T12:45:30.307+0000][2240.135s][debug][safepoint     ] Safepoint synchronization initiated. (271 threads)
[2024-09-04T12:45:30.307+0000][2240.135s][info ][safepoint     ] Application time: 1.0002815 seconds
[2024-09-04T12:45:30.307+0000][2240.136s][debug][safepoint     ] ... found polling page loop exception at pc = 0x00007ff4a11ebb4a, stub =0x00007ff498826680
[2024-09-04T12:45:30.307+0000][2240.136s][debug][safepoint     ] ... found polling page loop exception at pc = 0x00007ff4a09f95f2, stub =0x00007ff498826680
[2024-09-04T12:45:30.307+0000][2240.136s][debug][safepoint     ] Waiting for 2 thread(s) to block
[2024-09-04T12:45:30.308+0000][2240.136s][info ][safepoint     ] Entering safepoint region: Cleanup
[2024-09-04T12:45:30.308+0000][2240.137s][info ][safepoint     ] Leaving safepoint region
[2024-09-04T12:45:30.308+0000][2240.137s][info ][safepoint     ] Total time for which application threads were stopped: 0.0016239 seconds, Stopping threads took: 0.0009037 seconds
[2024-09-04T12:45:30.967+0000][2240.795s][debug][safepoint     ] Safepoint synchronization initiated. (271 threads)
[2024-09-04T12:45:30.967+0000][2240.796s][info ][safepoint     ] Application time: 0.6583961 seconds
[2024-09-04T12:45:30.967+0000][2240.796s][debug][safepoint     ] ... found polling page return exception at pc = 0x00007ff4a0ee1b9f, stub =0x00007ff498824b00
[2024-09-04T12:45:30.967+0000][2240.796s][debug][safepoint     ] Waiting for 1 thread(s) to block
[2024-09-04T12:45:30.967+0000][2240.796s][info ][safepoint     ] Entering safepoint region: G1CollectForAllocation
[2024-09-04T12:45:30.968+0000][2240.796s][info ][gc,start      ] GC(149) Pause Young (Normal) (G1 Evacuation Pause)
[2024-09-04T12:45:30.968+0000][2240.796s][info ][gc,task       ] GC(149) Using 4 workers of 4 for evacuation
[2024-09-04T12:45:30.976+0000][2240.805s][info ][gc,phases     ] GC(149)   Pre Evacuate Collection Set: 0.0ms
[2024-09-04T12:45:30.976+0000][2240.805s][info ][gc,phases     ] GC(149)   Evacuate Collection Set: 3.1ms
[2024-09-04T12:45:30.976+0000][2240.805s][info ][gc,phases     ] GC(149)   Post Evacuate Collection Set: 4.9ms
[2024-09-04T12:45:30.976+0000][2240.805s][info ][gc,phases     ] GC(149)   Other: 0.6ms
[2024-09-04T12:45:30.976+0000][2240.805s][info ][gc,heap       ] GC(149) Eden regions: 185->0(185)
[2024-09-04T12:45:30.976+0000][2240.805s][info ][gc,heap       ] GC(149) Survivor regions: 1->1(24)
[2024-09-04T12:45:30.976+0000][2240.805s][info ][gc,heap       ] GC(149) Old regions: 182->182
[2024-09-04T12:45:30.976+0000][2240.805s][info ][gc,heap       ] GC(149) Humongous regions: 0->0
[2024-09-04T12:45:30.976+0000][2240.805s][info ][gc,metaspace  ] GC(149) Metaspace: 185863K(192240K)->185863K(192240K) NonClass: 164716K(168660K)->164716K(168660K) Class: 21146K(23580K)->21146K(23580K)
[2024-09-04T12:45:30.976+0000][2240.805s][info ][gc            ] GC(149) Pause Young (Normal) (G1 Evacuation Pause) 365M->180M(412M) 8.753ms
[2024-09-04T12:45:30.976+0000][2240.805s][info ][gc,cpu        ] GC(149) User=0.03s Sys=0.00s Real=0.01s
[2024-09-04T12:45:30.977+0000][2240.805s][info ][safepoint     ] Leaving safepoint region
[2024-09-04T12:45:30.977+0000][2240.805s][info ][safepoint     ] Total time for which application threads were stopped: 0.0098036 seconds, Stopping threads took: 0.0003508 seconds
[2024-09-04T12:45:30.977+0000][2240.805s][info ][gc,stringdedup] Concurrent String Deduplication (2240.805s)
[2024-09-04T12:45:30.977+0000][2240.805s][info ][gc,stringdedup] Concurrent String Deduplication 0.0B->0.0B(0.0B) avg 55.8% (2240.805s, 2240.805s) 0.023ms
[2024-09-04T12:45:31.977+0000][2241.806s][debug][safepoint     ] Safepoint synchronization initiated. (271 threads)
[2024-09-04T12:45:31.977+0000][2241.806s][info ][safepoint     ] Application time: 1.0003205 seconds
[2024-09-04T12:45:31.977+0000][2241.806s][info ][safepoint     ] Entering safepoint region: Cleanup
[2024-09-04T12:45:31.978+0000][2241.807s][info ][safepoint     ] Leaving safepoint region
[2024-09-04T12:45:31.978+0000][2241.807s][info ][safepoint     ] Total time for which application threads were stopped: 0.0009439 seconds, Stopping threads took: 0.0002410 seconds
[2024-09-04T12:45:32.978+0000][2242.807s][debug][safepoint     ] Safepoint synchronization initiated. (271 threads)
[2024-09-04T12:45:32.978+0000][2242.807s][info ][safepoint     ] Application time: 1.0003268 seconds
[2024-09-04T12:45:32.978+0000][2242.807s][info ][safepoint     ] Entering safepoint region: Cleanup
[2024-09-04T12:45:32.979+0000][2242.808s][info ][safepoint     ] Leaving safepoint region
[2024-09-04T12:45:32.979+0000][2242.808s][info ][safepoint     ] Total time for which application threads were stopped: 0.0008776 seconds, Stopping threads took: 0.0002427 seconds
[2024-09-04T12:45:33.979+0000][2243.808s][debug][safepoint     ] Safepoint synchronization initiated. (271 threads)
[2024-09-04T12:45:33.979+0000][2243.808s][info ][safepoint     ] Application time: 1.0002631 seconds
[2024-09-04T12:45:33.980+0000][2243.808s][info ][safepoint     ] Entering safepoint region: Cleanup
[2024-09-04T12:45:33.980+0000][2243.809s][info ][safepoint     ] Leaving safepoint region
[2024-09-04T12:45:33.981+0000][2243.809s][info ][safepoint     ] Total time for which application threads were stopped: 0.0010320 seconds, Stopping threads took: 0.0002684 seconds
[2024-09-04T12:45:34.981+0000][2244.809s][debug][safepoint     ] Safepoint synchronization initiated. (271 threads)
[2024-09-04T12:45:34.981+0000][2244.810s][info ][safepoint     ] Application time: 1.0002605 seconds
[2024-09-04T12:45:34.981+0000][2244.810s][info ][safepoint     ] Entering safepoint region: Cleanup
[2024-09-04T12:45:34.982+0000][2244.810s][info ][safepoint     ] Leaving safepoint region
[2024-09-04T12:45:34.982+0000][2244.810s][info ][safepoint     ] Total time for which application threads were stopped: 0.0007468 seconds, Stopping threads took: 0.0001757 seconds
[2024-09-04T12:45:35.982+0000][2245.811s][debug][safepoint     ] Safepoint synchronization initiated. (271 threads)
[2024-09-04T12:45:35.982+0000][2245.811s][info ][safepoint     ] Application time: 1.0003221 seconds
[2024-09-04T12:45:35.982+0000][2245.811s][info ][safepoint     ] Entering safepoint region: Cleanup
[2024-09-04T12:45:35.983+0000][2245.812s][info ][safepoint     ] Leaving safepoint region
[2024-09-04T12:45:35.983+0000][2245.812s][info ][safepoint     ] Total time for which application threads were stopped: 0.0009124 seconds, Stopping threads took: 0.0002113 seconds
[2024-09-04T12:45:36.983+0000][2246.812s][debug][safepoint     ] Safepoint synchronization initiated. (271 threads)
[2024-09-04T12:45:36.983+0000][2246.812s][info ][safepoint     ] Application time: 1.0002492 seconds
[2024-09-04T12:45:36.983+0000][2246.812s][info ][safepoint     ] Entering safepoint region: Cleanup
[2024-09-04T12:45:36.984+0000][2246.813s][info ][safepoint     ] Leaving safepoint region
[2024-09-04T12:45:36.984+0000][2246.813s][info ][safepoint     ] Total time for which application threads were stopped: 0.0010942 seconds, Stopping threads took: 0.0002350 seconds
[2024-09-04T12:45:36.984+0000][2246.813s][debug][safepoint     ] ... found polling page loop exception at pc = 0x00007ff4a1317510, stub =0x00007ff498826680
[2024-09-04T12:45:37.984+0000][2247.813s][debug][safepoint     ] Safepoint synchronization initiated. (271 threads)
[2024-09-04T12:45:37.985+0000][2247.813s][info ][safepoint     ] Application time: 1.0002761 seconds
[2024-09-04T12:45:37.985+0000][2247.814s][info ][safepoint     ] Entering safepoint region: Cleanup
[2024-09-04T12:45:37.985+0000][2247.814s][info ][safepoint     ] Leaving safepoint region
[2024-09-04T12:45:37.986+0000][2247.814s][info ][safepoint     ] Total time for which application threads were stopped: 0.0009347 seconds, Stopping threads took: 0.0002201 seconds
[2024-09-04T12:45:38.986+0000][2248.814s][debug][safepoint     ] Safepoint synchronization initiated. (271 threads)
[2024-09-04T12:45:38.986+0000][2248.815s][info ][safepoint     ] Application time: 1.0002488 seconds
[2024-09-04T12:45:38.986+0000][2248.815s][info ][safepoint     ] Entering safepoint region: Cleanup
[2024-09-04T12:45:38.986+0000][2248.815s][debug][safepoint     ] ... found polling page return exception at pc = 0x00007ff4a131ffd6, stub =0x00007ff498824b00
[2024-09-04T12:45:38.986+0000][2248.815s][info ][safepoint     ] Leaving safepoint region
[2024-09-04T12:45:38.987+0000][2248.815s][info ][safepoint     ] Total time for which application threads were stopped: 0.0007323 seconds, Stopping threads took: 0.0001587 seconds
[2024-09-04T12:45:38.986+0000][2248.815s][debug][safepoint     ] ... found polling page return exception at pc = 0x00007ff4a131ffd6, stub =0x00007ff498824b00
[2024-09-04T12:45:39.987+0000][2249.816s][debug][safepoint     ] Safepoint synchronization initiated. (271 threads)
[2024-09-04T12:45:39.987+0000][2249.816s][info ][safepoint     ] Application time: 1.0002831 seconds
[2024-09-04T12:45:39.987+0000][2249.816s][info ][safepoint     ] Entering safepoint region: Cleanup
[2024-09-04T12:45:39.988+0000][2249.816s][info ][safepoint     ] Leaving safepoint region
[2024-09-04T12:45:39.988+0000][2249.816s][info ][safepoint     ] Total time for which application threads were stopped: 0.0007058 seconds, Stopping threads took: 0.0002102 seconds
[2024-09-04T12:45:40.988+0000][2250.817s][debug][safepoint     ] Safepoint synchronization initiated. (271 threads)
[2024-09-04T12:45:40.988+0000][2250.817s][info ][safepoint     ] Application time: 1.0003191 seconds
[2024-09-04T12:45:40.988+0000][2250.817s][info ][safepoint     ] Entering safepoint region: Cleanup
[2024-09-04T12:45:40.989+0000][2250.818s][info ][safepoint     ] Leaving safepoint region
[2024-09-04T12:45:40.989+0000][2250.818s][info ][safepoint     ] Total time for which application threads were stopped: 0.0009009 seconds, Stopping threads took: 0.0002577 seconds
[2024-09-04T12:45:41.989+0000][2251.818s][debug][safepoint     ] Safepoint synchronization initiated. (271 threads)
[2024-09-04T12:45:41.989+0000][2251.818s][info ][safepoint     ] Application time: 1.0002296 seconds
[2024-09-04T12:45:41.989+0000][2251.818s][debug][safepoint     ] ... found polling page return exception at pc = 0x00007ff4a131ffd6, stub =0x00007ff498824b00
[2024-09-04T12:45:41.989+0000][2251.818s][debug][safepoint     ] Waiting for 1 thread(s) to block
[2024-09-04T12:45:41.989+0000][2251.818s][info ][safepoint     ] Entering safepoint region: Cleanup
[2024-09-04T12:45:41.990+0000][2251.819s][debug][safepoint     ] ... found polling page return exception at pc = 0x00007ff4a131ffd6, stub =0x00007ff498824b00
[2024-09-04T12:45:41.990+0000][2251.819s][info ][safepoint     ] Leaving safepoint region
[2024-09-04T12:45:41.990+0000][2251.819s][info ][safepoint     ] Total time for which application threads were stopped: 0.0008931 seconds, Stopping threads took: 0.0004059 seconds
[2024-09-04T12:45:42.990+0000][2252.819s][debug][safepoint     ] Safepoint synchronization initiated. (271 threads)
[2024-09-04T12:45:42.990+0000][2252.819s][info ][safepoint     ] Application time: 1.0002505 seconds
[2024-09-04T12:45:42.990+0000][2252.819s][info ][safepoint     ] Entering safepoint region: Cleanup
[2024-09-04T12:45:42.991+0000][2252.820s][info ][safepoint     ] Leaving safepoint region
[2024-09-04T12:45:42.991+0000][2252.820s][info ][safepoint     ] Total time for which application threads were stopped: 0.0008524 seconds, Stopping threads took: 0.0002226 seconds
[2024-09-04T12:45:43.991+0000][2253.820s][debug][safepoint     ] Safepoint synchronization initiated. (271 threads)
[2024-09-04T12:45:43.991+0000][2253.820s][info ][safepoint     ] Application time: 1.0002592 seconds
[2024-09-04T12:45:43.992+0000][2253.820s][info ][safepoint     ] Entering safepoint region: Cleanup
[2024-09-04T12:45:43.992+0000][2253.821s][info ][safepoint     ] Leaving safepoint region
[2024-09-04T12:45:43.992+0000][2253.821s][debug][safepoint     ] ... found polling page return exception at pc = 0x00007ff4a131ffd6, stub =0x00007ff498824b00
[2024-09-04T12:45:43.992+0000][2253.821s][info ][safepoint     ] Total time for which application threads were stopped: 0.0009196 seconds, Stopping threads took: 0.0003262 seconds
[2024-09-04T12:45:44.993+0000][2254.821s][debug][safepoint     ] Safepoint synchronization initiated. (271 threads)
[2024-09-04T12:45:44.993+0000][2254.822s][info ][safepoint     ] Application time: 1.0003346 seconds
[2024-09-04T12:45:44.993+0000][2254.822s][info ][safepoint     ] Entering safepoint region: Cleanup
[2024-09-04T12:45:44.994+0000][2254.822s][info ][safepoint     ] Leaving safepoint region
[2024-09-04T12:45:44.994+0000][2254.822s][info ][safepoint     ] Total time for which application threads were stopped: 0.0007754 seconds, Stopping threads took: 0.0002303 seconds
[2024-09-04T12:45:45.994+0000][2255.823s][debug][safepoint     ] Safepoint synchronization initiated. (271 threads)
[2024-09-04T12:45:45.994+0000][2255.823s][info ][safepoint     ] Application time: 1.0002891 seconds
[2024-09-04T12:45:45.994+0000][2255.823s][info ][safepoint     ] Entering safepoint region: Cleanup
[2024-09-04T12:45:45.995+0000][2255.824s][info ][safepoint     ] Leaving safepoint region
[2024-09-04T12:45:45.995+0000][2255.824s][info ][safepoint     ] Total time for which application threads were stopped: 0.0008685 seconds, Stopping threads took: 0.0002022 seconds
[2024-09-04T12:45:46.995+0000][2256.824s][debug][safepoint     ] Safepoint synchronization initiated. (271 threads)
[2024-09-04T12:45:46.995+0000][2256.824s][info ][safepoint     ] Application time: 1.0001962 seconds
[2024-09-04T12:45:46.995+0000][2256.824s][info ][safepoint     ] Entering safepoint region: Cleanup
[2024-09-04T12:45:46.996+0000][2256.824s][info ][safepoint     ] Leaving safepoint region
[2024-09-04T12:45:46.996+0000][2256.825s][info ][safepoint     ] Total time for which application threads were stopped: 0.0007230 seconds, Stopping threads took: 0.0001642 seconds
[2024-09-04T12:45:47.996+0000][2257.825s][debug][safepoint     ] Safepoint synchronization initiated. (271 threads)
[2024-09-04T12:45:47.996+0000][2257.825s][info ][safepoint     ] Application time: 1.0002423 seconds
[2024-09-04T12:45:47.996+0000][2257.825s][info ][safepoint     ] Entering safepoint region: Cleanup
[2024-09-04T12:45:47.997+0000][2257.826s][info ][safepoint     ] Leaving safepoint region
[2024-09-04T12:45:47.997+0000][2257.826s][info ][safepoint     ] Total time for which application threads were stopped: 0.0008886 seconds, Stopping threads took: 0.0001993 seconds
[2024-09-04T12:45:48.997+0000][2258.826s][debug][safepoint     ] Safepoint synchronization initiated. (271 threads)
[2024-09-04T12:45:48.997+0000][2258.826s][info ][safepoint     ] Application time: 1.0002031 seconds
[2024-09-04T12:45:48.997+0000][2258.826s][info ][safepoint     ] Entering safepoint region: Cleanup
[2024-09-04T12:45:48.998+0000][2258.827s][info ][safepoint     ] Leaving safepoint region
[2024-09-04T12:45:48.998+0000][2258.827s][info ][safepoint     ] Total time for which application threads were stopped: 0.0007933 seconds, Stopping threads took: 0.0001729 seconds
[2024-09-04T12:45:49.998+0000][2259.827s][debug][safepoint     ] Safepoint synchronization initiated. (271 threads)
[2024-09-04T12:45:49.998+0000][2259.827s][info ][safepoint     ] Application time: 1.0003115 seconds
[2024-09-04T12:45:49.998+0000][2259.827s][info ][safepoint     ] Entering safepoint region: Cleanup
[2024-09-04T12:45:49.999+0000][2259.828s][info ][safepoint     ] Leaving safepoint region
[2024-09-04T12:45:49.999+0000][2259.828s][info ][safepoint     ] Total time for which application threads were stopped: 0.0008111 seconds, Stopping threads took: 0.0001965 seconds
[2024-09-04T12:45:50.999+0000][2260.828s][debug][safepoint     ] Safepoint synchronization initiated. (271 threads)
[2024-09-04T12:45:50.999+0000][2260.828s][info ][safepoint     ] Application time: 1.0001534 seconds
[2024-09-04T12:45:51.001+0000][2260.830s][debug][safepoint     ] ... found polling page return exception at pc = 0x00007ff4a12a05f0, stub =0x00007ff498824b00
[2024-09-04T12:45:51.001+0000][2260.830s][debug][safepoint     ] Waiting for 1 thread(s) to block
[2024-09-04T12:45:51.001+0000][2260.830s][info ][safepoint     ] Entering safepoint region: Cleanup
[2024-09-04T12:45:51.001+0000][2260.830s][info ][safepoint     ] Leaving safepoint region
[2024-09-04T12:45:51.001+0000][2260.830s][info ][safepoint     ] Total time for which application threads were stopped: 0.0021597 seconds, Stopping threads took: 0.0016971 seconds
[2024-09-04T12:45:52.002+0000][2261.830s][debug][safepoint     ] Safepoint synchronization initiated. (271 threads)
[2024-09-04T12:45:52.002+0000][2261.831s][info ][safepoint     ] Application time: 1.0002532 seconds
[2024-09-04T12:45:52.002+0000][2261.831s][info ][safepoint     ] Entering safepoint region: Cleanup
[2024-09-04T12:45:52.002+0000][2261.831s][info ][safepoint     ] Leaving safepoint region
[2024-09-04T12:45:52.002+0000][2261.831s][info ][safepoint     ] Total time for which application threads were stopped: 0.0006302 seconds, Stopping threads took: 0.0001887 seconds
[2024-09-04T12:45:53.003+0000][2262.831s][debug][safepoint     ] Safepoint synchronization initiated. (271 threads)
[2024-09-04T12:45:53.003+0000][2262.831s][info ][safepoint     ] Application time: 1.0002386 seconds
[2024-09-04T12:45:53.003+0000][2262.832s][info ][safepoint     ] Entering safepoint region: Cleanup
[2024-09-04T12:45:53.003+0000][2262.832s][info ][safepoint     ] Leaving safepoint region
[2024-09-04T12:45:53.003+0000][2262.832s][info ][safepoint     ] Total time for which application threads were stopped: 0.0007714 seconds, Stopping threads took: 0.0002196 seconds
[2024-09-04T12:45:54.004+0000][2263.832s][debug][safepoint     ] Safepoint synchronization initiated. (271 threads)
[2024-09-04T12:45:54.004+0000][2263.833s][info ][safepoint     ] Application time: 1.0002747 seconds
[2024-09-04T12:45:54.004+0000][2263.833s][info ][safepoint     ] Entering safepoint region: Cleanup
[2024-09-04T12:45:54.005+0000][2263.833s][info ][safepoint     ] Leaving safepoint region
[2024-09-04T12:45:54.005+0000][2263.833s][info ][safepoint     ] Total time for which application threads were stopped: 0.0008380 seconds, Stopping threads took: 0.0002323 seconds
[2024-09-04T12:45:55.005+0000][2264.834s][debug][safepoint     ] Safepoint synchronization initiated. (271 threads)
[2024-09-04T12:45:55.005+0000][2264.834s][info ][safepoint     ] Application time: 1.0002046 seconds
[2024-09-04T12:45:55.005+0000][2264.834s][info ][safepoint     ] Entering safepoint region: Cleanup
[2024-09-04T12:45:55.006+0000][2264.834s][info ][safepoint     ] Leaving safepoint region
[2024-09-04T12:45:55.006+0000][2264.834s][info ][safepoint     ] Total time for which application threads were stopped: 0.0007133 seconds, Stopping threads took: 0.0001676 seconds
[2024-09-04T12:45:56.006+0000][2265.835s][debug][safepoint     ] Safepoint synchronization initiated. (271 threads)
[2024-09-04T12:45:56.006+0000][2265.835s][info ][safepoint     ] Application time: 1.0003332 seconds
[2024-09-04T12:45:56.006+0000][2265.835s][info ][safepoint     ] Entering safepoint region: Cleanup
[2024-09-04T12:45:56.007+0000][2265.836s][info ][safepoint     ] Leaving safepoint region
[2024-09-04T12:45:56.007+0000][2265.836s][info ][safepoint     ] Total time for which application threads were stopped: 0.0010203 seconds, Stopping threads took: 0.0002566 seconds
[2024-09-04T12:45:57.007+0000][2266.836s][debug][safepoint     ] Safepoint synchronization initiated. (271 threads)
[2024-09-04T12:45:57.007+0000][2266.836s][info ][safepoint     ] Application time: 1.0002624 seconds
[2024-09-04T12:45:57.007+0000][2266.836s][debug][safepoint     ] ... found polling page loop exception at pc = 0x00007ff4a12f63c4, stub =0x00007ff498826680
[2024-09-04T12:45:57.007+0000][2266.836s][debug][safepoint     ] Waiting for 1 thread(s) to block
[2024-09-04T12:45:57.008+0000][2266.836s][info ][safepoint     ] Entering safepoint region: Cleanup
[2024-09-04T12:45:57.008+0000][2266.837s][info ][safepoint     ] Leaving safepoint region
[2024-09-04T12:45:57.008+0000][2266.837s][info ][safepoint     ] Total time for which application threads were stopped: 0.0007475 seconds, Stopping threads took: 0.0003369 seconds
[2024-09-04T12:45:58.008+0000][2267.837s][debug][safepoint     ] Safepoint synchronization initiated. (271 threads)
[2024-09-04T12:45:58.008+0000][2267.837s][info ][safepoint     ] Application time: 1.0002568 seconds
[2024-09-04T12:45:58.008+0000][2267.837s][info ][safepoint     ] Entering safepoint region: Cleanup
[2024-09-04T12:45:58.009+0000][2267.838s][info ][safepoint     ] Leaving safepoint region
[2024-09-04T12:45:58.009+0000][2267.838s][info ][safepoint     ] Total time for which application threads were stopped: 0.0008089 seconds, Stopping threads took: 0.0002014 seconds
[2024-09-04T12:45:59.009+0000][2268.838s][debug][safepoint     ] Safepoint synchronization initiated. (271 threads)
[2024-09-04T12:45:59.009+0000][2268.838s][info ][safepoint     ] Application time: 1.0002121 seconds
[2024-09-04T12:45:59.010+0000][2268.838s][info ][safepoint     ] Entering safepoint region: Cleanup
[2024-09-04T12:45:59.010+0000][2268.839s][info ][safepoint     ] Leaving safepoint region
[2024-09-04T12:45:59.010+0000][2268.839s][info ][safepoint     ] Total time for which application threads were stopped: 0.0007336 seconds, Stopping threads took: 0.0002244 seconds
[2024-09-04T12:45:59.777+0000][2269.605s][debug][safepoint     ] Safepoint synchronization initiated. (271 threads)
[2024-09-04T12:45:59.777+0000][2269.605s][info ][safepoint     ] Application time: 0.7664630 seconds
[2024-09-04T12:45:59.777+0000][2269.605s][debug][safepoint     ] ... found polling page return exception at pc = 0x00007ff4a0a468c4, stub =0x00007ff498824b00
[2024-09-04T12:45:59.777+0000][2269.605s][debug][safepoint     ] ... found polling page loop exception at pc = 0x00007ff4a1317510, stub =0x00007ff498826680
[2024-09-04T12:45:59.777+0000][2269.606s][debug][safepoint     ] Waiting for 2 thread(s) to block
[2024-09-04T12:45:59.777+0000][2269.606s][info ][safepoint     ] Entering safepoint region: G1CollectForAllocation
[2024-09-04T12:45:59.778+0000][2269.606s][info ][gc,start      ] GC(150) Pause Young (Normal) (G1 Evacuation Pause)
[2024-09-04T12:45:59.778+0000][2269.606s][info ][gc,task       ] GC(150) Using 4 workers of 4 for evacuation
[2024-09-04T12:45:59.786+0000][2269.615s][info ][gc,phases     ] GC(150)   Pre Evacuate Collection Set: 0.1ms
[2024-09-04T12:45:59.786+0000][2269.615s][info ][gc,phases     ] GC(150)   Evacuate Collection Set: 2.9ms
[2024-09-04T12:45:59.786+0000][2269.615s][info ][gc,phases     ] GC(150)   Post Evacuate Collection Set: 5.0ms
[2024-09-04T12:45:59.786+0000][2269.615s][info ][gc,phases     ] GC(150)   Other: 0.4ms
[2024-09-04T12:45:59.786+0000][2269.615s][info ][gc,heap       ] GC(150) Eden regions: 185->0(185)
[2024-09-04T12:45:59.786+0000][2269.615s][info ][gc,heap       ] GC(150) Survivor regions: 1->1(24)
[2024-09-04T12:45:59.786+0000][2269.615s][info ][gc,heap       ] GC(150) Old regions: 182->182
[2024-09-04T12:45:59.786+0000][2269.615s][info ][gc,heap       ] GC(150) Humongous regions: 0->0
[2024-09-04T12:45:59.786+0000][2269.615s][info ][gc,metaspace  ] GC(150) Metaspace: 185878K(192240K)->185878K(192240K) NonClass: 164732K(168660K)->164732K(168660K) Class: 21146K(23580K)->21146K(23580K)
[2024-09-04T12:45:59.786+0000][2269.615s][info ][gc            ] GC(150) Pause Young (Normal) (G1 Evacuation Pause) 365M->180M(412M) 8.549ms
[2024-09-04T12:45:59.786+0000][2269.615s][info ][gc,cpu        ] GC(150) User=0.02s Sys=0.00s Real=0.01s
[2024-09-04T12:45:59.786+0000][2269.615s][info ][safepoint     ] Leaving safepoint region
[2024-09-04T12:45:59.786+0000][2269.615s][info ][safepoint     ] Total time for which application threads were stopped: 0.0096532 seconds, Stopping threads took: 0.0004748 seconds
[2024-09-04T12:45:59.786+0000][2269.615s][info ][gc,stringdedup] Concurrent String Deduplication (2269.615s)
[2024-09-04T12:45:59.786+0000][2269.615s][info ][gc,stringdedup] Concurrent String Deduplication 40.0B->40.0B(0.0B) avg 55.8% (2269.615s, 2269.615s) 0.051ms
[2024-09-04T12:46:00.787+0000][2270.615s][debug][safepoint     ] Safepoint synchronization initiated. (271 threads)
[2024-09-04T12:46:00.787+0000][2270.615s][info ][safepoint     ] Application time: 1.0003783 seconds
[2024-09-04T12:46:00.787+0000][2270.616s][info ][safepoint     ] Entering safepoint region: Cleanup
[2024-09-04T12:46:00.788+0000][2270.616s][info ][safepoint     ] Leaving safepoint region
[2024-09-04T12:46:00.788+0000][2270.617s][info ][safepoint     ] Total time for which application threads were stopped: 0.0010749 seconds, Stopping threads took: 0.0002606 seconds
[2024-09-04T12:46:01.788+0000][2271.617s][debug][safepoint     ] Safepoint synchronization initiated. (271 threads)
[2024-09-04T12:46:01.788+0000][2271.617s][info ][safepoint     ] Application time: 1.0002098 seconds
[2024-09-04T12:46:01.788+0000][2271.617s][info ][safepoint     ] Entering safepoint region: Cleanup
[2024-09-04T12:46:01.789+0000][2271.618s][info ][safepoint     ] Leaving safepoint region
[2024-09-04T12:46:01.789+0000][2271.618s][info ][safepoint     ] Total time for which application threads were stopped: 0.0007985 seconds, Stopping threads took: 0.0001889 seconds
[2024-09-04T12:46:02.789+0000][2272.618s][debug][safepoint     ] Safepoint synchronization initiated. (271 threads)
[2024-09-04T12:46:02.789+0000][2272.618s][info ][safepoint     ] Application time: 1.0002325 seconds
[2024-09-04T12:46:02.789+0000][2272.618s][info ][safepoint     ] Entering safepoint region: Cleanup
[2024-09-04T12:46:02.790+0000][2272.618s][info ][safepoint     ] Leaving safepoint region
[2024-09-04T12:46:02.790+0000][2272.618s][info ][safepoint     ] Total time for which application threads were stopped: 0.0005891 seconds, Stopping threads took: 0.0001956 seconds
[2024-09-04T12:46:03.790+0000][2273.619s][debug][safepoint     ] Safepoint synchronization initiated. (271 threads)
[2024-09-04T12:46:03.790+0000][2273.619s][info ][safepoint     ] Application time: 1.0002767 seconds
[2024-09-04T12:46:03.790+0000][2273.619s][info ][safepoint     ] Entering safepoint region: Cleanup
[2024-09-04T12:46:03.791+0000][2273.620s][info ][safepoint     ] Leaving safepoint region
[2024-09-04T12:46:03.791+0000][2273.620s][info ][safepoint     ] Total time for which application threads were stopped: 0.0007760 seconds, Stopping threads took: 0.0001869 seconds
[2024-09-04T12:46:04.791+0000][2274.620s][debug][safepoint     ] Safepoint synchronization initiated. (271 threads)
[2024-09-04T12:46:04.791+0000][2274.620s][info ][safepoint     ] Application time: 1.0003210 seconds
[2024-09-04T12:46:04.791+0000][2274.620s][info ][safepoint     ] Entering safepoint region: Cleanup
[2024-09-04T12:46:04.792+0000][2274.621s][info ][safepoint     ] Leaving safepoint region
[2024-09-04T12:46:04.792+0000][2274.621s][info ][safepoint     ] Total time for which application threads were stopped: 0.0008971 seconds, Stopping threads took: 0.0002151 seconds
[2024-09-04T12:46:05.792+0000][2275.621s][debug][safepoint     ] Safepoint synchronization initiated. (271 threads)
[2024-09-04T12:46:05.792+0000][2275.621s][info ][safepoint     ] Application time: 1.0002347 seconds
[2024-09-04T12:46:05.793+0000][2275.621s][info ][safepoint     ] Entering safepoint region: Cleanup
[2024-09-04T12:46:05.793+0000][2275.622s][info ][safepoint     ] Leaving safepoint region
[2024-09-04T12:46:05.793+0000][2275.622s][info ][safepoint     ] Total time for which application threads were stopped: 0.0008797 seconds, Stopping threads took: 0.0002295 seconds
[2024-09-04T12:46:05.793+0000][2275.622s][debug][safepoint     ] ... found polling page loop exception at pc = 0x00007ff4a1317510, stub =0x00007ff498826680
[2024-09-04T12:46:06.793+0000][2276.622s][debug][safepoint     ] Safepoint synchronization initiated. (271 threads)
[2024-09-04T12:46:06.793+0000][2276.622s][info ][safepoint     ] Application time: 1.0002586 seconds
[2024-09-04T12:46:06.794+0000][2276.622s][info ][safepoint     ] Entering safepoint region: Cleanup
[2024-09-04T12:46:06.794+0000][2276.623s][info ][safepoint     ] Leaving safepoint region
[2024-09-04T12:46:06.794+0000][2276.623s][info ][safepoint     ] Total time for which application threads were stopped: 0.0009045 seconds, Stopping threads took: 0.0001740 seconds
[2024-09-04T12:46:07.795+0000][2277.623s][debug][safepoint     ] Safepoint synchronization initiated. (271 threads)
[2024-09-04T12:46:07.795+0000][2277.624s][info ][safepoint     ] Application time: 1.0003824 seconds
[2024-09-04T12:46:07.795+0000][2277.624s][debug][safepoint     ] Waiting for 1 thread(s) to block
[2024-09-04T12:46:07.795+0000][2277.624s][info ][safepoint     ] Entering safepoint region: Cleanup
[2024-09-04T12:46:07.796+0000][2277.625s][info ][safepoint     ] Leaving safepoint region
[2024-09-04T12:46:07.796+0000][2277.625s][info ][safepoint     ] Total time for which application threads were stopped: 0.0013094 seconds, Stopping threads took: 0.0006089 seconds
[2024-09-04T12:46:08.796+0000][2278.625s][debug][safepoint     ] Safepoint synchronization initiated. (271 threads)
[2024-09-04T12:46:08.797+0000][2278.625s][info ][safepoint     ] Application time: 1.0003589 seconds
[2024-09-04T12:46:08.797+0000][2278.626s][info ][safepoint     ] Entering safepoint region: Cleanup
[2024-09-04T12:46:08.797+0000][2278.626s][info ][safepoint     ] Leaving safepoint region
[2024-09-04T12:46:08.798+0000][2278.626s][info ][safepoint     ] Total time for which application threads were stopped: 0.0009354 seconds, Stopping threads took: 0.0002416 seconds
[2024-09-04T12:46:09.798+0000][2279.627s][debug][safepoint     ] Safepoint synchronization initiated. (271 threads)
[2024-09-04T12:46:09.798+0000][2279.627s][info ][safepoint     ] Application time: 1.0003016 seconds
[2024-09-04T12:46:09.798+0000][2279.627s][info ][safepoint     ] Entering safepoint region: Cleanup
[2024-09-04T12:46:09.799+0000][2279.627s][info ][safepoint     ] Leaving safepoint region
[2024-09-04T12:46:09.799+0000][2279.627s][info ][safepoint     ] Total time for which application threads were stopped: 0.0008488 seconds, Stopping threads took: 0.0002264 seconds
[2024-09-04T12:46:10.799+0000][2280.628s][debug][safepoint     ] Safepoint synchronization initiated. (271 threads)
[2024-09-04T12:46:10.799+0000][2280.628s][info ][safepoint     ] Application time: 1.0002680 seconds
[2024-09-04T12:46:10.799+0000][2280.628s][info ][safepoint     ] Entering safepoint region: Cleanup
[2024-09-04T12:46:10.800+0000][2280.629s][info ][safepoint     ] Leaving safepoint region
[2024-09-04T12:46:10.800+0000][2280.629s][info ][safepoint     ] Total time for which application threads were stopped: 0.0008240 seconds, Stopping threads took: 0.0002226 seconds
[2024-09-04T12:46:11.800+0000][2281.629s][debug][safepoint     ] Safepoint synchronization initiated. (271 threads)
[2024-09-04T12:46:11.800+0000][2281.629s][info ][safepoint     ] Application time: 1.0003270 seconds
[2024-09-04T12:46:11.800+0000][2281.629s][info ][safepoint     ] Entering safepoint region: Cleanup
[2024-09-04T12:46:11.801+0000][2281.630s][info ][safepoint     ] Leaving safepoint region
[2024-09-04T12:46:11.801+0000][2281.630s][info ][safepoint     ] Total time for which application threads were stopped: 0.0009403 seconds, Stopping threads took: 0.0002603 seconds
[2024-09-04T12:46:12.801+0000][2282.630s][debug][safepoint     ] Safepoint synchronization initiated. (271 threads)
[2024-09-04T12:46:12.802+0000][2282.630s][info ][safepoint     ] Application time: 1.0003173 seconds
[2024-09-04T12:46:12.802+0000][2282.631s][info ][safepoint     ] Entering safepoint region: Cleanup
[2024-09-04T12:46:12.802+0000][2282.631s][info ][safepoint     ] Leaving safepoint region
[2024-09-04T12:46:12.802+0000][2282.631s][info ][safepoint     ] Total time for which application threads were stopped: 0.0008054 seconds, Stopping threads took: 0.0002541 seconds
[2024-09-04T12:46:13.803+0000][2283.631s][debug][safepoint     ] Safepoint synchronization initiated. (271 threads)
[2024-09-04T12:46:13.803+0000][2283.631s][info ][safepoint     ] Application time: 1.0002533 seconds
[2024-09-04T12:46:13.803+0000][2283.632s][info ][safepoint     ] Entering safepoint region: Cleanup
[2024-09-04T12:46:13.803+0000][2283.632s][info ][safepoint     ] Leaving safepoint region
[2024-09-04T12:46:13.803+0000][2283.632s][info ][safepoint     ] Total time for which application threads were stopped: 0.0008624 seconds, Stopping threads took: 0.0002328 seconds
[2024-09-04T12:46:14.804+0000][2284.632s][debug][safepoint     ] Safepoint synchronization initiated. (271 threads)
[2024-09-04T12:46:14.804+0000][2284.633s][info ][safepoint     ] Application time: 1.0002628 seconds
[2024-09-04T12:46:14.804+0000][2284.633s][info ][safepoint     ] Entering safepoint region: Cleanup
[2024-09-04T12:46:14.805+0000][2284.633s][info ][safepoint     ] Leaving safepoint region
[2024-09-04T12:46:14.805+0000][2284.633s][info ][safepoint     ] Total time for which application threads were stopped: 0.0007976 seconds, Stopping threads took: 0.0002084 seconds
[2024-09-04T12:46:15.805+0000][2285.634s][debug][safepoint     ] Safepoint synchronization initiated. (271 threads)
[2024-09-04T12:46:15.805+0000][2285.634s][info ][safepoint     ] Application time: 1.0002622 seconds
[2024-09-04T12:46:15.805+0000][2285.634s][info ][safepoint     ] Entering safepoint region: Cleanup
[2024-09-04T12:46:15.806+0000][2285.635s][info ][safepoint     ] Leaving safepoint region
[2024-09-04T12:46:15.806+0000][2285.635s][info ][safepoint     ] Total time for which application threads were stopped: 0.0008701 seconds, Stopping threads took: 0.0002253 seconds
[2024-09-04T12:46:16.806+0000][2286.635s][debug][safepoint     ] Safepoint synchronization initiated. (271 threads)
[2024-09-04T12:46:16.806+0000][2286.635s][info ][safepoint     ] Application time: 1.0003462 seconds
[2024-09-04T12:46:16.806+0000][2286.635s][info ][safepoint     ] Entering safepoint region: Cleanup
[2024-09-04T12:46:16.807+0000][2286.636s][info ][safepoint     ] Leaving safepoint region
[2024-09-04T12:46:16.807+0000][2286.636s][info ][safepoint     ] Total time for which application threads were stopped: 0.0010003 seconds, Stopping threads took: 0.0002408 seconds
[2024-09-04T12:46:17.807+0000][2287.636s][debug][safepoint     ] Safepoint synchronization initiated. (271 threads)
[2024-09-04T12:46:17.808+0000][2287.636s][info ][safepoint     ] Application time: 1.0003013 seconds
[2024-09-04T12:46:17.808+0000][2287.637s][info ][safepoint     ] Entering safepoint region: Cleanup
[2024-09-04T12:46:17.809+0000][2287.637s][info ][safepoint     ] Leaving safepoint region
[2024-09-04T12:46:17.809+0000][2287.637s][info ][safepoint     ] Total time for which application threads were stopped: 0.0010152 seconds, Stopping threads took: 0.0003210 seconds
[2024-09-04T12:46:18.809+0000][2288.638s][debug][safepoint     ] Safepoint synchronization initiated. (271 threads)
[2024-09-04T12:46:18.809+0000][2288.638s][info ][safepoint     ] Application time: 1.0004128 seconds
[2024-09-04T12:46:18.809+0000][2288.638s][info ][safepoint     ] Entering safepoint region: Cleanup
[2024-09-04T12:46:18.810+0000][2288.639s][info ][safepoint     ] Leaving safepoint region
[2024-09-04T12:46:18.810+0000][2288.639s][info ][safepoint     ] Total time for which application threads were stopped: 0.0011117 seconds, Stopping threads took: 0.0002591 seconds
[2024-09-04T12:46:19.810+0000][2289.639s][debug][safepoint     ] Safepoint synchronization initiated. (271 threads)
[2024-09-04T12:46:19.810+0000][2289.639s][info ][safepoint     ] Application time: 1.0002421 seconds
[2024-09-04T12:46:19.811+0000][2289.639s][info ][safepoint     ] Entering safepoint region: Cleanup
[2024-09-04T12:46:19.812+0000][2289.640s][info ][safepoint     ] Leaving safepoint region
[2024-09-04T12:46:19.812+0000][2289.640s][info ][safepoint     ] Total time for which application threads were stopped: 0.0010671 seconds, Stopping threads took: 0.0002158 seconds
[2024-09-04T12:46:20.812+0000][2290.641s][debug][safepoint     ] Safepoint synchronization initiated. (271 threads)
[2024-09-04T12:46:20.812+0000][2290.641s][info ][safepoint     ] Application time: 1.0003597 seconds
[2024-09-04T12:46:20.812+0000][2290.641s][info ][safepoint     ] Entering safepoint region: Cleanup
[2024-09-04T12:46:20.813+0000][2290.641s][info ][safepoint     ] Leaving safepoint region
[2024-09-04T12:46:20.813+0000][2290.642s][info ][safepoint     ] Total time for which application threads were stopped: 0.0008146 seconds, Stopping threads took: 0.0002080 seconds
[2024-09-04T12:46:21.813+0000][2291.642s][debug][safepoint     ] Safepoint synchronization initiated. (271 threads)
[2024-09-04T12:46:21.813+0000][2291.642s][info ][safepoint     ] Application time: 1.0002004 seconds
[2024-09-04T12:46:21.813+0000][2291.642s][info ][safepoint     ] Entering safepoint region: Cleanup
[2024-09-04T12:46:21.814+0000][2291.642s][info ][safepoint     ] Leaving safepoint region
[2024-09-04T12:46:21.814+0000][2291.643s][info ][safepoint     ] Total time for which application threads were stopped: 0.0007391 seconds, Stopping threads took: 0.0001603 seconds
[2024-09-04T12:46:22.814+0000][2292.643s][debug][safepoint     ] Safepoint synchronization initiated. (271 threads)
[2024-09-04T12:46:22.814+0000][2292.643s][info ][safepoint     ] Application time: 1.0003181 seconds
[2024-09-04T12:46:22.814+0000][2292.643s][info ][safepoint     ] Entering safepoint region: Cleanup
[2024-09-04T12:46:22.815+0000][2292.644s][info ][safepoint     ] Leaving safepoint region
[2024-09-04T12:46:22.815+0000][2292.644s][info ][safepoint     ] Total time for which application threads were stopped: 0.0009917 seconds, Stopping threads took: 0.0002189 seconds
[2024-09-04T12:46:23.815+0000][2293.644s][debug][safepoint     ] Safepoint synchronization initiated. (271 threads)
[2024-09-04T12:46:23.815+0000][2293.644s][info ][safepoint     ] Application time: 1.0002454 seconds
[2024-09-04T12:46:23.816+0000][2293.644s][info ][safepoint     ] Entering safepoint region: Cleanup
[2024-09-04T12:46:23.816+0000][2293.645s][info ][safepoint     ] Leaving safepoint region
[2024-09-04T12:46:23.816+0000][2293.645s][info ][safepoint     ] Total time for which application threads were stopped: 0.0008008 seconds, Stopping threads took: 0.0001784 seconds
[2024-09-04T12:46:24.816+0000][2294.645s][debug][safepoint     ] Safepoint synchronization initiated. (271 threads)
[2024-09-04T12:46:24.817+0000][2294.645s][info ][safepoint     ] Application time: 1.0003201 seconds
[2024-09-04T12:46:24.817+0000][2294.646s][info ][safepoint     ] Entering safepoint region: Cleanup
[2024-09-04T12:46:24.818+0000][2294.646s][info ][safepoint     ] Leaving safepoint region
[2024-09-04T12:46:24.818+0000][2294.646s][info ][safepoint     ] Total time for which application threads were stopped: 0.0010442 seconds, Stopping threads took: 0.0002774 seconds
[2024-09-04T12:46:25.818+0000][2295.647s][debug][safepoint     ] Safepoint synchronization initiated. (271 threads)
[2024-09-04T12:46:25.818+0000][2295.647s][info ][safepoint     ] Application time: 1.0002734 seconds
[2024-09-04T12:46:25.818+0000][2295.647s][info ][safepoint     ] Entering safepoint region: Cleanup
[2024-09-04T12:46:25.819+0000][2295.647s][info ][safepoint     ] Leaving safepoint region
[2024-09-04T12:46:25.819+0000][2295.647s][info ][safepoint     ] Total time for which application threads were stopped: 0.0008055 seconds, Stopping threads took: 0.0002701 seconds
[2024-09-04T12:46:26.819+0000][2296.648s][debug][safepoint     ] Safepoint synchronization initiated. (271 threads)
[2024-09-04T12:46:26.819+0000][2296.648s][info ][safepoint     ] Application time: 1.0001999 seconds
[2024-09-04T12:46:26.819+0000][2296.648s][info ][safepoint     ] Entering safepoint region: Cleanup
[2024-09-04T12:46:26.820+0000][2296.648s][info ][safepoint     ] Leaving safepoint region
[2024-09-04T12:46:26.820+0000][2296.648s][info ][safepoint     ] Total time for which application threads were stopped: 0.0006175 seconds, Stopping threads took: 0.0001729 seconds
[2024-09-04T12:46:27.820+0000][2297.649s][debug][safepoint     ] Safepoint synchronization initiated. (271 threads)
[2024-09-04T12:46:27.820+0000][2297.649s][info ][safepoint     ] Application time: 1.0003500 seconds
[2024-09-04T12:46:27.820+0000][2297.649s][info ][safepoint     ] Entering safepoint region: Cleanup
[2024-09-04T12:46:27.821+0000][2297.650s][info ][safepoint     ] Leaving safepoint region
[2024-09-04T12:46:27.821+0000][2297.650s][info ][safepoint     ] Total time for which application threads were stopped: 0.0009975 seconds, Stopping threads took: 0.0002522 seconds
[2024-09-04T12:46:28.809+0000][2298.638s][debug][safepoint     ] Safepoint synchronization initiated. (271 threads)
[2024-09-04T12:46:28.809+0000][2298.638s][info ][safepoint     ] Application time: 0.9878456 seconds
[2024-09-04T12:46:28.809+0000][2298.638s][debug][safepoint     ] ... found polling page return exception at pc = 0x00007ff4a05bb29d, stub =0x00007ff498824b00
[2024-09-04T12:46:28.809+0000][2298.638s][debug][safepoint     ] ... found polling page return exception at pc = 0x00007ff4a0349f2f, stub =0x00007ff498824b00
[2024-09-04T12:46:28.809+0000][2298.638s][debug][safepoint     ] ... found polling page loop exception at pc = 0x00007ff4a03fa87a, stub =0x00007ff498826680
[2024-09-04T12:46:28.809+0000][2298.638s][debug][safepoint     ] Waiting for 3 thread(s) to block
[2024-09-04T12:46:28.810+0000][2298.638s][info ][safepoint     ] Entering safepoint region: G1CollectForAllocation
[2024-09-04T12:46:28.810+0000][2298.639s][info ][gc,start      ] GC(151) Pause Young (Normal) (G1 Evacuation Pause)
[2024-09-04T12:46:28.810+0000][2298.639s][info ][gc,task       ] GC(151) Using 4 workers of 4 for evacuation
[2024-09-04T12:46:28.818+0000][2298.647s][info ][gc,phases     ] GC(151)   Pre Evacuate Collection Set: 0.0ms
[2024-09-04T12:46:28.818+0000][2298.647s][info ][gc,phases     ] GC(151)   Evacuate Collection Set: 2.7ms
[2024-09-04T12:46:28.818+0000][2298.647s][info ][gc,phases     ] GC(151)   Post Evacuate Collection Set: 5.1ms
[2024-09-04T12:46:28.818+0000][2298.647s][info ][gc,phases     ] GC(151)   Other: 0.5ms
[2024-09-04T12:46:28.818+0000][2298.647s][info ][gc,heap       ] GC(151) Eden regions: 185->0(185)
[2024-09-04T12:46:28.818+0000][2298.647s][info ][gc,heap       ] GC(151) Survivor regions: 1->1(24)
[2024-09-04T12:46:28.818+0000][2298.647s][info ][gc,heap       ] GC(151) Old regions: 182->182
[2024-09-04T12:46:28.818+0000][2298.647s][info ][gc,heap       ] GC(151) Humongous regions: 0->0
[2024-09-04T12:46:28.818+0000][2298.647s][info ][gc,metaspace  ] GC(151) Metaspace: 185908K(192240K)->185908K(192240K) NonClass: 164761K(168660K)->164761K(168660K) Class: 21146K(23580K)->21146K(23580K)
[2024-09-04T12:46:28.818+0000][2298.647s][info ][gc            ] GC(151) Pause Young (Normal) (G1 Evacuation Pause) 365M->180M(412M) 8.332ms
[2024-09-04T12:46:28.818+0000][2298.647s][info ][gc,cpu        ] GC(151) User=0.02s Sys=0.01s Real=0.00s
[2024-09-04T12:46:28.818+0000][2298.647s][info ][safepoint     ] Leaving safepoint region
[2024-09-04T12:46:28.818+0000][2298.647s][info ][safepoint     ] Total time for which application threads were stopped: 0.0095014 seconds, Stopping threads took: 0.0006371 seconds
[2024-09-04T12:46:28.819+0000][2298.647s][info ][gc,stringdedup] Concurrent String Deduplication (2298.647s)
[2024-09-04T12:46:28.819+0000][2298.647s][info ][gc,stringdedup] Concurrent String Deduplication 0.0B->0.0B(0.0B) avg 55.8% (2298.647s, 2298.647s) 0.026ms
[2024-09-04T12:46:29.819+0000][2299.647s][debug][safepoint     ] Safepoint synchronization initiated. (271 threads)
[2024-09-04T12:46:29.819+0000][2299.648s][info ][safepoint     ] Application time: 1.0002735 seconds
[2024-09-04T12:46:29.819+0000][2299.648s][info ][safepoint     ] Entering safepoint region: Cleanup
[2024-09-04T12:46:29.819+0000][2299.648s][info ][safepoint     ] Leaving safepoint region
[2024-09-04T12:46:29.819+0000][2299.648s][info ][safepoint     ] Total time for which application threads were stopped: 0.0005753 seconds, Stopping threads took: 0.0001494 seconds
[2024-09-04T12:46:30.820+0000][2300.648s][debug][safepoint     ] Safepoint synchronization initiated. (271 threads)
[2024-09-04T12:46:30.820+0000][2300.649s][info ][safepoint     ] Application time: 1.0003642 seconds
[2024-09-04T12:46:30.820+0000][2300.649s][info ][safepoint     ] Entering safepoint region: Cleanup
[2024-09-04T12:46:30.821+0000][2300.650s][info ][safepoint     ] Leaving safepoint region
[2024-09-04T12:46:30.821+0000][2300.650s][info ][safepoint     ] Total time for which application threads were stopped: 0.0010601 seconds, Stopping threads took: 0.0002573 seconds
[2024-09-04T12:46:31.821+0000][2301.650s][debug][safepoint     ] Safepoint synchronization initiated. (271 threads)
[2024-09-04T12:46:31.821+0000][2301.650s][info ][safepoint     ] Application time: 1.0002779 seconds
[2024-09-04T12:46:31.821+0000][2301.650s][info ][safepoint     ] Entering safepoint region: Cleanup
[2024-09-04T12:46:31.822+0000][2301.651s][info ][safepoint     ] Leaving safepoint region
[2024-09-04T12:46:31.822+0000][2301.651s][info ][safepoint     ] Total time for which application threads were stopped: 0.0011176 seconds, Stopping threads took: 0.0002929 seconds
[2024-09-04T12:46:32.823+0000][2302.651s][debug][safepoint     ] Safepoint synchronization initiated. (271 threads)
[2024-09-04T12:46:32.823+0000][2302.651s][info ][safepoint     ] Application time: 1.0002792 seconds
[2024-09-04T12:46:32.823+0000][2302.652s][info ][safepoint     ] Entering safepoint region: Cleanup
[2024-09-04T12:46:32.824+0000][2302.652s][info ][safepoint     ] Leaving safepoint region
[2024-09-04T12:46:32.824+0000][2302.652s][info ][safepoint     ] Total time for which application threads were stopped: 0.0008734 seconds, Stopping threads took: 0.0002091 seconds
[2024-09-04T12:46:33.824+0000][2303.653s][debug][safepoint     ] Safepoint synchronization initiated. (271 threads)
[2024-09-04T12:46:33.824+0000][2303.653s][info ][safepoint     ] Application time: 1.0003637 seconds
[2024-09-04T12:46:33.824+0000][2303.653s][info ][safepoint     ] Entering safepoint region: Cleanup
[2024-09-04T12:46:33.825+0000][2303.653s][info ][safepoint     ] Leaving safepoint region
[2024-09-04T12:46:33.825+0000][2303.653s][info ][safepoint     ] Total time for which application threads were stopped: 0.0007138 seconds, Stopping threads took: 0.0001856 seconds
[2024-09-04T12:46:34.825+0000][2304.654s][debug][safepoint     ] Safepoint synchronization initiated. (271 threads)
[2024-09-04T12:46:34.825+0000][2304.654s][info ][safepoint     ] Application time: 1.0001984 seconds
[2024-09-04T12:46:34.825+0000][2304.654s][info ][safepoint     ] Entering safepoint region: Cleanup
[2024-09-04T12:46:34.826+0000][2304.654s][info ][safepoint     ] Leaving safepoint region
[2024-09-04T12:46:34.826+0000][2304.654s][info ][safepoint     ] Total time for which application threads were stopped: 0.0006910 seconds, Stopping threads took: 0.0001826 seconds
[2024-09-04T12:46:35.826+0000][2305.655s][debug][safepoint     ] Safepoint synchronization initiated. (271 threads)
[2024-09-04T12:46:35.826+0000][2305.655s][info ][safepoint     ] Application time: 1.0001856 seconds
[2024-09-04T12:46:35.826+0000][2305.655s][info ][safepoint     ] Entering safepoint region: Cleanup
[2024-09-04T12:46:35.826+0000][2305.655s][info ][safepoint     ] Leaving safepoint region
[2024-09-04T12:46:35.828+0000][2305.656s][info ][safepoint     ] Total time for which application threads were stopped: 0.0018163 seconds, Stopping threads took: 0.0001556 seconds
[2024-09-04T12:46:36.828+0000][2306.657s][debug][safepoint     ] Safepoint synchronization initiated. (271 threads)
[2024-09-04T12:46:36.828+0000][2306.657s][info ][safepoint     ] Application time: 1.0001706 seconds
[2024-09-04T12:46:36.828+0000][2306.657s][info ][safepoint     ] Entering safepoint region: Cleanup
[2024-09-04T12:46:36.829+0000][2306.657s][info ][safepoint     ] Leaving safepoint region
[2024-09-04T12:46:36.829+0000][2306.657s][info ][safepoint     ] Total time for which application threads were stopped: 0.0006649 seconds, Stopping threads took: 0.0001745 seconds
[2024-09-04T12:46:37.829+0000][2307.658s][debug][safepoint     ] Safepoint synchronization initiated. (271 threads)
[2024-09-04T12:46:37.829+0000][2307.658s][info ][safepoint     ] Application time: 1.0002589 seconds
[2024-09-04T12:46:37.829+0000][2307.658s][info ][safepoint     ] Entering safepoint region: Cleanup
[2024-09-04T12:46:37.830+0000][2307.658s][info ][safepoint     ] Leaving safepoint region
[2024-09-04T12:46:37.830+0000][2307.658s][info ][safepoint     ] Total time for which application threads were stopped: 0.0007636 seconds, Stopping threads took: 0.0001531 seconds
[2024-09-04T12:46:38.830+0000][2308.659s][debug][safepoint     ] Safepoint synchronization initiated. (271 threads)
[2024-09-04T12:46:38.830+0000][2308.659s][info ][safepoint     ] Application time: 1.0002285 seconds
[2024-09-04T12:46:38.830+0000][2308.659s][info ][safepoint     ] Entering safepoint region: Cleanup
[2024-09-04T12:46:38.831+0000][2308.659s][info ][safepoint     ] Leaving safepoint region
[2024-09-04T12:46:38.831+0000][2308.660s][info ][safepoint     ] Total time for which application threads were stopped: 0.0008041 seconds, Stopping threads took: 0.0001970 seconds
[2024-09-04T12:46:39.831+0000][2309.660s][debug][safepoint     ] Safepoint synchronization initiated. (271 threads)
[2024-09-04T12:46:39.831+0000][2309.660s][info ][safepoint     ] Application time: 1.0002480 seconds
[2024-09-04T12:46:39.831+0000][2309.660s][info ][safepoint     ] Entering safepoint region: Cleanup
[2024-09-04T12:46:39.832+0000][2309.661s][info ][safepoint     ] Leaving safepoint region
[2024-09-04T12:46:39.832+0000][2309.661s][info ][safepoint     ] Total time for which application threads were stopped: 0.0010095 seconds, Stopping threads took: 0.0002645 seconds
[2024-09-04T12:46:40.832+0000][2310.661s][debug][safepoint     ] Safepoint synchronization initiated. (271 threads)
[2024-09-04T12:46:40.832+0000][2310.661s][info ][safepoint     ] Application time: 1.0002338 seconds
[2024-09-04T12:46:40.833+0000][2310.661s][info ][safepoint     ] Entering safepoint region: Cleanup
[2024-09-04T12:46:40.833+0000][2310.662s][info ][safepoint     ] Leaving safepoint region
[2024-09-04T12:46:40.833+0000][2310.662s][info ][safepoint     ] Total time for which application threads were stopped: 0.0008459 seconds, Stopping threads took: 0.0002279 seconds
[2024-09-04T12:46:41.833+0000][2311.662s][debug][safepoint     ] Safepoint synchronization initiated. (271 threads)
[2024-09-04T12:46:41.833+0000][2311.662s][info ][safepoint     ] Application time: 1.0002586 seconds
[2024-09-04T12:46:41.834+0000][2311.662s][info ][safepoint     ] Entering safepoint region: Cleanup
[2024-09-04T12:46:41.834+0000][2311.663s][info ][safepoint     ] Leaving safepoint region
[2024-09-04T12:46:41.834+0000][2311.663s][info ][safepoint     ] Total time for which application threads were stopped: 0.0008338 seconds, Stopping threads took: 0.0001794 seconds
[2024-09-04T12:46:42.834+0000][2312.663s][debug][safepoint     ] Safepoint synchronization initiated. (271 threads)
[2024-09-04T12:46:42.835+0000][2312.663s][info ][safepoint     ] Application time: 1.0001888 seconds
[2024-09-04T12:46:42.835+0000][2312.663s][info ][safepoint     ] Entering safepoint region: Cleanup
[2024-09-04T12:46:42.835+0000][2312.664s][info ][safepoint     ] Leaving safepoint region
[2024-09-04T12:46:42.835+0000][2312.664s][info ][safepoint     ] Total time for which application threads were stopped: 0.0007909 seconds, Stopping threads took: 0.0001396 seconds
[2024-09-04T12:46:43.836+0000][2313.664s][debug][safepoint     ] Safepoint synchronization initiated. (271 threads)
[2024-09-04T12:46:43.836+0000][2313.664s][info ][safepoint     ] Application time: 1.0002408 seconds
[2024-09-04T12:46:43.836+0000][2313.665s][debug][safepoint     ] ... found polling page return exception at pc = 0x00007ff4a0506c91, stub =0x00007ff498824b00
[2024-09-04T12:46:43.836+0000][2313.665s][debug][safepoint     ] ... found polling page return exception at pc = 0x00007ff4a0ee1b9f, stub =0x00007ff498824b00
[2024-09-04T12:46:43.836+0000][2313.665s][debug][safepoint     ] Waiting for 2 thread(s) to block
[2024-09-04T12:46:43.836+0000][2313.665s][info ][safepoint     ] Entering safepoint region: Cleanup
[2024-09-04T12:46:43.837+0000][2313.665s][info ][safepoint     ] Leaving safepoint region
[2024-09-04T12:46:43.837+0000][2313.666s][info ][safepoint     ] Total time for which application threads were stopped: 0.0011242 seconds, Stopping threads took: 0.0005267 seconds
[2024-09-04T12:46:44.837+0000][2314.666s][debug][safepoint     ] Safepoint synchronization initiated. (271 threads)
[2024-09-04T12:46:44.837+0000][2314.666s][info ][safepoint     ] Application time: 1.0002725 seconds
[2024-09-04T12:46:44.837+0000][2314.666s][info ][safepoint     ] Entering safepoint region: Cleanup
[2024-09-04T12:46:44.838+0000][2314.667s][info ][safepoint     ] Leaving safepoint region
[2024-09-04T12:46:44.838+0000][2314.667s][info ][safepoint     ] Total time for which application threads were stopped: 0.0007897 seconds, Stopping threads took: 0.0002310 seconds
[2024-09-04T12:46:45.838+0000][2315.667s][debug][safepoint     ] Safepoint synchronization initiated. (271 threads)
[2024-09-04T12:46:45.838+0000][2315.667s][info ][safepoint     ] Application time: 1.0003094 seconds
[2024-09-04T12:46:45.838+0000][2315.667s][info ][safepoint     ] Entering safepoint region: Cleanup
[2024-09-04T12:46:45.839+0000][2315.668s][info ][safepoint     ] Leaving safepoint region
[2024-09-04T12:46:45.839+0000][2315.668s][info ][safepoint     ] Total time for which application threads were stopped: 0.0007657 seconds, Stopping threads took: 0.0002217 seconds
[2024-09-04T12:46:46.839+0000][2316.668s][debug][safepoint     ] Safepoint synchronization initiated. (271 threads)
[2024-09-04T12:46:46.839+0000][2316.668s][info ][safepoint     ] Application time: 1.0002230 seconds
[2024-09-04T12:46:46.839+0000][2316.668s][info ][safepoint     ] Entering safepoint region: Cleanup
[2024-09-04T12:46:46.840+0000][2316.669s][info ][safepoint     ] Leaving safepoint region
[2024-09-04T12:46:46.840+0000][2316.669s][info ][safepoint     ] Total time for which application threads were stopped: 0.0005660 seconds, Stopping threads took: 0.0001582 seconds
[2024-09-04T12:46:47.840+0000][2317.669s][debug][safepoint     ] Safepoint synchronization initiated. (271 threads)
[2024-09-04T12:46:47.840+0000][2317.669s][info ][safepoint     ] Application time: 1.0002629 seconds
[2024-09-04T12:46:47.840+0000][2317.669s][info ][safepoint     ] Entering safepoint region: Cleanup
[2024-09-04T12:46:47.841+0000][2317.670s][info ][safepoint     ] Leaving safepoint region
[2024-09-04T12:46:47.841+0000][2317.670s][info ][safepoint     ] Total time for which application threads were stopped: 0.0007939 seconds, Stopping threads took: 0.0002249 seconds
[2024-09-04T12:46:48.841+0000][2318.670s][debug][safepoint     ] Safepoint synchronization initiated. (271 threads)
[2024-09-04T12:46:48.841+0000][2318.670s][info ][safepoint     ] Application time: 1.0002610 seconds
[2024-09-04T12:46:48.841+0000][2318.670s][info ][safepoint     ] Entering safepoint region: Cleanup
[2024-09-04T12:46:48.842+0000][2318.671s][info ][safepoint     ] Leaving safepoint region
[2024-09-04T12:46:48.842+0000][2318.671s][info ][safepoint     ] Total time for which application threads were stopped: 0.0006138 seconds, Stopping threads took: 0.0001635 seconds
[2024-09-04T12:46:49.842+0000][2319.671s][debug][safepoint     ] Safepoint synchronization initiated. (271 threads)
[2024-09-04T12:46:49.842+0000][2319.671s][info ][safepoint     ] Application time: 1.0002695 seconds
[2024-09-04T12:46:49.842+0000][2319.671s][info ][safepoint     ] Entering safepoint region: Cleanup
[2024-09-04T12:46:49.843+0000][2319.672s][info ][safepoint     ] Leaving safepoint region
[2024-09-04T12:46:49.843+0000][2319.672s][info ][safepoint     ] Total time for which application threads were stopped: 0.0007540 seconds, Stopping threads took: 0.0002318 seconds
[2024-09-04T12:46:50.843+0000][2320.672s][debug][safepoint     ] Safepoint synchronization initiated. (271 threads)
[2024-09-04T12:46:50.843+0000][2320.672s][info ][safepoint     ] Application time: 1.0002146 seconds
[2024-09-04T12:46:50.843+0000][2320.672s][info ][safepoint     ] Entering safepoint region: Cleanup
[2024-09-04T12:46:50.844+0000][2320.673s][info ][safepoint     ] Leaving safepoint region
[2024-09-04T12:46:50.844+0000][2320.673s][info ][safepoint     ] Total time for which application threads were stopped: 0.0009412 seconds, Stopping threads took: 0.0002232 seconds
[2024-09-04T12:46:51.844+0000][2321.673s][debug][safepoint     ] Safepoint synchronization initiated. (271 threads)
[2024-09-04T12:46:51.844+0000][2321.673s][info ][safepoint     ] Application time: 1.0002861 seconds
[2024-09-04T12:46:51.845+0000][2321.673s][info ][safepoint     ] Entering safepoint region: Cleanup
[2024-09-04T12:46:51.845+0000][2321.674s][info ][safepoint     ] Leaving safepoint region
[2024-09-04T12:46:51.845+0000][2321.674s][info ][safepoint     ] Total time for which application threads were stopped: 0.0010449 seconds, Stopping threads took: 0.0003055 seconds
[2024-09-04T12:46:52.846+0000][2322.675s][debug][safepoint     ] Safepoint synchronization initiated. (271 threads)
[2024-09-04T12:46:52.846+0000][2322.675s][info ][safepoint     ] Application time: 1.0003159 seconds
[2024-09-04T12:46:52.846+0000][2322.675s][info ][safepoint     ] Entering safepoint region: Cleanup
[2024-09-04T12:46:52.847+0000][2322.675s][info ][safepoint     ] Leaving safepoint region
[2024-09-04T12:46:52.847+0000][2322.675s][info ][safepoint     ] Total time for which application threads were stopped: 0.0006616 seconds, Stopping threads took: 0.0002468 seconds
[2024-09-04T12:46:53.847+0000][2323.675s][debug][safepoint     ] Safepoint synchronization initiated. (271 threads)
[2024-09-04T12:46:53.847+0000][2323.676s][info ][safepoint     ] Application time: 1.0002303 seconds
[2024-09-04T12:46:53.847+0000][2323.676s][info ][safepoint     ] Entering safepoint region: Cleanup
[2024-09-04T12:46:53.848+0000][2323.676s][info ][safepoint     ] Leaving safepoint region
[2024-09-04T12:46:53.848+0000][2323.677s][info ][safepoint     ] Total time for which application threads were stopped: 0.0009596 seconds, Stopping threads took: 0.0002947 seconds
[2024-09-04T12:46:54.848+0000][2324.677s][debug][safepoint     ] Safepoint synchronization initiated. (271 threads)
[2024-09-04T12:46:54.848+0000][2324.677s][info ][safepoint     ] Application time: 1.0003010 seconds
[2024-09-04T12:46:54.848+0000][2324.677s][info ][safepoint     ] Entering safepoint region: Cleanup
[2024-09-04T12:46:54.849+0000][2324.678s][info ][safepoint     ] Leaving safepoint region
[2024-09-04T12:46:54.849+0000][2324.678s][info ][safepoint     ] Total time for which application threads were stopped: 0.0007543 seconds, Stopping threads took: 0.0002026 seconds
[2024-09-04T12:46:55.849+0000][2325.678s][debug][safepoint     ] Safepoint synchronization initiated. (271 threads)
[2024-09-04T12:46:55.849+0000][2325.678s][info ][safepoint     ] Application time: 1.0002314 seconds
[2024-09-04T12:46:55.849+0000][2325.678s][info ][safepoint     ] Entering safepoint region: Cleanup
[2024-09-04T12:46:55.850+0000][2325.679s][info ][safepoint     ] Leaving safepoint region
[2024-09-04T12:46:55.850+0000][2325.679s][info ][safepoint     ] Total time for which application threads were stopped: 0.0006324 seconds, Stopping threads took: 0.0001428 seconds
[2024-09-04T12:46:56.850+0000][2326.679s][debug][safepoint     ] Safepoint synchronization initiated. (271 threads)
[2024-09-04T12:46:56.850+0000][2326.679s][info ][safepoint     ] Application time: 1.0002552 seconds
[2024-09-04T12:46:56.850+0000][2326.679s][info ][safepoint     ] Entering safepoint region: Cleanup
[2024-09-04T12:46:56.851+0000][2326.680s][info ][safepoint     ] Leaving safepoint region
[2024-09-04T12:46:56.851+0000][2326.680s][debug][safepoint     ] ... found polling page return exception at pc = 0x00007ff4a131ffd6, stub =0x00007ff498824b00
[2024-09-04T12:46:56.851+0000][2326.680s][info ][safepoint     ] Total time for which application threads were stopped: 0.0007378 seconds, Stopping threads took: 0.0002730 seconds
[2024-09-04T12:46:57.707+0000][2327.536s][debug][safepoint     ] Safepoint synchronization initiated. (271 threads)
[2024-09-04T12:46:57.707+0000][2327.536s][info ][safepoint     ] Application time: 0.8565781 seconds
[2024-09-04T12:46:57.708+0000][2327.536s][info ][safepoint     ] Entering safepoint region: G1CollectForAllocation
[2024-09-04T12:46:57.708+0000][2327.537s][info ][gc,start      ] GC(152) Pause Young (Normal) (G1 Evacuation Pause)
[2024-09-04T12:46:57.708+0000][2327.537s][info ][gc,task       ] GC(152) Using 4 workers of 4 for evacuation
[2024-09-04T12:46:57.717+0000][2327.545s][info ][gc,phases     ] GC(152)   Pre Evacuate Collection Set: 0.1ms
[2024-09-04T12:46:57.717+0000][2327.545s][info ][gc,phases     ] GC(152)   Evacuate Collection Set: 2.7ms
[2024-09-04T12:46:57.717+0000][2327.545s][info ][gc,phases     ] GC(152)   Post Evacuate Collection Set: 4.9ms
[2024-09-04T12:46:57.717+0000][2327.546s][info ][gc,phases     ] GC(152)   Other: 0.6ms
[2024-09-04T12:46:57.717+0000][2327.546s][info ][gc,heap       ] GC(152) Eden regions: 185->0(185)
[2024-09-04T12:46:57.717+0000][2327.546s][info ][gc,heap       ] GC(152) Survivor regions: 1->1(24)
[2024-09-04T12:46:57.717+0000][2327.546s][info ][gc,heap       ] GC(152) Old regions: 182->182
[2024-09-04T12:46:57.717+0000][2327.546s][info ][gc,heap       ] GC(152) Humongous regions: 0->0
[2024-09-04T12:46:57.717+0000][2327.546s][info ][gc,metaspace  ] GC(152) Metaspace: 185920K(192240K)->185920K(192240K) NonClass: 164773K(168660K)->164773K(168660K) Class: 21146K(23580K)->21146K(23580K)
[2024-09-04T12:46:57.717+0000][2327.546s][info ][gc            ] GC(152) Pause Young (Normal) (G1 Evacuation Pause) 365M->180M(412M) 8.443ms
[2024-09-04T12:46:57.717+0000][2327.546s][info ][gc,cpu        ] GC(152) User=0.02s Sys=0.00s Real=0.01s
[2024-09-04T12:46:57.717+0000][2327.546s][info ][safepoint     ] Leaving safepoint region
[2024-09-04T12:46:57.717+0000][2327.546s][info ][safepoint     ] Total time for which application threads were stopped: 0.0095150 seconds, Stopping threads took: 0.0002878 seconds
[2024-09-04T12:46:57.717+0000][2327.546s][info ][gc,stringdedup] Concurrent String Deduplication (2327.546s)
[2024-09-04T12:46:57.717+0000][2327.546s][info ][gc,stringdedup] Concurrent String Deduplication 32.0B->0.0B(32.0B) avg 55.8% (2327.546s, 2327.546s) 0.027ms
[2024-09-04T12:46:58.717+0000][2328.546s][debug][safepoint     ] Safepoint synchronization initiated. (271 threads)
[2024-09-04T12:46:58.717+0000][2328.546s][info ][safepoint     ] Application time: 1.0002769 seconds
[2024-09-04T12:46:58.717+0000][2328.546s][debug][safepoint     ] ... found polling page return exception at pc = 0x00007ff4a0c6fc49, stub =0x00007ff498824b00
[2024-09-04T12:46:58.718+0000][2328.546s][debug][safepoint     ] Waiting for 1 thread(s) to block
[2024-09-04T12:46:58.718+0000][2328.547s][info ][safepoint     ] Entering safepoint region: Cleanup
[2024-09-04T12:46:58.718+0000][2328.547s][info ][safepoint     ] Leaving safepoint region
[2024-09-04T12:46:58.718+0000][2328.547s][info ][safepoint     ] Total time for which application threads were stopped: 0.0009604 seconds, Stopping threads took: 0.0005408 seconds
[2024-09-04T12:46:59.718+0000][2329.547s][debug][safepoint     ] Safepoint synchronization initiated. (270 threads)
[2024-09-04T12:46:59.719+0000][2329.547s][info ][safepoint     ] Application time: 1.0002071 seconds
[2024-09-04T12:46:59.719+0000][2329.547s][info ][safepoint     ] Entering safepoint region: Cleanup
[2024-09-04T12:46:59.719+0000][2329.548s][info ][safepoint     ] Leaving safepoint region
[2024-09-04T12:46:59.719+0000][2329.548s][info ][safepoint     ] Total time for which application threads were stopped: 0.0004847 seconds, Stopping threads took: 0.0001510 seconds
[2024-09-04T12:47:00.719+0000][2330.548s][debug][safepoint     ] Safepoint synchronization initiated. (270 threads)
[2024-09-04T12:47:00.719+0000][2330.548s][info ][safepoint     ] Application time: 1.0002267 seconds
[2024-09-04T12:47:00.719+0000][2330.548s][debug][safepoint     ] ... found polling page return exception at pc = 0x00007ff4a094d288, stub =0x00007ff498824b00
[2024-09-04T12:47:00.719+0000][2330.548s][debug][safepoint     ] ... found polling page return exception at pc = 0x00007ff4a128582d, stub =0x00007ff498824b00
[2024-09-04T12:47:00.720+0000][2330.548s][debug][safepoint     ] Waiting for 2 thread(s) to block
[2024-09-04T12:47:00.720+0000][2330.549s][info ][safepoint     ] Entering safepoint region: Cleanup
[2024-09-04T12:47:00.720+0000][2330.549s][info ][safepoint     ] Leaving safepoint region
[2024-09-04T12:47:00.720+0000][2330.549s][info ][safepoint     ] Total time for which application threads were stopped: 0.0008804 seconds, Stopping threads took: 0.0004728 seconds
[2024-09-04T12:47:01.720+0000][2331.549s][debug][safepoint     ] Safepoint synchronization initiated. (270 threads)
[2024-09-04T12:47:01.721+0000][2331.549s][info ][safepoint     ] Application time: 1.0003421 seconds
[2024-09-04T12:47:01.721+0000][2331.549s][debug][safepoint     ] ... found polling page return exception at pc = 0x00007ff4a131ffd6, stub =0x00007ff498824b00
[2024-09-04T12:47:01.721+0000][2331.550s][debug][safepoint     ] Waiting for 1 thread(s) to block
[2024-09-04T12:47:01.721+0000][2331.550s][info ][safepoint     ] Entering safepoint region: Cleanup
[2024-09-04T12:47:01.721+0000][2331.550s][info ][safepoint     ] Leaving safepoint region
[2024-09-04T12:47:01.722+0000][2331.550s][info ][safepoint     ] Total time for which application threads were stopped: 0.0009380 seconds, Stopping threads took: 0.0003341 seconds
[2024-09-04T12:47:02.722+0000][2332.550s][debug][safepoint     ] Safepoint synchronization initiated. (270 threads)
[2024-09-04T12:47:02.722+0000][2332.551s][info ][safepoint     ] Application time: 1.0002645 seconds
[2024-09-04T12:47:02.722+0000][2332.551s][info ][safepoint     ] Entering safepoint region: Cleanup
[2024-09-04T12:47:02.722+0000][2332.551s][info ][safepoint     ] Leaving safepoint region
[2024-09-04T12:47:02.722+0000][2332.551s][info ][safepoint     ] Total time for which application threads were stopped: 0.0005961 seconds, Stopping threads took: 0.0002168 seconds
[2024-09-04T12:47:03.723+0000][2333.551s][debug][safepoint     ] Safepoint synchronization initiated. (270 threads)
[2024-09-04T12:47:03.723+0000][2333.551s][info ][safepoint     ] Application time: 1.0002432 seconds
[2024-09-04T12:47:03.723+0000][2333.552s][info ][safepoint     ] Entering safepoint region: Cleanup
[2024-09-04T12:47:03.723+0000][2333.552s][info ][safepoint     ] Leaving safepoint region
[2024-09-04T12:47:03.723+0000][2333.552s][info ][safepoint     ] Total time for which application threads were stopped: 0.0007709 seconds, Stopping threads took: 0.0001797 seconds
[2024-09-04T12:47:04.724+0000][2334.552s][debug][safepoint     ] Safepoint synchronization initiated. (270 threads)
[2024-09-04T12:47:04.724+0000][2334.553s][info ][safepoint     ] Application time: 1.0002604 seconds
[2024-09-04T12:47:04.724+0000][2334.553s][info ][safepoint     ] Entering safepoint region: Cleanup
[2024-09-04T12:47:04.724+0000][2334.553s][info ][safepoint     ] Leaving safepoint region
[2024-09-04T12:47:04.724+0000][2334.553s][info ][safepoint     ] Total time for which application threads were stopped: 0.0006967 seconds, Stopping threads took: 0.0001955 seconds
[2024-09-04T12:47:05.725+0000][2335.553s][debug][safepoint     ] Safepoint synchronization initiated. (270 threads)
[2024-09-04T12:47:05.725+0000][2335.554s][info ][safepoint     ] Application time: 1.0002726 seconds
[2024-09-04T12:47:05.725+0000][2335.554s][info ][safepoint     ] Entering safepoint region: Cleanup
[2024-09-04T12:47:05.725+0000][2335.554s][info ][safepoint     ] Leaving safepoint region
[2024-09-04T12:47:05.726+0000][2335.554s][info ][safepoint     ] Total time for which application threads were stopped: 0.0007282 seconds, Stopping threads took: 0.0001627 seconds
[2024-09-04T12:47:06.726+0000][2336.555s][debug][safepoint     ] Safepoint synchronization initiated. (270 threads)
[2024-09-04T12:47:06.726+0000][2336.555s][info ][safepoint     ] Application time: 1.0003294 seconds
[2024-09-04T12:47:06.726+0000][2336.555s][info ][safepoint     ] Entering safepoint region: Cleanup
[2024-09-04T12:47:06.727+0000][2336.556s][info ][safepoint     ] Leaving safepoint region
[2024-09-04T12:47:06.727+0000][2336.556s][info ][safepoint     ] Total time for which application threads were stopped: 0.0009685 seconds, Stopping threads took: 0.0002845 seconds
[2024-09-04T12:47:07.727+0000][2337.556s][debug][safepoint     ] Safepoint synchronization initiated. (270 threads)
[2024-09-04T12:47:07.727+0000][2337.556s][info ][safepoint     ] Application time: 1.0003131 seconds
[2024-09-04T12:47:07.727+0000][2337.556s][info ][safepoint     ] Entering safepoint region: Cleanup
[2024-09-04T12:47:07.728+0000][2337.557s][info ][safepoint     ] Leaving safepoint region
[2024-09-04T12:47:07.728+0000][2337.557s][info ][safepoint     ] Total time for which application threads were stopped: 0.0008837 seconds, Stopping threads took: 0.0002552 seconds
[2024-09-04T12:47:08.729+0000][2338.557s][debug][safepoint     ] Safepoint synchronization initiated. (270 threads)
[2024-09-04T12:47:08.729+0000][2338.557s][info ][safepoint     ] Application time: 1.0004767 seconds
[2024-09-04T12:47:08.729+0000][2338.558s][info ][safepoint     ] Entering safepoint region: Cleanup
[2024-09-04T12:47:08.729+0000][2338.558s][info ][safepoint     ] Leaving safepoint region
[2024-09-04T12:47:08.729+0000][2338.558s][info ][safepoint     ] Total time for which application threads were stopped: 0.0006567 seconds, Stopping threads took: 0.0002190 seconds
[2024-09-04T12:47:09.730+0000][2339.558s][debug][safepoint     ] Safepoint synchronization initiated. (270 threads)
[2024-09-04T12:47:09.730+0000][2339.558s][info ][safepoint     ] Application time: 1.0003122 seconds
[2024-09-04T12:47:09.730+0000][2339.559s][info ][safepoint     ] Entering safepoint region: Cleanup
[2024-09-04T12:47:09.730+0000][2339.559s][info ][safepoint     ] Leaving safepoint region
[2024-09-04T12:47:09.731+0000][2339.559s][info ][safepoint     ] Total time for which application threads were stopped: 0.0008893 seconds, Stopping threads took: 0.0002737 seconds
[2024-09-04T12:47:10.731+0000][2340.560s][debug][safepoint     ] Safepoint synchronization initiated. (270 threads)
[2024-09-04T12:47:10.731+0000][2340.560s][info ][safepoint     ] Application time: 1.0003495 seconds
[2024-09-04T12:47:10.731+0000][2340.560s][debug][safepoint     ] ... found polling page return exception at pc = 0x00007ff4a131ffd6, stub =0x00007ff498824b00
[2024-09-04T12:47:10.731+0000][2340.560s][debug][safepoint     ] ... found polling page return exception at pc = 0x00007ff4a13392d5, stub =0x00007ff498824b00
[2024-09-04T12:47:10.731+0000][2340.560s][debug][safepoint     ] Waiting for 2 thread(s) to block
[2024-09-04T12:47:10.731+0000][2340.560s][info ][safepoint     ] Entering safepoint region: Cleanup
[2024-09-04T12:47:10.732+0000][2340.561s][info ][safepoint     ] Leaving safepoint region
[2024-09-04T12:47:10.732+0000][2340.561s][info ][safepoint     ] Total time for which application threads were stopped: 0.0010945 seconds, Stopping threads took: 0.0005150 seconds
[2024-09-04T12:47:11.732+0000][2341.561s][debug][safepoint     ] Safepoint synchronization initiated. (270 threads)
[2024-09-04T12:47:11.732+0000][2341.561s][info ][safepoint     ] Application time: 1.0002268 seconds
[2024-09-04T12:47:11.732+0000][2341.561s][info ][safepoint     ] Entering safepoint region: Cleanup
[2024-09-04T12:47:11.733+0000][2341.562s][info ][safepoint     ] Leaving safepoint region
[2024-09-04T12:47:11.733+0000][2341.562s][debug][safepoint     ] ... found polling page loop exception at pc = 0x00007ff4a1317510, stub =0x00007ff498826680
[2024-09-04T12:47:11.733+0000][2341.562s][info ][safepoint     ] Total time for which application threads were stopped: 0.0005849 seconds, Stopping threads took: 0.0001722 seconds
[2024-09-04T12:47:12.733+0000][2342.562s][debug][safepoint     ] Safepoint synchronization initiated. (270 threads)
[2024-09-04T12:47:12.733+0000][2342.562s][info ][safepoint     ] Application time: 1.0003355 seconds
[2024-09-04T12:47:12.734+0000][2342.562s][info ][safepoint     ] Entering safepoint region: Cleanup
[2024-09-04T12:47:12.734+0000][2342.563s][info ][safepoint     ] Leaving safepoint region
[2024-09-04T12:47:12.734+0000][2342.563s][info ][safepoint     ] Total time for which application threads were stopped: 0.0010034 seconds, Stopping threads took: 0.0003483 seconds
[2024-09-04T12:47:13.735+0000][2343.563s][debug][safepoint     ] Safepoint synchronization initiated. (270 threads)
[2024-09-04T12:47:13.735+0000][2343.563s][info ][safepoint     ] Application time: 1.0003263 seconds
[2024-09-04T12:47:13.735+0000][2343.564s][info ][safepoint     ] Entering safepoint region: Cleanup
[2024-09-04T12:47:13.736+0000][2343.564s][info ][safepoint     ] Leaving safepoint region
[2024-09-04T12:47:13.736+0000][2343.564s][info ][safepoint     ] Total time for which application threads were stopped: 0.0008553 seconds, Stopping threads took: 0.0002367 seconds
[2024-09-04T12:47:14.736+0000][2344.565s][debug][safepoint     ] Safepoint synchronization initiated. (270 threads)
[2024-09-04T12:47:14.736+0000][2344.565s][info ][safepoint     ] Application time: 1.0002010 seconds
[2024-09-04T12:47:14.736+0000][2344.565s][info ][safepoint     ] Entering safepoint region: Cleanup
[2024-09-04T12:47:14.736+0000][2344.565s][debug][safepoint     ] ... found polling page return exception at pc = 0x00007ff4a131ffd6, stub =0x00007ff498824b00
[2024-09-04T12:47:14.737+0000][2344.565s][info ][safepoint     ] Leaving safepoint region
[2024-09-04T12:47:14.737+0000][2344.565s][info ][safepoint     ] Total time for which application threads were stopped: 0.0007575 seconds, Stopping threads took: 0.0001911 seconds
[2024-09-04T12:47:14.737+0000][2344.565s][debug][safepoint     ] ... found polling page return exception at pc = 0x00007ff4a131ffd6, stub =0x00007ff498824b00
[2024-09-04T12:47:15.737+0000][2345.566s][debug][safepoint     ] Safepoint synchronization initiated. (270 threads)
[2024-09-04T12:47:15.737+0000][2345.566s][info ][safepoint     ] Application time: 1.0003271 seconds
[2024-09-04T12:47:15.737+0000][2345.566s][info ][safepoint     ] Entering safepoint region: Cleanup
[2024-09-04T12:47:15.738+0000][2345.567s][info ][safepoint     ] Leaving safepoint region
[2024-09-04T12:47:15.738+0000][2345.567s][info ][safepoint     ] Total time for which application threads were stopped: 0.0009747 seconds, Stopping threads took: 0.0002361 seconds
[2024-09-04T12:47:16.738+0000][2346.567s][debug][safepoint     ] Safepoint synchronization initiated. (270 threads)
[2024-09-04T12:47:16.738+0000][2346.567s][info ][safepoint     ] Application time: 1.0003812 seconds
[2024-09-04T12:47:16.739+0000][2346.567s][info ][safepoint     ] Entering safepoint region: Cleanup
[2024-09-04T12:47:16.739+0000][2346.568s][info ][safepoint     ] Leaving safepoint region
[2024-09-04T12:47:16.739+0000][2346.568s][info ][safepoint     ] Total time for which application threads were stopped: 0.0009936 seconds, Stopping threads took: 0.0002391 seconds
[2024-09-04T12:47:17.740+0000][2347.568s][debug][safepoint     ] Safepoint synchronization initiated. (270 threads)
[2024-09-04T12:47:17.740+0000][2347.569s][info ][safepoint     ] Application time: 1.0003463 seconds
[2024-09-04T12:47:17.740+0000][2347.569s][info ][safepoint     ] Entering safepoint region: Cleanup
[2024-09-04T12:47:17.741+0000][2347.570s][info ][safepoint     ] Leaving safepoint region
[2024-09-04T12:47:17.741+0000][2347.570s][info ][safepoint     ] Total time for which application threads were stopped: 0.0009616 seconds, Stopping threads took: 0.0002365 seconds
[2024-09-04T12:47:18.741+0000][2348.570s][debug][safepoint     ] Safepoint synchronization initiated. (270 threads)
[2024-09-04T12:47:18.741+0000][2348.570s][info ][safepoint     ] Application time: 1.0002671 seconds
[2024-09-04T12:47:18.741+0000][2348.570s][info ][safepoint     ] Entering safepoint region: Cleanup
[2024-09-04T12:47:18.742+0000][2348.571s][info ][safepoint     ] Leaving safepoint region
[2024-09-04T12:47:18.742+0000][2348.571s][info ][safepoint     ] Total time for which application threads were stopped: 0.0008076 seconds, Stopping threads took: 0.0001446 seconds
[2024-09-04T12:47:19.742+0000][2349.571s][debug][safepoint     ] Safepoint synchronization initiated. (270 threads)
[2024-09-04T12:47:19.742+0000][2349.571s][info ][safepoint     ] Application time: 1.0003529 seconds
[2024-09-04T12:47:19.743+0000][2349.571s][info ][safepoint     ] Entering safepoint region: Cleanup
[2024-09-04T12:47:19.743+0000][2349.572s][info ][safepoint     ] Leaving safepoint region
[2024-09-04T12:47:19.743+0000][2349.572s][info ][safepoint     ] Total time for which application threads were stopped: 0.0008824 seconds, Stopping threads took: 0.0002185 seconds
[2024-09-04T12:47:19.743+0000][2349.572s][debug][safepoint     ] ... found polling page return exception at pc = 0x00007ff4a131ffd6, stub =0x00007ff498824b00
[2024-09-04T12:47:20.743+0000][2350.572s][debug][safepoint     ] Safepoint synchronization initiated. (270 threads)
[2024-09-04T12:47:20.744+0000][2350.572s][info ][safepoint     ] Application time: 1.0002395 seconds
[2024-09-04T12:47:20.744+0000][2350.573s][info ][safepoint     ] Entering safepoint region: Cleanup
[2024-09-04T12:47:20.744+0000][2350.573s][info ][safepoint     ] Leaving safepoint region
[2024-09-04T12:47:20.744+0000][2350.573s][info ][safepoint     ] Total time for which application threads were stopped: 0.0007430 seconds, Stopping threads took: 0.0002552 seconds
[2024-09-04T12:47:21.745+0000][2351.573s][debug][safepoint     ] Safepoint synchronization initiated. (270 threads)
[2024-09-04T12:47:21.745+0000][2351.573s][info ][safepoint     ] Application time: 1.0003476 seconds
[2024-09-04T12:47:21.745+0000][2351.574s][debug][safepoint     ] Waiting for 1 thread(s) to block
[2024-09-04T12:47:21.745+0000][2351.574s][info ][safepoint     ] Entering safepoint region: Cleanup
[2024-09-04T12:47:21.746+0000][2351.574s][info ][safepoint     ] Leaving safepoint region
[2024-09-04T12:47:21.746+0000][2351.574s][debug][safepoint     ] ... found polling page return exception at pc = 0x00007ff4a131ffd6, stub =0x00007ff498824b00
[2024-09-04T12:47:21.746+0000][2351.574s][debug][safepoint     ] ... found polling page return exception at pc = 0x00007ff4a131ffd6, stub =0x00007ff498824b00
[2024-09-04T12:47:21.746+0000][2351.574s][info ][safepoint     ] Total time for which application threads were stopped: 0.0009842 seconds, Stopping threads took: 0.0004013 seconds
[2024-09-04T12:47:21.746+0000][2351.575s][debug][safepoint     ] ... found polling page return exception at pc = 0x00007ff4a131ffd6, stub =0x00007ff498824b00
[2024-09-04T12:47:22.746+0000][2352.575s][debug][safepoint     ] Safepoint synchronization initiated. (270 threads)
[2024-09-04T12:47:22.746+0000][2352.575s][info ][safepoint     ] Application time: 1.0003756 seconds
[2024-09-04T12:47:22.747+0000][2352.575s][info ][safepoint     ] Entering safepoint region: Cleanup
[2024-09-04T12:47:22.747+0000][2352.576s][info ][safepoint     ] Leaving safepoint region
[2024-09-04T12:47:22.747+0000][2352.576s][info ][safepoint     ] Total time for which application threads were stopped: 0.0009328 seconds, Stopping threads took: 0.0002609 seconds
[2024-09-04T12:47:23.747+0000][2353.576s][debug][safepoint     ] Safepoint synchronization initiated. (270 threads)
[2024-09-04T12:47:23.748+0000][2353.576s][info ][safepoint     ] Application time: 1.0002210 seconds
[2024-09-04T12:47:23.748+0000][2353.576s][info ][safepoint     ] Entering safepoint region: Cleanup
[2024-09-04T12:47:23.748+0000][2353.577s][info ][safepoint     ] Leaving safepoint region
[2024-09-04T12:47:23.748+0000][2353.577s][info ][safepoint     ] Total time for which application threads were stopped: 0.0006884 seconds, Stopping threads took: 0.0001850 seconds
[2024-09-04T12:47:24.748+0000][2354.577s][debug][safepoint     ] Safepoint synchronization initiated. (270 threads)
[2024-09-04T12:47:24.748+0000][2354.577s][info ][safepoint     ] Application time: 1.0002036 seconds
[2024-09-04T12:47:24.749+0000][2354.577s][debug][safepoint     ] ... found polling page return exception at pc = 0x00007ff4a131ffd6, stub =0x00007ff498824b00
[2024-09-04T12:47:24.749+0000][2354.577s][debug][safepoint     ] Waiting for 1 thread(s) to block
[2024-09-04T12:47:24.749+0000][2354.578s][info ][safepoint     ] Entering safepoint region: Cleanup
[2024-09-04T12:47:24.749+0000][2354.578s][info ][safepoint     ] Leaving safepoint region
[2024-09-04T12:47:24.749+0000][2354.578s][info ][safepoint     ] Total time for which application threads were stopped: 0.0009842 seconds, Stopping threads took: 0.0004767 seconds
[2024-09-04T12:47:24.749+0000][2354.578s][debug][safepoint     ] ... found polling page return exception at pc = 0x00007ff4a131ffd6, stub =0x00007ff498824b00
[2024-09-04T12:47:24.749+0000][2354.578s][debug][safepoint     ] ... found polling page loop exception at pc = 0x00007ff4a1317510, stub =0x00007ff498826680
[2024-09-04T12:47:24.749+0000][2354.578s][debug][safepoint     ] ... found polling page loop exception at pc = 0x00007ff4a1317510, stub =0x00007ff498826680
[2024-09-04T12:47:25.750+0000][2355.579s][debug][safepoint     ] Safepoint synchronization initiated. (270 threads)
[2024-09-04T12:47:25.750+0000][2355.579s][info ][safepoint     ] Application time: 1.0003822 seconds
[2024-09-04T12:47:25.750+0000][2355.579s][info ][safepoint     ] Entering safepoint region: Cleanup
[2024-09-04T12:47:25.751+0000][2355.580s][info ][safepoint     ] Leaving safepoint region
[2024-09-04T12:47:25.751+0000][2355.580s][info ][safepoint     ] Total time for which application threads were stopped: 0.0008635 seconds, Stopping threads took: 0.0002611 seconds
[2024-09-04T12:47:26.616+0000][2356.445s][debug][safepoint     ] Safepoint synchronization initiated. (270 threads)
[2024-09-04T12:47:26.616+0000][2356.445s][info ][safepoint     ] Application time: 0.8656055 seconds
[2024-09-04T12:47:26.616+0000][2356.445s][debug][safepoint     ] ... found polling page return exception at pc = 0x00007ff4a110aec3, stub =0x00007ff498824b00
[2024-09-04T12:47:26.617+0000][2356.445s][debug][safepoint     ] Waiting for 1 thread(s) to block
[2024-09-04T12:47:26.617+0000][2356.445s][info ][safepoint     ] Entering safepoint region: G1CollectForAllocation
[2024-09-04T12:47:26.617+0000][2356.446s][info ][gc,start      ] GC(153) Pause Young (Normal) (G1 Evacuation Pause)
[2024-09-04T12:47:26.617+0000][2356.446s][info ][gc,task       ] GC(153) Using 4 workers of 4 for evacuation
[2024-09-04T12:47:26.624+0000][2356.453s][info ][gc,phases     ] GC(153)   Pre Evacuate Collection Set: 0.1ms
[2024-09-04T12:47:26.624+0000][2356.453s][info ][gc,phases     ] GC(153)   Evacuate Collection Set: 2.2ms
[2024-09-04T12:47:26.624+0000][2356.453s][info ][gc,phases     ] GC(153)   Post Evacuate Collection Set: 4.6ms
[2024-09-04T12:47:26.624+0000][2356.453s][info ][gc,phases     ] GC(153)   Other: 0.5ms
[2024-09-04T12:47:26.624+0000][2356.453s][info ][gc,heap       ] GC(153) Eden regions: 185->0(185)
[2024-09-04T12:47:26.624+0000][2356.453s][info ][gc,heap       ] GC(153) Survivor regions: 1->1(24)
[2024-09-04T12:47:26.624+0000][2356.453s][info ][gc,heap       ] GC(153) Old regions: 182->182
[2024-09-04T12:47:26.624+0000][2356.453s][info ][gc,heap       ] GC(153) Humongous regions: 0->0
[2024-09-04T12:47:26.624+0000][2356.453s][info ][gc,metaspace  ] GC(153) Metaspace: 185922K(192240K)->185922K(192240K) NonClass: 164775K(168660K)->164775K(168660K) Class: 21146K(23580K)->21146K(23580K)
[2024-09-04T12:47:26.624+0000][2356.453s][info ][gc            ] GC(153) Pause Young (Normal) (G1 Evacuation Pause) 365M->180M(412M) 7.482ms
[2024-09-04T12:47:26.625+0000][2356.453s][info ][gc,cpu        ] GC(153) User=0.02s Sys=0.00s Real=0.01s
[2024-09-04T12:47:26.625+0000][2356.453s][info ][safepoint     ] Leaving safepoint region
[2024-09-04T12:47:26.625+0000][2356.453s][info ][safepoint     ] Total time for which application threads were stopped: 0.0081749 seconds, Stopping threads took: 0.0002232 seconds
[2024-09-04T12:47:26.625+0000][2356.453s][info ][gc,stringdedup] Concurrent String Deduplication (2356.453s)
[2024-09-04T12:47:26.625+0000][2356.453s][info ][gc,stringdedup] Concurrent String Deduplication 0.0B->0.0B(0.0B) avg 55.8% (2356.453s, 2356.453s) 0.023ms
[2024-09-04T12:47:27.625+0000][2357.454s][debug][safepoint     ] Safepoint synchronization initiated. (270 threads)
[2024-09-04T12:47:27.625+0000][2357.454s][info ][safepoint     ] Application time: 1.0002598 seconds
[2024-09-04T12:47:27.625+0000][2357.454s][debug][safepoint     ] ... found polling page return exception at pc = 0x00007ff4a0ca7e64, stub =0x00007ff498824b00
[2024-09-04T12:47:27.625+0000][2357.454s][debug][safepoint     ] Waiting for 1 thread(s) to block
[2024-09-04T12:47:27.625+0000][2357.454s][info ][safepoint     ] Entering safepoint region: Cleanup
[2024-09-04T12:47:27.626+0000][2357.455s][info ][safepoint     ] Leaving safepoint region
[2024-09-04T12:47:27.626+0000][2357.455s][info ][safepoint     ] Total time for which application threads were stopped: 0.0010168 seconds, Stopping threads took: 0.0004074 seconds
[2024-09-04T12:47:28.626+0000][2358.455s][debug][safepoint     ] Safepoint synchronization initiated. (270 threads)
[2024-09-04T12:47:28.626+0000][2358.455s][info ][safepoint     ] Application time: 1.0002963 seconds
[2024-09-04T12:47:28.626+0000][2358.455s][info ][safepoint     ] Entering safepoint region: Cleanup
[2024-09-04T12:47:28.627+0000][2358.456s][info ][safepoint     ] Leaving safepoint region
[2024-09-04T12:47:28.627+0000][2358.456s][info ][safepoint     ] Total time for which application threads were stopped: 0.0010133 seconds, Stopping threads took: 0.0001999 seconds
[2024-09-04T12:47:29.628+0000][2359.456s][debug][safepoint     ] Safepoint synchronization initiated. (270 threads)
[2024-09-04T12:47:29.628+0000][2359.456s][info ][safepoint     ] Application time: 1.0003017 seconds
[2024-09-04T12:47:29.628+0000][2359.457s][info ][safepoint     ] Entering safepoint region: Cleanup
[2024-09-04T12:47:29.628+0000][2359.457s][info ][safepoint     ] Leaving safepoint region
[2024-09-04T12:47:29.628+0000][2359.457s][info ][safepoint     ] Total time for which application threads were stopped: 0.0008524 seconds, Stopping threads took: 0.0002418 seconds
[2024-09-04T12:47:30.629+0000][2360.457s][debug][safepoint     ] Safepoint synchronization initiated. (270 threads)
[2024-09-04T12:47:30.629+0000][2360.458s][info ][safepoint     ] Application time: 1.0002817 seconds
[2024-09-04T12:47:30.629+0000][2360.458s][info ][safepoint     ] Entering safepoint region: Cleanup
[2024-09-04T12:47:30.630+0000][2360.458s][info ][safepoint     ] Leaving safepoint region
[2024-09-04T12:47:30.630+0000][2360.458s][info ][safepoint     ] Total time for which application threads were stopped: 0.0007434 seconds, Stopping threads took: 0.0001539 seconds
[2024-09-04T12:47:31.630+0000][2361.458s][debug][safepoint     ] Safepoint synchronization initiated. (270 threads)
[2024-09-04T12:47:31.630+0000][2361.459s][info ][safepoint     ] Application time: 1.0002358 seconds
[2024-09-04T12:47:31.630+0000][2361.459s][info ][safepoint     ] Entering safepoint region: Cleanup
[2024-09-04T12:47:31.631+0000][2361.459s][info ][safepoint     ] Leaving safepoint region
[2024-09-04T12:47:31.631+0000][2361.459s][info ][safepoint     ] Total time for which application threads were stopped: 0.0008673 seconds, Stopping threads took: 0.0002353 seconds
[2024-09-04T12:47:32.631+0000][2362.460s][debug][safepoint     ] Safepoint synchronization initiated. (270 threads)
[2024-09-04T12:47:32.631+0000][2362.460s][info ][safepoint     ] Application time: 1.0002338 seconds
[2024-09-04T12:47:32.631+0000][2362.460s][info ][safepoint     ] Entering safepoint region: Cleanup
[2024-09-04T12:47:32.632+0000][2362.460s][info ][safepoint     ] Leaving safepoint region
[2024-09-04T12:47:32.632+0000][2362.461s][info ][safepoint     ] Total time for which application threads were stopped: 0.0008156 seconds, Stopping threads took: 0.0002074 seconds
[2024-09-04T12:47:33.632+0000][2363.461s][debug][safepoint     ] Safepoint synchronization initiated. (270 threads)
[2024-09-04T12:47:33.632+0000][2363.461s][info ][safepoint     ] Application time: 1.0002741 seconds
[2024-09-04T12:47:33.632+0000][2363.461s][info ][safepoint     ] Entering safepoint region: Cleanup
[2024-09-04T12:47:33.633+0000][2363.462s][info ][safepoint     ] Leaving safepoint region
[2024-09-04T12:47:33.633+0000][2363.462s][info ][safepoint     ] Total time for which application threads were stopped: 0.0007770 seconds, Stopping threads took: 0.0001629 seconds
[2024-09-04T12:47:34.633+0000][2364.462s][debug][safepoint     ] Safepoint synchronization initiated. (270 threads)
[2024-09-04T12:47:34.633+0000][2364.462s][info ][safepoint     ] Application time: 1.0002843 seconds
[2024-09-04T12:47:34.633+0000][2364.462s][info ][safepoint     ] Entering safepoint region: Cleanup
[2024-09-04T12:47:34.634+0000][2364.463s][info ][safepoint     ] Leaving safepoint region
[2024-09-04T12:47:34.634+0000][2364.463s][info ][safepoint     ] Total time for which application threads were stopped: 0.0008423 seconds, Stopping threads took: 0.0002812 seconds
[2024-09-04T12:47:35.634+0000][2365.463s][debug][safepoint     ] Safepoint synchronization initiated. (270 threads)
[2024-09-04T12:47:35.634+0000][2365.463s][info ][safepoint     ] Application time: 1.0002764 seconds
[2024-09-04T12:47:35.635+0000][2365.463s][info ][safepoint     ] Entering safepoint region: Cleanup
[2024-09-04T12:47:35.635+0000][2365.464s][info ][safepoint     ] Leaving safepoint region
[2024-09-04T12:47:35.635+0000][2365.464s][info ][safepoint     ] Total time for which application threads were stopped: 0.0007822 seconds, Stopping threads took: 0.0001958 seconds
[2024-09-04T12:47:36.635+0000][2366.464s][debug][safepoint     ] Safepoint synchronization initiated. (270 threads)
[2024-09-04T12:47:36.635+0000][2366.464s][info ][safepoint     ] Application time: 1.0002910 seconds
[2024-09-04T12:47:36.636+0000][2366.464s][info ][safepoint     ] Entering safepoint region: Cleanup
[2024-09-04T12:47:36.636+0000][2366.465s][info ][safepoint     ] Leaving safepoint region
[2024-09-04T12:47:36.636+0000][2366.465s][info ][safepoint     ] Total time for which application threads were stopped: 0.0008364 seconds, Stopping threads took: 0.0001852 seconds
[2024-09-04T12:47:37.636+0000][2367.465s][debug][safepoint     ] Safepoint synchronization initiated. (270 threads)
[2024-09-04T12:47:37.636+0000][2367.465s][info ][safepoint     ] Application time: 1.0001354 seconds
[2024-09-04T12:47:37.637+0000][2367.465s][info ][safepoint     ] Entering safepoint region: Cleanup
[2024-09-04T12:47:37.637+0000][2367.466s][info ][safepoint     ] Leaving safepoint region
[2024-09-04T12:47:37.637+0000][2367.466s][debug][safepoint     ] ... found polling page loop exception at pc = 0x00007ff4a1317510, stub =0x00007ff498826680
[2024-09-04T12:47:37.637+0000][2367.466s][info ][safepoint     ] Total time for which application threads were stopped: 0.0004822 seconds, Stopping threads took: 0.0001397 seconds
[2024-09-04T12:47:37.637+0000][2367.466s][debug][safepoint     ] ... found polling page return exception at pc = 0x00007ff4a131ffd6, stub =0x00007ff498824b00
[2024-09-04T12:47:38.637+0000][2368.466s][debug][safepoint     ] Safepoint synchronization initiated. (270 threads)
[2024-09-04T12:47:38.637+0000][2368.466s][info ][safepoint     ] Application time: 1.0002201 seconds
[2024-09-04T12:47:38.637+0000][2368.466s][info ][safepoint     ] Entering safepoint region: Cleanup
[2024-09-04T12:47:38.638+0000][2368.467s][info ][safepoint     ] Leaving safepoint region
[2024-09-04T12:47:38.638+0000][2368.467s][info ][safepoint     ] Total time for which application threads were stopped: 0.0007650 seconds, Stopping threads took: 0.0002230 seconds
[2024-09-04T12:47:39.638+0000][2369.467s][debug][safepoint     ] Safepoint synchronization initiated. (270 threads)
[2024-09-04T12:47:39.638+0000][2369.467s][info ][safepoint     ] Application time: 1.0001563 seconds
[2024-09-04T12:47:39.638+0000][2369.467s][info ][safepoint     ] Entering safepoint region: Cleanup
[2024-09-04T12:47:39.639+0000][2369.468s][info ][safepoint     ] Leaving safepoint region
[2024-09-04T12:47:39.639+0000][2369.468s][info ][safepoint     ] Total time for which application threads were stopped: 0.0005673 seconds, Stopping threads took: 0.0001513 seconds
[2024-09-04T12:47:40.639+0000][2370.468s][debug][safepoint     ] Safepoint synchronization initiated. (270 threads)
[2024-09-04T12:47:40.639+0000][2370.468s][info ][safepoint     ] Application time: 1.0002661 seconds
[2024-09-04T12:47:40.639+0000][2370.468s][debug][safepoint     ] ... found polling page return exception at pc = 0x00007ff4a1374066, stub =0x00007ff498824b00
[2024-09-04T12:47:40.639+0000][2370.468s][debug][safepoint     ] ... found polling page return exception at pc = 0x00007ff4a13392d5, stub =0x00007ff498824b00
[2024-09-04T12:47:40.639+0000][2370.468s][debug][safepoint     ] Waiting for 3 thread(s) to block
[2024-09-04T12:47:40.640+0000][2370.468s][info ][safepoint     ] Entering safepoint region: Cleanup
[2024-09-04T12:47:40.640+0000][2370.469s][info ][safepoint     ] Leaving safepoint region
[2024-09-04T12:47:40.640+0000][2370.469s][info ][safepoint     ] Total time for which application threads were stopped: 0.0008761 seconds, Stopping threads took: 0.0005829 seconds
[2024-09-04T12:47:41.640+0000][2371.469s][debug][safepoint     ] Safepoint synchronization initiated. (270 threads)
[2024-09-04T12:47:41.640+0000][2371.469s][info ][safepoint     ] Application time: 1.0003149 seconds
[2024-09-04T12:47:41.641+0000][2371.469s][info ][safepoint     ] Entering safepoint region: Cleanup
[2024-09-04T12:47:41.641+0000][2371.470s][info ][safepoint     ] Leaving safepoint region
[2024-09-04T12:47:41.641+0000][2371.470s][info ][safepoint     ] Total time for which application threads were stopped: 0.0006201 seconds, Stopping threads took: 0.0002247 seconds
[2024-09-04T12:47:42.641+0000][2372.470s][debug][safepoint     ] Safepoint synchronization initiated. (270 threads)
[2024-09-04T12:47:42.641+0000][2372.470s][info ][safepoint     ] Application time: 1.0003437 seconds
[2024-09-04T12:47:42.642+0000][2372.470s][info ][safepoint     ] Entering safepoint region: Cleanup
[2024-09-04T12:47:42.642+0000][2372.471s][info ][safepoint     ] Leaving safepoint region
[2024-09-04T12:47:42.642+0000][2372.471s][info ][safepoint     ] Total time for which application threads were stopped: 0.0009288 seconds, Stopping threads took: 0.0003337 seconds
[2024-09-04T12:47:43.642+0000][2373.471s][debug][safepoint     ] Safepoint synchronization initiated. (270 threads)
[2024-09-04T12:47:43.643+0000][2373.471s][info ][safepoint     ] Application time: 1.0002046 seconds
[2024-09-04T12:47:43.643+0000][2373.471s][info ][safepoint     ] Entering safepoint region: Cleanup
[2024-09-04T12:47:43.643+0000][2373.472s][info ][safepoint     ] Leaving safepoint region
[2024-09-04T12:47:43.643+0000][2373.472s][info ][safepoint     ] Total time for which application threads were stopped: 0.0006694 seconds, Stopping threads took: 0.0001465 seconds
[2024-09-04T12:47:44.643+0000][2374.472s][debug][safepoint     ] Safepoint synchronization initiated. (270 threads)
[2024-09-04T12:47:44.643+0000][2374.472s][info ][safepoint     ] Application time: 1.0002584 seconds
[2024-09-04T12:47:44.644+0000][2374.472s][info ][safepoint     ] Entering safepoint region: Cleanup
[2024-09-04T12:47:44.644+0000][2374.473s][info ][safepoint     ] Leaving safepoint region
[2024-09-04T12:47:44.645+0000][2374.473s][info ][safepoint     ] Total time for which application threads were stopped: 0.0010009 seconds, Stopping threads took: 0.0002571 seconds
[2024-09-04T12:47:45.645+0000][2375.474s][debug][safepoint     ] Safepoint synchronization initiated. (270 threads)
[2024-09-04T12:47:45.645+0000][2375.474s][info ][safepoint     ] Application time: 1.0003679 seconds
[2024-09-04T12:47:45.645+0000][2375.474s][info ][safepoint     ] Entering safepoint region: Cleanup
[2024-09-04T12:47:45.646+0000][2375.475s][info ][safepoint     ] Leaving safepoint region
[2024-09-04T12:47:45.646+0000][2375.475s][info ][safepoint     ] Total time for which application threads were stopped: 0.0010574 seconds, Stopping threads took: 0.0002113 seconds
[2024-09-04T12:47:46.646+0000][2376.475s][debug][safepoint     ] Safepoint synchronization initiated. (270 threads)
[2024-09-04T12:47:46.646+0000][2376.475s][info ][safepoint     ] Application time: 1.0002988 seconds
[2024-09-04T12:47:46.647+0000][2376.475s][info ][safepoint     ] Entering safepoint region: Cleanup
[2024-09-04T12:47:46.647+0000][2376.476s][info ][safepoint     ] Leaving safepoint region
[2024-09-04T12:47:46.647+0000][2376.476s][info ][safepoint     ] Total time for which application threads were stopped: 0.0011160 seconds, Stopping threads took: 0.0002346 seconds
[2024-09-04T12:47:47.648+0000][2377.476s][debug][safepoint     ] Safepoint synchronization initiated. (270 threads)
[2024-09-04T12:47:47.648+0000][2377.477s][info ][safepoint     ] Application time: 1.0002478 seconds
[2024-09-04T12:47:47.648+0000][2377.477s][info ][safepoint     ] Entering safepoint region: Cleanup
[2024-09-04T12:47:47.649+0000][2377.478s][info ][safepoint     ] Leaving safepoint region
[2024-09-04T12:47:47.649+0000][2377.478s][info ][safepoint     ] Total time for which application threads were stopped: 0.0011436 seconds, Stopping threads took: 0.0002163 seconds
[2024-09-04T12:47:48.649+0000][2378.478s][debug][safepoint     ] Safepoint synchronization initiated. (270 threads)
[2024-09-04T12:47:48.649+0000][2378.478s][info ][safepoint     ] Application time: 1.0002577 seconds
[2024-09-04T12:47:48.650+0000][2378.478s][info ][safepoint     ] Entering safepoint region: Cleanup
[2024-09-04T12:47:48.650+0000][2378.479s][info ][safepoint     ] Leaving safepoint region
[2024-09-04T12:47:48.650+0000][2378.479s][info ][safepoint     ] Total time for which application threads were stopped: 0.0009288 seconds, Stopping threads took: 0.0003653 seconds
[2024-09-04T12:47:49.650+0000][2379.479s][debug][safepoint     ] Safepoint synchronization initiated. (270 threads)
[2024-09-04T12:47:49.651+0000][2379.479s][info ][safepoint     ] Application time: 1.0002859 seconds
[2024-09-04T12:47:49.651+0000][2379.479s][info ][safepoint     ] Entering safepoint region: Cleanup
[2024-09-04T12:47:49.651+0000][2379.480s][info ][safepoint     ] Leaving safepoint region
[2024-09-04T12:47:49.651+0000][2379.480s][info ][safepoint     ] Total time for which application threads were stopped: 0.0008804 seconds, Stopping threads took: 0.0002188 seconds
[2024-09-04T12:47:50.651+0000][2380.480s][debug][safepoint     ] Safepoint synchronization initiated. (270 threads)
[2024-09-04T12:47:50.652+0000][2380.480s][info ][safepoint     ] Application time: 1.0001728 seconds
[2024-09-04T12:47:50.652+0000][2380.481s][debug][safepoint     ] ... found polling page loop exception at pc = 0x00007ff4a131e1a3, stub =0x00007ff498826680
[2024-09-04T12:47:50.652+0000][2380.481s][debug][safepoint     ] Waiting for 1 thread(s) to block
[2024-09-04T12:47:50.652+0000][2380.481s][info ][safepoint     ] Entering safepoint region: Cleanup
[2024-09-04T12:47:50.653+0000][2380.481s][info ][safepoint     ] Leaving safepoint region
[2024-09-04T12:47:50.653+0000][2380.481s][info ][safepoint     ] Total time for which application threads were stopped: 0.0009908 seconds, Stopping threads took: 0.0004210 seconds
[2024-09-04T12:47:51.653+0000][2381.482s][debug][safepoint     ] Safepoint synchronization initiated. (270 threads)
[2024-09-04T12:47:51.653+0000][2381.482s][info ][safepoint     ] Application time: 1.0002811 seconds
[2024-09-04T12:47:51.653+0000][2381.482s][info ][safepoint     ] Entering safepoint region: Cleanup
[2024-09-04T12:47:51.654+0000][2381.483s][info ][safepoint     ] Leaving safepoint region
[2024-09-04T12:47:51.654+0000][2381.483s][info ][safepoint     ] Total time for which application threads were stopped: 0.0009241 seconds, Stopping threads took: 0.0003159 seconds
[2024-09-04T12:47:52.654+0000][2382.483s][debug][safepoint     ] Safepoint synchronization initiated. (270 threads)
[2024-09-04T12:47:52.654+0000][2382.483s][info ][safepoint     ] Application time: 1.0002077 seconds
[2024-09-04T12:47:52.654+0000][2382.483s][info ][safepoint     ] Entering safepoint region: Cleanup
[2024-09-04T12:47:52.655+0000][2382.484s][info ][safepoint     ] Leaving safepoint region
[2024-09-04T12:47:52.655+0000][2382.484s][info ][safepoint     ] Total time for which application threads were stopped: 0.0007477 seconds, Stopping threads took: 0.0002139 seconds
[2024-09-04T12:47:53.655+0000][2383.484s][debug][safepoint     ] Safepoint synchronization initiated. (270 threads)
[2024-09-04T12:47:53.655+0000][2383.484s][info ][safepoint     ] Application time: 1.0002326 seconds
[2024-09-04T12:47:53.655+0000][2383.484s][info ][safepoint     ] Entering safepoint region: Cleanup
[2024-09-04T12:47:53.656+0000][2383.485s][info ][safepoint     ] Leaving safepoint region
[2024-09-04T12:47:53.656+0000][2383.485s][info ][safepoint     ] Total time for which application threads were stopped: 0.0007282 seconds, Stopping threads took: 0.0002876 seconds
[2024-09-04T12:47:54.656+0000][2384.485s][debug][safepoint     ] Safepoint synchronization initiated. (270 threads)
[2024-09-04T12:47:54.656+0000][2384.485s][info ][safepoint     ] Application time: 1.0002719 seconds
[2024-09-04T12:47:54.656+0000][2384.485s][info ][safepoint     ] Entering safepoint region: Cleanup
[2024-09-04T12:47:54.657+0000][2384.486s][info ][safepoint     ] Leaving safepoint region
[2024-09-04T12:47:54.657+0000][2384.486s][info ][safepoint     ] Total time for which application threads were stopped: 0.0008182 seconds, Stopping threads took: 0.0001991 seconds
[2024-09-04T12:47:55.409+0000][2385.238s][debug][safepoint     ] Safepoint synchronization initiated. (270 threads)
[2024-09-04T12:47:55.409+0000][2385.238s][info ][safepoint     ] Application time: 0.7519346 seconds
[2024-09-04T12:47:55.409+0000][2385.238s][info ][safepoint     ] Entering safepoint region: G1CollectForAllocation
[2024-09-04T12:47:55.410+0000][2385.239s][info ][gc,start      ] GC(154) Pause Young (Normal) (G1 Evacuation Pause)
[2024-09-04T12:47:55.410+0000][2385.239s][info ][gc,task       ] GC(154) Using 4 workers of 4 for evacuation
[2024-09-04T12:47:55.422+0000][2385.250s][info ][gc,phases     ] GC(154)   Pre Evacuate Collection Set: 0.1ms
[2024-09-04T12:47:55.422+0000][2385.250s][info ][gc,phases     ] GC(154)   Evacuate Collection Set: 3.9ms
[2024-09-04T12:47:55.422+0000][2385.250s][info ][gc,phases     ] GC(154)   Post Evacuate Collection Set: 6.9ms
[2024-09-04T12:47:55.422+0000][2385.250s][info ][gc,phases     ] GC(154)   Other: 0.7ms
[2024-09-04T12:47:55.422+0000][2385.250s][info ][gc,heap       ] GC(154) Eden regions: 185->0(185)
[2024-09-04T12:47:55.422+0000][2385.250s][info ][gc,heap       ] GC(154) Survivor regions: 1->1(24)
[2024-09-04T12:47:55.422+0000][2385.250s][info ][gc,heap       ] GC(154) Old regions: 182->182
[2024-09-04T12:47:55.422+0000][2385.251s][info ][gc,heap       ] GC(154) Humongous regions: 0->0
[2024-09-04T12:47:55.422+0000][2385.251s][info ][gc,metaspace  ] GC(154) Metaspace: 185932K(192240K)->185932K(192240K) NonClass: 164785K(168660K)->164785K(168660K) Class: 21146K(23580K)->21146K(23580K)
[2024-09-04T12:47:55.422+0000][2385.251s][info ][gc            ] GC(154) Pause Young (Normal) (G1 Evacuation Pause) 365M->180M(412M) 11.695ms
[2024-09-04T12:47:55.422+0000][2385.251s][info ][gc,cpu        ] GC(154) User=0.04s Sys=0.00s Real=0.01s
[2024-09-04T12:47:55.422+0000][2385.251s][info ][safepoint     ] Leaving safepoint region
[2024-09-04T12:47:55.422+0000][2385.251s][info ][safepoint     ] Total time for which application threads were stopped: 0.0129301 seconds, Stopping threads took: 0.0002817 seconds
[2024-09-04T12:47:55.422+0000][2385.251s][info ][gc,stringdedup] Concurrent String Deduplication (2385.251s)
[2024-09-04T12:47:55.422+0000][2385.251s][info ][gc,stringdedup] Concurrent String Deduplication 0.0B->0.0B(0.0B) avg 55.8% (2385.251s, 2385.251s) 0.052ms
[2024-09-04T12:47:56.422+0000][2386.251s][debug][safepoint     ] Safepoint synchronization initiated. (270 threads)
[2024-09-04T12:47:56.422+0000][2386.251s][info ][safepoint     ] Application time: 1.0002922 seconds
[2024-09-04T12:47:56.423+0000][2386.251s][info ][safepoint     ] Entering safepoint region: Cleanup
[2024-09-04T12:47:56.423+0000][2386.252s][info ][safepoint     ] Leaving safepoint region
[2024-09-04T12:47:56.423+0000][2386.252s][info ][safepoint     ] Total time for which application threads were stopped: 0.0010172 seconds, Stopping threads took: 0.0002297 seconds
[2024-09-04T12:47:57.424+0000][2387.252s][debug][safepoint     ] Safepoint synchronization initiated. (270 threads)
[2024-09-04T12:47:57.424+0000][2387.253s][info ][safepoint     ] Application time: 1.0004133 seconds
[2024-09-04T12:47:57.424+0000][2387.253s][info ][safepoint     ] Entering safepoint region: Cleanup
[2024-09-04T12:47:57.425+0000][2387.253s][debug][safepoint     ] ... found polling page loop exception at pc = 0x00007ff4a13ba173, stub =0x00007ff498826680
[2024-09-04T12:47:57.425+0000][2387.253s][info ][safepoint     ] Leaving safepoint region
[2024-09-04T12:47:57.425+0000][2387.254s][info ][safepoint     ] Total time for which application threads were stopped: 0.0010460 seconds, Stopping threads took: 0.0002622 seconds
[2024-09-04T12:47:58.425+0000][2388.254s][debug][safepoint     ] Safepoint synchronization initiated. (270 threads)
[2024-09-04T12:47:58.425+0000][2388.254s][info ][safepoint     ] Application time: 1.0002926 seconds
[2024-09-04T12:47:58.425+0000][2388.254s][debug][safepoint     ] ... found polling page return exception at pc = 0x00007ff4a0ee1b9f, stub =0x00007ff498824b00
[2024-09-04T12:47:58.426+0000][2388.254s][debug][safepoint     ] Waiting for 1 thread(s) to block
[2024-09-04T12:47:58.426+0000][2388.254s][info ][safepoint     ] Entering safepoint region: Cleanup
[2024-09-04T12:47:58.426+0000][2388.255s][info ][safepoint     ] Leaving safepoint region
[2024-09-04T12:47:58.426+0000][2388.255s][info ][safepoint     ] Total time for which application threads were stopped: 0.0011530 seconds, Stopping threads took: 0.0005496 seconds
[2024-09-04T12:47:59.427+0000][2389.255s][debug][safepoint     ] Safepoint synchronization initiated. (270 threads)
[2024-09-04T12:47:59.427+0000][2389.256s][info ][safepoint     ] Application time: 1.0004088 seconds
[2024-09-04T12:47:59.427+0000][2389.256s][info ][safepoint     ] Entering safepoint region: Cleanup
[2024-09-04T12:47:59.427+0000][2389.256s][info ][safepoint     ] Leaving safepoint region
[2024-09-04T12:47:59.427+0000][2389.256s][info ][safepoint     ] Total time for which application threads were stopped: 0.0006079 seconds, Stopping threads took: 0.0001782 seconds
[2024-09-04T12:48:00.428+0000][2390.256s][debug][safepoint     ] Safepoint synchronization initiated. (270 threads)
[2024-09-04T12:48:00.428+0000][2390.256s][info ][safepoint     ] Application time: 1.0001972 seconds
[2024-09-04T12:48:00.428+0000][2390.257s][info ][safepoint     ] Entering safepoint region: Cleanup
[2024-09-04T12:48:00.428+0000][2390.257s][info ][safepoint     ] Leaving safepoint region
[2024-09-04T12:48:00.428+0000][2390.257s][info ][safepoint     ] Total time for which application threads were stopped: 0.0006131 seconds, Stopping threads took: 0.0001807 seconds
[2024-09-04T12:48:01.428+0000][2391.257s][debug][safepoint     ] Safepoint synchronization initiated. (270 threads)
[2024-09-04T12:48:01.429+0000][2391.257s][info ][safepoint     ] Application time: 1.0002588 seconds
[2024-09-04T12:48:01.429+0000][2391.258s][debug][safepoint     ] ... found polling page return exception at pc = 0x00007ff4a0ee1b9f, stub =0x00007ff498824b00
[2024-09-04T12:48:01.429+0000][2391.258s][debug][safepoint     ] Waiting for 1 thread(s) to block
[2024-09-04T12:48:01.429+0000][2391.258s][info ][safepoint     ] Entering safepoint region: Cleanup
[2024-09-04T12:48:01.430+0000][2391.259s][debug][safepoint     ] ... found polling page return exception at pc = 0x00007ff4a131ffd6, stub =0x00007ff498824b00
[2024-09-04T12:48:01.430+0000][2391.259s][info ][safepoint     ] Leaving safepoint region
[2024-09-04T12:48:01.430+0000][2391.259s][info ][safepoint     ] Total time for which application threads were stopped: 0.0014080 seconds, Stopping threads took: 0.0007712 seconds
[2024-09-04T12:48:02.430+0000][2392.259s][debug][safepoint     ] Safepoint synchronization initiated. (270 threads)
[2024-09-04T12:48:02.430+0000][2392.259s][info ][safepoint     ] Application time: 1.0002893 seconds
[2024-09-04T12:48:02.431+0000][2392.259s][info ][safepoint     ] Entering safepoint region: Cleanup
[2024-09-04T12:48:02.431+0000][2392.260s][info ][safepoint     ] Leaving safepoint region
[2024-09-04T12:48:02.431+0000][2392.260s][info ][safepoint     ] Total time for which application threads were stopped: 0.0008571 seconds, Stopping threads took: 0.0002508 seconds
[2024-09-04T12:48:03.431+0000][2393.260s][debug][safepoint     ] Safepoint synchronization initiated. (270 threads)
[2024-09-04T12:48:03.431+0000][2393.260s][info ][safepoint     ] Application time: 1.0002959 seconds
[2024-09-04T12:48:03.432+0000][2393.260s][info ][safepoint     ] Entering safepoint region: Cleanup
[2024-09-04T12:48:03.432+0000][2393.261s][info ][safepoint     ] Leaving safepoint region
[2024-09-04T12:48:03.432+0000][2393.261s][info ][safepoint     ] Total time for which application threads were stopped: 0.0006799 seconds, Stopping threads took: 0.0002555 seconds
[2024-09-04T12:48:04.433+0000][2394.261s][debug][safepoint     ] Safepoint synchronization initiated. (270 threads)
[2024-09-04T12:48:04.433+0000][2394.261s][info ][safepoint     ] Application time: 1.0004269 seconds
[2024-09-04T12:48:04.433+0000][2394.262s][debug][safepoint     ] ... found polling page return exception at pc = 0x00007ff4a12888dd, stub =0x00007ff498824b00
[2024-09-04T12:48:04.433+0000][2394.262s][debug][safepoint     ] ... found polling page return exception at pc = 0x00007ff4a125722a, stub =0x00007ff498824b00
[2024-09-04T12:48:04.433+0000][2394.262s][debug][safepoint     ] Waiting for 4 thread(s) to block
[2024-09-04T12:48:04.433+0000][2394.262s][info ][safepoint     ] Entering safepoint region: Cleanup
[2024-09-04T12:48:04.434+0000][2394.262s][info ][safepoint     ] Leaving safepoint region
[2024-09-04T12:48:04.434+0000][2394.262s][info ][safepoint     ] Total time for which application threads were stopped: 0.0009668 seconds, Stopping threads took: 0.0005909 seconds
[2024-09-04T12:48:05.434+0000][2395.263s][debug][safepoint     ] Safepoint synchronization initiated. (270 threads)
[2024-09-04T12:48:05.434+0000][2395.263s][info ][safepoint     ] Application time: 1.0002428 seconds
[2024-09-04T12:48:05.434+0000][2395.263s][info ][safepoint     ] Entering safepoint region: Cleanup
[2024-09-04T12:48:05.435+0000][2395.264s][info ][safepoint     ] Leaving safepoint region
[2024-09-04T12:48:05.435+0000][2395.264s][info ][safepoint     ] Total time for which application threads were stopped: 0.0010758 seconds, Stopping threads took: 0.0002524 seconds
[2024-09-04T12:48:06.435+0000][2396.264s][debug][safepoint     ] Safepoint synchronization initiated. (270 threads)
[2024-09-04T12:48:06.435+0000][2396.264s][info ][safepoint     ] Application time: 1.0002454 seconds
[2024-09-04T12:48:06.435+0000][2396.264s][info ][safepoint     ] Entering safepoint region: Cleanup
[2024-09-04T12:48:06.436+0000][2396.265s][info ][safepoint     ] Leaving safepoint region
[2024-09-04T12:48:06.436+0000][2396.265s][info ][safepoint     ] Total time for which application threads were stopped: 0.0007724 seconds, Stopping threads took: 0.0002025 seconds
[2024-09-04T12:48:07.436+0000][2397.265s][debug][safepoint     ] Safepoint synchronization initiated. (270 threads)
[2024-09-04T12:48:07.436+0000][2397.265s][info ][safepoint     ] Application time: 1.0002047 seconds
[2024-09-04T12:48:07.436+0000][2397.265s][info ][safepoint     ] Entering safepoint region: Cleanup
[2024-09-04T12:48:07.437+0000][2397.266s][info ][safepoint     ] Leaving safepoint region
[2024-09-04T12:48:07.437+0000][2397.266s][info ][safepoint     ] Total time for which application threads were stopped: 0.0006184 seconds, Stopping threads took: 0.0001317 seconds
[2024-09-04T12:48:08.437+0000][2398.266s][debug][safepoint     ] Safepoint synchronization initiated. (270 threads)
[2024-09-04T12:48:08.437+0000][2398.266s][info ][safepoint     ] Application time: 1.0002121 seconds
[2024-09-04T12:48:08.437+0000][2398.266s][info ][safepoint     ] Entering safepoint region: Cleanup
[2024-09-04T12:48:08.438+0000][2398.267s][info ][safepoint     ] Leaving safepoint region
[2024-09-04T12:48:08.438+0000][2398.267s][info ][safepoint     ] Total time for which application threads were stopped: 0.0009019 seconds, Stopping threads took: 0.0001731 seconds
[2024-09-04T12:48:09.438+0000][2399.267s][debug][safepoint     ] Safepoint synchronization initiated. (270 threads)
[2024-09-04T12:48:09.438+0000][2399.267s][info ][safepoint     ] Application time: 1.0002431 seconds
[2024-09-04T12:48:09.439+0000][2399.267s][info ][safepoint     ] Entering safepoint region: Cleanup
[2024-09-04T12:48:09.439+0000][2399.268s][info ][safepoint     ] Leaving safepoint region
[2024-09-04T12:48:09.439+0000][2399.268s][info ][safepoint     ] Total time for which application threads were stopped: 0.0008751 seconds, Stopping threads took: 0.0002193 seconds
[2024-09-04T12:48:10.439+0000][2400.268s][debug][safepoint     ] Safepoint synchronization initiated. (270 threads)
[2024-09-04T12:48:10.439+0000][2400.268s][info ][safepoint     ] Application time: 1.0001850 seconds
[2024-09-04T12:48:10.440+0000][2400.268s][info ][safepoint     ] Entering safepoint region: Cleanup
[2024-09-04T12:48:10.440+0000][2400.269s][info ][safepoint     ] Leaving safepoint region
[2024-09-04T12:48:10.440+0000][2400.269s][info ][safepoint     ] Total time for which application threads were stopped: 0.0007480 seconds, Stopping threads took: 0.0001603 seconds
[2024-09-04T12:48:11.440+0000][2401.269s][debug][safepoint     ] Safepoint synchronization initiated. (270 threads)
[2024-09-04T12:48:11.441+0000][2401.269s][info ][safepoint     ] Application time: 1.0003105 seconds
[2024-09-04T12:48:11.441+0000][2401.270s][info ][safepoint     ] Entering safepoint region: Cleanup
[2024-09-04T12:48:11.442+0000][2401.270s][info ][safepoint     ] Leaving safepoint region
[2024-09-04T12:48:11.442+0000][2401.270s][info ][safepoint     ] Total time for which application threads were stopped: 0.0009917 seconds, Stopping threads took: 0.0002627 seconds
[2024-09-04T12:48:12.442+0000][2402.271s][debug][safepoint     ] Safepoint synchronization initiated. (270 threads)
[2024-09-04T12:48:12.442+0000][2402.271s][info ][safepoint     ] Application time: 1.0002705 seconds
[2024-09-04T12:48:12.442+0000][2402.271s][info ][safepoint     ] Entering safepoint region: Cleanup
[2024-09-04T12:48:12.443+0000][2402.272s][info ][safepoint     ] Leaving safepoint region
[2024-09-04T12:48:12.443+0000][2402.272s][info ][safepoint     ] Total time for which application threads were stopped: 0.0009514 seconds, Stopping threads took: 0.0002293 seconds
[2024-09-04T12:48:13.443+0000][2403.272s][debug][safepoint     ] Safepoint synchronization initiated. (270 threads)
[2024-09-04T12:48:13.443+0000][2403.272s][info ][safepoint     ] Application time: 1.0002641 seconds
[2024-09-04T12:48:13.443+0000][2403.272s][debug][safepoint     ] ... found polling page return exception at pc = 0x00007ff4a0cbdc72, stub =0x00007ff498824b00
[2024-09-04T12:48:13.443+0000][2403.272s][debug][safepoint     ] Waiting for 1 thread(s) to block
[2024-09-04T12:48:13.444+0000][2403.272s][info ][safepoint     ] Entering safepoint region: Cleanup
[2024-09-04T12:48:13.444+0000][2403.273s][info ][safepoint     ] Leaving safepoint region
[2024-09-04T12:48:13.444+0000][2403.273s][info ][safepoint     ] Total time for which application threads were stopped: 0.0011982 seconds, Stopping threads took: 0.0004107 seconds
[2024-09-04T12:48:14.445+0000][2404.273s][debug][safepoint     ] Safepoint synchronization initiated. (270 threads)
[2024-09-04T12:48:14.445+0000][2404.274s][info ][safepoint     ] Application time: 1.0003456 seconds
[2024-09-04T12:48:14.445+0000][2404.274s][info ][safepoint     ] Entering safepoint region: Cleanup
[2024-09-04T12:48:14.446+0000][2404.274s][info ][safepoint     ] Leaving safepoint region
[2024-09-04T12:48:14.446+0000][2404.274s][info ][safepoint     ] Total time for which application threads were stopped: 0.0008628 seconds, Stopping threads took: 0.0002199 seconds
[2024-09-04T12:48:15.446+0000][2405.275s][debug][safepoint     ] Safepoint synchronization initiated. (270 threads)
[2024-09-04T12:48:15.446+0000][2405.275s][info ][safepoint     ] Application time: 1.0002791 seconds
[2024-09-04T12:48:15.446+0000][2405.275s][info ][safepoint     ] Entering safepoint region: Cleanup
[2024-09-04T12:48:15.447+0000][2405.276s][info ][safepoint     ] Leaving safepoint region
[2024-09-04T12:48:15.447+0000][2405.276s][info ][safepoint     ] Total time for which application threads were stopped: 0.0008970 seconds, Stopping threads took: 0.0002398 seconds
[2024-09-04T12:48:16.447+0000][2406.276s][debug][safepoint     ] Safepoint synchronization initiated. (270 threads)
[2024-09-04T12:48:16.447+0000][2406.276s][info ][safepoint     ] Application time: 1.0002906 seconds
[2024-09-04T12:48:16.447+0000][2406.276s][info ][safepoint     ] Entering safepoint region: Cleanup
[2024-09-04T12:48:16.448+0000][2406.277s][info ][safepoint     ] Leaving safepoint region
[2024-09-04T12:48:16.448+0000][2406.277s][info ][safepoint     ] Total time for which application threads were stopped: 0.0008266 seconds, Stopping threads took: 0.0002029 seconds
[2024-09-04T12:48:17.448+0000][2407.277s][debug][safepoint     ] Safepoint synchronization initiated. (270 threads)
[2024-09-04T12:48:17.448+0000][2407.277s][info ][safepoint     ] Application time: 1.0001897 seconds
[2024-09-04T12:48:17.448+0000][2407.277s][debug][safepoint     ] ... found polling page return exception at pc = 0x00007ff4a0ca7e64, stub =0x00007ff498824b00
[2024-09-04T12:48:17.448+0000][2407.277s][debug][safepoint     ] ... found polling page return exception at pc = 0x00007ff4a13392d5, stub =0x00007ff498824b00
[2024-09-04T12:48:17.449+0000][2407.277s][debug][safepoint     ] Waiting for 2 thread(s) to block
[2024-09-04T12:48:17.449+0000][2407.278s][info ][safepoint     ] Entering safepoint region: Cleanup
[2024-09-04T12:48:17.449+0000][2407.278s][info ][safepoint     ] Leaving safepoint region
[2024-09-04T12:48:17.449+0000][2407.278s][info ][safepoint     ] Total time for which application threads were stopped: 0.0010210 seconds, Stopping threads took: 0.0004675 seconds
[2024-09-04T12:48:18.450+0000][2408.278s][debug][safepoint     ] Safepoint synchronization initiated. (270 threads)
[2024-09-04T12:48:18.450+0000][2408.279s][info ][safepoint     ] Application time: 1.0004238 seconds
[2024-09-04T12:48:18.450+0000][2408.279s][info ][safepoint     ] Entering safepoint region: Cleanup
[2024-09-04T12:48:18.451+0000][2408.279s][info ][safepoint     ] Leaving safepoint region
[2024-09-04T12:48:18.451+0000][2408.279s][info ][safepoint     ] Total time for which application threads were stopped: 0.0007469 seconds, Stopping threads took: 0.0002162 seconds
[2024-09-04T12:48:19.451+0000][2409.280s][debug][safepoint     ] Safepoint synchronization initiated. (270 threads)
[2024-09-04T12:48:19.451+0000][2409.280s][info ][safepoint     ] Application time: 1.0002316 seconds
[2024-09-04T12:48:19.451+0000][2409.280s][info ][safepoint     ] Entering safepoint region: Cleanup
[2024-09-04T12:48:19.451+0000][2409.280s][info ][safepoint     ] Leaving safepoint region
[2024-09-04T12:48:19.451+0000][2409.280s][info ][safepoint     ] Total time for which application threads were stopped: 0.0005703 seconds, Stopping threads took: 0.0001351 seconds
[2024-09-04T12:48:20.452+0000][2410.280s][debug][safepoint     ] Safepoint synchronization initiated. (270 threads)
[2024-09-04T12:48:20.452+0000][2410.280s][info ][safepoint     ] Application time: 1.0002405 seconds
[2024-09-04T12:48:20.452+0000][2410.281s][debug][safepoint     ] ... found polling page return exception at pc = 0x00007ff4a131ffd6, stub =0x00007ff498824b00
[2024-09-04T12:48:20.452+0000][2410.281s][debug][safepoint     ] Waiting for 2 thread(s) to block
[2024-09-04T12:48:20.452+0000][2410.281s][info ][safepoint     ] Entering safepoint region: Cleanup
[2024-09-04T12:48:20.453+0000][2410.282s][info ][safepoint     ] Leaving safepoint region
[2024-09-04T12:48:20.453+0000][2410.282s][info ][safepoint     ] Total time for which application threads were stopped: 0.0011333 seconds, Stopping threads took: 0.0005615 seconds
[2024-09-04T12:48:21.453+0000][2411.282s][debug][safepoint     ] Safepoint synchronization initiated. (270 threads)
[2024-09-04T12:48:21.453+0000][2411.282s][info ][safepoint     ] Application time: 1.0002718 seconds
[2024-09-04T12:48:21.453+0000][2411.282s][info ][safepoint     ] Entering safepoint region: Cleanup
[2024-09-04T12:48:21.454+0000][2411.283s][info ][safepoint     ] Leaving safepoint region
[2024-09-04T12:48:21.454+0000][2411.283s][info ][safepoint     ] Total time for which application threads were stopped: 0.0011469 seconds, Stopping threads took: 0.0002062 seconds
[2024-09-04T12:48:22.454+0000][2412.283s][debug][safepoint     ] Safepoint synchronization initiated. (270 threads)
[2024-09-04T12:48:22.455+0000][2412.283s][info ][safepoint     ] Application time: 1.0002829 seconds
[2024-09-04T12:48:22.455+0000][2412.284s][info ][safepoint     ] Entering safepoint region: Cleanup
[2024-09-04T12:48:22.456+0000][2412.284s][info ][safepoint     ] Leaving safepoint region
[2024-09-04T12:48:22.456+0000][2412.284s][info ][safepoint     ] Total time for which application threads were stopped: 0.0009646 seconds, Stopping threads took: 0.0002620 seconds
[2024-09-04T12:48:23.456+0000][2413.285s][debug][safepoint     ] Safepoint synchronization initiated. (270 threads)
[2024-09-04T12:48:23.456+0000][2413.285s][info ][safepoint     ] Application time: 1.0001820 seconds
[2024-09-04T12:48:23.456+0000][2413.285s][info ][safepoint     ] Entering safepoint region: Cleanup
[2024-09-04T12:48:23.457+0000][2413.286s][info ][safepoint     ] Leaving safepoint region
[2024-09-04T12:48:23.457+0000][2413.286s][info ][safepoint     ] Total time for which application threads were stopped: 0.0009930 seconds, Stopping threads took: 0.0001736 seconds
[2024-09-04T12:48:24.159+0000][2413.987s][debug][safepoint     ] Safepoint synchronization initiated. (270 threads)
[2024-09-04T12:48:24.159+0000][2413.987s][info ][safepoint     ] Application time: 0.7018101 seconds
[2024-09-04T12:48:24.159+0000][2413.988s][debug][safepoint     ] ... found polling page return exception at pc = 0x00007ff4a0c6df9d, stub =0x00007ff498824b00
[2024-09-04T12:48:24.159+0000][2413.988s][debug][safepoint     ] Waiting for 1 thread(s) to block
[2024-09-04T12:48:24.159+0000][2413.988s][info ][safepoint     ] Entering safepoint region: G1CollectForAllocation
[2024-09-04T12:48:24.160+0000][2413.988s][info ][gc,start      ] GC(155) Pause Young (Normal) (G1 Evacuation Pause)
[2024-09-04T12:48:24.160+0000][2413.988s][info ][gc,task       ] GC(155) Using 4 workers of 4 for evacuation
[2024-09-04T12:48:24.167+0000][2413.995s][info ][gc,phases     ] GC(155)   Pre Evacuate Collection Set: 0.0ms
[2024-09-04T12:48:24.167+0000][2413.995s][info ][gc,phases     ] GC(155)   Evacuate Collection Set: 2.2ms
[2024-09-04T12:48:24.167+0000][2413.995s][info ][gc,phases     ] GC(155)   Post Evacuate Collection Set: 4.3ms
[2024-09-04T12:48:24.167+0000][2413.995s][info ][gc,phases     ] GC(155)   Other: 0.6ms
[2024-09-04T12:48:24.167+0000][2413.995s][info ][gc,heap       ] GC(155) Eden regions: 185->0(185)
[2024-09-04T12:48:24.167+0000][2413.995s][info ][gc,heap       ] GC(155) Survivor regions: 1->1(24)
[2024-09-04T12:48:24.167+0000][2413.995s][info ][gc,heap       ] GC(155) Old regions: 182->182
[2024-09-04T12:48:24.167+0000][2413.996s][info ][gc,heap       ] GC(155) Humongous regions: 0->0
[2024-09-04T12:48:24.167+0000][2413.996s][info ][gc,metaspace  ] GC(155) Metaspace: 185933K(192240K)->185933K(192240K) NonClass: 164786K(168660K)->164786K(168660K) Class: 21146K(23580K)->21146K(23580K)
[2024-09-04T12:48:24.167+0000][2413.996s][info ][gc            ] GC(155) Pause Young (Normal) (G1 Evacuation Pause) 365M->181M(412M) 7.238ms
[2024-09-04T12:48:24.167+0000][2413.996s][info ][gc,cpu        ] GC(155) User=0.02s Sys=0.00s Real=0.01s
[2024-09-04T12:48:24.167+0000][2413.996s][info ][safepoint     ] Leaving safepoint region
[2024-09-04T12:48:24.167+0000][2413.996s][info ][safepoint     ] Total time for which application threads were stopped: 0.0082540 seconds, Stopping threads took: 0.0004069 seconds
[2024-09-04T12:48:25.167+0000][2414.996s][debug][safepoint     ] Safepoint synchronization initiated. (270 threads)
[2024-09-04T12:48:25.167+0000][2414.996s][info ][safepoint     ] Application time: 1.0003350 seconds
[2024-09-04T12:48:25.167+0000][2414.996s][info ][safepoint     ] Entering safepoint region: Cleanup
[2024-09-04T12:48:25.168+0000][2414.997s][info ][safepoint     ] Leaving safepoint region
[2024-09-04T12:48:25.168+0000][2414.997s][debug][safepoint     ] ... found polling page return exception at pc = 0x00007ff4a131ffd6, stub =0x00007ff498824b00
[2024-09-04T12:48:25.168+0000][2414.997s][debug][safepoint     ] ... found polling page return exception at pc = 0x00007ff4a131ffd6, stub =0x00007ff498824b00
[2024-09-04T12:48:25.168+0000][2414.997s][info ][safepoint     ] Total time for which application threads were stopped: 0.0008505 seconds, Stopping threads took: 0.0002063 seconds
[2024-09-04T12:48:26.169+0000][2415.997s][debug][safepoint     ] Safepoint synchronization initiated. (270 threads)
[2024-09-04T12:48:26.169+0000][2415.997s][info ][safepoint     ] Application time: 1.0002097 seconds
[2024-09-04T12:48:26.169+0000][2415.998s][info ][safepoint     ] Entering safepoint region: Cleanup
[2024-09-04T12:48:26.169+0000][2415.998s][info ][safepoint     ] Leaving safepoint region
[2024-09-04T12:48:26.169+0000][2415.998s][info ][safepoint     ] Total time for which application threads were stopped: 0.0006419 seconds, Stopping threads took: 0.0001528 seconds
[2024-09-04T12:48:27.169+0000][2416.998s][debug][safepoint     ] Safepoint synchronization initiated. (270 threads)
[2024-09-04T12:48:27.170+0000][2416.998s][info ][safepoint     ] Application time: 1.0002478 seconds
[2024-09-04T12:48:27.170+0000][2416.998s][info ][safepoint     ] Entering safepoint region: Cleanup
[2024-09-04T12:48:27.170+0000][2416.999s][info ][safepoint     ] Leaving safepoint region
[2024-09-04T12:48:27.170+0000][2416.999s][info ][safepoint     ] Total time for which application threads were stopped: 0.0006493 seconds, Stopping threads took: 0.0001774 seconds
[2024-09-04T12:48:28.170+0000][2417.999s][debug][safepoint     ] Safepoint synchronization initiated. (270 threads)
[2024-09-04T12:48:28.171+0000][2417.999s][info ][safepoint     ] Application time: 1.0002787 seconds
[2024-09-04T12:48:28.171+0000][2418.000s][info ][safepoint     ] Entering safepoint region: Cleanup
[2024-09-04T12:48:28.171+0000][2418.000s][info ][safepoint     ] Leaving safepoint region
[2024-09-04T12:48:28.171+0000][2418.000s][debug][safepoint     ] ... found polling page return exception at pc = 0x00007ff4a131ffd6, stub =0x00007ff498824b00
[2024-09-04T12:48:28.171+0000][2418.000s][debug][safepoint     ] ... found polling page return exception at pc = 0x00007ff4a131ffd6, stub =0x00007ff498824b00
[2024-09-04T12:48:28.171+0000][2418.000s][info ][safepoint     ] Total time for which application threads were stopped: 0.0007439 seconds, Stopping threads took: 0.0002810 seconds
[2024-09-04T12:48:29.172+0000][2419.000s][debug][safepoint     ] Safepoint synchronization initiated. (270 threads)
[2024-09-04T12:48:29.172+0000][2419.000s][info ][safepoint     ] Application time: 1.0002496 seconds
[2024-09-04T12:48:29.172+0000][2419.001s][info ][safepoint     ] Entering safepoint region: Cleanup
[2024-09-04T12:48:29.172+0000][2419.001s][info ][safepoint     ] Leaving safepoint region
[2024-09-04T12:48:29.172+0000][2419.001s][info ][safepoint     ] Total time for which application threads were stopped: 0.0007113 seconds, Stopping threads took: 0.0001873 seconds
[2024-09-04T12:48:30.173+0000][2420.002s][debug][safepoint     ] Safepoint synchronization initiated. (270 threads)
[2024-09-04T12:48:30.173+0000][2420.002s][info ][safepoint     ] Application time: 1.0003695 seconds
[2024-09-04T12:48:30.173+0000][2420.002s][info ][safepoint     ] Entering safepoint region: Cleanup
[2024-09-04T12:48:30.174+0000][2420.002s][info ][safepoint     ] Leaving safepoint region
[2024-09-04T12:48:30.174+0000][2420.002s][info ][safepoint     ] Total time for which application threads were stopped: 0.0008123 seconds, Stopping threads took: 0.0002013 seconds
[2024-09-04T12:48:31.174+0000][2421.003s][debug][safepoint     ] Safepoint synchronization initiated. (270 threads)
[2024-09-04T12:48:31.174+0000][2421.003s][info ][safepoint     ] Application time: 1.0002384 seconds
[2024-09-04T12:48:31.174+0000][2421.003s][info ][safepoint     ] Entering safepoint region: Cleanup
[2024-09-04T12:48:31.175+0000][2421.003s][info ][safepoint     ] Leaving safepoint region
[2024-09-04T12:48:31.175+0000][2421.004s][info ][safepoint     ] Total time for which application threads were stopped: 0.0008010 seconds, Stopping threads took: 0.0002623 seconds
[2024-09-04T12:48:32.175+0000][2422.004s][debug][safepoint     ] Safepoint synchronization initiated. (270 threads)
[2024-09-04T12:48:32.175+0000][2422.004s][info ][safepoint     ] Application time: 1.0002367 seconds
[2024-09-04T12:48:32.175+0000][2422.004s][info ][safepoint     ] Entering safepoint region: Cleanup
[2024-09-04T12:48:32.176+0000][2422.004s][info ][safepoint     ] Leaving safepoint region
[2024-09-04T12:48:32.176+0000][2422.004s][info ][safepoint     ] Total time for which application threads were stopped: 0.0006697 seconds, Stopping threads took: 0.0002285 seconds
[2024-09-04T12:48:33.176+0000][2423.005s][debug][safepoint     ] Safepoint synchronization initiated. (270 threads)
[2024-09-04T12:48:33.176+0000][2423.005s][info ][safepoint     ] Application time: 1.0002957 seconds
[2024-09-04T12:48:33.176+0000][2423.005s][info ][safepoint     ] Entering safepoint region: Cleanup
[2024-09-04T12:48:33.177+0000][2423.006s][info ][safepoint     ] Leaving safepoint region
[2024-09-04T12:48:33.177+0000][2423.006s][info ][safepoint     ] Total time for which application threads were stopped: 0.0008103 seconds, Stopping threads took: 0.0002277 seconds
[2024-09-04T12:48:34.177+0000][2424.006s][debug][safepoint     ] Safepoint synchronization initiated. (270 threads)
[2024-09-04T12:48:34.177+0000][2424.006s][info ][safepoint     ] Application time: 1.0002297 seconds
[2024-09-04T12:48:34.177+0000][2424.006s][debug][safepoint     ] ... found polling page return exception at pc = 0x00007ff4a0cbdc72, stub =0x00007ff498824b00
[2024-09-04T12:48:34.177+0000][2424.006s][debug][safepoint     ] Waiting for 1 thread(s) to block
[2024-09-04T12:48:34.177+0000][2424.006s][info ][safepoint     ] Entering safepoint region: Cleanup
[2024-09-04T12:48:34.178+0000][2424.007s][info ][safepoint     ] Leaving safepoint region
[2024-09-04T12:48:34.178+0000][2424.007s][info ][safepoint     ] Total time for which application threads were stopped: 0.0007963 seconds, Stopping threads took: 0.0003336 seconds
[2024-09-04T12:48:35.178+0000][2425.007s][debug][safepoint     ] Safepoint synchronization initiated. (270 threads)
[2024-09-04T12:48:35.178+0000][2425.007s][info ][safepoint     ] Application time: 1.0002069 seconds
[2024-09-04T12:48:35.178+0000][2425.007s][info ][safepoint     ] Entering safepoint region: Cleanup
[2024-09-04T12:48:35.179+0000][2425.008s][info ][safepoint     ] Leaving safepoint region
[2024-09-04T12:48:35.179+0000][2425.008s][info ][safepoint     ] Total time for which application threads were stopped: 0.0007486 seconds, Stopping threads took: 0.0001966 seconds
[2024-09-04T12:48:36.179+0000][2426.008s][debug][safepoint     ] Safepoint synchronization initiated. (270 threads)
[2024-09-04T12:48:36.179+0000][2426.008s][info ][safepoint     ] Application time: 1.0002048 seconds
[2024-09-04T12:48:36.179+0000][2426.008s][info ][safepoint     ] Entering safepoint region: Cleanup
[2024-09-04T12:48:36.180+0000][2426.009s][info ][safepoint     ] Leaving safepoint region
[2024-09-04T12:48:36.180+0000][2426.009s][info ][safepoint     ] Total time for which application threads were stopped: 0.0006732 seconds, Stopping threads took: 0.0001832 seconds
[2024-09-04T12:48:37.180+0000][2427.009s][debug][safepoint     ] Safepoint synchronization initiated. (270 threads)
[2024-09-04T12:48:37.180+0000][2427.009s][info ][safepoint     ] Application time: 1.0003266 seconds
[2024-09-04T12:48:37.180+0000][2427.009s][info ][safepoint     ] Entering safepoint region: Cleanup
[2024-09-04T12:48:37.181+0000][2427.010s][info ][safepoint     ] Leaving safepoint region
[2024-09-04T12:48:37.181+0000][2427.010s][info ][safepoint     ] Total time for which application threads were stopped: 0.0008889 seconds, Stopping threads took: 0.0002257 seconds
[2024-09-04T12:48:38.181+0000][2428.010s][debug][safepoint     ] Safepoint synchronization initiated. (270 threads)
[2024-09-04T12:48:38.182+0000][2428.010s][info ][safepoint     ] Application time: 1.0004263 seconds
[2024-09-04T12:48:38.182+0000][2428.011s][info ][safepoint     ] Entering safepoint region: Cleanup
[2024-09-04T12:48:38.182+0000][2428.011s][info ][safepoint     ] Leaving safepoint region
[2024-09-04T12:48:38.182+0000][2428.011s][info ][safepoint     ] Total time for which application threads were stopped: 0.0008691 seconds, Stopping threads took: 0.0002612 seconds
[2024-09-04T12:48:39.183+0000][2429.011s][debug][safepoint     ] Safepoint synchronization initiated. (270 threads)
[2024-09-04T12:48:39.183+0000][2429.012s][info ][safepoint     ] Application time: 1.0002771 seconds
[2024-09-04T12:48:39.183+0000][2429.012s][info ][safepoint     ] Entering safepoint region: Cleanup
[2024-09-04T12:48:39.184+0000][2429.013s][info ][safepoint     ] Leaving safepoint region
[2024-09-04T12:48:39.184+0000][2429.013s][info ][safepoint     ] Total time for which application threads were stopped: 0.0009938 seconds, Stopping threads took: 0.0002112 seconds
[2024-09-04T12:48:40.184+0000][2430.013s][debug][safepoint     ] Safepoint synchronization initiated. (270 threads)
[2024-09-04T12:48:40.184+0000][2430.013s][info ][safepoint     ] Application time: 1.0002507 seconds
[2024-09-04T12:48:40.184+0000][2430.013s][info ][safepoint     ] Entering safepoint region: Cleanup
[2024-09-04T12:48:40.185+0000][2430.014s][info ][safepoint     ] Leaving safepoint region
[2024-09-04T12:48:40.185+0000][2430.014s][info ][safepoint     ] Total time for which application threads were stopped: 0.0008246 seconds, Stopping threads took: 0.0001761 seconds
[2024-09-04T12:48:41.185+0000][2431.014s][debug][safepoint     ] Safepoint synchronization initiated. (270 threads)
[2024-09-04T12:48:41.185+0000][2431.014s][info ][safepoint     ] Application time: 1.0003097 seconds
[2024-09-04T12:48:41.185+0000][2431.014s][debug][safepoint     ] ... found polling page return exception at pc = 0x00007ff4a12f256e, stub =0x00007ff498824b00
[2024-09-04T12:48:41.186+0000][2431.014s][debug][safepoint     ] Waiting for 2 thread(s) to block
[2024-09-04T12:48:41.186+0000][2431.015s][info ][safepoint     ] Entering safepoint region: Cleanup
[2024-09-04T12:48:41.186+0000][2431.015s][info ][safepoint     ] Leaving safepoint region
[2024-09-04T12:48:41.186+0000][2431.015s][debug][safepoint     ] ... found polling page return exception at pc = 0x00007ff4a131ffd6, stub =0x00007ff498824b00
[2024-09-04T12:48:41.186+0000][2431.015s][info ][safepoint     ] Total time for which application threads were stopped: 0.0010653 seconds, Stopping threads took: 0.0005815 seconds
[2024-09-04T12:48:41.186+0000][2431.015s][debug][safepoint     ] ... found polling page return exception at pc = 0x00007ff4a131ffd6, stub =0x00007ff498824b00
[2024-09-04T12:48:42.187+0000][2432.016s][debug][safepoint     ] Safepoint synchronization initiated. (270 threads)
[2024-09-04T12:48:42.187+0000][2432.016s][info ][safepoint     ] Application time: 1.0003535 seconds
[2024-09-04T12:48:42.187+0000][2432.016s][info ][safepoint     ] Entering safepoint region: Cleanup
[2024-09-04T12:48:42.188+0000][2432.017s][info ][safepoint     ] Leaving safepoint region
[2024-09-04T12:48:42.188+0000][2432.017s][info ][safepoint     ] Total time for which application threads were stopped: 0.0009578 seconds, Stopping threads took: 0.0001843 seconds
[2024-09-04T12:48:43.188+0000][2433.017s][debug][safepoint     ] Safepoint synchronization initiated. (270 threads)
[2024-09-04T12:48:43.188+0000][2433.017s][info ][safepoint     ] Application time: 1.0002298 seconds
[2024-09-04T12:48:43.188+0000][2433.017s][info ][safepoint     ] Entering safepoint region: Cleanup
[2024-09-04T12:48:43.189+0000][2433.018s][info ][safepoint     ] Leaving safepoint region
[2024-09-04T12:48:43.189+0000][2433.018s][info ][safepoint     ] Total time for which application threads were stopped: 0.0009044 seconds, Stopping threads took: 0.0001874 seconds
[2024-09-04T12:48:44.189+0000][2434.018s][debug][safepoint     ] Safepoint synchronization initiated. (270 threads)
[2024-09-04T12:48:44.189+0000][2434.018s][info ][safepoint     ] Application time: 1.0003485 seconds
[2024-09-04T12:48:44.190+0000][2434.018s][debug][safepoint     ] ... found polling page return exception at pc = 0x00007ff4a0ee1b9f, stub =0x00007ff498824b00
[2024-09-04T12:48:44.190+0000][2434.018s][debug][safepoint     ] ... found polling page return exception at pc = 0x00007ff4a0bf16b3, stub =0x00007ff498824b00
[2024-09-04T12:48:44.190+0000][2434.019s][debug][safepoint     ] Waiting for 2 thread(s) to block
[2024-09-04T12:48:44.190+0000][2434.019s][info ][safepoint     ] Entering safepoint region: Cleanup
[2024-09-04T12:48:44.191+0000][2434.019s][info ][safepoint     ] Leaving safepoint region
[2024-09-04T12:48:44.191+0000][2434.019s][info ][safepoint     ] Total time for which application threads were stopped: 0.0011341 seconds, Stopping threads took: 0.0006619 seconds
[2024-09-04T12:48:45.191+0000][2435.020s][debug][safepoint     ] Safepoint synchronization initiated. (270 threads)
[2024-09-04T12:48:45.191+0000][2435.020s][info ][safepoint     ] Application time: 1.0003126 seconds
[2024-09-04T12:48:45.191+0000][2435.020s][info ][safepoint     ] Entering safepoint region: Cleanup
[2024-09-04T12:48:45.192+0000][2435.021s][info ][safepoint     ] Leaving safepoint region
[2024-09-04T12:48:45.192+0000][2435.021s][info ][safepoint     ] Total time for which application threads were stopped: 0.0008236 seconds, Stopping threads took: 0.0002183 seconds
[2024-09-04T12:48:46.192+0000][2436.021s][debug][safepoint     ] Safepoint synchronization initiated. (270 threads)
[2024-09-04T12:48:46.192+0000][2436.021s][info ][safepoint     ] Application time: 1.0002906 seconds
[2024-09-04T12:48:46.192+0000][2436.021s][info ][safepoint     ] Entering safepoint region: Cleanup
[2024-09-04T12:48:46.193+0000][2436.022s][info ][safepoint     ] Leaving safepoint region
[2024-09-04T12:48:46.193+0000][2436.022s][info ][safepoint     ] Total time for which application threads were stopped: 0.0007710 seconds, Stopping threads took: 0.0002275 seconds
[2024-09-04T12:48:47.193+0000][2437.022s][debug][safepoint     ] Safepoint synchronization initiated. (270 threads)
[2024-09-04T12:48:47.193+0000][2437.022s][info ][safepoint     ] Application time: 1.0003274 seconds
[2024-09-04T12:48:47.194+0000][2437.022s][info ][safepoint     ] Entering safepoint region: Cleanup
[2024-09-04T12:48:47.194+0000][2437.023s][info ][safepoint     ] Leaving safepoint region
[2024-09-04T12:48:47.194+0000][2437.023s][info ][safepoint     ] Total time for which application threads were stopped: 0.0010443 seconds, Stopping threads took: 0.0003547 seconds
[2024-09-04T12:48:48.195+0000][2438.023s][debug][safepoint     ] Safepoint synchronization initiated. (270 threads)
[2024-09-04T12:48:48.195+0000][2438.024s][info ][safepoint     ] Application time: 1.0004062 seconds
[2024-09-04T12:48:48.195+0000][2438.024s][info ][safepoint     ] Entering safepoint region: Cleanup
[2024-09-04T12:48:48.195+0000][2438.024s][info ][safepoint     ] Leaving safepoint region
[2024-09-04T12:48:48.195+0000][2438.024s][info ][safepoint     ] Total time for which application threads were stopped: 0.0006729 seconds, Stopping threads took: 0.0001687 seconds
[2024-09-04T12:48:49.196+0000][2439.025s][debug][safepoint     ] Safepoint synchronization initiated. (270 threads)
[2024-09-04T12:48:49.196+0000][2439.025s][info ][safepoint     ] Application time: 1.0003858 seconds
[2024-09-04T12:48:49.196+0000][2439.025s][info ][safepoint     ] Entering safepoint region: Cleanup
[2024-09-04T12:48:49.197+0000][2439.025s][info ][safepoint     ] Leaving safepoint region
[2024-09-04T12:48:49.197+0000][2439.026s][info ][safepoint     ] Total time for which application threads were stopped: 0.0008631 seconds, Stopping threads took: 0.0002384 seconds
[2024-09-04T12:48:50.197+0000][2440.026s][debug][safepoint     ] Safepoint synchronization initiated. (270 threads)
[2024-09-04T12:48:50.197+0000][2440.026s][info ][safepoint     ] Application time: 1.0002894 seconds
[2024-09-04T12:48:50.197+0000][2440.026s][info ][safepoint     ] Entering safepoint region: Cleanup
[2024-09-04T12:48:50.198+0000][2440.027s][info ][safepoint     ] Leaving safepoint region
[2024-09-04T12:48:50.198+0000][2440.027s][info ][safepoint     ] Total time for which application threads were stopped: 0.0008883 seconds, Stopping threads took: 0.0001856 seconds
[2024-09-04T12:48:51.198+0000][2441.027s][debug][safepoint     ] Safepoint synchronization initiated. (270 threads)
[2024-09-04T12:48:51.198+0000][2441.027s][info ][safepoint     ] Application time: 1.0002697 seconds
[2024-09-04T12:48:51.199+0000][2441.027s][info ][safepoint     ] Entering safepoint region: Cleanup
[2024-09-04T12:48:51.199+0000][2441.028s][info ][safepoint     ] Leaving safepoint region
[2024-09-04T12:48:51.199+0000][2441.028s][info ][safepoint     ] Total time for which application threads were stopped: 0.0010202 seconds, Stopping threads took: 0.0002333 seconds
[2024-09-04T12:48:52.200+0000][2442.028s][debug][safepoint     ] Safepoint synchronization initiated. (270 threads)
[2024-09-04T12:48:52.200+0000][2442.028s][info ][safepoint     ] Application time: 1.0002567 seconds
[2024-09-04T12:48:52.200+0000][2442.029s][info ][safepoint     ] Entering safepoint region: Cleanup
[2024-09-04T12:48:52.201+0000][2442.029s][info ][safepoint     ] Leaving safepoint region
[2024-09-04T12:48:52.201+0000][2442.030s][info ][safepoint     ] Total time for which application threads were stopped: 0.0010102 seconds, Stopping threads took: 0.0001929 seconds
[2024-09-04T12:48:52.489+0000][2442.318s][debug][safepoint     ] Safepoint synchronization initiated. (270 threads)
[2024-09-04T12:48:52.489+0000][2442.318s][info ][safepoint     ] Application time: 0.2881884 seconds
[2024-09-04T12:48:52.489+0000][2442.318s][info ][safepoint     ] Entering safepoint region: G1CollectForAllocation
[2024-09-04T12:48:52.490+0000][2442.318s][info ][gc,start      ] GC(156) Pause Young (Normal) (G1 Evacuation Pause)
[2024-09-04T12:48:52.490+0000][2442.318s][info ][gc,task       ] GC(156) Using 4 workers of 4 for evacuation
[2024-09-04T12:48:52.497+0000][2442.326s][info ][gc,phases     ] GC(156)   Pre Evacuate Collection Set: 0.0ms
[2024-09-04T12:48:52.497+0000][2442.326s][info ][gc,phases     ] GC(156)   Evacuate Collection Set: 2.2ms
[2024-09-04T12:48:52.497+0000][2442.326s][info ][gc,phases     ] GC(156)   Post Evacuate Collection Set: 4.7ms
[2024-09-04T12:48:52.497+0000][2442.326s][info ][gc,phases     ] GC(156)   Other: 0.5ms
[2024-09-04T12:48:52.497+0000][2442.326s][info ][gc,heap       ] GC(156) Eden regions: 185->0(185)
[2024-09-04T12:48:52.497+0000][2442.326s][info ][gc,heap       ] GC(156) Survivor regions: 1->1(24)
[2024-09-04T12:48:52.497+0000][2442.326s][info ][gc,heap       ] GC(156) Old regions: 182->182
[2024-09-04T12:48:52.497+0000][2442.326s][info ][gc,heap       ] GC(156) Humongous regions: 0->0
[2024-09-04T12:48:52.497+0000][2442.326s][info ][gc,metaspace  ] GC(156) Metaspace: 185992K(192240K)->185992K(192240K) NonClass: 164845K(168660K)->164845K(168660K) Class: 21146K(23580K)->21146K(23580K)
[2024-09-04T12:48:52.497+0000][2442.326s][info ][gc            ] GC(156) Pause Young (Normal) (G1 Evacuation Pause) 366M->181M(412M) 7.581ms
[2024-09-04T12:48:52.497+0000][2442.326s][info ][gc,cpu        ] GC(156) User=0.02s Sys=0.00s Real=0.00s
[2024-09-04T12:48:52.497+0000][2442.326s][info ][safepoint     ] Leaving safepoint region
[2024-09-04T12:48:52.497+0000][2442.326s][info ][safepoint     ] Total time for which application threads were stopped: 0.0083067 seconds, Stopping threads took: 0.0001587 seconds
[2024-09-04T12:48:52.497+0000][2442.326s][info ][gc,stringdedup] Concurrent String Deduplication (2442.326s)
[2024-09-04T12:48:52.497+0000][2442.326s][info ][gc,stringdedup] Concurrent String Deduplication 1232.0B->0.0B(1232.0B) avg 55.8% (2442.326s, 2442.326s) 0.053ms
[2024-09-04T12:48:53.497+0000][2443.326s][debug][safepoint     ] Safepoint synchronization initiated. (270 threads)
[2024-09-04T12:48:53.498+0000][2443.326s][info ][safepoint     ] Application time: 1.0002557 seconds
[2024-09-04T12:48:53.498+0000][2443.326s][debug][safepoint     ] ... found polling page return exception at pc = 0x00007ff4a0ca75f6, stub =0x00007ff498824b00
[2024-09-04T12:48:53.498+0000][2443.327s][debug][safepoint     ] Waiting for 1 thread(s) to block
[2024-09-04T12:48:53.498+0000][2443.327s][info ][safepoint     ] Entering safepoint region: Cleanup
[2024-09-04T12:48:53.499+0000][2443.327s][info ][safepoint     ] Leaving safepoint region
[2024-09-04T12:48:53.499+0000][2443.327s][info ][safepoint     ] Total time for which application threads were stopped: 0.0009537 seconds, Stopping threads took: 0.0004246 seconds
[2024-09-04T12:48:54.499+0000][2444.328s][debug][safepoint     ] Safepoint synchronization initiated. (270 threads)
[2024-09-04T12:48:54.499+0000][2444.328s][info ][safepoint     ] Application time: 1.0003013 seconds
[2024-09-04T12:48:54.499+0000][2444.328s][info ][safepoint     ] Entering safepoint region: Cleanup
[2024-09-04T12:48:54.500+0000][2444.329s][info ][safepoint     ] Leaving safepoint region
[2024-09-04T12:48:54.500+0000][2444.329s][info ][safepoint     ] Total time for which application threads were stopped: 0.0009672 seconds, Stopping threads took: 0.0002060 seconds
[2024-09-04T12:48:55.500+0000][2445.329s][debug][safepoint     ] Safepoint synchronization initiated. (270 threads)
[2024-09-04T12:48:55.500+0000][2445.329s][info ][safepoint     ] Application time: 1.0002062 seconds
[2024-09-04T12:48:55.500+0000][2445.329s][info ][safepoint     ] Entering safepoint region: Cleanup
[2024-09-04T12:48:55.501+0000][2445.330s][info ][safepoint     ] Leaving safepoint region
[2024-09-04T12:48:55.501+0000][2445.330s][info ][safepoint     ] Total time for which application threads were stopped: 0.0008892 seconds, Stopping threads took: 0.0001698 seconds
[2024-09-04T12:48:56.501+0000][2446.330s][debug][safepoint     ] Safepoint synchronization initiated. (270 threads)
[2024-09-04T12:48:56.501+0000][2446.330s][info ][safepoint     ] Application time: 1.0002964 seconds
[2024-09-04T12:48:56.502+0000][2446.330s][info ][safepoint     ] Entering safepoint region: Cleanup
[2024-09-04T12:48:56.502+0000][2446.331s][info ][safepoint     ] Leaving safepoint region
[2024-09-04T12:48:56.502+0000][2446.331s][info ][safepoint     ] Total time for which application threads were stopped: 0.0010035 seconds, Stopping threads took: 0.0003098 seconds
[2024-09-04T12:48:57.503+0000][2447.331s][debug][safepoint     ] Safepoint synchronization initiated. (270 threads)
[2024-09-04T12:48:57.503+0000][2447.331s][info ][safepoint     ] Application time: 1.0002356 seconds
[2024-09-04T12:48:57.503+0000][2447.332s][info ][safepoint     ] Entering safepoint region: Cleanup
[2024-09-04T12:48:57.503+0000][2447.332s][info ][safepoint     ] Leaving safepoint region
[2024-09-04T12:48:57.503+0000][2447.332s][info ][safepoint     ] Total time for which application threads were stopped: 0.0006014 seconds, Stopping threads took: 0.0001729 seconds
[2024-09-04T12:48:58.503+0000][2448.332s][debug][safepoint     ] Safepoint synchronization initiated. (270 threads)
[2024-09-04T12:48:58.503+0000][2448.332s][info ][safepoint     ] Application time: 1.0002286 seconds
[2024-09-04T12:48:58.504+0000][2448.332s][info ][safepoint     ] Entering safepoint region: Cleanup
[2024-09-04T12:48:58.504+0000][2448.333s][info ][safepoint     ] Leaving safepoint region
[2024-09-04T12:48:58.504+0000][2448.333s][info ][safepoint     ] Total time for which application threads were stopped: 0.0008633 seconds, Stopping threads took: 0.0002027 seconds
[2024-09-04T12:48:59.505+0000][2449.333s][debug][safepoint     ] Safepoint synchronization initiated. (272 threads)
[2024-09-04T12:48:59.505+0000][2449.333s][info ][safepoint     ] Application time: 1.0003165 seconds
[2024-09-04T12:48:59.505+0000][2449.334s][info ][safepoint     ] Entering safepoint region: Cleanup
[2024-09-04T12:48:59.506+0000][2449.334s][info ][safepoint     ] Leaving safepoint region
[2024-09-04T12:48:59.506+0000][2449.334s][info ][safepoint     ] Total time for which application threads were stopped: 0.0009679 seconds, Stopping threads took: 0.0002097 seconds
[2024-09-04T12:49:00.506+0000][2450.335s][debug][safepoint     ] Safepoint synchronization initiated. (272 threads)
[2024-09-04T12:49:00.506+0000][2450.335s][info ][safepoint     ] Application time: 1.0002976 seconds
[2024-09-04T12:49:00.506+0000][2450.335s][info ][safepoint     ] Entering safepoint region: Cleanup
[2024-09-04T12:49:00.507+0000][2450.336s][info ][safepoint     ] Leaving safepoint region
[2024-09-04T12:49:00.507+0000][2450.336s][info ][safepoint     ] Total time for which application threads were stopped: 0.0011075 seconds, Stopping threads took: 0.0002313 seconds
[2024-09-04T12:49:01.507+0000][2451.336s][debug][safepoint     ] Safepoint synchronization initiated. (272 threads)
[2024-09-04T12:49:01.508+0000][2451.336s][info ][safepoint     ] Application time: 1.0003603 seconds
[2024-09-04T12:49:01.508+0000][2451.337s][info ][safepoint     ] Entering safepoint region: Cleanup
[2024-09-04T12:49:01.509+0000][2451.337s][info ][safepoint     ] Leaving safepoint region
[2024-09-04T12:49:01.509+0000][2451.337s][info ][safepoint     ] Total time for which application threads were stopped: 0.0010316 seconds, Stopping threads took: 0.0002949 seconds
[2024-09-04T12:49:02.509+0000][2452.338s][debug][safepoint     ] Safepoint synchronization initiated. (272 threads)
[2024-09-04T12:49:02.509+0000][2452.338s][info ][safepoint     ] Application time: 1.0002929 seconds
[2024-09-04T12:49:02.509+0000][2452.338s][info ][safepoint     ] Entering safepoint region: Cleanup
[2024-09-04T12:49:02.510+0000][2452.339s][info ][safepoint     ] Leaving safepoint region
[2024-09-04T12:49:02.510+0000][2452.339s][info ][safepoint     ] Total time for which application threads were stopped: 0.0008930 seconds, Stopping threads took: 0.0002899 seconds
[2024-09-04T12:49:03.510+0000][2453.339s][debug][safepoint     ] Safepoint synchronization initiated. (272 threads)
[2024-09-04T12:49:03.510+0000][2453.339s][info ][safepoint     ] Application time: 1.0003645 seconds
[2024-09-04T12:49:03.510+0000][2453.339s][debug][safepoint     ] ... found polling page loop exception at pc = 0x00007ff4a03fa87a, stub =0x00007ff498826680
[2024-09-04T12:49:03.511+0000][2453.339s][debug][safepoint     ] Waiting for 1 thread(s) to block
[2024-09-04T12:49:03.511+0000][2453.339s][info ][safepoint     ] Entering safepoint region: Cleanup
[2024-09-04T12:49:03.511+0000][2453.340s][info ][safepoint     ] Leaving safepoint region
[2024-09-04T12:49:03.511+0000][2453.340s][info ][safepoint     ] Total time for which application threads were stopped: 0.0009668 seconds, Stopping threads took: 0.0003789 seconds
[2024-09-04T12:49:04.512+0000][2454.340s][debug][safepoint     ] Safepoint synchronization initiated. (272 threads)
[2024-09-04T12:49:04.512+0000][2454.340s][info ][safepoint     ] Application time: 1.0002880 seconds
[2024-09-04T12:49:04.512+0000][2454.341s][info ][safepoint     ] Entering safepoint region: Cleanup
[2024-09-04T12:49:04.512+0000][2454.341s][info ][safepoint     ] Leaving safepoint region
[2024-09-04T12:49:04.512+0000][2454.341s][info ][safepoint     ] Total time for which application threads were stopped: 0.0007852 seconds, Stopping threads took: 0.0002870 seconds
[2024-09-04T12:49:05.513+0000][2455.341s][debug][safepoint     ] Safepoint synchronization initiated. (272 threads)
[2024-09-04T12:49:05.513+0000][2455.342s][info ][safepoint     ] Application time: 1.0003869 seconds
[2024-09-04T12:49:05.513+0000][2455.342s][info ][safepoint     ] Entering safepoint region: Cleanup
[2024-09-04T12:49:05.514+0000][2455.342s][info ][safepoint     ] Leaving safepoint region
[2024-09-04T12:49:05.514+0000][2455.342s][info ][safepoint     ] Total time for which application threads were stopped: 0.0007223 seconds, Stopping threads took: 0.0002012 seconds
[2024-09-04T12:49:06.514+0000][2456.342s][debug][safepoint     ] Safepoint synchronization initiated. (272 threads)
[2024-09-04T12:49:06.514+0000][2456.343s][info ][safepoint     ] Application time: 1.0002275 seconds
[2024-09-04T12:49:06.514+0000][2456.343s][info ][safepoint     ] Entering safepoint region: Cleanup
[2024-09-04T12:49:06.514+0000][2456.343s][info ][safepoint     ] Leaving safepoint region
[2024-09-04T12:49:06.514+0000][2456.343s][info ][safepoint     ] Total time for which application threads were stopped: 0.0005114 seconds, Stopping threads took: 0.0001640 seconds
[2024-09-04T12:49:07.515+0000][2457.343s][debug][safepoint     ] Safepoint synchronization initiated. (272 threads)
[2024-09-04T12:49:07.515+0000][2457.344s][info ][safepoint     ] Application time: 1.0003742 seconds
[2024-09-04T12:49:07.515+0000][2457.344s][debug][safepoint     ] ... found polling page return exception at pc = 0x00007ff4a13392d5, stub =0x00007ff498824b00
[2024-09-04T12:49:07.515+0000][2457.344s][debug][safepoint     ] Waiting for 1 thread(s) to block
[2024-09-04T12:49:07.515+0000][2457.344s][info ][safepoint     ] Entering safepoint region: Cleanup
[2024-09-04T12:49:07.516+0000][2457.345s][info ][safepoint     ] Leaving safepoint region
[2024-09-04T12:49:07.516+0000][2457.345s][info ][safepoint     ] Total time for which application threads were stopped: 0.0010547 seconds, Stopping threads took: 0.0003041 seconds
[2024-09-04T12:49:08.516+0000][2458.345s][debug][safepoint     ] Safepoint synchronization initiated. (272 threads)
[2024-09-04T12:49:08.516+0000][2458.345s][info ][safepoint     ] Application time: 1.0002138 seconds
[2024-09-04T12:49:08.516+0000][2458.345s][info ][safepoint     ] Entering safepoint region: Cleanup
[2024-09-04T12:49:08.517+0000][2458.345s][info ][safepoint     ] Leaving safepoint region
[2024-09-04T12:49:08.517+0000][2458.346s][info ][safepoint     ] Total time for which application threads were stopped: 0.0006826 seconds, Stopping threads took: 0.0001618 seconds
[2024-09-04T12:49:09.517+0000][2459.346s][debug][safepoint     ] Safepoint synchronization initiated. (272 threads)
[2024-09-04T12:49:09.517+0000][2459.346s][info ][safepoint     ] Application time: 1.0002121 seconds
[2024-09-04T12:49:09.517+0000][2459.346s][info ][safepoint     ] Entering safepoint region: Cleanup
[2024-09-04T12:49:09.518+0000][2459.346s][info ][safepoint     ] Leaving safepoint region
[2024-09-04T12:49:09.518+0000][2459.347s][info ][safepoint     ] Total time for which application threads were stopped: 0.0007617 seconds, Stopping threads took: 0.0001749 seconds
[2024-09-04T12:49:10.518+0000][2460.347s][debug][safepoint     ] Safepoint synchronization initiated. (272 threads)
[2024-09-04T12:49:10.518+0000][2460.347s][info ][safepoint     ] Application time: 1.0001767 seconds
[2024-09-04T12:49:10.518+0000][2460.347s][info ][safepoint     ] Entering safepoint region: Cleanup
[2024-09-04T12:49:10.519+0000][2460.347s][info ][safepoint     ] Leaving safepoint region
[2024-09-04T12:49:10.519+0000][2460.347s][info ][safepoint     ] Total time for which application threads were stopped: 0.0005939 seconds, Stopping threads took: 0.0001609 seconds
[2024-09-04T12:49:11.519+0000][2461.348s][debug][safepoint     ] Safepoint synchronization initiated. (272 threads)
[2024-09-04T12:49:11.519+0000][2461.348s][info ][safepoint     ] Application time: 1.0002998 seconds
[2024-09-04T12:49:11.519+0000][2461.348s][info ][safepoint     ] Entering safepoint region: Cleanup
[2024-09-04T12:49:11.520+0000][2461.348s][info ][safepoint     ] Leaving safepoint region
[2024-09-04T12:49:11.520+0000][2461.349s][info ][safepoint     ] Total time for which application threads were stopped: 0.0008879 seconds, Stopping threads took: 0.0002176 seconds
[2024-09-04T12:49:12.520+0000][2462.349s][debug][safepoint     ] Safepoint synchronization initiated. (272 threads)
[2024-09-04T12:49:12.520+0000][2462.349s][info ][safepoint     ] Application time: 1.0002805 seconds
[2024-09-04T12:49:12.520+0000][2462.349s][info ][safepoint     ] Entering safepoint region: Cleanup
[2024-09-04T12:49:12.521+0000][2462.350s][info ][safepoint     ] Leaving safepoint region
[2024-09-04T12:49:12.521+0000][2462.350s][info ][safepoint     ] Total time for which application threads were stopped: 0.0008473 seconds, Stopping threads took: 0.0001972 seconds
[2024-09-04T12:49:13.521+0000][2463.350s][debug][safepoint     ] Safepoint synchronization initiated. (272 threads)
[2024-09-04T12:49:13.521+0000][2463.350s][info ][safepoint     ] Application time: 1.0001276 seconds
[2024-09-04T12:49:13.521+0000][2463.350s][debug][safepoint     ] ... found polling page return exception at pc = 0x00007ff4a06a570a, stub =0x00007ff498824b00
[2024-09-04T12:49:13.521+0000][2463.350s][debug][safepoint     ] ... found polling page return exception at pc = 0x00007ff4a0811d36, stub =0x00007ff498824b00
[2024-09-04T12:49:13.521+0000][2463.350s][debug][safepoint     ] Waiting for 2 thread(s) to block
[2024-09-04T12:49:13.522+0000][2463.350s][info ][safepoint     ] Entering safepoint region: Cleanup
[2024-09-04T12:49:13.522+0000][2463.351s][info ][safepoint     ] Leaving safepoint region
[2024-09-04T12:49:13.522+0000][2463.351s][info ][safepoint     ] Total time for which application threads were stopped: 0.0009354 seconds, Stopping threads took: 0.0005386 seconds
[2024-09-04T12:49:14.522+0000][2464.351s][debug][safepoint     ] Safepoint synchronization initiated. (272 threads)
[2024-09-04T12:49:14.522+0000][2464.351s][info ][safepoint     ] Application time: 1.0002652 seconds
[2024-09-04T12:49:14.523+0000][2464.351s][info ][safepoint     ] Entering safepoint region: Cleanup
[2024-09-04T12:49:14.523+0000][2464.352s][info ][safepoint     ] Leaving safepoint region
[2024-09-04T12:49:14.523+0000][2464.352s][info ][safepoint     ] Total time for which application threads were stopped: 0.0010221 seconds, Stopping threads took: 0.0002182 seconds
[2024-09-04T12:49:15.524+0000][2465.352s][debug][safepoint     ] Safepoint synchronization initiated. (272 threads)
[2024-09-04T12:49:15.524+0000][2465.352s][info ][safepoint     ] Application time: 1.0002068 seconds
[2024-09-04T12:49:15.524+0000][2465.353s][info ][safepoint     ] Entering safepoint region: Cleanup
[2024-09-04T12:49:15.524+0000][2465.353s][info ][safepoint     ] Leaving safepoint region
[2024-09-04T12:49:15.524+0000][2465.353s][info ][safepoint     ] Total time for which application threads were stopped: 0.0007553 seconds, Stopping threads took: 0.0001885 seconds
[2024-09-04T12:49:16.525+0000][2466.353s][debug][safepoint     ] Safepoint synchronization initiated. (272 threads)
[2024-09-04T12:49:16.525+0000][2466.354s][info ][safepoint     ] Application time: 1.0003067 seconds
[2024-09-04T12:49:16.525+0000][2466.354s][info ][safepoint     ] Entering safepoint region: Cleanup
[2024-09-04T12:49:16.526+0000][2466.354s][info ][safepoint     ] Leaving safepoint region
[2024-09-04T12:49:16.526+0000][2466.355s][info ][safepoint     ] Total time for which application threads were stopped: 0.0009691 seconds, Stopping threads took: 0.0002438 seconds
[2024-09-04T12:49:17.526+0000][2467.355s][debug][safepoint     ] Safepoint synchronization initiated. (272 threads)
[2024-09-04T12:49:17.526+0000][2467.355s][info ][safepoint     ] Application time: 1.0002569 seconds
[2024-09-04T12:49:17.526+0000][2467.355s][info ][safepoint     ] Entering safepoint region: Cleanup
[2024-09-04T12:49:17.527+0000][2467.356s][info ][safepoint     ] Leaving safepoint region
[2024-09-04T12:49:17.527+0000][2467.356s][info ][safepoint     ] Total time for which application threads were stopped: 0.0009731 seconds, Stopping threads took: 0.0002103 seconds
[2024-09-04T12:49:18.527+0000][2468.356s][debug][safepoint     ] Safepoint synchronization initiated. (272 threads)
[2024-09-04T12:49:18.527+0000][2468.356s][info ][safepoint     ] Application time: 1.0003470 seconds
[2024-09-04T12:49:18.528+0000][2468.356s][info ][safepoint     ] Entering safepoint region: Cleanup
[2024-09-04T12:49:18.528+0000][2468.357s][info ][safepoint     ] Leaving safepoint region
[2024-09-04T12:49:18.528+0000][2468.357s][info ][safepoint     ] Total time for which application threads were stopped: 0.0008396 seconds, Stopping threads took: 0.0002040 seconds
[2024-09-04T12:49:19.529+0000][2469.357s][debug][safepoint     ] Safepoint synchronization initiated. (272 threads)
[2024-09-04T12:49:19.529+0000][2469.357s][info ][safepoint     ] Application time: 1.0003482 seconds
[2024-09-04T12:49:19.529+0000][2469.358s][info ][safepoint     ] Entering safepoint region: Cleanup
[2024-09-04T12:49:19.530+0000][2469.358s][info ][safepoint     ] Leaving safepoint region
[2024-09-04T12:49:19.530+0000][2469.358s][info ][safepoint     ] Total time for which application threads were stopped: 0.0010715 seconds, Stopping threads took: 0.0003112 seconds
[2024-09-04T12:49:20.530+0000][2470.359s][debug][safepoint     ] Safepoint synchronization initiated. (272 threads)
[2024-09-04T12:49:20.530+0000][2470.359s][info ][safepoint     ] Application time: 1.0002184 seconds
[2024-09-04T12:49:20.530+0000][2470.359s][info ][safepoint     ] Entering safepoint region: Cleanup
[2024-09-04T12:49:20.531+0000][2470.360s][info ][safepoint     ] Leaving safepoint region
[2024-09-04T12:49:20.531+0000][2470.360s][info ][safepoint     ] Total time for which application threads were stopped: 0.0008220 seconds, Stopping threads took: 0.0002085 seconds
[2024-09-04T12:49:21.341+0000][2471.169s][debug][safepoint     ] Safepoint synchronization initiated. (272 threads)
[2024-09-04T12:49:21.341+0000][2471.170s][info ][safepoint     ] Application time: 0.8099151 seconds
[2024-09-04T12:49:21.341+0000][2471.170s][info ][safepoint     ] Entering safepoint region: G1CollectForAllocation
[2024-09-04T12:49:21.341+0000][2471.170s][info ][gc,start      ] GC(157) Pause Young (Normal) (G1 Evacuation Pause)
[2024-09-04T12:49:21.341+0000][2471.170s][info ][gc,task       ] GC(157) Using 4 workers of 4 for evacuation
[2024-09-04T12:49:21.349+0000][2471.178s][info ][gc,phases     ] GC(157)   Pre Evacuate Collection Set: 0.1ms
[2024-09-04T12:49:21.349+0000][2471.178s][info ][gc,phases     ] GC(157)   Evacuate Collection Set: 2.5ms
[2024-09-04T12:49:21.349+0000][2471.178s][info ][gc,phases     ] GC(157)   Post Evacuate Collection Set: 4.8ms
[2024-09-04T12:49:21.350+0000][2471.178s][info ][gc,phases     ] GC(157)   Other: 0.6ms
[2024-09-04T12:49:21.350+0000][2471.178s][info ][gc,heap       ] GC(157) Eden regions: 185->0(185)
[2024-09-04T12:49:21.350+0000][2471.178s][info ][gc,heap       ] GC(157) Survivor regions: 1->1(24)
[2024-09-04T12:49:21.350+0000][2471.178s][info ][gc,heap       ] GC(157) Old regions: 182->182
[2024-09-04T12:49:21.350+0000][2471.178s][info ][gc,heap       ] GC(157) Humongous regions: 0->0
[2024-09-04T12:49:21.350+0000][2471.178s][info ][gc,metaspace  ] GC(157) Metaspace: 185994K(192240K)->185994K(192240K) NonClass: 164847K(168660K)->164847K(168660K) Class: 21146K(23580K)->21146K(23580K)
[2024-09-04T12:49:21.350+0000][2471.178s][info ][gc            ] GC(157) Pause Young (Normal) (G1 Evacuation Pause) 366M->181M(412M) 8.231ms
[2024-09-04T12:49:21.350+0000][2471.179s][info ][gc,cpu        ] GC(157) User=0.03s Sys=0.00s Real=0.02s
[2024-09-04T12:49:21.350+0000][2471.179s][info ][safepoint     ] Leaving safepoint region
[2024-09-04T12:49:21.350+0000][2471.179s][info ][safepoint     ] Total time for which application threads were stopped: 0.0091205 seconds, Stopping threads took: 0.0001895 seconds
[2024-09-04T12:49:21.350+0000][2471.179s][info ][gc,stringdedup] Concurrent String Deduplication (2471.179s)
[2024-09-04T12:49:21.350+0000][2471.179s][info ][gc,stringdedup] Concurrent String Deduplication 6920.0B->0.0B(6920.0B) avg 55.8% (2471.179s, 2471.179s) 0.094ms
[2024-09-04T12:49:22.350+0000][2472.179s][debug][safepoint     ] Safepoint synchronization initiated. (272 threads)
[2024-09-04T12:49:22.350+0000][2472.179s][info ][safepoint     ] Application time: 1.0002042 seconds
[2024-09-04T12:49:22.350+0000][2472.179s][info ][safepoint     ] Entering safepoint region: Cleanup
[2024-09-04T12:49:22.351+0000][2472.179s][info ][safepoint     ] Leaving safepoint region
[2024-09-04T12:49:22.351+0000][2472.179s][info ][safepoint     ] Total time for which application threads were stopped: 0.0005837 seconds, Stopping threads took: 0.0001678 seconds
[2024-09-04T12:49:23.351+0000][2473.180s][debug][safepoint     ] Safepoint synchronization initiated. (272 threads)
[2024-09-04T12:49:23.351+0000][2473.180s][info ][safepoint     ] Application time: 1.0002600 seconds
[2024-09-04T12:49:23.351+0000][2473.180s][info ][safepoint     ] Entering safepoint region: Cleanup
[2024-09-04T12:49:23.352+0000][2473.181s][info ][safepoint     ] Leaving safepoint region
[2024-09-04T12:49:23.352+0000][2473.181s][info ][safepoint     ] Total time for which application threads were stopped: 0.0008373 seconds, Stopping threads took: 0.0002670 seconds
[2024-09-04T12:49:24.352+0000][2474.181s][debug][safepoint     ] Safepoint synchronization initiated. (272 threads)
[2024-09-04T12:49:24.352+0000][2474.181s][info ][safepoint     ] Application time: 1.0002634 seconds
[2024-09-04T12:49:24.352+0000][2474.181s][info ][safepoint     ] Entering safepoint region: Cleanup
[2024-09-04T12:49:24.353+0000][2474.182s][info ][safepoint     ] Leaving safepoint region
[2024-09-04T12:49:24.353+0000][2474.182s][info ][safepoint     ] Total time for which application threads were stopped: 0.0011314 seconds, Stopping threads took: 0.0002575 seconds
[2024-09-04T12:49:25.354+0000][2475.182s][debug][safepoint     ] Safepoint synchronization initiated. (272 threads)
[2024-09-04T12:49:25.354+0000][2475.182s][info ][safepoint     ] Application time: 1.0002970 seconds
[2024-09-04T12:49:25.354+0000][2475.183s][info ][safepoint     ] Entering safepoint region: Cleanup
[2024-09-04T12:49:25.355+0000][2475.183s][info ][safepoint     ] Leaving safepoint region
[2024-09-04T12:49:25.355+0000][2475.183s][info ][safepoint     ] Total time for which application threads were stopped: 0.0009427 seconds, Stopping threads took: 0.0002115 seconds
[2024-09-04T12:49:26.355+0000][2476.184s][debug][safepoint     ] Safepoint synchronization initiated. (272 threads)
[2024-09-04T12:49:26.355+0000][2476.184s][info ][safepoint     ] Application time: 1.0002376 seconds
[2024-09-04T12:49:26.355+0000][2476.184s][info ][safepoint     ] Entering safepoint region: Cleanup
[2024-09-04T12:49:26.356+0000][2476.184s][info ][safepoint     ] Leaving safepoint region
[2024-09-04T12:49:26.356+0000][2476.184s][info ][safepoint     ] Total time for which application threads were stopped: 0.0008234 seconds, Stopping threads took: 0.0002218 seconds
[2024-09-04T12:49:27.356+0000][2477.185s][debug][safepoint     ] Safepoint synchronization initiated. (272 threads)
[2024-09-04T12:49:27.356+0000][2477.185s][info ][safepoint     ] Application time: 1.0003439 seconds
[2024-09-04T12:49:27.357+0000][2477.186s][info ][safepoint     ] Entering safepoint region: Cleanup
[2024-09-04T12:49:27.357+0000][2477.186s][info ][safepoint     ] Leaving safepoint region
[2024-09-04T12:49:27.357+0000][2477.186s][info ][safepoint     ] Total time for which application threads were stopped: 0.0012349 seconds, Stopping threads took: 0.0007353 seconds
[2024-09-04T12:49:28.358+0000][2478.186s][debug][safepoint     ] Safepoint synchronization initiated. (272 threads)
[2024-09-04T12:49:28.358+0000][2478.186s][info ][safepoint     ] Application time: 1.0002519 seconds
[2024-09-04T12:49:28.358+0000][2478.187s][info ][safepoint     ] Entering safepoint region: Cleanup
[2024-09-04T12:49:28.358+0000][2478.187s][info ][safepoint     ] Leaving safepoint region
[2024-09-04T12:49:28.358+0000][2478.187s][info ][safepoint     ] Total time for which application threads were stopped: 0.0007834 seconds, Stopping threads took: 0.0002361 seconds
[2024-09-04T12:49:29.359+0000][2479.187s][debug][safepoint     ] Safepoint synchronization initiated. (272 threads)
[2024-09-04T12:49:29.359+0000][2479.187s][info ][safepoint     ] Application time: 1.0001652 seconds
[2024-09-04T12:49:29.359+0000][2479.188s][info ][safepoint     ] Entering safepoint region: Cleanup
[2024-09-04T12:49:29.359+0000][2479.188s][info ][safepoint     ] Leaving safepoint region
[2024-09-04T12:49:29.359+0000][2479.188s][info ][safepoint     ] Total time for which application threads were stopped: 0.0007223 seconds, Stopping threads took: 0.0002445 seconds
[2024-09-04T12:49:30.360+0000][2480.188s][debug][safepoint     ] Safepoint synchronization initiated. (272 threads)
[2024-09-04T12:49:30.360+0000][2480.189s][info ][safepoint     ] Application time: 1.0004189 seconds
[2024-09-04T12:49:30.360+0000][2480.189s][info ][safepoint     ] Entering safepoint region: Cleanup
[2024-09-04T12:49:30.361+0000][2480.190s][info ][safepoint     ] Leaving safepoint region
[2024-09-04T12:49:30.361+0000][2480.190s][info ][safepoint     ] Total time for which application threads were stopped: 0.0010050 seconds, Stopping threads took: 0.0002557 seconds
[2024-09-04T12:49:31.361+0000][2481.190s][debug][safepoint     ] Safepoint synchronization initiated. (272 threads)
[2024-09-04T12:49:31.361+0000][2481.190s][info ][safepoint     ] Application time: 1.0002394 seconds
[2024-09-04T12:49:31.361+0000][2481.190s][info ][safepoint     ] Entering safepoint region: Cleanup
[2024-09-04T12:49:31.362+0000][2481.191s][info ][safepoint     ] Leaving safepoint region
[2024-09-04T12:49:31.362+0000][2481.191s][info ][safepoint     ] Total time for which application threads were stopped: 0.0006334 seconds, Stopping threads took: 0.0002219 seconds
[2024-09-04T12:49:32.362+0000][2482.191s][debug][safepoint     ] Safepoint synchronization initiated. (272 threads)
[2024-09-04T12:49:32.362+0000][2482.191s][info ][safepoint     ] Application time: 1.0003057 seconds
[2024-09-04T12:49:32.363+0000][2482.191s][info ][safepoint     ] Entering safepoint region: Cleanup
[2024-09-04T12:49:32.363+0000][2482.192s][info ][safepoint     ] Leaving safepoint region
[2024-09-04T12:49:32.364+0000][2482.192s][info ][safepoint     ] Total time for which application threads were stopped: 0.0013614 seconds, Stopping threads took: 0.0005288 seconds
[2024-09-04T12:49:33.364+0000][2483.193s][debug][safepoint     ] Safepoint synchronization initiated. (272 threads)
[2024-09-04T12:49:33.364+0000][2483.193s][info ][safepoint     ] Application time: 1.0002663 seconds
[2024-09-04T12:49:33.364+0000][2483.193s][info ][safepoint     ] Entering safepoint region: Cleanup
[2024-09-04T12:49:33.364+0000][2483.193s][info ][safepoint     ] Leaving safepoint region
[2024-09-04T12:49:33.364+0000][2483.193s][info ][safepoint     ] Total time for which application threads were stopped: 0.0004848 seconds, Stopping threads took: 0.0001855 seconds
[2024-09-04T12:49:34.364+0000][2484.193s][debug][safepoint     ] Safepoint synchronization initiated. (272 threads)
[2024-09-04T12:49:34.365+0000][2484.193s][info ][safepoint     ] Application time: 1.0002235 seconds
[2024-09-04T12:49:34.365+0000][2484.194s][info ][safepoint     ] Entering safepoint region: Cleanup
[2024-09-04T12:49:34.365+0000][2484.194s][info ][safepoint     ] Leaving safepoint region
[2024-09-04T12:49:34.366+0000][2484.194s][info ][safepoint     ] Total time for which application threads were stopped: 0.0009418 seconds, Stopping threads took: 0.0004072 seconds
[2024-09-04T12:49:35.366+0000][2485.194s][debug][safepoint     ] Safepoint synchronization initiated. (272 threads)
[2024-09-04T12:49:35.366+0000][2485.194s][info ][safepoint     ] Application time: 1.0001629 seconds
[2024-09-04T12:49:35.366+0000][2485.195s][debug][safepoint     ] ... found polling page return exception at pc = 0x00007ff4a094d288, stub =0x00007ff498824b00
[2024-09-04T12:49:35.366+0000][2485.195s][debug][safepoint     ] ... found polling page return exception at pc = 0x00007ff4a094d288, stub =0x00007ff498824b00
[2024-09-04T12:49:35.366+0000][2485.195s][debug][safepoint     ] Waiting for 2 thread(s) to block
[2024-09-04T12:49:35.366+0000][2485.195s][info ][safepoint     ] Entering safepoint region: Cleanup
[2024-09-04T12:49:35.366+0000][2485.195s][info ][safepoint     ] Leaving safepoint region
[2024-09-04T12:49:35.366+0000][2485.195s][info ][safepoint     ] Total time for which application threads were stopped: 0.0006966 seconds, Stopping threads took: 0.0002974 seconds
[2024-09-04T12:49:36.367+0000][2486.195s][debug][safepoint     ] Safepoint synchronization initiated. (272 threads)
[2024-09-04T12:49:36.367+0000][2486.195s][info ][safepoint     ] Application time: 1.0001905 seconds
[2024-09-04T12:49:36.367+0000][2486.196s][debug][safepoint     ] ... found polling page return exception at pc = 0x00007ff4a0a468c4, stub =0x00007ff498824b00
[2024-09-04T12:49:36.368+0000][2486.197s][debug][safepoint     ] Waiting for 1 thread(s) to block
[2024-09-04T12:49:36.369+0000][2486.197s][info ][safepoint     ] Entering safepoint region: Cleanup
[2024-09-04T12:49:36.369+0000][2486.198s][debug][safepoint     ] ... found polling page return exception at pc = 0x00007ff4a131ffd6, stub =0x00007ff498824b00
[2024-09-04T12:49:36.369+0000][2486.198s][info ][safepoint     ] Leaving safepoint region
[2024-09-04T12:49:36.369+0000][2486.198s][info ][safepoint     ] Total time for which application threads were stopped: 0.0028207 seconds, Stopping threads took: 0.0019707 seconds
[2024-09-04T12:49:37.370+0000][2487.198s][debug][safepoint     ] Safepoint synchronization initiated. (272 threads)
[2024-09-04T12:49:37.370+0000][2487.198s][info ][safepoint     ] Application time: 1.0001577 seconds
[2024-09-04T12:49:37.370+0000][2487.199s][debug][safepoint     ] ... found polling page return exception at pc = 0x00007ff4a08d82ee, stub =0x00007ff498824b00
[2024-09-04T12:49:37.371+0000][2487.199s][debug][safepoint     ] Waiting for 1 thread(s) to block
[2024-09-04T12:49:37.371+0000][2487.199s][info ][safepoint     ] Entering safepoint region: Cleanup
