[2024-08-30T08:41:51.779+0000][0.005s][info][gc,heap] Heap region size: 1M
[2024-08-30T08:41:51.786+0000][0.012s][info][gc     ] Using G1
[2024-08-30T08:41:51.786+0000][0.012s][info][gc,heap,coops] Heap address: 0x0000000084800000, size: 1976 MB, Compressed Oops mode: 32-bit
[2024-08-30T08:41:51.787+0000][0.013s][info][gc,cds       ] Mark closed archive regions in map: [0x00000000ffc00000, 0x00000000ffc6bff8]
[2024-08-30T08:41:51.787+0000][0.013s][info][gc,cds       ] Mark open archive regions in map: [0x00000000ff800000, 0x00000000ff847ff8]
[2024-08-30T08:41:51.887+0000][0.113s][debug][safepoint    ] Safepoint synchronization initiated. (9 threads)
[2024-08-30T08:41:51.887+0000][0.113s][info ][safepoint    ] Application time: 0.0466256 seconds
[2024-08-30T08:41:51.887+0000][0.113s][info ][safepoint    ] Entering safepoint region: Deoptimize
[2024-08-30T08:41:51.887+0000][0.113s][info ][safepoint    ] Leaving safepoint region
[2024-08-30T08:41:51.887+0000][0.113s][info ][safepoint    ] Total time for which application threads were stopped: 0.0001932 seconds, Stopping threads took: 0.0000148 seconds
[2024-08-30T08:41:52.358+0000][0.584s][debug][safepoint    ] Safepoint synchronization initiated. (10 threads)
[2024-08-30T08:41:52.358+0000][0.584s][info ][safepoint    ] Application time: 0.4713287 seconds
[2024-08-30T08:41:52.358+0000][0.584s][debug][safepoint    ] Waiting for 2 thread(s) to block
[2024-08-30T08:41:52.358+0000][0.585s][info ][safepoint    ] Entering safepoint region: G1CollectForAllocation
[2024-08-30T08:41:52.359+0000][0.585s][info ][gc,start     ] GC(0) Pause Young (Normal) (G1 Evacuation Pause)
[2024-08-30T08:41:52.359+0000][0.585s][info ][gc,task      ] GC(0) Using 3 workers of 4 for evacuation
[2024-08-30T08:41:52.371+0000][0.597s][info ][gc,phases    ] GC(0)   Pre Evacuate Collection Set: 0.0ms
[2024-08-30T08:41:52.371+0000][0.597s][info ][gc,phases    ] GC(0)   Evacuate Collection Set: 10.2ms
[2024-08-30T08:41:52.371+0000][0.597s][info ][gc,phases    ] GC(0)   Post Evacuate Collection Set: 1.0ms
[2024-08-30T08:41:52.371+0000][0.597s][info ][gc,phases    ] GC(0)   Other: 0.7ms
[2024-08-30T08:41:52.371+0000][0.597s][info ][gc,heap      ] GC(0) Eden regions: 38->0(69)
[2024-08-30T08:41:52.371+0000][0.597s][info ][gc,heap      ] GC(0) Survivor regions: 0->5(5)
[2024-08-30T08:41:52.371+0000][0.597s][info ][gc,heap      ] GC(0) Old regions: 2->5
[2024-08-30T08:41:52.371+0000][0.597s][info ][gc,heap      ] GC(0) Humongous regions: 2->0
[2024-08-30T08:41:52.371+0000][0.597s][info ][gc,metaspace ] GC(0) Metaspace: 1859K(5120K)->1859K(5120K) NonClass: 1705K(4608K)->1705K(4608K) Class: 153K(512K)->153K(512K)
[2024-08-30T08:41:52.371+0000][0.597s][info ][gc           ] GC(0) Pause Young (Normal) (G1 Evacuation Pause) 40M->7M(126M) 12.108ms
[2024-08-30T08:41:52.371+0000][0.597s][info ][gc,cpu       ] GC(0) User=0.02s Sys=0.01s Real=0.02s
[2024-08-30T08:41:52.371+0000][0.597s][info ][safepoint    ] Leaving safepoint region
[2024-08-30T08:41:52.371+0000][0.597s][info ][safepoint    ] Total time for which application threads were stopped: 0.0124351 seconds, Stopping threads took: 0.0000638 seconds
[2024-08-30T08:41:52.371+0000][0.597s][info ][gc,stringdedup] Concurrent String Deduplication (0.597s)
[2024-08-30T08:41:52.378+0000][0.604s][info ][gc,stringdedup] Concurrent String Deduplication 401.7K->372.0K(30344.0B) avg 4.4% (0.597s, 0.604s) 7.428ms
[2024-08-30T08:41:52.650+0000][0.876s][debug][safepoint     ] Safepoint synchronization initiated. (10 threads)
[2024-08-30T08:41:52.650+0000][0.876s][info ][safepoint     ] Application time: 0.2789487 seconds
[2024-08-30T08:41:52.650+0000][0.876s][info ][safepoint     ] Entering safepoint region: G1CollectForAllocation
[2024-08-30T08:41:52.650+0000][0.876s][info ][gc,start      ] GC(1) Pause Young (Normal) (G1 Evacuation Pause)
[2024-08-30T08:41:52.650+0000][0.876s][info ][gc,task       ] GC(1) Using 3 workers of 4 for evacuation
[2024-08-30T08:41:52.661+0000][0.887s][info ][gc,phases     ] GC(1)   Pre Evacuate Collection Set: 0.0ms
[2024-08-30T08:41:52.661+0000][0.887s][info ][gc,phases     ] GC(1)   Evacuate Collection Set: 9.7ms
[2024-08-30T08:41:52.661+0000][0.887s][info ][gc,phases     ] GC(1)   Post Evacuate Collection Set: 0.9ms
[2024-08-30T08:41:52.661+0000][0.887s][info ][gc,phases     ] GC(1)   Other: 0.3ms
[2024-08-30T08:41:52.661+0000][0.887s][info ][gc,heap       ] GC(1) Eden regions: 36->0(56)
[2024-08-30T08:41:52.661+0000][0.887s][info ][gc,heap       ] GC(1) Survivor regions: 5->2(6)
[2024-08-30T08:41:52.661+0000][0.887s][info ][gc,heap       ] GC(1) Old regions: 5->10
[2024-08-30T08:41:52.661+0000][0.887s][info ][gc,heap       ] GC(1) Humongous regions: 0->0
[2024-08-30T08:41:52.661+0000][0.887s][info ][gc,metaspace  ] GC(1) Metaspace: 2994K(5760K)->2994K(5760K) NonClass: 2725K(5120K)->2725K(5120K) Class: 269K(640K)->269K(640K)
[2024-08-30T08:41:52.661+0000][0.887s][info ][gc            ] GC(1) Pause Young (Normal) (G1 Evacuation Pause) 43M->9M(126M) 11.002ms
[2024-08-30T08:41:52.661+0000][0.887s][info ][gc,cpu        ] GC(1) User=0.03s Sys=0.01s Real=0.00s
[2024-08-30T08:41:52.661+0000][0.887s][info ][safepoint     ] Leaving safepoint region
[2024-08-30T08:41:52.661+0000][0.887s][info ][safepoint     ] Total time for which application threads were stopped: 0.0113520 seconds, Stopping threads took: 0.0000165 seconds
[2024-08-30T08:41:52.661+0000][0.887s][info ][gc,stringdedup] Concurrent String Deduplication (0.887s)
[2024-08-30T08:41:52.668+0000][0.894s][info ][gc,stringdedup] Concurrent String Deduplication 1458.9K->1388.8K(71824.0B) avg 4.7% (0.887s, 0.894s) 7.105ms
[2024-08-30T08:41:52.695+0000][0.922s][debug][safepoint     ] Safepoint synchronization initiated. (10 threads)
[2024-08-30T08:41:52.696+0000][0.922s][info ][safepoint     ] Application time: 0.0344135 seconds
[2024-08-30T08:41:52.696+0000][0.922s][info ][safepoint     ] Entering safepoint region: Deoptimize
[2024-08-30T08:41:52.696+0000][0.922s][info ][safepoint     ] Leaving safepoint region
[2024-08-30T08:41:52.696+0000][0.922s][info ][safepoint     ] Total time for which application threads were stopped: 0.0003050 seconds, Stopping threads took: 0.0000202 seconds
[2024-08-30T08:41:52.704+0000][0.930s][debug][safepoint     ] Safepoint synchronization initiated. (10 threads)
[2024-08-30T08:41:52.704+0000][0.930s][info ][safepoint     ] Application time: 0.0076933 seconds
[2024-08-30T08:41:52.704+0000][0.930s][info ][safepoint     ] Entering safepoint region: Deoptimize
[2024-08-30T08:41:52.704+0000][0.930s][info ][safepoint     ] Leaving safepoint region
[2024-08-30T08:41:52.704+0000][0.930s][info ][safepoint     ] Total time for which application threads were stopped: 0.0001496 seconds, Stopping threads took: 0.0000131 seconds
[2024-08-30T08:41:52.800+0000][1.026s][debug][safepoint     ] Safepoint synchronization initiated. (10 threads)
[2024-08-30T08:41:52.800+0000][1.026s][info ][safepoint     ] Application time: 0.0963636 seconds
[2024-08-30T08:41:52.800+0000][1.026s][info ][safepoint     ] Entering safepoint region: Deoptimize
[2024-08-30T08:41:52.800+0000][1.027s][info ][safepoint     ] Leaving safepoint region
[2024-08-30T08:41:52.800+0000][1.027s][info ][safepoint     ] Total time for which application threads were stopped: 0.0003579 seconds, Stopping threads took: 0.0000304 seconds
[2024-08-30T08:41:52.821+0000][1.047s][debug][safepoint     ] Safepoint synchronization initiated. (10 threads)
[2024-08-30T08:41:52.821+0000][1.048s][info ][safepoint     ] Application time: 0.0208799 seconds
[2024-08-30T08:41:52.821+0000][1.048s][info ][safepoint     ] Entering safepoint region: Deoptimize
[2024-08-30T08:41:52.822+0000][1.048s][info ][safepoint     ] Leaving safepoint region
[2024-08-30T08:41:52.822+0000][1.048s][info ][safepoint     ] Total time for which application threads were stopped: 0.0003268 seconds, Stopping threads took: 0.0000776 seconds
[2024-08-30T08:41:53.175+0000][1.402s][debug][safepoint     ] Safepoint synchronization initiated. (11 threads)
[2024-08-30T08:41:53.176+0000][1.402s][info ][safepoint     ] Application time: 0.3538237 seconds
[2024-08-30T08:41:53.176+0000][1.402s][debug][safepoint     ] Waiting for 1 thread(s) to block
[2024-08-30T08:41:53.176+0000][1.402s][info ][safepoint     ] Entering safepoint region: G1CollectForAllocation
[2024-08-30T08:41:53.176+0000][1.402s][info ][gc,start      ] GC(2) Pause Young (Normal) (G1 Evacuation Pause)
[2024-08-30T08:41:53.176+0000][1.402s][info ][gc,task       ] GC(2) Using 3 workers of 4 for evacuation
[2024-08-30T08:41:53.183+0000][1.409s][info ][gc,phases     ] GC(2)   Pre Evacuate Collection Set: 0.0ms
[2024-08-30T08:41:53.183+0000][1.409s][info ][gc,phases     ] GC(2)   Evacuate Collection Set: 5.4ms
[2024-08-30T08:41:53.183+0000][1.409s][info ][gc,phases     ] GC(2)   Post Evacuate Collection Set: 1.6ms
[2024-08-30T08:41:53.183+0000][1.409s][info ][gc,phases     ] GC(2)   Other: 0.2ms
[2024-08-30T08:41:53.183+0000][1.409s][info ][gc,heap       ] GC(2) Eden regions: 56->0(72)
[2024-08-30T08:41:53.183+0000][1.409s][info ][gc,heap       ] GC(2) Survivor regions: 2->2(8)
[2024-08-30T08:41:53.183+0000][1.409s][info ][gc,heap       ] GC(2) Old regions: 10->10
[2024-08-30T08:41:53.183+0000][1.409s][info ][gc,heap       ] GC(2) Humongous regions: 0->0
[2024-08-30T08:41:53.183+0000][1.409s][info ][gc,metaspace  ] GC(2) Metaspace: 5360K(7552K)->5360K(7552K) NonClass: 4776K(6656K)->4776K(6656K) Class: 584K(896K)->584K(896K)
[2024-08-30T08:41:53.183+0000][1.409s][info ][gc            ] GC(2) Pause Young (Normal) (G1 Evacuation Pause) 65M->9M(126M) 7.336ms
[2024-08-30T08:41:53.183+0000][1.409s][info ][gc,cpu        ] GC(2) User=0.02s Sys=0.00s Real=0.01s
[2024-08-30T08:41:53.183+0000][1.409s][info ][safepoint     ] Leaving safepoint region
[2024-08-30T08:41:53.183+0000][1.409s][info ][safepoint     ] Total time for which application threads were stopped: 0.0077399 seconds, Stopping threads took: 0.0000806 seconds
[2024-08-30T08:41:53.695+0000][1.921s][debug][safepoint     ] Safepoint synchronization initiated. (11 threads)
[2024-08-30T08:41:53.695+0000][1.921s][info ][safepoint     ] Application time: 0.5119630 seconds
[2024-08-30T08:41:53.695+0000][1.921s][info ][safepoint     ] Entering safepoint region: G1CollectForAllocation
[2024-08-30T08:41:53.696+0000][1.922s][info ][gc,start      ] GC(3) Pause Young (Normal) (G1 Evacuation Pause)
[2024-08-30T08:41:53.696+0000][1.922s][info ][gc,task       ] GC(3) Using 3 workers of 4 for evacuation
[2024-08-30T08:41:53.704+0000][1.930s][info ][gc,phases     ] GC(3)   Pre Evacuate Collection Set: 0.0ms
[2024-08-30T08:41:53.704+0000][1.930s][info ][gc,phases     ] GC(3)   Evacuate Collection Set: 6.4ms
[2024-08-30T08:41:53.704+0000][1.930s][info ][gc,phases     ] GC(3)   Post Evacuate Collection Set: 1.6ms
[2024-08-30T08:41:53.704+0000][1.930s][info ][gc,phases     ] GC(3)   Other: 0.2ms
[2024-08-30T08:41:53.704+0000][1.930s][info ][gc,heap       ] GC(3) Eden regions: 72->0(70)
[2024-08-30T08:41:53.704+0000][1.930s][info ][gc,heap       ] GC(3) Survivor regions: 2->4(10)
[2024-08-30T08:41:53.704+0000][1.930s][info ][gc,heap       ] GC(3) Old regions: 10->10
[2024-08-30T08:41:53.704+0000][1.930s][info ][gc,heap       ] GC(3) Humongous regions: 0->0
[2024-08-30T08:41:53.704+0000][1.930s][info ][gc,metaspace  ] GC(3) Metaspace: 8869K(10496K)->8869K(10496K) NonClass: 7810K(9216K)->7810K(9216K) Class: 1059K(1280K)->1059K(1280K)
[2024-08-30T08:41:53.704+0000][1.930s][info ][gc            ] GC(3) Pause Young (Normal) (G1 Evacuation Pause) 81M->11M(126M) 8.331ms
[2024-08-30T08:41:53.704+0000][1.930s][info ][gc,cpu        ] GC(3) User=0.03s Sys=0.00s Real=0.01s
[2024-08-30T08:41:53.704+0000][1.930s][info ][safepoint     ] Leaving safepoint region
[2024-08-30T08:41:53.704+0000][1.930s][info ][safepoint     ] Total time for which application threads were stopped: 0.0086489 seconds, Stopping threads took: 0.0000253 seconds
[2024-08-30T08:41:53.704+0000][1.930s][info ][gc,stringdedup] Concurrent String Deduplication (1.930s)
[2024-08-30T08:41:53.706+0000][1.932s][info ][gc,stringdedup] Concurrent String Deduplication 363.7K->274.9K(90880.0B) avg 7.6% (1.930s, 1.932s) 1.646ms
[2024-08-30T08:41:54.033+0000][2.259s][debug][safepoint     ] Safepoint synchronization initiated. (11 threads)
[2024-08-30T08:41:54.033+0000][2.259s][info ][safepoint     ] Application time: 0.3291611 seconds
[2024-08-30T08:41:54.033+0000][2.259s][info ][safepoint     ] Entering safepoint region: G1CollectForAllocation
[2024-08-30T08:41:54.033+0000][2.260s][info ][gc,start      ] GC(4) Pause Young (Normal) (G1 Evacuation Pause)
[2024-08-30T08:41:54.034+0000][2.260s][info ][gc,task       ] GC(4) Using 3 workers of 4 for evacuation
[2024-08-30T08:41:54.043+0000][2.269s][info ][gc,phases     ] GC(4)   Pre Evacuate Collection Set: 0.0ms
[2024-08-30T08:41:54.043+0000][2.269s][info ][gc,phases     ] GC(4)   Evacuate Collection Set: 5.5ms
[2024-08-30T08:41:54.043+0000][2.269s][info ][gc,phases     ] GC(4)   Post Evacuate Collection Set: 3.6ms
[2024-08-30T08:41:54.043+0000][2.269s][info ][gc,phases     ] GC(4)   Other: 0.2ms
[2024-08-30T08:41:54.043+0000][2.269s][info ][gc,heap       ] GC(4) Eden regions: 70->0(86)
[2024-08-30T08:41:54.043+0000][2.269s][info ][gc,heap       ] GC(4) Survivor regions: 4->4(10)
[2024-08-30T08:41:54.043+0000][2.269s][info ][gc,heap       ] GC(4) Old regions: 10->10
[2024-08-30T08:41:54.043+0000][2.269s][info ][gc,heap       ] GC(4) Humongous regions: 0->0
[2024-08-30T08:41:54.043+0000][2.269s][info ][gc,metaspace  ] GC(4) Metaspace: 10783K(12032K)->10783K(12032K) NonClass: 9447K(10496K)->9447K(10496K) Class: 1335K(1536K)->1335K(1536K)
[2024-08-30T08:41:54.043+0000][2.269s][info ][gc            ] GC(4) Pause Young (Normal) (G1 Evacuation Pause) 81M->11M(158M) 9.521ms
[2024-08-30T08:41:54.043+0000][2.269s][info ][gc,cpu        ] GC(4) User=0.02s Sys=0.01s Real=0.01s
[2024-08-30T08:41:54.043+0000][2.269s][info ][safepoint     ] Leaving safepoint region
[2024-08-30T08:41:54.043+0000][2.269s][info ][safepoint     ] Total time for which application threads were stopped: 0.0099021 seconds, Stopping threads took: 0.0000298 seconds
[2024-08-30T08:41:54.043+0000][2.269s][info ][gc,stringdedup] Concurrent String Deduplication (2.269s)
[2024-08-30T08:41:54.045+0000][2.271s][info ][gc,stringdedup] Concurrent String Deduplication 62080.0B->25152.0B(36928.0B) avg 8.8% (2.269s, 2.271s) 1.335ms
[2024-08-30T08:41:54.225+0000][2.451s][debug][safepoint     ] Safepoint synchronization initiated. (11 threads)
[2024-08-30T08:41:54.225+0000][2.451s][info ][safepoint     ] Application time: 0.1819288 seconds
[2024-08-30T08:41:54.225+0000][2.451s][info ][safepoint     ] Entering safepoint region: Deoptimize
[2024-08-30T08:41:54.225+0000][2.452s][info ][safepoint     ] Leaving safepoint region
[2024-08-30T08:41:54.226+0000][2.452s][info ][safepoint     ] Total time for which application threads were stopped: 0.0004780 seconds, Stopping threads took: 0.0000167 seconds
[2024-08-30T08:41:54.409+0000][2.635s][debug][safepoint     ] Safepoint synchronization initiated. (11 threads)
[2024-08-30T08:41:54.409+0000][2.635s][info ][safepoint     ] Application time: 0.1830544 seconds
[2024-08-30T08:41:54.409+0000][2.635s][info ][safepoint     ] Entering safepoint region: ICBufferFull
[2024-08-30T08:41:54.409+0000][2.635s][info ][safepoint     ] Leaving safepoint region
[2024-08-30T08:41:54.409+0000][2.635s][info ][safepoint     ] Total time for which application threads were stopped: 0.0002132 seconds, Stopping threads took: 0.0000239 seconds
[2024-08-30T08:41:54.545+0000][2.771s][debug][safepoint     ] Safepoint synchronization initiated. (12 threads)
[2024-08-30T08:41:54.545+0000][2.771s][info ][safepoint     ] Application time: 0.1360826 seconds
[2024-08-30T08:41:54.545+0000][2.771s][debug][safepoint     ] Waiting for 2 thread(s) to block
[2024-08-30T08:41:54.545+0000][2.771s][info ][safepoint     ] Entering safepoint region: G1CollectForAllocation
[2024-08-30T08:41:54.545+0000][2.771s][info ][gc,start      ] GC(5) Pause Young (Normal) (G1 Evacuation Pause)
[2024-08-30T08:41:54.546+0000][2.772s][info ][gc,task       ] GC(5) Using 4 workers of 4 for evacuation
[2024-08-30T08:41:54.555+0000][2.781s][info ][gc,phases     ] GC(5)   Pre Evacuate Collection Set: 0.0ms
[2024-08-30T08:41:54.555+0000][2.782s][info ][gc,phases     ] GC(5)   Evacuate Collection Set: 8.3ms
[2024-08-30T08:41:54.555+0000][2.782s][info ][gc,phases     ] GC(5)   Post Evacuate Collection Set: 1.4ms
[2024-08-30T08:41:54.555+0000][2.782s][info ][gc,phases     ] GC(5)   Other: 0.5ms
[2024-08-30T08:41:54.555+0000][2.782s][info ][gc,heap       ] GC(5) Eden regions: 86->0(88)
[2024-08-30T08:41:54.555+0000][2.782s][info ][gc,heap       ] GC(5) Survivor regions: 4->6(12)
[2024-08-30T08:41:54.555+0000][2.782s][info ][gc,heap       ] GC(5) Old regions: 10->10
[2024-08-30T08:41:54.556+0000][2.782s][info ][gc,heap       ] GC(5) Humongous regions: 0->0
[2024-08-30T08:41:54.556+0000][2.782s][info ][gc,metaspace  ] GC(5) Metaspace: 13900K(14720K)->13900K(14720K) NonClass: 12177K(12800K)->12177K(12800K) Class: 1723K(1920K)->1723K(1920K)
[2024-08-30T08:41:54.556+0000][2.782s][info ][gc            ] GC(5) Pause Young (Normal) (G1 Evacuation Pause) 97M->14M(158M) 10.322ms
[2024-08-30T08:41:54.556+0000][2.782s][info ][gc,cpu        ] GC(5) User=0.02s Sys=0.00s Real=0.01s
[2024-08-30T08:41:54.556+0000][2.782s][info ][safepoint     ] Leaving safepoint region
[2024-08-30T08:41:54.556+0000][2.782s][info ][safepoint     ] Total time for which application threads were stopped: 0.0106966 seconds, Stopping threads took: 0.0001083 seconds
[2024-08-30T08:41:54.556+0000][2.782s][info ][gc,stringdedup] Concurrent String Deduplication (2.782s)
[2024-08-30T08:41:54.557+0000][2.783s][info ][gc,stringdedup] Concurrent String Deduplication 147.4K->39080.0B(109.2K) avg 12.3% (2.782s, 2.783s) 1.162ms
[2024-08-30T08:41:54.778+0000][3.004s][debug][safepoint     ] Safepoint synchronization initiated. (13 threads)
[2024-08-30T08:41:54.778+0000][3.005s][info ][safepoint     ] Application time: 0.2227829 seconds
[2024-08-30T08:41:54.778+0000][3.005s][debug][safepoint     ] Waiting for 1 thread(s) to block
[2024-08-30T08:41:54.778+0000][3.005s][info ][safepoint     ] Entering safepoint region: G1CollectForAllocation
[2024-08-30T08:41:54.779+0000][3.005s][info ][gc,start      ] GC(6) Pause Young (Normal) (G1 Evacuation Pause)
[2024-08-30T08:41:54.779+0000][3.005s][info ][gc,task       ] GC(6) Using 4 workers of 4 for evacuation
[2024-08-30T08:41:54.786+0000][3.012s][info ][gc,phases     ] GC(6)   Pre Evacuate Collection Set: 0.0ms
[2024-08-30T08:41:54.786+0000][3.012s][info ][gc,phases     ] GC(6)   Evacuate Collection Set: 5.7ms
[2024-08-30T08:41:54.786+0000][3.012s][info ][gc,phases     ] GC(6)   Post Evacuate Collection Set: 1.1ms
[2024-08-30T08:41:54.786+0000][3.012s][info ][gc,phases     ] GC(6)   Other: 0.2ms
[2024-08-30T08:41:54.786+0000][3.012s][info ][gc,heap       ] GC(6) Eden regions: 88->0(87)
[2024-08-30T08:41:54.786+0000][3.012s][info ][gc,heap       ] GC(6) Survivor regions: 6->7(12)
[2024-08-30T08:41:54.786+0000][3.012s][info ][gc,heap       ] GC(6) Old regions: 10->10
[2024-08-30T08:41:54.786+0000][3.012s][info ][gc,heap       ] GC(6) Humongous regions: 0->0
[2024-08-30T08:41:54.786+0000][3.012s][info ][gc,metaspace  ] GC(6) Metaspace: 16094K(17024K)->16094K(17024K) NonClass: 14027K(14592K)->14027K(14592K) Class: 2066K(2432K)->2066K(2432K)
[2024-08-30T08:41:54.786+0000][3.012s][info ][gc            ] GC(6) Pause Young (Normal) (G1 Evacuation Pause) 102M->14M(158M) 7.127ms
[2024-08-30T08:41:54.786+0000][3.012s][info ][gc,cpu        ] GC(6) User=0.03s Sys=0.00s Real=0.01s
[2024-08-30T08:41:54.786+0000][3.012s][info ][safepoint     ] Leaving safepoint region
[2024-08-30T08:41:54.786+0000][3.012s][info ][safepoint     ] Total time for which application threads were stopped: 0.0074490 seconds, Stopping threads took: 0.0000630 seconds
[2024-08-30T08:41:54.786+0000][3.012s][info ][gc,stringdedup] Concurrent String Deduplication (3.012s)
[2024-08-30T08:41:54.786+0000][3.012s][info ][gc,stringdedup] Concurrent String Deduplication 50536.0B->20184.0B(30352.0B) avg 13.2% (3.012s, 3.012s) 0.395ms
[2024-08-30T08:41:54.890+0000][3.116s][debug][safepoint     ] Safepoint synchronization initiated. (13 threads)
[2024-08-30T08:41:54.890+0000][3.116s][info ][safepoint     ] Application time: 0.1037859 seconds
[2024-08-30T08:41:54.890+0000][3.116s][info ][safepoint     ] Entering safepoint region: Deoptimize
[2024-08-30T08:41:54.890+0000][3.116s][info ][safepoint     ] Leaving safepoint region
[2024-08-30T08:41:54.890+0000][3.116s][info ][safepoint     ] Total time for which application threads were stopped: 0.0004710 seconds, Stopping threads took: 0.0000221 seconds
[2024-08-30T08:41:54.909+0000][3.135s][debug][safepoint     ] Safepoint synchronization initiated. (13 threads)
[2024-08-30T08:41:54.909+0000][3.135s][info ][safepoint     ] Application time: 0.0186505 seconds
[2024-08-30T08:41:54.909+0000][3.135s][debug][safepoint     ] Waiting for 1 thread(s) to block
[2024-08-30T08:41:54.909+0000][3.135s][info ][safepoint     ] Entering safepoint region: Deoptimize
[2024-08-30T08:41:54.909+0000][3.135s][info ][safepoint     ] Leaving safepoint region
[2024-08-30T08:41:54.909+0000][3.135s][info ][safepoint     ] Total time for which application threads were stopped: 0.0003299 seconds, Stopping threads took: 0.0000526 seconds
[2024-08-30T08:41:55.082+0000][3.309s][debug][safepoint     ] Safepoint synchronization initiated. (13 threads)
[2024-08-30T08:41:55.083+0000][3.309s][info ][safepoint     ] Application time: 0.1733579 seconds
[2024-08-30T08:41:55.083+0000][3.309s][info ][safepoint     ] Entering safepoint region: G1CollectForAllocation
[2024-08-30T08:41:55.083+0000][3.309s][info ][gc,start      ] GC(7) Pause Young (Normal) (G1 Evacuation Pause)
[2024-08-30T08:41:55.083+0000][3.309s][info ][gc,task       ] GC(7) Using 4 workers of 4 for evacuation
[2024-08-30T08:41:55.090+0000][3.316s][info ][gc,phases     ] GC(7)   Pre Evacuate Collection Set: 0.0ms
[2024-08-30T08:41:55.090+0000][3.317s][info ][gc,phases     ] GC(7)   Evacuate Collection Set: 6.3ms
[2024-08-30T08:41:55.090+0000][3.317s][info ][gc,phases     ] GC(7)   Post Evacuate Collection Set: 1.2ms
[2024-08-30T08:41:55.090+0000][3.317s][info ][gc,phases     ] GC(7)   Other: 0.1ms
[2024-08-30T08:41:55.090+0000][3.317s][info ][gc,heap       ] GC(7) Eden regions: 87->0(87)
[2024-08-30T08:41:55.090+0000][3.317s][info ][gc,heap       ] GC(7) Survivor regions: 7->7(12)
[2024-08-30T08:41:55.090+0000][3.317s][info ][gc,heap       ] GC(7) Old regions: 10->11
[2024-08-30T08:41:55.090+0000][3.317s][info ][gc,heap       ] GC(7) Humongous regions: 0->0
[2024-08-30T08:41:55.090+0000][3.317s][info ][gc,metaspace  ] GC(7) Metaspace: 17846K(18816K)->17846K(18816K) NonClass: 15519K(16128K)->15519K(16128K) Class: 2327K(2688K)->2327K(2688K)
[2024-08-30T08:41:55.091+0000][3.317s][info ][gc            ] GC(7) Pause Young (Normal) (G1 Evacuation Pause) 101M->15M(158M) 7.801ms
[2024-08-30T08:41:55.091+0000][3.317s][info ][gc,cpu        ] GC(7) User=0.03s Sys=0.00s Real=0.01s
[2024-08-30T08:41:55.091+0000][3.317s][info ][safepoint     ] Leaving safepoint region
[2024-08-30T08:41:55.091+0000][3.317s][info ][safepoint     ] Total time for which application threads were stopped: 0.0080153 seconds, Stopping threads took: 0.0000169 seconds
[2024-08-30T08:41:55.091+0000][3.317s][info ][gc,stringdedup] Concurrent String Deduplication (3.317s)
[2024-08-30T08:41:55.092+0000][3.318s][info ][gc,stringdedup] Concurrent String Deduplication 154.7K->109.5K(46296.0B) avg 14.0% (3.317s, 3.318s) 1.350ms
[2024-08-30T08:41:55.108+0000][3.334s][debug][safepoint     ] Safepoint synchronization initiated. (13 threads)
[2024-08-30T08:41:55.108+0000][3.335s][info ][safepoint     ] Application time: 0.0177922 seconds
[2024-08-30T08:41:55.108+0000][3.335s][debug][safepoint     ] ... found polling page return exception at pc = 0x00007f91702adbf3, stub =0x00007f9168824b00
[2024-08-30T08:41:55.108+0000][3.335s][debug][safepoint     ] Waiting for 1 thread(s) to block
[2024-08-30T08:41:55.109+0000][3.335s][info ][safepoint     ] Entering safepoint region: Deoptimize
[2024-08-30T08:41:55.109+0000][3.335s][info ][safepoint     ] Leaving safepoint region
[2024-08-30T08:41:55.109+0000][3.335s][info ][safepoint     ] Total time for which application threads were stopped: 0.0005872 seconds, Stopping threads took: 0.0001296 seconds
[2024-08-30T08:41:55.329+0000][3.555s][debug][safepoint     ] Safepoint synchronization initiated. (13 threads)
[2024-08-30T08:41:55.329+0000][3.555s][info ][safepoint     ] Application time: 0.2197590 seconds
[2024-08-30T08:41:55.329+0000][3.555s][debug][safepoint     ] ... found polling page loop exception at pc = 0x00007f917043bbc4, stub =0x00007f9168826680
[2024-08-30T08:41:55.329+0000][3.555s][debug][safepoint     ] Waiting for 1 thread(s) to block
[2024-08-30T08:41:55.329+0000][3.555s][info ][safepoint     ] Entering safepoint region: CollectForMetadataAllocation
[2024-08-30T08:41:55.329+0000][3.555s][info ][gc,start      ] GC(8) Pause Young (Concurrent Start) (Metadata GC Threshold)
[2024-08-30T08:41:55.329+0000][3.555s][info ][gc,task       ] GC(8) Using 4 workers of 4 for evacuation
[2024-08-30T08:41:55.343+0000][3.569s][info ][gc,phases     ] GC(8)   Pre Evacuate Collection Set: 0.1ms
[2024-08-30T08:41:55.343+0000][3.569s][info ][gc,phases     ] GC(8)   Evacuate Collection Set: 10.1ms
[2024-08-30T08:41:55.343+0000][3.569s][info ][gc,phases     ] GC(8)   Post Evacuate Collection Set: 3.0ms
[2024-08-30T08:41:55.343+0000][3.569s][info ][gc,phases     ] GC(8)   Other: 0.4ms
[2024-08-30T08:41:55.343+0000][3.569s][info ][gc,heap       ] GC(8) Eden regions: 55->0(101)
[2024-08-30T08:41:55.343+0000][3.569s][info ][gc,heap       ] GC(8) Survivor regions: 7->7(12)
[2024-08-30T08:41:55.343+0000][3.569s][info ][gc,heap       ] GC(8) Old regions: 11->11
[2024-08-30T08:41:55.343+0000][3.569s][info ][gc,heap       ] GC(8) Humongous regions: 0->0
[2024-08-30T08:41:55.343+0000][3.569s][info ][gc,metaspace  ] GC(8) Metaspace: 20547K(21248K)->20547K(21248K) NonClass: 17968K(18432K)->17968K(18432K) Class: 2579K(2816K)->2579K(2816K)
[2024-08-30T08:41:55.343+0000][3.569s][info ][gc            ] GC(8) Pause Young (Concurrent Start) (Metadata GC Threshold) 70M->16M(190M) 13.673ms
[2024-08-30T08:41:55.343+0000][3.569s][info ][gc,cpu        ] GC(8) User=0.03s Sys=0.00s Real=0.02s
[2024-08-30T08:41:55.343+0000][3.569s][info ][safepoint     ] Leaving safepoint region
[2024-08-30T08:41:55.343+0000][3.569s][info ][safepoint     ] Total time for which application threads were stopped: 0.0140982 seconds, Stopping threads took: 0.0001286 seconds
[2024-08-30T08:41:55.343+0000][3.569s][info ][gc            ] GC(9) Concurrent Cycle
[2024-08-30T08:41:55.343+0000][3.569s][info ][gc,marking    ] GC(9) Concurrent Clear Claimed Marks
[2024-08-30T08:41:55.343+0000][3.569s][info ][gc,marking    ] GC(9) Concurrent Clear Claimed Marks 0.031ms
[2024-08-30T08:41:55.343+0000][3.569s][info ][gc,stringdedup] Concurrent String Deduplication (3.569s)
[2024-08-30T08:41:55.343+0000][3.569s][info ][gc,marking    ] GC(9) Concurrent Scan Root Regions
[2024-08-30T08:41:55.344+0000][3.570s][info ][gc,stringdedup] Concurrent String Deduplication 77984.0B->11096.0B(66888.0B) avg 15.9% (3.569s, 3.570s) 0.634ms
[2024-08-30T08:41:55.349+0000][3.575s][info ][gc,marking    ] GC(9) Concurrent Scan Root Regions 5.698ms
[2024-08-30T08:41:55.349+0000][3.575s][info ][gc,marking    ] GC(9) Concurrent Mark (3.575s)
[2024-08-30T08:41:55.349+0000][3.575s][info ][gc,marking    ] GC(9) Concurrent Mark From Roots
[2024-08-30T08:41:55.349+0000][3.575s][info ][gc,task       ] GC(9) Using 1 workers of 1 for marking
[2024-08-30T08:41:55.362+0000][3.588s][info ][gc,marking    ] GC(9) Concurrent Mark From Roots 13.025ms
[2024-08-30T08:41:55.362+0000][3.588s][info ][gc,marking    ] GC(9) Concurrent Preclean
[2024-08-30T08:41:55.362+0000][3.588s][info ][gc,marking    ] GC(9) Concurrent Preclean 0.095ms
[2024-08-30T08:41:55.362+0000][3.588s][info ][gc,marking    ] GC(9) Concurrent Mark (3.575s, 3.588s) 13.177ms
[2024-08-30T08:41:55.362+0000][3.588s][debug][safepoint     ] Safepoint synchronization initiated. (13 threads)
[2024-08-30T08:41:55.362+0000][3.588s][info ][safepoint     ] Application time: 0.0190824 seconds
[2024-08-30T08:41:55.362+0000][3.588s][debug][safepoint     ] ... found polling page return exception at pc = 0x00007f91702e515c, stub =0x00007f9168824b00
[2024-08-30T08:41:55.362+0000][3.588s][debug][safepoint     ] Waiting for 3 thread(s) to block
[2024-08-30T08:41:55.362+0000][3.588s][info ][safepoint     ] Entering safepoint region: CGC_Operation
[2024-08-30T08:41:55.362+0000][3.588s][info ][gc,start      ] GC(9) Pause Remark
[2024-08-30T08:41:55.366+0000][3.593s][info ][gc,stringtable] GC(9) Cleaned string and symbol table, strings: 7550 processed, 7 removed, symbols: 55175 processed, 115 removed
[2024-08-30T08:41:55.367+0000][3.593s][info ][gc            ] GC(9) Pause Remark 19M->19M(190M) 4.312ms
[2024-08-30T08:41:55.367+0000][3.593s][info ][gc,cpu        ] GC(9) User=0.02s Sys=0.00s Real=0.00s
[2024-08-30T08:41:55.367+0000][3.593s][info ][safepoint     ] Leaving safepoint region
[2024-08-30T08:41:55.367+0000][3.593s][info ][safepoint     ] Total time for which application threads were stopped: 0.0046815 seconds, Stopping threads took: 0.0002314 seconds
[2024-08-30T08:41:55.367+0000][3.593s][info ][gc,marking    ] GC(9) Concurrent Rebuild Remembered Sets
[2024-08-30T08:41:55.374+0000][3.600s][info ][gc,marking    ] GC(9) Concurrent Rebuild Remembered Sets 6.918ms
[2024-08-30T08:41:55.374+0000][3.600s][debug][safepoint     ] Safepoint synchronization initiated. (13 threads)
[2024-08-30T08:41:55.374+0000][3.600s][info ][safepoint     ] Application time: 0.0070210 seconds
[2024-08-30T08:41:55.374+0000][3.600s][debug][safepoint     ] ... found polling page loop exception at pc = 0x00007f917036a7a6, stub =0x00007f9168826680
[2024-08-30T08:41:55.374+0000][3.600s][debug][safepoint     ] Waiting for 2 thread(s) to block
[2024-08-30T08:41:55.374+0000][3.600s][info ][safepoint     ] Entering safepoint region: CGC_Operation
[2024-08-30T08:41:55.374+0000][3.601s][info ][gc,start      ] GC(9) Pause Cleanup
[2024-08-30T08:41:55.375+0000][3.601s][info ][gc            ] GC(9) Pause Cleanup 20M->20M(190M) 0.169ms
[2024-08-30T08:41:55.375+0000][3.601s][info ][gc,cpu        ] GC(9) User=0.00s Sys=0.00s Real=0.00s
[2024-08-30T08:41:55.375+0000][3.601s][info ][safepoint     ] Leaving safepoint region
[2024-08-30T08:41:55.375+0000][3.601s][info ][safepoint     ] Total time for which application threads were stopped: 0.0008723 seconds, Stopping threads took: 0.0005597 seconds
[2024-08-30T08:41:55.375+0000][3.601s][info ][gc,marking    ] GC(9) Concurrent Cleanup for Next Mark
[2024-08-30T08:41:55.376+0000][3.602s][info ][gc,marking    ] GC(9) Concurrent Cleanup for Next Mark 1.598ms
[2024-08-30T08:41:55.376+0000][3.602s][info ][gc            ] GC(9) Concurrent Cycle 33.312ms
[2024-08-30T08:41:55.697+0000][3.923s][debug][safepoint     ] Safepoint synchronization initiated. (13 threads)
[2024-08-30T08:41:55.697+0000][3.923s][info ][safepoint     ] Application time: 0.3226382 seconds
[2024-08-30T08:41:55.697+0000][3.923s][debug][safepoint     ] ... found polling page loop exception at pc = 0x00007f917031ad2c, stub =0x00007f9168826680
[2024-08-30T08:41:55.697+0000][3.923s][debug][safepoint     ] Waiting for 1 thread(s) to block
[2024-08-30T08:41:55.697+0000][3.924s][info ][safepoint     ] Entering safepoint region: Deoptimize
[2024-08-30T08:41:55.698+0000][3.924s][info ][safepoint     ] Leaving safepoint region
[2024-08-30T08:41:55.698+0000][3.924s][info ][safepoint     ] Total time for which application threads were stopped: 0.0008061 seconds, Stopping threads took: 0.0001662 seconds
[2024-08-30T08:41:55.900+0000][4.126s][debug][safepoint     ] Safepoint synchronization initiated. (12 threads)
[2024-08-30T08:41:55.900+0000][4.126s][info ][safepoint     ] Application time: 0.2020770 seconds
[2024-08-30T08:41:55.900+0000][4.126s][info ][safepoint     ] Entering safepoint region: G1CollectForAllocation
[2024-08-30T08:41:55.900+0000][4.126s][info ][gc,start      ] GC(10) Pause Young (Normal) (G1 Evacuation Pause)
[2024-08-30T08:41:55.900+0000][4.127s][info ][gc,task       ] GC(10) Using 4 workers of 4 for evacuation
[2024-08-30T08:41:55.913+0000][4.139s][info ][gc,phases     ] GC(10)   Pre Evacuate Collection Set: 0.0ms
[2024-08-30T08:41:55.913+0000][4.139s][info ][gc,phases     ] GC(10)   Evacuate Collection Set: 8.3ms
[2024-08-30T08:41:55.913+0000][4.139s][info ][gc,phases     ] GC(10)   Post Evacuate Collection Set: 4.0ms
[2024-08-30T08:41:55.913+0000][4.139s][info ][gc,phases     ] GC(10)   Other: 0.2ms
[2024-08-30T08:41:55.913+0000][4.139s][info ][gc,heap       ] GC(10) Eden regions: 101->0(104)
[2024-08-30T08:41:55.913+0000][4.139s][info ][gc,heap       ] GC(10) Survivor regions: 7->10(14)
[2024-08-30T08:41:55.913+0000][4.139s][info ][gc,heap       ] GC(10) Old regions: 11->11
[2024-08-30T08:41:55.913+0000][4.139s][info ][gc,heap       ] GC(10) Humongous regions: 0->0
[2024-08-30T08:41:55.913+0000][4.139s][info ][gc,metaspace  ] GC(10) Metaspace: 24005K(24828K)->24005K(24828K) NonClass: 20980K(21504K)->20980K(21504K) Class: 3024K(3324K)->3024K(3324K)
[2024-08-30T08:41:55.913+0000][4.139s][info ][gc            ] GC(10) Pause Young (Normal) (G1 Evacuation Pause) 117M->19M(190M) 12.656ms
[2024-08-30T08:41:55.913+0000][4.139s][info ][gc,cpu        ] GC(10) User=0.04s Sys=0.00s Real=0.02s
[2024-08-30T08:41:55.913+0000][4.139s][info ][safepoint     ] Leaving safepoint region
[2024-08-30T08:41:55.913+0000][4.139s][info ][safepoint     ] Total time for which application threads were stopped: 0.0129092 seconds, Stopping threads took: 0.0000163 seconds
[2024-08-30T08:41:55.913+0000][4.139s][info ][gc,stringdedup] Concurrent String Deduplication (4.139s)
[2024-08-30T08:41:55.916+0000][4.142s][info ][gc,stringdedup] Concurrent String Deduplication 513.1K->453.1K(61472.0B) avg 15.3% (4.139s, 4.142s) 2.413ms
[2024-08-30T08:41:56.362+0000][4.589s][debug][safepoint     ] Safepoint synchronization initiated. (12 threads)
[2024-08-30T08:41:56.363+0000][4.589s][info ][safepoint     ] Application time: 0.4494205 seconds
[2024-08-30T08:41:56.363+0000][4.589s][debug][safepoint     ] Waiting for 1 thread(s) to block
[2024-08-30T08:41:56.363+0000][4.589s][info ][safepoint     ] Entering safepoint region: G1CollectForAllocation
[2024-08-30T08:41:56.363+0000][4.589s][info ][gc,start      ] GC(11) Pause Young (Normal) (G1 Evacuation Pause)
[2024-08-30T08:41:56.363+0000][4.589s][info ][gc,task       ] GC(11) Using 4 workers of 4 for evacuation
[2024-08-30T08:41:56.376+0000][4.602s][info ][gc,phases     ] GC(11)   Pre Evacuate Collection Set: 0.0ms
[2024-08-30T08:41:56.376+0000][4.602s][info ][gc,phases     ] GC(11)   Evacuate Collection Set: 11.9ms
[2024-08-30T08:41:56.376+0000][4.602s][info ][gc,phases     ] GC(11)   Post Evacuate Collection Set: 1.5ms
[2024-08-30T08:41:56.376+0000][4.602s][info ][gc,phases     ] GC(11)   Other: 0.1ms
[2024-08-30T08:41:56.376+0000][4.602s][info ][gc,heap       ] GC(11) Eden regions: 104->0(105)
[2024-08-30T08:41:56.376+0000][4.602s][info ][gc,heap       ] GC(11) Survivor regions: 10->9(15)
[2024-08-30T08:41:56.376+0000][4.602s][info ][gc,heap       ] GC(11) Old regions: 11->15
[2024-08-30T08:41:56.376+0000][4.602s][info ][gc,heap       ] GC(11) Humongous regions: 0->0
[2024-08-30T08:41:56.376+0000][4.602s][info ][gc,metaspace  ] GC(11) Metaspace: 24320K(25212K)->24320K(25212K) NonClass: 21247K(21760K)->21247K(21760K) Class: 3073K(3452K)->3073K(3452K)
[2024-08-30T08:41:56.376+0000][4.603s][info ][gc            ] GC(11) Pause Young (Normal) (G1 Evacuation Pause) 123M->21M(190M) 13.682ms
[2024-08-30T08:41:56.376+0000][4.603s][info ][gc,cpu        ] GC(11) User=0.05s Sys=0.00s Real=0.01s
[2024-08-30T08:41:56.376+0000][4.603s][info ][safepoint     ] Leaving safepoint region
[2024-08-30T08:41:56.376+0000][4.603s][info ][safepoint     ] Total time for which application threads were stopped: 0.0139137 seconds, Stopping threads took: 0.0000455 seconds
[2024-08-30T08:41:56.376+0000][4.603s][info ][gc,stringdedup] Concurrent String Deduplication (4.603s)
[2024-08-30T08:41:56.378+0000][4.604s][info ][gc,stringdedup] Concurrent String Deduplication 358.6K->330.8K(28488.0B) avg 14.6% (4.603s, 4.604s) 1.861ms
[2024-08-30T08:41:56.898+0000][5.124s][debug][safepoint     ] Safepoint synchronization initiated. (12 threads)
[2024-08-30T08:41:56.898+0000][5.124s][info ][safepoint     ] Application time: 0.5215289 seconds
[2024-08-30T08:41:56.898+0000][5.124s][debug][safepoint     ] Waiting for 1 thread(s) to block
[2024-08-30T08:41:56.898+0000][5.124s][info ][safepoint     ] Entering safepoint region: ICBufferFull
[2024-08-30T08:41:56.898+0000][5.124s][info ][safepoint     ] Leaving safepoint region
[2024-08-30T08:41:56.898+0000][5.124s][info ][safepoint     ] Total time for which application threads were stopped: 0.0002480 seconds, Stopping threads took: 0.0000531 seconds
[2024-08-30T08:41:57.017+0000][5.243s][debug][safepoint     ] Safepoint synchronization initiated. (12 threads)
[2024-08-30T08:41:57.017+0000][5.243s][info ][safepoint     ] Application time: 0.1185661 seconds
[2024-08-30T08:41:57.017+0000][5.243s][debug][safepoint     ] Waiting for 1 thread(s) to block
[2024-08-30T08:41:57.017+0000][5.243s][info ][safepoint     ] Entering safepoint region: G1CollectForAllocation
[2024-08-30T08:41:57.017+0000][5.243s][info ][gc,start      ] GC(12) Pause Young (Normal) (G1 Evacuation Pause)
[2024-08-30T08:41:57.017+0000][5.243s][info ][gc,task       ] GC(12) Using 4 workers of 4 for evacuation
[2024-08-30T08:41:57.048+0000][5.274s][info ][gc,phases     ] GC(12)   Pre Evacuate Collection Set: 0.0ms
[2024-08-30T08:41:57.048+0000][5.274s][info ][gc,phases     ] GC(12)   Evacuate Collection Set: 29.2ms
[2024-08-30T08:41:57.048+0000][5.274s][info ][gc,phases     ] GC(12)   Post Evacuate Collection Set: 1.4ms
[2024-08-30T08:41:57.048+0000][5.274s][info ][gc,phases     ] GC(12)   Other: 0.1ms
[2024-08-30T08:41:57.048+0000][5.274s][info ][gc,heap       ] GC(12) Eden regions: 105->0(103)
[2024-08-30T08:41:57.048+0000][5.274s][info ][gc,heap       ] GC(12) Survivor regions: 9->11(15)
[2024-08-30T08:41:57.048+0000][5.274s][info ][gc,heap       ] GC(12) Old regions: 15->16
[2024-08-30T08:41:57.048+0000][5.274s][info ][gc,heap       ] GC(12) Humongous regions: 0->0
[2024-08-30T08:41:57.048+0000][5.274s][info ][gc,metaspace  ] GC(12) Metaspace: 24595K(25468K)->24595K(25468K) NonClass: 21505K(22016K)->21505K(22016K) Class: 3089K(3452K)->3089K(3452K)
[2024-08-30T08:41:57.048+0000][5.274s][info ][gc            ] GC(12) Pause Young (Normal) (G1 Evacuation Pause) 126M->24M(190M) 30.965ms
[2024-08-30T08:41:57.048+0000][5.274s][info ][gc,cpu        ] GC(12) User=0.07s Sys=0.00s Real=0.03s
[2024-08-30T08:41:57.048+0000][5.274s][info ][safepoint     ] Leaving safepoint region
[2024-08-30T08:41:57.048+0000][5.274s][info ][safepoint     ] Total time for which application threads were stopped: 0.0312157 seconds, Stopping threads took: 0.0000474 seconds
[2024-08-30T08:41:57.057+0000][5.283s][info ][gc,stringdedup] Concurrent String Deduplication (5.283s)
[2024-08-30T08:41:57.061+0000][5.287s][info ][gc,stringdedup] Concurrent String Deduplication 712.1K->474.2K(237.9K) avg 17.5% (5.283s, 5.287s) 4.200ms
[2024-08-30T08:41:57.361+0000][5.587s][debug][safepoint     ] Safepoint synchronization initiated. (12 threads)
[2024-08-30T08:41:57.361+0000][5.587s][info ][safepoint     ] Application time: 0.3130495 seconds
[2024-08-30T08:41:57.362+0000][5.589s][debug][safepoint     ] ... found polling page loop exception at pc = 0x00007f917038f8b9, stub =0x00007f9168826680
[2024-08-30T08:41:57.363+0000][5.589s][debug][safepoint     ] Waiting for 1 thread(s) to block
[2024-08-30T08:41:57.363+0000][5.589s][info ][safepoint     ] Entering safepoint region: ICBufferFull
[2024-08-30T08:41:57.363+0000][5.589s][info ][safepoint     ] Leaving safepoint region
[2024-08-30T08:41:57.363+0000][5.589s][info ][safepoint     ] Total time for which application threads were stopped: 0.0016858 seconds, Stopping threads took: 0.0014615 seconds
[2024-08-30T08:41:57.449+0000][5.675s][debug][safepoint     ] Safepoint synchronization initiated. (12 threads)
[2024-08-30T08:41:57.449+0000][5.675s][info ][safepoint     ] Application time: 0.0863449 seconds
[2024-08-30T08:41:57.449+0000][5.675s][debug][safepoint     ] Waiting for 2 thread(s) to block
[2024-08-30T08:41:57.449+0000][5.675s][info ][safepoint     ] Entering safepoint region: G1CollectForAllocation
[2024-08-30T08:41:57.449+0000][5.676s][info ][gc,start      ] GC(13) Pause Young (Normal) (G1 Evacuation Pause)
[2024-08-30T08:41:57.449+0000][5.676s][info ][gc,task       ] GC(13) Using 4 workers of 4 for evacuation
[2024-08-30T08:41:57.464+0000][5.691s][info ][gc,phases     ] GC(13)   Pre Evacuate Collection Set: 0.0ms
[2024-08-30T08:41:57.464+0000][5.691s][info ][gc,phases     ] GC(13)   Evacuate Collection Set: 11.5ms
[2024-08-30T08:41:57.464+0000][5.691s][info ][gc,phases     ] GC(13)   Post Evacuate Collection Set: 3.3ms
[2024-08-30T08:41:57.464+0000][5.691s][info ][gc,phases     ] GC(13)   Other: 0.2ms
[2024-08-30T08:41:57.465+0000][5.691s][info ][gc,heap       ] GC(13) Eden regions: 103->0(148)
[2024-08-30T08:41:57.465+0000][5.691s][info ][gc,heap       ] GC(13) Survivor regions: 11->8(15)
[2024-08-30T08:41:57.465+0000][5.691s][info ][gc,heap       ] GC(13) Old regions: 16->20
[2024-08-30T08:41:57.465+0000][5.691s][info ][gc,heap       ] GC(13) Humongous regions: 0->0
[2024-08-30T08:41:57.465+0000][5.691s][info ][gc,metaspace  ] GC(13) Metaspace: 24872K(25724K)->24872K(25724K) NonClass: 21755K(22272K)->21755K(22272K) Class: 3116K(3452K)->3116K(3452K)
[2024-08-30T08:41:57.465+0000][5.691s][info ][gc            ] GC(13) Pause Young (Normal) (G1 Evacuation Pause) 127M->26M(260M) 15.127ms
[2024-08-30T08:41:57.465+0000][5.691s][info ][gc,cpu        ] GC(13) User=0.05s Sys=0.00s Real=0.01s
[2024-08-30T08:41:57.465+0000][5.691s][info ][safepoint     ] Leaving safepoint region
[2024-08-30T08:41:57.465+0000][5.691s][info ][safepoint     ] Total time for which application threads were stopped: 0.0154394 seconds, Stopping threads took: 0.0000562 seconds
[2024-08-30T08:41:57.465+0000][5.691s][info ][gc,stringdedup] Concurrent String Deduplication (5.691s)
[2024-08-30T08:41:57.470+0000][5.696s][info ][gc,stringdedup] Concurrent String Deduplication 889.0K->362.6K(526.4K) avg 24.3% (5.691s, 5.696s) 5.124ms
[2024-08-30T08:41:57.917+0000][6.143s][debug][safepoint     ] Safepoint synchronization initiated. (13 threads)
[2024-08-30T08:41:57.917+0000][6.143s][info ][safepoint     ] Application time: 0.4523799 seconds
[2024-08-30T08:41:57.917+0000][6.143s][debug][safepoint     ] Waiting for 1 thread(s) to block
[2024-08-30T08:41:57.917+0000][6.143s][info ][safepoint     ] Entering safepoint region: G1CollectForAllocation
[2024-08-30T08:41:57.917+0000][6.143s][info ][gc,start      ] GC(14) Pause Young (Normal) (G1 Evacuation Pause)
[2024-08-30T08:41:57.917+0000][6.143s][info ][gc,task       ] GC(14) Using 4 workers of 4 for evacuation
[2024-08-30T08:41:57.928+0000][6.154s][info ][gc,phases     ] GC(14)   Pre Evacuate Collection Set: 0.0ms
[2024-08-30T08:41:57.928+0000][6.154s][info ][gc,phases     ] GC(14)   Evacuate Collection Set: 8.2ms
[2024-08-30T08:41:57.928+0000][6.154s][info ][gc,phases     ] GC(14)   Post Evacuate Collection Set: 2.0ms
[2024-08-30T08:41:57.928+0000][6.154s][info ][gc,phases     ] GC(14)   Other: 0.2ms
[2024-08-30T08:41:57.928+0000][6.154s][info ][gc,heap       ] GC(14) Eden regions: 148->0(147)
[2024-08-30T08:41:57.928+0000][6.154s][info ][gc,heap       ] GC(14) Survivor regions: 8->9(20)
[2024-08-30T08:41:57.928+0000][6.154s][info ][gc,heap       ] GC(14) Old regions: 20->20
[2024-08-30T08:41:57.928+0000][6.154s][info ][gc,heap       ] GC(14) Humongous regions: 0->0
[2024-08-30T08:41:57.928+0000][6.154s][info ][gc,metaspace  ] GC(14) Metaspace: 26249K(27388K)->26249K(27388K) NonClass: 23035K(23808K)->23035K(23808K) Class: 3213K(3580K)->3213K(3580K)
[2024-08-30T08:41:57.928+0000][6.154s][info ][gc            ] GC(14) Pause Young (Normal) (G1 Evacuation Pause) 174M->27M(260M) 10.616ms
[2024-08-30T08:41:57.928+0000][6.154s][info ][gc,cpu        ] GC(14) User=0.03s Sys=0.00s Real=0.01s
[2024-08-30T08:41:57.928+0000][6.154s][info ][safepoint     ] Leaving safepoint region
[2024-08-30T08:41:57.928+0000][6.154s][info ][safepoint     ] Total time for which application threads were stopped: 0.0108905 seconds, Stopping threads took: 0.0000451 seconds
[2024-08-30T08:41:57.928+0000][6.154s][info ][gc,stringdedup] Concurrent String Deduplication (6.154s)
[2024-08-30T08:41:57.932+0000][6.158s][info ][gc,stringdedup] Concurrent String Deduplication 929.2K->279.5K(649.7K) avg 30.9% (6.154s, 6.158s) 4.157ms
[2024-08-30T08:41:58.153+0000][6.379s][debug][safepoint     ] Safepoint synchronization initiated. (13 threads)
[2024-08-30T08:41:58.153+0000][6.379s][info ][safepoint     ] Application time: 0.2252833 seconds
[2024-08-30T08:41:58.154+0000][6.380s][debug][safepoint     ] ... found polling page return exception at pc = 0x00007f917031e7fc, stub =0x00007f9168824b00
[2024-08-30T08:41:58.154+0000][6.380s][debug][safepoint     ] Waiting for 1 thread(s) to block
[2024-08-30T08:41:58.154+0000][6.380s][info ][safepoint     ] Entering safepoint region: G1CollectForAllocation
[2024-08-30T08:41:58.154+0000][6.380s][info ][gc,start      ] GC(15) Pause Young (Normal) (G1 Evacuation Pause)
[2024-08-30T08:41:58.154+0000][6.380s][info ][gc,task       ] GC(15) Using 4 workers of 4 for evacuation
[2024-08-30T08:41:58.163+0000][6.389s][info ][gc,phases     ] GC(15)   Pre Evacuate Collection Set: 0.0ms
[2024-08-30T08:41:58.163+0000][6.389s][info ][gc,phases     ] GC(15)   Evacuate Collection Set: 7.3ms
[2024-08-30T08:41:58.163+0000][6.389s][info ][gc,phases     ] GC(15)   Post Evacuate Collection Set: 1.5ms
[2024-08-30T08:41:58.163+0000][6.389s][info ][gc,phases     ] GC(15)   Other: 0.2ms
[2024-08-30T08:41:58.163+0000][6.389s][info ][gc,heap       ] GC(15) Eden regions: 147->0(148)
[2024-08-30T08:41:58.163+0000][6.389s][info ][gc,heap       ] GC(15) Survivor regions: 9->8(20)
[2024-08-30T08:41:58.163+0000][6.389s][info ][gc,heap       ] GC(15) Old regions: 20->20
[2024-08-30T08:41:58.163+0000][6.389s][info ][gc,heap       ] GC(15) Humongous regions: 0->0
[2024-08-30T08:41:58.163+0000][6.389s][info ][gc,metaspace  ] GC(15) Metaspace: 26408K(27388K)->26408K(27388K) NonClass: 23175K(23808K)->23175K(23808K) Class: 3233K(3580K)->3233K(3580K)
[2024-08-30T08:41:58.163+0000][6.389s][info ][gc            ] GC(15) Pause Young (Normal) (G1 Evacuation Pause) 174M->26M(260M) 9.102ms
[2024-08-30T08:41:58.163+0000][6.389s][info ][gc,cpu        ] GC(15) User=0.03s Sys=0.00s Real=0.01s
[2024-08-30T08:41:58.163+0000][6.389s][info ][safepoint     ] Leaving safepoint region
[2024-08-30T08:41:58.163+0000][6.389s][info ][safepoint     ] Total time for which application threads were stopped: 0.0100273 seconds, Stopping threads took: 0.0007508 seconds
[2024-08-30T08:41:58.163+0000][6.390s][info ][gc,stringdedup] Concurrent String Deduplication (6.390s)
[2024-08-30T08:41:58.166+0000][6.392s][info ][gc,stringdedup] Concurrent String Deduplication 542.7K->271.1K(271.6K) avg 32.4% (6.390s, 6.392s) 2.755ms
[2024-08-30T08:41:58.869+0000][7.095s][debug][safepoint     ] Safepoint synchronization initiated. (11 threads)
[2024-08-30T08:41:58.869+0000][7.096s][info ][safepoint     ] Application time: 0.7062033 seconds
[2024-08-30T08:41:58.870+0000][7.096s][info ][safepoint     ] Entering safepoint region: G1CollectForAllocation
[2024-08-30T08:41:58.870+0000][7.096s][info ][gc,start      ] GC(16) Pause Young (Normal) (G1 Evacuation Pause)
[2024-08-30T08:41:58.870+0000][7.096s][info ][gc,task       ] GC(16) Using 4 workers of 4 for evacuation
[2024-08-30T08:41:58.880+0000][7.106s][info ][gc,phases     ] GC(16)   Pre Evacuate Collection Set: 0.0ms
[2024-08-30T08:41:58.880+0000][7.106s][info ][gc,phases     ] GC(16)   Evacuate Collection Set: 7.3ms
[2024-08-30T08:41:58.880+0000][7.106s][info ][gc,phases     ] GC(16)   Post Evacuate Collection Set: 2.7ms
[2024-08-30T08:41:58.880+0000][7.106s][info ][gc,phases     ] GC(16)   Other: 0.2ms
[2024-08-30T08:41:58.880+0000][7.106s][info ][gc,heap       ] GC(16) Eden regions: 148->0(147)
[2024-08-30T08:41:58.880+0000][7.106s][info ][gc,heap       ] GC(16) Survivor regions: 8->9(20)
[2024-08-30T08:41:58.880+0000][7.106s][info ][gc,heap       ] GC(16) Old regions: 20->20
[2024-08-30T08:41:58.880+0000][7.106s][info ][gc,heap       ] GC(16) Humongous regions: 0->0
[2024-08-30T08:41:58.880+0000][7.106s][info ][gc,metaspace  ] GC(16) Metaspace: 32399K(33660K)->32399K(33660K) NonClass: 28502K(29440K)->28502K(29440K) Class: 3896K(4220K)->3896K(4220K)
[2024-08-30T08:41:58.880+0000][7.106s][info ][gc            ] GC(16) Pause Young (Normal) (G1 Evacuation Pause) 174M->27M(260M) 10.438ms
[2024-08-30T08:41:58.880+0000][7.106s][info ][gc,cpu        ] GC(16) User=0.04s Sys=0.01s Real=0.00s
[2024-08-30T08:41:58.880+0000][7.106s][info ][safepoint     ] Leaving safepoint region
[2024-08-30T08:41:58.880+0000][7.106s][info ][safepoint     ] Total time for which application threads were stopped: 0.0106969 seconds, Stopping threads took: 0.0000178 seconds
[2024-08-30T08:41:58.880+0000][7.106s][info ][gc,stringdedup] Concurrent String Deduplication (7.106s)
[2024-08-30T08:41:58.882+0000][7.108s][info ][gc,stringdedup] Concurrent String Deduplication 633.3K->41872.0B(592.4K) avg 37.5% (7.106s, 7.108s) 1.732ms
[2024-08-30T08:41:59.000+0000][7.226s][debug][safepoint     ] Safepoint synchronization initiated. (12 threads)
[2024-08-30T08:41:59.000+0000][7.226s][info ][safepoint     ] Application time: 0.1194227 seconds
[2024-08-30T08:41:59.000+0000][7.226s][debug][safepoint     ] Waiting for 1 thread(s) to block
[2024-08-30T08:41:59.000+0000][7.226s][info ][safepoint     ] Entering safepoint region: Deoptimize
[2024-08-30T08:41:59.000+0000][7.226s][info ][safepoint     ] Leaving safepoint region
[2024-08-30T08:41:59.000+0000][7.226s][info ][safepoint     ] Total time for which application threads were stopped: 0.0007259 seconds, Stopping threads took: 0.0000440 seconds
[2024-08-30T08:41:59.319+0000][7.545s][debug][safepoint     ] Safepoint synchronization initiated. (12 threads)
[2024-08-30T08:41:59.319+0000][7.545s][info ][safepoint     ] Application time: 0.3189815 seconds
[2024-08-30T08:41:59.319+0000][7.546s][info ][safepoint     ] Entering safepoint region: Deoptimize
[2024-08-30T08:41:59.320+0000][7.546s][info ][safepoint     ] Leaving safepoint region
[2024-08-30T08:41:59.320+0000][7.546s][info ][safepoint     ] Total time for which application threads were stopped: 0.0007639 seconds, Stopping threads took: 0.0000241 seconds
[2024-08-30T08:41:59.423+0000][7.649s][debug][safepoint     ] Safepoint synchronization initiated. (12 threads)
[2024-08-30T08:41:59.423+0000][7.649s][info ][safepoint     ] Application time: 0.1029734 seconds
[2024-08-30T08:41:59.423+0000][7.649s][info ][safepoint     ] Entering safepoint region: G1CollectForAllocation
[2024-08-30T08:41:59.423+0000][7.649s][info ][gc,start      ] GC(17) Pause Young (Normal) (G1 Evacuation Pause)
[2024-08-30T08:41:59.423+0000][7.649s][info ][gc,task       ] GC(17) Using 4 workers of 4 for evacuation
[2024-08-30T08:41:59.434+0000][7.661s][info ][gc,phases     ] GC(17)   Pre Evacuate Collection Set: 0.0ms
[2024-08-30T08:41:59.435+0000][7.661s][info ][gc,phases     ] GC(17)   Evacuate Collection Set: 7.0ms
[2024-08-30T08:41:59.435+0000][7.661s][info ][gc,phases     ] GC(17)   Post Evacuate Collection Set: 4.0ms
[2024-08-30T08:41:59.435+0000][7.661s][info ][gc,phases     ] GC(17)   Other: 0.1ms
[2024-08-30T08:41:59.435+0000][7.661s][info ][gc,heap       ] GC(17) Eden regions: 147->0(177)
[2024-08-30T08:41:59.435+0000][7.661s][info ][gc,heap       ] GC(17) Survivor regions: 9->10(20)
[2024-08-30T08:41:59.435+0000][7.661s][info ][gc,heap       ] GC(17) Old regions: 20->20
[2024-08-30T08:41:59.435+0000][7.661s][info ][gc,heap       ] GC(17) Humongous regions: 0->0
[2024-08-30T08:41:59.435+0000][7.661s][info ][gc,metaspace  ] GC(17) Metaspace: 33431K(34684K)->33431K(34684K) NonClass: 29391K(30208K)->29391K(30208K) Class: 4040K(4476K)->4040K(4476K)
[2024-08-30T08:41:59.435+0000][7.661s][info ][gc            ] GC(17) Pause Young (Normal) (G1 Evacuation Pause) 174M->28M(312M) 11.383ms
[2024-08-30T08:41:59.435+0000][7.661s][info ][gc,cpu        ] GC(17) User=0.03s Sys=0.00s Real=0.01s
[2024-08-30T08:41:59.435+0000][7.661s][info ][safepoint     ] Leaving safepoint region
[2024-08-30T08:41:59.435+0000][7.661s][info ][safepoint     ] Total time for which application threads were stopped: 0.0115886 seconds, Stopping threads took: 0.0000158 seconds
[2024-08-30T08:41:59.435+0000][7.661s][info ][gc,stringdedup] Concurrent String Deduplication (7.661s)
[2024-08-30T08:41:59.435+0000][7.661s][info ][gc,stringdedup] Concurrent String Deduplication 30808.0B->3288.0B(27520.0B) avg 37.8% (7.661s, 7.661s) 0.575ms
[2024-08-30T08:41:59.835+0000][8.062s][debug][safepoint     ] Safepoint synchronization initiated. (12 threads)
[2024-08-30T08:41:59.836+0000][8.062s][info ][safepoint     ] Application time: 0.4007992 seconds
[2024-08-30T08:41:59.836+0000][8.062s][info ][safepoint     ] Entering safepoint region: Deoptimize
[2024-08-30T08:41:59.836+0000][8.063s][info ][safepoint     ] Leaving safepoint region
[2024-08-30T08:41:59.836+0000][8.063s][info ][safepoint     ] Total time for which application threads were stopped: 0.0008532 seconds, Stopping threads took: 0.0000167 seconds
[2024-08-30T08:42:00.040+0000][8.266s][debug][safepoint     ] Safepoint synchronization initiated. (12 threads)
[2024-08-30T08:42:00.040+0000][8.266s][info ][safepoint     ] Application time: 0.2033617 seconds
[2024-08-30T08:42:00.040+0000][8.266s][info ][safepoint     ] Entering safepoint region: G1CollectForAllocation
[2024-08-30T08:42:00.040+0000][8.266s][info ][gc,start      ] GC(18) Pause Young (Normal) (G1 Evacuation Pause)
[2024-08-30T08:42:00.040+0000][8.266s][info ][gc,task       ] GC(18) Using 4 workers of 4 for evacuation
[2024-08-30T08:42:00.050+0000][8.277s][info ][gc,phases     ] GC(18)   Pre Evacuate Collection Set: 0.0ms
[2024-08-30T08:42:00.050+0000][8.277s][info ][gc,phases     ] GC(18)   Evacuate Collection Set: 8.1ms
[2024-08-30T08:42:00.050+0000][8.277s][info ][gc,phases     ] GC(18)   Post Evacuate Collection Set: 2.0ms
[2024-08-30T08:42:00.050+0000][8.277s][info ][gc,phases     ] GC(18)   Other: 0.3ms
[2024-08-30T08:42:00.050+0000][8.277s][info ][gc,heap       ] GC(18) Eden regions: 177->0(176)
[2024-08-30T08:42:00.051+0000][8.277s][info ][gc,heap       ] GC(18) Survivor regions: 10->11(24)
[2024-08-30T08:42:00.051+0000][8.277s][info ][gc,heap       ] GC(18) Old regions: 20->20
[2024-08-30T08:42:00.051+0000][8.277s][info ][gc,heap       ] GC(18) Humongous regions: 0->0
[2024-08-30T08:42:00.051+0000][8.277s][info ][gc,metaspace  ] GC(18) Metaspace: 34336K(35580K)->34336K(35580K) NonClass: 30194K(30976K)->30194K(30976K) Class: 4141K(4604K)->4141K(4604K)
[2024-08-30T08:42:00.051+0000][8.277s][info ][gc            ] GC(18) Pause Young (Normal) (G1 Evacuation Pause) 205M->29M(312M) 10.534ms
[2024-08-30T08:42:00.051+0000][8.277s][info ][gc,cpu        ] GC(18) User=0.04s Sys=0.00s Real=0.02s
[2024-08-30T08:42:00.051+0000][8.277s][info ][safepoint     ] Leaving safepoint region
[2024-08-30T08:42:00.051+0000][8.277s][info ][safepoint     ] Total time for which application threads were stopped: 0.0108414 seconds, Stopping threads took: 0.0000334 seconds
[2024-08-30T08:42:00.051+0000][8.277s][info ][gc,stringdedup] Concurrent String Deduplication (8.277s)
[2024-08-30T08:42:00.051+0000][8.278s][info ][gc,stringdedup] Concurrent String Deduplication 148.5K->18024.0B(130.9K) avg 38.7% (8.277s, 8.278s) 0.714ms
[2024-08-30T08:42:00.192+0000][8.418s][debug][safepoint     ] Safepoint synchronization initiated. (12 threads)
[2024-08-30T08:42:00.192+0000][8.418s][info ][safepoint     ] Application time: 0.1412251 seconds
[2024-08-30T08:42:00.192+0000][8.418s][info ][safepoint     ] Entering safepoint region: CollectForMetadataAllocation
[2024-08-30T08:42:00.192+0000][8.418s][info ][gc,start      ] GC(19) Pause Young (Concurrent Start) (Metadata GC Threshold)
[2024-08-30T08:42:00.192+0000][8.418s][info ][gc,task       ] GC(19) Using 4 workers of 4 for evacuation
[2024-08-30T08:42:00.203+0000][8.429s][info ][gc,phases     ] GC(19)   Pre Evacuate Collection Set: 0.1ms
[2024-08-30T08:42:00.203+0000][8.429s][info ][gc,phases     ] GC(19)   Evacuate Collection Set: 8.8ms
[2024-08-30T08:42:00.203+0000][8.429s][info ][gc,phases     ] GC(19)   Post Evacuate Collection Set: 1.5ms
[2024-08-30T08:42:00.203+0000][8.429s][info ][gc,phases     ] GC(19)   Other: 0.2ms
[2024-08-30T08:42:00.203+0000][8.429s][info ][gc,heap       ] GC(19) Eden regions: 37->0(176)
[2024-08-30T08:42:00.203+0000][8.429s][info ][gc,heap       ] GC(19) Survivor regions: 11->11(24)
[2024-08-30T08:42:00.203+0000][8.429s][info ][gc,heap       ] GC(19) Old regions: 20->20
[2024-08-30T08:42:00.203+0000][8.429s][info ][gc,heap       ] GC(19) Humongous regions: 0->0
[2024-08-30T08:42:00.203+0000][8.429s][info ][gc,metaspace  ] GC(19) Metaspace: 34971K(36048K)->34971K(36048K) NonClass: 30741K(31444K)->30741K(31444K) Class: 4230K(4604K)->4230K(4604K)
[2024-08-30T08:42:00.203+0000][8.429s][info ][gc            ] GC(19) Pause Young (Concurrent Start) (Metadata GC Threshold) 66M->29M(312M) 10.872ms
[2024-08-30T08:42:00.203+0000][8.429s][info ][gc,cpu        ] GC(19) User=0.04s Sys=0.00s Real=0.01s
[2024-08-30T08:42:00.203+0000][8.429s][info ][gc            ] GC(20) Concurrent Cycle
[2024-08-30T08:42:00.203+0000][8.429s][info ][safepoint     ] Leaving safepoint region
[2024-08-30T08:42:00.203+0000][8.429s][info ][gc,marking    ] GC(20) Concurrent Clear Claimed Marks
[2024-08-30T08:42:00.203+0000][8.429s][info ][safepoint     ] Total time for which application threads were stopped: 0.0111804 seconds, Stopping threads took: 0.0000163 seconds
[2024-08-30T08:42:00.203+0000][8.429s][info ][gc,marking    ] GC(20) Concurrent Clear Claimed Marks 0.045ms
[2024-08-30T08:42:00.203+0000][8.429s][info ][gc,marking    ] GC(20) Concurrent Scan Root Regions
[2024-08-30T08:42:00.203+0000][8.429s][info ][gc,stringdedup] Concurrent String Deduplication (8.429s)
[2024-08-30T08:42:00.205+0000][8.431s][info ][gc,stringdedup] Concurrent String Deduplication 329.2K->146.7K(182.5K) avg 39.4% (8.429s, 8.431s) 1.430ms
[2024-08-30T08:42:00.211+0000][8.437s][info ][gc,marking    ] GC(20) Concurrent Scan Root Regions 7.819ms
[2024-08-30T08:42:00.211+0000][8.437s][info ][gc,marking    ] GC(20) Concurrent Mark (8.437s)
[2024-08-30T08:42:00.211+0000][8.437s][info ][gc,marking    ] GC(20) Concurrent Mark From Roots
[2024-08-30T08:42:00.211+0000][8.437s][info ][gc,task       ] GC(20) Using 1 workers of 1 for marking
[2024-08-30T08:42:00.222+0000][8.448s][debug][safepoint     ] Safepoint synchronization initiated. (12 threads)
[2024-08-30T08:42:00.222+0000][8.448s][info ][safepoint     ] Application time: 0.0187274 seconds
[2024-08-30T08:42:00.222+0000][8.448s][info ][safepoint     ] Entering safepoint region: Deoptimize
[2024-08-30T08:42:00.223+0000][8.449s][info ][safepoint     ] Leaving safepoint region
[2024-08-30T08:42:00.223+0000][8.449s][info ][safepoint     ] Total time for which application threads were stopped: 0.0007480 seconds, Stopping threads took: 0.0000166 seconds
[2024-08-30T08:42:00.232+0000][8.458s][debug][safepoint     ] Safepoint synchronization initiated. (12 threads)
[2024-08-30T08:42:00.232+0000][8.458s][info ][safepoint     ] Application time: 0.0096900 seconds
[2024-08-30T08:42:00.232+0000][8.458s][info ][safepoint     ] Entering safepoint region: Deoptimize
[2024-08-30T08:42:00.233+0000][8.459s][info ][safepoint     ] Leaving safepoint region
[2024-08-30T08:42:00.233+0000][8.459s][info ][safepoint     ] Total time for which application threads were stopped: 0.0008386 seconds, Stopping threads took: 0.0000141 seconds
[2024-08-30T08:42:00.244+0000][8.470s][info ][gc,marking    ] GC(20) Concurrent Mark From Roots 33.160ms
[2024-08-30T08:42:00.244+0000][8.470s][info ][gc,marking    ] GC(20) Concurrent Preclean
[2024-08-30T08:42:00.244+0000][8.470s][info ][gc,marking    ] GC(20) Concurrent Preclean 0.092ms
[2024-08-30T08:42:00.244+0000][8.470s][info ][gc,marking    ] GC(20) Concurrent Mark (8.437s, 8.470s) 33.317ms
[2024-08-30T08:42:00.244+0000][8.470s][debug][safepoint     ] Safepoint synchronization initiated. (12 threads)
[2024-08-30T08:42:00.244+0000][8.471s][info ][safepoint     ] Application time: 0.0112277 seconds
[2024-08-30T08:42:00.244+0000][8.471s][debug][safepoint     ] Waiting for 1 thread(s) to block
[2024-08-30T08:42:00.244+0000][8.471s][info ][safepoint     ] Entering safepoint region: CGC_Operation
[2024-08-30T08:42:00.245+0000][8.471s][info ][gc,start      ] GC(20) Pause Remark
[2024-08-30T08:42:00.251+0000][8.477s][info ][gc,stringtable] GC(20) Cleaned string and symbol table, strings: 12326 processed, 31 removed, symbols: 122480 processed, 307 removed
[2024-08-30T08:42:00.251+0000][8.477s][info ][gc            ] GC(20) Pause Remark 34M->34M(312M) 6.659ms
[2024-08-30T08:42:00.251+0000][8.477s][info ][gc,cpu        ] GC(20) User=0.03s Sys=0.00s Real=0.01s
[2024-08-30T08:42:00.251+0000][8.477s][info ][safepoint     ] Leaving safepoint region
[2024-08-30T08:42:00.251+0000][8.477s][info ][safepoint     ] Total time for which application threads were stopped: 0.0069089 seconds, Stopping threads took: 0.0001044 seconds
[2024-08-30T08:42:00.251+0000][8.477s][info ][gc,marking    ] GC(20) Concurrent Rebuild Remembered Sets
[2024-08-30T08:42:00.263+0000][8.489s][debug][safepoint     ] Safepoint synchronization initiated. (12 threads)
[2024-08-30T08:42:00.263+0000][8.489s][info ][safepoint     ] Application time: 0.0116171 seconds
[2024-08-30T08:42:00.263+0000][8.489s][info ][safepoint     ] Entering safepoint region: Deoptimize
[2024-08-30T08:42:00.264+0000][8.490s][info ][safepoint     ] Leaving safepoint region
[2024-08-30T08:42:00.264+0000][8.490s][info ][safepoint     ] Total time for which application threads were stopped: 0.0006207 seconds, Stopping threads took: 0.0000161 seconds
[2024-08-30T08:42:00.269+0000][8.495s][info ][gc,marking    ] GC(20) Concurrent Rebuild Remembered Sets 17.972ms
[2024-08-30T08:42:00.269+0000][8.496s][debug][safepoint     ] Safepoint synchronization initiated. (12 threads)
[2024-08-30T08:42:00.269+0000][8.496s][info ][safepoint     ] Application time: 0.0058798 seconds
[2024-08-30T08:42:00.269+0000][8.496s][debug][safepoint     ] ... found polling page return exception at pc = 0x00007f9168f36fc5, stub =0x00007f9168824b00
[2024-08-30T08:42:00.270+0000][8.496s][debug][safepoint     ] Waiting for 1 thread(s) to block
[2024-08-30T08:42:00.270+0000][8.496s][info ][safepoint     ] Entering safepoint region: CGC_Operation
[2024-08-30T08:42:00.270+0000][8.496s][info ][gc,start      ] GC(20) Pause Cleanup
[2024-08-30T08:42:00.270+0000][8.496s][info ][gc            ] GC(20) Pause Cleanup 35M->35M(312M) 0.207ms
[2024-08-30T08:42:00.270+0000][8.496s][info ][gc,cpu        ] GC(20) User=0.00s Sys=0.00s Real=0.00s
[2024-08-30T08:42:00.270+0000][8.496s][info ][safepoint     ] Leaving safepoint region
[2024-08-30T08:42:00.270+0000][8.496s][info ][safepoint     ] Total time for which application threads were stopped: 0.0004666 seconds, Stopping threads took: 0.0001292 seconds
[2024-08-30T08:42:00.270+0000][8.496s][info ][gc,marking    ] GC(20) Concurrent Cleanup for Next Mark
[2024-08-30T08:42:00.274+0000][8.500s][info ][gc,marking    ] GC(20) Concurrent Cleanup for Next Mark 3.919ms
[2024-08-30T08:42:00.274+0000][8.500s][info ][gc            ] GC(20) Concurrent Cycle 70.911ms
[2024-08-30T08:42:00.298+0000][8.524s][debug][safepoint     ] Safepoint synchronization initiated. (12 threads)
[2024-08-30T08:42:00.298+0000][8.524s][info ][safepoint     ] Application time: 0.0282435 seconds
[2024-08-30T08:42:00.298+0000][8.524s][info ][safepoint     ] Entering safepoint region: Deoptimize
[2024-08-30T08:42:00.299+0000][8.525s][info ][safepoint     ] Leaving safepoint region
[2024-08-30T08:42:00.299+0000][8.525s][info ][safepoint     ] Total time for which application threads were stopped: 0.0004692 seconds, Stopping threads took: 0.0000130 seconds
[2024-08-30T08:42:00.583+0000][8.809s][debug][safepoint     ] Safepoint synchronization initiated. (11 threads)
[2024-08-30T08:42:00.583+0000][8.809s][info ][safepoint     ] Application time: 0.2846349 seconds
[2024-08-30T08:42:00.583+0000][8.809s][info ][safepoint     ] Entering safepoint region: Deoptimize
[2024-08-30T08:42:00.584+0000][8.810s][info ][safepoint     ] Leaving safepoint region
[2024-08-30T08:42:00.584+0000][8.810s][info ][safepoint     ] Total time for which application threads were stopped: 0.0010172 seconds, Stopping threads took: 0.0000331 seconds
[2024-08-30T08:42:00.621+0000][8.847s][debug][safepoint     ] Safepoint synchronization initiated. (11 threads)
[2024-08-30T08:42:00.621+0000][8.847s][info ][safepoint     ] Application time: 0.0362053 seconds
[2024-08-30T08:42:00.621+0000][8.847s][info ][safepoint     ] Entering safepoint region: Deoptimize
[2024-08-30T08:42:00.621+0000][8.847s][info ][safepoint     ] Leaving safepoint region
[2024-08-30T08:42:00.621+0000][8.847s][info ][safepoint     ] Total time for which application threads were stopped: 0.0006016 seconds, Stopping threads took: 0.0000330 seconds
[2024-08-30T08:42:00.935+0000][9.161s][debug][safepoint     ] Safepoint synchronization initiated. (11 threads)
[2024-08-30T08:42:00.935+0000][9.161s][info ][safepoint     ] Application time: 0.3134481 seconds
[2024-08-30T08:42:00.935+0000][9.161s][info ][safepoint     ] Entering safepoint region: G1CollectForAllocation
[2024-08-30T08:42:00.935+0000][9.161s][info ][gc,start      ] GC(21) Pause Young (Normal) (G1 Evacuation Pause)
[2024-08-30T08:42:00.935+0000][9.161s][info ][gc,task       ] GC(21) Using 4 workers of 4 for evacuation
[2024-08-30T08:42:00.948+0000][9.174s][info ][gc,phases     ] GC(21)   Pre Evacuate Collection Set: 0.0ms
[2024-08-30T08:42:00.948+0000][9.174s][info ][gc,phases     ] GC(21)   Evacuate Collection Set: 9.7ms
[2024-08-30T08:42:00.948+0000][9.174s][info ][gc,phases     ] GC(21)   Post Evacuate Collection Set: 3.0ms
[2024-08-30T08:42:00.948+0000][9.174s][info ][gc,phases     ] GC(21)   Other: 0.2ms
[2024-08-30T08:42:00.948+0000][9.174s][info ][gc,heap       ] GC(21) Eden regions: 176->0(175)
[2024-08-30T08:42:00.948+0000][9.174s][info ][gc,heap       ] GC(21) Survivor regions: 11->12(24)
[2024-08-30T08:42:00.948+0000][9.174s][info ][gc,heap       ] GC(21) Old regions: 20->20
[2024-08-30T08:42:00.948+0000][9.174s][info ][gc,heap       ] GC(21) Humongous regions: 0->0
[2024-08-30T08:42:00.948+0000][9.174s][info ][gc,metaspace  ] GC(21) Metaspace: 37773K(39120K)->37773K(39120K) NonClass: 33100K(34004K)->33100K(34004K) Class: 4672K(5116K)->4672K(5116K)
[2024-08-30T08:42:00.948+0000][9.175s][info ][gc            ] GC(21) Pause Young (Normal) (G1 Evacuation Pause) 205M->30M(312M) 13.144ms
[2024-08-30T08:42:00.948+0000][9.175s][info ][gc,cpu        ] GC(21) User=0.04s Sys=0.00s Real=0.01s
[2024-08-30T08:42:00.948+0000][9.175s][info ][safepoint     ] Leaving safepoint region
[2024-08-30T08:42:00.949+0000][9.175s][info ][safepoint     ] Total time for which application threads were stopped: 0.0137896 seconds, Stopping threads took: 0.0000176 seconds
[2024-08-30T08:42:00.949+0000][9.175s][info ][gc,stringdedup] Concurrent String Deduplication (9.175s)
[2024-08-30T08:42:00.950+0000][9.176s][info ][gc,stringdedup] Concurrent String Deduplication 273.8K->129.7K(144.1K) avg 39.8% (9.175s, 9.176s) 1.093ms
[2024-08-30T08:42:01.664+0000][9.890s][debug][safepoint     ] Safepoint synchronization initiated. (12 threads)
[2024-08-30T08:42:01.664+0000][9.890s][info ][safepoint     ] Application time: 0.7155558 seconds
[2024-08-30T08:42:01.664+0000][9.890s][debug][safepoint     ] Waiting for 1 thread(s) to block
[2024-08-30T08:42:01.664+0000][9.890s][info ][safepoint     ] Entering safepoint region: ICBufferFull
[2024-08-30T08:42:01.664+0000][9.890s][info ][safepoint     ] Leaving safepoint region
[2024-08-30T08:42:01.664+0000][9.890s][info ][safepoint     ] Total time for which application threads were stopped: 0.0002674 seconds, Stopping threads took: 0.0000452 seconds
[2024-08-30T08:42:01.755+0000][9.981s][debug][safepoint     ] Safepoint synchronization initiated. (12 threads)
[2024-08-30T08:42:01.755+0000][9.981s][info ][safepoint     ] Application time: 0.0907621 seconds
[2024-08-30T08:42:01.755+0000][9.981s][debug][safepoint     ] Waiting for 1 thread(s) to block
[2024-08-30T08:42:01.755+0000][9.981s][info ][safepoint     ] Entering safepoint region: G1CollectForAllocation
[2024-08-30T08:42:01.755+0000][9.981s][info ][gc,start      ] GC(22) Pause Young (Normal) (G1 Evacuation Pause)
[2024-08-30T08:42:01.755+0000][9.981s][info ][gc,task       ] GC(22) Using 4 workers of 4 for evacuation
[2024-08-30T08:42:01.773+0000][9.999s][info ][gc,phases     ] GC(22)   Pre Evacuate Collection Set: 0.0ms
[2024-08-30T08:42:01.773+0000][9.999s][info ][gc,phases     ] GC(22)   Evacuate Collection Set: 14.2ms
[2024-08-30T08:42:01.773+0000][9.999s][info ][gc,phases     ] GC(22)   Post Evacuate Collection Set: 3.0ms
[2024-08-30T08:42:01.773+0000][9.999s][info ][gc,phases     ] GC(22)   Other: 0.2ms
[2024-08-30T08:42:01.773+0000][9.999s][info ][gc,heap       ] GC(22) Eden regions: 175->0(175)
[2024-08-30T08:42:01.773+0000][9.999s][info ][gc,heap       ] GC(22) Survivor regions: 12->12(24)
[2024-08-30T08:42:01.773+0000][9.999s][info ][gc,heap       ] GC(22) Old regions: 20->22
[2024-08-30T08:42:01.773+0000][9.999s][info ][gc,heap       ] GC(22) Humongous regions: 0->0
[2024-08-30T08:42:01.773+0000][9.999s][info ][gc,metaspace  ] GC(22) Metaspace: 40520K(41680K)->40520K(41680K) NonClass: 35547K(36308K)->35547K(36308K) Class: 4972K(5372K)->4972K(5372K)
[2024-08-30T08:42:01.773+0000][9.999s][info ][gc            ] GC(22) Pause Young (Normal) (G1 Evacuation Pause) 205M->31M(312M) 17.534ms
[2024-08-30T08:42:01.773+0000][9.999s][info ][gc,cpu        ] GC(22) User=0.07s Sys=0.00s Real=0.02s
[2024-08-30T08:42:01.773+0000][9.999s][info ][safepoint     ] Leaving safepoint region
[2024-08-30T08:42:01.773+0000][9.999s][info ][safepoint     ] Total time for which application threads were stopped: 0.0177660 seconds, Stopping threads took: 0.0000471 seconds
[2024-08-30T08:42:01.773+0000][9.999s][info ][gc,stringdedup] Concurrent String Deduplication (9.999s)
[2024-08-30T08:42:01.773+0000][9.999s][info ][gc,stringdedup] Concurrent String Deduplication 34936.0B->15608.0B(19328.0B) avg 39.9% (9.999s, 9.999s) 0.293ms
[2024-08-30T08:42:02.542+0000][10.768s][debug][safepoint     ] Safepoint synchronization initiated. (12 threads)
[2024-08-30T08:42:02.542+0000][10.768s][info ][safepoint     ] Application time: 0.7690667 seconds
[2024-08-30T08:42:02.542+0000][10.768s][debug][safepoint     ] Waiting for 1 thread(s) to block
[2024-08-30T08:42:02.542+0000][10.768s][info ][safepoint     ] Entering safepoint region: Deoptimize
[2024-08-30T08:42:02.543+0000][10.769s][info ][safepoint     ] Leaving safepoint region
[2024-08-30T08:42:02.543+0000][10.769s][info ][safepoint     ] Total time for which application threads were stopped: 0.0012530 seconds, Stopping threads took: 0.0000466 seconds
[2024-08-30T08:42:02.563+0000][10.789s][debug][safepoint     ] Safepoint synchronization initiated. (12 threads)
[2024-08-30T08:42:02.563+0000][10.789s][info ][safepoint     ] Application time: 0.0198773 seconds
[2024-08-30T08:42:02.563+0000][10.789s][info ][safepoint     ] Entering safepoint region: Deoptimize
[2024-08-30T08:42:02.563+0000][10.790s][info ][safepoint     ] Leaving safepoint region
[2024-08-30T08:42:02.563+0000][10.790s][info ][safepoint     ] Total time for which application threads were stopped: 0.0003028 seconds, Stopping threads took: 0.0000132 seconds
[2024-08-30T08:42:02.595+0000][10.821s][debug][safepoint     ] Safepoint synchronization initiated. (12 threads)
[2024-08-30T08:42:02.595+0000][10.821s][info ][safepoint     ] Application time: 0.0316994 seconds
[2024-08-30T08:42:02.595+0000][10.821s][info ][safepoint     ] Entering safepoint region: Deoptimize
[2024-08-30T08:42:02.596+0000][10.822s][info ][safepoint     ] Leaving safepoint region
[2024-08-30T08:42:02.596+0000][10.822s][info ][safepoint     ] Total time for which application threads were stopped: 0.0004765 seconds, Stopping threads took: 0.0000214 seconds
[2024-08-30T08:42:02.806+0000][11.032s][debug][safepoint     ] Safepoint synchronization initiated. (12 threads)
[2024-08-30T08:42:02.806+0000][11.032s][info ][safepoint     ] Application time: 0.2102139 seconds
[2024-08-30T08:42:02.806+0000][11.032s][info ][safepoint     ] Entering safepoint region: G1CollectForAllocation
[2024-08-30T08:42:02.806+0000][11.032s][info ][gc,start      ] GC(23) Pause Young (Normal) (G1 Evacuation Pause)
[2024-08-30T08:42:02.806+0000][11.032s][info ][gc,task       ] GC(23) Using 4 workers of 4 for evacuation
[2024-08-30T08:42:02.828+0000][11.054s][info ][gc,phases     ] GC(23)   Pre Evacuate Collection Set: 0.0ms
[2024-08-30T08:42:02.828+0000][11.054s][info ][gc,phases     ] GC(23)   Evacuate Collection Set: 17.8ms
[2024-08-30T08:42:02.828+0000][11.054s][info ][gc,phases     ] GC(23)   Post Evacuate Collection Set: 3.6ms
[2024-08-30T08:42:02.828+0000][11.054s][info ][gc,phases     ] GC(23)   Other: 0.2ms
[2024-08-30T08:42:02.828+0000][11.054s][info ][gc,heap       ] GC(23) Eden regions: 175->0(176)
[2024-08-30T08:42:02.828+0000][11.054s][info ][gc,heap       ] GC(23) Survivor regions: 12->11(24)
[2024-08-30T08:42:02.828+0000][11.054s][info ][gc,heap       ] GC(23) Old regions: 22->25
[2024-08-30T08:42:02.828+0000][11.054s][info ][gc,heap       ] GC(23) Humongous regions: 0->0
[2024-08-30T08:42:02.828+0000][11.054s][info ][gc,metaspace  ] GC(23) Metaspace: 43936K(45264K)->43936K(45264K) NonClass: 38503K(39380K)->38503K(39380K) Class: 5432K(5884K)->5432K(5884K)
[2024-08-30T08:42:02.828+0000][11.054s][info ][gc            ] GC(23) Pause Young (Normal) (G1 Evacuation Pause) 206M->33M(312M) 21.828ms
[2024-08-30T08:42:02.828+0000][11.054s][info ][gc,cpu        ] GC(23) User=0.07s Sys=0.00s Real=0.02s
[2024-08-30T08:42:02.828+0000][11.054s][info ][safepoint     ] Leaving safepoint region
[2024-08-30T08:42:02.828+0000][11.054s][info ][safepoint     ] Total time for which application threads were stopped: 0.0221598 seconds, Stopping threads took: 0.0000164 seconds
[2024-08-30T08:42:02.828+0000][11.054s][info ][gc,stringdedup] Concurrent String Deduplication (11.054s)
[2024-08-30T08:42:02.829+0000][11.055s][info ][gc,stringdedup] Concurrent String Deduplication 122.1K->39408.0B(85608.0B) avg 40.3% (11.054s, 11.055s) 0.773ms
[2024-08-30T08:42:02.954+0000][11.180s][debug][safepoint     ] Safepoint synchronization initiated. (12 threads)
[2024-08-30T08:42:02.954+0000][11.180s][info ][safepoint     ] Application time: 0.1258800 seconds
[2024-08-30T08:42:02.954+0000][11.180s][info ][safepoint     ] Entering safepoint region: Deoptimize
[2024-08-30T08:42:02.955+0000][11.181s][info ][safepoint     ] Leaving safepoint region
[2024-08-30T08:42:02.955+0000][11.181s][info ][safepoint     ] Total time for which application threads were stopped: 0.0008019 seconds, Stopping threads took: 0.0000167 seconds
[2024-08-30T08:42:02.956+0000][11.182s][debug][safepoint     ] Safepoint synchronization initiated. (12 threads)
[2024-08-30T08:42:02.956+0000][11.182s][info ][safepoint     ] Application time: 0.0012352 seconds
[2024-08-30T08:42:02.956+0000][11.182s][info ][safepoint     ] Entering safepoint region: Deoptimize
[2024-08-30T08:42:02.956+0000][11.182s][info ][safepoint     ] Leaving safepoint region
[2024-08-30T08:42:02.956+0000][11.182s][info ][safepoint     ] Total time for which application threads were stopped: 0.0002694 seconds, Stopping threads took: 0.0000129 seconds
[2024-08-30T08:42:03.056+0000][11.283s][debug][safepoint     ] Safepoint synchronization initiated. (12 threads)
[2024-08-30T08:42:03.057+0000][11.283s][info ][safepoint     ] Application time: 0.1002232 seconds
[2024-08-30T08:42:03.057+0000][11.283s][info ][safepoint     ] Entering safepoint region: Deoptimize
[2024-08-30T08:42:03.057+0000][11.284s][info ][safepoint     ] Leaving safepoint region
[2024-08-30T08:42:03.057+0000][11.284s][info ][safepoint     ] Total time for which application threads were stopped: 0.0009440 seconds, Stopping threads took: 0.0000164 seconds
[2024-08-30T08:42:03.417+0000][11.643s][debug][safepoint     ] Safepoint synchronization initiated. (12 threads)
[2024-08-30T08:42:03.417+0000][11.643s][info ][safepoint     ] Application time: 0.3592903 seconds
[2024-08-30T08:42:03.417+0000][11.643s][info ][safepoint     ] Entering safepoint region: Deoptimize
[2024-08-30T08:42:03.418+0000][11.644s][info ][safepoint     ] Leaving safepoint region
[2024-08-30T08:42:03.418+0000][11.644s][info ][safepoint     ] Total time for which application threads were stopped: 0.0010519 seconds, Stopping threads took: 0.0000175 seconds
[2024-08-30T08:42:03.419+0000][11.645s][debug][safepoint     ] Safepoint synchronization initiated. (12 threads)
[2024-08-30T08:42:03.419+0000][11.645s][info ][safepoint     ] Application time: 0.0007458 seconds
[2024-08-30T08:42:03.419+0000][11.645s][info ][safepoint     ] Entering safepoint region: Deoptimize
[2024-08-30T08:42:03.419+0000][11.645s][info ][safepoint     ] Leaving safepoint region
[2024-08-30T08:42:03.419+0000][11.645s][info ][safepoint     ] Total time for which application threads were stopped: 0.0002943 seconds, Stopping threads took: 0.0000133 seconds
[2024-08-30T08:42:03.644+0000][11.870s][debug][safepoint     ] Safepoint synchronization initiated. (12 threads)
[2024-08-30T08:42:03.644+0000][11.870s][info ][safepoint     ] Application time: 0.2253802 seconds
[2024-08-30T08:42:03.644+0000][11.870s][debug][safepoint     ] Waiting for 1 thread(s) to block
[2024-08-30T08:42:03.644+0000][11.871s][info ][safepoint     ] Entering safepoint region: Deoptimize
[2024-08-30T08:42:03.645+0000][11.871s][info ][safepoint     ] Leaving safepoint region
[2024-08-30T08:42:03.645+0000][11.871s][info ][safepoint     ] Total time for which application threads were stopped: 0.0009919 seconds, Stopping threads took: 0.0000459 seconds
[2024-08-30T08:42:03.817+0000][12.043s][debug][safepoint     ] Safepoint synchronization initiated. (12 threads)
[2024-08-30T08:42:03.817+0000][12.044s][info ][safepoint     ] Application time: 0.1720535 seconds
[2024-08-30T08:42:03.817+0000][12.044s][debug][safepoint     ] Waiting for 1 thread(s) to block
[2024-08-30T08:42:03.817+0000][12.044s][info ][safepoint     ] Entering safepoint region: Deoptimize
[2024-08-30T08:42:03.818+0000][12.045s][info ][safepoint     ] Leaving safepoint region
[2024-08-30T08:42:03.818+0000][12.045s][info ][safepoint     ] Total time for which application threads were stopped: 0.0010555 seconds, Stopping threads took: 0.0000539 seconds
[2024-08-30T08:42:03.874+0000][12.100s][debug][safepoint     ] Safepoint synchronization initiated. (12 threads)
[2024-08-30T08:42:03.874+0000][12.100s][info ][safepoint     ] Application time: 0.0558369 seconds
[2024-08-30T08:42:03.874+0000][12.100s][debug][safepoint     ] Waiting for 1 thread(s) to block
[2024-08-30T08:42:03.874+0000][12.101s][info ][safepoint     ] Entering safepoint region: G1CollectForAllocation
[2024-08-30T08:42:03.875+0000][12.101s][info ][gc,start      ] GC(24) Pause Young (Normal) (G1 Evacuation Pause)
[2024-08-30T08:42:03.875+0000][12.101s][info ][gc,task       ] GC(24) Using 4 workers of 4 for evacuation
[2024-08-30T08:42:03.892+0000][12.118s][info ][gc,phases     ] GC(24)   Pre Evacuate Collection Set: 0.0ms
[2024-08-30T08:42:03.892+0000][12.118s][info ][gc,phases     ] GC(24)   Evacuate Collection Set: 15.1ms
[2024-08-30T08:42:03.892+0000][12.119s][info ][gc,phases     ] GC(24)   Post Evacuate Collection Set: 2.5ms
[2024-08-30T08:42:03.892+0000][12.119s][info ][gc,phases     ] GC(24)   Other: 0.2ms
[2024-08-30T08:42:03.892+0000][12.119s][info ][gc,heap       ] GC(24) Eden regions: 176->0(174)
[2024-08-30T08:42:03.892+0000][12.119s][info ][gc,heap       ] GC(24) Survivor regions: 11->13(24)
[2024-08-30T08:42:03.892+0000][12.119s][info ][gc,heap       ] GC(24) Old regions: 25->26
[2024-08-30T08:42:03.892+0000][12.119s][info ][gc,heap       ] GC(24) Humongous regions: 0->0
[2024-08-30T08:42:03.892+0000][12.119s][info ][gc,metaspace  ] GC(24) Metaspace: 48767K(50128K)->48767K(50128K) NonClass: 42679K(43476K)->42679K(43476K) Class: 6088K(6652K)->6088K(6652K)
[2024-08-30T08:42:03.893+0000][12.119s][info ][gc            ] GC(24) Pause Young (Normal) (G1 Evacuation Pause) 209M->37M(312M) 17.980ms
[2024-08-30T08:42:03.893+0000][12.119s][info ][gc,cpu        ] GC(24) User=0.06s Sys=0.00s Real=0.02s
[2024-08-30T08:42:03.893+0000][12.119s][info ][safepoint     ] Leaving safepoint region
[2024-08-30T08:42:03.893+0000][12.119s][info ][safepoint     ] Total time for which application threads were stopped: 0.0182196 seconds, Stopping threads took: 0.0000459 seconds
[2024-08-30T08:42:03.893+0000][12.119s][info ][gc,stringdedup] Concurrent String Deduplication (12.119s)
[2024-08-30T08:42:03.894+0000][12.120s][info ][gc,stringdedup] Concurrent String Deduplication 311.8K->83080.0B(230.7K) avg 41.5% (12.119s, 12.120s) 1.480ms
[2024-08-30T08:42:04.206+0000][12.432s][debug][safepoint     ] Safepoint synchronization initiated. (12 threads)
[2024-08-30T08:42:04.206+0000][12.432s][info ][safepoint     ] Application time: 0.3137113 seconds
[2024-08-30T08:42:04.206+0000][12.432s][info ][safepoint     ] Entering safepoint region: Deoptimize
[2024-08-30T08:42:04.207+0000][12.434s][info ][safepoint     ] Leaving safepoint region
[2024-08-30T08:42:04.207+0000][12.434s][info ][safepoint     ] Total time for which application threads were stopped: 0.0011570 seconds, Stopping threads took: 0.0000175 seconds
[2024-08-30T08:42:05.208+0000][13.434s][debug][safepoint     ] Safepoint synchronization initiated. (15 threads)
[2024-08-30T08:42:05.208+0000][13.434s][info ][safepoint     ] Application time: 1.0002821 seconds
[2024-08-30T08:42:05.208+0000][13.434s][info ][safepoint     ] Entering safepoint region: Cleanup
[2024-08-30T08:42:05.208+0000][13.434s][info ][safepoint     ] Leaving safepoint region
[2024-08-30T08:42:05.208+0000][13.434s][info ][safepoint     ] Total time for which application threads were stopped: 0.0005016 seconds, Stopping threads took: 0.0000723 seconds
[2024-08-30T08:42:05.302+0000][13.528s][debug][safepoint     ] Safepoint synchronization initiated. (15 threads)
[2024-08-30T08:42:05.302+0000][13.528s][info ][safepoint     ] Application time: 0.0936881 seconds
[2024-08-30T08:42:05.302+0000][13.528s][info ][safepoint     ] Entering safepoint region: Deoptimize
[2024-08-30T08:42:05.303+0000][13.529s][info ][safepoint     ] Leaving safepoint region
[2024-08-30T08:42:05.303+0000][13.529s][info ][safepoint     ] Total time for which application threads were stopped: 0.0012140 seconds, Stopping threads took: 0.0000201 seconds
[2024-08-30T08:42:05.389+0000][13.615s][debug][safepoint     ] Safepoint synchronization initiated. (15 threads)
[2024-08-30T08:42:05.389+0000][13.615s][info ][safepoint     ] Application time: 0.0855207 seconds
[2024-08-30T08:42:05.389+0000][13.615s][info ][safepoint     ] Entering safepoint region: Deoptimize
[2024-08-30T08:42:05.390+0000][13.616s][info ][safepoint     ] Leaving safepoint region
[2024-08-30T08:42:05.390+0000][13.616s][info ][safepoint     ] Total time for which application threads were stopped: 0.0012022 seconds, Stopping threads took: 0.0000178 seconds
[2024-08-30T08:42:05.764+0000][13.991s][debug][safepoint     ] Safepoint synchronization initiated. (15 threads)
[2024-08-30T08:42:05.764+0000][13.991s][info ][safepoint     ] Application time: 0.3744940 seconds
[2024-08-30T08:42:05.765+0000][13.991s][info ][safepoint     ] Entering safepoint region: ICBufferFull
[2024-08-30T08:42:05.765+0000][13.991s][info ][safepoint     ] Leaving safepoint region
[2024-08-30T08:42:05.765+0000][13.991s][info ][safepoint     ] Total time for which application threads were stopped: 0.0003915 seconds, Stopping threads took: 0.0000191 seconds
[2024-08-30T08:42:06.092+0000][14.318s][debug][safepoint     ] Safepoint synchronization initiated. (15 threads)
[2024-08-30T08:42:06.092+0000][14.318s][info ][safepoint     ] Application time: 0.3268046 seconds
[2024-08-30T08:42:06.092+0000][14.318s][info ][safepoint     ] Entering safepoint region: G1CollectForAllocation
[2024-08-30T08:42:06.092+0000][14.318s][info ][gc,start      ] GC(25) Pause Young (Normal) (G1 Evacuation Pause)
[2024-08-30T08:42:06.092+0000][14.318s][info ][gc,task       ] GC(25) Using 4 workers of 4 for evacuation
[2024-08-30T08:42:06.112+0000][14.338s][info ][gc,phases     ] GC(25)   Pre Evacuate Collection Set: 0.0ms
[2024-08-30T08:42:06.112+0000][14.338s][info ][gc,phases     ] GC(25)   Evacuate Collection Set: 14.7ms
[2024-08-30T08:42:06.112+0000][14.338s][info ][gc,phases     ] GC(25)   Post Evacuate Collection Set: 4.5ms
[2024-08-30T08:42:06.112+0000][14.338s][info ][gc,phases     ] GC(25)   Other: 0.4ms
[2024-08-30T08:42:06.112+0000][14.338s][info ][gc,heap       ] GC(25) Eden regions: 174->0(209)
[2024-08-30T08:42:06.112+0000][14.338s][info ][gc,heap       ] GC(25) Survivor regions: 13->16(24)
[2024-08-30T08:42:06.112+0000][14.338s][info ][gc,heap       ] GC(25) Old regions: 26->26
[2024-08-30T08:42:06.112+0000][14.338s][info ][gc,heap       ] GC(25) Humongous regions: 0->0
[2024-08-30T08:42:06.112+0000][14.338s][info ][gc,metaspace  ] GC(25) Metaspace: 55004K(56528K)->55004K(56528K) NonClass: 48234K(49108K)->48234K(49108K) Class: 6769K(7420K)->6769K(7420K)
[2024-08-30T08:42:06.112+0000][14.338s][info ][gc            ] GC(25) Pause Young (Normal) (G1 Evacuation Pause) 211M->40M(375M) 19.847ms
[2024-08-30T08:42:06.112+0000][14.338s][info ][gc,cpu        ] GC(25) User=0.07s Sys=0.00s Real=0.02s
[2024-08-30T08:42:06.112+0000][14.338s][info ][safepoint     ] Leaving safepoint region
[2024-08-30T08:42:06.112+0000][14.338s][info ][safepoint     ] Total time for which application threads were stopped: 0.0203937 seconds, Stopping threads took: 0.0000380 seconds
[2024-08-30T08:42:06.114+0000][14.340s][info ][gc,stringdedup] Concurrent String Deduplication (14.340s)
[2024-08-30T08:42:06.116+0000][14.342s][info ][gc,stringdedup] Concurrent String Deduplication 177.1K->76040.0B(102.9K) avg 41.8% (14.340s, 14.342s) 2.305ms
[2024-08-30T08:42:06.928+0000][15.154s][debug][safepoint     ] Safepoint synchronization initiated. (14 threads)
[2024-08-30T08:42:06.928+0000][15.154s][info ][safepoint     ] Application time: 0.8157715 seconds
[2024-08-30T08:42:06.928+0000][15.154s][info ][safepoint     ] Entering safepoint region: G1CollectForAllocation
[2024-08-30T08:42:06.928+0000][15.154s][info ][gc,start      ] GC(26) Pause Young (Normal) (G1 Evacuation Pause)
[2024-08-30T08:42:06.928+0000][15.154s][info ][gc,task       ] GC(26) Using 4 workers of 4 for evacuation
[2024-08-30T08:42:06.946+0000][15.172s][info ][gc,phases     ] GC(26)   Pre Evacuate Collection Set: 0.0ms
[2024-08-30T08:42:06.946+0000][15.172s][info ][gc,phases     ] GC(26)   Evacuate Collection Set: 15.2ms
[2024-08-30T08:42:06.946+0000][15.173s][info ][gc,phases     ] GC(26)   Post Evacuate Collection Set: 2.7ms
[2024-08-30T08:42:06.946+0000][15.173s][info ][gc,phases     ] GC(26)   Other: 0.3ms
[2024-08-30T08:42:06.946+0000][15.173s][info ][gc,heap       ] GC(26) Eden regions: 209->0(209)
[2024-08-30T08:42:06.946+0000][15.173s][info ][gc,heap       ] GC(26) Survivor regions: 16->16(29)
[2024-08-30T08:42:06.946+0000][15.173s][info ][gc,heap       ] GC(26) Old regions: 26->27
[2024-08-30T08:42:06.946+0000][15.173s][info ][gc,heap       ] GC(26) Humongous regions: 0->0
[2024-08-30T08:42:06.946+0000][15.173s][info ][gc,metaspace  ] GC(26) Metaspace: 58740K(60240K)->58740K(60240K) NonClass: 51288K(52180K)->51288K(52180K) Class: 7452K(8060K)->7452K(8060K)
[2024-08-30T08:42:06.947+0000][15.173s][info ][gc            ] GC(26) Pause Young (Normal) (G1 Evacuation Pause) 249M->40M(375M) 18.302ms
[2024-08-30T08:42:06.947+0000][15.173s][info ][gc,cpu        ] GC(26) User=0.07s Sys=0.00s Real=0.02s
[2024-08-30T08:42:06.947+0000][15.173s][info ][safepoint     ] Leaving safepoint region
[2024-08-30T08:42:06.947+0000][15.173s][info ][safepoint     ] Total time for which application threads were stopped: 0.0186174 seconds, Stopping threads took: 0.0000374 seconds
[2024-08-30T08:42:06.947+0000][15.173s][info ][gc,stringdedup] Concurrent String Deduplication (15.173s)
[2024-08-30T08:42:06.949+0000][15.175s][info ][gc,stringdedup] Concurrent String Deduplication 194.5K->82000.0B(114.4K) avg 42.2% (15.173s, 15.175s) 1.907ms
[2024-08-30T08:42:07.027+0000][15.253s][debug][safepoint     ] Safepoint synchronization initiated. (15 threads)
[2024-08-30T08:42:07.027+0000][15.253s][info ][safepoint     ] Application time: 0.0800793 seconds
[2024-08-30T08:42:07.027+0000][15.253s][debug][safepoint     ] Waiting for 1 thread(s) to block
[2024-08-30T08:42:07.027+0000][15.253s][info ][safepoint     ] Entering safepoint region: CollectForMetadataAllocation
[2024-08-30T08:42:07.027+0000][15.253s][info ][gc,start      ] GC(27) Pause Young (Concurrent Start) (Metadata GC Threshold)
[2024-08-30T08:42:07.027+0000][15.253s][info ][gc,task       ] GC(27) Using 4 workers of 4 for evacuation
[2024-08-30T08:42:07.045+0000][15.271s][info ][gc,phases     ] GC(27)   Pre Evacuate Collection Set: 0.2ms
[2024-08-30T08:42:07.045+0000][15.271s][info ][gc,phases     ] GC(27)   Evacuate Collection Set: 15.3ms
[2024-08-30T08:42:07.045+0000][15.271s][info ][gc,phases     ] GC(27)   Post Evacuate Collection Set: 2.3ms
[2024-08-30T08:42:07.045+0000][15.271s][info ][gc,phases     ] GC(27)   Other: 0.3ms
[2024-08-30T08:42:07.045+0000][15.271s][info ][gc,heap       ] GC(27) Eden regions: 20->0(210)
[2024-08-30T08:42:07.045+0000][15.271s][info ][gc,heap       ] GC(27) Survivor regions: 16->15(29)
[2024-08-30T08:42:07.045+0000][15.271s][info ][gc,heap       ] GC(27) Old regions: 27->27
[2024-08-30T08:42:07.045+0000][15.271s][info ][gc,heap       ] GC(27) Humongous regions: 0->0
[2024-08-30T08:42:07.045+0000][15.271s][info ][gc,metaspace  ] GC(27) Metaspace: 59084K(60496K)->59084K(60496K) NonClass: 51585K(52436K)->51585K(52436K) Class: 7498K(8060K)->7498K(8060K)
[2024-08-30T08:42:07.045+0000][15.271s][info ][gc            ] GC(27) Pause Young (Concurrent Start) (Metadata GC Threshold) 60M->39M(375M) 18.248ms
[2024-08-30T08:42:07.045+0000][15.271s][info ][gc,cpu        ] GC(27) User=0.06s Sys=0.00s Real=0.02s
[2024-08-30T08:42:07.045+0000][15.271s][info ][safepoint     ] Leaving safepoint region
[2024-08-30T08:42:07.045+0000][15.271s][info ][safepoint     ] Total time for which application threads were stopped: 0.0185930 seconds, Stopping threads took: 0.0000499 seconds
[2024-08-30T08:42:07.045+0000][15.271s][info ][gc            ] GC(28) Concurrent Cycle
[2024-08-30T08:42:07.045+0000][15.271s][info ][gc,marking    ] GC(28) Concurrent Clear Claimed Marks
[2024-08-30T08:42:07.045+0000][15.271s][info ][gc,stringdedup] Concurrent String Deduplication (15.271s)
[2024-08-30T08:42:07.045+0000][15.272s][info ][gc,marking    ] GC(28) Concurrent Clear Claimed Marks 0.074ms
[2024-08-30T08:42:07.045+0000][15.272s][info ][gc,marking    ] GC(28) Concurrent Scan Root Regions
[2024-08-30T08:42:07.048+0000][15.274s][info ][gc,stringdedup] Concurrent String Deduplication 335.8K->152.3K(183.5K) avg 42.6% (15.271s, 15.274s) 2.525ms
[2024-08-30T08:42:07.059+0000][15.285s][info ][gc,marking    ] GC(28) Concurrent Scan Root Regions 13.731ms
[2024-08-30T08:42:07.059+0000][15.285s][info ][gc,marking    ] GC(28) Concurrent Mark (15.285s)
[2024-08-30T08:42:07.059+0000][15.285s][info ][gc,marking    ] GC(28) Concurrent Mark From Roots
[2024-08-30T08:42:07.059+0000][15.285s][info ][gc,task       ] GC(28) Using 1 workers of 1 for marking
[2024-08-30T08:42:07.088+0000][15.314s][debug][safepoint     ] Safepoint synchronization initiated. (15 threads)
[2024-08-30T08:42:07.088+0000][15.314s][info ][safepoint     ] Application time: 0.0428269 seconds
[2024-08-30T08:42:07.088+0000][15.314s][info ][safepoint     ] Entering safepoint region: CollectForMetadataAllocation
[2024-08-30T08:42:07.088+0000][15.314s][info ][safepoint     ] Leaving safepoint region
[2024-08-30T08:42:07.088+0000][15.314s][info ][safepoint     ] Total time for which application threads were stopped: 0.0001962 seconds, Stopping threads took: 0.0000165 seconds
[2024-08-30T08:42:07.104+0000][15.330s][info ][gc,marking    ] GC(28) Concurrent Mark From Roots 44.997ms
[2024-08-30T08:42:07.104+0000][15.330s][info ][gc,marking    ] GC(28) Concurrent Preclean
[2024-08-30T08:42:07.104+0000][15.331s][info ][gc,marking    ] GC(28) Concurrent Preclean 0.143ms
[2024-08-30T08:42:07.104+0000][15.331s][info ][gc,marking    ] GC(28) Concurrent Mark (15.285s, 15.331s) 45.200ms
[2024-08-30T08:42:07.104+0000][15.331s][debug][safepoint     ] Safepoint synchronization initiated. (15 threads)
[2024-08-30T08:42:07.104+0000][15.331s][info ][safepoint     ] Application time: 0.0161529 seconds
[2024-08-30T08:42:07.106+0000][15.332s][debug][safepoint     ] ... found polling page loop exception at pc = 0x00007f91703bb27b, stub =0x00007f9168826680
[2024-08-30T08:42:07.106+0000][15.332s][debug][safepoint     ] Waiting for 1 thread(s) to block
[2024-08-30T08:42:07.106+0000][15.332s][info ][safepoint     ] Entering safepoint region: CGC_Operation
[2024-08-30T08:42:07.106+0000][15.332s][info ][gc,start      ] GC(28) Pause Remark
[2024-08-30T08:42:07.116+0000][15.342s][info ][gc,stringtable] GC(28) Cleaned string and symbol table, strings: 23616 processed, 0 removed, symbols: 194231 processed, 198 removed
[2024-08-30T08:42:07.117+0000][15.343s][info ][gc            ] GC(28) Pause Remark 48M->48M(375M) 10.741ms
[2024-08-30T08:42:07.117+0000][15.343s][info ][gc,cpu        ] GC(28) User=0.04s Sys=0.00s Real=0.01s
[2024-08-30T08:42:07.117+0000][15.343s][info ][safepoint     ] Leaving safepoint region
[2024-08-30T08:42:07.117+0000][15.343s][info ][safepoint     ] Total time for which application threads were stopped: 0.0121470 seconds, Stopping threads took: 0.0012218 seconds
[2024-08-30T08:42:07.117+0000][15.343s][info ][gc,marking    ] GC(28) Concurrent Rebuild Remembered Sets
[2024-08-30T08:42:07.142+0000][15.368s][info ][gc,marking    ] GC(28) Concurrent Rebuild Remembered Sets 25.384ms
[2024-08-30T08:42:07.142+0000][15.368s][debug][safepoint     ] Safepoint synchronization initiated. (15 threads)
[2024-08-30T08:42:07.142+0000][15.368s][info ][safepoint     ] Application time: 0.0255634 seconds
[2024-08-30T08:42:07.142+0000][15.368s][info ][safepoint     ] Entering safepoint region: CGC_Operation
[2024-08-30T08:42:07.142+0000][15.368s][info ][gc,start      ] GC(28) Pause Cleanup
[2024-08-30T08:42:07.143+0000][15.369s][info ][gc            ] GC(28) Pause Cleanup 49M->49M(375M) 0.201ms
[2024-08-30T08:42:07.143+0000][15.369s][info ][gc,cpu        ] GC(28) User=0.00s Sys=0.00s Real=0.00s
[2024-08-30T08:42:07.143+0000][15.369s][info ][safepoint     ] Leaving safepoint region
[2024-08-30T08:42:07.143+0000][15.369s][info ][safepoint     ] Total time for which application threads were stopped: 0.0003548 seconds, Stopping threads took: 0.0000169 seconds
[2024-08-30T08:42:07.143+0000][15.369s][info ][gc,marking    ] GC(28) Concurrent Cleanup for Next Mark
[2024-08-30T08:42:07.145+0000][15.371s][info ][gc,marking    ] GC(28) Concurrent Cleanup for Next Mark 2.748ms
[2024-08-30T08:42:07.145+0000][15.372s][info ][gc            ] GC(28) Concurrent Cycle 100.131ms
[2024-08-30T08:42:07.790+0000][16.016s][debug][safepoint     ] Safepoint synchronization initiated. (18 threads)
[2024-08-30T08:42:07.790+0000][16.016s][info ][safepoint     ] Application time: 0.6472962 seconds
[2024-08-30T08:42:07.790+0000][16.016s][debug][safepoint     ] Waiting for 2 thread(s) to block
[2024-08-30T08:42:07.790+0000][16.016s][info ][safepoint     ] Entering safepoint region: ICBufferFull
[2024-08-30T08:42:07.792+0000][16.018s][info ][safepoint     ] Leaving safepoint region
[2024-08-30T08:42:07.792+0000][16.018s][info ][safepoint     ] Total time for which application threads were stopped: 0.0021978 seconds, Stopping threads took: 0.0000618 seconds
[2024-08-30T08:42:08.003+0000][16.229s][debug][safepoint     ] Safepoint synchronization initiated. (18 threads)
[2024-08-30T08:42:08.003+0000][16.229s][info ][safepoint     ] Application time: 0.2106145 seconds
[2024-08-30T08:42:08.003+0000][16.229s][info ][safepoint     ] Entering safepoint region: Deoptimize
[2024-08-30T08:42:08.004+0000][16.230s][info ][safepoint     ] Leaving safepoint region
[2024-08-30T08:42:08.004+0000][16.230s][info ][safepoint     ] Total time for which application threads were stopped: 0.0013265 seconds, Stopping threads took: 0.0000190 seconds
[2024-08-30T08:42:08.061+0000][16.287s][debug][safepoint     ] Safepoint synchronization initiated. (18 threads)
[2024-08-30T08:42:08.061+0000][16.287s][info ][safepoint     ] Application time: 0.0564899 seconds
[2024-08-30T08:42:08.061+0000][16.287s][info ][safepoint     ] Entering safepoint region: Deoptimize
[2024-08-30T08:42:08.062+0000][16.288s][info ][safepoint     ] Leaving safepoint region
[2024-08-30T08:42:08.062+0000][16.288s][info ][safepoint     ] Total time for which application threads were stopped: 0.0017702 seconds, Stopping threads took: 0.0000193 seconds
[2024-08-30T08:42:08.264+0000][16.490s][debug][safepoint     ] Safepoint synchronization initiated. (17 threads)
[2024-08-30T08:42:08.264+0000][16.490s][info ][safepoint     ] Application time: 0.2015620 seconds
[2024-08-30T08:42:08.264+0000][16.490s][info ][safepoint     ] Entering safepoint region: G1CollectForAllocation
[2024-08-30T08:42:08.264+0000][16.490s][info ][gc,start      ] GC(29) Pause Young (Concurrent Start) (G1 Evacuation Pause)
[2024-08-30T08:42:08.264+0000][16.490s][info ][gc,task       ] GC(29) Using 4 workers of 4 for evacuation
[2024-08-30T08:42:08.294+0000][16.520s][info ][gc,phases     ] GC(29)   Pre Evacuate Collection Set: 0.2ms
[2024-08-30T08:42:08.294+0000][16.520s][info ][gc,phases     ] GC(29)   Evacuate Collection Set: 26.4ms
[2024-08-30T08:42:08.294+0000][16.520s][info ][gc,phases     ] GC(29)   Post Evacuate Collection Set: 3.2ms
[2024-08-30T08:42:08.294+0000][16.521s][info ][gc,phases     ] GC(29)   Other: 0.3ms
[2024-08-30T08:42:08.294+0000][16.521s][info ][gc,heap       ] GC(29) Eden regions: 210->0(207)
[2024-08-30T08:42:08.294+0000][16.521s][info ][gc,heap       ] GC(29) Survivor regions: 15->18(29)
[2024-08-30T08:42:08.294+0000][16.521s][info ][gc,heap       ] GC(29) Old regions: 27->28
[2024-08-30T08:42:08.294+0000][16.521s][info ][gc,heap       ] GC(29) Humongous regions: 0->0
[2024-08-30T08:42:08.294+0000][16.521s][info ][gc,metaspace  ] GC(29) Metaspace: 66127K(67880K)->66127K(67880K) NonClass: 57714K(58836K)->57714K(58836K) Class: 8413K(9044K)->8413K(9044K)
[2024-08-30T08:42:08.294+0000][16.521s][info ][gc            ] GC(29) Pause Young (Concurrent Start) (G1 Evacuation Pause) 249M->44M(375M) 30.342ms
[2024-08-30T08:42:08.294+0000][16.521s][info ][gc,cpu        ] GC(29) User=0.08s Sys=0.00s Real=0.03s
[2024-08-30T08:42:08.295+0000][16.521s][info ][safepoint     ] Leaving safepoint region
[2024-08-30T08:42:08.295+0000][16.521s][info ][safepoint     ] Total time for which application threads were stopped: 0.0305862 seconds, Stopping threads took: 0.0000187 seconds
[2024-08-30T08:42:08.295+0000][16.521s][info ][gc,stringdedup] Concurrent String Deduplication (16.521s)
[2024-08-30T08:42:08.295+0000][16.521s][info ][gc            ] GC(30) Concurrent Cycle
[2024-08-30T08:42:08.295+0000][16.521s][info ][gc,marking    ] GC(30) Concurrent Clear Claimed Marks
[2024-08-30T08:42:08.295+0000][16.521s][info ][gc,marking    ] GC(30) Concurrent Clear Claimed Marks 0.107ms
[2024-08-30T08:42:08.295+0000][16.521s][info ][gc,marking    ] GC(30) Concurrent Scan Root Regions
[2024-08-30T08:42:08.295+0000][16.521s][info ][gc,stringdedup] Concurrent String Deduplication 79760.0B->10896.0B(68864.0B) avg 43.0% (16.521s, 16.521s) 0.702ms
[2024-08-30T08:42:08.312+0000][16.538s][info ][gc,marking    ] GC(30) Concurrent Scan Root Regions 16.823ms
[2024-08-30T08:42:08.312+0000][16.538s][info ][gc,marking    ] GC(30) Concurrent Mark (16.538s)
[2024-08-30T08:42:08.312+0000][16.538s][info ][gc,marking    ] GC(30) Concurrent Mark From Roots
[2024-08-30T08:42:08.312+0000][16.538s][info ][gc,task       ] GC(30) Using 1 workers of 1 for marking
[2024-08-30T08:42:08.362+0000][16.588s][info ][gc,marking    ] GC(30) Concurrent Mark From Roots 50.071ms
[2024-08-30T08:42:08.362+0000][16.588s][info ][gc,marking    ] GC(30) Concurrent Preclean
[2024-08-30T08:42:08.362+0000][16.588s][info ][gc,marking    ] GC(30) Concurrent Preclean 0.144ms
[2024-08-30T08:42:08.362+0000][16.588s][info ][gc,marking    ] GC(30) Concurrent Mark (16.538s, 16.588s) 50.285ms
[2024-08-30T08:42:08.362+0000][16.588s][debug][safepoint     ] Safepoint synchronization initiated. (17 threads)
[2024-08-30T08:42:08.362+0000][16.588s][info ][safepoint     ] Application time: 0.0675450 seconds
[2024-08-30T08:42:08.362+0000][16.588s][debug][safepoint     ] Waiting for 1 thread(s) to block
[2024-08-30T08:42:08.362+0000][16.588s][info ][safepoint     ] Entering safepoint region: CGC_Operation
[2024-08-30T08:42:08.362+0000][16.589s][info ][gc,start      ] GC(30) Pause Remark
[2024-08-30T08:42:08.374+0000][16.600s][info ][gc,stringtable] GC(30) Cleaned string and symbol table, strings: 26781 processed, 0 removed, symbols: 211821 processed, 20 removed
[2024-08-30T08:42:08.375+0000][16.601s][info ][gc            ] GC(30) Pause Remark 56M->56M(375M) 12.719ms
[2024-08-30T08:42:08.375+0000][16.601s][info ][gc,cpu        ] GC(30) User=0.04s Sys=0.00s Real=0.01s
[2024-08-30T08:42:08.375+0000][16.601s][info ][safepoint     ] Leaving safepoint region
[2024-08-30T08:42:08.375+0000][16.601s][info ][safepoint     ] Total time for which application threads were stopped: 0.0130451 seconds, Stopping threads took: 0.0001390 seconds
[2024-08-30T08:42:08.375+0000][16.601s][info ][gc,marking    ] GC(30) Concurrent Rebuild Remembered Sets
[2024-08-30T08:42:08.403+0000][16.629s][info ][gc,marking    ] GC(30) Concurrent Rebuild Remembered Sets 27.517ms
[2024-08-30T08:42:08.403+0000][16.629s][debug][safepoint     ] Safepoint synchronization initiated. (18 threads)
[2024-08-30T08:42:08.403+0000][16.629s][info ][safepoint     ] Application time: 0.0276532 seconds
[2024-08-30T08:42:08.403+0000][16.629s][debug][safepoint     ] Waiting for 2 thread(s) to block
[2024-08-30T08:42:08.403+0000][16.629s][info ][safepoint     ] Entering safepoint region: CGC_Operation
[2024-08-30T08:42:08.403+0000][16.629s][info ][gc,start      ] GC(30) Pause Cleanup
[2024-08-30T08:42:08.403+0000][16.629s][info ][gc            ] GC(30) Pause Cleanup 57M->57M(375M) 0.166ms
[2024-08-30T08:42:08.403+0000][16.629s][info ][gc,cpu        ] GC(30) User=0.00s Sys=0.00s Real=0.00s
[2024-08-30T08:42:08.403+0000][16.629s][info ][safepoint     ] Leaving safepoint region
[2024-08-30T08:42:08.403+0000][16.629s][info ][safepoint     ] Total time for which application threads were stopped: 0.0003662 seconds, Stopping threads took: 0.0000671 seconds
[2024-08-30T08:42:08.403+0000][16.629s][info ][gc,marking    ] GC(30) Concurrent Cleanup for Next Mark
[2024-08-30T08:42:08.405+0000][16.632s][info ][gc,marking    ] GC(30) Concurrent Cleanup for Next Mark 2.133ms
[2024-08-30T08:42:08.405+0000][16.632s][info ][gc            ] GC(30) Concurrent Cycle 110.790ms
[2024-08-30T08:42:09.114+0000][17.340s][debug][safepoint     ] Safepoint synchronization initiated. (17 threads)
[2024-08-30T08:42:09.114+0000][17.341s][info ][safepoint     ] Application time: 0.7111897 seconds
[2024-08-30T08:42:09.114+0000][17.341s][debug][safepoint     ] Waiting for 1 thread(s) to block
[2024-08-30T08:42:09.114+0000][17.341s][info ][safepoint     ] Entering safepoint region: ICBufferFull
[2024-08-30T08:42:09.115+0000][17.341s][info ][safepoint     ] Leaving safepoint region
[2024-08-30T08:42:09.115+0000][17.341s][info ][safepoint     ] Total time for which application threads were stopped: 0.0003336 seconds, Stopping threads took: 0.0000591 seconds
[2024-08-30T08:42:09.367+0000][17.593s][debug][safepoint     ] Safepoint synchronization initiated. (17 threads)
[2024-08-30T08:42:09.367+0000][17.593s][info ][safepoint     ] Application time: 0.2523096 seconds
[2024-08-30T08:42:09.367+0000][17.593s][info ][safepoint     ] Entering safepoint region: G1CollectForAllocation
[2024-08-30T08:42:09.367+0000][17.594s][info ][gc,start      ] GC(31) Pause Young (Normal) (G1 Evacuation Pause)
[2024-08-30T08:42:09.368+0000][17.594s][info ][gc,task       ] GC(31) Using 4 workers of 4 for evacuation
[2024-08-30T08:42:09.390+0000][17.617s][info ][gc,phases     ] GC(31)   Pre Evacuate Collection Set: 0.0ms
[2024-08-30T08:42:09.391+0000][17.617s][info ][gc,phases     ] GC(31)   Evacuate Collection Set: 19.4ms
[2024-08-30T08:42:09.391+0000][17.617s][info ][gc,phases     ] GC(31)   Post Evacuate Collection Set: 3.1ms
[2024-08-30T08:42:09.391+0000][17.617s][info ][gc,phases     ] GC(31)   Other: 0.4ms
[2024-08-30T08:42:09.391+0000][17.617s][info ][gc,heap       ] GC(31) Eden regions: 207->0(210)
[2024-08-30T08:42:09.391+0000][17.617s][info ][gc,heap       ] GC(31) Survivor regions: 18->15(29)
[2024-08-30T08:42:09.391+0000][17.617s][info ][gc,heap       ] GC(31) Old regions: 28->32
[2024-08-30T08:42:09.391+0000][17.617s][info ][gc,heap       ] GC(31) Humongous regions: 0->0
[2024-08-30T08:42:09.391+0000][17.617s][info ][gc,metaspace  ] GC(31) Metaspace: 69753K(71592K)->69753K(71592K) NonClass: 60780K(61908K)->60780K(61908K) Class: 8972K(9684K)->8972K(9684K)
[2024-08-30T08:42:09.391+0000][17.617s][info ][gc            ] GC(31) Pause Young (Normal) (G1 Evacuation Pause) 251M->45M(375M) 23.190ms
[2024-08-30T08:42:09.391+0000][17.617s][info ][gc,cpu        ] GC(31) User=0.08s Sys=0.00s Real=0.03s
[2024-08-30T08:42:09.391+0000][17.617s][info ][safepoint     ] Leaving safepoint region
[2024-08-30T08:42:09.391+0000][17.617s][info ][safepoint     ] Total time for which application threads were stopped: 0.0236349 seconds, Stopping threads took: 0.0000419 seconds
[2024-08-30T08:42:09.391+0000][17.617s][info ][gc,stringdedup] Concurrent String Deduplication (17.617s)
[2024-08-30T08:42:09.391+0000][17.617s][info ][gc,stringdedup] Concurrent String Deduplication 12880.0B->6336.0B(6544.0B) avg 43.0% (17.617s, 17.617s) 0.165ms
[2024-08-30T08:42:09.517+0000][17.743s][debug][safepoint     ] Safepoint synchronization initiated. (18 threads)
[2024-08-30T08:42:09.517+0000][17.743s][info ][safepoint     ] Application time: 0.1266122 seconds
[2024-08-30T08:42:09.517+0000][17.744s][debug][safepoint     ] Waiting for 1 thread(s) to block
[2024-08-30T08:42:09.517+0000][17.744s][info ][safepoint     ] Entering safepoint region: ICBufferFull
[2024-08-30T08:42:09.518+0000][17.744s][info ][safepoint     ] Leaving safepoint region
[2024-08-30T08:42:09.518+0000][17.744s][info ][safepoint     ] Total time for which application threads were stopped: 0.0003219 seconds, Stopping threads took: 0.0000744 seconds
[2024-08-30T08:42:09.629+0000][17.855s][debug][safepoint     ] Safepoint synchronization initiated. (18 threads)
[2024-08-30T08:42:09.629+0000][17.855s][info ][safepoint     ] Application time: 0.1113316 seconds
[2024-08-30T08:42:09.629+0000][17.855s][debug][safepoint     ] Waiting for 1 thread(s) to block
[2024-08-30T08:42:09.629+0000][17.855s][info ][safepoint     ] Entering safepoint region: ICBufferFull
[2024-08-30T08:42:09.629+0000][17.855s][info ][safepoint     ] Leaving safepoint region
[2024-08-30T08:42:09.629+0000][17.855s][info ][safepoint     ] Total time for which application threads were stopped: 0.0002797 seconds, Stopping threads took: 0.0000494 seconds
[2024-08-30T08:42:09.738+0000][17.965s][debug][safepoint     ] Safepoint synchronization initiated. (18 threads)
[2024-08-30T08:42:09.738+0000][17.965s][info ][safepoint     ] Application time: 0.1091316 seconds
[2024-08-30T08:42:09.738+0000][17.965s][debug][safepoint     ] Waiting for 2 thread(s) to block
[2024-08-30T08:42:09.739+0000][17.965s][info ][safepoint     ] Entering safepoint region: ICBufferFull
[2024-08-30T08:42:09.739+0000][17.965s][info ][safepoint     ] Leaving safepoint region
[2024-08-30T08:42:09.739+0000][17.965s][info ][safepoint     ] Total time for which application threads were stopped: 0.0003076 seconds, Stopping threads took: 0.0000524 seconds
[2024-08-30T08:42:09.868+0000][18.094s][debug][safepoint     ] Safepoint synchronization initiated. (18 threads)
[2024-08-30T08:42:09.868+0000][18.094s][info ][safepoint     ] Application time: 0.1293107 seconds
[2024-08-30T08:42:09.868+0000][18.094s][debug][safepoint     ] Waiting for 3 thread(s) to block
[2024-08-30T08:42:09.868+0000][18.094s][info ][safepoint     ] Entering safepoint region: ICBufferFull
[2024-08-30T08:42:09.868+0000][18.095s][info ][safepoint     ] Leaving safepoint region
[2024-08-30T08:42:09.868+0000][18.095s][info ][safepoint     ] Total time for which application threads were stopped: 0.0003426 seconds, Stopping threads took: 0.0000834 seconds
[2024-08-30T08:42:10.430+0000][18.656s][debug][safepoint     ] Safepoint synchronization initiated. (17 threads)
[2024-08-30T08:42:10.430+0000][18.657s][info ][safepoint     ] Application time: 0.5618835 seconds
[2024-08-30T08:42:10.430+0000][18.657s][debug][safepoint     ] Waiting for 1 thread(s) to block
[2024-08-30T08:42:10.430+0000][18.657s][info ][safepoint     ] Entering safepoint region: ICBufferFull
[2024-08-30T08:42:10.431+0000][18.657s][info ][safepoint     ] Leaving safepoint region
[2024-08-30T08:42:10.431+0000][18.657s][info ][safepoint     ] Total time for which application threads were stopped: 0.0003358 seconds, Stopping threads took: 0.0000508 seconds
[2024-08-30T08:42:10.612+0000][18.838s][debug][safepoint     ] Safepoint synchronization initiated. (18 threads)
[2024-08-30T08:42:10.612+0000][18.839s][info ][safepoint     ] Application time: 0.1816342 seconds
[2024-08-30T08:42:10.612+0000][18.839s][debug][safepoint     ] Waiting for 1 thread(s) to block
[2024-08-30T08:42:10.612+0000][18.839s][info ][safepoint     ] Entering safepoint region: G1CollectForAllocation
[2024-08-30T08:42:10.613+0000][18.839s][info ][gc,start      ] GC(32) Pause Young (Normal) (G1 Evacuation Pause)
[2024-08-30T08:42:10.613+0000][18.839s][info ][gc,task       ] GC(32) Using 4 workers of 4 for evacuation
[2024-08-30T08:42:10.637+0000][18.863s][info ][gc,phases     ] GC(32)   Pre Evacuate Collection Set: 0.0ms
[2024-08-30T08:42:10.637+0000][18.863s][info ][gc,phases     ] GC(32)   Evacuate Collection Set: 20.7ms
[2024-08-30T08:42:10.637+0000][18.863s][info ][gc,phases     ] GC(32)   Post Evacuate Collection Set: 3.7ms
[2024-08-30T08:42:10.637+0000][18.863s][info ][gc,phases     ] GC(32)   Other: 0.2ms
[2024-08-30T08:42:10.637+0000][18.863s][info ][gc,heap       ] GC(32) Eden regions: 210->0(209)
[2024-08-30T08:42:10.637+0000][18.863s][info ][gc,heap       ] GC(32) Survivor regions: 15->16(29)
[2024-08-30T08:42:10.637+0000][18.864s][info ][gc,heap       ] GC(32) Old regions: 32->32
[2024-08-30T08:42:10.637+0000][18.864s][info ][gc,heap       ] GC(32) Humongous regions: 0->0
[2024-08-30T08:42:10.637+0000][18.864s][info ][gc,metaspace  ] GC(32) Metaspace: 73006K(74920K)->73006K(74920K) NonClass: 63681K(64980K)->63681K(64980K) Class: 9324K(9940K)->9324K(9940K)
[2024-08-30T08:42:10.637+0000][18.864s][info ][gc            ] GC(32) Pause Young (Normal) (G1 Evacuation Pause) 255M->46M(375M) 24.840ms
[2024-08-30T08:42:10.638+0000][18.864s][info ][gc,cpu        ] GC(32) User=0.10s Sys=0.00s Real=0.02s
[2024-08-30T08:42:10.638+0000][18.864s][info ][safepoint     ] Leaving safepoint region
[2024-08-30T08:42:10.638+0000][18.864s][info ][safepoint     ] Total time for which application threads were stopped: 0.0251333 seconds, Stopping threads took: 0.0000492 seconds
[2024-08-30T08:42:10.638+0000][18.864s][info ][gc,stringdedup] Concurrent String Deduplication (18.864s)
[2024-08-30T08:42:10.639+0000][18.865s][info ][gc,stringdedup] Concurrent String Deduplication 205.0K->64488.0B(142.1K) avg 43.5% (18.864s, 18.865s) 1.620ms
[2024-08-30T08:42:10.651+0000][18.877s][debug][safepoint     ] Safepoint synchronization initiated. (18 threads)
[2024-08-30T08:42:10.651+0000][18.877s][info ][safepoint     ] Application time: 0.0136363 seconds
[2024-08-30T08:42:10.651+0000][18.877s][debug][safepoint     ] Waiting for 1 thread(s) to block
[2024-08-30T08:42:10.651+0000][18.877s][info ][safepoint     ] Entering safepoint region: Deoptimize
[2024-08-30T08:42:10.653+0000][18.879s][info ][safepoint     ] Leaving safepoint region
[2024-08-30T08:42:10.653+0000][18.879s][info ][safepoint     ] Total time for which application threads were stopped: 0.0013327 seconds, Stopping threads took: 0.0000461 seconds
[2024-08-30T08:42:10.653+0000][18.880s][debug][safepoint     ] Safepoint synchronization initiated. (18 threads)
[2024-08-30T08:42:10.653+0000][18.880s][info ][safepoint     ] Application time: 0.0009380 seconds
[2024-08-30T08:42:10.653+0000][18.880s][debug][safepoint     ] Waiting for 1 thread(s) to block
[2024-08-30T08:42:10.654+0000][18.880s][info ][safepoint     ] Entering safepoint region: Deoptimize
[2024-08-30T08:42:10.654+0000][18.880s][info ][safepoint     ] Leaving safepoint region
[2024-08-30T08:42:10.654+0000][18.880s][info ][safepoint     ] Total time for which application threads were stopped: 0.0004123 seconds, Stopping threads took: 0.0000428 seconds
[2024-08-30T08:42:10.977+0000][19.204s][debug][safepoint     ] Safepoint synchronization initiated. (18 threads)
[2024-08-30T08:42:10.978+0000][19.204s][info ][safepoint     ] Application time: 0.3236296 seconds
[2024-08-30T08:42:10.978+0000][19.204s][debug][safepoint     ] Waiting for 1 thread(s) to block
[2024-08-30T08:42:10.978+0000][19.204s][info ][safepoint     ] Entering safepoint region: Deoptimize
[2024-08-30T08:42:10.979+0000][19.205s][info ][safepoint     ] Leaving safepoint region
[2024-08-30T08:42:10.979+0000][19.205s][info ][safepoint     ] Total time for which application threads were stopped: 0.0015832 seconds, Stopping threads took: 0.0000760 seconds
[2024-08-30T08:42:11.213+0000][19.439s][debug][safepoint     ] Safepoint synchronization initiated. (18 threads)
[2024-08-30T08:42:11.213+0000][19.440s][info ][safepoint     ] Application time: 0.2342968 seconds
[2024-08-30T08:42:11.213+0000][19.440s][debug][safepoint     ] Waiting for 1 thread(s) to block
[2024-08-30T08:42:11.214+0000][19.440s][info ][safepoint     ] Entering safepoint region: Deoptimize
[2024-08-30T08:42:11.215+0000][19.441s][info ][safepoint     ] Leaving safepoint region
[2024-08-30T08:42:11.215+0000][19.441s][info ][safepoint     ] Total time for which application threads were stopped: 0.0017891 seconds, Stopping threads took: 0.0000565 seconds
[2024-08-30T08:42:11.360+0000][19.587s][debug][safepoint     ] Safepoint synchronization initiated. (18 threads)
[2024-08-30T08:42:11.360+0000][19.587s][info ][safepoint     ] Application time: 0.1451591 seconds
[2024-08-30T08:42:11.360+0000][19.587s][info ][safepoint     ] Entering safepoint region: Deoptimize
[2024-08-30T08:42:11.362+0000][19.588s][info ][safepoint     ] Leaving safepoint region
[2024-08-30T08:42:11.362+0000][19.588s][info ][safepoint     ] Total time for which application threads were stopped: 0.0015571 seconds, Stopping threads took: 0.0000199 seconds
[2024-08-30T08:42:11.649+0000][19.875s][debug][safepoint     ] Safepoint synchronization initiated. (18 threads)
[2024-08-30T08:42:11.649+0000][19.876s][info ][safepoint     ] Application time: 0.2874002 seconds
[2024-08-30T08:42:11.649+0000][19.876s][info ][safepoint     ] Entering safepoint region: ICBufferFull
[2024-08-30T08:42:11.650+0000][19.876s][info ][safepoint     ] Leaving safepoint region
[2024-08-30T08:42:11.650+0000][19.876s][info ][safepoint     ] Total time for which application threads were stopped: 0.0003074 seconds, Stopping threads took: 0.0000207 seconds
[2024-08-30T08:42:12.006+0000][20.232s][debug][safepoint     ] Safepoint synchronization initiated. (18 threads)
[2024-08-30T08:42:12.006+0000][20.232s][info ][safepoint     ] Application time: 0.3558580 seconds
[2024-08-30T08:42:12.006+0000][20.232s][info ][safepoint     ] Entering safepoint region: G1CollectForAllocation
[2024-08-30T08:42:12.006+0000][20.232s][info ][gc,start      ] GC(33) Pause Young (Normal) (G1 Evacuation Pause)
[2024-08-30T08:42:12.006+0000][20.232s][info ][gc,task       ] GC(33) Using 4 workers of 4 for evacuation
[2024-08-30T08:42:12.031+0000][20.257s][info ][gc,phases     ] GC(33)   Pre Evacuate Collection Set: 0.0ms
[2024-08-30T08:42:12.031+0000][20.257s][info ][gc,phases     ] GC(33)   Evacuate Collection Set: 21.9ms
[2024-08-30T08:42:12.031+0000][20.257s][info ][gc,phases     ] GC(33)   Post Evacuate Collection Set: 3.2ms
[2024-08-30T08:42:12.031+0000][20.257s][info ][gc,phases     ] GC(33)   Other: 0.2ms
[2024-08-30T08:42:12.031+0000][20.257s][info ][gc,heap       ] GC(33) Eden regions: 209->0(206)
[2024-08-30T08:42:12.031+0000][20.257s][info ][gc,heap       ] GC(33) Survivor regions: 16->19(29)
[2024-08-30T08:42:12.031+0000][20.257s][info ][gc,heap       ] GC(33) Old regions: 32->34
[2024-08-30T08:42:12.031+0000][20.257s][info ][gc,heap       ] GC(33) Humongous regions: 0->0
[2024-08-30T08:42:12.031+0000][20.257s][info ][gc,metaspace  ] GC(33) Metaspace: 78601K(80552K)->78601K(80552K) NonClass: 68605K(69844K)->68605K(69844K) Class: 9996K(10708K)->9996K(10708K)
[2024-08-30T08:42:12.031+0000][20.257s][info ][gc            ] GC(33) Pause Young (Normal) (G1 Evacuation Pause) 255M->50M(375M) 25.443ms
[2024-08-30T08:42:12.031+0000][20.257s][info ][gc,cpu        ] GC(33) User=0.09s Sys=0.00s Real=0.03s
[2024-08-30T08:42:12.031+0000][20.257s][info ][safepoint     ] Leaving safepoint region
[2024-08-30T08:42:12.031+0000][20.258s][info ][safepoint     ] Total time for which application threads were stopped: 0.0257404 seconds, Stopping threads took: 0.0000199 seconds
[2024-08-30T08:42:12.031+0000][20.258s][info ][gc,stringdedup] Concurrent String Deduplication (20.258s)
[2024-08-30T08:42:12.033+0000][20.259s][info ][gc,stringdedup] Concurrent String Deduplication 188.5K->46632.0B(142.9K) avg 44.1% (20.258s, 20.259s) 1.116ms
[2024-08-30T08:42:12.489+0000][20.716s][debug][safepoint     ] Safepoint synchronization initiated. (17 threads)
[2024-08-30T08:42:12.489+0000][20.716s][info ][safepoint     ] Application time: 0.4580816 seconds
[2024-08-30T08:42:12.490+0000][20.716s][info ][safepoint     ] Entering safepoint region: ICBufferFull
[2024-08-30T08:42:12.490+0000][20.716s][info ][safepoint     ] Leaving safepoint region
[2024-08-30T08:42:12.490+0000][20.716s][info ][safepoint     ] Total time for which application threads were stopped: 0.0002430 seconds, Stopping threads took: 0.0000188 seconds
[2024-08-30T08:42:13.022+0000][21.248s][debug][safepoint     ] Safepoint synchronization initiated. (17 threads)
[2024-08-30T08:42:13.022+0000][21.248s][info ][safepoint     ] Application time: 0.5321657 seconds
[2024-08-30T08:42:13.022+0000][21.248s][debug][safepoint     ] Waiting for 1 thread(s) to block
[2024-08-30T08:42:13.022+0000][21.248s][info ][safepoint     ] Entering safepoint region: ICBufferFull
[2024-08-30T08:42:13.022+0000][21.248s][info ][safepoint     ] Leaving safepoint region
[2024-08-30T08:42:13.022+0000][21.248s][info ][safepoint     ] Total time for which application threads were stopped: 0.0002795 seconds, Stopping threads took: 0.0000535 seconds
[2024-08-30T08:42:13.207+0000][21.433s][debug][safepoint     ] Safepoint synchronization initiated. (17 threads)
[2024-08-30T08:42:13.207+0000][21.434s][info ][safepoint     ] Application time: 0.1851681 seconds
[2024-08-30T08:42:13.207+0000][21.434s][info ][safepoint     ] Entering safepoint region: G1CollectForAllocation
[2024-08-30T08:42:13.208+0000][21.434s][info ][gc,start      ] GC(34) Pause Young (Normal) (G1 Evacuation Pause)
[2024-08-30T08:42:13.208+0000][21.434s][info ][gc,task       ] GC(34) Using 4 workers of 4 for evacuation
[2024-08-30T08:42:13.240+0000][21.466s][info ][gc,phases     ] GC(34)   Pre Evacuate Collection Set: 0.0ms
[2024-08-30T08:42:13.240+0000][21.466s][info ][gc,phases     ] GC(34)   Evacuate Collection Set: 29.2ms
[2024-08-30T08:42:13.240+0000][21.466s][info ][gc,phases     ] GC(34)   Post Evacuate Collection Set: 3.3ms
[2024-08-30T08:42:13.240+0000][21.466s][info ][gc,phases     ] GC(34)   Other: 0.2ms
[2024-08-30T08:42:13.240+0000][21.467s][info ][gc,heap       ] GC(34) Eden regions: 206->0(205)
[2024-08-30T08:42:13.240+0000][21.467s][info ][gc,heap       ] GC(34) Survivor regions: 19->20(29)
[2024-08-30T08:42:13.240+0000][21.467s][info ][gc,heap       ] GC(34) Old regions: 34->37
[2024-08-30T08:42:13.240+0000][21.467s][info ][gc,heap       ] GC(34) Humongous regions: 0->0
[2024-08-30T08:42:13.240+0000][21.467s][info ][gc,metaspace  ] GC(34) Metaspace: 80509K(82728K)->80509K(82728K) NonClass: 70439K(71892K)->70439K(71892K) Class: 10070K(10836K)->10070K(10836K)
[2024-08-30T08:42:13.240+0000][21.467s][info ][gc            ] GC(34) Pause Young (Normal) (G1 Evacuation Pause) 256M->55M(375M) 32.856ms
[2024-08-30T08:42:13.240+0000][21.467s][info ][gc,cpu        ] GC(34) User=0.11s Sys=0.01s Real=0.03s
[2024-08-30T08:42:13.241+0000][21.467s][info ][safepoint     ] Leaving safepoint region
[2024-08-30T08:42:13.241+0000][21.467s][info ][safepoint     ] Total time for which application threads were stopped: 0.0331293 seconds, Stopping threads took: 0.0000192 seconds
[2024-08-30T08:42:13.241+0000][21.467s][info ][gc,stringdedup] Concurrent String Deduplication (21.467s)
[2024-08-30T08:42:13.242+0000][21.468s][info ][gc,stringdedup] Concurrent String Deduplication 248.1K->173.0K(76904.0B) avg 43.8% (21.467s, 21.468s) 1.647ms
[2024-08-30T08:42:13.417+0000][21.643s][debug][safepoint     ] Safepoint synchronization initiated. (17 threads)
[2024-08-30T08:42:13.417+0000][21.643s][info ][safepoint     ] Application time: 0.1760366 seconds
[2024-08-30T08:42:13.417+0000][21.643s][info ][safepoint     ] Entering safepoint region: ICBufferFull
[2024-08-30T08:42:13.417+0000][21.643s][info ][safepoint     ] Leaving safepoint region
[2024-08-30T08:42:13.417+0000][21.643s][info ][safepoint     ] Total time for which application threads were stopped: 0.0002724 seconds, Stopping threads took: 0.0000210 seconds
[2024-08-30T08:42:13.652+0000][21.878s][debug][safepoint     ] Safepoint synchronization initiated. (17 threads)
[2024-08-30T08:42:13.652+0000][21.878s][info ][safepoint     ] Application time: 0.2354383 seconds
[2024-08-30T08:42:13.652+0000][21.878s][debug][safepoint     ] Waiting for 1 thread(s) to block
[2024-08-30T08:42:13.652+0000][21.879s][info ][safepoint     ] Entering safepoint region: ICBufferFull
[2024-08-30T08:42:13.653+0000][21.879s][info ][safepoint     ] Leaving safepoint region
[2024-08-30T08:42:13.653+0000][21.879s][info ][safepoint     ] Total time for which application threads were stopped: 0.0003403 seconds, Stopping threads took: 0.0001092 seconds
[2024-08-30T08:42:13.995+0000][22.221s][debug][safepoint     ] Safepoint synchronization initiated. (17 threads)
[2024-08-30T08:42:13.995+0000][22.221s][info ][safepoint     ] Application time: 0.3423545 seconds
[2024-08-30T08:42:13.995+0000][22.221s][info ][safepoint     ] Entering safepoint region: ICBufferFull
[2024-08-30T08:42:13.995+0000][22.221s][info ][safepoint     ] Leaving safepoint region
[2024-08-30T08:42:13.995+0000][22.221s][info ][safepoint     ] Total time for which application threads were stopped: 0.0002448 seconds, Stopping threads took: 0.0000189 seconds
[2024-08-30T08:42:14.259+0000][22.485s][debug][safepoint     ] Safepoint synchronization initiated. (17 threads)
[2024-08-30T08:42:14.259+0000][22.485s][info ][safepoint     ] Application time: 0.2638102 seconds
[2024-08-30T08:42:14.259+0000][22.485s][info ][safepoint     ] Entering safepoint region: G1CollectForAllocation
[2024-08-30T08:42:14.259+0000][22.485s][info ][gc,start      ] GC(35) Pause Young (Normal) (G1 Evacuation Pause)
[2024-08-30T08:42:14.259+0000][22.486s][info ][gc,task       ] GC(35) Using 4 workers of 4 for evacuation
[2024-08-30T08:42:14.284+0000][22.510s][info ][gc,phases     ] GC(35)   Pre Evacuate Collection Set: 0.0ms
[2024-08-30T08:42:14.284+0000][22.510s][info ][gc,phases     ] GC(35)   Evacuate Collection Set: 21.2ms
[2024-08-30T08:42:14.284+0000][22.510s][info ][gc,phases     ] GC(35)   Post Evacuate Collection Set: 2.9ms
[2024-08-30T08:42:14.284+0000][22.510s][info ][gc,phases     ] GC(35)   Other: 0.2ms
[2024-08-30T08:42:14.284+0000][22.510s][info ][gc,heap       ] GC(35) Eden regions: 205->0(205)
[2024-08-30T08:42:14.284+0000][22.510s][info ][gc,heap       ] GC(35) Survivor regions: 20->20(29)
[2024-08-30T08:42:14.284+0000][22.510s][info ][gc,heap       ] GC(35) Old regions: 37->44
[2024-08-30T08:42:14.284+0000][22.510s][info ][gc,heap       ] GC(35) Humongous regions: 0->0
[2024-08-30T08:42:14.284+0000][22.510s][info ][gc,metaspace  ] GC(35) Metaspace: 82105K(84392K)->82105K(84392K) NonClass: 71944K(73428K)->71944K(73428K) Class: 10161K(10964K)->10161K(10964K)
[2024-08-30T08:42:14.284+0000][22.510s][info ][gc            ] GC(35) Pause Young (Normal) (G1 Evacuation Pause) 260M->61M(375M) 24.407ms
[2024-08-30T08:42:14.284+0000][22.510s][info ][gc,cpu        ] GC(35) User=0.08s Sys=0.01s Real=0.03s
[2024-08-30T08:42:14.284+0000][22.510s][info ][safepoint     ] Leaving safepoint region
[2024-08-30T08:42:14.284+0000][22.510s][info ][safepoint     ] Total time for which application threads were stopped: 0.0247765 seconds, Stopping threads took: 0.0000185 seconds
[2024-08-30T08:42:14.284+0000][22.510s][info ][gc,stringdedup] Concurrent String Deduplication (22.510s)
[2024-08-30T08:42:14.286+0000][22.512s][info ][gc,stringdedup] Concurrent String Deduplication 290.3K->99760.0B(192.9K) avg 44.4% (22.510s, 22.512s) 1.686ms
[2024-08-30T08:42:14.451+0000][22.677s][debug][safepoint     ] Safepoint synchronization initiated. (18 threads)
[2024-08-30T08:42:14.451+0000][22.677s][info ][safepoint     ] Application time: 0.1671020 seconds
[2024-08-30T08:42:14.451+0000][22.677s][info ][safepoint     ] Entering safepoint region: Deoptimize
[2024-08-30T08:42:14.453+0000][22.679s][info ][safepoint     ] Leaving safepoint region
[2024-08-30T08:42:14.453+0000][22.679s][info ][safepoint     ] Total time for which application threads were stopped: 0.0020070 seconds, Stopping threads took: 0.0000196 seconds
[2024-08-30T08:42:15.114+0000][23.340s][debug][safepoint     ] Safepoint synchronization initiated. (18 threads)
[2024-08-30T08:42:15.114+0000][23.341s][info ][safepoint     ] Application time: 0.6613466 seconds
[2024-08-30T08:42:15.114+0000][23.341s][info ][safepoint     ] Entering safepoint region: ICBufferFull
[2024-08-30T08:42:15.115+0000][23.341s][info ][safepoint     ] Leaving safepoint region
[2024-08-30T08:42:15.115+0000][23.341s][info ][safepoint     ] Total time for which application threads were stopped: 0.0002947 seconds, Stopping threads took: 0.0000186 seconds
[2024-08-30T08:42:15.331+0000][23.557s][debug][safepoint     ] Safepoint synchronization initiated. (22 threads)
[2024-08-30T08:42:15.331+0000][23.557s][info ][safepoint     ] Application time: 0.2163384 seconds
[2024-08-30T08:42:15.331+0000][23.557s][debug][safepoint     ] Waiting for 1 thread(s) to block
[2024-08-30T08:42:15.331+0000][23.557s][info ][safepoint     ] Entering safepoint region: G1CollectForAllocation
[2024-08-30T08:42:15.331+0000][23.557s][info ][gc,start      ] GC(36) Pause Young (Normal) (G1 Evacuation Pause)
[2024-08-30T08:42:15.331+0000][23.558s][info ][gc,task       ] GC(36) Using 4 workers of 4 for evacuation
[2024-08-30T08:42:15.355+0000][23.581s][info ][gc,phases     ] GC(36)   Pre Evacuate Collection Set: 0.0ms
[2024-08-30T08:42:15.355+0000][23.581s][info ][gc,phases     ] GC(36)   Evacuate Collection Set: 20.0ms
[2024-08-30T08:42:15.355+0000][23.581s][info ][gc,phases     ] GC(36)   Post Evacuate Collection Set: 2.9ms
[2024-08-30T08:42:15.355+0000][23.581s][info ][gc,phases     ] GC(36)   Other: 0.2ms
[2024-08-30T08:42:15.355+0000][23.581s][info ][gc,heap       ] GC(36) Eden regions: 205->0(208)
[2024-08-30T08:42:15.355+0000][23.581s][info ][gc,heap       ] GC(36) Survivor regions: 20->17(29)
[2024-08-30T08:42:15.355+0000][23.581s][info ][gc,heap       ] GC(36) Old regions: 44->51
[2024-08-30T08:42:15.355+0000][23.581s][info ][gc,heap       ] GC(36) Humongous regions: 0->0
[2024-08-30T08:42:15.355+0000][23.581s][info ][gc,metaspace  ] GC(36) Metaspace: 84720K(87080K)->84720K(87080K) NonClass: 74227K(75732K)->74227K(75732K) Class: 10493K(11348K)->10493K(11348K)
[2024-08-30T08:42:15.355+0000][23.581s][info ][gc            ] GC(36) Pause Young (Normal) (G1 Evacuation Pause) 266M->66M(375M) 23.351ms
[2024-08-30T08:42:15.355+0000][23.581s][info ][gc,cpu        ] GC(36) User=0.07s Sys=0.01s Real=0.02s
[2024-08-30T08:42:15.355+0000][23.581s][info ][safepoint     ] Leaving safepoint region
[2024-08-30T08:42:15.355+0000][23.581s][info ][safepoint     ] Total time for which application threads were stopped: 0.0237036 seconds, Stopping threads took: 0.0000595 seconds
[2024-08-30T08:42:15.355+0000][23.581s][info ][gc,stringdedup] Concurrent String Deduplication (23.581s)
[2024-08-30T08:42:15.358+0000][23.584s][info ][gc,stringdedup] Concurrent String Deduplication 498.2K->112.2K(386.0K) avg 45.9% (23.581s, 23.584s) 2.665ms
[2024-08-30T08:42:15.462+0000][23.688s][debug][safepoint     ] Safepoint synchronization initiated. (22 threads)
[2024-08-30T08:42:15.462+0000][23.688s][info ][safepoint     ] Application time: 0.1070425 seconds
[2024-08-30T08:42:15.462+0000][23.688s][debug][safepoint     ] Waiting for 1 thread(s) to block
[2024-08-30T08:42:15.462+0000][23.688s][info ][safepoint     ] Entering safepoint region: ICBufferFull
[2024-08-30T08:42:15.462+0000][23.688s][info ][safepoint     ] Leaving safepoint region
[2024-08-30T08:42:15.462+0000][23.688s][info ][safepoint     ] Total time for which application threads were stopped: 0.0002344 seconds, Stopping threads took: 0.0000559 seconds
[2024-08-30T08:42:15.995+0000][24.221s][debug][safepoint     ] Safepoint synchronization initiated. (22 threads)
[2024-08-30T08:42:15.995+0000][24.221s][info ][safepoint     ] Application time: 0.5329393 seconds
[2024-08-30T08:42:15.995+0000][24.221s][info ][safepoint     ] Entering safepoint region: ICBufferFull
[2024-08-30T08:42:15.995+0000][24.221s][info ][safepoint     ] Leaving safepoint region
[2024-08-30T08:42:15.995+0000][24.222s][info ][safepoint     ] Total time for which application threads were stopped: 0.0003228 seconds, Stopping threads took: 0.0000200 seconds
[2024-08-30T08:42:15.999+0000][24.225s][debug][safepoint     ] Safepoint synchronization initiated. (22 threads)
[2024-08-30T08:42:15.999+0000][24.225s][info ][safepoint     ] Application time: 0.0034529 seconds
[2024-08-30T08:42:15.999+0000][24.225s][info ][safepoint     ] Entering safepoint region: Deoptimize
[2024-08-30T08:42:16.001+0000][24.227s][info ][safepoint     ] Leaving safepoint region
[2024-08-30T08:42:16.001+0000][24.227s][info ][safepoint     ] Total time for which application threads were stopped: 0.0018213 seconds, Stopping threads took: 0.0000147 seconds
[2024-08-30T08:42:16.126+0000][24.353s][debug][safepoint     ] Safepoint synchronization initiated. (23 threads)
[2024-08-30T08:42:16.126+0000][24.353s][info ][safepoint     ] Application time: 0.1257854 seconds
[2024-08-30T08:42:16.127+0000][24.353s][info ][safepoint     ] Entering safepoint region: Deoptimize
[2024-08-30T08:42:16.128+0000][24.355s][info ][safepoint     ] Leaving safepoint region
[2024-08-30T08:42:16.128+0000][24.355s][info ][safepoint     ] Total time for which application threads were stopped: 0.0019904 seconds, Stopping threads took: 0.0000210 seconds
[2024-08-30T08:42:16.155+0000][24.381s][debug][safepoint     ] Safepoint synchronization initiated. (23 threads)
[2024-08-30T08:42:16.155+0000][24.381s][info ][safepoint     ] Application time: 0.0260628 seconds
[2024-08-30T08:42:16.155+0000][24.381s][debug][safepoint     ] Waiting for 1 thread(s) to block
[2024-08-30T08:42:16.155+0000][24.381s][info ][safepoint     ] Entering safepoint region: ICBufferFull
[2024-08-30T08:42:16.155+0000][24.381s][info ][safepoint     ] Leaving safepoint region
[2024-08-30T08:42:16.155+0000][24.381s][info ][safepoint     ] Total time for which application threads were stopped: 0.0003451 seconds, Stopping threads took: 0.0000498 seconds
[2024-08-30T08:42:16.376+0000][24.602s][debug][safepoint     ] Safepoint synchronization initiated. (23 threads)
[2024-08-30T08:42:16.376+0000][24.602s][info ][safepoint     ] Application time: 0.2208351 seconds
[2024-08-30T08:42:16.376+0000][24.602s][info ][safepoint     ] Entering safepoint region: Deoptimize
[2024-08-30T08:42:16.378+0000][24.604s][info ][safepoint     ] Leaving safepoint region
[2024-08-30T08:42:16.378+0000][24.604s][info ][safepoint     ] Total time for which application threads were stopped: 0.0018463 seconds, Stopping threads took: 0.0000320 seconds
[2024-08-30T08:42:16.552+0000][24.778s][debug][safepoint     ] Safepoint synchronization initiated. (24 threads)
[2024-08-30T08:42:16.552+0000][24.778s][info ][safepoint     ] Application time: 0.1743914 seconds
[2024-08-30T08:42:16.552+0000][24.778s][info ][safepoint     ] Entering safepoint region: Deoptimize
[2024-08-30T08:42:16.554+0000][24.780s][info ][safepoint     ] Leaving safepoint region
[2024-08-30T08:42:16.554+0000][24.780s][info ][safepoint     ] Total time for which application threads were stopped: 0.0017143 seconds, Stopping threads took: 0.0000217 seconds
[2024-08-30T08:42:16.573+0000][24.799s][debug][safepoint     ] Safepoint synchronization initiated. (24 threads)
[2024-08-30T08:42:16.573+0000][24.799s][info ][safepoint     ] Application time: 0.0194978 seconds
[2024-08-30T08:42:16.573+0000][24.799s][info ][safepoint     ] Entering safepoint region: G1CollectForAllocation
[2024-08-30T08:42:16.573+0000][24.800s][info ][gc,start      ] GC(37) Pause Young (Normal) (G1 Evacuation Pause)
[2024-08-30T08:42:16.573+0000][24.800s][info ][gc,task       ] GC(37) Using 4 workers of 4 for evacuation
[2024-08-30T08:42:16.610+0000][24.836s][info ][gc,phases     ] GC(37)   Pre Evacuate Collection Set: 0.0ms
[2024-08-30T08:42:16.610+0000][24.836s][info ][gc,phases     ] GC(37)   Evacuate Collection Set: 25.0ms
[2024-08-30T08:42:16.610+0000][24.836s][info ][gc,phases     ] GC(37)   Post Evacuate Collection Set: 11.6ms
[2024-08-30T08:42:16.610+0000][24.836s][info ][gc,phases     ] GC(37)   Other: 0.2ms
[2024-08-30T08:42:16.610+0000][24.836s][info ][gc,heap       ] GC(37) Eden regions: 208->0(209)
[2024-08-30T08:42:16.610+0000][24.836s][info ][gc,heap       ] GC(37) Survivor regions: 17->16(29)
[2024-08-30T08:42:16.610+0000][24.836s][info ][gc,heap       ] GC(37) Old regions: 51->57
[2024-08-30T08:42:16.610+0000][24.836s][info ][gc,heap       ] GC(37) Humongous regions: 0->0
[2024-08-30T08:42:16.610+0000][24.836s][info ][gc,metaspace  ] GC(37) Metaspace: 90995K(93608K)->90995K(93608K) NonClass: 79807K(81364K)->79807K(81364K) Class: 11188K(12244K)->11188K(12244K)
[2024-08-30T08:42:16.610+0000][24.837s][info ][gc            ] GC(37) Pause Young (Normal) (G1 Evacuation Pause) 274M->70M(375M) 36.971ms
[2024-08-30T08:42:16.610+0000][24.837s][info ][gc,cpu        ] GC(37) User=0.08s Sys=0.01s Real=0.04s
[2024-08-30T08:42:16.610+0000][24.837s][info ][safepoint     ] Leaving safepoint region
[2024-08-30T08:42:16.610+0000][24.837s][info ][safepoint     ] Total time for which application threads were stopped: 0.0371874 seconds, Stopping threads took: 0.0000215 seconds
[2024-08-30T08:42:16.611+0000][24.837s][info ][gc,stringdedup] Concurrent String Deduplication (24.837s)
[2024-08-30T08:42:16.620+0000][24.846s][info ][gc,stringdedup] Concurrent String Deduplication 604.5K->138.4K(466.1K) avg 47.5% (24.837s, 24.846s) 9.076ms
[2024-08-30T08:42:16.640+0000][24.866s][debug][safepoint     ] Safepoint synchronization initiated. (24 threads)
[2024-08-30T08:42:16.640+0000][24.866s][info ][safepoint     ] Application time: 0.0292337 seconds
[2024-08-30T08:42:16.640+0000][24.866s][debug][safepoint     ] Waiting for 1 thread(s) to block
[2024-08-30T08:42:16.640+0000][24.866s][info ][safepoint     ] Entering safepoint region: Deoptimize
[2024-08-30T08:42:16.641+0000][24.868s][info ][safepoint     ] Leaving safepoint region
[2024-08-30T08:42:16.641+0000][24.868s][info ][safepoint     ] Total time for which application threads were stopped: 0.0017195 seconds, Stopping threads took: 0.0000512 seconds
[2024-08-30T08:42:16.956+0000][25.182s][debug][safepoint     ] Safepoint synchronization initiated. (26 threads)
[2024-08-30T08:42:16.956+0000][25.182s][info ][safepoint     ] Application time: 0.3145765 seconds
[2024-08-30T08:42:16.956+0000][25.182s][info ][safepoint     ] Entering safepoint region: Deoptimize
[2024-08-30T08:42:16.959+0000][25.185s][info ][safepoint     ] Leaving safepoint region
[2024-08-30T08:42:16.959+0000][25.185s][info ][safepoint     ] Total time for which application threads were stopped: 0.0025440 seconds, Stopping threads took: 0.0000252 seconds
[2024-08-30T08:42:17.801+0000][26.027s][debug][safepoint     ] Safepoint synchronization initiated. (46 threads)
[2024-08-30T08:42:17.801+0000][26.027s][info ][safepoint     ] Application time: 0.8425807 seconds
[2024-08-30T08:42:17.801+0000][26.027s][info ][safepoint     ] Entering safepoint region: Deoptimize
[2024-08-30T08:42:17.803+0000][26.029s][info ][safepoint     ] Leaving safepoint region
[2024-08-30T08:42:17.803+0000][26.029s][info ][safepoint     ] Total time for which application threads were stopped: 0.0021488 seconds, Stopping threads took: 0.0000467 seconds
[2024-08-30T08:42:18.454+0000][26.680s][debug][safepoint     ] Safepoint synchronization initiated. (50 threads)
[2024-08-30T08:42:18.454+0000][26.680s][info ][safepoint     ] Application time: 0.6506961 seconds
[2024-08-30T08:42:18.454+0000][26.680s][debug][safepoint     ] Waiting for 1 thread(s) to block
[2024-08-30T08:42:18.454+0000][26.680s][info ][safepoint     ] Entering safepoint region: G1CollectForAllocation
[2024-08-30T08:42:18.454+0000][26.681s][info ][gc,start      ] GC(38) Pause Young (Normal) (G1 Evacuation Pause)
[2024-08-30T08:42:18.455+0000][26.681s][info ][gc,task       ] GC(38) Using 4 workers of 4 for evacuation
[2024-08-30T08:42:18.480+0000][26.706s][info ][gc,phases     ] GC(38)   Pre Evacuate Collection Set: 0.0ms
[2024-08-30T08:42:18.480+0000][26.706s][info ][gc,phases     ] GC(38)   Evacuate Collection Set: 20.8ms
[2024-08-30T08:42:18.480+0000][26.706s][info ][gc,phases     ] GC(38)   Post Evacuate Collection Set: 4.0ms
[2024-08-30T08:42:18.480+0000][26.706s][info ][gc,phases     ] GC(38)   Other: 0.3ms
[2024-08-30T08:42:18.480+0000][26.706s][info ][gc,heap       ] GC(38) Eden regions: 209->0(209)
[2024-08-30T08:42:18.480+0000][26.706s][info ][gc,heap       ] GC(38) Survivor regions: 16->16(29)
[2024-08-30T08:42:18.480+0000][26.706s][info ][gc,heap       ] GC(38) Old regions: 57->63
[2024-08-30T08:42:18.480+0000][26.706s][info ][gc,heap       ] GC(38) Humongous regions: 0->0
[2024-08-30T08:42:18.480+0000][26.706s][info ][gc,metaspace  ] GC(38) Metaspace: 101256K(104360K)->101256K(104360K) NonClass: 88931K(90836K)->88931K(90836K) Class: 12324K(13524K)->12324K(13524K)
[2024-08-30T08:42:18.480+0000][26.706s][info ][gc            ] GC(38) Pause Young (Normal) (G1 Evacuation Pause) 279M->76M(375M) 25.357ms
[2024-08-30T08:42:18.480+0000][26.706s][info ][gc,cpu        ] GC(38) User=0.08s Sys=0.00s Real=0.02s
[2024-08-30T08:42:18.480+0000][26.706s][info ][safepoint     ] Leaving safepoint region
[2024-08-30T08:42:18.480+0000][26.706s][info ][safepoint     ] Total time for which application threads were stopped: 0.0258054 seconds, Stopping threads took: 0.0000674 seconds
[2024-08-30T08:42:18.480+0000][26.706s][info ][gc,stringdedup] Concurrent String Deduplication (26.706s)
[2024-08-30T08:42:18.482+0000][26.708s][info ][gc,stringdedup] Concurrent String Deduplication 280.5K->92232.0B(190.4K) avg 48.0% (26.706s, 26.708s) 2.067ms
[2024-08-30T08:42:18.673+0000][26.899s][debug][safepoint     ] Safepoint synchronization initiated. (50 threads)
[2024-08-30T08:42:18.673+0000][26.899s][info ][safepoint     ] Application time: 0.1933194 seconds
[2024-08-30T08:42:18.673+0000][26.899s][info ][safepoint     ] Entering safepoint region: Deoptimize
[2024-08-30T08:42:18.675+0000][26.901s][info ][safepoint     ] Leaving safepoint region
[2024-08-30T08:42:18.675+0000][26.901s][info ][safepoint     ] Total time for which application threads were stopped: 0.0020834 seconds, Stopping threads took: 0.0000416 seconds
[2024-08-30T08:42:18.739+0000][26.965s][debug][safepoint     ] Safepoint synchronization initiated. (50 threads)
[2024-08-30T08:42:18.739+0000][26.965s][info ][safepoint     ] Application time: 0.0639201 seconds
[2024-08-30T08:42:18.739+0000][26.965s][info ][safepoint     ] Entering safepoint region: Deoptimize
[2024-08-30T08:42:18.741+0000][26.967s][info ][safepoint     ] Leaving safepoint region
[2024-08-30T08:42:18.741+0000][26.967s][info ][safepoint     ] Total time for which application threads were stopped: 0.0019539 seconds, Stopping threads took: 0.0000345 seconds
[2024-08-30T08:42:18.806+0000][27.032s][debug][safepoint     ] Safepoint synchronization initiated. (50 threads)
[2024-08-30T08:42:18.806+0000][27.032s][info ][safepoint     ] Application time: 0.0650476 seconds
[2024-08-30T08:42:18.806+0000][27.032s][info ][safepoint     ] Entering safepoint region: Deoptimize
[2024-08-30T08:42:18.808+0000][27.034s][info ][safepoint     ] Leaving safepoint region
[2024-08-30T08:42:18.808+0000][27.034s][info ][safepoint     ] Total time for which application threads were stopped: 0.0019694 seconds, Stopping threads took: 0.0000336 seconds
[2024-08-30T08:42:18.817+0000][27.043s][debug][safepoint     ] Safepoint synchronization initiated. (50 threads)
[2024-08-30T08:42:18.817+0000][27.043s][info ][safepoint     ] Application time: 0.0086042 seconds
[2024-08-30T08:42:18.817+0000][27.043s][info ][safepoint     ] Entering safepoint region: Deoptimize
[2024-08-30T08:42:18.818+0000][27.044s][info ][safepoint     ] Leaving safepoint region
[2024-08-30T08:42:18.818+0000][27.044s][info ][safepoint     ] Total time for which application threads were stopped: 0.0006597 seconds, Stopping threads took: 0.0000205 seconds
[2024-08-30T08:42:18.866+0000][27.092s][debug][safepoint     ] Safepoint synchronization initiated. (50 threads)
[2024-08-30T08:42:18.866+0000][27.092s][info ][safepoint     ] Application time: 0.0485607 seconds
[2024-08-30T08:42:18.866+0000][27.092s][info ][safepoint     ] Entering safepoint region: Deoptimize
[2024-08-30T08:42:18.868+0000][27.094s][info ][safepoint     ] Leaving safepoint region
[2024-08-30T08:42:18.868+0000][27.094s][info ][safepoint     ] Total time for which application threads were stopped: 0.0016408 seconds, Stopping threads took: 0.0000348 seconds
[2024-08-30T08:42:19.160+0000][27.386s][debug][safepoint     ] Safepoint synchronization initiated. (50 threads)
[2024-08-30T08:42:19.160+0000][27.386s][info ][safepoint     ] Application time: 0.2922474 seconds
[2024-08-30T08:42:19.160+0000][27.386s][info ][safepoint     ] Entering safepoint region: ICBufferFull
[2024-08-30T08:42:19.160+0000][27.386s][info ][safepoint     ] Leaving safepoint region
[2024-08-30T08:42:19.160+0000][27.386s][info ][safepoint     ] Total time for which application threads were stopped: 0.0003339 seconds, Stopping threads took: 0.0000372 seconds
[2024-08-30T08:42:19.658+0000][27.884s][debug][safepoint     ] Safepoint synchronization initiated. (53 threads)
[2024-08-30T08:42:19.658+0000][27.885s][info ][safepoint     ] Application time: 0.4980039 seconds
[2024-08-30T08:42:19.658+0000][27.885s][info ][safepoint     ] Entering safepoint region: G1CollectForAllocation
[2024-08-30T08:42:19.659+0000][27.885s][info ][gc,start      ] GC(39) Pause Young (Normal) (G1 Evacuation Pause)
[2024-08-30T08:42:19.659+0000][27.885s][info ][gc,task       ] GC(39) Using 4 workers of 4 for evacuation
[2024-08-30T08:42:19.681+0000][27.907s][info ][gc,phases     ] GC(39)   Pre Evacuate Collection Set: 0.0ms
[2024-08-30T08:42:19.681+0000][27.907s][info ][gc,phases     ] GC(39)   Evacuate Collection Set: 17.9ms
[2024-08-30T08:42:19.681+0000][27.907s][info ][gc,phases     ] GC(39)   Post Evacuate Collection Set: 3.4ms
[2024-08-30T08:42:19.681+0000][27.907s][info ][gc,phases     ] GC(39)   Other: 0.4ms
[2024-08-30T08:42:19.681+0000][27.907s][info ][gc,heap       ] GC(39) Eden regions: 209->0(209)
[2024-08-30T08:42:19.681+0000][27.907s][info ][gc,heap       ] GC(39) Survivor regions: 16->16(29)
[2024-08-30T08:42:19.681+0000][27.907s][info ][gc,heap       ] GC(39) Old regions: 63->67
[2024-08-30T08:42:19.681+0000][27.907s][info ][gc,heap       ] GC(39) Humongous regions: 0->0
[2024-08-30T08:42:19.681+0000][27.907s][info ][gc,metaspace  ] GC(39) Metaspace: 106900K(110120K)->106900K(110120K) NonClass: 93962K(95956K)->93962K(95956K) Class: 12937K(14164K)->12937K(14164K)
[2024-08-30T08:42:19.681+0000][27.907s][info ][gc            ] GC(39) Pause Young (Normal) (G1 Evacuation Pause) 285M->81M(375M) 21.946ms
[2024-08-30T08:42:19.681+0000][27.907s][info ][gc,cpu        ] GC(39) User=0.07s Sys=0.00s Real=0.02s
[2024-08-30T08:42:19.681+0000][27.907s][info ][safepoint     ] Leaving safepoint region
[2024-08-30T08:42:19.681+0000][27.907s][info ][safepoint     ] Total time for which application threads were stopped: 0.0225033 seconds, Stopping threads took: 0.0000582 seconds
[2024-08-30T08:42:19.681+0000][27.907s][info ][gc,stringdedup] Concurrent String Deduplication (27.907s)
[2024-08-30T08:42:19.687+0000][27.914s][info ][gc,stringdedup] Concurrent String Deduplication 359.6K->122.8K(236.9K) avg 48.5% (27.907s, 27.913s) 6.387ms
[2024-08-30T08:42:19.723+0000][27.949s][debug][safepoint     ] Safepoint synchronization initiated. (53 threads)
[2024-08-30T08:42:19.723+0000][27.949s][info ][safepoint     ] Application time: 0.0419329 seconds
[2024-08-30T08:42:19.723+0000][27.949s][info ][safepoint     ] Entering safepoint region: Deoptimize
[2024-08-30T08:42:19.726+0000][27.952s][info ][safepoint     ] Leaving safepoint region
[2024-08-30T08:42:19.726+0000][27.952s][info ][safepoint     ] Total time for which application threads were stopped: 0.0030323 seconds, Stopping threads took: 0.0000607 seconds
[2024-08-30T08:42:20.113+0000][28.339s][debug][safepoint     ] Safepoint synchronization initiated. (54 threads)
[2024-08-30T08:42:20.113+0000][28.339s][info ][safepoint     ] Application time: 0.3871916 seconds
[2024-08-30T08:42:20.113+0000][28.339s][debug][safepoint     ] Waiting for 1 thread(s) to block
[2024-08-30T08:42:20.113+0000][28.339s][info ][safepoint     ] Entering safepoint region: CollectForMetadataAllocation
[2024-08-30T08:42:20.114+0000][28.340s][info ][gc,start      ] GC(40) Pause Young (Concurrent Start) (Metadata GC Threshold)
[2024-08-30T08:42:20.114+0000][28.340s][info ][gc,task       ] GC(40) Using 4 workers of 4 for evacuation
[2024-08-30T08:42:20.135+0000][28.361s][info ][gc,phases     ] GC(40)   Pre Evacuate Collection Set: 0.4ms
[2024-08-30T08:42:20.135+0000][28.361s][info ][gc,phases     ] GC(40)   Evacuate Collection Set: 16.5ms
[2024-08-30T08:42:20.135+0000][28.361s][info ][gc,phases     ] GC(40)   Post Evacuate Collection Set: 4.0ms
[2024-08-30T08:42:20.135+0000][28.361s][info ][gc,phases     ] GC(40)   Other: 0.4ms
[2024-08-30T08:42:20.135+0000][28.361s][info ][gc,heap       ] GC(40) Eden regions: 69->0(209)
[2024-08-30T08:42:20.135+0000][28.361s][info ][gc,heap       ] GC(40) Survivor regions: 16->16(29)
[2024-08-30T08:42:20.135+0000][28.361s][info ][gc,heap       ] GC(40) Old regions: 67->67
[2024-08-30T08:42:20.135+0000][28.361s][info ][gc,heap       ] GC(40) Humongous regions: 0->0
[2024-08-30T08:42:20.135+0000][28.361s][info ][gc,metaspace  ] GC(40) Metaspace: 110255K(113448K)->110255K(113448K) NonClass: 96859K(98772K)->96859K(98772K) Class: 13395K(14676K)->13395K(14676K)
[2024-08-30T08:42:20.135+0000][28.361s][info ][gc            ] GC(40) Pause Young (Concurrent Start) (Metadata GC Threshold) 149M->81M(375M) 21.559ms
[2024-08-30T08:42:20.135+0000][28.361s][info ][gc,cpu        ] GC(40) User=0.07s Sys=0.00s Real=0.02s
[2024-08-30T08:42:20.135+0000][28.362s][info ][safepoint     ] Leaving safepoint region
[2024-08-30T08:42:20.135+0000][28.362s][info ][safepoint     ] Total time for which application threads were stopped: 0.0222490 seconds, Stopping threads took: 0.0002006 seconds
[2024-08-30T08:42:20.135+0000][28.362s][info ][gc            ] GC(41) Concurrent Cycle
[2024-08-30T08:42:20.136+0000][28.362s][info ][gc,marking    ] GC(41) Concurrent Clear Claimed Marks
[2024-08-30T08:42:20.136+0000][28.362s][info ][gc,stringdedup] Concurrent String Deduplication (28.362s)
[2024-08-30T08:42:20.136+0000][28.362s][info ][gc,marking    ] GC(41) Concurrent Clear Claimed Marks 0.179ms
[2024-08-30T08:42:20.136+0000][28.362s][info ][gc,marking    ] GC(41) Concurrent Scan Root Regions
[2024-08-30T08:42:20.140+0000][28.366s][info ][gc,stringdedup] Concurrent String Deduplication 532.7K->149.4K(383.3K) avg 49.5% (28.362s, 28.366s) 4.571ms
[2024-08-30T08:42:20.150+0000][28.377s][info ][gc,marking    ] GC(41) Concurrent Scan Root Regions 14.706ms
[2024-08-30T08:42:20.150+0000][28.377s][info ][gc,marking    ] GC(41) Concurrent Mark (28.377s)
[2024-08-30T08:42:20.150+0000][28.377s][info ][gc,marking    ] GC(41) Concurrent Mark From Roots
[2024-08-30T08:42:20.150+0000][28.377s][info ][gc,task       ] GC(41) Using 1 workers of 1 for marking
[2024-08-30T08:42:20.220+0000][28.446s][debug][safepoint     ] Safepoint synchronization initiated. (54 threads)
[2024-08-30T08:42:20.220+0000][28.446s][info ][safepoint     ] Application time: 0.0844117 seconds
[2024-08-30T08:42:20.220+0000][28.446s][info ][safepoint     ] Entering safepoint region: CollectForMetadataAllocation
[2024-08-30T08:42:20.220+0000][28.446s][info ][safepoint     ] Leaving safepoint region
[2024-08-30T08:42:20.220+0000][28.446s][info ][safepoint     ] Total time for which application threads were stopped: 0.0002404 seconds, Stopping threads took: 0.0000417 seconds
[2024-08-30T08:42:20.253+0000][28.479s][debug][safepoint     ] Safepoint synchronization initiated. (54 threads)
[2024-08-30T08:42:20.253+0000][28.479s][info ][safepoint     ] Application time: 0.0331670 seconds
[2024-08-30T08:42:20.253+0000][28.479s][info ][safepoint     ] Entering safepoint region: Deoptimize
[2024-08-30T08:42:20.256+0000][28.482s][info ][safepoint     ] Leaving safepoint region
[2024-08-30T08:42:20.256+0000][28.482s][info ][safepoint     ] Total time for which application threads were stopped: 0.0027584 seconds, Stopping threads took: 0.0000431 seconds
[2024-08-30T08:42:20.278+0000][28.505s][debug][safepoint     ] Safepoint synchronization initiated. (55 threads)
[2024-08-30T08:42:20.278+0000][28.505s][info ][safepoint     ] Application time: 0.0223415 seconds
[2024-08-30T08:42:20.279+0000][28.505s][info ][safepoint     ] Entering safepoint region: CollectForMetadataAllocation
[2024-08-30T08:42:20.279+0000][28.505s][info ][safepoint     ] Leaving safepoint region
[2024-08-30T08:42:20.279+0000][28.505s][info ][safepoint     ] Total time for which application threads were stopped: 0.0002594 seconds, Stopping threads took: 0.0000462 seconds
[2024-08-30T08:42:20.287+0000][28.513s][info ][gc,marking    ] GC(41) Concurrent Mark From Roots 136.413ms
[2024-08-30T08:42:20.287+0000][28.513s][info ][gc,marking    ] GC(41) Concurrent Preclean
[2024-08-30T08:42:20.287+0000][28.513s][info ][gc,marking    ] GC(41) Concurrent Preclean 0.161ms
[2024-08-30T08:42:20.287+0000][28.513s][info ][gc,marking    ] GC(41) Concurrent Mark (28.377s, 28.513s) 136.637ms
[2024-08-30T08:42:20.287+0000][28.513s][debug][safepoint     ] Safepoint synchronization initiated. (55 threads)
[2024-08-30T08:42:20.287+0000][28.513s][info ][safepoint     ] Application time: 0.0084025 seconds
[2024-08-30T08:42:20.287+0000][28.513s][debug][safepoint     ] ... found polling page loop exception at pc = 0x00007f9170941023, stub =0x00007f9168826680
[2024-08-30T08:42:20.287+0000][28.513s][debug][safepoint     ] Waiting for 2 thread(s) to block
[2024-08-30T08:42:20.287+0000][28.513s][info ][safepoint     ] Entering safepoint region: CGC_Operation
[2024-08-30T08:42:20.287+0000][28.514s][info ][gc,start      ] GC(41) Pause Remark
[2024-08-30T08:42:20.313+0000][28.539s][info ][gc,stringtable] GC(41) Cleaned string and symbol table, strings: 51779 processed, 52 removed, symbols: 306197 processed, 281 removed
[2024-08-30T08:42:20.313+0000][28.539s][info ][gc            ] GC(41) Pause Remark 116M->116M(375M) 25.677ms
[2024-08-30T08:42:20.313+0000][28.539s][info ][gc,cpu        ] GC(41) User=0.10s Sys=0.00s Real=0.03s
[2024-08-30T08:42:20.313+0000][28.539s][info ][safepoint     ] Leaving safepoint region
[2024-08-30T08:42:20.313+0000][28.539s][info ][safepoint     ] Total time for which application threads were stopped: 0.0260975 seconds, Stopping threads took: 0.0002078 seconds
[2024-08-30T08:42:20.313+0000][28.539s][info ][gc,marking    ] GC(41) Concurrent Rebuild Remembered Sets
[2024-08-30T08:42:20.359+0000][28.586s][debug][safepoint     ] Safepoint synchronization initiated. (55 threads)
[2024-08-30T08:42:20.360+0000][28.586s][info ][safepoint     ] Application time: 0.0462443 seconds
[2024-08-30T08:42:20.360+0000][28.586s][info ][safepoint     ] Entering safepoint region: Deoptimize
[2024-08-30T08:42:20.362+0000][28.588s][info ][safepoint     ] Leaving safepoint region
[2024-08-30T08:42:20.362+0000][28.588s][info ][safepoint     ] Total time for which application threads were stopped: 0.0021192 seconds, Stopping threads took: 0.0000427 seconds
[2024-08-30T08:42:20.404+0000][28.630s][info ][gc,marking    ] GC(41) Concurrent Rebuild Remembered Sets 90.206ms
[2024-08-30T08:42:20.404+0000][28.630s][debug][safepoint     ] Safepoint synchronization initiated. (56 threads)
[2024-08-30T08:42:20.404+0000][28.630s][info ][safepoint     ] Application time: 0.0420255 seconds
[2024-08-30T08:42:20.404+0000][28.630s][debug][safepoint     ] Waiting for 1 thread(s) to block
[2024-08-30T08:42:20.404+0000][28.630s][info ][safepoint     ] Entering safepoint region: CGC_Operation
[2024-08-30T08:42:20.404+0000][28.630s][info ][gc,start      ] GC(41) Pause Cleanup
[2024-08-30T08:42:20.404+0000][28.630s][info ][gc            ] GC(41) Pause Cleanup 121M->121M(375M) 0.241ms
[2024-08-30T08:42:20.404+0000][28.630s][info ][gc,cpu        ] GC(41) User=0.00s Sys=0.00s Real=0.00s
[2024-08-30T08:42:20.404+0000][28.631s][info ][safepoint     ] Leaving safepoint region
[2024-08-30T08:42:20.404+0000][28.631s][info ][safepoint     ] Total time for which application threads were stopped: 0.0007082 seconds, Stopping threads took: 0.0001927 seconds
[2024-08-30T08:42:20.404+0000][28.631s][info ][gc,marking    ] GC(41) Concurrent Cleanup for Next Mark
[2024-08-30T08:42:20.405+0000][28.632s][info ][gc,marking    ] GC(41) Concurrent Cleanup for Next Mark 0.919ms
[2024-08-30T08:42:20.405+0000][28.632s][info ][gc            ] GC(41) Concurrent Cycle 270.013ms
[2024-08-30T08:42:21.101+0000][29.327s][debug][safepoint     ] Safepoint synchronization initiated. (64 threads)
[2024-08-30T08:42:21.101+0000][29.327s][info ][safepoint     ] Application time: 0.6962521 seconds
[2024-08-30T08:42:21.101+0000][29.327s][info ][safepoint     ] Entering safepoint region: Deoptimize
[2024-08-30T08:42:21.104+0000][29.330s][info ][safepoint     ] Leaving safepoint region
[2024-08-30T08:42:21.104+0000][29.330s][info ][safepoint     ] Total time for which application threads were stopped: 0.0030384 seconds, Stopping threads took: 0.0000789 seconds
[2024-08-30T08:42:21.623+0000][29.849s][debug][safepoint     ] Safepoint synchronization initiated. (69 threads)
[2024-08-30T08:42:21.623+0000][29.849s][info ][safepoint     ] Application time: 0.5190362 seconds
[2024-08-30T08:42:21.623+0000][29.849s][debug][safepoint     ] ... found polling page return exception at pc = 0x00007f9170afcb63, stub =0x00007f9168824b00
[2024-08-30T08:42:21.623+0000][29.849s][debug][safepoint     ] Waiting for 1 thread(s) to block
[2024-08-30T08:42:21.623+0000][29.849s][info ][safepoint     ] Entering safepoint region: ICBufferFull
[2024-08-30T08:42:21.623+0000][29.849s][info ][safepoint     ] Leaving safepoint region
[2024-08-30T08:42:21.623+0000][29.850s][info ][safepoint     ] Total time for which application threads were stopped: 0.0005917 seconds, Stopping threads took: 0.0002738 seconds
[2024-08-30T08:42:21.681+0000][29.907s][debug][safepoint     ] Safepoint synchronization initiated. (69 threads)
[2024-08-30T08:42:21.681+0000][29.907s][info ][safepoint     ] Application time: 0.0578076 seconds
[2024-08-30T08:42:21.681+0000][29.907s][info ][safepoint     ] Entering safepoint region: G1CollectForAllocation
[2024-08-30T08:42:21.681+0000][29.908s][info ][gc,start      ] GC(42) Pause Young (Concurrent Start) (G1 Evacuation Pause)
[2024-08-30T08:42:21.682+0000][29.908s][info ][gc,task       ] GC(42) Using 4 workers of 4 for evacuation
[2024-08-30T08:42:21.717+0000][29.943s][info ][gc,phases     ] GC(42)   Pre Evacuate Collection Set: 0.5ms
[2024-08-30T08:42:21.717+0000][29.943s][info ][gc,phases     ] GC(42)   Evacuate Collection Set: 29.6ms
[2024-08-30T08:42:21.717+0000][29.943s][info ][gc,phases     ] GC(42)   Post Evacuate Collection Set: 4.6ms
[2024-08-30T08:42:21.717+0000][29.943s][info ][gc,phases     ] GC(42)   Other: 0.3ms
[2024-08-30T08:42:21.717+0000][29.943s][info ][gc,heap       ] GC(42) Eden regions: 209->0(208)
[2024-08-30T08:42:21.717+0000][29.943s][info ][gc,heap       ] GC(42) Survivor regions: 16->17(29)
[2024-08-30T08:42:21.717+0000][29.943s][info ][gc,heap       ] GC(42) Old regions: 67->71
[2024-08-30T08:42:21.717+0000][29.943s][info ][gc,heap       ] GC(42) Humongous regions: 0->0
[2024-08-30T08:42:21.717+0000][29.943s][info ][gc,metaspace  ] GC(42) Metaspace: 116391K(119908K)->116391K(119908K) NonClass: 102189K(104336K)->102189K(104336K) Class: 14201K(15572K)->14201K(15572K)
[2024-08-30T08:42:21.717+0000][29.943s][info ][gc            ] GC(42) Pause Young (Concurrent Start) (G1 Evacuation Pause) 290M->86M(375M) 35.251ms
[2024-08-30T08:42:21.717+0000][29.943s][info ][gc,cpu        ] GC(42) User=0.13s Sys=0.00s Real=0.03s
[2024-08-30T08:42:21.717+0000][29.943s][info ][safepoint     ] Leaving safepoint region
[2024-08-30T08:42:21.717+0000][29.943s][info ][safepoint     ] Total time for which application threads were stopped: 0.0356193 seconds, Stopping threads took: 0.0000455 seconds
[2024-08-30T08:42:21.717+0000][29.943s][info ][gc            ] GC(43) Concurrent Cycle
[2024-08-30T08:42:21.717+0000][29.943s][info ][gc,marking    ] GC(43) Concurrent Clear Claimed Marks
[2024-08-30T08:42:21.717+0000][29.943s][info ][gc,marking    ] GC(43) Concurrent Clear Claimed Marks 0.317ms
[2024-08-30T08:42:21.717+0000][29.943s][info ][gc,marking    ] GC(43) Concurrent Scan Root Regions
[2024-08-30T08:42:21.717+0000][29.944s][info ][gc,stringdedup] Concurrent String Deduplication (29.944s)
[2024-08-30T08:42:21.723+0000][29.949s][info ][gc,stringdedup] Concurrent String Deduplication 538.0K->320.2K(217.8K) avg 49.2% (29.944s, 29.949s) 5.222ms
[2024-08-30T08:42:21.738+0000][29.964s][info ][gc,marking    ] GC(43) Concurrent Scan Root Regions 20.264ms
[2024-08-30T08:42:21.738+0000][29.964s][info ][gc,marking    ] GC(43) Concurrent Mark (29.964s)
[2024-08-30T08:42:21.738+0000][29.964s][info ][gc,marking    ] GC(43) Concurrent Mark From Roots
[2024-08-30T08:42:21.738+0000][29.964s][info ][gc,task       ] GC(43) Using 1 workers of 1 for marking
[2024-08-30T08:42:21.860+0000][30.086s][debug][safepoint     ] Safepoint synchronization initiated. (69 threads)
[2024-08-30T08:42:21.860+0000][30.086s][info ][safepoint     ] Application time: 0.1430407 seconds
[2024-08-30T08:42:21.860+0000][30.086s][info ][safepoint     ] Entering safepoint region: Deoptimize
[2024-08-30T08:42:21.863+0000][30.089s][info ][safepoint     ] Leaving safepoint region
[2024-08-30T08:42:21.863+0000][30.089s][info ][safepoint     ] Total time for which application threads were stopped: 0.0028119 seconds, Stopping threads took: 0.0000461 seconds
[2024-08-30T08:42:21.914+0000][30.140s][info ][gc,marking    ] GC(43) Concurrent Mark From Roots 175.833ms
[2024-08-30T08:42:21.914+0000][30.140s][info ][gc,marking    ] GC(43) Concurrent Preclean
[2024-08-30T08:42:21.914+0000][30.140s][info ][gc,marking    ] GC(43) Concurrent Preclean 0.166ms
[2024-08-30T08:42:21.914+0000][30.140s][info ][gc,marking    ] GC(43) Concurrent Mark (29.964s, 30.140s) 176.083ms
[2024-08-30T08:42:21.914+0000][30.140s][debug][safepoint     ] Safepoint synchronization initiated. (69 threads)
[2024-08-30T08:42:21.914+0000][30.140s][info ][safepoint     ] Application time: 0.0510863 seconds
[2024-08-30T08:42:21.914+0000][30.140s][debug][safepoint     ] ... found polling page loop exception at pc = 0x00007f9170940a57, stub =0x00007f9168826680
[2024-08-30T08:42:21.914+0000][30.140s][debug][safepoint     ] Waiting for 1 thread(s) to block
[2024-08-30T08:42:21.914+0000][30.140s][info ][safepoint     ] Entering safepoint region: CGC_Operation
[2024-08-30T08:42:21.915+0000][30.142s][info ][gc,start      ] GC(43) Pause Remark
[2024-08-30T08:42:21.947+0000][30.173s][info ][gc,stringtable] GC(43) Cleaned string and symbol table, strings: 54098 processed, 0 removed, symbols: 317725 processed, 19 removed
[2024-08-30T08:42:21.948+0000][30.174s][info ][gc            ] GC(43) Pause Remark 120M->120M(375M) 32.188ms
[2024-08-30T08:42:21.948+0000][30.174s][info ][gc,cpu        ] GC(43) User=0.08s Sys=0.00s Real=0.03s
[2024-08-30T08:42:21.948+0000][30.174s][info ][safepoint     ] Leaving safepoint region
[2024-08-30T08:42:21.948+0000][30.174s][info ][safepoint     ] Total time for which application threads were stopped: 0.0339353 seconds, Stopping threads took: 0.0001534 seconds
[2024-08-30T08:42:21.948+0000][30.174s][info ][gc,marking    ] GC(43) Concurrent Rebuild Remembered Sets
[2024-08-30T08:42:22.038+0000][30.264s][info ][gc,marking    ] GC(43) Concurrent Rebuild Remembered Sets 90.399ms
[2024-08-30T08:42:22.038+0000][30.265s][debug][safepoint     ] Safepoint synchronization initiated. (69 threads)
[2024-08-30T08:42:22.038+0000][30.265s][info ][safepoint     ] Application time: 0.0906151 seconds
[2024-08-30T08:42:22.044+0000][30.271s][debug][safepoint     ] ... found polling page loop exception at pc = 0x00007f9170941023, stub =0x00007f9168826680
[2024-08-30T08:42:22.044+0000][30.271s][debug][safepoint     ] Waiting for 1 thread(s) to block
[2024-08-30T08:42:22.044+0000][30.271s][info ][safepoint     ] Entering safepoint region: CGC_Operation
[2024-08-30T08:42:22.045+0000][30.271s][info ][gc,start      ] GC(43) Pause Cleanup
[2024-08-30T08:42:22.045+0000][30.271s][info ][gc            ] GC(43) Pause Cleanup 130M->130M(375M) 0.541ms
[2024-08-30T08:42:22.045+0000][30.272s][info ][gc,cpu        ] GC(43) User=0.00s Sys=0.00s Real=0.00s
[2024-08-30T08:42:22.045+0000][30.272s][info ][safepoint     ] Leaving safepoint region
[2024-08-30T08:42:22.046+0000][30.272s][info ][safepoint     ] Total time for which application threads were stopped: 0.0070906 seconds, Stopping threads took: 0.0060751 seconds
[2024-08-30T08:42:22.047+0000][30.273s][info ][gc,marking    ] GC(43) Concurrent Cleanup for Next Mark
[2024-08-30T08:42:22.048+0000][30.274s][info ][gc,marking    ] GC(43) Concurrent Cleanup for Next Mark 1.016ms
[2024-08-30T08:42:22.048+0000][30.274s][info ][gc            ] GC(43) Concurrent Cycle 331.360ms
[2024-08-30T08:42:22.343+0000][30.569s][debug][safepoint     ] Safepoint synchronization initiated. (70 threads)
[2024-08-30T08:42:22.343+0000][30.569s][info ][safepoint     ] Application time: 0.2972283 seconds
[2024-08-30T08:42:22.343+0000][30.569s][debug][safepoint     ] Waiting for 1 thread(s) to block
[2024-08-30T08:42:22.343+0000][30.569s][info ][safepoint     ] Entering safepoint region: Deoptimize
[2024-08-30T08:42:22.345+0000][30.571s][info ][safepoint     ] Leaving safepoint region
[2024-08-30T08:42:22.345+0000][30.571s][info ][safepoint     ] Total time for which application threads were stopped: 0.0019799 seconds, Stopping threads took: 0.0000940 seconds
[2024-08-30T08:42:22.647+0000][30.873s][debug][safepoint     ] Safepoint synchronization initiated. (70 threads)
[2024-08-30T08:42:22.647+0000][30.873s][info ][safepoint     ] Application time: 0.3023000 seconds
[2024-08-30T08:42:22.647+0000][30.873s][debug][safepoint     ] Waiting for 1 thread(s) to block
[2024-08-30T08:42:22.647+0000][30.873s][info ][safepoint     ] Entering safepoint region: Deoptimize
[2024-08-30T08:42:22.649+0000][30.875s][info ][safepoint     ] Leaving safepoint region
[2024-08-30T08:42:22.649+0000][30.875s][info ][safepoint     ] Total time for which application threads were stopped: 0.0020888 seconds, Stopping threads took: 0.0000791 seconds
[2024-08-30T08:42:22.651+0000][30.877s][debug][safepoint     ] Safepoint synchronization initiated. (70 threads)
[2024-08-30T08:42:22.651+0000][30.877s][info ][safepoint     ] Application time: 0.0016697 seconds
[2024-08-30T08:42:22.651+0000][30.877s][debug][safepoint     ] Waiting for 1 thread(s) to block
[2024-08-30T08:42:22.651+0000][30.877s][info ][safepoint     ] Entering safepoint region: Deoptimize
[2024-08-30T08:42:22.651+0000][30.878s][info ][safepoint     ] Leaving safepoint region
[2024-08-30T08:42:22.652+0000][30.878s][info ][safepoint     ] Total time for which application threads were stopped: 0.0006581 seconds, Stopping threads took: 0.0000531 seconds
[2024-08-30T08:42:22.958+0000][31.184s][debug][safepoint     ] Safepoint synchronization initiated. (70 threads)
[2024-08-30T08:42:22.958+0000][31.184s][info ][safepoint     ] Application time: 0.3065701 seconds
[2024-08-30T08:42:22.958+0000][31.184s][info ][safepoint     ] Entering safepoint region: G1CollectForAllocation
[2024-08-30T08:42:22.959+0000][31.185s][info ][gc,start      ] GC(44) Pause Young (Normal) (G1 Evacuation Pause)
[2024-08-30T08:42:22.959+0000][31.185s][info ][gc,task       ] GC(44) Using 4 workers of 4 for evacuation
[2024-08-30T08:42:22.983+0000][31.209s][info ][gc,phases     ] GC(44)   Pre Evacuate Collection Set: 0.0ms
[2024-08-30T08:42:22.983+0000][31.209s][info ][gc,phases     ] GC(44)   Evacuate Collection Set: 20.3ms
[2024-08-30T08:42:22.983+0000][31.209s][info ][gc,phases     ] GC(44)   Post Evacuate Collection Set: 3.9ms
[2024-08-30T08:42:22.983+0000][31.209s][info ][gc,phases     ] GC(44)   Other: 0.4ms
[2024-08-30T08:42:22.983+0000][31.209s][info ][gc,heap       ] GC(44) Eden regions: 208->0(210)
[2024-08-30T08:42:22.983+0000][31.209s][info ][gc,heap       ] GC(44) Survivor regions: 17->15(29)
[2024-08-30T08:42:22.983+0000][31.209s][info ][gc,heap       ] GC(44) Old regions: 71->78
[2024-08-30T08:42:22.983+0000][31.209s][info ][gc,heap       ] GC(44) Humongous regions: 0->0
[2024-08-30T08:42:22.983+0000][31.209s][info ][gc,metaspace  ] GC(44) Metaspace: 121178K(124772K)->121178K(124772K) NonClass: 106463K(108688K)->106463K(108688K) Class: 14715K(16084K)->14715K(16084K)
[2024-08-30T08:42:22.983+0000][31.209s][info ][gc            ] GC(44) Pause Young (Normal) (G1 Evacuation Pause) 294M->90M(375M) 24.764ms
[2024-08-30T08:42:22.983+0000][31.209s][info ][gc,cpu        ] GC(44) User=0.09s Sys=0.00s Real=0.03s
[2024-08-30T08:42:22.983+0000][31.210s][info ][safepoint     ] Leaving safepoint region
[2024-08-30T08:42:22.983+0000][31.210s][info ][safepoint     ] Total time for which application threads were stopped: 0.0252593 seconds, Stopping threads took: 0.0000709 seconds
[2024-08-30T08:42:22.984+0000][31.210s][info ][gc,stringdedup] Concurrent String Deduplication (31.210s)
[2024-08-30T08:42:22.984+0000][31.211s][info ][gc,stringdedup] Concurrent String Deduplication 84048.0B->21408.0B(62640.0B) avg 49.3% (31.210s, 31.211s) 0.664ms
[2024-08-30T08:42:23.047+0000][31.273s][debug][safepoint     ] Safepoint synchronization initiated. (72 threads)
[2024-08-30T08:42:23.047+0000][31.273s][info ][safepoint     ] Application time: 0.0637464 seconds
[2024-08-30T08:42:23.047+0000][31.273s][info ][safepoint     ] Entering safepoint region: Deoptimize
[2024-08-30T08:42:23.049+0000][31.275s][info ][safepoint     ] Leaving safepoint region
[2024-08-30T08:42:23.049+0000][31.275s][info ][safepoint     ] Total time for which application threads were stopped: 0.0021116 seconds, Stopping threads took: 0.0000483 seconds
[2024-08-30T08:42:23.555+0000][31.781s][debug][safepoint     ] Safepoint synchronization initiated. (74 threads)
[2024-08-30T08:42:23.555+0000][31.781s][info ][safepoint     ] Application time: 0.5055887 seconds
[2024-08-30T08:42:23.555+0000][31.781s][debug][safepoint     ] Waiting for 1 thread(s) to block
[2024-08-30T08:42:23.555+0000][31.781s][info ][safepoint     ] Entering safepoint region: ICBufferFull
[2024-08-30T08:42:23.555+0000][31.781s][info ][safepoint     ] Leaving safepoint region
[2024-08-30T08:42:23.555+0000][31.781s][info ][safepoint     ] Total time for which application threads were stopped: 0.0003799 seconds, Stopping threads took: 0.0000848 seconds
[2024-08-30T08:42:23.977+0000][32.203s][debug][safepoint     ] Safepoint synchronization initiated. (74 threads)
[2024-08-30T08:42:23.977+0000][32.203s][info ][safepoint     ] Application time: 0.4219758 seconds
[2024-08-30T08:42:23.977+0000][32.203s][debug][safepoint     ] Waiting for 1 thread(s) to block
[2024-08-30T08:42:23.977+0000][32.203s][info ][safepoint     ] Entering safepoint region: ICBufferFull
[2024-08-30T08:42:23.978+0000][32.204s][info ][safepoint     ] Leaving safepoint region
[2024-08-30T08:42:23.978+0000][32.204s][info ][safepoint     ] Total time for which application threads were stopped: 0.0004245 seconds, Stopping threads took: 0.0000814 seconds
[2024-08-30T08:42:24.128+0000][32.354s][debug][safepoint     ] Safepoint synchronization initiated. (74 threads)
[2024-08-30T08:42:24.128+0000][32.354s][info ][safepoint     ] Application time: 0.1501393 seconds
[2024-08-30T08:42:24.128+0000][32.354s][debug][safepoint     ] Waiting for 1 thread(s) to block
[2024-08-30T08:42:24.128+0000][32.354s][info ][safepoint     ] Entering safepoint region: G1CollectForAllocation
[2024-08-30T08:42:24.128+0000][32.354s][info ][gc,start      ] GC(45) Pause Young (Normal) (G1 Evacuation Pause)
[2024-08-30T08:42:24.128+0000][32.354s][info ][gc,task       ] GC(45) Using 4 workers of 4 for evacuation
[2024-08-30T08:42:24.158+0000][32.384s][info ][gc,phases     ] GC(45)   Pre Evacuate Collection Set: 0.0ms
[2024-08-30T08:42:24.158+0000][32.384s][info ][gc,phases     ] GC(45)   Evacuate Collection Set: 25.2ms
[2024-08-30T08:42:24.158+0000][32.384s][info ][gc,phases     ] GC(45)   Post Evacuate Collection Set: 4.1ms
[2024-08-30T08:42:24.158+0000][32.384s][info ][gc,phases     ] GC(45)   Other: 0.2ms
[2024-08-30T08:42:24.158+0000][32.384s][info ][gc,heap       ] GC(45) Eden regions: 210->0(205)
[2024-08-30T08:42:24.158+0000][32.384s][info ][gc,heap       ] GC(45) Survivor regions: 15->20(29)
[2024-08-30T08:42:24.158+0000][32.384s][info ][gc,heap       ] GC(45) Old regions: 78->78
[2024-08-30T08:42:24.158+0000][32.384s][info ][gc,heap       ] GC(45) Humongous regions: 1->0
[2024-08-30T08:42:24.158+0000][32.384s][info ][gc,metaspace  ] GC(45) Metaspace: 125324K(128868K)->125324K(128868K) NonClass: 110330K(112528K)->110330K(112528K) Class: 14993K(16340K)->14993K(16340K)
[2024-08-30T08:42:24.158+0000][32.384s][info ][gc            ] GC(45) Pause Young (Normal) (G1 Evacuation Pause) 301M->95M(375M) 29.762ms
[2024-08-30T08:42:24.158+0000][32.384s][info ][gc,cpu        ] GC(45) User=0.11s Sys=0.00s Real=0.03s
[2024-08-30T08:42:24.158+0000][32.384s][info ][safepoint     ] Leaving safepoint region
[2024-08-30T08:42:24.158+0000][32.384s][info ][safepoint     ] Total time for which application threads were stopped: 0.0301533 seconds, Stopping threads took: 0.0000818 seconds
[2024-08-30T08:42:24.158+0000][32.384s][info ][gc,stringdedup] Concurrent String Deduplication (32.384s)
[2024-08-30T08:42:24.161+0000][32.387s][info ][gc,stringdedup] Concurrent String Deduplication 486.5K->251.6K(234.9K) avg 49.3% (32.384s, 32.387s) 3.315ms
[2024-08-30T08:42:24.482+0000][32.708s][debug][safepoint     ] Safepoint synchronization initiated. (75 threads)
[2024-08-30T08:42:24.482+0000][32.708s][info ][safepoint     ] Application time: 0.3239081 seconds
[2024-08-30T08:42:24.482+0000][32.708s][debug][safepoint     ] Waiting for 1 thread(s) to block
[2024-08-30T08:42:24.482+0000][32.708s][info ][safepoint     ] Entering safepoint region: Deoptimize
[2024-08-30T08:42:24.484+0000][32.710s][info ][safepoint     ] Leaving safepoint region
[2024-08-30T08:42:24.484+0000][32.710s][info ][safepoint     ] Total time for which application threads were stopped: 0.0020077 seconds, Stopping threads took: 0.0000750 seconds
[2024-08-30T08:42:24.741+0000][32.967s][debug][safepoint     ] Safepoint synchronization initiated. (75 threads)
[2024-08-30T08:42:24.741+0000][32.968s][info ][safepoint     ] Application time: 0.2574335 seconds
[2024-08-30T08:42:24.741+0000][32.968s][info ][safepoint     ] Entering safepoint region: ICBufferFull
[2024-08-30T08:42:24.742+0000][32.968s][info ][safepoint     ] Leaving safepoint region
[2024-08-30T08:42:24.742+0000][32.968s][info ][safepoint     ] Total time for which application threads were stopped: 0.0004227 seconds, Stopping threads took: 0.0000744 seconds
[2024-08-30T08:42:25.076+0000][33.302s][debug][safepoint     ] Safepoint synchronization initiated. (75 threads)
[2024-08-30T08:42:25.076+0000][33.302s][info ][safepoint     ] Application time: 0.3342549 seconds
[2024-08-30T08:42:25.076+0000][33.302s][debug][safepoint     ] Waiting for 1 thread(s) to block
[2024-08-30T08:42:25.076+0000][33.302s][info ][safepoint     ] Entering safepoint region: ICBufferFull
[2024-08-30T08:42:25.077+0000][33.303s][info ][safepoint     ] Leaving safepoint region
[2024-08-30T08:42:25.077+0000][33.303s][info ][safepoint     ] Total time for which application threads were stopped: 0.0004541 seconds, Stopping threads took: 0.0000856 seconds
[2024-08-30T08:42:25.361+0000][33.587s][debug][safepoint     ] Safepoint synchronization initiated. (76 threads)
[2024-08-30T08:42:25.361+0000][33.587s][info ][safepoint     ] Application time: 0.2841765 seconds
[2024-08-30T08:42:25.361+0000][33.587s][debug][safepoint     ] Waiting for 1 thread(s) to block
[2024-08-30T08:42:25.361+0000][33.587s][info ][safepoint     ] Entering safepoint region: ICBufferFull
[2024-08-30T08:42:25.361+0000][33.587s][info ][safepoint     ] Leaving safepoint region
[2024-08-30T08:42:25.361+0000][33.587s][info ][safepoint     ] Total time for which application threads were stopped: 0.0004296 seconds, Stopping threads took: 0.0001190 seconds
[2024-08-30T08:42:25.593+0000][33.819s][debug][safepoint     ] Safepoint synchronization initiated. (76 threads)
[2024-08-30T08:42:25.593+0000][33.819s][info ][safepoint     ] Application time: 0.2317286 seconds
[2024-08-30T08:42:25.593+0000][33.819s][debug][safepoint     ] Waiting for 1 thread(s) to block
[2024-08-30T08:42:25.593+0000][33.819s][info ][safepoint     ] Entering safepoint region: G1CollectForAllocation
[2024-08-30T08:42:25.593+0000][33.819s][info ][gc,start      ] GC(46) Pause Young (Normal) (G1 Evacuation Pause)
[2024-08-30T08:42:25.593+0000][33.819s][info ][gc,task       ] GC(46) Using 4 workers of 4 for evacuation
[2024-08-30T08:42:25.629+0000][33.855s][info ][gc,phases     ] GC(46)   Pre Evacuate Collection Set: 0.0ms
[2024-08-30T08:42:25.629+0000][33.855s][info ][gc,phases     ] GC(46)   Evacuate Collection Set: 28.8ms
[2024-08-30T08:42:25.629+0000][33.855s][info ][gc,phases     ] GC(46)   Post Evacuate Collection Set: 6.7ms
[2024-08-30T08:42:25.629+0000][33.855s][info ][gc,phases     ] GC(46)   Other: 0.3ms
[2024-08-30T08:42:25.629+0000][33.855s][info ][gc,heap       ] GC(46) Eden regions: 205->0(205)
[2024-08-30T08:42:25.629+0000][33.855s][info ][gc,heap       ] GC(46) Survivor regions: 20->20(29)
[2024-08-30T08:42:25.629+0000][33.855s][info ][gc,heap       ] GC(46) Old regions: 78->82
[2024-08-30T08:42:25.629+0000][33.855s][info ][gc,heap       ] GC(46) Humongous regions: 0->0
[2024-08-30T08:42:25.629+0000][33.855s][info ][gc,metaspace  ] GC(46) Metaspace: 129532K(133092K)->129532K(133092K) NonClass: 114145K(116368K)->114145K(116368K) Class: 15387K(16724K)->15387K(16724K)
[2024-08-30T08:42:25.629+0000][33.855s][info ][gc            ] GC(46) Pause Young (Normal) (G1 Evacuation Pause) 300M->100M(375M) 35.873ms
[2024-08-30T08:42:25.629+0000][33.855s][info ][gc,cpu        ] GC(46) User=0.13s Sys=0.00s Real=0.03s
[2024-08-30T08:42:25.629+0000][33.855s][info ][safepoint     ] Leaving safepoint region
[2024-08-30T08:42:25.629+0000][33.855s][info ][safepoint     ] Total time for which application threads were stopped: 0.0362882 seconds, Stopping threads took: 0.0000852 seconds
[2024-08-30T08:42:25.629+0000][33.855s][info ][gc,stringdedup] Concurrent String Deduplication (33.855s)
[2024-08-30T08:42:25.635+0000][33.861s][info ][gc,stringdedup] Concurrent String Deduplication 513.5K->357.3K(156.2K) avg 48.6% (33.855s, 33.861s) 5.464ms
[2024-08-30T08:42:26.390+0000][34.616s][debug][safepoint     ] Safepoint synchronization initiated. (77 threads)
[2024-08-30T08:42:26.390+0000][34.616s][info ][safepoint     ] Application time: 0.7604181 seconds
[2024-08-30T08:42:26.390+0000][34.616s][debug][safepoint     ] ... found polling page return exception at pc = 0x00007f916ab9e6bb, stub =0x00007f9168824b00
[2024-08-30T08:42:26.390+0000][34.616s][debug][safepoint     ] Waiting for 1 thread(s) to block
[2024-08-30T08:42:26.390+0000][34.616s][info ][safepoint     ] Entering safepoint region: Deoptimize
[2024-08-30T08:42:26.392+0000][34.618s][info ][safepoint     ] Leaving safepoint region
[2024-08-30T08:42:26.392+0000][34.618s][info ][safepoint     ] Total time for which application threads were stopped: 0.0026406 seconds, Stopping threads took: 0.0001739 seconds
[2024-08-30T08:42:26.464+0000][34.690s][debug][safepoint     ] Safepoint synchronization initiated. (77 threads)
[2024-08-30T08:42:26.464+0000][34.691s][info ][safepoint     ] Application time: 0.0720218 seconds
[2024-08-30T08:42:26.464+0000][34.691s][debug][safepoint     ] Waiting for 1 thread(s) to block
[2024-08-30T08:42:26.464+0000][34.691s][info ][safepoint     ] Entering safepoint region: Deoptimize
[2024-08-30T08:42:26.467+0000][34.693s][info ][safepoint     ] Leaving safepoint region
[2024-08-30T08:42:26.467+0000][34.693s][info ][safepoint     ] Total time for which application threads were stopped: 0.0021929 seconds, Stopping threads took: 0.0000920 seconds
[2024-08-30T08:42:26.715+0000][34.941s][debug][safepoint     ] Safepoint synchronization initiated. (80 threads)
[2024-08-30T08:42:26.715+0000][34.941s][info ][safepoint     ] Application time: 0.2484424 seconds
[2024-08-30T08:42:26.715+0000][34.941s][debug][safepoint     ] Waiting for 1 thread(s) to block
[2024-08-30T08:42:26.715+0000][34.941s][info ][safepoint     ] Entering safepoint region: Deoptimize
[2024-08-30T08:42:26.717+0000][34.944s][info ][safepoint     ] Leaving safepoint region
[2024-08-30T08:42:26.717+0000][34.944s][info ][safepoint     ] Total time for which application threads were stopped: 0.0023366 seconds, Stopping threads took: 0.0000955 seconds
[2024-08-30T08:42:26.756+0000][34.982s][debug][safepoint     ] Safepoint synchronization initiated. (80 threads)
[2024-08-30T08:42:26.756+0000][34.982s][info ][safepoint     ] Application time: 0.0387653 seconds
[2024-08-30T08:42:26.756+0000][34.982s][debug][safepoint     ] Waiting for 1 thread(s) to block
[2024-08-30T08:42:26.756+0000][34.982s][info ][safepoint     ] Entering safepoint region: G1CollectForAllocation
[2024-08-30T08:42:26.756+0000][34.983s][info ][gc,start      ] GC(47) Pause Young (Normal) (G1 Evacuation Pause)
[2024-08-30T08:42:26.756+0000][34.983s][info ][gc,task       ] GC(47) Using 4 workers of 4 for evacuation
[2024-08-30T08:42:26.787+0000][35.014s][info ][gc,phases     ] GC(47)   Pre Evacuate Collection Set: 0.0ms
[2024-08-30T08:42:26.788+0000][35.014s][info ][gc,phases     ] GC(47)   Evacuate Collection Set: 25.6ms
[2024-08-30T08:42:26.788+0000][35.014s][info ][gc,phases     ] GC(47)   Post Evacuate Collection Set: 5.2ms
[2024-08-30T08:42:26.788+0000][35.014s][info ][gc,phases     ] GC(47)   Other: 0.2ms
[2024-08-30T08:42:26.788+0000][35.014s][info ][gc,heap       ] GC(47) Eden regions: 205->0(207)
[2024-08-30T08:42:26.788+0000][35.014s][info ][gc,heap       ] GC(47) Survivor regions: 20->18(29)
[2024-08-30T08:42:26.788+0000][35.014s][info ][gc,heap       ] GC(47) Old regions: 82->87
[2024-08-30T08:42:26.788+0000][35.014s][info ][gc,heap       ] GC(47) Humongous regions: 0->0
[2024-08-30T08:42:26.788+0000][35.014s][info ][gc,metaspace  ] GC(47) Metaspace: 133519K(137316K)->133519K(137316K) NonClass: 117774K(120208K)->117774K(120208K) Class: 15744K(17108K)->15744K(17108K)
[2024-08-30T08:42:26.788+0000][35.014s][info ][gc            ] GC(47) Pause Young (Normal) (G1 Evacuation Pause) 305M->103M(375M) 31.210ms
[2024-08-30T08:42:26.788+0000][35.014s][info ][gc,cpu        ] GC(47) User=0.12s Sys=0.00s Real=0.03s
[2024-08-30T08:42:26.788+0000][35.014s][info ][safepoint     ] Leaving safepoint region
[2024-08-30T08:42:26.788+0000][35.014s][info ][safepoint     ] Total time for which application threads were stopped: 0.0315598 seconds, Stopping threads took: 0.0000783 seconds
[2024-08-30T08:42:26.788+0000][35.014s][info ][gc,stringdedup] Concurrent String Deduplication (35.014s)
[2024-08-30T08:42:26.791+0000][35.017s][info ][gc,stringdedup] Concurrent String Deduplication 550.6K->183.3K(367.4K) avg 49.3% (35.014s, 35.017s) 2.697ms
[2024-08-30T08:42:26.834+0000][35.060s][debug][safepoint     ] Safepoint synchronization initiated. (80 threads)
[2024-08-30T08:42:26.834+0000][35.060s][info ][safepoint     ] Application time: 0.0459650 seconds
[2024-08-30T08:42:26.834+0000][35.060s][info ][safepoint     ] Entering safepoint region: Deoptimize
[2024-08-30T08:42:26.836+0000][35.062s][info ][safepoint     ] Leaving safepoint region
[2024-08-30T08:42:26.836+0000][35.062s][info ][safepoint     ] Total time for which application threads were stopped: 0.0024228 seconds, Stopping threads took: 0.0000733 seconds
[2024-08-30T08:42:26.878+0000][35.104s][debug][safepoint     ] Safepoint synchronization initiated. (80 threads)
[2024-08-30T08:42:26.878+0000][35.104s][info ][safepoint     ] Application time: 0.0420881 seconds
[2024-08-30T08:42:26.878+0000][35.104s][info ][safepoint     ] Entering safepoint region: Deoptimize
[2024-08-30T08:42:26.880+0000][35.106s][info ][safepoint     ] Leaving safepoint region
[2024-08-30T08:42:26.880+0000][35.106s][info ][safepoint     ] Total time for which application threads were stopped: 0.0012616 seconds, Stopping threads took: 0.0000303 seconds
[2024-08-30T08:42:26.938+0000][35.164s][debug][safepoint     ] Safepoint synchronization initiated. (80 threads)
[2024-08-30T08:42:26.938+0000][35.165s][info ][safepoint     ] Application time: 0.0588177 seconds
[2024-08-30T08:42:26.938+0000][35.165s][debug][safepoint     ] Waiting for 1 thread(s) to block
[2024-08-30T08:42:26.938+0000][35.165s][info ][safepoint     ] Entering safepoint region: Deoptimize
[2024-08-30T08:42:26.940+0000][35.166s][info ][safepoint     ] Leaving safepoint region
[2024-08-30T08:42:26.940+0000][35.166s][info ][safepoint     ] Total time for which application threads were stopped: 0.0016641 seconds, Stopping threads took: 0.0000616 seconds
[2024-08-30T08:42:27.142+0000][35.368s][debug][safepoint     ] Safepoint synchronization initiated. (80 threads)
[2024-08-30T08:42:27.142+0000][35.368s][info ][safepoint     ] Application time: 0.2018735 seconds
[2024-08-30T08:42:27.142+0000][35.368s][debug][safepoint     ] Waiting for 1 thread(s) to block
[2024-08-30T08:42:27.142+0000][35.368s][info ][safepoint     ] Entering safepoint region: Deoptimize
[2024-08-30T08:42:27.144+0000][35.371s][info ][safepoint     ] Leaving safepoint region
[2024-08-30T08:42:27.144+0000][35.371s][info ][safepoint     ] Total time for which application threads were stopped: 0.0024618 seconds, Stopping threads took: 0.0000821 seconds
[2024-08-30T08:42:27.146+0000][35.372s][debug][safepoint     ] Safepoint synchronization initiated. (80 threads)
[2024-08-30T08:42:27.146+0000][35.372s][info ][safepoint     ] Application time: 0.0017131 seconds
[2024-08-30T08:42:27.146+0000][35.372s][debug][safepoint     ] Waiting for 1 thread(s) to block
[2024-08-30T08:42:27.146+0000][35.372s][info ][safepoint     ] Entering safepoint region: Deoptimize
[2024-08-30T08:42:27.147+0000][35.373s][info ][safepoint     ] Leaving safepoint region
[2024-08-30T08:42:27.147+0000][35.373s][info ][safepoint     ] Total time for which application threads were stopped: 0.0007741 seconds, Stopping threads took: 0.0000552 seconds
[2024-08-30T08:42:27.173+0000][35.399s][debug][safepoint     ] Safepoint synchronization initiated. (80 threads)
[2024-08-30T08:42:27.173+0000][35.399s][info ][safepoint     ] Application time: 0.0259730 seconds
[2024-08-30T08:42:27.173+0000][35.399s][debug][safepoint     ] ... found polling page loop exception at pc = 0x00007f91709633c4, stub =0x00007f9168826680
[2024-08-30T08:42:27.173+0000][35.399s][debug][safepoint     ] Waiting for 2 thread(s) to block
[2024-08-30T08:42:27.173+0000][35.399s][info ][safepoint     ] Entering safepoint region: ICBufferFull
[2024-08-30T08:42:27.173+0000][35.400s][info ][safepoint     ] Leaving safepoint region
[2024-08-30T08:42:27.174+0000][35.400s][info ][safepoint     ] Total time for which application threads were stopped: 0.0005890 seconds, Stopping threads took: 0.0001407 seconds
[2024-08-30T08:42:28.174+0000][36.400s][debug][safepoint     ] Safepoint synchronization initiated. (80 threads)
[2024-08-30T08:42:28.174+0000][36.400s][info ][safepoint     ] Application time: 1.0002149 seconds
[2024-08-30T08:42:28.174+0000][36.400s][debug][safepoint     ] Waiting for 1 thread(s) to block
[2024-08-30T08:42:28.174+0000][36.400s][info ][safepoint     ] Entering safepoint region: Cleanup
[2024-08-30T08:42:28.174+0000][36.400s][info ][safepoint     ] Leaving safepoint region
[2024-08-30T08:42:28.174+0000][36.400s][info ][safepoint     ] Total time for which application threads were stopped: 0.0004246 seconds, Stopping threads took: 0.0001304 seconds
[2024-08-30T08:42:28.262+0000][36.488s][debug][safepoint     ] Safepoint synchronization initiated. (80 threads)
[2024-08-30T08:42:28.262+0000][36.488s][info ][safepoint     ] Application time: 0.0873518 seconds
[2024-08-30T08:42:28.262+0000][36.488s][info ][safepoint     ] Entering safepoint region: G1CollectForAllocation
[2024-08-30T08:42:28.262+0000][36.488s][info ][gc,start      ] GC(48) Pause Young (Normal) (G1 Evacuation Pause)
[2024-08-30T08:42:28.262+0000][36.488s][info ][gc,task       ] GC(48) Using 4 workers of 4 for evacuation
[2024-08-30T08:42:28.297+0000][36.523s][info ][gc,phases     ] GC(48)   Pre Evacuate Collection Set: 0.0ms
[2024-08-30T08:42:28.297+0000][36.523s][info ][gc,phases     ] GC(48)   Evacuate Collection Set: 29.1ms
[2024-08-30T08:42:28.297+0000][36.523s][info ][gc,phases     ] GC(48)   Post Evacuate Collection Set: 5.3ms
[2024-08-30T08:42:28.297+0000][36.523s][info ][gc,phases     ] GC(48)   Other: 0.3ms
[2024-08-30T08:42:28.297+0000][36.523s][info ][gc,heap       ] GC(48) Eden regions: 207->0(206)
[2024-08-30T08:42:28.297+0000][36.523s][info ][gc,heap       ] GC(48) Survivor regions: 18->19(29)
[2024-08-30T08:42:28.297+0000][36.523s][info ][gc,heap       ] GC(48) Old regions: 87->92
[2024-08-30T08:42:28.297+0000][36.523s][info ][gc,heap       ] GC(48) Humongous regions: 0->0
[2024-08-30T08:42:28.297+0000][36.523s][info ][gc,metaspace  ] GC(48) Metaspace: 140654K(144612K)->140654K(144612K) NonClass: 124139K(126608K)->124139K(126608K) Class: 16515K(18004K)->16515K(18004K)
[2024-08-30T08:42:28.297+0000][36.523s][info ][gc            ] GC(48) Pause Young (Normal) (G1 Evacuation Pause) 310M->108M(375M) 34.947ms
[2024-08-30T08:42:28.297+0000][36.523s][info ][gc,cpu        ] GC(48) User=0.13s Sys=0.01s Real=0.03s
[2024-08-30T08:42:28.297+0000][36.523s][info ][safepoint     ] Leaving safepoint region
[2024-08-30T08:42:28.297+0000][36.523s][info ][safepoint     ] Total time for which application threads were stopped: 0.0353418 seconds, Stopping threads took: 0.0000595 seconds
[2024-08-30T08:42:28.297+0000][36.523s][info ][gc,stringdedup] Concurrent String Deduplication (36.523s)
[2024-08-30T08:42:28.300+0000][36.526s][info ][gc,stringdedup] Concurrent String Deduplication 466.9K->149.4K(317.4K) avg 49.8% (36.523s, 36.526s) 2.627ms
[2024-08-30T08:42:29.297+0000][37.523s][debug][safepoint     ] Safepoint synchronization initiated. (81 threads)
[2024-08-30T08:42:29.297+0000][37.523s][info ][safepoint     ] Application time: 1.0001603 seconds
[2024-08-30T08:42:29.297+0000][37.523s][debug][safepoint     ] ... found polling page return exception at pc = 0x00007f917080d5b4, stub =0x00007f9168824b00
[2024-08-30T08:42:29.297+0000][37.523s][debug][safepoint     ] Waiting for 1 thread(s) to block
[2024-08-30T08:42:29.297+0000][37.523s][info ][safepoint     ] Entering safepoint region: Cleanup
[2024-08-30T08:42:29.297+0000][37.524s][info ][safepoint     ] Leaving safepoint region
[2024-08-30T08:42:29.298+0000][37.524s][info ][safepoint     ] Total time for which application threads were stopped: 0.0004153 seconds, Stopping threads took: 0.0001178 seconds
[2024-08-30T08:42:29.300+0000][37.526s][debug][safepoint     ] Safepoint synchronization initiated. (81 threads)
[2024-08-30T08:42:29.300+0000][37.526s][info ][safepoint     ] Application time: 0.0026660 seconds
[2024-08-30T08:42:29.300+0000][37.526s][debug][safepoint     ] ... found polling page loop exception at pc = 0x00007f916a89f31f, stub =0x00007f9168826680
[2024-08-30T08:42:29.300+0000][37.526s][debug][safepoint     ] Waiting for 1 thread(s) to block
[2024-08-30T08:42:29.300+0000][37.526s][info ][safepoint     ] Entering safepoint region: G1CollectForAllocation
[2024-08-30T08:42:29.301+0000][37.527s][info ][gc,start      ] GC(49) Pause Young (Normal) (G1 Evacuation Pause)
[2024-08-30T08:42:29.301+0000][37.527s][info ][gc,task       ] GC(49) Using 4 workers of 4 for evacuation
[2024-08-30T08:42:29.336+0000][37.562s][info ][gc,phases     ] GC(49)   Pre Evacuate Collection Set: 0.0ms
[2024-08-30T08:42:29.336+0000][37.562s][info ][gc,phases     ] GC(49)   Evacuate Collection Set: 30.1ms
[2024-08-30T08:42:29.336+0000][37.562s][info ][gc,phases     ] GC(49)   Post Evacuate Collection Set: 5.1ms
[2024-08-30T08:42:29.336+0000][37.562s][info ][gc,phases     ] GC(49)   Other: 0.2ms
[2024-08-30T08:42:29.336+0000][37.562s][info ][gc,heap       ] GC(49) Eden regions: 206->0(203)
[2024-08-30T08:42:29.336+0000][37.562s][info ][gc,heap       ] GC(49) Survivor regions: 19->19(29)
[2024-08-30T08:42:29.336+0000][37.562s][info ][gc,heap       ] GC(49) Old regions: 92->96
[2024-08-30T08:42:29.336+0000][37.562s][info ][gc,heap       ] GC(49) Humongous regions: 0->0
[2024-08-30T08:42:29.336+0000][37.562s][info ][gc,metaspace  ] GC(49) Metaspace: 145514K(149604K)->145514K(149604K) NonClass: 128592K(131216K)->128592K(131216K) Class: 16921K(18388K)->16921K(18388K)
[2024-08-30T08:42:29.336+0000][37.562s][info ][gc            ] GC(49) Pause Young (Normal) (G1 Evacuation Pause) 314M->113M(375M) 35.805ms
[2024-08-30T08:42:29.336+0000][37.562s][info ][gc,cpu        ] GC(49) User=0.14s Sys=0.00s Real=0.04s
[2024-08-30T08:42:29.336+0000][37.563s][info ][safepoint     ] Leaving safepoint region
[2024-08-30T08:42:29.336+0000][37.563s][info ][safepoint     ] Total time for which application threads were stopped: 0.0362160 seconds, Stopping threads took: 0.0001639 seconds
[2024-08-30T08:42:29.336+0000][37.563s][info ][gc,stringdedup] Concurrent String Deduplication (37.563s)
[2024-08-30T08:42:29.338+0000][37.564s][info ][gc,stringdedup] Concurrent String Deduplication 244.0K->126.5K(117.5K) avg 49.8% (37.563s, 37.564s) 1.644ms
[2024-08-30T08:42:29.977+0000][38.203s][debug][safepoint     ] Safepoint synchronization initiated. (86 threads)
[2024-08-30T08:42:29.977+0000][38.203s][info ][safepoint     ] Application time: 0.6409187 seconds
[2024-08-30T08:42:29.977+0000][38.204s][info ][safepoint     ] Entering safepoint region: Deoptimize
[2024-08-30T08:42:29.980+0000][38.206s][info ][safepoint     ] Leaving safepoint region
[2024-08-30T08:42:29.980+0000][38.206s][info ][safepoint     ] Total time for which application threads were stopped: 0.0022913 seconds, Stopping threads took: 0.0000760 seconds
[2024-08-30T08:42:30.705+0000][38.931s][debug][safepoint     ] Safepoint synchronization initiated. (92 threads)
[2024-08-30T08:42:30.705+0000][38.931s][info ][safepoint     ] Application time: 0.7249873 seconds
[2024-08-30T08:42:30.705+0000][38.931s][info ][safepoint     ] Entering safepoint region: ICBufferFull
[2024-08-30T08:42:30.705+0000][38.931s][info ][safepoint     ] Leaving safepoint region
[2024-08-30T08:42:30.705+0000][38.931s][info ][safepoint     ] Total time for which application threads were stopped: 0.0004657 seconds, Stopping threads took: 0.0000627 seconds
[2024-08-30T08:42:30.829+0000][39.055s][debug][safepoint     ] Safepoint synchronization initiated. (92 threads)
[2024-08-30T08:42:30.829+0000][39.055s][info ][safepoint     ] Application time: 0.1241391 seconds
[2024-08-30T08:42:30.829+0000][39.056s][info ][safepoint     ] Entering safepoint region: Deoptimize
[2024-08-30T08:42:30.833+0000][39.059s][info ][safepoint     ] Leaving safepoint region
[2024-08-30T08:42:30.833+0000][39.059s][info ][safepoint     ] Total time for which application threads were stopped: 0.0034038 seconds, Stopping threads took: 0.0000961 seconds
[2024-08-30T08:42:30.882+0000][39.109s][debug][safepoint     ] Safepoint synchronization initiated. (103 threads)
[2024-08-30T08:42:30.882+0000][39.109s][info ][safepoint     ] Application time: 0.0497214 seconds
[2024-08-30T08:42:30.883+0000][39.109s][info ][safepoint     ] Entering safepoint region: G1CollectForAllocation
[2024-08-30T08:42:30.883+0000][39.109s][info ][gc,start      ] GC(50) Pause Young (Normal) (G1 Evacuation Pause)
[2024-08-30T08:42:30.883+0000][39.109s][info ][gc,task       ] GC(50) Using 4 workers of 4 for evacuation
[2024-08-30T08:42:30.912+0000][39.138s][info ][gc,phases     ] GC(50)   Pre Evacuate Collection Set: 0.0ms
[2024-08-30T08:42:30.912+0000][39.138s][info ][gc,phases     ] GC(50)   Evacuate Collection Set: 24.2ms
[2024-08-30T08:42:30.912+0000][39.138s][info ][gc,phases     ] GC(50)   Post Evacuate Collection Set: 4.6ms
[2024-08-30T08:42:30.912+0000][39.138s][info ][gc,phases     ] GC(50)   Other: 0.3ms
[2024-08-30T08:42:30.912+0000][39.138s][info ][gc,heap       ] GC(50) Eden regions: 203->0(192)
[2024-08-30T08:42:30.912+0000][39.138s][info ][gc,heap       ] GC(50) Survivor regions: 19->22(28)
[2024-08-30T08:42:30.912+0000][39.138s][info ][gc,heap       ] GC(50) Old regions: 96->101
[2024-08-30T08:42:30.912+0000][39.138s][info ][gc,heap       ] GC(50) Humongous regions: 0->0
[2024-08-30T08:42:30.912+0000][39.138s][info ][gc,metaspace  ] GC(50) Metaspace: 152840K(157028K)->152840K(157028K) NonClass: 135239K(137872K)->135239K(137872K) Class: 17600K(19156K)->17600K(19156K)
[2024-08-30T08:42:30.912+0000][39.138s][info ][gc            ] GC(50) Pause Young (Normal) (G1 Evacuation Pause) 316M->120M(375M) 29.264ms
[2024-08-30T08:42:30.912+0000][39.138s][info ][gc,cpu        ] GC(50) User=0.11s Sys=0.00s Real=0.03s
[2024-08-30T08:42:30.912+0000][39.138s][info ][safepoint     ] Leaving safepoint region
[2024-08-30T08:42:30.912+0000][39.138s][info ][safepoint     ] Total time for which application threads were stopped: 0.0296408 seconds, Stopping threads took: 0.0000455 seconds
[2024-08-30T08:42:30.912+0000][39.138s][info ][gc,stringdedup] Concurrent String Deduplication (39.138s)
[2024-08-30T08:42:30.915+0000][39.141s][info ][gc,stringdedup] Concurrent String Deduplication 334.2K->85240.0B(251.0K) avg 50.3% (39.138s, 39.141s) 2.239ms
[2024-08-30T08:42:31.594+0000][39.820s][debug][safepoint     ] Safepoint synchronization initiated. (104 threads)
[2024-08-30T08:42:31.594+0000][39.820s][info ][safepoint     ] Application time: 0.6817301 seconds
[2024-08-30T08:42:31.594+0000][39.820s][debug][safepoint     ] Waiting for 1 thread(s) to block
[2024-08-30T08:42:31.594+0000][39.820s][info ][safepoint     ] Entering safepoint region: Deoptimize
[2024-08-30T08:42:31.597+0000][39.823s][info ][safepoint     ] Leaving safepoint region
[2024-08-30T08:42:31.597+0000][39.823s][info ][safepoint     ] Total time for which application threads were stopped: 0.0027619 seconds, Stopping threads took: 0.0001003 seconds
[2024-08-30T08:42:31.597+0000][39.823s][debug][safepoint     ] Safepoint synchronization initiated. (104 threads)
[2024-08-30T08:42:31.597+0000][39.823s][info ][safepoint     ] Application time: 0.0002147 seconds
[2024-08-30T08:42:31.597+0000][39.823s][debug][safepoint     ] Waiting for 1 thread(s) to block
[2024-08-30T08:42:31.597+0000][39.823s][info ][safepoint     ] Entering safepoint region: Deoptimize
[2024-08-30T08:42:31.598+0000][39.824s][info ][safepoint     ] Leaving safepoint region
[2024-08-30T08:42:31.598+0000][39.824s][info ][safepoint     ] Total time for which application threads were stopped: 0.0008407 seconds, Stopping threads took: 0.0000569 seconds
[2024-08-30T08:42:31.599+0000][39.825s][debug][safepoint     ] Safepoint synchronization initiated. (104 threads)
[2024-08-30T08:42:31.599+0000][39.825s][info ][safepoint     ] Application time: 0.0014598 seconds
[2024-08-30T08:42:31.599+0000][39.825s][debug][safepoint     ] Waiting for 1 thread(s) to block
[2024-08-30T08:42:31.599+0000][39.825s][info ][safepoint     ] Entering safepoint region: Deoptimize
[2024-08-30T08:42:31.600+0000][39.826s][info ][safepoint     ] Leaving safepoint region
[2024-08-30T08:42:31.600+0000][39.826s][info ][safepoint     ] Total time for which application threads were stopped: 0.0007724 seconds, Stopping threads took: 0.0000563 seconds
[2024-08-30T08:42:31.627+0000][39.853s][debug][safepoint     ] Safepoint synchronization initiated. (104 threads)
[2024-08-30T08:42:31.627+0000][39.853s][info ][safepoint     ] Application time: 0.0269038 seconds
[2024-08-30T08:42:31.627+0000][39.853s][debug][safepoint     ] Waiting for 1 thread(s) to block
[2024-08-30T08:42:31.627+0000][39.853s][info ][safepoint     ] Entering safepoint region: Deoptimize
[2024-08-30T08:42:31.629+0000][39.855s][info ][safepoint     ] Leaving safepoint region
[2024-08-30T08:42:31.629+0000][39.855s][info ][safepoint     ] Total time for which application threads were stopped: 0.0021982 seconds, Stopping threads took: 0.0000783 seconds
[2024-08-30T08:42:31.855+0000][40.081s][debug][safepoint     ] Safepoint synchronization initiated. (104 threads)
[2024-08-30T08:42:31.855+0000][40.081s][info ][safepoint     ] Application time: 0.2261621 seconds
[2024-08-30T08:42:31.855+0000][40.081s][debug][safepoint     ] Waiting for 1 thread(s) to block
[2024-08-30T08:42:31.855+0000][40.081s][info ][safepoint     ] Entering safepoint region: Deoptimize
[2024-08-30T08:42:31.858+0000][40.084s][info ][safepoint     ] Leaving safepoint region
[2024-08-30T08:42:31.858+0000][40.084s][info ][safepoint     ] Total time for which application threads were stopped: 0.0024779 seconds, Stopping threads took: 0.0000891 seconds
[2024-08-30T08:42:31.866+0000][40.092s][debug][safepoint     ] Safepoint synchronization initiated. (104 threads)
[2024-08-30T08:42:31.866+0000][40.092s][info ][safepoint     ] Application time: 0.0079627 seconds
[2024-08-30T08:42:31.866+0000][40.092s][debug][safepoint     ] Waiting for 1 thread(s) to block
[2024-08-30T08:42:31.866+0000][40.092s][info ][safepoint     ] Entering safepoint region: G1CollectForAllocation
[2024-08-30T08:42:31.866+0000][40.092s][info ][gc,start      ] GC(51) Pause Young (Normal) (G1 Evacuation Pause)
[2024-08-30T08:42:31.866+0000][40.092s][info ][gc,task       ] GC(51) Using 4 workers of 4 for evacuation
[2024-08-30T08:42:31.911+0000][40.137s][info ][gc,phases     ] GC(51)   Pre Evacuate Collection Set: 0.0ms
[2024-08-30T08:42:31.911+0000][40.137s][info ][gc,phases     ] GC(51)   Evacuate Collection Set: 39.4ms
[2024-08-30T08:42:31.911+0000][40.137s][info ][gc,phases     ] GC(51)   Post Evacuate Collection Set: 5.1ms
[2024-08-30T08:42:31.911+0000][40.137s][info ][gc,phases     ] GC(51)   Other: 0.3ms
[2024-08-30T08:42:31.911+0000][40.137s][info ][gc,heap       ] GC(51) Eden regions: 192->0(195)
[2024-08-30T08:42:31.911+0000][40.137s][info ][gc,heap       ] GC(51) Survivor regions: 22->16(27)
[2024-08-30T08:42:31.911+0000][40.137s][info ][gc,heap       ] GC(51) Old regions: 101->110
[2024-08-30T08:42:31.911+0000][40.137s][info ][gc,heap       ] GC(51) Humongous regions: 0->0
[2024-08-30T08:42:31.911+0000][40.137s][info ][gc,metaspace  ] GC(51) Metaspace: 155352K(159716K)->155352K(159716K) NonClass: 137449K(140176K)->137449K(140176K) Class: 17903K(19540K)->17903K(19540K)
[2024-08-30T08:42:31.911+0000][40.137s][info ][gc            ] GC(51) Pause Young (Normal) (G1 Evacuation Pause) 312M->124M(375M) 44.960ms
[2024-08-30T08:42:31.911+0000][40.137s][info ][gc,cpu        ] GC(51) User=0.16s Sys=0.00s Real=0.05s
[2024-08-30T08:42:31.911+0000][40.137s][info ][safepoint     ] Leaving safepoint region
[2024-08-30T08:42:31.911+0000][40.137s][info ][safepoint     ] Total time for which application threads were stopped: 0.0453265 seconds, Stopping threads took: 0.0000822 seconds
[2024-08-30T08:42:31.911+0000][40.137s][info ][gc,stringdedup] Concurrent String Deduplication (40.137s)
[2024-08-30T08:42:31.913+0000][40.139s][info ][gc,stringdedup] Concurrent String Deduplication 246.7K->39424.0B(208.2K) avg 50.9% (40.137s, 40.139s) 1.511ms
[2024-08-30T08:42:32.726+0000][40.952s][debug][safepoint     ] Safepoint synchronization initiated. (104 threads)
[2024-08-30T08:42:32.726+0000][40.952s][info ][safepoint     ] Application time: 0.8150732 seconds
[2024-08-30T08:42:32.726+0000][40.952s][debug][safepoint     ] Waiting for 1 thread(s) to block
[2024-08-30T08:42:32.726+0000][40.952s][info ][safepoint     ] Entering safepoint region: G1CollectForAllocation
[2024-08-30T08:42:32.727+0000][40.953s][info ][gc,start      ] GC(52) Pause Young (Normal) (G1 Evacuation Pause)
[2024-08-30T08:42:32.727+0000][40.953s][info ][gc,task       ] GC(52) Using 4 workers of 4 for evacuation
[2024-08-30T08:42:32.762+0000][40.988s][info ][gc,phases     ] GC(52)   Pre Evacuate Collection Set: 0.0ms
[2024-08-30T08:42:32.762+0000][40.988s][info ][gc,phases     ] GC(52)   Evacuate Collection Set: 26.8ms
[2024-08-30T08:42:32.762+0000][40.988s][info ][gc,phases     ] GC(52)   Post Evacuate Collection Set: 7.8ms
[2024-08-30T08:42:32.762+0000][40.988s][info ][gc,phases     ] GC(52)   Other: 0.2ms
[2024-08-30T08:42:32.762+0000][40.988s][info ][gc,heap       ] GC(52) Eden regions: 195->0(194)
[2024-08-30T08:42:32.762+0000][40.988s][info ][gc,heap       ] GC(52) Survivor regions: 16->14(27)
[2024-08-30T08:42:32.762+0000][40.988s][info ][gc,heap       ] GC(52) Old regions: 110->115
[2024-08-30T08:42:32.762+0000][40.988s][info ][gc,heap       ] GC(52) Humongous regions: 0->0
[2024-08-30T08:42:32.762+0000][40.988s][info ][gc,metaspace  ] GC(52) Metaspace: 157322K(161764K)->157322K(161764K) NonClass: 139140K(141968K)->139140K(141968K) Class: 18181K(19796K)->18181K(19796K)
[2024-08-30T08:42:32.762+0000][40.988s][info ][gc            ] GC(52) Pause Young (Normal) (G1 Evacuation Pause) 319M->127M(375M) 35.167ms
[2024-08-30T08:42:32.762+0000][40.988s][info ][gc,cpu        ] GC(52) User=0.13s Sys=0.00s Real=0.04s
[2024-08-30T08:42:32.762+0000][40.988s][info ][safepoint     ] Leaving safepoint region
[2024-08-30T08:42:32.762+0000][40.988s][info ][safepoint     ] Total time for which application threads were stopped: 0.0358129 seconds, Stopping threads took: 0.0000968 seconds
[2024-08-30T08:42:32.762+0000][40.988s][info ][gc,stringdedup] Concurrent String Deduplication (40.988s)
[2024-08-30T08:42:32.765+0000][40.991s][info ][gc,stringdedup] Concurrent String Deduplication 577.8K->165.2K(412.6K) avg 51.6% (40.988s, 40.991s) 3.219ms
[2024-08-30T08:42:32.852+0000][41.078s][debug][safepoint     ] Safepoint synchronization initiated. (104 threads)
[2024-08-30T08:42:32.852+0000][41.078s][info ][safepoint     ] Application time: 0.0895662 seconds
[2024-08-30T08:42:32.852+0000][41.078s][info ][safepoint     ] Entering safepoint region: Deoptimize
[2024-08-30T08:42:32.854+0000][41.080s][info ][safepoint     ] Leaving safepoint region
[2024-08-30T08:42:32.854+0000][41.080s][info ][safepoint     ] Total time for which application threads were stopped: 0.0025247 seconds, Stopping threads took: 0.0000672 seconds
[2024-08-30T08:42:33.244+0000][41.470s][debug][safepoint     ] Safepoint synchronization initiated. (104 threads)
[2024-08-30T08:42:33.244+0000][41.470s][info ][safepoint     ] Application time: 0.3901596 seconds
[2024-08-30T08:42:33.244+0000][41.470s][info ][safepoint     ] Entering safepoint region: Deoptimize
[2024-08-30T08:42:33.247+0000][41.473s][info ][safepoint     ] Leaving safepoint region
[2024-08-30T08:42:33.247+0000][41.473s][info ][safepoint     ] Total time for which application threads were stopped: 0.0027762 seconds, Stopping threads took: 0.0000658 seconds
[2024-08-30T08:42:33.316+0000][41.542s][debug][safepoint     ] Safepoint synchronization initiated. (105 threads)
[2024-08-30T08:42:33.316+0000][41.542s][info ][safepoint     ] Application time: 0.0690173 seconds
[2024-08-30T08:42:33.316+0000][41.542s][info ][safepoint     ] Entering safepoint region: Deoptimize
[2024-08-30T08:42:33.318+0000][41.545s][info ][safepoint     ] Leaving safepoint region
[2024-08-30T08:42:33.318+0000][41.545s][info ][safepoint     ] Total time for which application threads were stopped: 0.0022914 seconds, Stopping threads took: 0.0000580 seconds
[2024-08-30T08:42:33.667+0000][41.893s][debug][safepoint     ] Safepoint synchronization initiated. (110 threads)
[2024-08-30T08:42:33.667+0000][41.893s][info ][safepoint     ] Application time: 0.3487580 seconds
[2024-08-30T08:42:33.667+0000][41.893s][info ][safepoint     ] Entering safepoint region: G1CollectForAllocation
[2024-08-30T08:42:33.667+0000][41.894s][info ][gc,start      ] GC(53) Pause Young (Normal) (G1 Evacuation Pause)
[2024-08-30T08:42:33.668+0000][41.894s][info ][gc,task       ] GC(53) Using 4 workers of 4 for evacuation
[2024-08-30T08:42:33.692+0000][41.919s][info ][gc,phases     ] GC(53)   Pre Evacuate Collection Set: 0.0ms
[2024-08-30T08:42:33.693+0000][41.919s][info ][gc,phases     ] GC(53)   Evacuate Collection Set: 19.1ms
[2024-08-30T08:42:33.693+0000][41.919s][info ][gc,phases     ] GC(53)   Post Evacuate Collection Set: 5.6ms
[2024-08-30T08:42:33.693+0000][41.919s][info ][gc,phases     ] GC(53)   Other: 0.2ms
[2024-08-30T08:42:33.693+0000][41.919s][info ][gc,heap       ] GC(53) Eden regions: 194->0(190)
[2024-08-30T08:42:33.693+0000][41.919s][info ][gc,heap       ] GC(53) Survivor regions: 14->16(26)
[2024-08-30T08:42:33.693+0000][41.919s][info ][gc,heap       ] GC(53) Old regions: 115->115
[2024-08-30T08:42:33.693+0000][41.919s][info ][gc,heap       ] GC(53) Humongous regions: 0->0
[2024-08-30T08:42:33.693+0000][41.919s][info ][gc,metaspace  ] GC(53) Metaspace: 159470K(163940K)->159470K(163940K) NonClass: 140966K(143760K)->140966K(143760K) Class: 18504K(20180K)->18504K(20180K)
[2024-08-30T08:42:33.693+0000][41.919s][info ][gc            ] GC(53) Pause Young (Normal) (G1 Evacuation Pause) 321M->129M(375M) 25.172ms
[2024-08-30T08:42:33.693+0000][41.919s][info ][gc,cpu        ] GC(53) User=0.10s Sys=0.00s Real=0.03s
[2024-08-30T08:42:33.693+0000][41.919s][info ][safepoint     ] Leaving safepoint region
[2024-08-30T08:42:33.693+0000][41.919s][info ][safepoint     ] Total time for which application threads were stopped: 0.0255933 seconds, Stopping threads took: 0.0000627 seconds
[2024-08-30T08:42:33.693+0000][41.919s][info ][gc,stringdedup] Concurrent String Deduplication (41.919s)
[2024-08-30T08:42:33.695+0000][41.921s][info ][gc,stringdedup] Concurrent String Deduplication 308.9K->181.4K(127.5K) avg 51.4% (41.919s, 41.921s) 2.087ms
[2024-08-30T08:42:34.282+0000][42.508s][debug][safepoint     ] Safepoint synchronization initiated. (110 threads)
[2024-08-30T08:42:34.282+0000][42.508s][info ][safepoint     ] Application time: 0.5887411 seconds
[2024-08-30T08:42:34.282+0000][42.508s][info ][safepoint     ] Entering safepoint region: Deoptimize
[2024-08-30T08:42:34.284+0000][42.510s][info ][safepoint     ] Leaving safepoint region
[2024-08-30T08:42:34.284+0000][42.510s][info ][safepoint     ] Total time for which application threads were stopped: 0.0025405 seconds, Stopping threads took: 0.0000619 seconds
[2024-08-30T08:42:34.688+0000][42.915s][debug][safepoint     ] Safepoint synchronization initiated. (123 threads)
[2024-08-30T08:42:34.688+0000][42.915s][info ][safepoint     ] Application time: 0.4043086 seconds
[2024-08-30T08:42:34.689+0000][42.915s][debug][safepoint     ] Waiting for 1 thread(s) to block
[2024-08-30T08:42:34.689+0000][42.915s][info ][safepoint     ] Entering safepoint region: G1CollectForAllocation
[2024-08-30T08:42:34.689+0000][42.915s][info ][gc,start      ] GC(54) Pause Young (Normal) (G1 Evacuation Pause)
[2024-08-30T08:42:34.689+0000][42.915s][info ][gc,task       ] GC(54) Using 4 workers of 4 for evacuation
[2024-08-30T08:42:34.717+0000][42.943s][info ][gc,phases     ] GC(54)   Pre Evacuate Collection Set: 0.0ms
[2024-08-30T08:42:34.717+0000][42.943s][info ][gc,phases     ] GC(54)   Evacuate Collection Set: 23.7ms
[2024-08-30T08:42:34.717+0000][42.943s][info ][gc,phases     ] GC(54)   Post Evacuate Collection Set: 4.5ms
[2024-08-30T08:42:34.717+0000][42.944s][info ][gc,phases     ] GC(54)   Other: 0.2ms
[2024-08-30T08:42:34.717+0000][42.944s][info ][gc,heap       ] GC(54) Eden regions: 190->0(185)
[2024-08-30T08:42:34.717+0000][42.944s][info ][gc,heap       ] GC(54) Survivor regions: 16->15(26)
[2024-08-30T08:42:34.717+0000][42.944s][info ][gc,heap       ] GC(54) Old regions: 115->122
[2024-08-30T08:42:34.717+0000][42.944s][info ][gc,heap       ] GC(54) Humongous regions: 0->0
[2024-08-30T08:42:34.717+0000][42.944s][info ][gc,metaspace  ] GC(54) Metaspace: 161082K(165860K)->161082K(165860K) NonClass: 142366K(145296K)->142366K(145296K) Class: 18715K(20564K)->18715K(20564K)
[2024-08-30T08:42:34.718+0000][42.944s][info ][gc            ] GC(54) Pause Young (Normal) (G1 Evacuation Pause) 319M->135M(375M) 28.654ms
[2024-08-30T08:42:34.718+0000][42.944s][info ][gc,cpu        ] GC(54) User=0.11s Sys=0.00s Real=0.03s
[2024-08-30T08:42:34.718+0000][42.944s][info ][safepoint     ] Leaving safepoint region
[2024-08-30T08:42:34.718+0000][42.944s][info ][safepoint     ] Total time for which application threads were stopped: 0.0291836 seconds, Stopping threads took: 0.0001369 seconds
[2024-08-30T08:42:34.718+0000][42.944s][info ][gc,stringdedup] Concurrent String Deduplication (42.944s)
[2024-08-30T08:42:34.719+0000][42.945s][info ][gc,stringdedup] Concurrent String Deduplication 204.6K->84376.0B(122.2K) avg 51.5% (42.944s, 42.945s) 1.040ms
[2024-08-30T08:42:35.300+0000][43.526s][debug][safepoint     ] Safepoint synchronization initiated. (123 threads)
[2024-08-30T08:42:35.300+0000][43.526s][info ][safepoint     ] Application time: 0.5826904 seconds
[2024-08-30T08:42:35.300+0000][43.527s][info ][safepoint     ] Entering safepoint region: ICBufferFull
[2024-08-30T08:42:35.301+0000][43.527s][info ][safepoint     ] Leaving safepoint region
[2024-08-30T08:42:35.301+0000][43.527s][info ][safepoint     ] Total time for which application threads were stopped: 0.0004675 seconds, Stopping threads took: 0.0000685 seconds
[2024-08-30T08:42:35.391+0000][43.618s][debug][safepoint     ] Safepoint synchronization initiated. (123 threads)
[2024-08-30T08:42:35.391+0000][43.618s][info ][safepoint     ] Application time: 0.0905721 seconds
[2024-08-30T08:42:35.391+0000][43.618s][info ][safepoint     ] Entering safepoint region: ICBufferFull
[2024-08-30T08:42:35.392+0000][43.618s][info ][safepoint     ] Leaving safepoint region
[2024-08-30T08:42:35.392+0000][43.618s][info ][safepoint     ] Total time for which application threads were stopped: 0.0004735 seconds, Stopping threads took: 0.0000678 seconds
[2024-08-30T08:42:35.629+0000][43.855s][debug][safepoint     ] Safepoint synchronization initiated. (123 threads)
[2024-08-30T08:42:35.629+0000][43.855s][info ][safepoint     ] Application time: 0.2367928 seconds
[2024-08-30T08:42:35.629+0000][43.855s][info ][safepoint     ] Entering safepoint region: ICBufferFull
[2024-08-30T08:42:35.629+0000][43.855s][info ][safepoint     ] Leaving safepoint region
[2024-08-30T08:42:35.629+0000][43.855s][info ][safepoint     ] Total time for which application threads were stopped: 0.0004007 seconds, Stopping threads took: 0.0000703 seconds
[2024-08-30T08:42:35.909+0000][44.135s][debug][safepoint     ] Safepoint synchronization initiated. (123 threads)
[2024-08-30T08:42:35.909+0000][44.135s][info ][safepoint     ] Application time: 0.2799618 seconds
[2024-08-30T08:42:35.909+0000][44.135s][debug][safepoint     ] Waiting for 1 thread(s) to block
[2024-08-30T08:42:35.909+0000][44.135s][info ][safepoint     ] Entering safepoint region: ICBufferFull
[2024-08-30T08:42:35.910+0000][44.136s][info ][safepoint     ] Leaving safepoint region
[2024-08-30T08:42:35.910+0000][44.136s][info ][safepoint     ] Total time for which application threads were stopped: 0.0004903 seconds, Stopping threads took: 0.0001245 seconds
[2024-08-30T08:42:36.105+0000][44.331s][debug][safepoint     ] Safepoint synchronization initiated. (123 threads)
[2024-08-30T08:42:36.105+0000][44.331s][info ][safepoint     ] Application time: 0.1954468 seconds
[2024-08-30T08:42:36.105+0000][44.331s][debug][safepoint     ] ... found polling page return exception at pc = 0x00007f91702ac614, stub =0x00007f9168824b00
[2024-08-30T08:42:36.105+0000][44.331s][debug][safepoint     ] Waiting for 2 thread(s) to block
[2024-08-30T08:42:36.105+0000][44.331s][info ][safepoint     ] Entering safepoint region: G1CollectForAllocation
[2024-08-30T08:42:36.106+0000][44.332s][info ][gc,start      ] GC(55) Pause Young (Normal) (G1 Evacuation Pause)
[2024-08-30T08:42:36.106+0000][44.332s][info ][gc,task       ] GC(55) Using 4 workers of 4 for evacuation
[2024-08-30T08:42:36.137+0000][44.363s][info ][gc,phases     ] GC(55)   Pre Evacuate Collection Set: 0.0ms
[2024-08-30T08:42:36.137+0000][44.363s][info ][gc,phases     ] GC(55)   Evacuate Collection Set: 26.7ms
[2024-08-30T08:42:36.137+0000][44.363s][info ][gc,phases     ] GC(55)   Post Evacuate Collection Set: 4.5ms
[2024-08-30T08:42:36.137+0000][44.363s][info ][gc,phases     ] GC(55)   Other: 0.2ms
[2024-08-30T08:42:36.137+0000][44.363s][info ][gc,heap       ] GC(55) Eden regions: 185->0(177)
[2024-08-30T08:42:36.137+0000][44.363s][info ][gc,heap       ] GC(55) Survivor regions: 15->17(25)
[2024-08-30T08:42:36.137+0000][44.363s][info ][gc,heap       ] GC(55) Old regions: 122->126
[2024-08-30T08:42:36.137+0000][44.363s][info ][gc,heap       ] GC(55) Humongous regions: 0->0
[2024-08-30T08:42:36.137+0000][44.363s][info ][gc,metaspace  ] GC(55) Metaspace: 163277K(168292K)->163277K(168292K) NonClass: 144280K(147344K)->144280K(147344K) Class: 18997K(20948K)->18997K(20948K)
[2024-08-30T08:42:36.137+0000][44.363s][info ][gc            ] GC(55) Pause Young (Normal) (G1 Evacuation Pause) 320M->140M(375M) 31.586ms
[2024-08-30T08:42:36.137+0000][44.363s][info ][gc,cpu        ] GC(55) User=0.12s Sys=0.00s Real=0.03s
[2024-08-30T08:42:36.137+0000][44.363s][info ][safepoint     ] Leaving safepoint region
[2024-08-30T08:42:36.137+0000][44.363s][info ][safepoint     ] Total time for which application threads were stopped: 0.0321675 seconds, Stopping threads took: 0.0001903 seconds
[2024-08-30T08:42:36.137+0000][44.363s][info ][gc,stringdedup] Concurrent String Deduplication (44.363s)
[2024-08-30T08:42:36.139+0000][44.365s][info ][gc,stringdedup] Concurrent String Deduplication 198.8K->80552.0B(120.1K) avg 51.6% (44.363s, 44.365s) 1.267ms
[2024-08-30T08:42:36.578+0000][44.804s][debug][safepoint     ] Safepoint synchronization initiated. (123 threads)
[2024-08-30T08:42:36.578+0000][44.804s][info ][safepoint     ] Application time: 0.4404620 seconds
[2024-08-30T08:42:36.578+0000][44.804s][info ][safepoint     ] Entering safepoint region: ICBufferFull
[2024-08-30T08:42:36.578+0000][44.804s][info ][safepoint     ] Leaving safepoint region
[2024-08-30T08:42:36.578+0000][44.804s][info ][safepoint     ] Total time for which application threads were stopped: 0.0004438 seconds, Stopping threads took: 0.0000981 seconds
[2024-08-30T08:42:37.007+0000][45.233s][debug][safepoint     ] Safepoint synchronization initiated. (123 threads)
[2024-08-30T08:42:37.007+0000][45.233s][info ][safepoint     ] Application time: 0.4289306 seconds
[2024-08-30T08:42:37.007+0000][45.233s][info ][safepoint     ] Entering safepoint region: ICBufferFull
[2024-08-30T08:42:37.008+0000][45.234s][info ][safepoint     ] Leaving safepoint region
[2024-08-30T08:42:37.008+0000][45.234s][info ][safepoint     ] Total time for which application threads were stopped: 0.0004345 seconds, Stopping threads took: 0.0000794 seconds
[2024-08-30T08:42:37.090+0000][45.317s][debug][safepoint     ] Safepoint synchronization initiated. (123 threads)
[2024-08-30T08:42:37.090+0000][45.317s][info ][safepoint     ] Application time: 0.0829252 seconds
[2024-08-30T08:42:37.091+0000][45.317s][debug][safepoint     ] Waiting for 1 thread(s) to block
[2024-08-30T08:42:37.091+0000][45.317s][info ][safepoint     ] Entering safepoint region: G1CollectForAllocation
[2024-08-30T08:42:37.091+0000][45.317s][info ][gc,start      ] GC(56) Pause Young (Normal) (G1 Evacuation Pause)
[2024-08-30T08:42:37.091+0000][45.317s][info ][gc,task       ] GC(56) Using 4 workers of 4 for evacuation
[2024-08-30T08:42:37.118+0000][45.344s][info ][gc,phases     ] GC(56)   Pre Evacuate Collection Set: 0.0ms
[2024-08-30T08:42:37.118+0000][45.344s][info ][gc,phases     ] GC(56)   Evacuate Collection Set: 21.3ms
[2024-08-30T08:42:37.118+0000][45.344s][info ][gc,phases     ] GC(56)   Post Evacuate Collection Set: 5.5ms
[2024-08-30T08:42:37.118+0000][45.344s][info ][gc,phases     ] GC(56)   Other: 0.2ms
[2024-08-30T08:42:37.118+0000][45.344s][info ][gc,heap       ] GC(56) Eden regions: 177->0(176)
[2024-08-30T08:42:37.118+0000][45.344s][info ][gc,heap       ] GC(56) Survivor regions: 17->15(25)
[2024-08-30T08:42:37.118+0000][45.344s][info ][gc,heap       ] GC(56) Old regions: 126->131
[2024-08-30T08:42:37.118+0000][45.344s][info ][gc,heap       ] GC(56) Humongous regions: 0->0
[2024-08-30T08:42:37.118+0000][45.344s][info ][gc,metaspace  ] GC(56) Metaspace: 163714K(168804K)->163714K(168804K) NonClass: 144699K(147856K)->144699K(147856K) Class: 19015K(20948K)->19015K(20948K)
[2024-08-30T08:42:37.118+0000][45.344s][info ][gc            ] GC(56) Pause Young (Normal) (G1 Evacuation Pause) 317M->143M(375M) 27.322ms
[2024-08-30T08:42:37.118+0000][45.344s][info ][gc,cpu        ] GC(56) User=0.11s Sys=0.00s Real=0.02s
[2024-08-30T08:42:37.118+0000][45.344s][info ][safepoint     ] Leaving safepoint region
[2024-08-30T08:42:37.118+0000][45.344s][info ][safepoint     ] Total time for which application threads were stopped: 0.0278124 seconds, Stopping threads took: 0.0001439 seconds
[2024-08-30T08:42:37.118+0000][45.344s][info ][gc,stringdedup] Concurrent String Deduplication (45.344s)
[2024-08-30T08:42:37.121+0000][45.347s][info ][gc,stringdedup] Concurrent String Deduplication 468.7K->93064.0B(377.8K) avg 52.3% (45.344s, 45.347s) 2.626ms
[2024-08-30T08:42:37.812+0000][46.038s][debug][safepoint     ] Safepoint synchronization initiated. (123 threads)
[2024-08-30T08:42:37.812+0000][46.039s][info ][safepoint     ] Application time: 0.6940678 seconds
[2024-08-30T08:42:37.812+0000][46.039s][debug][safepoint     ] Waiting for 1 thread(s) to block
[2024-08-30T08:42:37.813+0000][46.039s][info ][safepoint     ] Entering safepoint region: ICBufferFull
[2024-08-30T08:42:37.813+0000][46.039s][info ][safepoint     ] Leaving safepoint region
[2024-08-30T08:42:37.813+0000][46.039s][info ][safepoint     ] Total time for which application threads were stopped: 0.0005702 seconds, Stopping threads took: 0.0001154 seconds
[2024-08-30T08:42:37.890+0000][46.116s][debug][safepoint     ] Safepoint synchronization initiated. (123 threads)
[2024-08-30T08:42:37.890+0000][46.116s][info ][safepoint     ] Application time: 0.0766689 seconds
[2024-08-30T08:42:37.890+0000][46.116s][debug][safepoint     ] Waiting for 1 thread(s) to block
[2024-08-30T08:42:37.890+0000][46.116s][info ][safepoint     ] Entering safepoint region: G1CollectForAllocation
[2024-08-30T08:42:37.890+0000][46.116s][info ][gc,start      ] GC(57) Pause Young (Normal) (G1 Evacuation Pause)
[2024-08-30T08:42:37.890+0000][46.116s][info ][gc,task       ] GC(57) Using 4 workers of 4 for evacuation
[2024-08-30T08:42:37.912+0000][46.138s][info ][gc,phases     ] GC(57)   Pre Evacuate Collection Set: 0.0ms
[2024-08-30T08:42:37.912+0000][46.138s][info ][gc,phases     ] GC(57)   Evacuate Collection Set: 17.7ms
[2024-08-30T08:42:37.912+0000][46.138s][info ][gc,phases     ] GC(57)   Post Evacuate Collection Set: 4.2ms
[2024-08-30T08:42:37.912+0000][46.138s][info ][gc,phases     ] GC(57)   Other: 0.2ms
[2024-08-30T08:42:37.912+0000][46.138s][info ][gc,heap       ] GC(57) Eden regions: 176->0(176)
[2024-08-30T08:42:37.912+0000][46.138s][info ][gc,heap       ] GC(57) Survivor regions: 15->12(24)
[2024-08-30T08:42:37.912+0000][46.138s][info ][gc,heap       ] GC(57) Old regions: 131->137
[2024-08-30T08:42:37.912+0000][46.138s][info ][gc,heap       ] GC(57) Humongous regions: 0->0
[2024-08-30T08:42:37.912+0000][46.138s][info ][gc,metaspace  ] GC(57) Metaspace: 164031K(169060K)->164031K(169060K) NonClass: 144973K(148112K)->144973K(148112K) Class: 19057K(20948K)->19057K(20948K)
[2024-08-30T08:42:37.912+0000][46.139s][info ][gc            ] GC(57) Pause Young (Normal) (G1 Evacuation Pause) 319M->147M(375M) 22.322ms
[2024-08-30T08:42:37.912+0000][46.139s][info ][gc,cpu        ] GC(57) User=0.09s Sys=0.00s Real=0.02s
[2024-08-30T08:42:37.912+0000][46.139s][info ][safepoint     ] Leaving safepoint region
[2024-08-30T08:42:37.912+0000][46.139s][info ][safepoint     ] Total time for which application threads were stopped: 0.0227988 seconds, Stopping threads took: 0.0001046 seconds
[2024-08-30T08:42:37.913+0000][46.139s][info ][gc,stringdedup] Concurrent String Deduplication (46.139s)
[2024-08-30T08:42:37.915+0000][46.141s][info ][gc,stringdedup] Concurrent String Deduplication 425.9K->160.4K(265.5K) avg 52.6% (46.139s, 46.141s) 2.572ms
[2024-08-30T08:42:38.636+0000][46.862s][debug][safepoint     ] Safepoint synchronization initiated. (123 threads)
[2024-08-30T08:42:38.636+0000][46.862s][info ][safepoint     ] Application time: 0.7235137 seconds
[2024-08-30T08:42:38.636+0000][46.862s][info ][safepoint     ] Entering safepoint region: G1CollectForAllocation
[2024-08-30T08:42:38.636+0000][46.863s][info ][gc,start      ] GC(58) Pause Young (Normal) (G1 Evacuation Pause)
[2024-08-30T08:42:38.636+0000][46.863s][info ][gc,task       ] GC(58) Using 4 workers of 4 for evacuation
[2024-08-30T08:42:38.655+0000][46.881s][info ][gc,phases     ] GC(58)   Pre Evacuate Collection Set: 0.0ms
[2024-08-30T08:42:38.655+0000][46.881s][info ][gc,phases     ] GC(58)   Evacuate Collection Set: 12.4ms
[2024-08-30T08:42:38.655+0000][46.881s][info ][gc,phases     ] GC(58)   Post Evacuate Collection Set: 5.6ms
[2024-08-30T08:42:38.655+0000][46.881s][info ][gc,phases     ] GC(58)   Other: 0.2ms
[2024-08-30T08:42:38.655+0000][46.881s][info ][gc,heap       ] GC(58) Eden regions: 176->0(172)
[2024-08-30T08:42:38.655+0000][46.881s][info ][gc,heap       ] GC(58) Survivor regions: 12->14(24)
[2024-08-30T08:42:38.655+0000][46.881s][info ][gc,heap       ] GC(58) Old regions: 137->137
[2024-08-30T08:42:38.655+0000][46.881s][info ][gc,heap       ] GC(58) Humongous regions: 0->0
[2024-08-30T08:42:38.655+0000][46.881s][info ][gc,metaspace  ] GC(58) Metaspace: 164235K(169060K)->164235K(169060K) NonClass: 145157K(148112K)->145157K(148112K) Class: 19077K(20948K)->19077K(20948K)
[2024-08-30T08:42:38.655+0000][46.881s][info ][gc            ] GC(58) Pause Young (Normal) (G1 Evacuation Pause) 323M->149M(375M) 18.343ms
[2024-08-30T08:42:38.655+0000][46.881s][info ][gc,cpu        ] GC(58) User=0.07s Sys=0.00s Real=0.02s
[2024-08-30T08:42:38.655+0000][46.881s][info ][safepoint     ] Leaving safepoint region
[2024-08-30T08:42:38.655+0000][46.881s][info ][safepoint     ] Total time for which application threads were stopped: 0.0188436 seconds, Stopping threads took: 0.0000707 seconds
[2024-08-30T08:42:38.655+0000][46.881s][info ][gc,stringdedup] Concurrent String Deduplication (46.881s)
[2024-08-30T08:42:38.657+0000][46.883s][info ][gc,stringdedup] Concurrent String Deduplication 359.7K->139.8K(219.9K) avg 52.7% (46.881s, 46.883s) 2.127ms
[2024-08-30T08:42:39.194+0000][47.420s][debug][safepoint     ] Safepoint synchronization initiated. (123 threads)
[2024-08-30T08:42:39.194+0000][47.420s][info ][safepoint     ] Application time: 0.5391172 seconds
[2024-08-30T08:42:39.194+0000][47.420s][debug][safepoint     ] Waiting for 1 thread(s) to block
[2024-08-30T08:42:39.194+0000][47.420s][info ][safepoint     ] Entering safepoint region: G1CollectForAllocation
[2024-08-30T08:42:39.194+0000][47.421s][info ][gc,start      ] GC(59) Pause Young (Normal) (G1 Evacuation Pause)
[2024-08-30T08:42:39.194+0000][47.421s][info ][gc,task       ] GC(59) Using 4 workers of 4 for evacuation
[2024-08-30T08:42:39.212+0000][47.438s][info ][gc,phases     ] GC(59)   Pre Evacuate Collection Set: 0.0ms
[2024-08-30T08:42:39.212+0000][47.438s][info ][gc,phases     ] GC(59)   Evacuate Collection Set: 13.2ms
[2024-08-30T08:42:39.212+0000][47.438s][info ][gc,phases     ] GC(59)   Post Evacuate Collection Set: 4.4ms
[2024-08-30T08:42:39.212+0000][47.438s][info ][gc,phases     ] GC(59)   Other: 0.2ms
[2024-08-30T08:42:39.212+0000][47.438s][info ][gc,heap       ] GC(59) Eden regions: 172->0(174)
[2024-08-30T08:42:39.212+0000][47.438s][info ][gc,heap       ] GC(59) Survivor regions: 14->11(24)
[2024-08-30T08:42:39.212+0000][47.438s][info ][gc,heap       ] GC(59) Old regions: 137->141
[2024-08-30T08:42:39.212+0000][47.438s][info ][gc,heap       ] GC(59) Humongous regions: 0->0
[2024-08-30T08:42:39.212+0000][47.438s][info ][gc,metaspace  ] GC(59) Metaspace: 164399K(169444K)->164399K(169444K) NonClass: 145305K(148368K)->145305K(148368K) Class: 19093K(21076K)->19093K(21076K)
[2024-08-30T08:42:39.212+0000][47.439s][info ][gc            ] GC(59) Pause Young (Normal) (G1 Evacuation Pause) 321M->150M(375M) 18.004ms
[2024-08-30T08:42:39.212+0000][47.439s][info ][gc,cpu        ] GC(59) User=0.07s Sys=0.00s Real=0.02s
[2024-08-30T08:42:39.212+0000][47.439s][info ][safepoint     ] Leaving safepoint region
[2024-08-30T08:42:39.213+0000][47.439s][info ][safepoint     ] Total time for which application threads were stopped: 0.0185133 seconds, Stopping threads took: 0.0001022 seconds
[2024-08-30T08:42:39.213+0000][47.439s][info ][gc,stringdedup] Concurrent String Deduplication (47.439s)
[2024-08-30T08:42:39.214+0000][47.441s][info ][gc,stringdedup] Concurrent String Deduplication 337.4K->101.7K(235.7K) avg 53.0% (47.439s, 47.440s) 1.782ms
[2024-08-30T08:42:39.764+0000][47.990s][debug][safepoint     ] Safepoint synchronization initiated. (123 threads)
[2024-08-30T08:42:39.764+0000][47.990s][info ][safepoint     ] Application time: 0.5511493 seconds
[2024-08-30T08:42:39.764+0000][47.990s][info ][safepoint     ] Entering safepoint region: G1CollectForAllocation
[2024-08-30T08:42:39.764+0000][47.990s][info ][gc,start      ] GC(60) Pause Young (Normal) (G1 Evacuation Pause)
[2024-08-30T08:42:39.764+0000][47.990s][info ][gc,task       ] GC(60) Using 4 workers of 4 for evacuation
[2024-08-30T08:42:39.782+0000][48.008s][info ][gc,phases     ] GC(60)   Pre Evacuate Collection Set: 0.0ms
[2024-08-30T08:42:39.782+0000][48.009s][info ][gc,phases     ] GC(60)   Evacuate Collection Set: 12.5ms
[2024-08-30T08:42:39.782+0000][48.009s][info ][gc,phases     ] GC(60)   Post Evacuate Collection Set: 5.4ms
[2024-08-30T08:42:39.782+0000][48.009s][info ][gc,phases     ] GC(60)   Other: 0.3ms
[2024-08-30T08:42:39.782+0000][48.009s][info ][gc,heap       ] GC(60) Eden regions: 174->0(170)
[2024-08-30T08:42:39.782+0000][48.009s][info ][gc,heap       ] GC(60) Survivor regions: 11->13(24)
[2024-08-30T08:42:39.782+0000][48.009s][info ][gc,heap       ] GC(60) Old regions: 141->141
[2024-08-30T08:42:39.782+0000][48.009s][info ][gc,heap       ] GC(60) Humongous regions: 0->0
[2024-08-30T08:42:39.782+0000][48.009s][info ][gc,metaspace  ] GC(60) Metaspace: 164575K(169700K)->164575K(169700K) NonClass: 145462K(148624K)->145462K(148624K) Class: 19112K(21076K)->19112K(21076K)
[2024-08-30T08:42:39.783+0000][48.009s][info ][gc            ] GC(60) Pause Young (Normal) (G1 Evacuation Pause) 324M->152M(375M) 18.433ms
[2024-08-30T08:42:39.783+0000][48.009s][info ][gc,cpu        ] GC(60) User=0.07s Sys=0.00s Real=0.02s
[2024-08-30T08:42:39.783+0000][48.009s][info ][safepoint     ] Leaving safepoint region
[2024-08-30T08:42:39.783+0000][48.009s][info ][safepoint     ] Total time for which application threads were stopped: 0.0189605 seconds, Stopping threads took: 0.0000786 seconds
[2024-08-30T08:42:39.783+0000][48.009s][info ][gc,stringdedup] Concurrent String Deduplication (48.009s)
[2024-08-30T08:42:39.785+0000][48.011s][info ][gc,stringdedup] Concurrent String Deduplication 278.5K->88848.0B(191.8K) avg 53.2% (48.009s, 48.011s) 1.962ms
[2024-08-30T08:42:40.251+0000][48.478s][debug][safepoint     ] Safepoint synchronization initiated. (123 threads)
[2024-08-30T08:42:40.252+0000][48.478s][info ][safepoint     ] Application time: 0.4688640 seconds
[2024-08-30T08:42:40.252+0000][48.478s][debug][safepoint     ] ... found polling page loop exception at pc = 0x00007f917040ac2e, stub =0x00007f9168826680
[2024-08-30T08:42:40.252+0000][48.478s][debug][safepoint     ] Waiting for 1 thread(s) to block
[2024-08-30T08:42:40.252+0000][48.478s][info ][safepoint     ] Entering safepoint region: G1CollectForAllocation
[2024-08-30T08:42:40.252+0000][48.478s][info ][gc,start      ] GC(61) Pause Young (Normal) (G1 Evacuation Pause)
[2024-08-30T08:42:40.252+0000][48.478s][info ][gc,task       ] GC(61) Using 4 workers of 4 for evacuation
[2024-08-30T08:42:40.269+0000][48.495s][info ][gc,phases     ] GC(61)   Pre Evacuate Collection Set: 0.0ms
[2024-08-30T08:42:40.269+0000][48.495s][info ][gc,phases     ] GC(61)   Evacuate Collection Set: 12.1ms
[2024-08-30T08:42:40.269+0000][48.495s][info ][gc,phases     ] GC(61)   Post Evacuate Collection Set: 4.4ms
[2024-08-30T08:42:40.269+0000][48.495s][info ][gc,phases     ] GC(61)   Other: 0.2ms
[2024-08-30T08:42:40.269+0000][48.495s][info ][gc,heap       ] GC(61) Eden regions: 170->0(168)
[2024-08-30T08:42:40.269+0000][48.495s][info ][gc,heap       ] GC(61) Survivor regions: 13->12(23)
[2024-08-30T08:42:40.269+0000][48.495s][info ][gc,heap       ] GC(61) Old regions: 141->145
[2024-08-30T08:42:40.269+0000][48.495s][info ][gc,heap       ] GC(61) Humongous regions: 0->0
[2024-08-30T08:42:40.269+0000][48.495s][info ][gc,metaspace  ] GC(61) Metaspace: 164669K(169700K)->164669K(169700K) NonClass: 145544K(148624K)->145544K(148624K) Class: 19124K(21076K)->19124K(21076K)
[2024-08-30T08:42:40.269+0000][48.495s][info ][gc            ] GC(61) Pause Young (Normal) (G1 Evacuation Pause) 322M->154M(375M) 16.920ms
[2024-08-30T08:42:40.269+0000][48.495s][info ][gc,cpu        ] GC(61) User=0.07s Sys=0.00s Real=0.01s
[2024-08-30T08:42:40.269+0000][48.495s][info ][safepoint     ] Leaving safepoint region
[2024-08-30T08:42:40.269+0000][48.495s][info ][safepoint     ] Total time for which application threads were stopped: 0.0175432 seconds, Stopping threads took: 0.0001360 seconds
[2024-08-30T08:42:40.269+0000][48.495s][info ][gc,stringdedup] Concurrent String Deduplication (48.495s)
[2024-08-30T08:42:40.272+0000][48.498s][info ][gc,stringdedup] Concurrent String Deduplication 187.0K->74600.0B(114.1K) avg 53.3% (48.495s, 48.498s) 3.109ms
[2024-08-30T08:42:40.655+0000][48.881s][debug][safepoint     ] Safepoint synchronization initiated. (123 threads)
[2024-08-30T08:42:40.655+0000][48.881s][info ][safepoint     ] Application time: 0.3854886 seconds
[2024-08-30T08:42:40.655+0000][48.881s][info ][safepoint     ] Entering safepoint region: G1CollectForAllocation
[2024-08-30T08:42:40.655+0000][48.881s][info ][gc,start      ] GC(62) Pause Young (Normal) (G1 Evacuation Pause)
[2024-08-30T08:42:40.655+0000][48.881s][info ][gc,task       ] GC(62) Using 4 workers of 4 for evacuation
[2024-08-30T08:42:40.674+0000][48.900s][info ][gc,phases     ] GC(62)   Pre Evacuate Collection Set: 0.0ms
[2024-08-30T08:42:40.674+0000][48.900s][info ][gc,phases     ] GC(62)   Evacuate Collection Set: 12.0ms
[2024-08-30T08:42:40.674+0000][48.900s][info ][gc,phases     ] GC(62)   Post Evacuate Collection Set: 6.9ms
[2024-08-30T08:42:40.674+0000][48.900s][info ][gc,phases     ] GC(62)   Other: 0.2ms
[2024-08-30T08:42:40.674+0000][48.900s][info ][gc,heap       ] GC(62) Eden regions: 168->0(166)
[2024-08-30T08:42:40.674+0000][48.900s][info ][gc,heap       ] GC(62) Survivor regions: 12->13(23)
[2024-08-30T08:42:40.674+0000][48.900s][info ][gc,heap       ] GC(62) Old regions: 145->145
[2024-08-30T08:42:40.674+0000][48.900s][info ][gc,heap       ] GC(62) Humongous regions: 0->0
[2024-08-30T08:42:40.674+0000][48.900s][info ][gc,metaspace  ] GC(62) Metaspace: 164704K(169700K)->164704K(169700K) NonClass: 145577K(148624K)->145577K(148624K) Class: 19126K(21076K)->19126K(21076K)
[2024-08-30T08:42:40.674+0000][48.901s][info ][gc            ] GC(62) Pause Young (Normal) (G1 Evacuation Pause) 322M->155M(375M) 19.367ms
[2024-08-30T08:42:40.674+0000][48.901s][info ][gc,cpu        ] GC(62) User=0.06s Sys=0.00s Real=0.02s
[2024-08-30T08:42:40.675+0000][48.901s][info ][safepoint     ] Leaving safepoint region
[2024-08-30T08:42:40.675+0000][48.901s][info ][safepoint     ] Total time for which application threads were stopped: 0.0199292 seconds, Stopping threads took: 0.0000685 seconds
[2024-08-30T08:42:40.675+0000][48.901s][info ][gc,stringdedup] Concurrent String Deduplication (48.901s)
[2024-08-30T08:42:40.676+0000][48.902s][info ][gc,stringdedup] Concurrent String Deduplication 301.6K->88416.0B(215.2K) avg 53.6% (48.901s, 48.902s) 1.534ms
[2024-08-30T08:42:41.086+0000][49.312s][debug][safepoint     ] Safepoint synchronization initiated. (123 threads)
[2024-08-30T08:42:41.086+0000][49.312s][info ][safepoint     ] Application time: 0.4111272 seconds
[2024-08-30T08:42:41.086+0000][49.312s][info ][safepoint     ] Entering safepoint region: G1CollectForAllocation
[2024-08-30T08:42:41.086+0000][49.312s][info ][gc,start      ] GC(63) Pause Young (Normal) (G1 Evacuation Pause)
[2024-08-30T08:42:41.086+0000][49.312s][info ][gc,task       ] GC(63) Using 4 workers of 4 for evacuation
[2024-08-30T08:42:41.103+0000][49.329s][info ][gc,phases     ] GC(63)   Pre Evacuate Collection Set: 0.0ms
[2024-08-30T08:42:41.103+0000][49.329s][info ][gc,phases     ] GC(63)   Evacuate Collection Set: 10.7ms
[2024-08-30T08:42:41.103+0000][49.329s][info ][gc,phases     ] GC(63)   Post Evacuate Collection Set: 5.5ms
[2024-08-30T08:42:41.103+0000][49.329s][info ][gc,phases     ] GC(63)   Other: 0.4ms
[2024-08-30T08:42:41.103+0000][49.329s][info ][gc,heap       ] GC(63) Eden regions: 166->0(166)
[2024-08-30T08:42:41.103+0000][49.329s][info ][gc,heap       ] GC(63) Survivor regions: 13->12(23)
[2024-08-30T08:42:41.103+0000][49.329s][info ][gc,heap       ] GC(63) Old regions: 145->147
[2024-08-30T08:42:41.103+0000][49.329s][info ][gc,heap       ] GC(63) Humongous regions: 0->0
[2024-08-30T08:42:41.103+0000][49.329s][info ][gc,metaspace  ] GC(63) Metaspace: 164760K(169956K)->164760K(169956K) NonClass: 145627K(148880K)->145627K(148880K) Class: 19133K(21076K)->19133K(21076K)
[2024-08-30T08:42:41.103+0000][49.329s][info ][gc            ] GC(63) Pause Young (Normal) (G1 Evacuation Pause) 321M->156M(375M) 16.847ms
[2024-08-30T08:42:41.103+0000][49.329s][info ][gc,cpu        ] GC(63) User=0.06s Sys=0.00s Real=0.02s
[2024-08-30T08:42:41.103+0000][49.329s][info ][safepoint     ] Leaving safepoint region
[2024-08-30T08:42:41.103+0000][49.329s][info ][safepoint     ] Total time for which application threads were stopped: 0.0173831 seconds, Stopping threads took: 0.0000779 seconds
[2024-08-30T08:42:41.103+0000][49.329s][info ][gc,stringdedup] Concurrent String Deduplication (49.329s)
[2024-08-30T08:42:41.104+0000][49.330s][info ][gc,stringdedup] Concurrent String Deduplication 183.2K->63832.0B(120.9K) avg 53.7% (49.329s, 49.330s) 1.151ms
[2024-08-30T08:42:41.474+0000][49.700s][debug][safepoint     ] Safepoint synchronization initiated. (123 threads)
[2024-08-30T08:42:41.474+0000][49.700s][info ][safepoint     ] Application time: 0.3705915 seconds
[2024-08-30T08:42:41.474+0000][49.700s][info ][safepoint     ] Entering safepoint region: G1CollectForAllocation
[2024-08-30T08:42:41.474+0000][49.700s][info ][gc,start      ] GC(64) Pause Young (Normal) (G1 Evacuation Pause)
[2024-08-30T08:42:41.474+0000][49.700s][info ][gc,task       ] GC(64) Using 4 workers of 4 for evacuation
[2024-08-30T08:42:41.488+0000][49.715s][info ][gc,phases     ] GC(64)   Pre Evacuate Collection Set: 0.0ms
[2024-08-30T08:42:41.488+0000][49.715s][info ][gc,phases     ] GC(64)   Evacuate Collection Set: 9.8ms
[2024-08-30T08:42:41.488+0000][49.715s][info ][gc,phases     ] GC(64)   Post Evacuate Collection Set: 4.3ms
[2024-08-30T08:42:41.489+0000][49.715s][info ][gc,phases     ] GC(64)   Other: 0.2ms
[2024-08-30T08:42:41.489+0000][49.715s][info ][gc,heap       ] GC(64) Eden regions: 166->0(164)
[2024-08-30T08:42:41.489+0000][49.715s][info ][gc,heap       ] GC(64) Survivor regions: 12->13(23)
[2024-08-30T08:42:41.489+0000][49.715s][info ][gc,heap       ] GC(64) Old regions: 147->147
[2024-08-30T08:42:41.489+0000][49.715s][info ][gc,heap       ] GC(64) Humongous regions: 0->0
[2024-08-30T08:42:41.489+0000][49.715s][info ][gc,metaspace  ] GC(64) Metaspace: 164825K(169956K)->164825K(169956K) NonClass: 145688K(148880K)->145688K(148880K) Class: 19137K(21076K)->19137K(21076K)
[2024-08-30T08:42:41.489+0000][49.715s][info ][gc            ] GC(64) Pause Young (Normal) (G1 Evacuation Pause) 322M->158M(375M) 14.580ms
[2024-08-30T08:42:41.489+0000][49.715s][info ][gc,cpu        ] GC(64) User=0.06s Sys=0.00s Real=0.01s
[2024-08-30T08:42:41.489+0000][49.715s][info ][safepoint     ] Leaving safepoint region
[2024-08-30T08:42:41.489+0000][49.715s][info ][safepoint     ] Total time for which application threads were stopped: 0.0150230 seconds, Stopping threads took: 0.0000737 seconds
[2024-08-30T08:42:41.489+0000][49.715s][info ][gc,stringdedup] Concurrent String Deduplication (49.715s)
[2024-08-30T08:42:41.490+0000][49.716s][info ][gc,stringdedup] Concurrent String Deduplication 138.4K->51960.0B(89800.0B) avg 53.8% (49.715s, 49.716s) 1.031ms
[2024-08-30T08:42:41.792+0000][50.018s][debug][safepoint     ] Safepoint synchronization initiated. (127 threads)
[2024-08-30T08:42:41.792+0000][50.018s][info ][safepoint     ] Application time: 0.3035106 seconds
[2024-08-30T08:42:41.792+0000][50.018s][info ][safepoint     ] Entering safepoint region: Deoptimize
[2024-08-30T08:42:41.795+0000][50.022s][info ][safepoint     ] Leaving safepoint region
[2024-08-30T08:42:41.795+0000][50.022s][info ][safepoint     ] Total time for which application threads were stopped: 0.0031891 seconds, Stopping threads took: 0.0000650 seconds
[2024-08-30T08:42:41.837+0000][50.063s][debug][safepoint     ] Safepoint synchronization initiated. (128 threads)
[2024-08-30T08:42:41.837+0000][50.063s][info ][safepoint     ] Application time: 0.0414299 seconds
[2024-08-30T08:42:41.837+0000][50.063s][info ][safepoint     ] Entering safepoint region: Deoptimize
[2024-08-30T08:42:41.840+0000][50.066s][info ][safepoint     ] Leaving safepoint region
[2024-08-30T08:42:41.840+0000][50.066s][info ][safepoint     ] Total time for which application threads were stopped: 0.0030034 seconds, Stopping threads took: 0.0000645 seconds
[2024-08-30T08:42:41.960+0000][50.186s][debug][safepoint     ] Safepoint synchronization initiated. (132 threads)
[2024-08-30T08:42:41.960+0000][50.186s][info ][safepoint     ] Application time: 0.1202391 seconds
[2024-08-30T08:42:41.960+0000][50.186s][debug][safepoint     ] Waiting for 1 thread(s) to block
[2024-08-30T08:42:41.960+0000][50.187s][info ][safepoint     ] Entering safepoint region: Deoptimize
[2024-08-30T08:42:41.964+0000][50.190s][info ][safepoint     ] Leaving safepoint region
[2024-08-30T08:42:41.964+0000][50.190s][info ][safepoint     ] Total time for which application threads were stopped: 0.0035129 seconds, Stopping threads took: 0.0002771 seconds
[2024-08-30T08:42:42.052+0000][50.278s][debug][safepoint     ] Safepoint synchronization initiated. (133 threads)
[2024-08-30T08:42:42.052+0000][50.278s][info ][safepoint     ] Application time: 0.0881703 seconds
[2024-08-30T08:42:42.052+0000][50.278s][info ][safepoint     ] Entering safepoint region: G1CollectForAllocation
[2024-08-30T08:42:42.052+0000][50.278s][info ][gc,start      ] GC(65) Pause Young (Normal) (G1 Evacuation Pause)
[2024-08-30T08:42:42.052+0000][50.278s][info ][gc,task       ] GC(65) Using 4 workers of 4 for evacuation
[2024-08-30T08:42:42.078+0000][50.304s][info ][gc,phases     ] GC(65)   Pre Evacuate Collection Set: 0.0ms
[2024-08-30T08:42:42.078+0000][50.304s][info ][gc,phases     ] GC(65)   Evacuate Collection Set: 17.1ms
[2024-08-30T08:42:42.078+0000][50.304s][info ][gc,phases     ] GC(65)   Post Evacuate Collection Set: 7.9ms
[2024-08-30T08:42:42.078+0000][50.304s][info ][gc,phases     ] GC(65)   Other: 0.2ms
[2024-08-30T08:42:42.078+0000][50.304s][info ][gc,heap       ] GC(65) Eden regions: 164->0(163)
[2024-08-30T08:42:42.078+0000][50.304s][info ][gc,heap       ] GC(65) Survivor regions: 13->12(23)
[2024-08-30T08:42:42.078+0000][50.304s][info ][gc,heap       ] GC(65) Old regions: 147->150
[2024-08-30T08:42:42.078+0000][50.304s][info ][gc,heap       ] GC(65) Humongous regions: 0->0
[2024-08-30T08:42:42.078+0000][50.304s][info ][gc,metaspace  ] GC(65) Metaspace: 167595K(172900K)->167595K(172900K) NonClass: 148158K(151440K)->148158K(151440K) Class: 19436K(21460K)->19436K(21460K)
[2024-08-30T08:42:42.078+0000][50.304s][info ][gc            ] GC(65) Pause Young (Normal) (G1 Evacuation Pause) 322M->159M(375M) 25.489ms
[2024-08-30T08:42:42.078+0000][50.304s][info ][gc,cpu        ] GC(65) User=0.09s Sys=0.00s Real=0.02s
[2024-08-30T08:42:42.078+0000][50.304s][info ][safepoint     ] Leaving safepoint region
[2024-08-30T08:42:42.078+0000][50.304s][info ][safepoint     ] Total time for which application threads were stopped: 0.0259560 seconds, Stopping threads took: 0.0000717 seconds
[2024-08-30T08:42:42.078+0000][50.304s][info ][gc,stringdedup] Concurrent String Deduplication (50.304s)
[2024-08-30T08:42:42.079+0000][50.305s][info ][gc,stringdedup] Concurrent String Deduplication 139.5K->48320.0B(94528.0B) avg 53.9% (50.304s, 50.305s) 1.225ms
[2024-08-30T08:42:42.324+0000][50.551s][debug][safepoint     ] Safepoint synchronization initiated. (155 threads)
[2024-08-30T08:42:42.324+0000][50.551s][info ][safepoint     ] Application time: 0.2465936 seconds
[2024-08-30T08:42:42.325+0000][50.551s][debug][safepoint     ] ... found polling page return exception at pc = 0x00007f917035aa0a, stub =0x00007f9168824b00
[2024-08-30T08:42:42.325+0000][50.551s][debug][safepoint     ] Waiting for 3 thread(s) to block
[2024-08-30T08:42:42.325+0000][50.551s][info ][safepoint     ] Entering safepoint region: ICBufferFull
[2024-08-30T08:42:42.325+0000][50.551s][info ][safepoint     ] Leaving safepoint region
[2024-08-30T08:42:42.325+0000][50.551s][info ][safepoint     ] Total time for which application threads were stopped: 0.0007172 seconds, Stopping threads took: 0.0001632 seconds
[2024-08-30T08:42:42.442+0000][50.668s][debug][safepoint     ] Safepoint synchronization initiated. (177 threads)
[2024-08-30T08:42:42.442+0000][50.668s][info ][safepoint     ] Application time: 0.1168457 seconds
[2024-08-30T08:42:42.442+0000][50.668s][debug][safepoint     ] ... found polling page return exception at pc = 0x00007f916aadc19d, stub =0x00007f9168824b00
[2024-08-30T08:42:42.442+0000][50.668s][debug][safepoint     ] ... found polling page loop exception at pc = 0x00007f9170bf01cd, stub =0x00007f9168826680
[2024-08-30T08:42:42.442+0000][50.668s][debug][safepoint     ] Waiting for 3 thread(s) to block
[2024-08-30T08:42:42.442+0000][50.668s][info ][safepoint     ] Entering safepoint region: Deoptimize
[2024-08-30T08:42:42.446+0000][50.672s][info ][safepoint     ] Leaving safepoint region
[2024-08-30T08:42:42.446+0000][50.672s][info ][safepoint     ] Total time for which application threads were stopped: 0.0038809 seconds, Stopping threads took: 0.0002443 seconds
[2024-08-30T08:42:42.488+0000][50.714s][debug][safepoint     ] Safepoint synchronization initiated. (181 threads)
[2024-08-30T08:42:42.488+0000][50.714s][info ][safepoint     ] Application time: 0.0419045 seconds
[2024-08-30T08:42:42.488+0000][50.714s][debug][safepoint     ] ... found polling page return exception at pc = 0x00007f91710a0fc8, stub =0x00007f9168824b00
[2024-08-30T08:42:42.488+0000][50.714s][debug][safepoint     ] ... found polling page return exception at pc = 0x00007f9170e4f210, stub =0x00007f9168824b00
[2024-08-30T08:42:42.488+0000][50.714s][debug][safepoint     ] Waiting for 2 thread(s) to block
[2024-08-30T08:42:42.488+0000][50.714s][info ][safepoint     ] Entering safepoint region: Deoptimize
[2024-08-30T08:42:42.491+0000][50.717s][info ][safepoint     ] Leaving safepoint region
[2024-08-30T08:42:42.491+0000][50.717s][info ][safepoint     ] Total time for which application threads were stopped: 0.0034907 seconds, Stopping threads took: 0.0002524 seconds
[2024-08-30T08:42:43.491+0000][51.718s][debug][safepoint     ] Safepoint synchronization initiated. (267 threads)
[2024-08-30T08:42:43.492+0000][51.718s][info ][safepoint     ] Application time: 1.0001420 seconds
[2024-08-30T08:42:43.492+0000][51.718s][info ][safepoint     ] Entering safepoint region: Cleanup
[2024-08-30T08:42:43.492+0000][51.718s][info ][safepoint     ] Leaving safepoint region
[2024-08-30T08:42:43.492+0000][51.718s][info ][safepoint     ] Total time for which application threads were stopped: 0.0006708 seconds, Stopping threads took: 0.0001506 seconds
[2024-08-30T08:42:44.492+0000][52.718s][debug][safepoint     ] Safepoint synchronization initiated. (268 threads)
[2024-08-30T08:42:44.492+0000][52.719s][info ][safepoint     ] Application time: 1.0002305 seconds
[2024-08-30T08:42:44.493+0000][52.719s][info ][safepoint     ] Entering safepoint region: Cleanup
[2024-08-30T08:42:44.493+0000][52.719s][info ][safepoint     ] Leaving safepoint region
[2024-08-30T08:42:44.493+0000][52.720s][info ][safepoint     ] Total time for which application threads were stopped: 0.0009190 seconds, Stopping threads took: 0.0002121 seconds
[2024-08-30T08:42:45.381+0000][53.607s][debug][safepoint     ] Safepoint synchronization initiated. (271 threads)
[2024-08-30T08:42:45.381+0000][53.607s][info ][safepoint     ] Application time: 0.8872749 seconds
[2024-08-30T08:42:45.381+0000][53.607s][info ][safepoint     ] Entering safepoint region: ICBufferFull
[2024-08-30T08:42:45.381+0000][53.607s][info ][safepoint     ] Leaving safepoint region
[2024-08-30T08:42:45.381+0000][53.607s][info ][safepoint     ] Total time for which application threads were stopped: 0.0006668 seconds, Stopping threads took: 0.0001690 seconds
[2024-08-30T08:42:46.382+0000][54.608s][debug][safepoint     ] Safepoint synchronization initiated. (270 threads)
[2024-08-30T08:42:46.382+0000][54.608s][info ][safepoint     ] Application time: 1.0001803 seconds
[2024-08-30T08:42:46.382+0000][54.608s][debug][safepoint     ] ... found polling page return exception at pc = 0x00007f91707e4f82, stub =0x00007f9168824b00
[2024-08-30T08:42:46.382+0000][54.608s][debug][safepoint     ] Waiting for 1 thread(s) to block
[2024-08-30T08:42:46.382+0000][54.608s][info ][safepoint     ] Entering safepoint region: Cleanup
[2024-08-30T08:42:46.382+0000][54.608s][info ][safepoint     ] Leaving safepoint region
[2024-08-30T08:42:46.382+0000][54.608s][info ][safepoint     ] Total time for which application threads were stopped: 0.0007020 seconds, Stopping threads took: 0.0002742 seconds
[2024-08-30T08:42:47.382+0000][55.609s][debug][safepoint     ] Safepoint synchronization initiated. (271 threads)
[2024-08-30T08:42:47.382+0000][55.609s][info ][safepoint     ] Application time: 1.0001651 seconds
[2024-08-30T08:42:47.383+0000][55.609s][info ][safepoint     ] Entering safepoint region: Cleanup
[2024-08-30T08:42:47.383+0000][55.609s][info ][safepoint     ] Leaving safepoint region
[2024-08-30T08:42:47.383+0000][55.609s][info ][safepoint     ] Total time for which application threads were stopped: 0.0004562 seconds, Stopping threads took: 0.0001360 seconds
[2024-08-30T08:42:48.383+0000][56.609s][debug][safepoint     ] Safepoint synchronization initiated. (270 threads)
[2024-08-30T08:42:48.383+0000][56.609s][info ][safepoint     ] Application time: 1.0002385 seconds
[2024-08-30T08:42:48.383+0000][56.609s][info ][safepoint     ] Entering safepoint region: Cleanup
[2024-08-30T08:42:48.384+0000][56.610s][info ][safepoint     ] Leaving safepoint region
[2024-08-30T08:42:48.384+0000][56.610s][info ][safepoint     ] Total time for which application threads were stopped: 0.0007071 seconds, Stopping threads took: 0.0001752 seconds
[2024-08-30T08:42:48.675+0000][56.901s][debug][safepoint     ] Safepoint synchronization initiated. (270 threads)
[2024-08-30T08:42:48.675+0000][56.901s][info ][safepoint     ] Application time: 0.2909782 seconds
[2024-08-30T08:42:48.675+0000][56.901s][info ][safepoint     ] Entering safepoint region: G1CollectForAllocation
[2024-08-30T08:42:48.676+0000][56.902s][info ][gc,start      ] GC(66) Pause Young (Normal) (G1 Evacuation Pause)
[2024-08-30T08:42:48.676+0000][56.902s][info ][gc,task       ] GC(66) Using 4 workers of 4 for evacuation
[2024-08-30T08:42:48.699+0000][56.926s][info ][gc,phases     ] GC(66)   Pre Evacuate Collection Set: 0.0ms
[2024-08-30T08:42:48.700+0000][56.926s][info ][gc,phases     ] GC(66)   Evacuate Collection Set: 18.2ms
[2024-08-30T08:42:48.700+0000][56.926s][info ][gc,phases     ] GC(66)   Post Evacuate Collection Set: 5.0ms
[2024-08-30T08:42:48.700+0000][56.926s][info ][gc,phases     ] GC(66)   Other: 0.7ms
[2024-08-30T08:42:48.700+0000][56.926s][info ][gc,heap       ] GC(66) Eden regions: 163->0(143)
[2024-08-30T08:42:48.700+0000][56.926s][info ][gc,heap       ] GC(66) Survivor regions: 12->22(22)
[2024-08-30T08:42:48.700+0000][56.926s][info ][gc,heap       ] GC(66) Old regions: 150->150
[2024-08-30T08:42:48.700+0000][56.926s][info ][gc,heap       ] GC(66) Humongous regions: 0->0
[2024-08-30T08:42:48.700+0000][56.926s][info ][gc,metaspace  ] GC(66) Metaspace: 170968K(176612K)->170968K(176612K) NonClass: 151100K(154512K)->151100K(154512K) Class: 19868K(22100K)->19868K(22100K)
[2024-08-30T08:42:48.700+0000][56.926s][info ][gc            ] GC(66) Pause Young (Normal) (G1 Evacuation Pause) 322M->169M(375M) 24.029ms
[2024-08-30T08:42:48.700+0000][56.926s][info ][gc,cpu        ] GC(66) User=0.09s Sys=0.00s Real=0.02s
[2024-08-30T08:42:48.700+0000][56.926s][info ][safepoint     ] Leaving safepoint region
[2024-08-30T08:42:48.700+0000][56.926s][info ][safepoint     ] Total time for which application threads were stopped: 0.0249844 seconds, Stopping threads took: 0.0002097 seconds
[2024-08-30T08:42:48.700+0000][56.926s][info ][gc,stringdedup] Concurrent String Deduplication (56.926s)
[2024-08-30T08:42:48.701+0000][56.927s][info ][gc,stringdedup] Concurrent String Deduplication 144.3K->48904.0B(98824.0B) avg 54.0% (56.926s, 56.927s) 1.071ms
[2024-08-30T08:42:49.700+0000][57.926s][debug][safepoint     ] Safepoint synchronization initiated. (270 threads)
[2024-08-30T08:42:49.700+0000][57.926s][info ][safepoint     ] Application time: 1.0003072 seconds
[2024-08-30T08:42:49.700+0000][57.927s][info ][safepoint     ] Entering safepoint region: Cleanup
[2024-08-30T08:42:49.701+0000][57.927s][info ][safepoint     ] Leaving safepoint region
[2024-08-30T08:42:49.701+0000][57.927s][info ][safepoint     ] Total time for which application threads were stopped: 0.0009911 seconds, Stopping threads took: 0.0002238 seconds
[2024-08-30T08:42:50.701+0000][58.928s][debug][safepoint     ] Safepoint synchronization initiated. (270 threads)
[2024-08-30T08:42:50.702+0000][58.928s][info ][safepoint     ] Application time: 1.0003088 seconds
[2024-08-30T08:42:50.702+0000][58.928s][info ][safepoint     ] Entering safepoint region: Cleanup
[2024-08-30T08:42:50.702+0000][58.929s][info ][safepoint     ] Leaving safepoint region
[2024-08-30T08:42:50.702+0000][58.929s][info ][safepoint     ] Total time for which application threads were stopped: 0.0007783 seconds, Stopping threads took: 0.0002636 seconds
[2024-08-30T08:42:51.703+0000][59.929s][debug][safepoint     ] Safepoint synchronization initiated. (270 threads)
[2024-08-30T08:42:51.703+0000][59.929s][info ][safepoint     ] Application time: 1.0002015 seconds
[2024-08-30T08:42:51.703+0000][59.929s][info ][safepoint     ] Entering safepoint region: Cleanup
[2024-08-30T08:42:51.703+0000][59.930s][info ][safepoint     ] Leaving safepoint region
[2024-08-30T08:42:51.703+0000][59.930s][info ][safepoint     ] Total time for which application threads were stopped: 0.0007861 seconds, Stopping threads took: 0.0002570 seconds
[2024-08-30T08:42:52.704+0000][60.930s][debug][safepoint     ] Safepoint synchronization initiated. (270 threads)
[2024-08-30T08:42:52.704+0000][60.930s][info ][safepoint     ] Application time: 1.0003440 seconds
[2024-08-30T08:42:52.704+0000][60.930s][info ][safepoint     ] Entering safepoint region: Cleanup
[2024-08-30T08:42:52.705+0000][60.931s][info ][safepoint     ] Leaving safepoint region
[2024-08-30T08:42:52.705+0000][60.931s][info ][safepoint     ] Total time for which application threads were stopped: 0.0010161 seconds, Stopping threads took: 0.0002400 seconds
[2024-08-30T08:42:53.705+0000][61.931s][debug][safepoint     ] Safepoint synchronization initiated. (270 threads)
[2024-08-30T08:42:53.705+0000][61.931s][info ][safepoint     ] Application time: 1.0003844 seconds
[2024-08-30T08:42:53.706+0000][61.932s][info ][safepoint     ] Entering safepoint region: Cleanup
[2024-08-30T08:42:53.706+0000][61.932s][info ][safepoint     ] Leaving safepoint region
[2024-08-30T08:42:53.706+0000][61.932s][info ][safepoint     ] Total time for which application threads were stopped: 0.0010025 seconds, Stopping threads took: 0.0003929 seconds
[2024-08-30T08:42:54.707+0000][62.933s][debug][safepoint     ] Safepoint synchronization initiated. (271 threads)
[2024-08-30T08:42:54.707+0000][62.933s][info ][safepoint     ] Application time: 1.0002314 seconds
[2024-08-30T08:42:54.707+0000][62.933s][info ][safepoint     ] Entering safepoint region: Cleanup
[2024-08-30T08:42:54.707+0000][62.933s][info ][safepoint     ] Leaving safepoint region
[2024-08-30T08:42:54.707+0000][62.933s][info ][safepoint     ] Total time for which application threads were stopped: 0.0004976 seconds, Stopping threads took: 0.0001431 seconds
[2024-08-30T08:42:55.707+0000][63.933s][debug][safepoint     ] Safepoint synchronization initiated. (271 threads)
[2024-08-30T08:42:55.707+0000][63.934s][info ][safepoint     ] Application time: 1.0002674 seconds
[2024-08-30T08:42:55.708+0000][63.934s][info ][safepoint     ] Entering safepoint region: Cleanup
[2024-08-30T08:42:55.708+0000][63.935s][info ][safepoint     ] Leaving safepoint region
[2024-08-30T08:42:55.708+0000][63.935s][info ][safepoint     ] Total time for which application threads were stopped: 0.0010420 seconds, Stopping threads took: 0.0002066 seconds
[2024-08-30T08:42:56.709+0000][64.935s][debug][safepoint     ] Safepoint synchronization initiated. (271 threads)
[2024-08-30T08:42:56.709+0000][64.935s][info ][safepoint     ] Application time: 1.0002053 seconds
[2024-08-30T08:42:56.709+0000][64.935s][info ][safepoint     ] Entering safepoint region: Cleanup
[2024-08-30T08:42:56.709+0000][64.935s][info ][safepoint     ] Leaving safepoint region
[2024-08-30T08:42:56.709+0000][64.935s][info ][safepoint     ] Total time for which application threads were stopped: 0.0005249 seconds, Stopping threads took: 0.0001907 seconds
[2024-08-30T08:42:57.709+0000][65.936s][debug][safepoint     ] Safepoint synchronization initiated. (271 threads)
[2024-08-30T08:42:57.710+0000][65.936s][info ][safepoint     ] Application time: 1.0002610 seconds
[2024-08-30T08:42:57.710+0000][65.936s][info ][safepoint     ] Entering safepoint region: Cleanup
[2024-08-30T08:42:57.710+0000][65.936s][info ][safepoint     ] Leaving safepoint region
[2024-08-30T08:42:57.710+0000][65.936s][info ][safepoint     ] Total time for which application threads were stopped: 0.0004947 seconds, Stopping threads took: 0.0001493 seconds
[2024-08-30T08:42:58.710+0000][66.936s][debug][safepoint     ] Safepoint synchronization initiated. (272 threads)
[2024-08-30T08:42:58.710+0000][66.936s][info ][safepoint     ] Application time: 1.0002257 seconds
[2024-08-30T08:42:58.710+0000][66.937s][debug][safepoint     ] ... found polling page return exception at pc = 0x00007f9170303bf2, stub =0x00007f9168824b00
[2024-08-30T08:42:58.710+0000][66.937s][debug][safepoint     ] Waiting for 1 thread(s) to block
[2024-08-30T08:42:58.711+0000][66.937s][info ][safepoint     ] Entering safepoint region: Cleanup
[2024-08-30T08:42:58.711+0000][66.937s][debug][safepoint     ] ... found polling page return exception at pc = 0x00007f917061bc90, stub =0x00007f9168824b00
[2024-08-30T08:42:58.711+0000][66.937s][debug][safepoint     ] ... found polling page return exception at pc = 0x00007f917061bc90, stub =0x00007f9168824b00
[2024-08-30T08:42:58.711+0000][66.937s][info ][safepoint     ] Leaving safepoint region
[2024-08-30T08:42:58.711+0000][66.937s][info ][safepoint     ] Total time for which application threads were stopped: 0.0010709 seconds, Stopping threads took: 0.0003745 seconds
[2024-08-30T08:42:59.712+0000][67.938s][debug][safepoint     ] Safepoint synchronization initiated. (271 threads)
[2024-08-30T08:42:59.712+0000][67.938s][info ][safepoint     ] Application time: 1.0002594 seconds
[2024-08-30T08:42:59.712+0000][67.938s][info ][safepoint     ] Entering safepoint region: Cleanup
[2024-08-30T08:42:59.713+0000][67.939s][info ][safepoint     ] Leaving safepoint region
[2024-08-30T08:42:59.713+0000][67.939s][info ][safepoint     ] Total time for which application threads were stopped: 0.0008966 seconds, Stopping threads took: 0.0002113 seconds
[2024-08-30T08:43:00.713+0000][68.939s][debug][safepoint     ] Safepoint synchronization initiated. (271 threads)
[2024-08-30T08:43:00.713+0000][68.939s][info ][safepoint     ] Application time: 1.0003666 seconds
[2024-08-30T08:43:00.713+0000][68.939s][info ][safepoint     ] Entering safepoint region: Cleanup
[2024-08-30T08:43:00.714+0000][68.940s][debug][safepoint     ] ... found polling page return exception at pc = 0x00007f917061bc90, stub =0x00007f9168824b00
[2024-08-30T08:43:00.714+0000][68.940s][info ][safepoint     ] Leaving safepoint region
[2024-08-30T08:43:00.714+0000][68.940s][info ][safepoint     ] Total time for which application threads were stopped: 0.0009952 seconds, Stopping threads took: 0.0002015 seconds
[2024-08-30T08:43:01.714+0000][69.940s][debug][safepoint     ] Safepoint synchronization initiated. (271 threads)
[2024-08-30T08:43:01.714+0000][69.940s][info ][safepoint     ] Application time: 1.0001666 seconds
[2024-08-30T08:43:01.714+0000][69.940s][info ][safepoint     ] Entering safepoint region: Cleanup
[2024-08-30T08:43:01.715+0000][69.941s][info ][safepoint     ] Leaving safepoint region
[2024-08-30T08:43:01.715+0000][69.941s][info ][safepoint     ] Total time for which application threads were stopped: 0.0005613 seconds, Stopping threads took: 0.0001936 seconds
[2024-08-30T08:43:02.715+0000][70.941s][debug][safepoint     ] Safepoint synchronization initiated. (271 threads)
[2024-08-30T08:43:02.715+0000][70.941s][info ][safepoint     ] Application time: 1.0001778 seconds
[2024-08-30T08:43:02.715+0000][70.941s][info ][safepoint     ] Entering safepoint region: Cleanup
[2024-08-30T08:43:02.715+0000][70.941s][info ][safepoint     ] Leaving safepoint region
[2024-08-30T08:43:02.715+0000][70.942s][info ][safepoint     ] Total time for which application threads were stopped: 0.0004781 seconds, Stopping threads took: 0.0001544 seconds
[2024-08-30T08:43:03.716+0000][71.942s][debug][safepoint     ] Safepoint synchronization initiated. (271 threads)
[2024-08-30T08:43:03.716+0000][71.942s][info ][safepoint     ] Application time: 1.0003086 seconds
[2024-08-30T08:43:03.716+0000][71.942s][info ][safepoint     ] Entering safepoint region: Cleanup
[2024-08-30T08:43:03.717+0000][71.943s][info ][safepoint     ] Leaving safepoint region
[2024-08-30T08:43:03.717+0000][71.943s][info ][safepoint     ] Total time for which application threads were stopped: 0.0009593 seconds, Stopping threads took: 0.0002455 seconds
[2024-08-30T08:43:04.717+0000][72.943s][debug][safepoint     ] Safepoint synchronization initiated. (270 threads)
[2024-08-30T08:43:04.717+0000][72.943s][info ][safepoint     ] Application time: 1.0001784 seconds
[2024-08-30T08:43:04.717+0000][72.943s][info ][safepoint     ] Entering safepoint region: Cleanup
[2024-08-30T08:43:04.717+0000][72.943s][info ][safepoint     ] Leaving safepoint region
[2024-08-30T08:43:04.717+0000][72.944s][info ][safepoint     ] Total time for which application threads were stopped: 0.0004450 seconds, Stopping threads took: 0.0001318 seconds
[2024-08-30T08:43:05.718+0000][73.944s][debug][safepoint     ] Safepoint synchronization initiated. (270 threads)
[2024-08-30T08:43:05.718+0000][73.944s][info ][safepoint     ] Application time: 1.0002737 seconds
[2024-08-30T08:43:05.718+0000][73.944s][info ][safepoint     ] Entering safepoint region: Cleanup
[2024-08-30T08:43:05.719+0000][73.945s][info ][safepoint     ] Leaving safepoint region
[2024-08-30T08:43:05.719+0000][73.945s][info ][safepoint     ] Total time for which application threads were stopped: 0.0009534 seconds, Stopping threads took: 0.0003360 seconds
[2024-08-30T08:43:06.719+0000][74.945s][debug][safepoint     ] Safepoint synchronization initiated. (270 threads)
[2024-08-30T08:43:06.719+0000][74.945s][info ][safepoint     ] Application time: 1.0002843 seconds
[2024-08-30T08:43:06.719+0000][74.945s][info ][safepoint     ] Entering safepoint region: Cleanup
[2024-08-30T08:43:06.720+0000][74.946s][info ][safepoint     ] Leaving safepoint region
[2024-08-30T08:43:06.720+0000][74.946s][info ][safepoint     ] Total time for which application threads were stopped: 0.0008939 seconds, Stopping threads took: 0.0001827 seconds
[2024-08-30T08:43:07.720+0000][75.946s][debug][safepoint     ] Safepoint synchronization initiated. (270 threads)
[2024-08-30T08:43:07.720+0000][75.946s][info ][safepoint     ] Application time: 1.0001983 seconds
[2024-08-30T08:43:07.720+0000][75.946s][info ][safepoint     ] Entering safepoint region: Cleanup
[2024-08-30T08:43:07.721+0000][75.947s][debug][safepoint     ] ... found polling page return exception at pc = 0x00007f917061bc90, stub =0x00007f9168824b00
[2024-08-30T08:43:07.721+0000][75.947s][info ][safepoint     ] Leaving safepoint region
[2024-08-30T08:43:07.721+0000][75.947s][info ][safepoint     ] Total time for which application threads were stopped: 0.0009834 seconds, Stopping threads took: 0.0002001 seconds
[2024-08-30T08:43:08.721+0000][76.947s][debug][safepoint     ] Safepoint synchronization initiated. (270 threads)
[2024-08-30T08:43:08.721+0000][76.947s][info ][safepoint     ] Application time: 1.0001760 seconds
[2024-08-30T08:43:08.721+0000][76.948s][debug][safepoint     ] ... found polling page return exception at pc = 0x00007f91706269f6, stub =0x00007f9168824b00
[2024-08-30T08:43:08.722+0000][76.948s][debug][safepoint     ] Waiting for 1 thread(s) to block
[2024-08-30T08:43:08.722+0000][76.948s][info ][safepoint     ] Entering safepoint region: Cleanup
[2024-08-30T08:43:08.722+0000][76.948s][info ][safepoint     ] Leaving safepoint region
[2024-08-30T08:43:08.722+0000][76.948s][info ][safepoint     ] Total time for which application threads were stopped: 0.0009694 seconds, Stopping threads took: 0.0003920 seconds
[2024-08-30T08:43:09.152+0000][77.378s][debug][safepoint     ] Safepoint synchronization initiated. (270 threads)
[2024-08-30T08:43:09.152+0000][77.378s][info ][safepoint     ] Application time: 0.4292408 seconds
[2024-08-30T08:43:09.152+0000][77.378s][info ][safepoint     ] Entering safepoint region: G1CollectForAllocation
[2024-08-30T08:43:09.152+0000][77.378s][info ][gc,start      ] GC(67) Pause Young (Normal) (G1 Evacuation Pause)
[2024-08-30T08:43:09.152+0000][77.378s][info ][gc,task       ] GC(67) Using 4 workers of 4 for evacuation
[2024-08-30T08:43:09.182+0000][77.408s][info ][gc,phases     ] GC(67)   Pre Evacuate Collection Set: 0.0ms
[2024-08-30T08:43:09.182+0000][77.408s][info ][gc,phases     ] GC(67)   Evacuate Collection Set: 23.0ms
[2024-08-30T08:43:09.182+0000][77.408s][info ][gc,phases     ] GC(67)   Post Evacuate Collection Set: 6.4ms
[2024-08-30T08:43:09.182+0000][77.408s][info ][gc,phases     ] GC(67)   Other: 0.4ms
[2024-08-30T08:43:09.182+0000][77.408s][info ][gc,heap       ] GC(67) Eden regions: 143->0(152)
[2024-08-30T08:43:09.182+0000][77.408s][info ][gc,heap       ] GC(67) Survivor regions: 22->11(21)
[2024-08-30T08:43:09.182+0000][77.408s][info ][gc,heap       ] GC(67) Old regions: 150->160
[2024-08-30T08:43:09.182+0000][77.408s][info ][gc,heap       ] GC(67) Humongous regions: 0->0
[2024-08-30T08:43:09.182+0000][77.408s][info ][gc,metaspace  ] GC(67) Metaspace: 171055K(176612K)->171055K(176612K) NonClass: 151181K(154512K)->151181K(154512K) Class: 19873K(22100K)->19873K(22100K)
[2024-08-30T08:43:09.182+0000][77.408s][info ][gc            ] GC(67) Pause Young (Normal) (G1 Evacuation Pause) 312M->169M(375M) 30.044ms
[2024-08-30T08:43:09.182+0000][77.408s][info ][gc,cpu        ] GC(67) User=0.09s Sys=0.00s Real=0.03s
[2024-08-30T08:43:09.182+0000][77.408s][info ][safepoint     ] Leaving safepoint region
[2024-08-30T08:43:09.182+0000][77.408s][info ][safepoint     ] Total time for which application threads were stopped: 0.0307322 seconds, Stopping threads took: 0.0001331 seconds
[2024-08-30T08:43:09.182+0000][77.409s][info ][gc,stringdedup] Concurrent String Deduplication (77.409s)
[2024-08-30T08:43:09.184+0000][77.410s][info ][gc,stringdedup] Concurrent String Deduplication 141.0K->69344.0B(75040.0B) avg 53.9% (77.409s, 77.410s) 1.462ms
[2024-08-30T08:43:10.183+0000][78.409s][debug][safepoint     ] Safepoint synchronization initiated. (270 threads)
[2024-08-30T08:43:10.183+0000][78.409s][info ][safepoint     ] Application time: 1.0002686 seconds
[2024-08-30T08:43:10.183+0000][78.409s][info ][safepoint     ] Entering safepoint region: Cleanup
[2024-08-30T08:43:10.183+0000][78.410s][info ][safepoint     ] Leaving safepoint region
[2024-08-30T08:43:10.183+0000][78.410s][info ][safepoint     ] Total time for which application threads were stopped: 0.0008046 seconds, Stopping threads took: 0.0001633 seconds
[2024-08-30T08:43:11.184+0000][79.410s][debug][safepoint     ] Safepoint synchronization initiated. (270 threads)
[2024-08-30T08:43:11.184+0000][79.410s][info ][safepoint     ] Application time: 1.0002533 seconds
[2024-08-30T08:43:11.184+0000][79.410s][info ][safepoint     ] Entering safepoint region: Cleanup
[2024-08-30T08:43:11.185+0000][79.411s][info ][safepoint     ] Leaving safepoint region
[2024-08-30T08:43:11.185+0000][79.411s][info ][safepoint     ] Total time for which application threads were stopped: 0.0011392 seconds, Stopping threads took: 0.0002531 seconds
[2024-08-30T08:43:12.185+0000][80.411s][debug][safepoint     ] Safepoint synchronization initiated. (270 threads)
[2024-08-30T08:43:12.185+0000][80.411s][info ][safepoint     ] Application time: 1.0002468 seconds
[2024-08-30T08:43:12.185+0000][80.411s][debug][safepoint     ] ... found polling page return exception at pc = 0x00007f9170c4c99f, stub =0x00007f9168824b00
[2024-08-30T08:43:12.185+0000][80.411s][debug][safepoint     ] Waiting for 1 thread(s) to block
[2024-08-30T08:43:12.186+0000][80.412s][info ][safepoint     ] Entering safepoint region: Cleanup
[2024-08-30T08:43:12.186+0000][80.412s][info ][safepoint     ] Leaving safepoint region
[2024-08-30T08:43:12.186+0000][80.412s][info ][safepoint     ] Total time for which application threads were stopped: 0.0009469 seconds, Stopping threads took: 0.0003757 seconds
[2024-08-30T08:43:13.186+0000][81.412s][debug][safepoint     ] Safepoint synchronization initiated. (270 threads)
[2024-08-30T08:43:13.186+0000][81.413s][info ][safepoint     ] Application time: 1.0002722 seconds
[2024-08-30T08:43:13.187+0000][81.413s][info ][safepoint     ] Entering safepoint region: Cleanup
[2024-08-30T08:43:13.187+0000][81.413s][info ][safepoint     ] Leaving safepoint region
[2024-08-30T08:43:13.187+0000][81.413s][info ][safepoint     ] Total time for which application threads were stopped: 0.0009231 seconds, Stopping threads took: 0.0002055 seconds
[2024-08-30T08:43:14.188+0000][82.414s][debug][safepoint     ] Safepoint synchronization initiated. (270 threads)
[2024-08-30T08:43:14.188+0000][82.414s][info ][safepoint     ] Application time: 1.0003661 seconds
[2024-08-30T08:43:14.188+0000][82.414s][info ][safepoint     ] Entering safepoint region: Cleanup
[2024-08-30T08:43:14.189+0000][82.415s][info ][safepoint     ] Leaving safepoint region
[2024-08-30T08:43:14.189+0000][82.415s][info ][safepoint     ] Total time for which application threads were stopped: 0.0010884 seconds, Stopping threads took: 0.0002581 seconds
[2024-08-30T08:43:15.189+0000][83.415s][debug][safepoint     ] Safepoint synchronization initiated. (270 threads)
[2024-08-30T08:43:15.189+0000][83.415s][info ][safepoint     ] Application time: 1.0001612 seconds
[2024-08-30T08:43:15.189+0000][83.415s][info ][safepoint     ] Entering safepoint region: Cleanup
[2024-08-30T08:43:15.190+0000][83.416s][info ][safepoint     ] Leaving safepoint region
[2024-08-30T08:43:15.190+0000][83.416s][info ][safepoint     ] Total time for which application threads were stopped: 0.0005848 seconds, Stopping threads took: 0.0001874 seconds
[2024-08-30T08:43:16.190+0000][84.416s][debug][safepoint     ] Safepoint synchronization initiated. (270 threads)
[2024-08-30T08:43:16.190+0000][84.416s][info ][safepoint     ] Application time: 1.0002365 seconds
[2024-08-30T08:43:16.190+0000][84.416s][info ][safepoint     ] Entering safepoint region: Cleanup
[2024-08-30T08:43:16.191+0000][84.417s][info ][safepoint     ] Leaving safepoint region
[2024-08-30T08:43:16.191+0000][84.417s][info ][safepoint     ] Total time for which application threads were stopped: 0.0007825 seconds, Stopping threads took: 0.0001901 seconds
[2024-08-30T08:43:17.191+0000][85.417s][debug][safepoint     ] Safepoint synchronization initiated. (271 threads)
[2024-08-30T08:43:17.191+0000][85.417s][info ][safepoint     ] Application time: 1.0002252 seconds
[2024-08-30T08:43:17.191+0000][85.417s][info ][safepoint     ] Entering safepoint region: Cleanup
[2024-08-30T08:43:17.192+0000][85.418s][info ][safepoint     ] Leaving safepoint region
[2024-08-30T08:43:17.192+0000][85.418s][info ][safepoint     ] Total time for which application threads were stopped: 0.0007022 seconds, Stopping threads took: 0.0001921 seconds
[2024-08-30T08:43:18.192+0000][86.418s][debug][safepoint     ] Safepoint synchronization initiated. (270 threads)
[2024-08-30T08:43:18.192+0000][86.418s][info ][safepoint     ] Application time: 1.0003253 seconds
[2024-08-30T08:43:18.192+0000][86.418s][info ][safepoint     ] Entering safepoint region: Cleanup
[2024-08-30T08:43:18.193+0000][86.419s][info ][safepoint     ] Leaving safepoint region
[2024-08-30T08:43:18.193+0000][86.419s][info ][safepoint     ] Total time for which application threads were stopped: 0.0008732 seconds, Stopping threads took: 0.0002050 seconds
[2024-08-30T08:43:19.193+0000][87.419s][debug][safepoint     ] Safepoint synchronization initiated. (270 threads)
[2024-08-30T08:43:19.193+0000][87.419s][info ][safepoint     ] Application time: 1.0001492 seconds
[2024-08-30T08:43:19.193+0000][87.419s][debug][safepoint     ] ... found polling page return exception at pc = 0x00007f9170c048f6, stub =0x00007f9168824b00
[2024-08-30T08:43:19.193+0000][87.419s][debug][safepoint     ] Waiting for 2 thread(s) to block
[2024-08-30T08:43:19.193+0000][87.420s][info ][safepoint     ] Entering safepoint region: Cleanup
[2024-08-30T08:43:19.194+0000][87.420s][debug][safepoint     ] ... found polling page return exception at pc = 0x00007f917061bc90, stub =0x00007f9168824b00
[2024-08-30T08:43:19.194+0000][87.420s][info ][safepoint     ] Leaving safepoint region
[2024-08-30T08:43:19.194+0000][87.420s][info ][safepoint     ] Total time for which application threads were stopped: 0.0009259 seconds, Stopping threads took: 0.0004203 seconds
[2024-08-30T08:43:19.194+0000][87.420s][debug][safepoint     ] ... found polling page return exception at pc = 0x00007f917061bc90, stub =0x00007f9168824b00
[2024-08-30T08:43:19.194+0000][87.420s][debug][safepoint     ] ... found polling page return exception at pc = 0x00007f9170c4c99f, stub =0x00007f9168824b00
[2024-08-30T08:43:20.194+0000][88.420s][debug][safepoint     ] Safepoint synchronization initiated. (270 threads)
[2024-08-30T08:43:20.194+0000][88.420s][info ][safepoint     ] Application time: 1.0001590 seconds
[2024-08-30T08:43:20.194+0000][88.420s][info ][safepoint     ] Entering safepoint region: Cleanup
[2024-08-30T08:43:20.195+0000][88.421s][info ][safepoint     ] Leaving safepoint region
[2024-08-30T08:43:20.195+0000][88.421s][info ][safepoint     ] Total time for which application threads were stopped: 0.0005754 seconds, Stopping threads took: 0.0002145 seconds
[2024-08-30T08:43:21.195+0000][89.421s][debug][safepoint     ] Safepoint synchronization initiated. (270 threads)
[2024-08-30T08:43:21.195+0000][89.421s][info ][safepoint     ] Application time: 1.0002372 seconds
[2024-08-30T08:43:21.195+0000][89.421s][info ][safepoint     ] Entering safepoint region: Cleanup
[2024-08-30T08:43:21.196+0000][89.422s][info ][safepoint     ] Leaving safepoint region
[2024-08-30T08:43:21.196+0000][89.422s][info ][safepoint     ] Total time for which application threads were stopped: 0.0008273 seconds, Stopping threads took: 0.0001939 seconds
[2024-08-30T08:43:22.196+0000][90.422s][debug][safepoint     ] Safepoint synchronization initiated. (270 threads)
[2024-08-30T08:43:22.196+0000][90.422s][info ][safepoint     ] Application time: 1.0001794 seconds
[2024-08-30T08:43:22.196+0000][90.422s][info ][safepoint     ] Entering safepoint region: Cleanup
[2024-08-30T08:43:22.197+0000][90.423s][info ][safepoint     ] Leaving safepoint region
[2024-08-30T08:43:22.197+0000][90.423s][info ][safepoint     ] Total time for which application threads were stopped: 0.0008613 seconds, Stopping threads took: 0.0001368 seconds
[2024-08-30T08:43:23.197+0000][91.423s][debug][safepoint     ] Safepoint synchronization initiated. (270 threads)
[2024-08-30T08:43:23.197+0000][91.423s][info ][safepoint     ] Application time: 1.0001383 seconds
[2024-08-30T08:43:23.197+0000][91.423s][info ][safepoint     ] Entering safepoint region: Cleanup
[2024-08-30T08:43:23.198+0000][91.424s][info ][safepoint     ] Leaving safepoint region
[2024-08-30T08:43:23.198+0000][91.424s][info ][safepoint     ] Total time for which application threads were stopped: 0.0007676 seconds, Stopping threads took: 0.0001654 seconds
[2024-08-30T08:43:24.198+0000][92.424s][debug][safepoint     ] Safepoint synchronization initiated. (270 threads)
[2024-08-30T08:43:24.198+0000][92.424s][info ][safepoint     ] Application time: 1.0002407 seconds
[2024-08-30T08:43:24.198+0000][92.424s][info ][safepoint     ] Entering safepoint region: Cleanup
[2024-08-30T08:43:24.199+0000][92.425s][info ][safepoint     ] Leaving safepoint region
[2024-08-30T08:43:24.199+0000][92.425s][debug][safepoint     ] ... found polling page return exception at pc = 0x00007f917064b48a, stub =0x00007f9168824b00
[2024-08-30T08:43:24.199+0000][92.425s][info ][safepoint     ] Total time for which application threads were stopped: 0.0006008 seconds, Stopping threads took: 0.0001703 seconds
[2024-08-30T08:43:25.199+0000][93.425s][debug][safepoint     ] Safepoint synchronization initiated. (270 threads)
[2024-08-30T08:43:25.199+0000][93.425s][info ][safepoint     ] Application time: 1.0001664 seconds
[2024-08-30T08:43:25.199+0000][93.425s][debug][safepoint     ] ... found polling page loop exception at pc = 0x00007f917062b6bc, stub =0x00007f9168826680
[2024-08-30T08:43:25.199+0000][93.425s][debug][safepoint     ] Waiting for 1 thread(s) to block
[2024-08-30T08:43:25.199+0000][93.425s][info ][safepoint     ] Entering safepoint region: Cleanup
[2024-08-30T08:43:25.200+0000][93.426s][info ][safepoint     ] Leaving safepoint region
[2024-08-30T08:43:25.200+0000][93.426s][info ][safepoint     ] Total time for which application threads were stopped: 0.0006527 seconds, Stopping threads took: 0.0002344 seconds
[2024-08-30T08:43:26.200+0000][94.426s][debug][safepoint     ] Safepoint synchronization initiated. (270 threads)
[2024-08-30T08:43:26.200+0000][94.426s][info ][safepoint     ] Application time: 1.0003125 seconds
[2024-08-30T08:43:26.200+0000][94.426s][info ][safepoint     ] Entering safepoint region: Cleanup
[2024-08-30T08:43:26.201+0000][94.427s][info ][safepoint     ] Leaving safepoint region
[2024-08-30T08:43:26.201+0000][94.427s][info ][safepoint     ] Total time for which application threads were stopped: 0.0009634 seconds, Stopping threads took: 0.0002121 seconds
[2024-08-30T08:43:27.201+0000][95.427s][debug][safepoint     ] Safepoint synchronization initiated. (270 threads)
[2024-08-30T08:43:27.201+0000][95.428s][info ][safepoint     ] Application time: 1.0003635 seconds
[2024-08-30T08:43:27.202+0000][95.428s][info ][safepoint     ] Entering safepoint region: Cleanup
[2024-08-30T08:43:27.203+0000][95.429s][info ][safepoint     ] Leaving safepoint region
[2024-08-30T08:43:27.203+0000][95.429s][info ][safepoint     ] Total time for which application threads were stopped: 0.0011682 seconds, Stopping threads took: 0.0003541 seconds
[2024-08-30T08:43:28.203+0000][96.429s][debug][safepoint     ] Safepoint synchronization initiated. (270 threads)
[2024-08-30T08:43:28.203+0000][96.429s][info ][safepoint     ] Application time: 1.0002641 seconds
[2024-08-30T08:43:28.203+0000][96.429s][info ][safepoint     ] Entering safepoint region: Cleanup
[2024-08-30T08:43:28.203+0000][96.430s][info ][safepoint     ] Leaving safepoint region
[2024-08-30T08:43:28.203+0000][96.430s][info ][safepoint     ] Total time for which application threads were stopped: 0.0004878 seconds, Stopping threads took: 0.0001196 seconds
[2024-08-30T08:43:29.204+0000][97.430s][debug][safepoint     ] Safepoint synchronization initiated. (270 threads)
[2024-08-30T08:43:29.204+0000][97.430s][info ][safepoint     ] Application time: 1.0002673 seconds
[2024-08-30T08:43:29.204+0000][97.430s][debug][safepoint     ] ... found polling page return exception at pc = 0x00007f9170c048f6, stub =0x00007f9168824b00
[2024-08-30T08:43:29.204+0000][97.430s][debug][safepoint     ] ... found polling page return exception at pc = 0x00007f9170564875, stub =0x00007f9168824b00
[2024-08-30T08:43:29.204+0000][97.430s][debug][safepoint     ] ... found polling page return exception at pc = 0x00007f9170414ef8, stub =0x00007f9168824b00
[2024-08-30T08:43:29.204+0000][97.430s][debug][safepoint     ] Waiting for 3 thread(s) to block
[2024-08-30T08:43:29.205+0000][97.431s][info ][safepoint     ] Entering safepoint region: Cleanup
[2024-08-30T08:43:29.205+0000][97.431s][debug][safepoint     ] ... found polling page return exception at pc = 0x00007f917061bc90, stub =0x00007f9168824b00
[2024-08-30T08:43:29.205+0000][97.431s][debug][safepoint     ] ... found polling page return exception at pc = 0x00007f917061bc90, stub =0x00007f9168824b00
[2024-08-30T08:43:29.205+0000][97.431s][debug][safepoint     ] ... found polling page return exception at pc = 0x00007f917061bc90, stub =0x00007f9168824b00
[2024-08-30T08:43:29.205+0000][97.431s][info ][safepoint     ] Leaving safepoint region
[2024-08-30T08:43:29.205+0000][97.431s][info ][safepoint     ] Total time for which application threads were stopped: 0.0012919 seconds, Stopping threads took: 0.0007430 seconds
[2024-08-30T08:43:30.205+0000][98.431s][debug][safepoint     ] Safepoint synchronization initiated. (270 threads)
[2024-08-30T08:43:30.206+0000][98.432s][info ][safepoint     ] Application time: 1.0003995 seconds
[2024-08-30T08:43:30.206+0000][98.432s][info ][safepoint     ] Entering safepoint region: Cleanup
[2024-08-30T08:43:30.206+0000][98.432s][info ][safepoint     ] Leaving safepoint region
[2024-08-30T08:43:30.206+0000][98.432s][info ][safepoint     ] Total time for which application threads were stopped: 0.0006896 seconds, Stopping threads took: 0.0001774 seconds
[2024-08-30T08:43:31.104+0000][99.330s][debug][safepoint     ] Safepoint synchronization initiated. (270 threads)
[2024-08-30T08:43:31.104+0000][99.330s][info ][safepoint     ] Application time: 0.8979603 seconds
[2024-08-30T08:43:31.104+0000][99.330s][info ][safepoint     ] Entering safepoint region: G1CollectForAllocation
[2024-08-30T08:43:31.105+0000][99.331s][info ][gc,start      ] GC(68) Pause Young (Normal) (G1 Evacuation Pause)
[2024-08-30T08:43:31.105+0000][99.331s][info ][gc,task       ] GC(68) Using 4 workers of 4 for evacuation
[2024-08-30T08:43:31.128+0000][99.354s][info ][gc,phases     ] GC(68)   Pre Evacuate Collection Set: 0.0ms
[2024-08-30T08:43:31.128+0000][99.354s][info ][gc,phases     ] GC(68)   Evacuate Collection Set: 14.6ms
[2024-08-30T08:43:31.128+0000][99.354s][info ][gc,phases     ] GC(68)   Post Evacuate Collection Set: 8.3ms
[2024-08-30T08:43:31.128+0000][99.354s][info ][gc,phases     ] GC(68)   Other: 0.4ms
[2024-08-30T08:43:31.128+0000][99.354s][info ][gc,heap       ] GC(68) Eden regions: 152->0(153)
[2024-08-30T08:43:31.128+0000][99.354s][info ][gc,heap       ] GC(68) Survivor regions: 11->12(21)
[2024-08-30T08:43:31.128+0000][99.354s][info ][gc,heap       ] GC(68) Old regions: 160->160
[2024-08-30T08:43:31.128+0000][99.354s][info ][gc,heap       ] GC(68) Humongous regions: 0->0
[2024-08-30T08:43:31.128+0000][99.354s][info ][gc,metaspace  ] GC(68) Metaspace: 171304K(176868K)->171304K(176868K) NonClass: 151392K(154768K)->151392K(154768K) Class: 19911K(22100K)->19911K(22100K)
[2024-08-30T08:43:31.128+0000][99.354s][info ][gc            ] GC(68) Pause Young (Normal) (G1 Evacuation Pause) 321M->169M(375M) 23.510ms
[2024-08-30T08:43:31.128+0000][99.354s][info ][gc,cpu        ] GC(68) User=0.06s Sys=0.00s Real=0.02s
[2024-08-30T08:43:31.128+0000][99.355s][info ][safepoint     ] Leaving safepoint region
[2024-08-30T08:43:31.128+0000][99.355s][info ][safepoint     ] Total time for which application threads were stopped: 0.0241769 seconds, Stopping threads took: 0.0001444 seconds
[2024-08-30T08:43:31.129+0000][99.355s][info ][gc,stringdedup] Concurrent String Deduplication (99.355s)
[2024-08-30T08:43:31.133+0000][99.360s][info ][gc,stringdedup] Concurrent String Deduplication 766.3K->335.6K(430.7K) avg 54.0% (99.355s, 99.360s) 4.893ms
[2024-08-30T08:43:32.129+0000][100.355s][debug][safepoint     ] Safepoint synchronization initiated. (270 threads)
[2024-08-30T08:43:32.129+0000][100.355s][info ][safepoint     ] Application time: 1.0003212 seconds
[2024-08-30T08:43:32.129+0000][100.355s][info ][safepoint     ] Entering safepoint region: Cleanup
[2024-08-30T08:43:32.130+0000][100.356s][info ][safepoint     ] Leaving safepoint region
[2024-08-30T08:43:32.130+0000][100.356s][info ][safepoint     ] Total time for which application threads were stopped: 0.0008703 seconds, Stopping threads took: 0.0002186 seconds
[2024-08-30T08:43:33.130+0000][101.356s][debug][safepoint     ] Safepoint synchronization initiated. (270 threads)
[2024-08-30T08:43:33.130+0000][101.356s][info ][safepoint     ] Application time: 1.0002249 seconds
[2024-08-30T08:43:33.130+0000][101.356s][info ][safepoint     ] Entering safepoint region: Cleanup
[2024-08-30T08:43:33.131+0000][101.357s][info ][safepoint     ] Leaving safepoint region
[2024-08-30T08:43:33.131+0000][101.357s][info ][safepoint     ] Total time for which application threads were stopped: 0.0007196 seconds, Stopping threads took: 0.0001833 seconds
[2024-08-30T08:43:34.131+0000][102.357s][debug][safepoint     ] Safepoint synchronization initiated. (270 threads)
[2024-08-30T08:43:34.131+0000][102.357s][info ][safepoint     ] Application time: 1.0002462 seconds
[2024-08-30T08:43:34.131+0000][102.357s][info ][safepoint     ] Entering safepoint region: Cleanup
[2024-08-30T08:43:34.132+0000][102.358s][debug][safepoint     ] ... found polling page return exception at pc = 0x00007f917061bc90, stub =0x00007f9168824b00
[2024-08-30T08:43:34.132+0000][102.358s][info ][safepoint     ] Leaving safepoint region
[2024-08-30T08:43:34.132+0000][102.358s][info ][safepoint     ] Total time for which application threads were stopped: 0.0010666 seconds, Stopping threads took: 0.0002151 seconds
[2024-08-30T08:43:35.132+0000][103.358s][debug][safepoint     ] Safepoint synchronization initiated. (270 threads)
[2024-08-30T08:43:35.132+0000][103.358s][info ][safepoint     ] Application time: 1.0003360 seconds
[2024-08-30T08:43:35.133+0000][103.359s][info ][safepoint     ] Entering safepoint region: Cleanup
[2024-08-30T08:43:35.133+0000][103.359s][info ][safepoint     ] Leaving safepoint region
[2024-08-30T08:43:35.133+0000][103.359s][info ][safepoint     ] Total time for which application threads were stopped: 0.0006733 seconds, Stopping threads took: 0.0002367 seconds
[2024-08-30T08:43:36.133+0000][104.359s][debug][safepoint     ] Safepoint synchronization initiated. (270 threads)
[2024-08-30T08:43:36.133+0000][104.359s][info ][safepoint     ] Application time: 1.0002133 seconds
[2024-08-30T08:43:36.134+0000][104.360s][info ][safepoint     ] Entering safepoint region: Cleanup
[2024-08-30T08:43:36.134+0000][104.361s][info ][safepoint     ] Leaving safepoint region
[2024-08-30T08:43:36.134+0000][104.361s][info ][safepoint     ] Total time for which application threads were stopped: 0.0011320 seconds, Stopping threads took: 0.0005820 seconds
[2024-08-30T08:43:37.135+0000][105.361s][debug][safepoint     ] Safepoint synchronization initiated. (270 threads)
[2024-08-30T08:43:37.135+0000][105.361s][info ][safepoint     ] Application time: 1.0004300 seconds
[2024-08-30T08:43:37.135+0000][105.361s][info ][safepoint     ] Entering safepoint region: Cleanup
[2024-08-30T08:43:37.136+0000][105.362s][info ][safepoint     ] Leaving safepoint region
[2024-08-30T08:43:37.136+0000][105.362s][info ][safepoint     ] Total time for which application threads were stopped: 0.0007444 seconds, Stopping threads took: 0.0001952 seconds
[2024-08-30T08:43:38.136+0000][106.362s][debug][safepoint     ] Safepoint synchronization initiated. (270 threads)
[2024-08-30T08:43:38.136+0000][106.362s][info ][safepoint     ] Application time: 1.0003402 seconds
[2024-08-30T08:43:38.136+0000][106.362s][info ][safepoint     ] Entering safepoint region: Cleanup
[2024-08-30T08:43:38.137+0000][106.363s][info ][safepoint     ] Leaving safepoint region
[2024-08-30T08:43:38.137+0000][106.363s][info ][safepoint     ] Total time for which application threads were stopped: 0.0007765 seconds, Stopping threads took: 0.0002170 seconds
[2024-08-30T08:43:39.137+0000][107.363s][debug][safepoint     ] Safepoint synchronization initiated. (270 threads)
[2024-08-30T08:43:39.137+0000][107.363s][info ][safepoint     ] Application time: 1.0003034 seconds
[2024-08-30T08:43:39.137+0000][107.364s][info ][safepoint     ] Entering safepoint region: Cleanup
[2024-08-30T08:43:39.138+0000][107.364s][info ][safepoint     ] Leaving safepoint region
[2024-08-30T08:43:39.138+0000][107.364s][info ][safepoint     ] Total time for which application threads were stopped: 0.0006981 seconds, Stopping threads took: 0.0001832 seconds
[2024-08-30T08:43:40.138+0000][108.364s][debug][safepoint     ] Safepoint synchronization initiated. (270 threads)
[2024-08-30T08:43:40.138+0000][108.364s][info ][safepoint     ] Application time: 1.0002290 seconds
[2024-08-30T08:43:40.138+0000][108.364s][debug][safepoint     ] ... found polling page return exception at pc = 0x00007f91704db3e8, stub =0x00007f9168824b00
[2024-08-30T08:43:40.138+0000][108.364s][debug][safepoint     ] Waiting for 1 thread(s) to block
[2024-08-30T08:43:40.138+0000][108.365s][info ][safepoint     ] Entering safepoint region: Cleanup
[2024-08-30T08:43:40.139+0000][108.365s][info ][safepoint     ] Leaving safepoint region
[2024-08-30T08:43:40.139+0000][108.365s][debug][safepoint     ] ... found polling page return exception at pc = 0x00007f917061bc90, stub =0x00007f9168824b00
[2024-08-30T08:43:40.139+0000][108.365s][info ][safepoint     ] Total time for which application threads were stopped: 0.0008785 seconds, Stopping threads took: 0.0003356 seconds
[2024-08-30T08:43:41.139+0000][109.365s][debug][safepoint     ] Safepoint synchronization initiated. (270 threads)
[2024-08-30T08:43:41.139+0000][109.365s][info ][safepoint     ] Application time: 1.0001887 seconds
[2024-08-30T08:43:41.139+0000][109.366s][info ][safepoint     ] Entering safepoint region: Cleanup
[2024-08-30T08:43:41.140+0000][109.366s][info ][safepoint     ] Leaving safepoint region
[2024-08-30T08:43:41.140+0000][109.366s][info ][safepoint     ] Total time for which application threads were stopped: 0.0006438 seconds, Stopping threads took: 0.0001374 seconds
[2024-08-30T08:43:42.140+0000][110.366s][debug][safepoint     ] Safepoint synchronization initiated. (270 threads)
[2024-08-30T08:43:42.140+0000][110.366s][info ][safepoint     ] Application time: 1.0002646 seconds
[2024-08-30T08:43:42.140+0000][110.367s][info ][safepoint     ] Entering safepoint region: Cleanup
[2024-08-30T08:43:42.141+0000][110.367s][info ][safepoint     ] Leaving safepoint region
[2024-08-30T08:43:42.141+0000][110.367s][info ][safepoint     ] Total time for which application threads were stopped: 0.0007485 seconds, Stopping threads took: 0.0002069 seconds
[2024-08-30T08:43:43.141+0000][111.367s][debug][safepoint     ] Safepoint synchronization initiated. (268 threads)
[2024-08-30T08:43:43.141+0000][111.368s][info ][safepoint     ] Application time: 1.0003191 seconds
[2024-08-30T08:43:43.142+0000][111.368s][info ][safepoint     ] Entering safepoint region: Cleanup
[2024-08-30T08:43:43.142+0000][111.368s][info ][safepoint     ] Leaving safepoint region
[2024-08-30T08:43:43.142+0000][111.368s][info ][safepoint     ] Total time for which application threads were stopped: 0.0007164 seconds, Stopping threads took: 0.0002407 seconds
[2024-08-30T08:43:44.142+0000][112.368s][debug][safepoint     ] Safepoint synchronization initiated. (267 threads)
[2024-08-30T08:43:44.142+0000][112.368s][info ][safepoint     ] Application time: 1.0002036 seconds
[2024-08-30T08:43:44.143+0000][112.369s][info ][safepoint     ] Entering safepoint region: Cleanup
[2024-08-30T08:43:44.143+0000][112.369s][info ][safepoint     ] Leaving safepoint region
[2024-08-30T08:43:44.143+0000][112.369s][info ][safepoint     ] Total time for which application threads were stopped: 0.0008867 seconds, Stopping threads took: 0.0002012 seconds
[2024-08-30T08:43:45.144+0000][113.370s][debug][safepoint     ] Safepoint synchronization initiated. (267 threads)
[2024-08-30T08:43:45.144+0000][113.370s][info ][safepoint     ] Application time: 1.0003218 seconds
[2024-08-30T08:43:45.144+0000][113.370s][info ][safepoint     ] Entering safepoint region: Cleanup
[2024-08-30T08:43:45.144+0000][113.370s][info ][safepoint     ] Leaving safepoint region
[2024-08-30T08:43:45.144+0000][113.371s][info ][safepoint     ] Total time for which application threads were stopped: 0.0007853 seconds, Stopping threads took: 0.0002315 seconds
[2024-08-30T08:43:46.145+0000][114.371s][debug][safepoint     ] Safepoint synchronization initiated. (267 threads)
[2024-08-30T08:43:46.145+0000][114.371s][info ][safepoint     ] Application time: 1.0002190 seconds
[2024-08-30T08:43:46.145+0000][114.371s][info ][safepoint     ] Entering safepoint region: Cleanup
[2024-08-30T08:43:46.145+0000][114.372s][info ][safepoint     ] Leaving safepoint region
[2024-08-30T08:43:46.145+0000][114.372s][info ][safepoint     ] Total time for which application threads were stopped: 0.0007730 seconds, Stopping threads took: 0.0002085 seconds
[2024-08-30T08:43:47.146+0000][115.372s][debug][safepoint     ] Safepoint synchronization initiated. (267 threads)
[2024-08-30T08:43:47.146+0000][115.372s][info ][safepoint     ] Application time: 1.0002302 seconds
[2024-08-30T08:43:47.146+0000][115.372s][info ][safepoint     ] Entering safepoint region: Cleanup
[2024-08-30T08:43:47.147+0000][115.373s][info ][safepoint     ] Leaving safepoint region
[2024-08-30T08:43:47.147+0000][115.373s][info ][safepoint     ] Total time for which application threads were stopped: 0.0007873 seconds, Stopping threads took: 0.0002536 seconds
[2024-08-30T08:43:48.147+0000][116.373s][debug][safepoint     ] Safepoint synchronization initiated. (267 threads)
[2024-08-30T08:43:48.147+0000][116.373s][info ][safepoint     ] Application time: 1.0002700 seconds
[2024-08-30T08:43:48.147+0000][116.373s][info ][safepoint     ] Entering safepoint region: Cleanup
[2024-08-30T08:43:48.148+0000][116.374s][info ][safepoint     ] Leaving safepoint region
[2024-08-30T08:43:48.148+0000][116.374s][info ][safepoint     ] Total time for which application threads were stopped: 0.0010170 seconds, Stopping threads took: 0.0002063 seconds
[2024-08-30T08:43:49.148+0000][117.374s][debug][safepoint     ] Safepoint synchronization initiated. (267 threads)
[2024-08-30T08:43:49.148+0000][117.374s][info ][safepoint     ] Application time: 1.0001752 seconds
[2024-08-30T08:43:49.148+0000][117.374s][info ][safepoint     ] Entering safepoint region: Cleanup
[2024-08-30T08:43:49.149+0000][117.375s][info ][safepoint     ] Leaving safepoint region
[2024-08-30T08:43:49.149+0000][117.375s][info ][safepoint     ] Total time for which application threads were stopped: 0.0005402 seconds, Stopping threads took: 0.0001412 seconds
[2024-08-30T08:43:50.149+0000][118.375s][debug][safepoint     ] Safepoint synchronization initiated. (267 threads)
[2024-08-30T08:43:50.149+0000][118.375s][info ][safepoint     ] Application time: 1.0002722 seconds
[2024-08-30T08:43:50.149+0000][118.375s][info ][safepoint     ] Entering safepoint region: Cleanup
[2024-08-30T08:43:50.150+0000][118.376s][info ][safepoint     ] Leaving safepoint region
[2024-08-30T08:43:50.150+0000][118.376s][info ][safepoint     ] Total time for which application threads were stopped: 0.0005852 seconds, Stopping threads took: 0.0001550 seconds
[2024-08-30T08:43:51.150+0000][119.376s][debug][safepoint     ] Safepoint synchronization initiated. (267 threads)
[2024-08-30T08:43:51.150+0000][119.376s][info ][safepoint     ] Application time: 1.0002310 seconds
[2024-08-30T08:43:51.150+0000][119.376s][info ][safepoint     ] Entering safepoint region: Cleanup
[2024-08-30T08:43:51.151+0000][119.377s][info ][safepoint     ] Leaving safepoint region
[2024-08-30T08:43:51.151+0000][119.377s][info ][safepoint     ] Total time for which application threads were stopped: 0.0008206 seconds, Stopping threads took: 0.0002632 seconds
[2024-08-30T08:43:51.151+0000][119.377s][debug][safepoint     ] ... found polling page return exception at pc = 0x00007f917061bc90, stub =0x00007f9168824b00
[2024-08-30T08:43:52.151+0000][120.377s][debug][safepoint     ] Safepoint synchronization initiated. (267 threads)
[2024-08-30T08:43:52.151+0000][120.377s][info ][safepoint     ] Application time: 1.0002675 seconds
[2024-08-30T08:43:52.151+0000][120.377s][info ][safepoint     ] Entering safepoint region: Cleanup
[2024-08-30T08:43:52.152+0000][120.378s][info ][safepoint     ] Leaving safepoint region
[2024-08-30T08:43:52.152+0000][120.378s][info ][safepoint     ] Total time for which application threads were stopped: 0.0006874 seconds, Stopping threads took: 0.0001857 seconds
[2024-08-30T08:43:53.152+0000][121.378s][debug][safepoint     ] Safepoint synchronization initiated. (267 threads)
[2024-08-30T08:43:53.152+0000][121.378s][info ][safepoint     ] Application time: 1.0002644 seconds
[2024-08-30T08:43:53.152+0000][121.378s][info ][safepoint     ] Entering safepoint region: Cleanup
[2024-08-30T08:43:53.152+0000][121.379s][info ][safepoint     ] Leaving safepoint region
[2024-08-30T08:43:53.152+0000][121.379s][info ][safepoint     ] Total time for which application threads were stopped: 0.0004596 seconds, Stopping threads took: 0.0001350 seconds
[2024-08-30T08:43:54.153+0000][122.379s][debug][safepoint     ] Safepoint synchronization initiated. (267 threads)
[2024-08-30T08:43:54.153+0000][122.379s][info ][safepoint     ] Application time: 1.0003063 seconds
[2024-08-30T08:43:54.153+0000][122.379s][info ][safepoint     ] Entering safepoint region: Cleanup
[2024-08-30T08:43:54.154+0000][122.380s][info ][safepoint     ] Leaving safepoint region
[2024-08-30T08:43:54.154+0000][122.380s][info ][safepoint     ] Total time for which application threads were stopped: 0.0007487 seconds, Stopping threads took: 0.0002289 seconds
[2024-08-30T08:43:54.302+0000][122.528s][debug][safepoint     ] Safepoint synchronization initiated. (267 threads)
[2024-08-30T08:43:54.302+0000][122.528s][info ][safepoint     ] Application time: 0.1487717 seconds
[2024-08-30T08:43:54.302+0000][122.529s][debug][safepoint     ] ... found polling page loop exception at pc = 0x00007f91707a7eed, stub =0x00007f9168826680
[2024-08-30T08:43:54.303+0000][122.529s][debug][safepoint     ] ... found polling page return exception at pc = 0x00007f9170c4c99f, stub =0x00007f9168824b00
[2024-08-30T08:43:54.303+0000][122.529s][debug][safepoint     ] Waiting for 2 thread(s) to block
[2024-08-30T08:43:54.303+0000][122.529s][info ][safepoint     ] Entering safepoint region: G1CollectForAllocation
[2024-08-30T08:43:54.303+0000][122.529s][info ][gc,start      ] GC(69) Pause Young (Normal) (G1 Evacuation Pause)
[2024-08-30T08:43:54.303+0000][122.529s][info ][gc,task       ] GC(69) Using 4 workers of 4 for evacuation
[2024-08-30T08:43:54.318+0000][122.544s][info ][gc,phases     ] GC(69)   Pre Evacuate Collection Set: 0.0ms
[2024-08-30T08:43:54.318+0000][122.544s][info ][gc,phases     ] GC(69)   Evacuate Collection Set: 9.1ms
[2024-08-30T08:43:54.318+0000][122.544s][info ][gc,phases     ] GC(69)   Post Evacuate Collection Set: 4.8ms
[2024-08-30T08:43:54.318+0000][122.544s][info ][gc,phases     ] GC(69)   Other: 0.5ms
[2024-08-30T08:43:54.318+0000][122.544s][info ][gc,heap       ] GC(69) Eden regions: 153->0(155)
[2024-08-30T08:43:54.318+0000][122.544s][info ][gc,heap       ] GC(69) Survivor regions: 12->11(21)
[2024-08-30T08:43:54.318+0000][122.544s][info ][gc,heap       ] GC(69) Old regions: 160->160
[2024-08-30T08:43:54.318+0000][122.544s][info ][gc,heap       ] GC(69) Humongous regions: 0->0
[2024-08-30T08:43:54.318+0000][122.544s][info ][gc,metaspace  ] GC(69) Metaspace: 171407K(177124K)->171407K(177124K) NonClass: 151484K(155024K)->151484K(155024K) Class: 19922K(22100K)->19922K(22100K)
[2024-08-30T08:43:54.318+0000][122.544s][info ][gc            ] GC(69) Pause Young (Normal) (G1 Evacuation Pause) 322M->169M(375M) 14.590ms
[2024-08-30T08:43:54.318+0000][122.544s][info ][gc,cpu        ] GC(69) User=0.05s Sys=0.00s Real=0.01s
[2024-08-30T08:43:54.318+0000][122.544s][info ][safepoint     ] Leaving safepoint region
[2024-08-30T08:43:54.318+0000][122.544s][info ][safepoint     ] Total time for which application threads were stopped: 0.0156484 seconds, Stopping threads took: 0.0004464 seconds
[2024-08-30T08:43:54.318+0000][122.544s][info ][gc,stringdedup] Concurrent String Deduplication (122.544s)
[2024-08-30T08:43:54.318+0000][122.544s][info ][gc,stringdedup] Concurrent String Deduplication 1848.0B->1208.0B(640.0B) avg 54.0% (122.544s, 122.544s) 0.082ms
[2024-08-30T08:43:55.318+0000][123.544s][debug][safepoint     ] Safepoint synchronization initiated. (267 threads)
[2024-08-30T08:43:55.318+0000][123.544s][info ][safepoint     ] Application time: 1.0002081 seconds
[2024-08-30T08:43:55.318+0000][123.545s][info ][safepoint     ] Entering safepoint region: Cleanup
[2024-08-30T08:43:55.319+0000][123.545s][info ][safepoint     ] Leaving safepoint region
[2024-08-30T08:43:55.319+0000][123.545s][info ][safepoint     ] Total time for which application threads were stopped: 0.0009105 seconds, Stopping threads took: 0.0002026 seconds
[2024-08-30T08:43:56.319+0000][124.546s][debug][safepoint     ] Safepoint synchronization initiated. (267 threads)
[2024-08-30T08:43:56.320+0000][124.546s][info ][safepoint     ] Application time: 1.0002701 seconds
[2024-08-30T08:43:56.320+0000][124.546s][info ][safepoint     ] Entering safepoint region: Cleanup
[2024-08-30T08:43:56.320+0000][124.546s][info ][safepoint     ] Leaving safepoint region
[2024-08-30T08:43:56.320+0000][124.546s][info ][safepoint     ] Total time for which application threads were stopped: 0.0007568 seconds, Stopping threads took: 0.0001875 seconds
[2024-08-30T08:43:57.320+0000][125.547s][debug][safepoint     ] Safepoint synchronization initiated. (267 threads)
[2024-08-30T08:43:57.321+0000][125.547s][info ][safepoint     ] Application time: 1.0001854 seconds
[2024-08-30T08:43:57.321+0000][125.547s][info ][safepoint     ] Entering safepoint region: Cleanup
[2024-08-30T08:43:57.321+0000][125.547s][debug][safepoint     ] ... found polling page return exception at pc = 0x00007f917061bc90, stub =0x00007f9168824b00
[2024-08-30T08:43:57.321+0000][125.547s][info ][safepoint     ] Leaving safepoint region
[2024-08-30T08:43:57.321+0000][125.547s][info ][safepoint     ] Total time for which application threads were stopped: 0.0005840 seconds, Stopping threads took: 0.0001785 seconds
[2024-08-30T08:43:58.321+0000][126.547s][debug][safepoint     ] Safepoint synchronization initiated. (267 threads)
[2024-08-30T08:43:58.321+0000][126.547s][info ][safepoint     ] Application time: 1.0002498 seconds
[2024-08-30T08:43:58.322+0000][126.548s][info ][safepoint     ] Entering safepoint region: Cleanup
[2024-08-30T08:43:58.322+0000][126.548s][info ][safepoint     ] Leaving safepoint region
[2024-08-30T08:43:58.322+0000][126.548s][info ][safepoint     ] Total time for which application threads were stopped: 0.0006919 seconds, Stopping threads took: 0.0002524 seconds
[2024-08-30T08:43:59.322+0000][127.548s][debug][safepoint     ] Safepoint synchronization initiated. (267 threads)
[2024-08-30T08:43:59.322+0000][127.549s][info ][safepoint     ] Application time: 1.0003298 seconds
[2024-08-30T08:43:59.323+0000][127.549s][info ][safepoint     ] Entering safepoint region: Cleanup
[2024-08-30T08:43:59.323+0000][127.549s][info ][safepoint     ] Leaving safepoint region
[2024-08-30T08:43:59.323+0000][127.549s][info ][safepoint     ] Total time for which application threads were stopped: 0.0007778 seconds, Stopping threads took: 0.0002020 seconds
[2024-08-30T08:44:00.323+0000][128.550s][debug][safepoint     ] Safepoint synchronization initiated. (267 threads)
[2024-08-30T08:44:00.324+0000][128.550s][info ][safepoint     ] Application time: 1.0002762 seconds
[2024-08-30T08:44:00.324+0000][128.550s][info ][safepoint     ] Entering safepoint region: Cleanup
[2024-08-30T08:44:00.324+0000][128.550s][info ][safepoint     ] Leaving safepoint region
[2024-08-30T08:44:00.324+0000][128.550s][info ][safepoint     ] Total time for which application threads were stopped: 0.0004787 seconds, Stopping threads took: 0.0001441 seconds
[2024-08-30T08:44:01.324+0000][129.550s][debug][safepoint     ] Safepoint synchronization initiated. (267 threads)
[2024-08-30T08:44:01.324+0000][129.550s][info ][safepoint     ] Application time: 1.0002936 seconds
[2024-08-30T08:44:01.325+0000][129.551s][info ][safepoint     ] Entering safepoint region: Cleanup
[2024-08-30T08:44:01.325+0000][129.551s][info ][safepoint     ] Leaving safepoint region
[2024-08-30T08:44:01.325+0000][129.551s][debug][safepoint     ] ... found polling page return exception at pc = 0x00007f917061bc90, stub =0x00007f9168824b00
[2024-08-30T08:44:01.325+0000][129.551s][info ][safepoint     ] Total time for which application threads were stopped: 0.0008228 seconds, Stopping threads took: 0.0002531 seconds
[2024-08-30T08:44:02.326+0000][130.552s][debug][safepoint     ] Safepoint synchronization initiated. (267 threads)
[2024-08-30T08:44:02.326+0000][130.552s][info ][safepoint     ] Application time: 1.0003944 seconds
[2024-08-30T08:44:02.326+0000][130.552s][info ][safepoint     ] Entering safepoint region: Cleanup
[2024-08-30T08:44:02.327+0000][130.553s][info ][safepoint     ] Leaving safepoint region
[2024-08-30T08:44:02.327+0000][130.553s][info ][safepoint     ] Total time for which application threads were stopped: 0.0008726 seconds, Stopping threads took: 0.0003238 seconds
[2024-08-30T08:44:03.327+0000][131.553s][debug][safepoint     ] Safepoint synchronization initiated. (267 threads)
[2024-08-30T08:44:03.327+0000][131.553s][info ][safepoint     ] Application time: 1.0003482 seconds
[2024-08-30T08:44:03.327+0000][131.553s][info ][safepoint     ] Entering safepoint region: Cleanup
[2024-08-30T08:44:03.328+0000][131.554s][info ][safepoint     ] Leaving safepoint region
[2024-08-30T08:44:03.328+0000][131.554s][info ][safepoint     ] Total time for which application threads were stopped: 0.0007305 seconds, Stopping threads took: 0.0001575 seconds
[2024-08-30T08:44:04.328+0000][132.554s][debug][safepoint     ] Safepoint synchronization initiated. (267 threads)
[2024-08-30T08:44:04.328+0000][132.554s][info ][safepoint     ] Application time: 1.0001567 seconds
[2024-08-30T08:44:04.328+0000][132.554s][info ][safepoint     ] Entering safepoint region: Cleanup
[2024-08-30T08:44:04.328+0000][132.555s][info ][safepoint     ] Leaving safepoint region
[2024-08-30T08:44:04.328+0000][132.555s][info ][safepoint     ] Total time for which application threads were stopped: 0.0004964 seconds, Stopping threads took: 0.0001425 seconds
[2024-08-30T08:44:05.329+0000][133.555s][debug][safepoint     ] Safepoint synchronization initiated. (267 threads)
[2024-08-30T08:44:05.329+0000][133.555s][info ][safepoint     ] Application time: 1.0002341 seconds
[2024-08-30T08:44:05.329+0000][133.555s][info ][safepoint     ] Entering safepoint region: Cleanup
[2024-08-30T08:44:05.330+0000][133.556s][info ][safepoint     ] Leaving safepoint region
[2024-08-30T08:44:05.330+0000][133.556s][info ][safepoint     ] Total time for which application threads were stopped: 0.0008955 seconds, Stopping threads took: 0.0002764 seconds
[2024-08-30T08:44:06.330+0000][134.556s][debug][safepoint     ] Safepoint synchronization initiated. (267 threads)
[2024-08-30T08:44:06.330+0000][134.556s][info ][safepoint     ] Application time: 1.0001709 seconds
[2024-08-30T08:44:06.330+0000][134.556s][info ][safepoint     ] Entering safepoint region: Cleanup
[2024-08-30T08:44:06.330+0000][134.557s][info ][safepoint     ] Leaving safepoint region
[2024-08-30T08:44:06.330+0000][134.557s][info ][safepoint     ] Total time for which application threads were stopped: 0.0006894 seconds, Stopping threads took: 0.0001981 seconds
[2024-08-30T08:44:07.331+0000][135.557s][debug][safepoint     ] Safepoint synchronization initiated. (267 threads)
[2024-08-30T08:44:07.331+0000][135.557s][info ][safepoint     ] Application time: 1.0002823 seconds
[2024-08-30T08:44:07.331+0000][135.557s][info ][safepoint     ] Entering safepoint region: Cleanup
[2024-08-30T08:44:07.332+0000][135.558s][info ][safepoint     ] Leaving safepoint region
[2024-08-30T08:44:07.332+0000][135.558s][info ][safepoint     ] Total time for which application threads were stopped: 0.0008429 seconds, Stopping threads took: 0.0002024 seconds
[2024-08-30T08:44:08.332+0000][136.558s][debug][safepoint     ] Safepoint synchronization initiated. (267 threads)
[2024-08-30T08:44:08.332+0000][136.558s][info ][safepoint     ] Application time: 1.0003269 seconds
[2024-08-30T08:44:08.332+0000][136.558s][info ][safepoint     ] Entering safepoint region: Cleanup
[2024-08-30T08:44:08.333+0000][136.559s][info ][safepoint     ] Leaving safepoint region
[2024-08-30T08:44:08.333+0000][136.559s][info ][safepoint     ] Total time for which application threads were stopped: 0.0009941 seconds, Stopping threads took: 0.0002259 seconds
[2024-08-30T08:44:09.333+0000][137.559s][debug][safepoint     ] Safepoint synchronization initiated. (267 threads)
[2024-08-30T08:44:09.333+0000][137.559s][info ][safepoint     ] Application time: 1.0002485 seconds
[2024-08-30T08:44:09.334+0000][137.560s][info ][safepoint     ] Entering safepoint region: Cleanup
[2024-08-30T08:44:09.334+0000][137.560s][info ][safepoint     ] Leaving safepoint region
[2024-08-30T08:44:09.334+0000][137.560s][info ][safepoint     ] Total time for which application threads were stopped: 0.0007423 seconds, Stopping threads took: 0.0002079 seconds
[2024-08-30T08:44:10.334+0000][138.560s][debug][safepoint     ] Safepoint synchronization initiated. (267 threads)
[2024-08-30T08:44:10.334+0000][138.561s][info ][safepoint     ] Application time: 1.0002516 seconds
[2024-08-30T08:44:10.335+0000][138.561s][info ][safepoint     ] Entering safepoint region: Cleanup
[2024-08-30T08:44:10.335+0000][138.561s][info ][safepoint     ] Leaving safepoint region
[2024-08-30T08:44:10.335+0000][138.561s][info ][safepoint     ] Total time for which application threads were stopped: 0.0006596 seconds, Stopping threads took: 0.0002180 seconds
[2024-08-30T08:44:11.335+0000][139.561s][debug][safepoint     ] Safepoint synchronization initiated. (267 threads)
[2024-08-30T08:44:11.335+0000][139.561s][info ][safepoint     ] Application time: 1.0002508 seconds
[2024-08-30T08:44:11.335+0000][139.562s][info ][safepoint     ] Entering safepoint region: Cleanup
[2024-08-30T08:44:11.336+0000][139.562s][debug][safepoint     ] ... found polling page return exception at pc = 0x00007f917061bc90, stub =0x00007f9168824b00
[2024-08-30T08:44:11.336+0000][139.562s][debug][safepoint     ] ... found polling page return exception at pc = 0x00007f917061bc90, stub =0x00007f9168824b00
[2024-08-30T08:44:11.336+0000][139.562s][info ][safepoint     ] Leaving safepoint region
[2024-08-30T08:44:11.336+0000][139.562s][info ][safepoint     ] Total time for which application threads were stopped: 0.0009051 seconds, Stopping threads took: 0.0001605 seconds
[2024-08-30T08:44:12.336+0000][140.563s][debug][safepoint     ] Safepoint synchronization initiated. (267 threads)
[2024-08-30T08:44:12.336+0000][140.563s][info ][safepoint     ] Application time: 1.0001717 seconds
[2024-08-30T08:44:12.337+0000][140.563s][info ][safepoint     ] Entering safepoint region: Cleanup
[2024-08-30T08:44:12.337+0000][140.563s][info ][safepoint     ] Leaving safepoint region
[2024-08-30T08:44:12.337+0000][140.563s][info ][safepoint     ] Total time for which application threads were stopped: 0.0004780 seconds, Stopping threads took: 0.0001767 seconds
[2024-08-30T08:44:13.337+0000][141.563s][debug][safepoint     ] Safepoint synchronization initiated. (267 threads)
[2024-08-30T08:44:13.337+0000][141.563s][info ][safepoint     ] Application time: 1.0001520 seconds
[2024-08-30T08:44:13.338+0000][141.564s][info ][safepoint     ] Entering safepoint region: Cleanup
[2024-08-30T08:44:13.338+0000][141.564s][info ][safepoint     ] Leaving safepoint region
[2024-08-30T08:44:13.338+0000][141.564s][info ][safepoint     ] Total time for which application threads were stopped: 0.0008886 seconds, Stopping threads took: 0.0004832 seconds
[2024-08-30T08:44:14.338+0000][142.564s][debug][safepoint     ] Safepoint synchronization initiated. (267 threads)
[2024-08-30T08:44:14.338+0000][142.564s][info ][safepoint     ] Application time: 1.0001686 seconds
[2024-08-30T08:44:14.339+0000][142.565s][info ][safepoint     ] Entering safepoint region: Cleanup
[2024-08-30T08:44:14.339+0000][142.565s][info ][safepoint     ] Leaving safepoint region
[2024-08-30T08:44:14.339+0000][142.565s][info ][safepoint     ] Total time for which application threads were stopped: 0.0007282 seconds, Stopping threads took: 0.0003561 seconds
[2024-08-30T08:44:15.339+0000][143.565s][debug][safepoint     ] Safepoint synchronization initiated. (267 threads)
[2024-08-30T08:44:15.339+0000][143.565s][info ][safepoint     ] Application time: 1.0002020 seconds
[2024-08-30T08:44:15.339+0000][143.565s][info ][safepoint     ] Entering safepoint region: Cleanup
[2024-08-30T08:44:15.340+0000][143.566s][info ][safepoint     ] Leaving safepoint region
[2024-08-30T08:44:15.340+0000][143.566s][info ][safepoint     ] Total time for which application threads were stopped: 0.0005883 seconds, Stopping threads took: 0.0001708 seconds
[2024-08-30T08:44:16.340+0000][144.566s][debug][safepoint     ] Safepoint synchronization initiated. (267 threads)
[2024-08-30T08:44:16.340+0000][144.566s][info ][safepoint     ] Application time: 1.0002581 seconds
[2024-08-30T08:44:16.340+0000][144.566s][info ][safepoint     ] Entering safepoint region: Cleanup
[2024-08-30T08:44:16.341+0000][144.567s][info ][safepoint     ] Leaving safepoint region
[2024-08-30T08:44:16.341+0000][144.567s][info ][safepoint     ] Total time for which application threads were stopped: 0.0010455 seconds, Stopping threads took: 0.0002905 seconds
[2024-08-30T08:44:17.341+0000][145.567s][debug][safepoint     ] Safepoint synchronization initiated. (267 threads)
[2024-08-30T08:44:17.341+0000][145.567s][info ][safepoint     ] Application time: 1.0001714 seconds
[2024-08-30T08:44:17.341+0000][145.568s][debug][safepoint     ] ... found polling page return exception at pc = 0x00007f9171200fc5, stub =0x00007f9168824b00
[2024-08-30T08:44:17.342+0000][145.568s][debug][safepoint     ] Waiting for 1 thread(s) to block
[2024-08-30T08:44:17.342+0000][145.568s][info ][safepoint     ] Entering safepoint region: Cleanup
[2024-08-30T08:44:17.342+0000][145.568s][info ][safepoint     ] Leaving safepoint region
[2024-08-30T08:44:17.342+0000][145.568s][info ][safepoint     ] Total time for which application threads were stopped: 0.0010177 seconds, Stopping threads took: 0.0004159 seconds
[2024-08-30T08:44:17.848+0000][146.074s][debug][safepoint     ] Safepoint synchronization initiated. (267 threads)
[2024-08-30T08:44:17.848+0000][146.074s][info ][safepoint     ] Application time: 0.5057797 seconds
[2024-08-30T08:44:17.848+0000][146.074s][info ][safepoint     ] Entering safepoint region: G1CollectForAllocation
[2024-08-30T08:44:17.849+0000][146.075s][info ][gc,start      ] GC(70) Pause Young (Normal) (G1 Evacuation Pause)
[2024-08-30T08:44:17.849+0000][146.075s][info ][gc,task       ] GC(70) Using 4 workers of 4 for evacuation
[2024-08-30T08:44:17.884+0000][146.110s][info ][gc,phases     ] GC(70)   Pre Evacuate Collection Set: 0.0ms
[2024-08-30T08:44:17.884+0000][146.110s][info ][gc,phases     ] GC(70)   Evacuate Collection Set: 17.5ms
[2024-08-30T08:44:17.884+0000][146.110s][info ][gc,phases     ] GC(70)   Post Evacuate Collection Set: 11.0ms
[2024-08-30T08:44:17.884+0000][146.110s][info ][gc,phases     ] GC(70)   Other: 6.3ms
[2024-08-30T08:44:17.884+0000][146.110s][info ][gc,heap       ] GC(70) Eden regions: 155->0(155)
[2024-08-30T08:44:17.884+0000][146.110s][info ][gc,heap       ] GC(70) Survivor regions: 11->11(21)
[2024-08-30T08:44:17.884+0000][146.110s][info ][gc,heap       ] GC(70) Old regions: 160->160
[2024-08-30T08:44:17.884+0000][146.110s][info ][gc,heap       ] GC(70) Humongous regions: 0->0
[2024-08-30T08:44:17.884+0000][146.110s][info ][gc,metaspace  ] GC(70) Metaspace: 171420K(177124K)->171420K(177124K) NonClass: 151497K(155024K)->151497K(155024K) Class: 19922K(22100K)->19922K(22100K)
[2024-08-30T08:44:17.884+0000][146.110s][info ][gc            ] GC(70) Pause Young (Normal) (G1 Evacuation Pause) 324M->169M(375M) 35.029ms
[2024-08-30T08:44:17.884+0000][146.110s][info ][gc,cpu        ] GC(70) User=0.09s Sys=0.00s Real=0.04s
[2024-08-30T08:44:17.884+0000][146.110s][info ][safepoint     ] Leaving safepoint region
[2024-08-30T08:44:17.884+0000][146.110s][info ][safepoint     ] Total time for which application threads were stopped: 0.0358897 seconds, Stopping threads took: 0.0001779 seconds
[2024-08-30T08:44:17.884+0000][146.110s][info ][gc,stringdedup] Concurrent String Deduplication (146.110s)
[2024-08-30T08:44:17.884+0000][146.110s][info ][gc,stringdedup] Concurrent String Deduplication 15752.0B->8520.0B(7232.0B) avg 54.0% (146.110s, 146.110s) 0.247ms
[2024-08-30T08:44:18.884+0000][147.110s][debug][safepoint     ] Safepoint synchronization initiated. (267 threads)
[2024-08-30T08:44:18.884+0000][147.110s][info ][safepoint     ] Application time: 1.0002034 seconds
[2024-08-30T08:44:18.884+0000][147.110s][info ][safepoint     ] Entering safepoint region: Cleanup
[2024-08-30T08:44:18.885+0000][147.111s][info ][safepoint     ] Leaving safepoint region
[2024-08-30T08:44:18.885+0000][147.111s][info ][safepoint     ] Total time for which application threads were stopped: 0.0008298 seconds, Stopping threads took: 0.0001540 seconds
[2024-08-30T08:44:19.885+0000][148.111s][debug][safepoint     ] Safepoint synchronization initiated. (267 threads)
[2024-08-30T08:44:19.886+0000][148.112s][info ][safepoint     ] Application time: 1.0004375 seconds
[2024-08-30T08:44:19.886+0000][148.112s][info ][safepoint     ] Entering safepoint region: Cleanup
[2024-08-30T08:44:19.886+0000][148.113s][info ][safepoint     ] Leaving safepoint region
[2024-08-30T08:44:19.886+0000][148.113s][info ][safepoint     ] Total time for which application threads were stopped: 0.0009002 seconds, Stopping threads took: 0.0002549 seconds
[2024-08-30T08:44:20.887+0000][149.113s][debug][safepoint     ] Safepoint synchronization initiated. (267 threads)
[2024-08-30T08:44:20.887+0000][149.113s][info ][safepoint     ] Application time: 1.0002033 seconds
[2024-08-30T08:44:20.887+0000][149.113s][debug][safepoint     ] Waiting for 1 thread(s) to block
[2024-08-30T08:44:20.887+0000][149.113s][info ][safepoint     ] Entering safepoint region: Cleanup
[2024-08-30T08:44:20.888+0000][149.114s][info ][safepoint     ] Leaving safepoint region
[2024-08-30T08:44:20.888+0000][149.114s][info ][safepoint     ] Total time for which application threads were stopped: 0.0009744 seconds, Stopping threads took: 0.0003236 seconds
[2024-08-30T08:44:21.888+0000][150.114s][debug][safepoint     ] Safepoint synchronization initiated. (267 threads)
[2024-08-30T08:44:21.888+0000][150.114s][info ][safepoint     ] Application time: 1.0002720 seconds
[2024-08-30T08:44:21.888+0000][150.114s][info ][safepoint     ] Entering safepoint region: Cleanup
[2024-08-30T08:44:21.889+0000][150.115s][info ][safepoint     ] Leaving safepoint region
[2024-08-30T08:44:21.889+0000][150.115s][info ][safepoint     ] Total time for which application threads were stopped: 0.0006614 seconds, Stopping threads took: 0.0001771 seconds
