[2024-05-17T08:56:34.469+0000][0.023s][info][gc,heap] Heap region size: 1M
[2024-05-17T08:56:34.488+0000][0.043s][info][gc     ] Using G1
[2024-05-17T08:56:34.488+0000][0.043s][info][gc,heap,coops] Heap address: 0x0000000084800000, size: 1976 MB, Compressed Oops mode: 32-bit
[2024-05-17T08:56:34.491+0000][0.046s][info][gc,cds       ] Mark closed archive regions in map: [0x00000000ffc00000, 0x00000000ffc6bff8]
[2024-05-17T08:56:34.491+0000][0.046s][info][gc,cds       ] Mark open archive regions in map: [0x00000000ff800000, 0x00000000ff847ff8]
[2024-05-17T08:56:34.678+0000][0.232s][debug][safepoint    ] Safepoint synchronization initiated. (9 threads)
[2024-05-17T08:56:34.678+0000][0.232s][info ][safepoint    ] Application time: 0.0844315 seconds
[2024-05-17T08:56:34.678+0000][0.232s][info ][safepoint    ] Entering safepoint region: Deoptimize
[2024-05-17T08:56:34.678+0000][0.233s][info ][safepoint    ] Leaving safepoint region
[2024-05-17T08:56:34.678+0000][0.233s][info ][safepoint    ] Total time for which application threads were stopped: 0.0002682 seconds, Stopping threads took: 0.0000170 seconds
[2024-05-17T08:56:35.678+0000][1.233s][debug][safepoint    ] Safepoint synchronization initiated. (9 threads)
[2024-05-17T08:56:35.678+0000][1.233s][info ][safepoint    ] Application time: 1.0003334 seconds
[2024-05-17T08:56:35.678+0000][1.233s][info ][safepoint    ] Entering safepoint region: Cleanup
[2024-05-17T08:56:35.679+0000][1.233s][info ][safepoint    ] Leaving safepoint region
[2024-05-17T08:56:35.679+0000][1.233s][info ][safepoint    ] Total time for which application threads were stopped: 0.0003512 seconds, Stopping threads took: 0.0000377 seconds
[2024-05-17T08:56:36.398+0000][1.953s][debug][safepoint    ] Safepoint synchronization initiated. (9 threads)
[2024-05-17T08:56:36.398+0000][1.953s][info ][safepoint    ] Application time: 0.7193871 seconds
[2024-05-17T08:56:36.398+0000][1.953s][debug][safepoint    ] Waiting for 1 thread(s) to block
[2024-05-17T08:56:36.398+0000][1.953s][info ][safepoint    ] Entering safepoint region: G1CollectForAllocation
[2024-05-17T08:56:36.399+0000][1.953s][info ][gc,start     ] GC(0) Pause Young (Normal) (G1 Evacuation Pause)
[2024-05-17T08:56:36.400+0000][1.954s][info ][gc,task      ] GC(0) Using 3 workers of 4 for evacuation
[2024-05-17T08:56:36.440+0000][1.994s][info ][gc,phases    ] GC(0)   Pre Evacuate Collection Set: 0.0ms
[2024-05-17T08:56:36.440+0000][1.994s][info ][gc,phases    ] GC(0)   Evacuate Collection Set: 37.7ms
[2024-05-17T08:56:36.440+0000][1.994s][info ][gc,phases    ] GC(0)   Post Evacuate Collection Set: 1.9ms
[2024-05-17T08:56:36.440+0000][1.994s][info ][gc,phases    ] GC(0)   Other: 1.4ms
[2024-05-17T08:56:36.440+0000][1.994s][info ][gc,heap      ] GC(0) Eden regions: 38->0(69)
[2024-05-17T08:56:36.440+0000][1.994s][info ][gc,heap      ] GC(0) Survivor regions: 0->5(5)
[2024-05-17T08:56:36.440+0000][1.994s][info ][gc,heap      ] GC(0) Old regions: 2->5
[2024-05-17T08:56:36.440+0000][1.994s][info ][gc,heap      ] GC(0) Humongous regions: 2->0
[2024-05-17T08:56:36.440+0000][1.994s][info ][gc,metaspace ] GC(0) Metaspace: 1902K(5376K)->1902K(5376K) NonClass: 1747K(4864K)->1747K(4864K) Class: 155K(512K)->155K(512K)
[2024-05-17T08:56:36.440+0000][1.994s][info ][gc           ] GC(0) Pause Young (Normal) (G1 Evacuation Pause) 40M->7M(126M) 41.071ms
[2024-05-17T08:56:36.440+0000][1.994s][info ][gc,cpu       ] GC(0) User=0.06s Sys=0.06s Real=0.04s
[2024-05-17T08:56:36.440+0000][1.994s][info ][safepoint    ] Leaving safepoint region
[2024-05-17T08:56:36.440+0000][1.994s][info ][safepoint    ] Total time for which application threads were stopped: 0.0414974 seconds, Stopping threads took: 0.0000833 seconds
[2024-05-17T08:56:36.440+0000][1.995s][info ][gc,stringdedup] Concurrent String Deduplication (1.995s)
[2024-05-17T08:56:36.451+0000][2.006s][info ][gc,stringdedup] Concurrent String Deduplication 474.2K->448.4K(26472.0B) avg 3.5% (1.995s, 2.006s) 10.675ms
[2024-05-17T08:56:36.662+0000][2.217s][debug][safepoint     ] Safepoint synchronization initiated. (9 threads)
[2024-05-17T08:56:36.662+0000][2.217s][info ][safepoint     ] Application time: 0.2223778 seconds
[2024-05-17T08:56:36.662+0000][2.217s][info ][safepoint     ] Entering safepoint region: G1CollectForAllocation
[2024-05-17T08:56:36.662+0000][2.217s][info ][gc,start      ] GC(1) Pause Young (Normal) (G1 Evacuation Pause)
[2024-05-17T08:56:36.662+0000][2.217s][info ][gc,task       ] GC(1) Using 3 workers of 4 for evacuation
[2024-05-17T08:56:36.682+0000][2.236s][info ][gc,phases     ] GC(1)   Pre Evacuate Collection Set: 0.0ms
[2024-05-17T08:56:36.682+0000][2.236s][info ][gc,phases     ] GC(1)   Evacuate Collection Set: 17.5ms
[2024-05-17T08:56:36.682+0000][2.236s][info ][gc,phases     ] GC(1)   Post Evacuate Collection Set: 1.5ms
[2024-05-17T08:56:36.682+0000][2.236s][info ][gc,phases     ] GC(1)   Other: 0.2ms
[2024-05-17T08:56:36.682+0000][2.236s][info ][gc,heap       ] GC(1) Eden regions: 21->0(48)
[2024-05-17T08:56:36.682+0000][2.236s][info ][gc,heap       ] GC(1) Survivor regions: 5->2(4)
[2024-05-17T08:56:36.682+0000][2.236s][info ][gc,heap       ] GC(1) Old regions: 5->10
[2024-05-17T08:56:36.682+0000][2.236s][info ][gc,heap       ] GC(1) Humongous regions: 0->0
[2024-05-17T08:56:36.682+0000][2.236s][info ][gc,metaspace  ] GC(1) Metaspace: 2419K(5760K)->2419K(5760K) NonClass: 2215K(5120K)->2215K(5120K) Class: 203K(640K)->203K(640K)
[2024-05-17T08:56:36.682+0000][2.236s][info ][gc            ] GC(1) Pause Young (Normal) (G1 Evacuation Pause) 28M->9M(126M) 19.356ms
[2024-05-17T08:56:36.682+0000][2.236s][info ][gc,cpu        ] GC(1) User=0.03s Sys=0.02s Real=0.02s
[2024-05-17T08:56:36.682+0000][2.236s][info ][safepoint     ] Leaving safepoint region
[2024-05-17T08:56:36.682+0000][2.236s][info ][safepoint     ] Total time for which application threads were stopped: 0.0196399 seconds, Stopping threads took: 0.0000230 seconds
[2024-05-17T08:56:36.682+0000][2.237s][info ][gc,stringdedup] Concurrent String Deduplication (2.237s)
[2024-05-17T08:56:36.698+0000][2.253s][info ][gc,stringdedup] Concurrent String Deduplication 1426.3K->1344.3K(83944.0B) avg 5.0% (2.237s, 2.253s) 15.934ms
[2024-05-17T08:56:36.964+0000][2.519s][debug][safepoint     ] Safepoint synchronization initiated. (9 threads)
[2024-05-17T08:56:36.964+0000][2.519s][info ][safepoint     ] Application time: 0.2825206 seconds
[2024-05-17T08:56:36.964+0000][2.519s][info ][safepoint     ] Entering safepoint region: Deoptimize
[2024-05-17T08:56:36.965+0000][2.519s][info ][safepoint     ] Leaving safepoint region
[2024-05-17T08:56:36.965+0000][2.520s][info ][safepoint     ] Total time for which application threads were stopped: 0.0004765 seconds, Stopping threads took: 0.0000339 seconds
[2024-05-17T08:56:36.977+0000][2.531s][debug][safepoint     ] Safepoint synchronization initiated. (9 threads)
[2024-05-17T08:56:36.977+0000][2.531s][info ][safepoint     ] Application time: 0.0119163 seconds
[2024-05-17T08:56:36.977+0000][2.531s][info ][safepoint     ] Entering safepoint region: Deoptimize
[2024-05-17T08:56:36.977+0000][2.532s][info ][safepoint     ] Leaving safepoint region
[2024-05-17T08:56:36.977+0000][2.532s][info ][safepoint     ] Total time for which application threads were stopped: 0.0001526 seconds, Stopping threads took: 0.0000144 seconds
[2024-05-17T08:56:37.105+0000][2.660s][debug][safepoint     ] Safepoint synchronization initiated. (9 threads)
[2024-05-17T08:56:37.105+0000][2.660s][info ][safepoint     ] Application time: 0.1283727 seconds
[2024-05-17T08:56:37.105+0000][2.660s][info ][safepoint     ] Entering safepoint region: Deoptimize
[2024-05-17T08:56:37.106+0000][2.661s][info ][safepoint     ] Leaving safepoint region
[2024-05-17T08:56:37.106+0000][2.661s][info ][safepoint     ] Total time for which application threads were stopped: 0.0004897 seconds, Stopping threads took: 0.0000322 seconds
[2024-05-17T08:56:37.124+0000][2.678s][debug][safepoint     ] Safepoint synchronization initiated. (9 threads)
[2024-05-17T08:56:37.124+0000][2.678s][info ][safepoint     ] Application time: 0.0179174 seconds
[2024-05-17T08:56:37.124+0000][2.679s][info ][safepoint     ] Entering safepoint region: Deoptimize
[2024-05-17T08:56:37.124+0000][2.679s][info ][safepoint     ] Leaving safepoint region
[2024-05-17T08:56:37.124+0000][2.679s][info ][safepoint     ] Total time for which application threads were stopped: 0.0004508 seconds, Stopping threads took: 0.0001727 seconds
[2024-05-17T08:56:37.317+0000][2.872s][debug][safepoint     ] Safepoint synchronization initiated. (9 threads)
[2024-05-17T08:56:37.318+0000][2.872s][info ][safepoint     ] Application time: 0.1931892 seconds
[2024-05-17T08:56:37.318+0000][2.872s][info ][safepoint     ] Entering safepoint region: G1CollectForAllocation
[2024-05-17T08:56:37.318+0000][2.873s][info ][gc,start      ] GC(2) Pause Young (Normal) (G1 Evacuation Pause)
[2024-05-17T08:56:37.318+0000][2.873s][info ][gc,task       ] GC(2) Using 3 workers of 4 for evacuation
[2024-05-17T08:56:37.325+0000][2.880s][info ][gc,phases     ] GC(2)   Pre Evacuate Collection Set: 0.0ms
[2024-05-17T08:56:37.325+0000][2.880s][info ][gc,phases     ] GC(2)   Evacuate Collection Set: 4.9ms
[2024-05-17T08:56:37.325+0000][2.880s][info ][gc,phases     ] GC(2)   Post Evacuate Collection Set: 2.0ms
[2024-05-17T08:56:37.325+0000][2.880s][info ][gc,phases     ] GC(2)   Other: 0.3ms
[2024-05-17T08:56:37.325+0000][2.880s][info ][gc,heap       ] GC(2) Eden regions: 48->0(70)
[2024-05-17T08:56:37.325+0000][2.880s][info ][gc,heap       ] GC(2) Survivor regions: 2->2(7)
[2024-05-17T08:56:37.325+0000][2.880s][info ][gc,heap       ] GC(2) Old regions: 10->10
[2024-05-17T08:56:37.325+0000][2.880s][info ][gc,heap       ] GC(2) Humongous regions: 0->0
[2024-05-17T08:56:37.325+0000][2.880s][info ][gc,metaspace  ] GC(2) Metaspace: 4722K(7168K)->4722K(7168K) NonClass: 4234K(6400K)->4234K(6400K) Class: 488K(768K)->488K(768K)
[2024-05-17T08:56:37.325+0000][2.880s][info ][gc            ] GC(2) Pause Young (Normal) (G1 Evacuation Pause) 57M->9M(126M) 7.353ms
[2024-05-17T08:56:37.325+0000][2.880s][info ][gc,cpu        ] GC(2) User=0.02s Sys=0.00s Real=0.00s
[2024-05-17T08:56:37.325+0000][2.880s][info ][safepoint     ] Leaving safepoint region
[2024-05-17T08:56:37.325+0000][2.880s][info ][safepoint     ] Total time for which application threads were stopped: 0.0077336 seconds, Stopping threads took: 0.0000323 seconds
[2024-05-17T08:56:37.834+0000][3.389s][debug][safepoint     ] Safepoint synchronization initiated. (10 threads)
[2024-05-17T08:56:37.834+0000][3.389s][info ][safepoint     ] Application time: 0.5086003 seconds
[2024-05-17T08:56:37.834+0000][3.389s][info ][safepoint     ] Entering safepoint region: G1CollectForAllocation
[2024-05-17T08:56:37.834+0000][3.389s][info ][gc,start      ] GC(3) Pause Young (Normal) (G1 Evacuation Pause)
[2024-05-17T08:56:37.834+0000][3.389s][info ][gc,task       ] GC(3) Using 3 workers of 4 for evacuation
[2024-05-17T08:56:37.847+0000][3.401s][info ][gc,phases     ] GC(3)   Pre Evacuate Collection Set: 0.0ms
[2024-05-17T08:56:37.847+0000][3.401s][info ][gc,phases     ] GC(3)   Evacuate Collection Set: 10.2ms
[2024-05-17T08:56:37.847+0000][3.401s][info ][gc,phases     ] GC(3)   Post Evacuate Collection Set: 2.2ms
[2024-05-17T08:56:37.847+0000][3.401s][info ][gc,phases     ] GC(3)   Other: 0.2ms
[2024-05-17T08:56:37.847+0000][3.401s][info ][gc,heap       ] GC(3) Eden regions: 70->0(71)
[2024-05-17T08:56:37.847+0000][3.401s][info ][gc,heap       ] GC(3) Survivor regions: 2->3(9)
[2024-05-17T08:56:37.847+0000][3.401s][info ][gc,heap       ] GC(3) Old regions: 10->10
[2024-05-17T08:56:37.847+0000][3.401s][info ][gc,heap       ] GC(3) Humongous regions: 0->0
[2024-05-17T08:56:37.847+0000][3.401s][info ][gc,metaspace  ] GC(3) Metaspace: 6423K(8448K)->6423K(8448K) NonClass: 5694K(7424K)->5694K(7424K) Class: 729K(1024K)->729K(1024K)
[2024-05-17T08:56:37.847+0000][3.402s][info ][gc            ] GC(3) Pause Young (Normal) (G1 Evacuation Pause) 79M->10M(126M) 12.690ms
[2024-05-17T08:56:37.847+0000][3.402s][info ][gc,cpu        ] GC(3) User=0.02s Sys=0.02s Real=0.01s
[2024-05-17T08:56:37.847+0000][3.402s][info ][safepoint     ] Leaving safepoint region
[2024-05-17T08:56:37.847+0000][3.402s][info ][safepoint     ] Total time for which application threads were stopped: 0.0129838 seconds, Stopping threads took: 0.0000200 seconds
[2024-05-17T08:56:37.847+0000][3.402s][info ][gc,stringdedup] Concurrent String Deduplication (3.402s)
[2024-05-17T08:56:37.850+0000][3.404s][info ][gc,stringdedup] Concurrent String Deduplication 311.8K->237.3K(76248.0B) avg 7.3% (3.402s, 3.404s) 2.464ms
[2024-05-17T08:56:38.532+0000][4.087s][debug][safepoint     ] Safepoint synchronization initiated. (10 threads)
[2024-05-17T08:56:38.532+0000][4.087s][info ][safepoint     ] Application time: 0.6850205 seconds
[2024-05-17T08:56:38.532+0000][4.087s][info ][safepoint     ] Entering safepoint region: G1CollectForAllocation
[2024-05-17T08:56:38.533+0000][4.087s][info ][gc,start      ] GC(4) Pause Young (Normal) (G1 Evacuation Pause)
[2024-05-17T08:56:38.533+0000][4.087s][info ][gc,task       ] GC(4) Using 3 workers of 4 for evacuation
[2024-05-17T08:56:38.546+0000][4.101s][info ][gc,phases     ] GC(4)   Pre Evacuate Collection Set: 0.0ms
[2024-05-17T08:56:38.546+0000][4.101s][info ][gc,phases     ] GC(4)   Evacuate Collection Set: 10.1ms
[2024-05-17T08:56:38.546+0000][4.101s][info ][gc,phases     ] GC(4)   Post Evacuate Collection Set: 3.1ms
[2024-05-17T08:56:38.546+0000][4.101s][info ][gc,phases     ] GC(4)   Other: 0.3ms
[2024-05-17T08:56:38.546+0000][4.101s][info ][gc,heap       ] GC(4) Eden regions: 71->0(70)
[2024-05-17T08:56:38.546+0000][4.101s][info ][gc,heap       ] GC(4) Survivor regions: 3->4(10)
[2024-05-17T08:56:38.546+0000][4.101s][info ][gc,heap       ] GC(4) Old regions: 10->10
[2024-05-17T08:56:38.546+0000][4.101s][info ][gc,heap       ] GC(4) Humongous regions: 0->0
[2024-05-17T08:56:38.546+0000][4.101s][info ][gc,metaspace  ] GC(4) Metaspace: 9984K(11392K)->9984K(11392K) NonClass: 8766K(9984K)->8766K(9984K) Class: 1217K(1408K)->1217K(1408K)
[2024-05-17T08:56:38.546+0000][4.101s][info ][gc            ] GC(4) Pause Young (Normal) (G1 Evacuation Pause) 81M->11M(126M) 13.756ms
[2024-05-17T08:56:38.546+0000][4.101s][info ][gc,cpu        ] GC(4) User=0.03s Sys=0.01s Real=0.01s
[2024-05-17T08:56:38.546+0000][4.101s][info ][safepoint     ] Leaving safepoint region
[2024-05-17T08:56:38.546+0000][4.101s][info ][safepoint     ] Total time for which application threads were stopped: 0.0143018 seconds, Stopping threads took: 0.0000344 seconds
[2024-05-17T08:56:38.547+0000][4.101s][info ][gc,stringdedup] Concurrent String Deduplication (4.101s)
[2024-05-17T08:56:38.547+0000][4.102s][info ][gc,stringdedup] Concurrent String Deduplication 46048.0B->18496.0B(27552.0B) avg 8.3% (4.101s, 4.102s) 0.501ms
[2024-05-17T08:56:38.921+0000][4.475s][debug][safepoint     ] Safepoint synchronization initiated. (10 threads)
[2024-05-17T08:56:38.921+0000][4.475s][info ][safepoint     ] Application time: 0.3743276 seconds
[2024-05-17T08:56:38.921+0000][4.475s][debug][safepoint     ] Waiting for 1 thread(s) to block
[2024-05-17T08:56:38.921+0000][4.475s][info ][safepoint     ] Entering safepoint region: Deoptimize
[2024-05-17T08:56:38.921+0000][4.476s][info ][safepoint     ] Leaving safepoint region
[2024-05-17T08:56:38.921+0000][4.476s][info ][safepoint     ] Total time for which application threads were stopped: 0.0005304 seconds, Stopping threads took: 0.0000665 seconds
[2024-05-17T08:56:38.971+0000][4.526s][debug][safepoint     ] Safepoint synchronization initiated. (10 threads)
[2024-05-17T08:56:38.971+0000][4.526s][info ][safepoint     ] Application time: 0.0499344 seconds
[2024-05-17T08:56:38.971+0000][4.526s][debug][safepoint     ] Waiting for 1 thread(s) to block
[2024-05-17T08:56:38.971+0000][4.526s][info ][safepoint     ] Entering safepoint region: G1CollectForAllocation
[2024-05-17T08:56:38.972+0000][4.526s][info ][gc,start      ] GC(5) Pause Young (Normal) (G1 Evacuation Pause)
[2024-05-17T08:56:38.972+0000][4.526s][info ][gc,task       ] GC(5) Using 3 workers of 4 for evacuation
[2024-05-17T08:56:38.984+0000][4.538s][info ][gc,phases     ] GC(5)   Pre Evacuate Collection Set: 0.0ms
[2024-05-17T08:56:38.984+0000][4.538s][info ][gc,phases     ] GC(5)   Evacuate Collection Set: 9.1ms
[2024-05-17T08:56:38.984+0000][4.539s][info ][gc,phases     ] GC(5)   Post Evacuate Collection Set: 3.0ms
[2024-05-17T08:56:38.984+0000][4.539s][info ][gc,phases     ] GC(5)   Other: 0.2ms
[2024-05-17T08:56:38.984+0000][4.539s][info ][gc,heap       ] GC(5) Eden regions: 70->0(86)
[2024-05-17T08:56:38.984+0000][4.539s][info ][gc,heap       ] GC(5) Survivor regions: 4->5(10)
[2024-05-17T08:56:38.984+0000][4.539s][info ][gc,heap       ] GC(5) Old regions: 10->10
[2024-05-17T08:56:38.984+0000][4.539s][info ][gc,heap       ] GC(5) Humongous regions: 0->0
[2024-05-17T08:56:38.984+0000][4.539s][info ][gc,metaspace  ] GC(5) Metaspace: 11387K(12672K)->11387K(12672K) NonClass: 9991K(11008K)->9991K(11008K) Class: 1395K(1664K)->1395K(1664K)
[2024-05-17T08:56:38.984+0000][4.539s][info ][gc            ] GC(5) Pause Young (Normal) (G1 Evacuation Pause) 81M->12M(153M) 12.512ms
[2024-05-17T08:56:38.984+0000][4.539s][info ][gc,cpu        ] GC(5) User=0.03s Sys=0.01s Real=0.01s
[2024-05-17T08:56:38.984+0000][4.539s][info ][safepoint     ] Leaving safepoint region
[2024-05-17T08:56:38.984+0000][4.539s][info ][safepoint     ] Total time for which application threads were stopped: 0.0128067 seconds, Stopping threads took: 0.0000439 seconds
[2024-05-17T08:56:38.984+0000][4.539s][info ][gc,stringdedup] Concurrent String Deduplication (4.539s)
[2024-05-17T08:56:38.985+0000][4.540s][info ][gc,stringdedup] Concurrent String Deduplication 103.2K->33224.0B(72408.0B) avg 10.6% (4.539s, 4.540s) 0.924ms
[2024-05-17T08:56:39.292+0000][4.847s][debug][safepoint     ] Safepoint synchronization initiated. (11 threads)
[2024-05-17T08:56:39.292+0000][4.847s][info ][safepoint     ] Application time: 0.3082526 seconds
[2024-05-17T08:56:39.292+0000][4.847s][debug][safepoint     ] Waiting for 1 thread(s) to block
[2024-05-17T08:56:39.292+0000][4.847s][info ][safepoint     ] Entering safepoint region: ICBufferFull
[2024-05-17T08:56:39.293+0000][4.847s][info ][safepoint     ] Leaving safepoint region
[2024-05-17T08:56:39.293+0000][4.847s][info ][safepoint     ] Total time for which application threads were stopped: 0.0003134 seconds, Stopping threads took: 0.0000678 seconds
[2024-05-17T08:56:39.542+0000][5.097s][debug][safepoint     ] Safepoint synchronization initiated. (11 threads)
[2024-05-17T08:56:39.542+0000][5.097s][info ][safepoint     ] Application time: 0.2493511 seconds
[2024-05-17T08:56:39.542+0000][5.097s][debug][safepoint     ] Waiting for 2 thread(s) to block
[2024-05-17T08:56:39.542+0000][5.097s][info ][safepoint     ] Entering safepoint region: G1CollectForAllocation
[2024-05-17T08:56:39.542+0000][5.097s][info ][gc,start      ] GC(6) Pause Young (Normal) (G1 Evacuation Pause)
[2024-05-17T08:56:39.543+0000][5.097s][info ][gc,task       ] GC(6) Using 4 workers of 4 for evacuation
[2024-05-17T08:56:39.551+0000][5.106s][info ][gc,phases     ] GC(6)   Pre Evacuate Collection Set: 0.0ms
[2024-05-17T08:56:39.551+0000][5.106s][info ][gc,phases     ] GC(6)   Evacuate Collection Set: 6.8ms
[2024-05-17T08:56:39.551+0000][5.106s][info ][gc,phases     ] GC(6)   Post Evacuate Collection Set: 1.4ms
[2024-05-17T08:56:39.551+0000][5.106s][info ][gc,phases     ] GC(6)   Other: 0.5ms
[2024-05-17T08:56:39.551+0000][5.106s][info ][gc,heap       ] GC(6) Eden regions: 86->0(85)
[2024-05-17T08:56:39.551+0000][5.106s][info ][gc,heap       ] GC(6) Survivor regions: 5->6(12)
[2024-05-17T08:56:39.551+0000][5.106s][info ][gc,heap       ] GC(6) Old regions: 10->10
[2024-05-17T08:56:39.551+0000][5.106s][info ][gc,heap       ] GC(6) Humongous regions: 0->0
[2024-05-17T08:56:39.551+0000][5.106s][info ][gc,metaspace  ] GC(6) Metaspace: 14602K(15360K)->14602K(15360K) NonClass: 12789K(13312K)->12789K(13312K) Class: 1813K(2048K)->1813K(2048K)
[2024-05-17T08:56:39.551+0000][5.106s][info ][gc            ] GC(6) Pause Young (Normal) (G1 Evacuation Pause) 98M->13M(153M) 8.964ms
[2024-05-17T08:56:39.551+0000][5.106s][info ][gc,cpu        ] GC(6) User=0.02s Sys=0.01s Real=0.01s
[2024-05-17T08:56:39.551+0000][5.106s][info ][safepoint     ] Leaving safepoint region
[2024-05-17T08:56:39.551+0000][5.106s][info ][safepoint     ] Total time for which application threads were stopped: 0.0093120 seconds, Stopping threads took: 0.0000664 seconds
[2024-05-17T08:56:39.551+0000][5.106s][info ][gc,stringdedup] Concurrent String Deduplication (5.106s)
[2024-05-17T08:56:39.552+0000][5.107s][info ][gc,stringdedup] Concurrent String Deduplication 100.9K->30752.0B(72616.0B) avg 12.8% (5.106s, 5.107s) 0.768ms
[2024-05-17T08:56:39.849+0000][5.404s][debug][safepoint     ] Safepoint synchronization initiated. (11 threads)
[2024-05-17T08:56:39.850+0000][5.404s][info ][safepoint     ] Application time: 0.2981626 seconds
[2024-05-17T08:56:39.850+0000][5.404s][debug][safepoint     ] ... found polling page loop exception at pc = 0x00007faa8c2f484e, stub =0x00007faa84826680
[2024-05-17T08:56:39.850+0000][5.404s][debug][safepoint     ] Waiting for 1 thread(s) to block
[2024-05-17T08:56:39.850+0000][5.404s][info ][safepoint     ] Entering safepoint region: G1CollectForAllocation
[2024-05-17T08:56:39.850+0000][5.405s][info ][gc,start      ] GC(7) Pause Young (Normal) (G1 Evacuation Pause)
[2024-05-17T08:56:39.850+0000][5.405s][info ][gc,task       ] GC(7) Using 4 workers of 4 for evacuation
[2024-05-17T08:56:39.859+0000][5.413s][info ][gc,phases     ] GC(7)   Pre Evacuate Collection Set: 0.0ms
[2024-05-17T08:56:39.859+0000][5.413s][info ][gc,phases     ] GC(7)   Evacuate Collection Set: 6.8ms
[2024-05-17T08:56:39.859+0000][5.413s][info ][gc,phases     ] GC(7)   Post Evacuate Collection Set: 1.6ms
[2024-05-17T08:56:39.859+0000][5.413s][info ][gc,phases     ] GC(7)   Other: 0.2ms
[2024-05-17T08:56:39.859+0000][5.413s][info ][gc,heap       ] GC(7) Eden regions: 85->0(84)
[2024-05-17T08:56:39.859+0000][5.413s][info ][gc,heap       ] GC(7) Survivor regions: 6->7(12)
[2024-05-17T08:56:39.859+0000][5.413s][info ][gc,heap       ] GC(7) Old regions: 10->10
[2024-05-17T08:56:39.859+0000][5.413s][info ][gc,heap       ] GC(7) Humongous regions: 0->0
[2024-05-17T08:56:39.859+0000][5.413s][info ][gc,metaspace  ] GC(7) Metaspace: 16824K(17664K)->16824K(17664K) NonClass: 14629K(15104K)->14629K(15104K) Class: 2194K(2560K)->2194K(2560K)
[2024-05-17T08:56:39.859+0000][5.413s][info ][gc            ] GC(7) Pause Young (Normal) (G1 Evacuation Pause) 98M->14M(153M) 8.710ms
[2024-05-17T08:56:39.859+0000][5.413s][info ][gc,cpu        ] GC(7) User=0.03s Sys=0.00s Real=0.01s
[2024-05-17T08:56:39.859+0000][5.413s][info ][safepoint     ] Leaving safepoint region
[2024-05-17T08:56:39.859+0000][5.413s][info ][safepoint     ] Total time for which application threads were stopped: 0.0092249 seconds, Stopping threads took: 0.0002567 seconds
[2024-05-17T08:56:39.859+0000][5.414s][info ][gc,stringdedup] Concurrent String Deduplication (5.413s)
[2024-05-17T08:56:39.860+0000][5.415s][info ][gc,stringdedup] Concurrent String Deduplication 108.5K->92080.0B(19040.0B) avg 13.0% (5.413s, 5.415s) 1.125ms
[2024-05-17T08:56:39.889+0000][5.444s][debug][safepoint     ] Safepoint synchronization initiated. (11 threads)
[2024-05-17T08:56:39.889+0000][5.444s][info ][safepoint     ] Application time: 0.0305751 seconds
[2024-05-17T08:56:39.889+0000][5.444s][debug][safepoint     ] Waiting for 1 thread(s) to block
[2024-05-17T08:56:39.889+0000][5.444s][info ][safepoint     ] Entering safepoint region: Deoptimize
[2024-05-17T08:56:39.890+0000][5.445s][info ][safepoint     ] Leaving safepoint region
[2024-05-17T08:56:39.890+0000][5.445s][info ][safepoint     ] Total time for which application threads were stopped: 0.0008595 seconds, Stopping threads took: 0.0000517 seconds
[2024-05-17T08:56:40.118+0000][5.673s][debug][safepoint     ] Safepoint synchronization initiated. (11 threads)
[2024-05-17T08:56:40.119+0000][5.673s][info ][safepoint     ] Application time: 0.2282489 seconds
[2024-05-17T08:56:40.119+0000][5.673s][debug][safepoint     ] ... found polling page return exception at pc = 0x00007faa8c31a7fc, stub =0x00007faa84824b00
[2024-05-17T08:56:40.119+0000][5.673s][debug][safepoint     ] Waiting for 1 thread(s) to block
[2024-05-17T08:56:40.119+0000][5.673s][info ][safepoint     ] Entering safepoint region: Deoptimize
[2024-05-17T08:56:40.119+0000][5.674s][info ][safepoint     ] Leaving safepoint region
[2024-05-17T08:56:40.119+0000][5.674s][info ][safepoint     ] Total time for which application threads were stopped: 0.0008362 seconds, Stopping threads took: 0.0002549 seconds
[2024-05-17T08:56:40.321+0000][5.875s][debug][safepoint     ] Safepoint synchronization initiated. (11 threads)
[2024-05-17T08:56:40.321+0000][5.876s][info ][safepoint     ] Application time: 0.2014848 seconds
[2024-05-17T08:56:40.321+0000][5.876s][info ][safepoint     ] Entering safepoint region: G1CollectForAllocation
[2024-05-17T08:56:40.321+0000][5.876s][info ][gc,start      ] GC(8) Pause Young (Normal) (G1 Evacuation Pause)
[2024-05-17T08:56:40.321+0000][5.876s][info ][gc,task       ] GC(8) Using 4 workers of 4 for evacuation
[2024-05-17T08:56:40.331+0000][5.885s][info ][gc,phases     ] GC(8)   Pre Evacuate Collection Set: 0.0ms
[2024-05-17T08:56:40.331+0000][5.885s][info ][gc,phases     ] GC(8)   Evacuate Collection Set: 7.9ms
[2024-05-17T08:56:40.331+0000][5.885s][info ][gc,phases     ] GC(8)   Post Evacuate Collection Set: 1.6ms
[2024-05-17T08:56:40.331+0000][5.885s][info ][gc,phases     ] GC(8)   Other: 0.2ms
[2024-05-17T08:56:40.331+0000][5.885s][info ][gc,heap       ] GC(8) Eden regions: 84->0(83)
[2024-05-17T08:56:40.331+0000][5.885s][info ][gc,heap       ] GC(8) Survivor regions: 7->8(12)
[2024-05-17T08:56:40.331+0000][5.885s][info ][gc,heap       ] GC(8) Old regions: 10->11
[2024-05-17T08:56:40.331+0000][5.886s][info ][gc,heap       ] GC(8) Humongous regions: 0->0
[2024-05-17T08:56:40.331+0000][5.886s][info ][gc,metaspace  ] GC(8) Metaspace: 18892K(19840K)->18892K(19840K) NonClass: 16476K(17152K)->16476K(17152K) Class: 2415K(2688K)->2415K(2688K)
[2024-05-17T08:56:40.331+0000][5.886s][info ][gc            ] GC(8) Pause Young (Normal) (G1 Evacuation Pause) 98M->16M(153M) 9.849ms
[2024-05-17T08:56:40.331+0000][5.886s][info ][gc,cpu        ] GC(8) User=0.03s Sys=0.00s Real=0.01s
[2024-05-17T08:56:40.331+0000][5.886s][info ][safepoint     ] Leaving safepoint region
[2024-05-17T08:56:40.331+0000][5.886s][info ][safepoint     ] Total time for which application threads were stopped: 0.0100625 seconds, Stopping threads took: 0.0000208 seconds
[2024-05-17T08:56:40.331+0000][5.886s][info ][gc,stringdedup] Concurrent String Deduplication (5.886s)
[2024-05-17T08:56:40.332+0000][5.886s][info ][gc,stringdedup] Concurrent String Deduplication 83288.0B->30904.0B(52384.0B) avg 14.4% (5.886s, 5.886s) 0.596ms
[2024-05-17T08:56:40.495+0000][6.049s][debug][safepoint     ] Safepoint synchronization initiated. (11 threads)
[2024-05-17T08:56:40.495+0000][6.049s][info ][safepoint     ] Application time: 0.1636479 seconds
[2024-05-17T08:56:40.495+0000][6.049s][info ][safepoint     ] Entering safepoint region: CollectForMetadataAllocation
[2024-05-17T08:56:40.495+0000][6.050s][info ][safepoint     ] Leaving safepoint region
[2024-05-17T08:56:40.495+0000][6.050s][info ][safepoint     ] Total time for which application threads were stopped: 0.0004917 seconds, Stopping threads took: 0.0000370 seconds
[2024-05-17T08:56:40.495+0000][6.050s][debug][safepoint     ] Safepoint synchronization initiated. (11 threads)
[2024-05-17T08:56:40.495+0000][6.050s][info ][safepoint     ] Application time: 0.0001734 seconds
[2024-05-17T08:56:40.495+0000][6.050s][debug][safepoint     ] Waiting for 1 thread(s) to block
[2024-05-17T08:56:40.496+0000][6.050s][info ][safepoint     ] Entering safepoint region: G1CollectForAllocation
[2024-05-17T08:56:40.496+0000][6.050s][info ][gc,start      ] GC(9) Pause Young (Concurrent Start) (GCLocker Initiated GC)
[2024-05-17T08:56:40.496+0000][6.050s][info ][gc,task       ] GC(9) Using 4 workers of 4 for evacuation
[2024-05-17T08:56:40.516+0000][6.070s][info ][gc,phases     ] GC(9)   Pre Evacuate Collection Set: 0.1ms
[2024-05-17T08:56:40.516+0000][6.070s][info ][gc,phases     ] GC(9)   Evacuate Collection Set: 16.1ms
[2024-05-17T08:56:40.516+0000][6.070s][info ][gc,phases     ] GC(9)   Post Evacuate Collection Set: 3.1ms
[2024-05-17T08:56:40.516+0000][6.071s][info ][gc,phases     ] GC(9)   Other: 0.6ms
[2024-05-17T08:56:40.516+0000][6.071s][info ][gc,heap       ] GC(9) Eden regions: 24->0(103)
[2024-05-17T08:56:40.516+0000][6.071s][info ][gc,heap       ] GC(9) Survivor regions: 8->7(12)
[2024-05-17T08:56:40.516+0000][6.071s][info ][gc,heap       ] GC(9) Old regions: 11->12
[2024-05-17T08:56:40.516+0000][6.071s][info ][gc,heap       ] GC(9) Humongous regions: 0->0
[2024-05-17T08:56:40.516+0000][6.071s][info ][gc,metaspace  ] GC(9) Metaspace: 20510K(21552K)->20510K(21552K) NonClass: 17937K(18608K)->17937K(18608K) Class: 2573K(2944K)->2573K(2944K)
[2024-05-17T08:56:40.516+0000][6.071s][info ][gc            ] GC(9) Pause Young (Concurrent Start) (GCLocker Initiated GC) 40M->16M(184M) 20.180ms
[2024-05-17T08:56:40.516+0000][6.071s][info ][gc,cpu        ] GC(9) User=0.06s Sys=0.00s Real=0.02s
[2024-05-17T08:56:40.516+0000][6.071s][info ][safepoint     ] Leaving safepoint region
[2024-05-17T08:56:40.516+0000][6.071s][info ][safepoint     ] Total time for which application threads were stopped: 0.0207098 seconds, Stopping threads took: 0.0003349 seconds
[2024-05-17T08:56:40.516+0000][6.071s][info ][gc,stringdedup] Concurrent String Deduplication (6.071s)
[2024-05-17T08:56:40.516+0000][6.071s][info ][gc            ] GC(10) Concurrent Cycle
[2024-05-17T08:56:40.516+0000][6.071s][info ][gc,marking    ] GC(10) Concurrent Clear Claimed Marks
[2024-05-17T08:56:40.516+0000][6.071s][info ][gc,marking    ] GC(10) Concurrent Clear Claimed Marks 0.043ms
[2024-05-17T08:56:40.516+0000][6.071s][info ][gc,marking    ] GC(10) Concurrent Scan Root Regions
[2024-05-17T08:56:40.517+0000][6.072s][info ][gc,stringdedup] Concurrent String Deduplication 106.3K->16600.0B(92240.0B) avg 16.9% (6.071s, 6.072s) 0.784ms
[2024-05-17T08:56:40.521+0000][6.076s][info ][gc,marking    ] GC(10) Concurrent Scan Root Regions 4.553ms
[2024-05-17T08:56:40.521+0000][6.076s][info ][gc,marking    ] GC(10) Concurrent Mark (6.076s)
[2024-05-17T08:56:40.521+0000][6.076s][info ][gc,marking    ] GC(10) Concurrent Mark From Roots
[2024-05-17T08:56:40.521+0000][6.076s][info ][gc,task       ] GC(10) Using 1 workers of 1 for marking
[2024-05-17T08:56:40.537+0000][6.092s][info ][gc,marking    ] GC(10) Concurrent Mark From Roots 16.428ms
[2024-05-17T08:56:40.537+0000][6.092s][info ][gc,marking    ] GC(10) Concurrent Preclean
[2024-05-17T08:56:40.538+0000][6.092s][info ][gc,marking    ] GC(10) Concurrent Preclean 0.131ms
[2024-05-17T08:56:40.538+0000][6.092s][info ][gc,marking    ] GC(10) Concurrent Mark (6.076s, 6.092s) 16.636ms
[2024-05-17T08:56:40.538+0000][6.092s][debug][safepoint     ] Safepoint synchronization initiated. (11 threads)
[2024-05-17T08:56:40.538+0000][6.092s][info ][safepoint     ] Application time: 0.0216342 seconds
[2024-05-17T08:56:40.538+0000][6.092s][debug][safepoint     ] ... found polling page loop exception at pc = 0x00007faa8519c965, stub =0x00007faa84826680
[2024-05-17T08:56:40.538+0000][6.092s][debug][safepoint     ] ... found polling page loop exception at pc = 0x00007faa8c35112e, stub =0x00007faa84826680
[2024-05-17T08:56:40.538+0000][6.092s][debug][safepoint     ] Waiting for 3 thread(s) to block
[2024-05-17T08:56:40.538+0000][6.093s][info ][safepoint     ] Entering safepoint region: CGC_Operation
[2024-05-17T08:56:40.538+0000][6.093s][info ][gc,start      ] GC(10) Pause Remark
[2024-05-17T08:56:40.542+0000][6.097s][info ][gc,stringtable] GC(10) Cleaned string and symbol table, strings: 7550 processed, 7 removed, symbols: 55200 processed, 115 removed
[2024-05-17T08:56:40.543+0000][6.097s][info ][gc            ] GC(10) Pause Remark 20M->20M(184M) 4.612ms
[2024-05-17T08:56:40.543+0000][6.097s][info ][gc,cpu        ] GC(10) User=0.01s Sys=0.00s Real=0.00s
[2024-05-17T08:56:40.543+0000][6.097s][info ][safepoint     ] Leaving safepoint region
[2024-05-17T08:56:40.543+0000][6.097s][info ][safepoint     ] Total time for which application threads were stopped: 0.0050712 seconds, Stopping threads took: 0.0002889 seconds
[2024-05-17T08:56:40.543+0000][6.097s][info ][gc,marking    ] GC(10) Concurrent Rebuild Remembered Sets
[2024-05-17T08:56:40.554+0000][6.109s][info ][gc,marking    ] GC(10) Concurrent Rebuild Remembered Sets 11.368ms
[2024-05-17T08:56:40.554+0000][6.109s][debug][safepoint     ] Safepoint synchronization initiated. (11 threads)
[2024-05-17T08:56:40.554+0000][6.109s][info ][safepoint     ] Application time: 0.0115054 seconds
[2024-05-17T08:56:40.554+0000][6.109s][debug][safepoint     ] ... found polling page return exception at pc = 0x00007faa8c31a7fc, stub =0x00007faa84824b00
[2024-05-17T08:56:40.554+0000][6.109s][debug][safepoint     ] Waiting for 1 thread(s) to block
[2024-05-17T08:56:40.554+0000][6.109s][info ][safepoint     ] Entering safepoint region: CGC_Operation
[2024-05-17T08:56:40.555+0000][6.109s][info ][gc,start      ] GC(10) Pause Cleanup
[2024-05-17T08:56:40.555+0000][6.109s][info ][gc            ] GC(10) Pause Cleanup 21M->21M(184M) 0.125ms
[2024-05-17T08:56:40.555+0000][6.109s][info ][gc,cpu        ] GC(10) User=0.00s Sys=0.00s Real=0.00s
[2024-05-17T08:56:40.555+0000][6.109s][info ][safepoint     ] Leaving safepoint region
[2024-05-17T08:56:40.555+0000][6.109s][info ][safepoint     ] Total time for which application threads were stopped: 0.0003960 seconds, Stopping threads took: 0.0001376 seconds
[2024-05-17T08:56:40.555+0000][6.109s][info ][gc,marking    ] GC(10) Concurrent Cleanup for Next Mark
[2024-05-17T08:56:40.582+0000][6.136s][info ][gc,marking    ] GC(10) Concurrent Cleanup for Next Mark 26.785ms
[2024-05-17T08:56:40.582+0000][6.136s][info ][gc            ] GC(10) Concurrent Cycle 65.447ms
[2024-05-17T08:56:40.926+0000][6.481s][debug][safepoint     ] Safepoint synchronization initiated. (11 threads)
[2024-05-17T08:56:40.926+0000][6.481s][info ][safepoint     ] Application time: 0.3715183 seconds
[2024-05-17T08:56:40.928+0000][6.483s][debug][safepoint     ] ... found polling page return exception at pc = 0x00007faa85387dd5, stub =0x00007faa84824b00
[2024-05-17T08:56:40.928+0000][6.483s][debug][safepoint     ] Waiting for 1 thread(s) to block
[2024-05-17T08:56:40.928+0000][6.483s][info ][safepoint     ] Entering safepoint region: Deoptimize
[2024-05-17T08:56:40.929+0000][6.483s][info ][safepoint     ] Leaving safepoint region
[2024-05-17T08:56:40.929+0000][6.483s][info ][safepoint     ] Total time for which application threads were stopped: 0.0025793 seconds, Stopping threads took: 0.0019197 seconds
[2024-05-17T08:56:41.155+0000][6.709s][debug][safepoint     ] Safepoint synchronization initiated. (10 threads)
[2024-05-17T08:56:41.155+0000][6.709s][info ][safepoint     ] Application time: 0.2257846 seconds
[2024-05-17T08:56:41.155+0000][6.709s][debug][safepoint     ] Waiting for 1 thread(s) to block
[2024-05-17T08:56:41.155+0000][6.709s][info ][safepoint     ] Entering safepoint region: ICBufferFull
[2024-05-17T08:56:41.155+0000][6.710s][info ][safepoint     ] Leaving safepoint region
[2024-05-17T08:56:41.155+0000][6.710s][info ][safepoint     ] Total time for which application threads were stopped: 0.0002852 seconds, Stopping threads took: 0.0000619 seconds
[2024-05-17T08:56:41.175+0000][6.730s][debug][safepoint     ] Safepoint synchronization initiated. (10 threads)
[2024-05-17T08:56:41.175+0000][6.730s][info ][safepoint     ] Application time: 0.0200972 seconds
[2024-05-17T08:56:41.175+0000][6.730s][info ][safepoint     ] Entering safepoint region: G1CollectForAllocation
[2024-05-17T08:56:41.175+0000][6.730s][info ][gc,start      ] GC(11) Pause Young (Normal) (G1 Evacuation Pause)
[2024-05-17T08:56:41.175+0000][6.730s][info ][gc,task       ] GC(11) Using 4 workers of 4 for evacuation
[2024-05-17T08:56:41.187+0000][6.741s][info ][gc,phases     ] GC(11)   Pre Evacuate Collection Set: 0.0ms
[2024-05-17T08:56:41.187+0000][6.741s][info ][gc,phases     ] GC(11)   Evacuate Collection Set: 8.2ms
[2024-05-17T08:56:41.187+0000][6.741s][info ][gc,phases     ] GC(11)   Post Evacuate Collection Set: 2.9ms
[2024-05-17T08:56:41.187+0000][6.741s][info ][gc,phases     ] GC(11)   Other: 0.3ms
[2024-05-17T08:56:41.187+0000][6.741s][info ][gc,heap       ] GC(11) Eden regions: 103->0(100)
[2024-05-17T08:56:41.187+0000][6.741s][info ][gc,heap       ] GC(11) Survivor regions: 7->10(14)
[2024-05-17T08:56:41.187+0000][6.741s][info ][gc,heap       ] GC(11) Old regions: 12->12
[2024-05-17T08:56:41.187+0000][6.741s][info ][gc,heap       ] GC(11) Humongous regions: 0->0
[2024-05-17T08:56:41.187+0000][6.741s][info ][gc,metaspace  ] GC(11) Metaspace: 23975K(24752K)->23975K(24752K) NonClass: 20953K(21424K)->20953K(21424K) Class: 3022K(3328K)->3022K(3328K)
[2024-05-17T08:56:41.187+0000][6.741s][info ][gc            ] GC(11) Pause Young (Normal) (G1 Evacuation Pause) 119M->19M(184M) 11.581ms
[2024-05-17T08:56:41.187+0000][6.741s][info ][gc,cpu        ] GC(11) User=0.04s Sys=0.00s Real=0.01s
[2024-05-17T08:56:41.187+0000][6.741s][info ][safepoint     ] Leaving safepoint region
[2024-05-17T08:56:41.187+0000][6.742s][info ][safepoint     ] Total time for which application threads were stopped: 0.0118060 seconds, Stopping threads took: 0.0000215 seconds
[2024-05-17T08:56:41.187+0000][6.742s][info ][gc,stringdedup] Concurrent String Deduplication (6.742s)
[2024-05-17T08:56:41.190+0000][6.744s][info ][gc,stringdedup] Concurrent String Deduplication 721.1K->689.7K(32168.0B) avg 14.5% (6.742s, 6.744s) 2.600ms
[2024-05-17T08:56:41.656+0000][7.211s][debug][safepoint     ] Safepoint synchronization initiated. (10 threads)
[2024-05-17T08:56:41.656+0000][7.211s][info ][safepoint     ] Application time: 0.4695061 seconds
[2024-05-17T08:56:41.656+0000][7.211s][info ][safepoint     ] Entering safepoint region: G1CollectForAllocation
[2024-05-17T08:56:41.657+0000][7.211s][info ][gc,start      ] GC(12) Pause Young (Normal) (G1 Evacuation Pause)
[2024-05-17T08:56:41.657+0000][7.211s][info ][gc,task       ] GC(12) Using 4 workers of 4 for evacuation
[2024-05-17T08:56:41.673+0000][7.228s][info ][gc,phases     ] GC(12)   Pre Evacuate Collection Set: 0.0ms
[2024-05-17T08:56:41.673+0000][7.228s][info ][gc,phases     ] GC(12)   Evacuate Collection Set: 14.8ms
[2024-05-17T08:56:41.673+0000][7.228s][info ][gc,phases     ] GC(12)   Post Evacuate Collection Set: 1.7ms
[2024-05-17T08:56:41.673+0000][7.228s][info ][gc,phases     ] GC(12)   Other: 0.2ms
[2024-05-17T08:56:41.673+0000][7.228s][info ][gc,heap       ] GC(12) Eden regions: 100->0(100)
[2024-05-17T08:56:41.673+0000][7.228s][info ][gc,heap       ] GC(12) Survivor regions: 10->10(14)
[2024-05-17T08:56:41.673+0000][7.228s][info ][gc,heap       ] GC(12) Old regions: 12->14
[2024-05-17T08:56:41.673+0000][7.228s][info ][gc,heap       ] GC(12) Humongous regions: 0->0
[2024-05-17T08:56:41.674+0000][7.228s][info ][gc,metaspace  ] GC(12) Metaspace: 24216K(25136K)->24216K(25136K) NonClass: 21161K(21680K)->21161K(21680K) Class: 3055K(3456K)->3055K(3456K)
[2024-05-17T08:56:41.674+0000][7.228s][info ][gc            ] GC(12) Pause Young (Normal) (G1 Evacuation Pause) 119M->21M(184M) 16.923ms
[2024-05-17T08:56:41.674+0000][7.228s][info ][gc,cpu        ] GC(12) User=0.05s Sys=0.02s Real=0.02s
[2024-05-17T08:56:41.674+0000][7.228s][info ][safepoint     ] Leaving safepoint region
[2024-05-17T08:56:41.674+0000][7.228s][info ][safepoint     ] Total time for which application threads were stopped: 0.0172170 seconds, Stopping threads took: 0.0000200 seconds
[2024-05-17T08:56:41.674+0000][7.228s][info ][gc,stringdedup] Concurrent String Deduplication (7.228s)
[2024-05-17T08:56:41.674+0000][7.229s][info ][gc,stringdedup] Concurrent String Deduplication 95592.0B->80544.0B(15048.0B) avg 14.5% (7.228s, 7.229s) 0.677ms
[2024-05-17T08:56:42.400+0000][7.955s][debug][safepoint     ] Safepoint synchronization initiated. (10 threads)
[2024-05-17T08:56:42.400+0000][7.955s][info ][safepoint     ] Application time: 0.7263707 seconds
[2024-05-17T08:56:42.400+0000][7.955s][debug][safepoint     ] Waiting for 1 thread(s) to block
[2024-05-17T08:56:42.400+0000][7.955s][info ][safepoint     ] Entering safepoint region: G1CollectForAllocation
[2024-05-17T08:56:42.400+0000][7.955s][info ][gc,start      ] GC(13) Pause Young (Normal) (G1 Evacuation Pause)
[2024-05-17T08:56:42.400+0000][7.955s][info ][gc,task       ] GC(13) Using 4 workers of 4 for evacuation
[2024-05-17T08:56:42.415+0000][7.970s][info ][gc,phases     ] GC(13)   Pre Evacuate Collection Set: 0.0ms
[2024-05-17T08:56:42.415+0000][7.970s][info ][gc,phases     ] GC(13)   Evacuate Collection Set: 12.6ms
[2024-05-17T08:56:42.415+0000][7.970s][info ][gc,phases     ] GC(13)   Post Evacuate Collection Set: 1.8ms
[2024-05-17T08:56:42.415+0000][7.970s][info ][gc,phases     ] GC(13)   Other: 0.3ms
[2024-05-17T08:56:42.415+0000][7.970s][info ][gc,heap       ] GC(13) Eden regions: 100->0(99)
[2024-05-17T08:56:42.415+0000][7.970s][info ][gc,heap       ] GC(13) Survivor regions: 10->11(14)
[2024-05-17T08:56:42.415+0000][7.970s][info ][gc,heap       ] GC(13) Old regions: 14->16
[2024-05-17T08:56:42.415+0000][7.970s][info ][gc,heap       ] GC(13) Humongous regions: 0->0
[2024-05-17T08:56:42.415+0000][7.970s][info ][gc,metaspace  ] GC(13) Metaspace: 24518K(25392K)->24518K(25392K) NonClass: 21431K(21936K)->21431K(21936K) Class: 3086K(3456K)->3086K(3456K)
[2024-05-17T08:56:42.415+0000][7.970s][info ][gc            ] GC(13) Pause Young (Normal) (G1 Evacuation Pause) 121M->24M(184M) 14.848ms
[2024-05-17T08:56:42.415+0000][7.970s][info ][gc,cpu        ] GC(13) User=0.05s Sys=0.00s Real=0.01s
[2024-05-17T08:56:42.415+0000][7.970s][info ][safepoint     ] Leaving safepoint region
[2024-05-17T08:56:42.415+0000][7.970s][info ][safepoint     ] Total time for which application threads were stopped: 0.0152763 seconds, Stopping threads took: 0.0001046 seconds
[2024-05-17T08:56:42.415+0000][7.970s][info ][gc,stringdedup] Concurrent String Deduplication (7.970s)
[2024-05-17T08:56:42.420+0000][7.974s][info ][gc,stringdedup] Concurrent String Deduplication 716.8K->478.7K(238.1K) avg 17.4% (7.970s, 7.974s) 4.336ms
[2024-05-17T08:56:42.876+0000][8.431s][debug][safepoint     ] Safepoint synchronization initiated. (10 threads)
[2024-05-17T08:56:42.876+0000][8.431s][info ][safepoint     ] Application time: 0.4608897 seconds
[2024-05-17T08:56:42.876+0000][8.431s][info ][safepoint     ] Entering safepoint region: G1CollectForAllocation
[2024-05-17T08:56:42.877+0000][8.431s][info ][gc,start      ] GC(14) Pause Young (Normal) (G1 Evacuation Pause)
[2024-05-17T08:56:42.877+0000][8.431s][info ][gc,task       ] GC(14) Using 4 workers of 4 for evacuation
[2024-05-17T08:56:42.899+0000][8.454s][info ][gc,phases     ] GC(14)   Pre Evacuate Collection Set: 0.0ms
[2024-05-17T08:56:42.899+0000][8.454s][info ][gc,phases     ] GC(14)   Evacuate Collection Set: 18.0ms
[2024-05-17T08:56:42.899+0000][8.454s][info ][gc,phases     ] GC(14)   Post Evacuate Collection Set: 4.2ms
[2024-05-17T08:56:42.899+0000][8.454s][info ][gc,phases     ] GC(14)   Other: 0.3ms
[2024-05-17T08:56:42.899+0000][8.454s][info ][gc,heap       ] GC(14) Eden regions: 99->0(124)
[2024-05-17T08:56:42.899+0000][8.454s][info ][gc,heap       ] GC(14) Survivor regions: 11->8(14)
[2024-05-17T08:56:42.899+0000][8.454s][info ][gc,heap       ] GC(14) Old regions: 16->20
[2024-05-17T08:56:42.899+0000][8.454s][info ][gc,heap       ] GC(14) Humongous regions: 0->0
[2024-05-17T08:56:42.899+0000][8.454s][info ][gc,metaspace  ] GC(14) Metaspace: 24814K(25648K)->24814K(25648K) NonClass: 21699K(22192K)->21699K(22192K) Class: 3114K(3456K)->3114K(3456K)
[2024-05-17T08:56:42.899+0000][8.454s][info ][gc            ] GC(14) Pause Young (Normal) (G1 Evacuation Pause) 123M->26M(221M) 22.588ms
[2024-05-17T08:56:42.899+0000][8.454s][info ][gc,cpu        ] GC(14) User=0.04s Sys=0.02s Real=0.03s
[2024-05-17T08:56:42.899+0000][8.454s][info ][safepoint     ] Leaving safepoint region
[2024-05-17T08:56:42.899+0000][8.454s][info ][safepoint     ] Total time for which application threads were stopped: 0.0229823 seconds, Stopping threads took: 0.0000378 seconds
[2024-05-17T08:56:42.900+0000][8.454s][info ][gc,stringdedup] Concurrent String Deduplication (8.454s)
[2024-05-17T08:56:42.905+0000][8.460s][info ][gc,stringdedup] Concurrent String Deduplication 862.4K->343.3K(519.1K) avg 24.2% (8.454s, 8.460s) 5.590ms
[2024-05-17T08:56:43.565+0000][9.119s][debug][safepoint     ] Safepoint synchronization initiated. (11 threads)
[2024-05-17T08:56:43.565+0000][9.119s][info ][safepoint     ] Application time: 0.6654985 seconds
[2024-05-17T08:56:43.565+0000][9.119s][debug][safepoint     ] ... found polling page return exception at pc = 0x00007faa8c43b86c, stub =0x00007faa84824b00
[2024-05-17T08:56:43.565+0000][9.119s][debug][safepoint     ] Waiting for 2 thread(s) to block
[2024-05-17T08:56:43.565+0000][9.120s][info ][safepoint     ] Entering safepoint region: G1CollectForAllocation
[2024-05-17T08:56:43.565+0000][9.120s][info ][gc,start      ] GC(15) Pause Young (Normal) (G1 Evacuation Pause)
[2024-05-17T08:56:43.565+0000][9.120s][info ][gc,task       ] GC(15) Using 4 workers of 4 for evacuation
[2024-05-17T08:56:43.577+0000][9.131s][info ][gc,phases     ] GC(15)   Pre Evacuate Collection Set: 0.0ms
[2024-05-17T08:56:43.577+0000][9.131s][info ][gc,phases     ] GC(15)   Evacuate Collection Set: 8.0ms
[2024-05-17T08:56:43.577+0000][9.131s][info ][gc,phases     ] GC(15)   Post Evacuate Collection Set: 3.3ms
[2024-05-17T08:56:43.577+0000][9.131s][info ][gc,phases     ] GC(15)   Other: 0.2ms
[2024-05-17T08:56:43.577+0000][9.131s][info ][gc,heap       ] GC(15) Eden regions: 124->0(123)
[2024-05-17T08:56:43.577+0000][9.131s][info ][gc,heap       ] GC(15) Survivor regions: 8->9(17)
[2024-05-17T08:56:43.577+0000][9.131s][info ][gc,heap       ] GC(15) Old regions: 20->20
[2024-05-17T08:56:43.577+0000][9.131s][info ][gc,heap       ] GC(15) Humongous regions: 0->0
[2024-05-17T08:56:43.577+0000][9.131s][info ][gc,metaspace  ] GC(15) Metaspace: 25746K(26800K)->25746K(26800K) NonClass: 22567K(23216K)->22567K(23216K) Class: 3179K(3584K)->3179K(3584K)
[2024-05-17T08:56:43.577+0000][9.131s][info ][gc            ] GC(15) Pause Young (Normal) (G1 Evacuation Pause) 150M->27M(221M) 11.707ms
[2024-05-17T08:56:43.577+0000][9.131s][info ][gc,cpu        ] GC(15) User=0.03s Sys=0.00s Real=0.01s
[2024-05-17T08:56:43.577+0000][9.132s][info ][safepoint     ] Leaving safepoint region
[2024-05-17T08:56:43.577+0000][9.132s][info ][safepoint     ] Total time for which application threads were stopped: 0.0121558 seconds, Stopping threads took: 0.0001623 seconds
[2024-05-17T08:56:43.577+0000][9.132s][info ][gc,stringdedup] Concurrent String Deduplication (9.132s)
[2024-05-17T08:56:43.582+0000][9.136s][info ][gc,stringdedup] Concurrent String Deduplication 847.9K->292.0K(556.0K) avg 29.8% (9.132s, 9.136s) 4.642ms
[2024-05-17T08:56:43.861+0000][9.416s][debug][safepoint     ] Safepoint synchronization initiated. (11 threads)
[2024-05-17T08:56:43.861+0000][9.416s][info ][safepoint     ] Application time: 0.2842196 seconds
[2024-05-17T08:56:43.861+0000][9.416s][debug][safepoint     ] Waiting for 1 thread(s) to block
[2024-05-17T08:56:43.861+0000][9.416s][info ][safepoint     ] Entering safepoint region: G1CollectForAllocation
[2024-05-17T08:56:43.861+0000][9.416s][info ][gc,start      ] GC(16) Pause Young (Normal) (G1 Evacuation Pause)
[2024-05-17T08:56:43.861+0000][9.416s][info ][gc,task       ] GC(16) Using 4 workers of 4 for evacuation
[2024-05-17T08:56:43.871+0000][9.426s][info ][gc,phases     ] GC(16)   Pre Evacuate Collection Set: 0.0ms
[2024-05-17T08:56:43.871+0000][9.426s][info ][gc,phases     ] GC(16)   Evacuate Collection Set: 7.8ms
[2024-05-17T08:56:43.871+0000][9.426s][info ][gc,phases     ] GC(16)   Post Evacuate Collection Set: 1.8ms
[2024-05-17T08:56:43.871+0000][9.426s][info ][gc,phases     ] GC(16)   Other: 0.2ms
[2024-05-17T08:56:43.871+0000][9.426s][info ][gc,heap       ] GC(16) Eden regions: 123->0(123)
[2024-05-17T08:56:43.871+0000][9.426s][info ][gc,heap       ] GC(16) Survivor regions: 9->9(17)
[2024-05-17T08:56:43.871+0000][9.426s][info ][gc,heap       ] GC(16) Old regions: 20->20
[2024-05-17T08:56:43.871+0000][9.426s][info ][gc,heap       ] GC(16) Humongous regions: 0->0
[2024-05-17T08:56:43.871+0000][9.426s][info ][gc,metaspace  ] GC(16) Metaspace: 26344K(27312K)->26344K(27312K) NonClass: 23112K(23728K)->23112K(23728K) Class: 3232K(3584K)->3232K(3584K)
[2024-05-17T08:56:43.871+0000][9.426s][info ][gc            ] GC(16) Pause Young (Normal) (G1 Evacuation Pause) 150M->27M(221M) 9.924ms
[2024-05-17T08:56:43.871+0000][9.426s][info ][gc,cpu        ] GC(16) User=0.04s Sys=0.00s Real=0.01s
[2024-05-17T08:56:43.871+0000][9.426s][info ][safepoint     ] Leaving safepoint region
[2024-05-17T08:56:43.871+0000][9.426s][info ][safepoint     ] Total time for which application threads were stopped: 0.0102275 seconds, Stopping threads took: 0.0000498 seconds
[2024-05-17T08:56:43.871+0000][9.426s][info ][gc,stringdedup] Concurrent String Deduplication (9.426s)
[2024-05-17T08:56:43.874+0000][9.429s][info ][gc,stringdedup] Concurrent String Deduplication 634.6K->275.0K(359.7K) avg 32.3% (9.426s, 9.429s) 2.465ms
[2024-05-17T08:56:44.330+0000][9.884s][debug][safepoint     ] Safepoint synchronization initiated. (10 threads)
[2024-05-17T08:56:44.330+0000][9.884s][info ][safepoint     ] Application time: 0.4584057 seconds
[2024-05-17T08:56:44.330+0000][9.884s][info ][safepoint     ] Entering safepoint region: G1CollectForAllocation
[2024-05-17T08:56:44.330+0000][9.885s][info ][gc,start      ] GC(17) Pause Young (Normal) (G1 Evacuation Pause)
[2024-05-17T08:56:44.330+0000][9.885s][info ][gc,task       ] GC(17) Using 4 workers of 4 for evacuation
[2024-05-17T08:56:44.339+0000][9.893s][info ][gc,phases     ] GC(17)   Pre Evacuate Collection Set: 0.0ms
[2024-05-17T08:56:44.339+0000][9.893s][info ][gc,phases     ] GC(17)   Evacuate Collection Set: 6.4ms
[2024-05-17T08:56:44.339+0000][9.893s][info ][gc,phases     ] GC(17)   Post Evacuate Collection Set: 2.0ms
[2024-05-17T08:56:44.339+0000][9.893s][info ][gc,phases     ] GC(17)   Other: 0.2ms
[2024-05-17T08:56:44.339+0000][9.893s][info ][gc,heap       ] GC(17) Eden regions: 123->0(123)
[2024-05-17T08:56:44.339+0000][9.893s][info ][gc,heap       ] GC(17) Survivor regions: 9->9(17)
[2024-05-17T08:56:44.339+0000][9.893s][info ][gc,heap       ] GC(17) Old regions: 20->20
[2024-05-17T08:56:44.339+0000][9.893s][info ][gc,heap       ] GC(17) Humongous regions: 0->0
[2024-05-17T08:56:44.339+0000][9.893s][info ][gc,metaspace  ] GC(17) Metaspace: 28577K(29616K)->28577K(29616K) NonClass: 25081K(25776K)->25081K(25776K) Class: 3496K(3840K)->3496K(3840K)
[2024-05-17T08:56:44.339+0000][9.893s][info ][gc            ] GC(17) Pause Young (Normal) (G1 Evacuation Pause) 150M->27M(221M) 8.755ms
[2024-05-17T08:56:44.339+0000][9.893s][info ][gc,cpu        ] GC(17) User=0.03s Sys=0.00s Real=0.01s
[2024-05-17T08:56:44.339+0000][9.893s][info ][safepoint     ] Leaving safepoint region
[2024-05-17T08:56:44.339+0000][9.893s][info ][safepoint     ] Total time for which application threads were stopped: 0.0090701 seconds, Stopping threads took: 0.0000176 seconds
[2024-05-17T08:56:44.339+0000][9.894s][info ][gc,stringdedup] Concurrent String Deduplication (9.894s)
[2024-05-17T08:56:44.341+0000][9.895s][info ][gc,stringdedup] Concurrent String Deduplication 644.7K->38616.0B(607.0K) avg 37.6% (9.894s, 9.895s) 1.668ms
[2024-05-17T08:56:45.052+0000][10.606s][debug][safepoint     ] Safepoint synchronization initiated. (10 threads)
[2024-05-17T08:56:45.052+0000][10.606s][info ][safepoint     ] Application time: 0.7127810 seconds
[2024-05-17T08:56:45.052+0000][10.606s][debug][safepoint     ] Waiting for 1 thread(s) to block
[2024-05-17T08:56:45.052+0000][10.606s][info ][safepoint     ] Entering safepoint region: G1CollectForAllocation
[2024-05-17T08:56:45.052+0000][10.607s][info ][gc,start      ] GC(18) Pause Young (Normal) (G1 Evacuation Pause)
[2024-05-17T08:56:45.052+0000][10.607s][info ][gc,task       ] GC(18) Using 4 workers of 4 for evacuation
[2024-05-17T08:56:45.065+0000][10.620s][info ][gc,phases     ] GC(18)   Pre Evacuate Collection Set: 0.0ms
[2024-05-17T08:56:45.065+0000][10.620s][info ][gc,phases     ] GC(18)   Evacuate Collection Set: 8.4ms
[2024-05-17T08:56:45.065+0000][10.620s][info ][gc,phases     ] GC(18)   Post Evacuate Collection Set: 4.8ms
[2024-05-17T08:56:45.065+0000][10.620s][info ][gc,phases     ] GC(18)   Other: 0.2ms
[2024-05-17T08:56:45.066+0000][10.620s][info ][gc,heap       ] GC(18) Eden regions: 123->0(150)
[2024-05-17T08:56:45.066+0000][10.620s][info ][gc,heap       ] GC(18) Survivor regions: 9->9(17)
[2024-05-17T08:56:45.066+0000][10.620s][info ][gc,heap       ] GC(18) Old regions: 20->20
[2024-05-17T08:56:45.066+0000][10.620s][info ][gc,heap       ] GC(18) Humongous regions: 0->0
[2024-05-17T08:56:45.066+0000][10.620s][info ][gc,metaspace  ] GC(18) Metaspace: 32796K(33968K)->32796K(33968K) NonClass: 28835K(29616K)->28835K(29616K) Class: 3960K(4352K)->3960K(4352K)
[2024-05-17T08:56:45.066+0000][10.620s][info ][gc            ] GC(18) Pause Young (Normal) (G1 Evacuation Pause) 150M->27M(266M) 13.764ms
[2024-05-17T08:56:45.066+0000][10.620s][info ][gc,cpu        ] GC(18) User=0.05s Sys=0.00s Real=0.01s
[2024-05-17T08:56:45.066+0000][10.621s][info ][safepoint     ] Leaving safepoint region
[2024-05-17T08:56:45.066+0000][10.621s][info ][safepoint     ] Total time for which application threads were stopped: 0.0142464 seconds, Stopping threads took: 0.0000577 seconds
[2024-05-17T08:56:45.066+0000][10.621s][info ][gc,stringdedup] Concurrent String Deduplication (10.621s)
[2024-05-17T08:56:45.068+0000][10.623s][info ][gc,stringdedup] Concurrent String Deduplication 36776.0B->12456.0B(24320.0B) avg 37.7% (10.621s, 10.623s) 2.181ms
[2024-05-17T08:56:45.745+0000][11.300s][debug][safepoint     ] Safepoint synchronization initiated. (10 threads)
[2024-05-17T08:56:45.745+0000][11.300s][info ][safepoint     ] Application time: 0.6791226 seconds
[2024-05-17T08:56:45.745+0000][11.300s][info ][safepoint     ] Entering safepoint region: Deoptimize
[2024-05-17T08:56:45.746+0000][11.301s][info ][safepoint     ] Leaving safepoint region
[2024-05-17T08:56:45.746+0000][11.301s][info ][safepoint     ] Total time for which application threads were stopped: 0.0011580 seconds, Stopping threads took: 0.0000184 seconds
[2024-05-17T08:56:46.076+0000][11.631s][debug][safepoint     ] Safepoint synchronization initiated. (10 threads)
[2024-05-17T08:56:46.076+0000][11.631s][info ][safepoint     ] Application time: 0.3299468 seconds
[2024-05-17T08:56:46.076+0000][11.631s][info ][safepoint     ] Entering safepoint region: G1CollectForAllocation
[2024-05-17T08:56:46.077+0000][11.631s][info ][gc,start      ] GC(19) Pause Young (Normal) (G1 Evacuation Pause)
[2024-05-17T08:56:46.077+0000][11.631s][info ][gc,task       ] GC(19) Using 4 workers of 4 for evacuation
[2024-05-17T08:56:46.102+0000][11.657s][info ][gc,phases     ] GC(19)   Pre Evacuate Collection Set: 0.0ms
[2024-05-17T08:56:46.102+0000][11.657s][info ][gc,phases     ] GC(19)   Evacuate Collection Set: 22.3ms
[2024-05-17T08:56:46.102+0000][11.657s][info ][gc,phases     ] GC(19)   Post Evacuate Collection Set: 2.9ms
[2024-05-17T08:56:46.102+0000][11.657s][info ][gc,phases     ] GC(19)   Other: 0.4ms
[2024-05-17T08:56:46.102+0000][11.657s][info ][gc,heap       ] GC(19) Eden regions: 150->0(148)
[2024-05-17T08:56:46.102+0000][11.657s][info ][gc,heap       ] GC(19) Survivor regions: 9->11(20)
[2024-05-17T08:56:46.102+0000][11.657s][info ][gc,heap       ] GC(19) Old regions: 20->20
[2024-05-17T08:56:46.102+0000][11.657s][info ][gc,heap       ] GC(19) Humongous regions: 0->0
[2024-05-17T08:56:46.102+0000][11.657s][info ][gc,metaspace  ] GC(19) Metaspace: 33419K(34608K)->33419K(34608K) NonClass: 29372K(30128K)->29372K(30128K) Class: 4046K(4480K)->4046K(4480K)
[2024-05-17T08:56:46.102+0000][11.657s][info ][gc            ] GC(19) Pause Young (Normal) (G1 Evacuation Pause) 177M->29M(266M) 25.797ms
[2024-05-17T08:56:46.102+0000][11.657s][info ][gc,cpu        ] GC(19) User=0.09s Sys=0.00s Real=0.03s
[2024-05-17T08:56:46.102+0000][11.657s][info ][safepoint     ] Leaving safepoint region
[2024-05-17T08:56:46.102+0000][11.657s][info ][safepoint     ] Total time for which application threads were stopped: 0.0262306 seconds, Stopping threads took: 0.0000345 seconds
[2024-05-17T08:56:46.103+0000][11.657s][info ][gc,stringdedup] Concurrent String Deduplication (11.657s)
[2024-05-17T08:56:46.103+0000][11.658s][info ][gc,stringdedup] Concurrent String Deduplication 331.8K->15368.0B(316.8K) avg 40.1% (11.657s, 11.658s) 0.903ms
[2024-05-17T08:56:46.392+0000][11.946s][debug][safepoint     ] Safepoint synchronization initiated. (10 threads)
[2024-05-17T08:56:46.392+0000][11.946s][info ][safepoint     ] Application time: 0.2890928 seconds
[2024-05-17T08:56:46.392+0000][11.946s][info ][safepoint     ] Entering safepoint region: Deoptimize
[2024-05-17T08:56:46.393+0000][11.947s][info ][safepoint     ] Leaving safepoint region
[2024-05-17T08:56:46.393+0000][11.948s][info ][safepoint     ] Total time for which application threads were stopped: 0.0012925 seconds, Stopping threads took: 0.0000267 seconds
[2024-05-17T08:56:46.713+0000][12.268s][debug][safepoint     ] Safepoint synchronization initiated. (10 threads)
[2024-05-17T08:56:46.713+0000][12.268s][info ][safepoint     ] Application time: 0.3202885 seconds
[2024-05-17T08:56:46.713+0000][12.268s][info ][safepoint     ] Entering safepoint region: G1CollectForAllocation
[2024-05-17T08:56:46.714+0000][12.268s][info ][gc,start      ] GC(20) Pause Young (Normal) (G1 Evacuation Pause)
[2024-05-17T08:56:46.714+0000][12.268s][info ][gc,task       ] GC(20) Using 4 workers of 4 for evacuation
[2024-05-17T08:56:46.726+0000][12.280s][info ][gc,phases     ] GC(20)   Pre Evacuate Collection Set: 0.0ms
[2024-05-17T08:56:46.726+0000][12.281s][info ][gc,phases     ] GC(20)   Evacuate Collection Set: 9.4ms
[2024-05-17T08:56:46.726+0000][12.281s][info ][gc,phases     ] GC(20)   Post Evacuate Collection Set: 2.5ms
[2024-05-17T08:56:46.726+0000][12.281s][info ][gc,phases     ] GC(20)   Other: 0.3ms
[2024-05-17T08:56:46.726+0000][12.281s][info ][gc,heap       ] GC(20) Eden regions: 148->0(148)
[2024-05-17T08:56:46.726+0000][12.281s][info ][gc,heap       ] GC(20) Survivor regions: 11->11(20)
[2024-05-17T08:56:46.726+0000][12.281s][info ][gc,heap       ] GC(20) Old regions: 20->20
[2024-05-17T08:56:46.726+0000][12.281s][info ][gc,heap       ] GC(20) Humongous regions: 0->0
[2024-05-17T08:56:46.726+0000][12.281s][info ][gc,metaspace  ] GC(20) Metaspace: 34556K(35760K)->34556K(35760K) NonClass: 30382K(31152K)->30382K(31152K) Class: 4173K(4608K)->4173K(4608K)
[2024-05-17T08:56:46.726+0000][12.281s][info ][gc            ] GC(20) Pause Young (Normal) (G1 Evacuation Pause) 177M->29M(266M) 12.336ms
[2024-05-17T08:56:46.726+0000][12.281s][info ][gc,cpu        ] GC(20) User=0.04s Sys=0.01s Real=0.01s
[2024-05-17T08:56:46.726+0000][12.281s][info ][safepoint     ] Leaving safepoint region
[2024-05-17T08:56:46.726+0000][12.281s][info ][safepoint     ] Total time for which application threads were stopped: 0.0128555 seconds, Stopping threads took: 0.0000194 seconds
[2024-05-17T08:56:46.726+0000][12.281s][info ][gc,stringdedup] Concurrent String Deduplication (12.281s)
[2024-05-17T08:56:46.727+0000][12.282s][info ][gc,stringdedup] Concurrent String Deduplication 155.8K->39856.0B(116.9K) avg 40.8% (12.281s, 12.282s) 0.890ms
[2024-05-17T08:56:46.831+0000][12.385s][debug][safepoint     ] Safepoint synchronization initiated. (10 threads)
[2024-05-17T08:56:46.831+0000][12.385s][info ][safepoint     ] Application time: 0.1047252 seconds
[2024-05-17T08:56:46.831+0000][12.385s][info ][safepoint     ] Entering safepoint region: CollectForMetadataAllocation
[2024-05-17T08:56:46.831+0000][12.386s][info ][gc,start      ] GC(21) Pause Young (Concurrent Start) (Metadata GC Threshold)
[2024-05-17T08:56:46.831+0000][12.386s][info ][gc,task       ] GC(21) Using 4 workers of 4 for evacuation
[2024-05-17T08:56:46.845+0000][12.399s][info ][gc,phases     ] GC(21)   Pre Evacuate Collection Set: 0.2ms
[2024-05-17T08:56:46.845+0000][12.399s][info ][gc,phases     ] GC(21)   Evacuate Collection Set: 11.2ms
[2024-05-17T08:56:46.845+0000][12.399s][info ][gc,phases     ] GC(21)   Post Evacuate Collection Set: 2.0ms
[2024-05-17T08:56:46.845+0000][12.399s][info ][gc,phases     ] GC(21)   Other: 0.3ms
[2024-05-17T08:56:46.845+0000][12.399s][info ][gc,heap       ] GC(21) Eden regions: 19->0(149)
[2024-05-17T08:56:46.845+0000][12.399s][info ][gc,heap       ] GC(21) Survivor regions: 11->10(20)
[2024-05-17T08:56:46.845+0000][12.399s][info ][gc,heap       ] GC(21) Old regions: 20->22
[2024-05-17T08:56:46.845+0000][12.400s][info ][gc,heap       ] GC(21) Humongous regions: 0->0
[2024-05-17T08:56:46.845+0000][12.400s][info ][gc,metaspace  ] GC(21) Metaspace: 34828K(35920K)->34828K(35920K) NonClass: 30611K(31312K)->30611K(31312K) Class: 4216K(4608K)->4216K(4608K)
[2024-05-17T08:56:46.845+0000][12.400s][info ][gc            ] GC(21) Pause Young (Concurrent Start) (Metadata GC Threshold) 48M->29M(266M) 13.884ms
[2024-05-17T08:56:46.845+0000][12.400s][info ][gc,cpu        ] GC(21) User=0.04s Sys=0.01s Real=0.01s
[2024-05-17T08:56:46.845+0000][12.400s][info ][gc            ] GC(22) Concurrent Cycle
[2024-05-17T08:56:46.845+0000][12.400s][info ][gc,marking    ] GC(22) Concurrent Clear Claimed Marks
[2024-05-17T08:56:46.845+0000][12.400s][info ][safepoint     ] Leaving safepoint region
[2024-05-17T08:56:46.845+0000][12.400s][info ][gc,marking    ] GC(22) Concurrent Clear Claimed Marks 0.049ms
[2024-05-17T08:56:46.845+0000][12.400s][info ][gc,marking    ] GC(22) Concurrent Scan Root Regions
[2024-05-17T08:56:46.845+0000][12.400s][info ][safepoint     ] Total time for which application threads were stopped: 0.0143825 seconds, Stopping threads took: 0.0000263 seconds
[2024-05-17T08:56:46.846+0000][12.400s][info ][gc,stringdedup] Concurrent String Deduplication (12.400s)
[2024-05-17T08:56:46.848+0000][12.402s][info ][gc,stringdedup] Concurrent String Deduplication 340.8K->160.4K(180.4K) avg 41.3% (12.400s, 12.402s) 2.092ms
[2024-05-17T08:56:46.855+0000][12.409s][info ][gc,marking    ] GC(22) Concurrent Scan Root Regions 9.347ms
[2024-05-17T08:56:46.855+0000][12.409s][info ][gc,marking    ] GC(22) Concurrent Mark (12.409s)
[2024-05-17T08:56:46.855+0000][12.409s][info ][gc,marking    ] GC(22) Concurrent Mark From Roots
[2024-05-17T08:56:46.855+0000][12.409s][info ][gc,task       ] GC(22) Using 1 workers of 1 for marking
[2024-05-17T08:56:46.893+0000][12.447s][info ][gc,marking    ] GC(22) Concurrent Mark From Roots 37.905ms
[2024-05-17T08:56:46.893+0000][12.447s][info ][gc,marking    ] GC(22) Concurrent Preclean
[2024-05-17T08:56:46.893+0000][12.447s][info ][gc,marking    ] GC(22) Concurrent Preclean 0.122ms
[2024-05-17T08:56:46.893+0000][12.447s][info ][gc,marking    ] GC(22) Concurrent Mark (12.409s, 12.447s) 38.099ms
[2024-05-17T08:56:46.893+0000][12.447s][debug][safepoint     ] Safepoint synchronization initiated. (10 threads)
[2024-05-17T08:56:46.893+0000][12.447s][info ][safepoint     ] Application time: 0.0475547 seconds
[2024-05-17T08:56:46.893+0000][12.448s][debug][safepoint     ] Waiting for 2 thread(s) to block
[2024-05-17T08:56:46.893+0000][12.448s][info ][safepoint     ] Entering safepoint region: CGC_Operation
[2024-05-17T08:56:46.893+0000][12.448s][info ][gc,start      ] GC(22) Pause Remark
[2024-05-17T08:56:46.900+0000][12.455s][info ][gc,stringtable] GC(22) Cleaned string and symbol table, strings: 12274 processed, 31 removed, symbols: 121948 processed, 308 removed
[2024-05-17T08:56:46.901+0000][12.455s][info ][gc            ] GC(22) Pause Remark 35M->35M(266M) 7.701ms
[2024-05-17T08:56:46.901+0000][12.456s][info ][gc,cpu        ] GC(22) User=0.03s Sys=0.00s Real=0.01s
[2024-05-17T08:56:46.901+0000][12.456s][info ][safepoint     ] Leaving safepoint region
[2024-05-17T08:56:46.901+0000][12.456s][info ][safepoint     ] Total time for which application threads were stopped: 0.0080454 seconds, Stopping threads took: 0.0001274 seconds
[2024-05-17T08:56:46.901+0000][12.456s][info ][gc,marking    ] GC(22) Concurrent Rebuild Remembered Sets
[2024-05-17T08:56:46.904+0000][12.458s][debug][safepoint     ] Safepoint synchronization initiated. (10 threads)
[2024-05-17T08:56:46.904+0000][12.458s][info ][safepoint     ] Application time: 0.0028702 seconds
[2024-05-17T08:56:46.904+0000][12.458s][info ][safepoint     ] Entering safepoint region: Deoptimize
[2024-05-17T08:56:46.904+0000][12.459s][info ][safepoint     ] Leaving safepoint region
[2024-05-17T08:56:46.904+0000][12.459s][info ][safepoint     ] Total time for which application threads were stopped: 0.0005042 seconds, Stopping threads took: 0.0000157 seconds
[2024-05-17T08:56:46.919+0000][12.474s][debug][safepoint     ] Safepoint synchronization initiated. (10 threads)
[2024-05-17T08:56:46.919+0000][12.474s][info ][safepoint     ] Application time: 0.0147454 seconds
[2024-05-17T08:56:46.919+0000][12.474s][info ][safepoint     ] Entering safepoint region: Deoptimize
[2024-05-17T08:56:46.919+0000][12.474s][info ][safepoint     ] Leaving safepoint region
[2024-05-17T08:56:46.920+0000][12.474s][info ][safepoint     ] Total time for which application threads were stopped: 0.0003955 seconds, Stopping threads took: 0.0000216 seconds
[2024-05-17T08:56:46.924+0000][12.478s][info ][gc,marking    ] GC(22) Concurrent Rebuild Remembered Sets 22.795ms
[2024-05-17T08:56:46.924+0000][12.479s][debug][safepoint     ] Safepoint synchronization initiated. (10 threads)
[2024-05-17T08:56:46.924+0000][12.479s][info ][safepoint     ] Application time: 0.0044110 seconds
[2024-05-17T08:56:46.924+0000][12.479s][debug][safepoint     ] ... found polling page return exception at pc = 0x00007faa8c39183e, stub =0x00007faa84824b00
[2024-05-17T08:56:46.924+0000][12.479s][debug][safepoint     ] Waiting for 1 thread(s) to block
[2024-05-17T08:56:46.924+0000][12.479s][info ][safepoint     ] Entering safepoint region: CGC_Operation
[2024-05-17T08:56:46.924+0000][12.479s][info ][gc,start      ] GC(22) Pause Cleanup
[2024-05-17T08:56:46.924+0000][12.479s][info ][gc            ] GC(22) Pause Cleanup 37M->37M(266M) 0.211ms
[2024-05-17T08:56:46.924+0000][12.479s][info ][gc,cpu        ] GC(22) User=0.00s Sys=0.00s Real=0.00s
[2024-05-17T08:56:46.924+0000][12.479s][info ][safepoint     ] Leaving safepoint region
[2024-05-17T08:56:46.925+0000][12.479s][info ][safepoint     ] Total time for which application threads were stopped: 0.0005441 seconds, Stopping threads took: 0.0001859 seconds
[2024-05-17T08:56:46.925+0000][12.479s][info ][gc,marking    ] GC(22) Concurrent Cleanup for Next Mark
[2024-05-17T08:56:46.937+0000][12.492s][info ][gc,marking    ] GC(22) Concurrent Cleanup for Next Mark 12.477ms
[2024-05-17T08:56:46.937+0000][12.492s][info ][gc            ] GC(22) Concurrent Cycle 92.029ms
[2024-05-17T08:56:46.954+0000][12.509s][debug][safepoint     ] Safepoint synchronization initiated. (10 threads)
[2024-05-17T08:56:46.954+0000][12.509s][info ][safepoint     ] Application time: 0.0297778 seconds
[2024-05-17T08:56:46.954+0000][12.509s][info ][safepoint     ] Entering safepoint region: Deoptimize
[2024-05-17T08:56:46.955+0000][12.510s][info ][safepoint     ] Leaving safepoint region
[2024-05-17T08:56:46.955+0000][12.510s][info ][safepoint     ] Total time for which application threads were stopped: 0.0009657 seconds, Stopping threads took: 0.0000175 seconds
[2024-05-17T08:56:46.999+0000][12.554s][debug][safepoint     ] Safepoint synchronization initiated. (10 threads)
[2024-05-17T08:56:47.000+0000][12.554s][info ][safepoint     ] Application time: 0.0442196 seconds
[2024-05-17T08:56:47.000+0000][12.554s][info ][safepoint     ] Entering safepoint region: Deoptimize
[2024-05-17T08:56:47.000+0000][12.555s][info ][safepoint     ] Leaving safepoint region
[2024-05-17T08:56:47.000+0000][12.555s][info ][safepoint     ] Total time for which application threads were stopped: 0.0007616 seconds, Stopping threads took: 0.0000178 seconds
[2024-05-17T08:56:47.388+0000][12.942s][debug][safepoint     ] Safepoint synchronization initiated. (10 threads)
[2024-05-17T08:56:47.388+0000][12.942s][info ][safepoint     ] Application time: 0.3872945 seconds
[2024-05-17T08:56:47.388+0000][12.942s][info ][safepoint     ] Entering safepoint region: Deoptimize
[2024-05-17T08:56:47.389+0000][12.943s][info ][safepoint     ] Leaving safepoint region
[2024-05-17T08:56:47.389+0000][12.943s][info ][safepoint     ] Total time for which application threads were stopped: 0.0010680 seconds, Stopping threads took: 0.0000191 seconds
[2024-05-17T08:56:47.440+0000][12.995s][debug][safepoint     ] Safepoint synchronization initiated. (10 threads)
[2024-05-17T08:56:47.440+0000][12.995s][info ][safepoint     ] Application time: 0.0513578 seconds
[2024-05-17T08:56:47.440+0000][12.995s][info ][safepoint     ] Entering safepoint region: Deoptimize
[2024-05-17T08:56:47.441+0000][12.996s][info ][safepoint     ] Leaving safepoint region
[2024-05-17T08:56:47.441+0000][12.996s][info ][safepoint     ] Total time for which application threads were stopped: 0.0009293 seconds, Stopping threads took: 0.0000241 seconds
[2024-05-17T08:56:47.684+0000][13.239s][debug][safepoint     ] Safepoint synchronization initiated. (10 threads)
[2024-05-17T08:56:47.684+0000][13.239s][info ][safepoint     ] Application time: 0.2431963 seconds
[2024-05-17T08:56:47.684+0000][13.239s][info ][safepoint     ] Entering safepoint region: G1CollectForAllocation
[2024-05-17T08:56:47.684+0000][13.239s][info ][gc,start      ] GC(23) Pause Young (Normal) (G1 Evacuation Pause)
[2024-05-17T08:56:47.685+0000][13.239s][info ][gc,task       ] GC(23) Using 4 workers of 4 for evacuation
[2024-05-17T08:56:47.699+0000][13.253s][info ][gc,phases     ] GC(23)   Pre Evacuate Collection Set: 0.0ms
[2024-05-17T08:56:47.699+0000][13.253s][info ][gc,phases     ] GC(23)   Evacuate Collection Set: 11.1ms
[2024-05-17T08:56:47.699+0000][13.253s][info ][gc,phases     ] GC(23)   Post Evacuate Collection Set: 2.9ms
[2024-05-17T08:56:47.699+0000][13.253s][info ][gc,phases     ] GC(23)   Other: 0.2ms
[2024-05-17T08:56:47.699+0000][13.253s][info ][gc,heap       ] GC(23) Eden regions: 149->0(149)
[2024-05-17T08:56:47.699+0000][13.253s][info ][gc,heap       ] GC(23) Survivor regions: 10->10(20)
[2024-05-17T08:56:47.699+0000][13.253s][info ][gc,heap       ] GC(23) Old regions: 22->22
[2024-05-17T08:56:47.699+0000][13.253s][info ][gc,heap       ] GC(23) Humongous regions: 0->0
[2024-05-17T08:56:47.699+0000][13.253s][info ][gc,metaspace  ] GC(23) Metaspace: 37396K(38480K)->37396K(38480K) NonClass: 32757K(33360K)->32757K(33360K) Class: 4639K(5120K)->4639K(5120K)
[2024-05-17T08:56:47.699+0000][13.253s][info ][gc            ] GC(23) Pause Young (Normal) (G1 Evacuation Pause) 178M->29M(266M) 14.315ms
[2024-05-17T08:56:47.699+0000][13.253s][info ][gc,cpu        ] GC(23) User=0.06s Sys=0.00s Real=0.02s
[2024-05-17T08:56:47.699+0000][13.253s][info ][safepoint     ] Leaving safepoint region
[2024-05-17T08:56:47.699+0000][13.254s][info ][safepoint     ] Total time for which application threads were stopped: 0.0146025 seconds, Stopping threads took: 0.0000187 seconds
[2024-05-17T08:56:47.699+0000][13.254s][info ][gc,stringdedup] Concurrent String Deduplication (13.254s)
[2024-05-17T08:56:47.701+0000][13.255s][info ][gc,stringdedup] Concurrent String Deduplication 191.1K->85816.0B(107.3K) avg 41.6% (13.254s, 13.255s) 1.565ms
[2024-05-17T08:56:48.334+0000][13.888s][debug][safepoint     ] Safepoint synchronization initiated. (10 threads)
[2024-05-17T08:56:48.334+0000][13.888s][info ][safepoint     ] Application time: 0.6347910 seconds
[2024-05-17T08:56:48.334+0000][13.888s][info ][safepoint     ] Entering safepoint region: G1CollectForAllocation
[2024-05-17T08:56:48.334+0000][13.889s][info ][gc,start      ] GC(24) Pause Young (Normal) (G1 Evacuation Pause)
[2024-05-17T08:56:48.334+0000][13.889s][info ][gc,task       ] GC(24) Using 4 workers of 4 for evacuation
[2024-05-17T08:56:48.357+0000][13.912s][info ][gc,phases     ] GC(24)   Pre Evacuate Collection Set: 0.0ms
[2024-05-17T08:56:48.357+0000][13.912s][info ][gc,phases     ] GC(24)   Evacuate Collection Set: 15.6ms
[2024-05-17T08:56:48.357+0000][13.912s][info ][gc,phases     ] GC(24)   Post Evacuate Collection Set: 7.5ms
[2024-05-17T08:56:48.357+0000][13.912s][info ][gc,phases     ] GC(24)   Other: 0.2ms
[2024-05-17T08:56:48.357+0000][13.912s][info ][gc,heap       ] GC(24) Eden regions: 149->0(183)
[2024-05-17T08:56:48.357+0000][13.912s][info ][gc,heap       ] GC(24) Survivor regions: 10->9(20)
[2024-05-17T08:56:48.357+0000][13.912s][info ][gc,heap       ] GC(24) Old regions: 22->25
[2024-05-17T08:56:48.357+0000][13.912s][info ][gc,heap       ] GC(24) Humongous regions: 0->0
[2024-05-17T08:56:48.357+0000][13.912s][info ][gc,metaspace  ] GC(24) Metaspace: 39560K(40656K)->39560K(40656K) NonClass: 34713K(35408K)->34713K(35408K) Class: 4846K(5248K)->4846K(5248K)
[2024-05-17T08:56:48.358+0000][13.912s][info ][gc            ] GC(24) Pause Young (Normal) (G1 Evacuation Pause) 178M->31M(320M) 23.593ms
[2024-05-17T08:56:48.358+0000][13.912s][info ][gc,cpu        ] GC(24) User=0.07s Sys=0.01s Real=0.02s
[2024-05-17T08:56:48.358+0000][13.912s][info ][safepoint     ] Leaving safepoint region
[2024-05-17T08:56:48.358+0000][13.913s][info ][safepoint     ] Total time for which application threads were stopped: 0.0242308 seconds, Stopping threads took: 0.0000191 seconds
[2024-05-17T08:56:48.358+0000][13.913s][info ][gc,stringdedup] Concurrent String Deduplication (13.913s)
[2024-05-17T08:56:48.358+0000][13.913s][info ][gc,stringdedup] Concurrent String Deduplication 20000.0B->9600.0B(10400.0B) avg 41.6% (13.913s, 13.913s) 0.171ms
[2024-05-17T08:56:49.358+0000][14.913s][debug][safepoint     ] Safepoint synchronization initiated. (11 threads)
[2024-05-17T08:56:49.358+0000][14.913s][info ][safepoint     ] Application time: 1.0001926 seconds
[2024-05-17T08:56:49.358+0000][14.913s][debug][safepoint     ] Waiting for 1 thread(s) to block
[2024-05-17T08:56:49.358+0000][14.913s][info ][safepoint     ] Entering safepoint region: Cleanup
[2024-05-17T08:56:49.358+0000][14.913s][info ][safepoint     ] Leaving safepoint region
[2024-05-17T08:56:49.358+0000][14.913s][info ][safepoint     ] Total time for which application threads were stopped: 0.0003386 seconds, Stopping threads took: 0.0001376 seconds
[2024-05-17T08:56:49.774+0000][15.328s][debug][safepoint     ] Safepoint synchronization initiated. (11 threads)
[2024-05-17T08:56:49.774+0000][15.328s][info ][safepoint     ] Application time: 0.4152587 seconds
[2024-05-17T08:56:49.774+0000][15.328s][info ][safepoint     ] Entering safepoint region: G1CollectForAllocation
[2024-05-17T08:56:49.774+0000][15.329s][info ][gc,start      ] GC(25) Pause Young (Normal) (G1 Evacuation Pause)
[2024-05-17T08:56:49.774+0000][15.329s][info ][gc,task       ] GC(25) Using 4 workers of 4 for evacuation
[2024-05-17T08:56:49.791+0000][15.345s][info ][gc,phases     ] GC(25)   Pre Evacuate Collection Set: 0.0ms
[2024-05-17T08:56:49.791+0000][15.345s][info ][gc,phases     ] GC(25)   Evacuate Collection Set: 13.3ms
[2024-05-17T08:56:49.791+0000][15.345s][info ][gc,phases     ] GC(25)   Post Evacuate Collection Set: 3.1ms
[2024-05-17T08:56:49.791+0000][15.345s][info ][gc,phases     ] GC(25)   Other: 0.2ms
[2024-05-17T08:56:49.791+0000][15.345s][info ][gc,heap       ] GC(25) Eden regions: 183->0(182)
[2024-05-17T08:56:49.791+0000][15.345s][info ][gc,heap       ] GC(25) Survivor regions: 9->10(24)
[2024-05-17T08:56:49.791+0000][15.345s][info ][gc,heap       ] GC(25) Old regions: 25->26
[2024-05-17T08:56:49.791+0000][15.345s][info ][gc,heap       ] GC(25) Humongous regions: 0->0
[2024-05-17T08:56:49.791+0000][15.345s][info ][gc,metaspace  ] GC(25) Metaspace: 41976K(43088K)->41976K(43088K) NonClass: 36773K(37456K)->36773K(37456K) Class: 5202K(5632K)->5202K(5632K)
[2024-05-17T08:56:49.791+0000][15.345s][info ][gc            ] GC(25) Pause Young (Normal) (G1 Evacuation Pause) 214M->33M(320M) 16.831ms
[2024-05-17T08:56:49.791+0000][15.345s][info ][gc,cpu        ] GC(25) User=0.06s Sys=0.00s Real=0.02s
[2024-05-17T08:56:49.791+0000][15.345s][info ][safepoint     ] Leaving safepoint region
[2024-05-17T08:56:49.791+0000][15.346s][info ][safepoint     ] Total time for which application threads were stopped: 0.0170991 seconds, Stopping threads took: 0.0000189 seconds
[2024-05-17T08:56:49.791+0000][15.346s][info ][gc,stringdedup] Concurrent String Deduplication (15.346s)
[2024-05-17T08:56:49.793+0000][15.348s][info ][gc,stringdedup] Concurrent String Deduplication 108.6K->36608.0B(74632.0B) avg 42.0% (15.346s, 15.348s) 2.309ms
[2024-05-17T08:56:49.896+0000][15.450s][debug][safepoint     ] Safepoint synchronization initiated. (11 threads)
[2024-05-17T08:56:49.896+0000][15.450s][info ][safepoint     ] Application time: 0.1048638 seconds
[2024-05-17T08:56:49.896+0000][15.450s][info ][safepoint     ] Entering safepoint region: Deoptimize
[2024-05-17T08:56:49.897+0000][15.452s][info ][safepoint     ] Leaving safepoint region
[2024-05-17T08:56:49.897+0000][15.452s][info ][safepoint     ] Total time for which application threads were stopped: 0.0011903 seconds, Stopping threads took: 0.0000436 seconds
[2024-05-17T08:56:49.917+0000][15.471s][debug][safepoint     ] Safepoint synchronization initiated. (11 threads)
[2024-05-17T08:56:49.917+0000][15.471s][info ][safepoint     ] Application time: 0.0197524 seconds
[2024-05-17T08:56:49.917+0000][15.471s][info ][safepoint     ] Entering safepoint region: Deoptimize
[2024-05-17T08:56:49.917+0000][15.472s][info ][safepoint     ] Leaving safepoint region
[2024-05-17T08:56:49.917+0000][15.472s][info ][safepoint     ] Total time for which application threads were stopped: 0.0005165 seconds, Stopping threads took: 0.0000143 seconds
[2024-05-17T08:56:49.952+0000][15.507s][debug][safepoint     ] Safepoint synchronization initiated. (11 threads)
[2024-05-17T08:56:49.952+0000][15.507s][info ][safepoint     ] Application time: 0.0346671 seconds
[2024-05-17T08:56:49.952+0000][15.507s][info ][safepoint     ] Entering safepoint region: Deoptimize
[2024-05-17T08:56:49.953+0000][15.507s][info ][safepoint     ] Leaving safepoint region
[2024-05-17T08:56:49.953+0000][15.507s][info ][safepoint     ] Total time for which application threads were stopped: 0.0007863 seconds, Stopping threads took: 0.0000163 seconds
[2024-05-17T08:56:50.325+0000][15.880s][debug][safepoint     ] Safepoint synchronization initiated. (11 threads)
[2024-05-17T08:56:50.325+0000][15.880s][info ][safepoint     ] Application time: 0.3727117 seconds
[2024-05-17T08:56:50.325+0000][15.880s][info ][safepoint     ] Entering safepoint region: Deoptimize
[2024-05-17T08:56:50.327+0000][15.881s][info ][safepoint     ] Leaving safepoint region
[2024-05-17T08:56:50.329+0000][15.884s][info ][safepoint     ] Total time for which application threads were stopped: 0.0037068 seconds, Stopping threads took: 0.0000185 seconds
[2024-05-17T08:56:50.331+0000][15.885s][debug][safepoint     ] Safepoint synchronization initiated. (11 threads)
[2024-05-17T08:56:50.331+0000][15.886s][info ][safepoint     ] Application time: 0.0016842 seconds
[2024-05-17T08:56:50.331+0000][15.886s][info ][safepoint     ] Entering safepoint region: Deoptimize
[2024-05-17T08:56:50.331+0000][15.886s][info ][safepoint     ] Leaving safepoint region
[2024-05-17T08:56:50.331+0000][15.886s][info ][safepoint     ] Total time for which application threads were stopped: 0.0003074 seconds, Stopping threads took: 0.0000138 seconds
[2024-05-17T08:56:50.433+0000][15.988s][debug][safepoint     ] Safepoint synchronization initiated. (11 threads)
[2024-05-17T08:56:50.433+0000][15.988s][info ][safepoint     ] Application time: 0.1018984 seconds
[2024-05-17T08:56:50.433+0000][15.988s][info ][safepoint     ] Entering safepoint region: Deoptimize
[2024-05-17T08:56:50.434+0000][15.989s][info ][safepoint     ] Leaving safepoint region
[2024-05-17T08:56:50.434+0000][15.989s][info ][safepoint     ] Total time for which application threads were stopped: 0.0011179 seconds, Stopping threads took: 0.0000184 seconds
[2024-05-17T08:56:50.926+0000][16.480s][debug][safepoint     ] Safepoint synchronization initiated. (11 threads)
[2024-05-17T08:56:50.926+0000][16.480s][info ][safepoint     ] Application time: 0.4914908 seconds
[2024-05-17T08:56:50.926+0000][16.480s][info ][safepoint     ] Entering safepoint region: Deoptimize
[2024-05-17T08:56:50.927+0000][16.482s][info ][safepoint     ] Leaving safepoint region
[2024-05-17T08:56:50.927+0000][16.482s][info ][safepoint     ] Total time for which application threads were stopped: 0.0012664 seconds, Stopping threads took: 0.0000186 seconds
[2024-05-17T08:56:50.928+0000][16.483s][debug][safepoint     ] Safepoint synchronization initiated. (11 threads)
[2024-05-17T08:56:50.928+0000][16.483s][info ][safepoint     ] Application time: 0.0009922 seconds
[2024-05-17T08:56:50.928+0000][16.483s][info ][safepoint     ] Entering safepoint region: Deoptimize
[2024-05-17T08:56:50.928+0000][16.483s][info ][safepoint     ] Leaving safepoint region
[2024-05-17T08:56:50.928+0000][16.483s][info ][safepoint     ] Total time for which application threads were stopped: 0.0004249 seconds, Stopping threads took: 0.0000140 seconds
[2024-05-17T08:56:51.158+0000][16.713s][debug][safepoint     ] Safepoint synchronization initiated. (11 threads)
[2024-05-17T08:56:51.158+0000][16.713s][info ][safepoint     ] Application time: 0.2294903 seconds
[2024-05-17T08:56:51.158+0000][16.713s][info ][safepoint     ] Entering safepoint region: Deoptimize
[2024-05-17T08:56:51.159+0000][16.714s][info ][safepoint     ] Leaving safepoint region
[2024-05-17T08:56:51.159+0000][16.714s][info ][safepoint     ] Total time for which application threads were stopped: 0.0011836 seconds, Stopping threads took: 0.0000190 seconds
[2024-05-17T08:56:51.166+0000][16.721s][debug][safepoint     ] Safepoint synchronization initiated. (11 threads)
[2024-05-17T08:56:51.166+0000][16.721s][info ][safepoint     ] Application time: 0.0072107 seconds
[2024-05-17T08:56:51.166+0000][16.721s][info ][safepoint     ] Entering safepoint region: G1CollectForAllocation
[2024-05-17T08:56:51.167+0000][16.721s][info ][gc,start      ] GC(26) Pause Young (Normal) (G1 Evacuation Pause)
[2024-05-17T08:56:51.167+0000][16.721s][info ][gc,task       ] GC(26) Using 4 workers of 4 for evacuation
[2024-05-17T08:56:51.186+0000][16.741s][info ][gc,phases     ] GC(26)   Pre Evacuate Collection Set: 0.0ms
[2024-05-17T08:56:51.186+0000][16.741s][info ][gc,phases     ] GC(26)   Evacuate Collection Set: 12.6ms
[2024-05-17T08:56:51.186+0000][16.741s][info ][gc,phases     ] GC(26)   Post Evacuate Collection Set: 6.6ms
[2024-05-17T08:56:51.186+0000][16.741s][info ][gc,phases     ] GC(26)   Other: 0.3ms
[2024-05-17T08:56:51.186+0000][16.741s][info ][gc,heap       ] GC(26) Eden regions: 182->0(180)
[2024-05-17T08:56:51.186+0000][16.741s][info ][gc,heap       ] GC(26) Survivor regions: 10->12(24)
[2024-05-17T08:56:51.186+0000][16.741s][info ][gc,heap       ] GC(26) Old regions: 26->26
[2024-05-17T08:56:51.186+0000][16.741s][info ][gc,heap       ] GC(26) Humongous regions: 0->0
[2024-05-17T08:56:51.186+0000][16.741s][info ][gc,metaspace  ] GC(26) Metaspace: 48055K(49232K)->48055K(49232K) NonClass: 42086K(42832K)->42086K(42832K) Class: 5968K(6400K)->5968K(6400K)
[2024-05-17T08:56:51.186+0000][16.741s][info ][gc            ] GC(26) Pause Young (Normal) (G1 Evacuation Pause) 215M->36M(320M) 19.712ms
[2024-05-17T08:56:51.186+0000][16.741s][info ][gc,cpu        ] GC(26) User=0.05s Sys=0.00s Real=0.02s
[2024-05-17T08:56:51.186+0000][16.741s][info ][safepoint     ] Leaving safepoint region
[2024-05-17T08:56:51.186+0000][16.741s][info ][safepoint     ] Total time for which application threads were stopped: 0.0199188 seconds, Stopping threads took: 0.0000138 seconds
[2024-05-17T08:56:51.187+0000][16.741s][info ][gc,stringdedup] Concurrent String Deduplication (16.741s)
[2024-05-17T08:56:51.188+0000][16.742s][info ][gc,stringdedup] Concurrent String Deduplication 273.0K->62808.0B(211.7K) avg 43.0% (16.741s, 16.742s) 1.349ms
[2024-05-17T08:56:51.359+0000][16.914s][debug][safepoint     ] Safepoint synchronization initiated. (11 threads)
[2024-05-17T08:56:51.359+0000][16.914s][info ][safepoint     ] Application time: 0.1727746 seconds
[2024-05-17T08:56:51.359+0000][16.914s][info ][safepoint     ] Entering safepoint region: Deoptimize
[2024-05-17T08:56:51.360+0000][16.915s][info ][safepoint     ] Leaving safepoint region
[2024-05-17T08:56:51.360+0000][16.915s][info ][safepoint     ] Total time for which application threads were stopped: 0.0012511 seconds, Stopping threads took: 0.0000184 seconds
[2024-05-17T08:56:51.824+0000][17.379s][debug][safepoint     ] Safepoint synchronization initiated. (11 threads)
[2024-05-17T08:56:51.824+0000][17.379s][info ][safepoint     ] Application time: 0.4637134 seconds
[2024-05-17T08:56:51.824+0000][17.379s][info ][safepoint     ] Entering safepoint region: Deoptimize
[2024-05-17T08:56:51.825+0000][17.380s][info ][safepoint     ] Leaving safepoint region
[2024-05-17T08:56:51.825+0000][17.380s][info ][safepoint     ] Total time for which application threads were stopped: 0.0010529 seconds, Stopping threads took: 0.0000185 seconds
[2024-05-17T08:56:52.825+0000][18.380s][debug][safepoint     ] Safepoint synchronization initiated. (13 threads)
[2024-05-17T08:56:52.826+0000][18.380s][info ][safepoint     ] Application time: 1.0004174 seconds
[2024-05-17T08:56:52.826+0000][18.380s][info ][safepoint     ] Entering safepoint region: Cleanup
[2024-05-17T08:56:52.826+0000][18.381s][info ][safepoint     ] Leaving safepoint region
[2024-05-17T08:56:52.826+0000][18.381s][info ][safepoint     ] Total time for which application threads were stopped: 0.0005496 seconds, Stopping threads took: 0.0001775 seconds
[2024-05-17T08:56:52.963+0000][18.517s][debug][safepoint     ] Safepoint synchronization initiated. (13 threads)
[2024-05-17T08:56:52.963+0000][18.517s][info ][safepoint     ] Application time: 0.1363612 seconds
[2024-05-17T08:56:52.965+0000][18.519s][info ][safepoint     ] Entering safepoint region: Deoptimize
[2024-05-17T08:56:52.966+0000][18.521s][info ][safepoint     ] Leaving safepoint region
[2024-05-17T08:56:52.966+0000][18.521s][info ][safepoint     ] Total time for which application threads were stopped: 0.0033465 seconds, Stopping threads took: 0.0021279 seconds
[2024-05-17T08:56:53.064+0000][18.619s][debug][safepoint     ] Safepoint synchronization initiated. (13 threads)
[2024-05-17T08:56:53.064+0000][18.619s][info ][safepoint     ] Application time: 0.0979947 seconds
[2024-05-17T08:56:53.064+0000][18.619s][debug][safepoint     ] Waiting for 1 thread(s) to block
[2024-05-17T08:56:53.064+0000][18.619s][info ][safepoint     ] Entering safepoint region: Deoptimize
[2024-05-17T08:56:53.065+0000][18.619s][info ][safepoint     ] Leaving safepoint region
[2024-05-17T08:56:53.065+0000][18.619s][info ][safepoint     ] Total time for which application threads were stopped: 0.0007381 seconds, Stopping threads took: 0.0000738 seconds
[2024-05-17T08:56:53.322+0000][18.876s][debug][safepoint     ] Safepoint synchronization initiated. (13 threads)
[2024-05-17T08:56:53.322+0000][18.876s][info ][safepoint     ] Application time: 0.2571164 seconds
[2024-05-17T08:56:53.322+0000][18.876s][debug][safepoint     ] Waiting for 1 thread(s) to block
[2024-05-17T08:56:53.322+0000][18.877s][info ][safepoint     ] Entering safepoint region: ICBufferFull
[2024-05-17T08:56:53.322+0000][18.877s][info ][safepoint     ] Leaving safepoint region
[2024-05-17T08:56:53.322+0000][18.877s][info ][safepoint     ] Total time for which application threads were stopped: 0.0004773 seconds, Stopping threads took: 0.0001010 seconds
[2024-05-17T08:56:53.653+0000][19.208s][debug][safepoint     ] Safepoint synchronization initiated. (13 threads)
[2024-05-17T08:56:53.653+0000][19.208s][info ][safepoint     ] Application time: 0.3311398 seconds
[2024-05-17T08:56:53.654+0000][19.208s][info ][safepoint     ] Entering safepoint region: G1CollectForAllocation
[2024-05-17T08:56:53.654+0000][19.209s][info ][gc,start      ] GC(27) Pause Young (Normal) (G1 Evacuation Pause)
[2024-05-17T08:56:53.654+0000][19.209s][info ][gc,task       ] GC(27) Using 4 workers of 4 for evacuation
[2024-05-17T08:56:53.674+0000][19.228s][info ][gc,phases     ] GC(27)   Pre Evacuate Collection Set: 0.0ms
[2024-05-17T08:56:53.674+0000][19.228s][info ][gc,phases     ] GC(27)   Evacuate Collection Set: 16.7ms
[2024-05-17T08:56:53.674+0000][19.228s][info ][gc,phases     ] GC(27)   Post Evacuate Collection Set: 2.6ms
[2024-05-17T08:56:53.674+0000][19.228s][info ][gc,phases     ] GC(27)   Other: 0.4ms
[2024-05-17T08:56:53.674+0000][19.229s][info ][gc,heap       ] GC(27) Eden regions: 180->0(176)
[2024-05-17T08:56:53.674+0000][19.229s][info ][gc,heap       ] GC(27) Survivor regions: 12->16(24)
[2024-05-17T08:56:53.674+0000][19.229s][info ][gc,heap       ] GC(27) Old regions: 26->26
[2024-05-17T08:56:53.674+0000][19.229s][info ][gc,heap       ] GC(27) Humongous regions: 0->0
[2024-05-17T08:56:53.674+0000][19.229s][info ][gc,metaspace  ] GC(27) Metaspace: 53962K(55504K)->53962K(55504K) NonClass: 47295K(48208K)->47295K(48208K) Class: 6666K(7296K)->6666K(7296K)
[2024-05-17T08:56:53.674+0000][19.229s][info ][gc            ] GC(27) Pause Young (Normal) (G1 Evacuation Pause) 216M->40M(320M) 19.949ms
[2024-05-17T08:56:53.674+0000][19.229s][info ][gc,cpu        ] GC(27) User=0.08s Sys=0.00s Real=0.02s
[2024-05-17T08:56:53.674+0000][19.229s][info ][safepoint     ] Leaving safepoint region
[2024-05-17T08:56:53.674+0000][19.229s][info ][safepoint     ] Total time for which application threads were stopped: 0.0205247 seconds, Stopping threads took: 0.0000208 seconds
[2024-05-17T08:56:53.674+0000][19.229s][info ][gc,stringdedup] Concurrent String Deduplication (19.229s)
[2024-05-17T08:56:53.675+0000][19.230s][info ][gc,stringdedup] Concurrent String Deduplication 181.6K->86272.0B(99680.0B) avg 43.2% (19.229s, 19.230s) 1.127ms
[2024-05-17T08:56:54.650+0000][20.205s][debug][safepoint     ] Safepoint synchronization initiated. (13 threads)
[2024-05-17T08:56:54.650+0000][20.205s][info ][safepoint     ] Application time: 0.9763669 seconds
[2024-05-17T08:56:54.650+0000][20.205s][info ][safepoint     ] Entering safepoint region: G1CollectForAllocation
[2024-05-17T08:56:54.651+0000][20.205s][info ][gc,start      ] GC(28) Pause Young (Normal) (G1 Evacuation Pause)
[2024-05-17T08:56:54.651+0000][20.205s][info ][gc,task       ] GC(28) Using 4 workers of 4 for evacuation
[2024-05-17T08:56:54.686+0000][20.241s][info ][gc,phases     ] GC(28)   Pre Evacuate Collection Set: 0.0ms
[2024-05-17T08:56:54.686+0000][20.241s][info ][gc,phases     ] GC(28)   Evacuate Collection Set: 31.4ms
[2024-05-17T08:56:54.686+0000][20.241s][info ][gc,phases     ] GC(28)   Post Evacuate Collection Set: 3.6ms
[2024-05-17T08:56:54.686+0000][20.241s][info ][gc,phases     ] GC(28)   Other: 0.3ms
[2024-05-17T08:56:54.686+0000][20.241s][info ][gc,heap       ] GC(28) Eden regions: 176->0(179)
[2024-05-17T08:56:54.686+0000][20.241s][info ][gc,heap       ] GC(28) Survivor regions: 16->13(24)
[2024-05-17T08:56:54.686+0000][20.241s][info ][gc,heap       ] GC(28) Old regions: 26->29
[2024-05-17T08:56:54.686+0000][20.241s][info ][gc,heap       ] GC(28) Humongous regions: 0->0
[2024-05-17T08:56:54.686+0000][20.241s][info ][gc,metaspace  ] GC(28) Metaspace: 56897K(58448K)->56897K(58448K) NonClass: 49798K(50768K)->49798K(50768K) Class: 7099K(7680K)->7099K(7680K)
[2024-05-17T08:56:54.686+0000][20.241s][info ][gc            ] GC(28) Pause Young (Normal) (G1 Evacuation Pause) 216M->39M(320M) 35.432ms
[2024-05-17T08:56:54.686+0000][20.241s][info ][gc,cpu        ] GC(28) User=0.10s Sys=0.02s Real=0.03s
[2024-05-17T08:56:54.686+0000][20.241s][info ][safepoint     ] Leaving safepoint region
[2024-05-17T08:56:54.686+0000][20.241s][info ][safepoint     ] Total time for which application threads were stopped: 0.0357675 seconds, Stopping threads took: 0.0000367 seconds
[2024-05-17T08:56:54.686+0000][20.241s][info ][gc,stringdedup] Concurrent String Deduplication (20.241s)
[2024-05-17T08:56:54.688+0000][20.243s][info ][gc,stringdedup] Concurrent String Deduplication 198.3K->79504.0B(120.7K) avg 43.6% (20.241s, 20.243s) 1.919ms
[2024-05-17T08:56:55.163+0000][20.718s][debug][safepoint     ] Safepoint synchronization initiated. (13 threads)
[2024-05-17T08:56:55.163+0000][20.718s][info ][safepoint     ] Application time: 0.4767109 seconds
[2024-05-17T08:56:55.163+0000][20.718s][info ][safepoint     ] Entering safepoint region: CollectForMetadataAllocation
[2024-05-17T08:56:55.163+0000][20.718s][info ][gc,start      ] GC(29) Pause Young (Concurrent Start) (Metadata GC Threshold)
[2024-05-17T08:56:55.163+0000][20.718s][info ][gc,task       ] GC(29) Using 4 workers of 4 for evacuation
[2024-05-17T08:56:55.182+0000][20.737s][info ][gc,phases     ] GC(29)   Pre Evacuate Collection Set: 0.2ms
[2024-05-17T08:56:55.182+0000][20.737s][info ][gc,phases     ] GC(29)   Evacuate Collection Set: 15.8ms
[2024-05-17T08:56:55.182+0000][20.737s][info ][gc,phases     ] GC(29)   Post Evacuate Collection Set: 2.8ms
[2024-05-17T08:56:55.182+0000][20.737s][info ][gc,phases     ] GC(29)   Other: 0.3ms
[2024-05-17T08:56:55.182+0000][20.737s][info ][gc,heap       ] GC(29) Eden regions: 81->0(177)
[2024-05-17T08:56:55.183+0000][20.737s][info ][gc,heap       ] GC(29) Survivor regions: 13->14(24)
[2024-05-17T08:56:55.183+0000][20.737s][info ][gc,heap       ] GC(29) Old regions: 29->29
[2024-05-17T08:56:55.183+0000][20.737s][info ][gc,heap       ] GC(29) Humongous regions: 0->0
[2024-05-17T08:56:55.183+0000][20.737s][info ][gc,metaspace  ] GC(29) Metaspace: 58867K(60296K)->58867K(60296K) NonClass: 51397K(52232K)->51397K(52232K) Class: 7469K(8064K)->7469K(8064K)
[2024-05-17T08:56:55.183+0000][20.737s][info ][gc            ] GC(29) Pause Young (Concurrent Start) (Metadata GC Threshold) 120M->41M(320M) 19.408ms
[2024-05-17T08:56:55.183+0000][20.737s][info ][gc,cpu        ] GC(29) User=0.06s Sys=0.00s Real=0.02s
[2024-05-17T08:56:55.183+0000][20.737s][info ][safepoint     ] Leaving safepoint region
[2024-05-17T08:56:55.183+0000][20.737s][info ][gc            ] GC(30) Concurrent Cycle
[2024-05-17T08:56:55.183+0000][20.737s][info ][gc,marking    ] GC(30) Concurrent Clear Claimed Marks
[2024-05-17T08:56:55.183+0000][20.737s][info ][safepoint     ] Total time for which application threads were stopped: 0.0197950 seconds, Stopping threads took: 0.0000206 seconds
[2024-05-17T08:56:55.183+0000][20.738s][info ][gc,marking    ] GC(30) Concurrent Clear Claimed Marks 0.082ms
[2024-05-17T08:56:55.183+0000][20.738s][info ][gc,marking    ] GC(30) Concurrent Scan Root Regions
[2024-05-17T08:56:55.183+0000][20.738s][info ][gc,stringdedup] Concurrent String Deduplication (20.738s)
[2024-05-17T08:56:55.186+0000][20.741s][info ][gc,stringdedup] Concurrent String Deduplication 367.2K->167.8K(199.4K) avg 44.0% (20.738s, 20.740s) 2.864ms
[2024-05-17T08:56:55.195+0000][20.750s][info ][gc,marking    ] GC(30) Concurrent Scan Root Regions 12.513ms
[2024-05-17T08:56:55.195+0000][20.750s][info ][gc,marking    ] GC(30) Concurrent Mark (20.750s)
[2024-05-17T08:56:55.196+0000][20.750s][info ][gc,marking    ] GC(30) Concurrent Mark From Roots
[2024-05-17T08:56:55.196+0000][20.750s][info ][gc,task       ] GC(30) Using 1 workers of 1 for marking
[2024-05-17T08:56:55.247+0000][20.801s][debug][safepoint     ] Safepoint synchronization initiated. (13 threads)
[2024-05-17T08:56:55.247+0000][20.802s][info ][safepoint     ] Application time: 0.0639941 seconds
[2024-05-17T08:56:55.247+0000][20.802s][info ][safepoint     ] Entering safepoint region: CollectForMetadataAllocation
[2024-05-17T08:56:55.247+0000][20.802s][info ][safepoint     ] Leaving safepoint region
[2024-05-17T08:56:55.247+0000][20.802s][info ][safepoint     ] Total time for which application threads were stopped: 0.0003308 seconds, Stopping threads took: 0.0000213 seconds
[2024-05-17T08:56:55.249+0000][20.803s][info ][gc,marking    ] GC(30) Concurrent Mark From Roots 53.082ms
[2024-05-17T08:56:55.249+0000][20.803s][info ][gc,marking    ] GC(30) Concurrent Preclean
[2024-05-17T08:56:55.249+0000][20.804s][info ][gc,marking    ] GC(30) Concurrent Preclean 0.336ms
[2024-05-17T08:56:55.249+0000][20.804s][info ][gc,marking    ] GC(30) Concurrent Mark (20.750s, 20.804s) 53.557ms
[2024-05-17T08:56:55.249+0000][20.804s][debug][safepoint     ] Safepoint synchronization initiated. (13 threads)
[2024-05-17T08:56:55.249+0000][20.804s][info ][safepoint     ] Application time: 0.0019918 seconds
[2024-05-17T08:56:55.249+0000][20.804s][debug][safepoint     ] Waiting for 1 thread(s) to block
[2024-05-17T08:56:55.249+0000][20.804s][info ][safepoint     ] Entering safepoint region: CGC_Operation
[2024-05-17T08:56:55.250+0000][20.804s][info ][gc,start      ] GC(30) Pause Remark
[2024-05-17T08:56:55.261+0000][20.816s][info ][gc,stringtable] GC(30) Cleaned string and symbol table, strings: 23501 processed, 0 removed, symbols: 192577 processed, 193 removed
[2024-05-17T08:56:55.261+0000][20.816s][info ][gc            ] GC(30) Pause Remark 50M->50M(320M) 11.916ms
[2024-05-17T08:56:55.261+0000][20.816s][info ][gc,cpu        ] GC(30) User=0.04s Sys=0.00s Real=0.02s
[2024-05-17T08:56:55.262+0000][20.816s][info ][safepoint     ] Leaving safepoint region
[2024-05-17T08:56:55.262+0000][20.816s][info ][safepoint     ] Total time for which application threads were stopped: 0.0123696 seconds, Stopping threads took: 0.0000767 seconds
[2024-05-17T08:56:55.262+0000][20.816s][info ][gc,marking    ] GC(30) Concurrent Rebuild Remembered Sets
[2024-05-17T08:56:55.293+0000][20.847s][info ][gc,marking    ] GC(30) Concurrent Rebuild Remembered Sets 31.034ms
[2024-05-17T08:56:55.293+0000][20.847s][debug][safepoint     ] Safepoint synchronization initiated. (13 threads)
[2024-05-17T08:56:55.293+0000][20.848s][info ][safepoint     ] Application time: 0.0312699 seconds
[2024-05-17T08:56:55.293+0000][20.848s][debug][safepoint     ] Waiting for 1 thread(s) to block
[2024-05-17T08:56:55.293+0000][20.848s][info ][safepoint     ] Entering safepoint region: CGC_Operation
[2024-05-17T08:56:55.293+0000][20.848s][info ][gc,start      ] GC(30) Pause Cleanup
[2024-05-17T08:56:55.293+0000][20.848s][info ][gc            ] GC(30) Pause Cleanup 53M->53M(320M) 0.208ms
[2024-05-17T08:56:55.293+0000][20.848s][info ][gc,cpu        ] GC(30) User=0.00s Sys=0.00s Real=0.00s
[2024-05-17T08:56:55.293+0000][20.848s][info ][safepoint     ] Leaving safepoint region
[2024-05-17T08:56:55.293+0000][20.848s][info ][safepoint     ] Total time for which application threads were stopped: 0.0004394 seconds, Stopping threads took: 0.0000355 seconds
[2024-05-17T08:56:55.293+0000][20.848s][info ][gc,marking    ] GC(30) Concurrent Cleanup for Next Mark
[2024-05-17T08:56:55.307+0000][20.861s][info ][gc,marking    ] GC(30) Concurrent Cleanup for Next Mark 13.405ms
[2024-05-17T08:56:55.307+0000][20.862s][info ][gc            ] GC(30) Concurrent Cycle 124.150ms
[2024-05-17T08:56:56.294+0000][21.848s][debug][safepoint     ] Safepoint synchronization initiated. (16 threads)
[2024-05-17T08:56:56.294+0000][21.848s][info ][safepoint     ] Application time: 1.0002155 seconds
[2024-05-17T08:56:56.294+0000][21.848s][debug][safepoint     ] ... found polling page loop exception at pc = 0x00007faa8c3ee117, stub =0x00007faa84826680
[2024-05-17T08:56:56.294+0000][21.848s][debug][safepoint     ] Waiting for 1 thread(s) to block
[2024-05-17T08:56:56.294+0000][21.848s][info ][safepoint     ] Entering safepoint region: Cleanup
[2024-05-17T08:56:56.297+0000][21.852s][info ][safepoint     ] Leaving safepoint region
[2024-05-17T08:56:56.297+0000][21.852s][info ][safepoint     ] Total time for which application threads were stopped: 0.0037681 seconds, Stopping threads took: 0.0001899 seconds
[2024-05-17T08:56:56.645+0000][22.199s][debug][safepoint     ] Safepoint synchronization initiated. (16 threads)
[2024-05-17T08:56:56.645+0000][22.199s][info ][safepoint     ] Application time: 0.3474621 seconds
[2024-05-17T08:56:56.645+0000][22.200s][info ][safepoint     ] Entering safepoint region: Deoptimize
[2024-05-17T08:56:56.647+0000][22.201s][info ][safepoint     ] Leaving safepoint region
[2024-05-17T08:56:56.647+0000][22.201s][info ][safepoint     ] Total time for which application threads were stopped: 0.0018885 seconds, Stopping threads took: 0.0000203 seconds
[2024-05-17T08:56:56.721+0000][22.276s][debug][safepoint     ] Safepoint synchronization initiated. (16 threads)
[2024-05-17T08:56:56.721+0000][22.276s][info ][safepoint     ] Application time: 0.0745776 seconds
[2024-05-17T08:56:56.721+0000][22.276s][info ][safepoint     ] Entering safepoint region: Deoptimize
[2024-05-17T08:56:56.723+0000][22.277s][info ][safepoint     ] Leaving safepoint region
[2024-05-17T08:56:56.723+0000][22.277s][info ][safepoint     ] Total time for which application threads were stopped: 0.0013895 seconds, Stopping threads took: 0.0000209 seconds
[2024-05-17T08:56:56.765+0000][22.320s][debug][safepoint     ] Safepoint synchronization initiated. (16 threads)
[2024-05-17T08:56:56.765+0000][22.320s][info ][safepoint     ] Application time: 0.0423294 seconds
[2024-05-17T08:56:56.765+0000][22.320s][info ][safepoint     ] Entering safepoint region: G1CollectForAllocation
[2024-05-17T08:56:56.765+0000][22.320s][info ][gc,start      ] GC(31) Pause Young (Concurrent Start) (G1 Evacuation Pause)
[2024-05-17T08:56:56.765+0000][22.320s][info ][gc,task       ] GC(31) Using 4 workers of 4 for evacuation
[2024-05-17T08:56:56.794+0000][22.349s][info ][gc,phases     ] GC(31)   Pre Evacuate Collection Set: 0.3ms
[2024-05-17T08:56:56.794+0000][22.349s][info ][gc,phases     ] GC(31)   Evacuate Collection Set: 25.5ms
[2024-05-17T08:56:56.794+0000][22.349s][info ][gc,phases     ] GC(31)   Post Evacuate Collection Set: 3.0ms
[2024-05-17T08:56:56.795+0000][22.349s][info ][gc,phases     ] GC(31)   Other: 0.4ms
[2024-05-17T08:56:56.795+0000][22.349s][info ][gc,heap       ] GC(31) Eden regions: 177->0(175)
[2024-05-17T08:56:56.795+0000][22.349s][info ][gc,heap       ] GC(31) Survivor regions: 14->17(24)
[2024-05-17T08:56:56.795+0000][22.349s][info ][gc,heap       ] GC(31) Old regions: 29->29
[2024-05-17T08:56:56.795+0000][22.349s][info ][gc,heap       ] GC(31) Humongous regions: 0->0
[2024-05-17T08:56:56.795+0000][22.349s][info ][gc,metaspace  ] GC(31) Metaspace: 65257K(66696K)->65257K(66696K) NonClass: 56964K(57864K)->56964K(57864K) Class: 8293K(8832K)->8293K(8832K)
[2024-05-17T08:56:56.795+0000][22.349s][info ][gc            ] GC(31) Pause Young (Concurrent Start) (G1 Evacuation Pause) 218M->44M(320M) 29.332ms
[2024-05-17T08:56:56.795+0000][22.349s][info ][gc,cpu        ] GC(31) User=0.08s Sys=0.00s Real=0.03s
[2024-05-17T08:56:56.795+0000][22.349s][info ][safepoint     ] Leaving safepoint region
[2024-05-17T08:56:56.795+0000][22.349s][info ][safepoint     ] Total time for which application threads were stopped: 0.0295638 seconds, Stopping threads took: 0.0000185 seconds
[2024-05-17T08:56:56.795+0000][22.349s][info ][gc            ] GC(32) Concurrent Cycle
[2024-05-17T08:56:56.795+0000][22.349s][info ][gc,marking    ] GC(32) Concurrent Clear Claimed Marks
[2024-05-17T08:56:56.795+0000][22.350s][info ][gc,marking    ] GC(32) Concurrent Clear Claimed Marks 0.162ms
[2024-05-17T08:56:56.795+0000][22.350s][info ][gc,marking    ] GC(32) Concurrent Scan Root Regions
[2024-05-17T08:56:56.795+0000][22.350s][info ][gc,stringdedup] Concurrent String Deduplication (22.350s)
[2024-05-17T08:56:56.796+0000][22.350s][info ][gc,stringdedup] Concurrent String Deduplication 60360.0B->5632.0B(54728.0B) avg 44.3% (22.350s, 22.350s) 0.660ms
[2024-05-17T08:56:56.811+0000][22.366s][info ][gc,marking    ] GC(32) Concurrent Scan Root Regions 16.147ms
[2024-05-17T08:56:56.811+0000][22.366s][info ][gc,marking    ] GC(32) Concurrent Mark (22.366s)
[2024-05-17T08:56:56.811+0000][22.366s][info ][gc,marking    ] GC(32) Concurrent Mark From Roots
[2024-05-17T08:56:56.811+0000][22.366s][info ][gc,task       ] GC(32) Using 1 workers of 1 for marking
[2024-05-17T08:56:56.866+0000][22.421s][info ][gc,marking    ] GC(32) Concurrent Mark From Roots 55.303ms
[2024-05-17T08:56:56.867+0000][22.421s][info ][gc,marking    ] GC(32) Concurrent Preclean
[2024-05-17T08:56:56.867+0000][22.421s][info ][gc,marking    ] GC(32) Concurrent Preclean 0.147ms
[2024-05-17T08:56:56.867+0000][22.421s][info ][gc,marking    ] GC(32) Concurrent Mark (22.366s, 22.421s) 55.553ms
[2024-05-17T08:56:56.867+0000][22.421s][debug][safepoint     ] Safepoint synchronization initiated. (16 threads)
[2024-05-17T08:56:56.867+0000][22.421s][info ][safepoint     ] Application time: 0.0720668 seconds
[2024-05-17T08:56:56.867+0000][22.421s][info ][safepoint     ] Entering safepoint region: CGC_Operation
[2024-05-17T08:56:56.867+0000][22.422s][info ][gc,start      ] GC(32) Pause Remark
[2024-05-17T08:56:56.882+0000][22.436s][info ][gc,stringtable] GC(32) Cleaned string and symbol table, strings: 26479 processed, 1 removed, symbols: 209195 processed, 15 removed
[2024-05-17T08:56:56.882+0000][22.437s][info ][gc            ] GC(32) Pause Remark 58M->58M(320M) 15.066ms
[2024-05-17T08:56:56.882+0000][22.437s][info ][gc,cpu        ] GC(32) User=0.06s Sys=0.00s Real=0.02s
[2024-05-17T08:56:56.882+0000][22.437s][info ][safepoint     ] Leaving safepoint region
[2024-05-17T08:56:56.882+0000][22.437s][info ][safepoint     ] Total time for which application threads were stopped: 0.0152584 seconds, Stopping threads took: 0.0000206 seconds
[2024-05-17T08:56:56.882+0000][22.437s][info ][gc,marking    ] GC(32) Concurrent Rebuild Remembered Sets
[2024-05-17T08:56:56.912+0000][22.467s][info ][gc,marking    ] GC(32) Concurrent Rebuild Remembered Sets 29.733ms
[2024-05-17T08:56:56.912+0000][22.467s][debug][safepoint     ] Safepoint synchronization initiated. (16 threads)
[2024-05-17T08:56:56.912+0000][22.467s][info ][safepoint     ] Application time: 0.0299153 seconds
[2024-05-17T08:56:56.912+0000][22.467s][debug][safepoint     ] ... found polling page loop exception at pc = 0x00007faa8c3ee117, stub =0x00007faa84826680
[2024-05-17T08:56:56.912+0000][22.467s][debug][safepoint     ] Waiting for 1 thread(s) to block
[2024-05-17T08:56:56.912+0000][22.467s][info ][safepoint     ] Entering safepoint region: CGC_Operation
[2024-05-17T08:56:56.912+0000][22.467s][info ][gc,start      ] GC(32) Pause Cleanup
[2024-05-17T08:56:56.912+0000][22.467s][info ][gc            ] GC(32) Pause Cleanup 65M->65M(320M) 0.175ms
[2024-05-17T08:56:56.913+0000][22.467s][info ][gc,cpu        ] GC(32) User=0.00s Sys=0.00s Real=0.00s
[2024-05-17T08:56:56.913+0000][22.467s][info ][safepoint     ] Leaving safepoint region
[2024-05-17T08:56:56.913+0000][22.467s][info ][safepoint     ] Total time for which application threads were stopped: 0.0004762 seconds, Stopping threads took: 0.0001297 seconds
[2024-05-17T08:56:56.913+0000][22.467s][info ][gc,marking    ] GC(32) Concurrent Cleanup for Next Mark
[2024-05-17T08:56:56.918+0000][22.472s][info ][gc,marking    ] GC(32) Concurrent Cleanup for Next Mark 4.933ms
[2024-05-17T08:56:56.918+0000][22.472s][info ][gc            ] GC(32) Concurrent Cycle 122.842ms
[2024-05-17T08:56:57.188+0000][22.743s][debug][safepoint     ] Safepoint synchronization initiated. (16 threads)
[2024-05-17T08:56:57.188+0000][22.743s][info ][safepoint     ] Application time: 0.2759116 seconds
[2024-05-17T08:56:57.188+0000][22.743s][debug][safepoint     ] Waiting for 2 thread(s) to block
[2024-05-17T08:56:57.189+0000][22.743s][info ][safepoint     ] Entering safepoint region: ICBufferFull
[2024-05-17T08:56:57.189+0000][22.743s][info ][safepoint     ] Leaving safepoint region
[2024-05-17T08:56:57.189+0000][22.743s][info ][safepoint     ] Total time for which application threads were stopped: 0.0003041 seconds, Stopping threads took: 0.0000645 seconds
[2024-05-17T08:56:57.826+0000][23.381s][debug][safepoint     ] Safepoint synchronization initiated. (16 threads)
[2024-05-17T08:56:57.826+0000][23.381s][info ][safepoint     ] Application time: 0.6376102 seconds
[2024-05-17T08:56:57.826+0000][23.381s][info ][safepoint     ] Entering safepoint region: G1CollectForAllocation
[2024-05-17T08:56:57.827+0000][23.381s][info ][gc,start      ] GC(33) Pause Young (Normal) (G1 Evacuation Pause)
[2024-05-17T08:56:57.827+0000][23.381s][info ][gc,task       ] GC(33) Using 4 workers of 4 for evacuation
[2024-05-17T08:56:57.872+0000][23.427s][info ][gc,phases     ] GC(33)   Pre Evacuate Collection Set: 0.0ms
[2024-05-17T08:56:57.872+0000][23.427s][info ][gc,phases     ] GC(33)   Evacuate Collection Set: 40.1ms
[2024-05-17T08:56:57.872+0000][23.427s][info ][gc,phases     ] GC(33)   Post Evacuate Collection Set: 5.0ms
[2024-05-17T08:56:57.872+0000][23.427s][info ][gc,phases     ] GC(33)   Other: 0.2ms
[2024-05-17T08:56:57.872+0000][23.427s][info ][gc,heap       ] GC(33) Eden regions: 175->0(217)
[2024-05-17T08:56:57.872+0000][23.427s][info ][gc,heap       ] GC(33) Survivor regions: 17->12(24)
[2024-05-17T08:56:57.872+0000][23.427s][info ][gc,heap       ] GC(33) Old regions: 29->37
[2024-05-17T08:56:57.872+0000][23.427s][info ][gc,heap       ] GC(33) Humongous regions: 0->0
[2024-05-17T08:56:57.872+0000][23.427s][info ][gc,metaspace  ] GC(33) Metaspace: 68752K(70408K)->68752K(70408K) NonClass: 59942K(60936K)->59942K(60936K) Class: 8809K(9472K)->8809K(9472K)
[2024-05-17T08:56:57.872+0000][23.427s][info ][gc            ] GC(33) Pause Young (Normal) (G1 Evacuation Pause) 219M->46M(384M) 45.585ms
[2024-05-17T08:56:57.872+0000][23.427s][info ][gc,cpu        ] GC(33) User=0.09s Sys=0.05s Real=0.05s
[2024-05-17T08:56:57.872+0000][23.427s][info ][safepoint     ] Leaving safepoint region
[2024-05-17T08:56:57.872+0000][23.427s][info ][safepoint     ] Total time for which application threads were stopped: 0.0459518 seconds, Stopping threads took: 0.0000201 seconds
[2024-05-17T08:56:57.874+0000][23.428s][info ][gc,stringdedup] Concurrent String Deduplication (23.428s)
[2024-05-17T08:56:57.874+0000][23.429s][info ][gc,stringdedup] Concurrent String Deduplication 46880.0B->13536.0B(33344.0B) avg 44.4% (23.428s, 23.429s) 0.405ms
[2024-05-17T08:56:58.457+0000][24.012s][debug][safepoint     ] Safepoint synchronization initiated. (16 threads)
[2024-05-17T08:56:58.457+0000][24.012s][info ][safepoint     ] Application time: 0.5847490 seconds
[2024-05-17T08:56:58.457+0000][24.012s][info ][safepoint     ] Entering safepoint region: ICBufferFull
[2024-05-17T08:56:58.457+0000][24.012s][info ][safepoint     ] Leaving safepoint region
[2024-05-17T08:56:58.457+0000][24.012s][info ][safepoint     ] Total time for which application threads were stopped: 0.0003448 seconds, Stopping threads took: 0.0000197 seconds
[2024-05-17T08:56:58.577+0000][24.131s][debug][safepoint     ] Safepoint synchronization initiated. (16 threads)
[2024-05-17T08:56:58.577+0000][24.131s][info ][safepoint     ] Application time: 0.1191810 seconds
[2024-05-17T08:56:58.577+0000][24.131s][info ][safepoint     ] Entering safepoint region: ICBufferFull
[2024-05-17T08:56:58.577+0000][24.132s][info ][safepoint     ] Leaving safepoint region
[2024-05-17T08:56:58.577+0000][24.132s][info ][safepoint     ] Total time for which application threads were stopped: 0.0002328 seconds, Stopping threads took: 0.0000215 seconds
[2024-05-17T08:56:58.661+0000][24.216s][debug][safepoint     ] Safepoint synchronization initiated. (16 threads)
[2024-05-17T08:56:58.661+0000][24.216s][info ][safepoint     ] Application time: 0.0842634 seconds
[2024-05-17T08:56:58.661+0000][24.216s][debug][safepoint     ] Waiting for 1 thread(s) to block
[2024-05-17T08:56:58.661+0000][24.216s][info ][safepoint     ] Entering safepoint region: ICBufferFull
[2024-05-17T08:56:58.662+0000][24.216s][info ][safepoint     ] Leaving safepoint region
[2024-05-17T08:56:58.662+0000][24.216s][info ][safepoint     ] Total time for which application threads were stopped: 0.0003734 seconds, Stopping threads took: 0.0001254 seconds
[2024-05-17T08:56:58.796+0000][24.351s][debug][safepoint     ] Safepoint synchronization initiated. (16 threads)
[2024-05-17T08:56:58.796+0000][24.351s][info ][safepoint     ] Application time: 0.1345865 seconds
[2024-05-17T08:56:58.796+0000][24.351s][info ][safepoint     ] Entering safepoint region: ICBufferFull
[2024-05-17T08:56:58.796+0000][24.351s][info ][safepoint     ] Leaving safepoint region
[2024-05-17T08:56:58.796+0000][24.351s][info ][safepoint     ] Total time for which application threads were stopped: 0.0002430 seconds, Stopping threads took: 0.0000202 seconds
[2024-05-17T08:56:59.163+0000][24.718s][debug][safepoint     ] Safepoint synchronization initiated. (16 threads)
[2024-05-17T08:56:59.163+0000][24.718s][info ][safepoint     ] Application time: 0.3668723 seconds
[2024-05-17T08:56:59.163+0000][24.718s][debug][safepoint     ] Waiting for 1 thread(s) to block
[2024-05-17T08:56:59.163+0000][24.718s][info ][safepoint     ] Entering safepoint region: ICBufferFull
[2024-05-17T08:56:59.164+0000][24.718s][info ][safepoint     ] Leaving safepoint region
[2024-05-17T08:56:59.164+0000][24.718s][info ][safepoint     ] Total time for which application threads were stopped: 0.0003064 seconds, Stopping threads took: 0.0000710 seconds
[2024-05-17T08:56:59.460+0000][25.015s][debug][safepoint     ] Safepoint synchronization initiated. (17 threads)
[2024-05-17T08:56:59.461+0000][25.015s][info ][safepoint     ] Application time: 0.2968866 seconds
[2024-05-17T08:56:59.461+0000][25.015s][info ][safepoint     ] Entering safepoint region: G1CollectForAllocation
[2024-05-17T08:56:59.461+0000][25.015s][info ][gc,start      ] GC(34) Pause Young (Normal) (G1 Evacuation Pause)
[2024-05-17T08:56:59.461+0000][25.015s][info ][gc,task       ] GC(34) Using 4 workers of 4 for evacuation
[2024-05-17T08:56:59.475+0000][25.029s][info ][gc,phases     ] GC(34)   Pre Evacuate Collection Set: 0.0ms
[2024-05-17T08:56:59.475+0000][25.029s][info ][gc,phases     ] GC(34)   Evacuate Collection Set: 10.7ms
[2024-05-17T08:56:59.475+0000][25.029s][info ][gc,phases     ] GC(34)   Post Evacuate Collection Set: 2.9ms
[2024-05-17T08:56:59.475+0000][25.029s][info ][gc,phases     ] GC(34)   Other: 0.3ms
[2024-05-17T08:56:59.475+0000][25.029s][info ][gc,heap       ] GC(34) Eden regions: 217->0(217)
[2024-05-17T08:56:59.475+0000][25.029s][info ][gc,heap       ] GC(34) Survivor regions: 12->13(29)
[2024-05-17T08:56:59.475+0000][25.029s][info ][gc,heap       ] GC(34) Old regions: 37->37
[2024-05-17T08:56:59.475+0000][25.029s][info ][gc,heap       ] GC(34) Humongous regions: 0->0
[2024-05-17T08:56:59.475+0000][25.029s][info ][gc,metaspace  ] GC(34) Metaspace: 72036K(73864K)->72036K(73864K) NonClass: 62826K(64008K)->62826K(64008K) Class: 9210K(9856K)->9210K(9856K)
[2024-05-17T08:56:59.475+0000][25.030s][info ][gc            ] GC(34) Pause Young (Normal) (G1 Evacuation Pause) 263M->47M(384M) 14.086ms
[2024-05-17T08:56:59.475+0000][25.030s][info ][gc,cpu        ] GC(34) User=0.05s Sys=0.00s Real=0.01s
[2024-05-17T08:56:59.475+0000][25.030s][info ][safepoint     ] Leaving safepoint region
[2024-05-17T08:56:59.475+0000][25.030s][info ][safepoint     ] Total time for which application threads were stopped: 0.0143729 seconds, Stopping threads took: 0.0000207 seconds
[2024-05-17T08:56:59.475+0000][25.030s][info ][gc,stringdedup] Concurrent String Deduplication (25.030s)
[2024-05-17T08:56:59.477+0000][25.032s][info ][gc,stringdedup] Concurrent String Deduplication 239.1K->61424.0B(179.1K) avg 45.1% (25.030s, 25.032s) 2.273ms
[2024-05-17T08:56:59.744+0000][25.299s][debug][safepoint     ] Safepoint synchronization initiated. (17 threads)
[2024-05-17T08:56:59.745+0000][25.299s][info ][safepoint     ] Application time: 0.2695397 seconds
[2024-05-17T08:56:59.745+0000][25.299s][info ][safepoint     ] Entering safepoint region: ICBufferFull
[2024-05-17T08:56:59.745+0000][25.299s][info ][safepoint     ] Leaving safepoint region
[2024-05-17T08:56:59.745+0000][25.299s][info ][safepoint     ] Total time for which application threads were stopped: 0.0002874 seconds, Stopping threads took: 0.0000211 seconds
[2024-05-17T08:56:59.818+0000][25.373s][debug][safepoint     ] Safepoint synchronization initiated. (17 threads)
[2024-05-17T08:56:59.818+0000][25.373s][info ][safepoint     ] Application time: 0.0736682 seconds
[2024-05-17T08:56:59.819+0000][25.373s][info ][safepoint     ] Entering safepoint region: Deoptimize
[2024-05-17T08:56:59.820+0000][25.375s][info ][safepoint     ] Leaving safepoint region
[2024-05-17T08:56:59.820+0000][25.375s][info ][safepoint     ] Total time for which application threads were stopped: 0.0019891 seconds, Stopping threads took: 0.0000203 seconds
[2024-05-17T08:56:59.822+0000][25.377s][debug][safepoint     ] Safepoint synchronization initiated. (17 threads)
[2024-05-17T08:56:59.822+0000][25.377s][info ][safepoint     ] Application time: 0.0014877 seconds
[2024-05-17T08:56:59.822+0000][25.377s][info ][safepoint     ] Entering safepoint region: Deoptimize
[2024-05-17T08:56:59.822+0000][25.377s][info ][safepoint     ] Leaving safepoint region
[2024-05-17T08:56:59.822+0000][25.377s][info ][safepoint     ] Total time for which application threads were stopped: 0.0004141 seconds, Stopping threads took: 0.0000153 seconds
[2024-05-17T08:57:00.222+0000][25.777s][debug][safepoint     ] Safepoint synchronization initiated. (17 threads)
[2024-05-17T08:57:00.222+0000][25.777s][info ][safepoint     ] Application time: 0.3996451 seconds
[2024-05-17T08:57:00.222+0000][25.777s][info ][safepoint     ] Entering safepoint region: Deoptimize
[2024-05-17T08:57:00.224+0000][25.778s][info ][safepoint     ] Leaving safepoint region
[2024-05-17T08:57:00.224+0000][25.778s][info ][safepoint     ] Total time for which application threads were stopped: 0.0016201 seconds, Stopping threads took: 0.0000205 seconds
[2024-05-17T08:57:00.518+0000][26.073s][debug][safepoint     ] Safepoint synchronization initiated. (17 threads)
[2024-05-17T08:57:00.522+0000][26.077s][info ][safepoint     ] Application time: 0.2984888 seconds
[2024-05-17T08:57:00.522+0000][26.077s][info ][safepoint     ] Entering safepoint region: Deoptimize
[2024-05-17T08:57:00.524+0000][26.078s][info ][safepoint     ] Leaving safepoint region
[2024-05-17T08:57:00.524+0000][26.079s][info ][safepoint     ] Total time for which application threads were stopped: 0.0015925 seconds, Stopping threads took: 0.0000224 seconds
[2024-05-17T08:57:00.693+0000][26.248s][debug][safepoint     ] Safepoint synchronization initiated. (17 threads)
[2024-05-17T08:57:00.694+0000][26.248s][info ][safepoint     ] Application time: 0.1696638 seconds
[2024-05-17T08:57:00.694+0000][26.248s][info ][safepoint     ] Entering safepoint region: Deoptimize
[2024-05-17T08:57:00.696+0000][26.250s][info ][safepoint     ] Leaving safepoint region
[2024-05-17T08:57:00.696+0000][26.250s][info ][safepoint     ] Total time for which application threads were stopped: 0.0021136 seconds, Stopping threads took: 0.0000207 seconds
[2024-05-17T08:57:01.039+0000][26.594s][debug][safepoint     ] Safepoint synchronization initiated. (16 threads)
[2024-05-17T08:57:01.039+0000][26.594s][info ][safepoint     ] Application time: 0.3433137 seconds
[2024-05-17T08:57:01.039+0000][26.594s][debug][safepoint     ] Waiting for 1 thread(s) to block
[2024-05-17T08:57:01.039+0000][26.594s][info ][safepoint     ] Entering safepoint region: ICBufferFull
[2024-05-17T08:57:01.039+0000][26.594s][info ][safepoint     ] Leaving safepoint region
[2024-05-17T08:57:01.039+0000][26.594s][info ][safepoint     ] Total time for which application threads were stopped: 0.0003599 seconds, Stopping threads took: 0.0000933 seconds
[2024-05-17T08:57:01.055+0000][26.609s][debug][safepoint     ] Safepoint synchronization initiated. (16 threads)
[2024-05-17T08:57:01.055+0000][26.609s][info ][safepoint     ] Application time: 0.0153393 seconds
[2024-05-17T08:57:01.055+0000][26.609s][info ][safepoint     ] Entering safepoint region: G1CollectForAllocation
[2024-05-17T08:57:01.055+0000][26.610s][info ][gc,start      ] GC(35) Pause Young (Normal) (G1 Evacuation Pause)
[2024-05-17T08:57:01.055+0000][26.610s][info ][gc,task       ] GC(35) Using 4 workers of 4 for evacuation
[2024-05-17T08:57:01.072+0000][26.627s][info ][gc,phases     ] GC(35)   Pre Evacuate Collection Set: 0.0ms
[2024-05-17T08:57:01.072+0000][26.627s][info ][gc,phases     ] GC(35)   Evacuate Collection Set: 13.4ms
[2024-05-17T08:57:01.072+0000][26.627s][info ][gc,phases     ] GC(35)   Post Evacuate Collection Set: 3.8ms
[2024-05-17T08:57:01.072+0000][26.627s][info ][gc,phases     ] GC(35)   Other: 0.2ms
[2024-05-17T08:57:01.072+0000][26.627s][info ][gc,heap       ] GC(35) Eden regions: 217->0(216)
[2024-05-17T08:57:01.072+0000][26.627s][info ][gc,heap       ] GC(35) Survivor regions: 13->14(29)
[2024-05-17T08:57:01.072+0000][26.627s][info ][gc,heap       ] GC(35) Old regions: 37->37
[2024-05-17T08:57:01.072+0000][26.627s][info ][gc,heap       ] GC(35) Humongous regions: 0->0
[2024-05-17T08:57:01.073+0000][26.627s][info ][gc,metaspace  ] GC(35) Metaspace: 78111K(80008K)->78111K(80008K) NonClass: 68163K(69384K)->68163K(69384K) Class: 9948K(10624K)->9948K(10624K)
[2024-05-17T08:57:01.073+0000][26.627s][info ][gc            ] GC(35) Pause Young (Normal) (G1 Evacuation Pause) 264M->48M(384M) 17.617ms
[2024-05-17T08:57:01.073+0000][26.627s][info ][gc,cpu        ] GC(35) User=0.06s Sys=0.01s Real=0.02s
[2024-05-17T08:57:01.073+0000][26.627s][info ][safepoint     ] Leaving safepoint region
[2024-05-17T08:57:01.073+0000][26.627s][info ][safepoint     ] Total time for which application threads were stopped: 0.0178216 seconds, Stopping threads took: 0.0000179 seconds
[2024-05-17T08:57:01.073+0000][26.627s][info ][gc,stringdedup] Concurrent String Deduplication (26.627s)
[2024-05-17T08:57:01.074+0000][26.629s][info ][gc,stringdedup] Concurrent String Deduplication 188.5K->50440.0B(139.3K) avg 45.7% (26.627s, 26.629s) 1.301ms
[2024-05-17T08:57:01.734+0000][27.288s][debug][safepoint     ] Safepoint synchronization initiated. (16 threads)
[2024-05-17T08:57:01.734+0000][27.288s][info ][safepoint     ] Application time: 0.6610089 seconds
[2024-05-17T08:57:01.734+0000][27.288s][info ][safepoint     ] Entering safepoint region: ICBufferFull
[2024-05-17T08:57:01.734+0000][27.289s][info ][safepoint     ] Leaving safepoint region
[2024-05-17T08:57:01.734+0000][27.289s][info ][safepoint     ] Total time for which application threads were stopped: 0.0002619 seconds, Stopping threads took: 0.0000264 seconds
[2024-05-17T08:57:02.384+0000][27.938s][debug][safepoint     ] Safepoint synchronization initiated. (16 threads)
[2024-05-17T08:57:02.384+0000][27.939s][info ][safepoint     ] Application time: 0.6499551 seconds
[2024-05-17T08:57:02.384+0000][27.939s][info ][safepoint     ] Entering safepoint region: ICBufferFull
[2024-05-17T08:57:02.384+0000][27.939s][info ][safepoint     ] Leaving safepoint region
[2024-05-17T08:57:02.384+0000][27.939s][info ][safepoint     ] Total time for which application threads were stopped: 0.0002636 seconds, Stopping threads took: 0.0000196 seconds
[2024-05-17T08:57:02.545+0000][28.100s][debug][safepoint     ] Safepoint synchronization initiated. (16 threads)
[2024-05-17T08:57:02.545+0000][28.100s][info ][safepoint     ] Application time: 0.1612763 seconds
[2024-05-17T08:57:02.546+0000][28.100s][info ][safepoint     ] Entering safepoint region: G1CollectForAllocation
[2024-05-17T08:57:02.546+0000][28.100s][info ][gc,start      ] GC(36) Pause Young (Normal) (G1 Evacuation Pause)
[2024-05-17T08:57:02.546+0000][28.100s][info ][gc,task       ] GC(36) Using 4 workers of 4 for evacuation
[2024-05-17T08:57:02.566+0000][28.120s][info ][gc,phases     ] GC(36)   Pre Evacuate Collection Set: 0.0ms
[2024-05-17T08:57:02.566+0000][28.121s][info ][gc,phases     ] GC(36)   Evacuate Collection Set: 17.1ms
[2024-05-17T08:57:02.566+0000][28.121s][info ][gc,phases     ] GC(36)   Post Evacuate Collection Set: 2.7ms
[2024-05-17T08:57:02.566+0000][28.121s][info ][gc,phases     ] GC(36)   Other: 0.2ms
[2024-05-17T08:57:02.566+0000][28.121s][info ][gc,heap       ] GC(36) Eden regions: 216->0(211)
[2024-05-17T08:57:02.566+0000][28.121s][info ][gc,heap       ] GC(36) Survivor regions: 14->19(29)
[2024-05-17T08:57:02.566+0000][28.121s][info ][gc,heap       ] GC(36) Old regions: 37->37
[2024-05-17T08:57:02.566+0000][28.121s][info ][gc,heap       ] GC(36) Humongous regions: 0->0
[2024-05-17T08:57:02.566+0000][28.121s][info ][gc,metaspace  ] GC(36) Metaspace: 80276K(82184K)->80276K(82184K) NonClass: 70222K(71432K)->70222K(71432K) Class: 10053K(10752K)->10053K(10752K)
[2024-05-17T08:57:02.566+0000][28.121s][info ][gc            ] GC(36) Pause Young (Normal) (G1 Evacuation Pause) 264M->53M(384M) 20.276ms
[2024-05-17T08:57:02.566+0000][28.121s][info ][gc,cpu        ] GC(36) User=0.07s Sys=0.00s Real=0.02s
[2024-05-17T08:57:02.566+0000][28.121s][info ][safepoint     ] Leaving safepoint region
[2024-05-17T08:57:02.566+0000][28.121s][info ][safepoint     ] Total time for which application threads were stopped: 0.0205733 seconds, Stopping threads took: 0.0000273 seconds
[2024-05-17T08:57:02.566+0000][28.121s][info ][gc,stringdedup] Concurrent String Deduplication (28.121s)
[2024-05-17T08:57:02.568+0000][28.122s][info ][gc,stringdedup] Concurrent String Deduplication 233.0K->164.9K(69744.0B) avg 45.3% (28.121s, 28.122s) 1.607ms
[2024-05-17T08:57:02.765+0000][28.320s][debug][safepoint     ] Safepoint synchronization initiated. (16 threads)
[2024-05-17T08:57:02.765+0000][28.320s][info ][safepoint     ] Application time: 0.1988573 seconds
[2024-05-17T08:57:02.765+0000][28.320s][info ][safepoint     ] Entering safepoint region: ICBufferFull
[2024-05-17T08:57:02.765+0000][28.320s][info ][safepoint     ] Leaving safepoint region
[2024-05-17T08:57:02.765+0000][28.320s][info ][safepoint     ] Total time for which application threads were stopped: 0.0002403 seconds, Stopping threads took: 0.0000205 seconds
[2024-05-17T08:57:03.765+0000][29.320s][debug][safepoint     ] Safepoint synchronization initiated. (16 threads)
[2024-05-17T08:57:03.766+0000][29.320s][info ][safepoint     ] Application time: 1.0001951 seconds
[2024-05-17T08:57:03.769+0000][29.324s][debug][safepoint     ] ... found polling page return exception at pc = 0x00007faa85b723b6, stub =0x00007faa84824b00
[2024-05-17T08:57:03.769+0000][29.324s][debug][safepoint     ] Waiting for 1 thread(s) to block
[2024-05-17T08:57:03.769+0000][29.324s][info ][safepoint     ] Entering safepoint region: Cleanup
[2024-05-17T08:57:03.769+0000][29.324s][info ][safepoint     ] Leaving safepoint region
[2024-05-17T08:57:03.769+0000][29.324s][info ][safepoint     ] Total time for which application threads were stopped: 0.0038232 seconds, Stopping threads took: 0.0035812 seconds
[2024-05-17T08:57:03.835+0000][29.389s][debug][safepoint     ] Safepoint synchronization initiated. (16 threads)
[2024-05-17T08:57:03.835+0000][29.390s][info ][safepoint     ] Application time: 0.0654648 seconds
[2024-05-17T08:57:03.835+0000][29.390s][debug][safepoint     ] Waiting for 1 thread(s) to block
[2024-05-17T08:57:03.835+0000][29.390s][info ][safepoint     ] Entering safepoint region: G1CollectForAllocation
[2024-05-17T08:57:03.835+0000][29.390s][info ][gc,start      ] GC(37) Pause Young (Normal) (G1 Evacuation Pause)
[2024-05-17T08:57:03.835+0000][29.390s][info ][gc,task       ] GC(37) Using 4 workers of 4 for evacuation
[2024-05-17T08:57:03.864+0000][29.419s][info ][gc,phases     ] GC(37)   Pre Evacuate Collection Set: 0.0ms
[2024-05-17T08:57:03.864+0000][29.419s][info ][gc,phases     ] GC(37)   Evacuate Collection Set: 25.9ms
[2024-05-17T08:57:03.864+0000][29.419s][info ][gc,phases     ] GC(37)   Post Evacuate Collection Set: 3.0ms
[2024-05-17T08:57:03.865+0000][29.419s][info ][gc,phases     ] GC(37)   Other: 0.3ms
[2024-05-17T08:57:03.865+0000][29.419s][info ][gc,heap       ] GC(37) Eden regions: 211->0(209)
[2024-05-17T08:57:03.865+0000][29.419s][info ][gc,heap       ] GC(37) Survivor regions: 19->21(29)
[2024-05-17T08:57:03.865+0000][29.419s][info ][gc,heap       ] GC(37) Old regions: 37->41
[2024-05-17T08:57:03.865+0000][29.419s][info ][gc,heap       ] GC(37) Humongous regions: 0->0
[2024-05-17T08:57:03.865+0000][29.419s][info ][gc,metaspace  ] GC(37) Metaspace: 81626K(83592K)->81626K(83592K) NonClass: 71505K(72712K)->71505K(72712K) Class: 10120K(10880K)->10120K(10880K)
[2024-05-17T08:57:03.865+0000][29.419s][info ][gc            ] GC(37) Pause Young (Normal) (G1 Evacuation Pause) 264M->59M(384M) 29.449ms
[2024-05-17T08:57:03.865+0000][29.419s][info ][gc,cpu        ] GC(37) User=0.08s Sys=0.02s Real=0.03s
[2024-05-17T08:57:03.865+0000][29.419s][info ][safepoint     ] Leaving safepoint region
[2024-05-17T08:57:03.865+0000][29.419s][info ][safepoint     ] Total time for which application threads were stopped: 0.0297993 seconds, Stopping threads took: 0.0000925 seconds
[2024-05-17T08:57:03.865+0000][29.419s][info ][gc,stringdedup] Concurrent String Deduplication (29.419s)
[2024-05-17T08:57:03.867+0000][29.421s][info ][gc,stringdedup] Concurrent String Deduplication 233.8K->79824.0B(155.8K) avg 45.8% (29.419s, 29.421s) 1.909ms
[2024-05-17T08:57:04.382+0000][29.936s][debug][safepoint     ] Safepoint synchronization initiated. (16 threads)
[2024-05-17T08:57:04.382+0000][29.936s][info ][safepoint     ] Application time: 0.5170137 seconds
[2024-05-17T08:57:04.382+0000][29.936s][info ][safepoint     ] Entering safepoint region: Deoptimize
[2024-05-17T08:57:04.385+0000][29.939s][info ][safepoint     ] Leaving safepoint region
[2024-05-17T08:57:04.385+0000][29.939s][info ][safepoint     ] Total time for which application threads were stopped: 0.0027828 seconds, Stopping threads took: 0.0000210 seconds
[2024-05-17T08:57:05.115+0000][30.670s][debug][safepoint     ] Safepoint synchronization initiated. (16 threads)
[2024-05-17T08:57:05.115+0000][30.670s][info ][safepoint     ] Application time: 0.7308837 seconds
[2024-05-17T08:57:05.115+0000][30.670s][info ][safepoint     ] Entering safepoint region: ICBufferFull
[2024-05-17T08:57:05.116+0000][30.670s][info ][safepoint     ] Leaving safepoint region
[2024-05-17T08:57:05.116+0000][30.670s][info ][safepoint     ] Total time for which application threads were stopped: 0.0003401 seconds, Stopping threads took: 0.0000692 seconds
[2024-05-17T08:57:05.149+0000][30.704s][debug][safepoint     ] Safepoint synchronization initiated. (16 threads)
[2024-05-17T08:57:05.149+0000][30.704s][info ][safepoint     ] Application time: 0.0334639 seconds
[2024-05-17T08:57:05.149+0000][30.704s][debug][safepoint     ] ... found polling page loop exception at pc = 0x00007faa8c867cc5, stub =0x00007faa84826680
[2024-05-17T08:57:05.149+0000][30.704s][debug][safepoint     ] Waiting for 2 thread(s) to block
[2024-05-17T08:57:05.149+0000][30.704s][info ][safepoint     ] Entering safepoint region: ICBufferFull
[2024-05-17T08:57:05.150+0000][30.704s][info ][safepoint     ] Leaving safepoint region
[2024-05-17T08:57:05.150+0000][30.704s][info ][safepoint     ] Total time for which application threads were stopped: 0.0005124 seconds, Stopping threads took: 0.0001824 seconds
[2024-05-17T08:57:05.225+0000][30.780s][debug][safepoint     ] Safepoint synchronization initiated. (16 threads)
[2024-05-17T08:57:05.225+0000][30.780s][info ][safepoint     ] Application time: 0.0753620 seconds
[2024-05-17T08:57:05.225+0000][30.780s][debug][safepoint     ] Waiting for 1 thread(s) to block
[2024-05-17T08:57:05.225+0000][30.780s][info ][safepoint     ] Entering safepoint region: G1CollectForAllocation
[2024-05-17T08:57:05.226+0000][30.780s][info ][gc,start      ] GC(38) Pause Young (Normal) (G1 Evacuation Pause)
[2024-05-17T08:57:05.226+0000][30.780s][info ][gc,task       ] GC(38) Using 4 workers of 4 for evacuation
[2024-05-17T08:57:05.270+0000][30.825s][info ][gc,phases     ] GC(38)   Pre Evacuate Collection Set: 0.0ms
[2024-05-17T08:57:05.270+0000][30.825s][info ][gc,phases     ] GC(38)   Evacuate Collection Set: 40.2ms
[2024-05-17T08:57:05.270+0000][30.825s][info ][gc,phases     ] GC(38)   Post Evacuate Collection Set: 4.0ms
[2024-05-17T08:57:05.270+0000][30.825s][info ][gc,phases     ] GC(38)   Other: 0.2ms
[2024-05-17T08:57:05.270+0000][30.825s][info ][gc,heap       ] GC(38) Eden regions: 209->0(210)
[2024-05-17T08:57:05.270+0000][30.825s][info ][gc,heap       ] GC(38) Survivor regions: 21->20(29)
[2024-05-17T08:57:05.270+0000][30.825s][info ][gc,heap       ] GC(38) Old regions: 41->47
[2024-05-17T08:57:05.270+0000][30.825s][info ][gc,heap       ] GC(38) Humongous regions: 0->0
[2024-05-17T08:57:05.270+0000][30.825s][info ][gc,metaspace  ] GC(38) Metaspace: 84549K(86920K)->84549K(86920K) NonClass: 74076K(75528K)->74076K(75528K) Class: 10472K(11392K)->10472K(11392K)
[2024-05-17T08:57:05.270+0000][30.825s][info ][gc            ] GC(38) Pause Young (Normal) (G1 Evacuation Pause) 268M->64M(384M) 44.635ms
[2024-05-17T08:57:05.270+0000][30.825s][info ][gc,cpu        ] GC(38) User=0.13s Sys=0.03s Real=0.05s
[2024-05-17T08:57:05.270+0000][30.825s][info ][safepoint     ] Leaving safepoint region
[2024-05-17T08:57:05.270+0000][30.825s][info ][safepoint     ] Total time for which application threads were stopped: 0.0450309 seconds, Stopping threads took: 0.0000698 seconds
[2024-05-17T08:57:05.271+0000][30.826s][info ][gc,stringdedup] Concurrent String Deduplication (30.826s)
[2024-05-17T08:57:05.275+0000][30.829s][info ][gc,stringdedup] Concurrent String Deduplication 483.5K->117.5K(366.0K) avg 47.1% (30.826s, 30.829s) 3.090ms
[2024-05-17T08:57:05.952+0000][31.507s][debug][safepoint     ] Safepoint synchronization initiated. (20 threads)
[2024-05-17T08:57:05.952+0000][31.507s][info ][safepoint     ] Application time: 0.6816860 seconds
[2024-05-17T08:57:05.952+0000][31.507s][info ][safepoint     ] Entering safepoint region: Deoptimize
[2024-05-17T08:57:05.954+0000][31.509s][info ][safepoint     ] Leaving safepoint region
[2024-05-17T08:57:05.954+0000][31.509s][info ][safepoint     ] Total time for which application threads were stopped: 0.0020347 seconds, Stopping threads took: 0.0000212 seconds
[2024-05-17T08:57:06.369+0000][31.923s][debug][safepoint     ] Safepoint synchronization initiated. (20 threads)
[2024-05-17T08:57:06.369+0000][31.923s][info ][safepoint     ] Application time: 0.4147237 seconds
[2024-05-17T08:57:06.369+0000][31.923s][info ][safepoint     ] Entering safepoint region: ICBufferFull
[2024-05-17T08:57:06.369+0000][31.924s][info ][safepoint     ] Leaving safepoint region
[2024-05-17T08:57:06.369+0000][31.924s][info ][safepoint     ] Total time for which application threads were stopped: 0.0002769 seconds, Stopping threads took: 0.0000313 seconds
[2024-05-17T08:57:06.399+0000][31.953s][debug][safepoint     ] Safepoint synchronization initiated. (20 threads)
[2024-05-17T08:57:06.399+0000][31.953s][info ][safepoint     ] Application time: 0.0297412 seconds
[2024-05-17T08:57:06.399+0000][31.953s][debug][safepoint     ] Waiting for 1 thread(s) to block
[2024-05-17T08:57:06.399+0000][31.953s][info ][safepoint     ] Entering safepoint region: Deoptimize
[2024-05-17T08:57:06.401+0000][31.956s][info ][safepoint     ] Leaving safepoint region
[2024-05-17T08:57:06.401+0000][31.956s][info ][safepoint     ] Total time for which application threads were stopped: 0.0020794 seconds, Stopping threads took: 0.0000554 seconds
[2024-05-17T08:57:06.548+0000][32.103s][debug][safepoint     ] Safepoint synchronization initiated. (21 threads)
[2024-05-17T08:57:06.548+0000][32.103s][info ][safepoint     ] Application time: 0.1472307 seconds
[2024-05-17T08:57:06.548+0000][32.103s][info ][safepoint     ] Entering safepoint region: G1CollectForAllocation
[2024-05-17T08:57:06.548+0000][32.103s][info ][gc,start      ] GC(39) Pause Young (Normal) (G1 Evacuation Pause)
[2024-05-17T08:57:06.548+0000][32.103s][info ][gc,task       ] GC(39) Using 4 workers of 4 for evacuation
[2024-05-17T08:57:06.583+0000][32.137s][info ][gc,phases     ] GC(39)   Pre Evacuate Collection Set: 0.1ms
[2024-05-17T08:57:06.583+0000][32.137s][info ][gc,phases     ] GC(39)   Evacuate Collection Set: 29.4ms
[2024-05-17T08:57:06.583+0000][32.137s][info ][gc,phases     ] GC(39)   Post Evacuate Collection Set: 4.6ms
[2024-05-17T08:57:06.583+0000][32.137s][info ][gc,phases     ] GC(39)   Other: 0.2ms
[2024-05-17T08:57:06.583+0000][32.137s][info ][gc,heap       ] GC(39) Eden regions: 210->0(214)
[2024-05-17T08:57:06.583+0000][32.137s][info ][gc,heap       ] GC(39) Survivor regions: 20->16(29)
[2024-05-17T08:57:06.583+0000][32.137s][info ][gc,heap       ] GC(39) Old regions: 47->54
[2024-05-17T08:57:06.583+0000][32.137s][info ][gc,heap       ] GC(39) Humongous regions: 0->0
[2024-05-17T08:57:06.583+0000][32.137s][info ][gc,metaspace  ] GC(39) Metaspace: 87269K(89736K)->87269K(89736K) NonClass: 76526K(78088K)->76526K(78088K) Class: 10743K(11648K)->10743K(11648K)
[2024-05-17T08:57:06.583+0000][32.137s][info ][gc            ] GC(39) Pause Young (Normal) (G1 Evacuation Pause) 274M->68M(384M) 34.476ms
[2024-05-17T08:57:06.583+0000][32.138s][info ][gc,cpu        ] GC(39) User=0.12s Sys=0.01s Real=0.04s
[2024-05-17T08:57:06.583+0000][32.138s][info ][safepoint     ] Leaving safepoint region
[2024-05-17T08:57:06.583+0000][32.138s][info ][safepoint     ] Total time for which application threads were stopped: 0.0347566 seconds, Stopping threads took: 0.0000217 seconds
[2024-05-17T08:57:06.583+0000][32.138s][info ][gc,stringdedup] Concurrent String Deduplication (32.138s)
[2024-05-17T08:57:06.585+0000][32.140s][info ][gc,stringdedup] Concurrent String Deduplication 498.7K->111.8K(386.9K) avg 48.4% (32.138s, 32.140s) 2.326ms
[2024-05-17T08:57:06.604+0000][32.159s][debug][safepoint     ] Safepoint synchronization initiated. (21 threads)
[2024-05-17T08:57:06.604+0000][32.159s][info ][safepoint     ] Application time: 0.0214425 seconds
[2024-05-17T08:57:06.604+0000][32.159s][debug][safepoint     ] Waiting for 1 thread(s) to block
[2024-05-17T08:57:06.604+0000][32.159s][info ][safepoint     ] Entering safepoint region: Deoptimize
[2024-05-17T08:57:06.607+0000][32.161s][info ][safepoint     ] Leaving safepoint region
[2024-05-17T08:57:06.607+0000][32.161s][info ][safepoint     ] Total time for which application threads were stopped: 0.0021772 seconds, Stopping threads took: 0.0000576 seconds
[2024-05-17T08:57:06.936+0000][32.491s][debug][safepoint     ] Safepoint synchronization initiated. (21 threads)
[2024-05-17T08:57:06.936+0000][32.491s][info ][safepoint     ] Application time: 0.3294075 seconds
[2024-05-17T08:57:06.936+0000][32.491s][info ][safepoint     ] Entering safepoint region: Deoptimize
[2024-05-17T08:57:06.939+0000][32.493s][info ][safepoint     ] Leaving safepoint region
[2024-05-17T08:57:06.939+0000][32.493s][info ][safepoint     ] Total time for which application threads were stopped: 0.0025179 seconds, Stopping threads took: 0.0000208 seconds
[2024-05-17T08:57:07.141+0000][32.695s][debug][safepoint     ] Safepoint synchronization initiated. (22 threads)
[2024-05-17T08:57:07.141+0000][32.695s][info ][safepoint     ] Application time: 0.2022638 seconds
[2024-05-17T08:57:07.141+0000][32.695s][debug][safepoint     ] Waiting for 1 thread(s) to block
[2024-05-17T08:57:07.141+0000][32.696s][info ][safepoint     ] Entering safepoint region: Deoptimize
[2024-05-17T08:57:07.144+0000][32.698s][info ][safepoint     ] Leaving safepoint region
[2024-05-17T08:57:07.144+0000][32.698s][info ][safepoint     ] Total time for which application threads were stopped: 0.0027172 seconds, Stopping threads took: 0.0002862 seconds
[2024-05-17T08:57:07.151+0000][32.705s][debug][safepoint     ] Safepoint synchronization initiated. (22 threads)
[2024-05-17T08:57:07.151+0000][32.705s][info ][safepoint     ] Application time: 0.0071578 seconds
[2024-05-17T08:57:07.151+0000][32.705s][debug][safepoint     ] Waiting for 1 thread(s) to block
[2024-05-17T08:57:07.151+0000][32.706s][info ][safepoint     ] Entering safepoint region: Deoptimize
[2024-05-17T08:57:07.152+0000][32.706s][info ][safepoint     ] Leaving safepoint region
[2024-05-17T08:57:07.152+0000][32.706s][info ][safepoint     ] Total time for which application threads were stopped: 0.0009291 seconds, Stopping threads took: 0.0001413 seconds
[2024-05-17T08:57:07.210+0000][32.765s][debug][safepoint     ] Safepoint synchronization initiated. (22 threads)
[2024-05-17T08:57:07.211+0000][32.765s][info ][safepoint     ] Application time: 0.0588397 seconds
[2024-05-17T08:57:07.211+0000][32.765s][debug][safepoint     ] Waiting for 1 thread(s) to block
[2024-05-17T08:57:07.211+0000][32.765s][info ][safepoint     ] Entering safepoint region: Deoptimize
[2024-05-17T08:57:07.213+0000][32.767s][info ][safepoint     ] Leaving safepoint region
[2024-05-17T08:57:07.213+0000][32.767s][info ][safepoint     ] Total time for which application threads were stopped: 0.0021912 seconds, Stopping threads took: 0.0002276 seconds
[2024-05-17T08:57:07.679+0000][33.234s][debug][safepoint     ] Safepoint synchronization initiated. (24 threads)
[2024-05-17T08:57:07.680+0000][33.234s][info ][safepoint     ] Application time: 0.4667707 seconds
[2024-05-17T08:57:07.680+0000][33.234s][info ][safepoint     ] Entering safepoint region: Deoptimize
[2024-05-17T08:57:07.682+0000][33.237s][info ][safepoint     ] Leaving safepoint region
[2024-05-17T08:57:07.682+0000][33.237s][info ][safepoint     ] Total time for which application threads were stopped: 0.0024398 seconds, Stopping threads took: 0.0000219 seconds
[2024-05-17T08:57:08.501+0000][34.056s][debug][safepoint     ] Safepoint synchronization initiated. (44 threads)
[2024-05-17T08:57:08.501+0000][34.056s][info ][safepoint     ] Application time: 0.8189634 seconds
[2024-05-17T08:57:08.501+0000][34.056s][info ][safepoint     ] Entering safepoint region: Deoptimize
[2024-05-17T08:57:08.504+0000][34.059s][info ][safepoint     ] Leaving safepoint region
[2024-05-17T08:57:08.504+0000][34.059s][info ][safepoint     ] Total time for which application threads were stopped: 0.0030832 seconds, Stopping threads took: 0.0000327 seconds
[2024-05-17T08:57:08.940+0000][34.494s][debug][safepoint     ] Safepoint synchronization initiated. (48 threads)
[2024-05-17T08:57:08.940+0000][34.494s][info ][safepoint     ] Application time: 0.4356863 seconds
[2024-05-17T08:57:08.940+0000][34.494s][debug][safepoint     ] Waiting for 2 thread(s) to block
[2024-05-17T08:57:08.940+0000][34.495s][info ][safepoint     ] Entering safepoint region: G1CollectForAllocation
[2024-05-17T08:57:08.940+0000][34.495s][info ][gc,start      ] GC(40) Pause Young (Normal) (G1 Evacuation Pause)
[2024-05-17T08:57:08.940+0000][34.495s][info ][gc,task       ] GC(40) Using 4 workers of 4 for evacuation
[2024-05-17T08:57:08.964+0000][34.519s][info ][gc,phases     ] GC(40)   Pre Evacuate Collection Set: 0.0ms
[2024-05-17T08:57:08.964+0000][34.519s][info ][gc,phases     ] GC(40)   Evacuate Collection Set: 20.1ms
[2024-05-17T08:57:08.964+0000][34.519s][info ][gc,phases     ] GC(40)   Post Evacuate Collection Set: 3.4ms
[2024-05-17T08:57:08.964+0000][34.519s][info ][gc,phases     ] GC(40)   Other: 0.3ms
[2024-05-17T08:57:08.964+0000][34.519s][info ][gc,heap       ] GC(40) Eden regions: 214->0(213)
[2024-05-17T08:57:08.964+0000][34.519s][info ][gc,heap       ] GC(40) Survivor regions: 16->17(29)
[2024-05-17T08:57:08.964+0000][34.519s][info ][gc,heap       ] GC(40) Old regions: 54->60
[2024-05-17T08:57:08.964+0000][34.519s][info ][gc,heap       ] GC(40) Humongous regions: 0->0
[2024-05-17T08:57:08.964+0000][34.519s][info ][gc,metaspace  ] GC(40) Metaspace: 100301K(103432K)->100301K(103432K) NonClass: 88144K(90120K)->88144K(90120K) Class: 12157K(13312K)->12157K(13312K)
[2024-05-17T08:57:08.964+0000][34.519s][info ][gc            ] GC(40) Pause Young (Normal) (G1 Evacuation Pause) 282M->75M(384M) 24.106ms
[2024-05-17T08:57:08.964+0000][34.519s][info ][gc,cpu        ] GC(40) User=0.09s Sys=0.00s Real=0.02s
[2024-05-17T08:57:08.964+0000][34.519s][info ][safepoint     ] Leaving safepoint region
[2024-05-17T08:57:08.964+0000][34.519s][info ][safepoint     ] Total time for which application threads were stopped: 0.0245594 seconds, Stopping threads took: 0.0000797 seconds
[2024-05-17T08:57:08.964+0000][34.519s][info ][gc,stringdedup] Concurrent String Deduplication (34.519s)
[2024-05-17T08:57:08.969+0000][34.523s][info ][gc,stringdedup] Concurrent String Deduplication 448.0K->130.3K(317.7K) avg 49.2% (34.519s, 34.523s) 4.056ms
[2024-05-17T08:57:09.564+0000][35.119s][debug][safepoint     ] Safepoint synchronization initiated. (49 threads)
[2024-05-17T08:57:09.564+0000][35.119s][info ][safepoint     ] Application time: 0.5996520 seconds
[2024-05-17T08:57:09.564+0000][35.119s][info ][safepoint     ] Entering safepoint region: Deoptimize
[2024-05-17T08:57:09.566+0000][35.121s][info ][safepoint     ] Leaving safepoint region
[2024-05-17T08:57:09.566+0000][35.121s][info ][safepoint     ] Total time for which application threads were stopped: 0.0022673 seconds, Stopping threads took: 0.0000451 seconds
[2024-05-17T08:57:09.650+0000][35.205s][debug][safepoint     ] Safepoint synchronization initiated. (49 threads)
[2024-05-17T08:57:09.650+0000][35.205s][info ][safepoint     ] Application time: 0.0835910 seconds
[2024-05-17T08:57:09.650+0000][35.205s][info ][safepoint     ] Entering safepoint region: Deoptimize
[2024-05-17T08:57:09.652+0000][35.207s][info ][safepoint     ] Leaving safepoint region
[2024-05-17T08:57:09.652+0000][35.207s][info ][safepoint     ] Total time for which application threads were stopped: 0.0020422 seconds, Stopping threads took: 0.0000357 seconds
[2024-05-17T08:57:09.654+0000][35.209s][debug][safepoint     ] Safepoint synchronization initiated. (49 threads)
[2024-05-17T08:57:09.654+0000][35.209s][info ][safepoint     ] Application time: 0.0018809 seconds
[2024-05-17T08:57:09.654+0000][35.209s][info ][safepoint     ] Entering safepoint region: Deoptimize
[2024-05-17T08:57:09.654+0000][35.209s][info ][safepoint     ] Leaving safepoint region
[2024-05-17T08:57:09.654+0000][35.209s][info ][safepoint     ] Total time for which application threads were stopped: 0.0005654 seconds, Stopping threads took: 0.0000212 seconds
[2024-05-17T08:57:09.738+0000][35.293s][debug][safepoint     ] Safepoint synchronization initiated. (49 threads)
[2024-05-17T08:57:09.738+0000][35.293s][info ][safepoint     ] Application time: 0.0835422 seconds
[2024-05-17T08:57:09.738+0000][35.293s][info ][safepoint     ] Entering safepoint region: Deoptimize
[2024-05-17T08:57:09.740+0000][35.295s][info ][safepoint     ] Leaving safepoint region
[2024-05-17T08:57:09.740+0000][35.295s][info ][safepoint     ] Total time for which application threads were stopped: 0.0022329 seconds, Stopping threads took: 0.0000423 seconds
[2024-05-17T08:57:09.748+0000][35.303s][debug][safepoint     ] Safepoint synchronization initiated. (49 threads)
[2024-05-17T08:57:09.748+0000][35.303s][info ][safepoint     ] Application time: 0.0081248 seconds
[2024-05-17T08:57:09.748+0000][35.303s][info ][safepoint     ] Entering safepoint region: Deoptimize
[2024-05-17T08:57:09.749+0000][35.304s][info ][safepoint     ] Leaving safepoint region
[2024-05-17T08:57:09.749+0000][35.304s][info ][safepoint     ] Total time for which application threads were stopped: 0.0008664 seconds, Stopping threads took: 0.0000231 seconds
[2024-05-17T08:57:09.862+0000][35.416s][debug][safepoint     ] Safepoint synchronization initiated. (49 threads)
[2024-05-17T08:57:09.862+0000][35.416s][info ][safepoint     ] Application time: 0.1124458 seconds
[2024-05-17T08:57:09.862+0000][35.416s][info ][safepoint     ] Entering safepoint region: Deoptimize
[2024-05-17T08:57:09.864+0000][35.419s][info ][safepoint     ] Leaving safepoint region
[2024-05-17T08:57:09.864+0000][35.419s][info ][safepoint     ] Total time for which application threads were stopped: 0.0021261 seconds, Stopping threads took: 0.0000367 seconds
[2024-05-17T08:57:10.517+0000][36.072s][debug][safepoint     ] Safepoint synchronization initiated. (52 threads)
[2024-05-17T08:57:10.517+0000][36.072s][info ][safepoint     ] Application time: 0.6530606 seconds
[2024-05-17T08:57:10.517+0000][36.072s][info ][safepoint     ] Entering safepoint region: G1CollectForAllocation
[2024-05-17T08:57:10.517+0000][36.072s][info ][gc,start      ] GC(41) Pause Young (Normal) (G1 Evacuation Pause)
[2024-05-17T08:57:10.517+0000][36.072s][info ][gc,task       ] GC(41) Using 4 workers of 4 for evacuation
[2024-05-17T08:57:10.541+0000][36.096s][info ][gc,phases     ] GC(41)   Pre Evacuate Collection Set: 0.0ms
[2024-05-17T08:57:10.545+0000][36.099s][info ][gc,phases     ] GC(41)   Evacuate Collection Set: 19.3ms
[2024-05-17T08:57:10.545+0000][36.099s][info ][gc,phases     ] GC(41)   Post Evacuate Collection Set: 4.4ms
[2024-05-17T08:57:10.545+0000][36.099s][info ][gc,phases     ] GC(41)   Other: 0.3ms
[2024-05-17T08:57:10.545+0000][36.099s][info ][gc,heap       ] GC(41) Eden regions: 213->0(214)
[2024-05-17T08:57:10.545+0000][36.099s][info ][gc,heap       ] GC(41) Survivor regions: 17->16(29)
[2024-05-17T08:57:10.545+0000][36.099s][info ][gc,heap       ] GC(41) Old regions: 60->65
[2024-05-17T08:57:10.545+0000][36.099s][info ][gc,heap       ] GC(41) Humongous regions: 0->0
[2024-05-17T08:57:10.545+0000][36.099s][info ][gc,metaspace  ] GC(41) Metaspace: 105938K(109320K)->105938K(109320K) NonClass: 93134K(95240K)->93134K(95240K) Class: 12804K(14080K)->12804K(14080K)
[2024-05-17T08:57:10.545+0000][36.099s][info ][gc            ] GC(41) Pause Young (Normal) (G1 Evacuation Pause) 288M->79M(384M) 27.486ms
[2024-05-17T08:57:10.545+0000][36.100s][info ][gc,cpu        ] GC(41) User=0.09s Sys=0.00s Real=0.03s
[2024-05-17T08:57:10.545+0000][36.100s][info ][safepoint     ] Leaving safepoint region
[2024-05-17T08:57:10.545+0000][36.100s][info ][safepoint     ] Total time for which application threads were stopped: 0.0279006 seconds, Stopping threads took: 0.0000351 seconds
[2024-05-17T08:57:10.547+0000][36.101s][info ][gc,stringdedup] Concurrent String Deduplication (36.101s)
[2024-05-17T08:57:10.551+0000][36.106s][info ][gc,stringdedup] Concurrent String Deduplication 294.1K->85680.0B(210.4K) avg 49.7% (36.101s, 36.106s) 4.934ms
[2024-05-17T08:57:11.032+0000][36.587s][debug][safepoint     ] Safepoint synchronization initiated. (52 threads)
[2024-05-17T08:57:11.033+0000][36.587s][info ][safepoint     ] Application time: 0.4875885 seconds
[2024-05-17T08:57:11.033+0000][36.587s][info ][safepoint     ] Entering safepoint region: Deoptimize
[2024-05-17T08:57:11.036+0000][36.590s][info ][safepoint     ] Leaving safepoint region
[2024-05-17T08:57:11.036+0000][36.590s][info ][safepoint     ] Total time for which application threads were stopped: 0.0031367 seconds, Stopping threads took: 0.0000978 seconds
[2024-05-17T08:57:11.245+0000][36.800s][debug][safepoint     ] Safepoint synchronization initiated. (52 threads)
[2024-05-17T08:57:11.245+0000][36.800s][info ][safepoint     ] Application time: 0.2097206 seconds
[2024-05-17T08:57:11.246+0000][36.800s][info ][safepoint     ] Entering safepoint region: CollectForMetadataAllocation
[2024-05-17T08:57:11.246+0000][36.801s][info ][gc,start      ] GC(42) Pause Young (Concurrent Start) (Metadata GC Threshold)
[2024-05-17T08:57:11.246+0000][36.801s][info ][gc,task       ] GC(42) Using 4 workers of 4 for evacuation
[2024-05-17T08:57:11.267+0000][36.822s][info ][gc,phases     ] GC(42)   Pre Evacuate Collection Set: 0.4ms
[2024-05-17T08:57:11.267+0000][36.822s][info ][gc,phases     ] GC(42)   Evacuate Collection Set: 16.6ms
[2024-05-17T08:57:11.267+0000][36.822s][info ][gc,phases     ] GC(42)   Post Evacuate Collection Set: 4.0ms
[2024-05-17T08:57:11.267+0000][36.822s][info ][gc,phases     ] GC(42)   Other: 0.4ms
[2024-05-17T08:57:11.267+0000][36.822s][info ][gc,heap       ] GC(42) Eden regions: 78->0(215)
[2024-05-17T08:57:11.267+0000][36.822s][info ][gc,heap       ] GC(42) Survivor regions: 16->13(29)
[2024-05-17T08:57:11.267+0000][36.822s][info ][gc,heap       ] GC(42) Old regions: 65->70
[2024-05-17T08:57:11.267+0000][36.822s][info ][gc,heap       ] GC(42) Humongous regions: 0->0
[2024-05-17T08:57:11.267+0000][36.822s][info ][gc,metaspace  ] GC(42) Metaspace: 108690K(111800K)->108690K(111800K) NonClass: 95536K(97464K)->95536K(97464K) Class: 13154K(14336K)->13154K(14336K)
[2024-05-17T08:57:11.268+0000][36.822s][info ][gc            ] GC(42) Pause Young (Concurrent Start) (Metadata GC Threshold) 157M->81M(384M) 21.584ms
[2024-05-17T08:57:11.268+0000][36.822s][info ][gc,cpu        ] GC(42) User=0.08s Sys=0.00s Real=0.02s
[2024-05-17T08:57:11.268+0000][36.822s][info ][gc            ] GC(43) Concurrent Cycle
[2024-05-17T08:57:11.268+0000][36.822s][info ][safepoint     ] Leaving safepoint region
[2024-05-17T08:57:11.268+0000][36.822s][info ][gc,marking    ] GC(43) Concurrent Clear Claimed Marks
[2024-05-17T08:57:11.268+0000][36.822s][info ][safepoint     ] Total time for which application threads were stopped: 0.0222145 seconds, Stopping threads took: 0.0001148 seconds
[2024-05-17T08:57:11.268+0000][36.822s][info ][gc,stringdedup] Concurrent String Deduplication (36.822s)
[2024-05-17T08:57:11.268+0000][36.823s][info ][gc,marking    ] GC(43) Concurrent Clear Claimed Marks 0.317ms
[2024-05-17T08:57:11.268+0000][36.823s][info ][gc,marking    ] GC(43) Concurrent Scan Root Regions
[2024-05-17T08:57:11.278+0000][36.833s][info ][gc,stringdedup] Concurrent String Deduplication 564.6K->147.6K(417.0K) avg 50.8% (36.822s, 36.833s) 10.395ms
[2024-05-17T08:57:11.280+0000][36.835s][info ][gc,marking    ] GC(43) Concurrent Scan Root Regions 12.487ms
[2024-05-17T08:57:11.281+0000][36.835s][info ][gc,marking    ] GC(43) Concurrent Mark (36.835s)
[2024-05-17T08:57:11.281+0000][36.835s][info ][gc,marking    ] GC(43) Concurrent Mark From Roots
[2024-05-17T08:57:11.281+0000][36.835s][info ][gc,task       ] GC(43) Using 1 workers of 1 for marking
[2024-05-17T08:57:11.321+0000][36.876s][debug][safepoint     ] Safepoint synchronization initiated. (52 threads)
[2024-05-17T08:57:11.321+0000][36.876s][info ][safepoint     ] Application time: 0.0533638 seconds
[2024-05-17T08:57:11.321+0000][36.876s][info ][safepoint     ] Entering safepoint region: CollectForMetadataAllocation
[2024-05-17T08:57:11.321+0000][36.876s][info ][safepoint     ] Leaving safepoint region
[2024-05-17T08:57:11.321+0000][36.876s][info ][safepoint     ] Total time for which application threads were stopped: 0.0002680 seconds, Stopping threads took: 0.0000367 seconds
[2024-05-17T08:57:11.357+0000][36.912s][debug][safepoint     ] Safepoint synchronization initiated. (52 threads)
[2024-05-17T08:57:11.358+0000][36.912s][info ][safepoint     ] Application time: 0.0361835 seconds
[2024-05-17T08:57:11.358+0000][36.912s][info ][safepoint     ] Entering safepoint region: CollectForMetadataAllocation
[2024-05-17T08:57:11.358+0000][36.913s][info ][safepoint     ] Leaving safepoint region
[2024-05-17T08:57:11.358+0000][36.913s][info ][safepoint     ] Total time for which application threads were stopped: 0.0005992 seconds, Stopping threads took: 0.0000448 seconds
[2024-05-17T08:57:11.387+0000][36.942s][debug][safepoint     ] Safepoint synchronization initiated. (52 threads)
[2024-05-17T08:57:11.387+0000][36.942s][info ][safepoint     ] Application time: 0.0288103 seconds
[2024-05-17T08:57:11.387+0000][36.942s][info ][safepoint     ] Entering safepoint region: CollectForMetadataAllocation
[2024-05-17T08:57:11.387+0000][36.942s][info ][safepoint     ] Leaving safepoint region
[2024-05-17T08:57:11.387+0000][36.942s][info ][safepoint     ] Total time for which application threads were stopped: 0.0002648 seconds, Stopping threads took: 0.0000298 seconds
[2024-05-17T08:57:11.418+0000][36.972s][debug][safepoint     ] Safepoint synchronization initiated. (52 threads)
[2024-05-17T08:57:11.418+0000][36.972s][info ][safepoint     ] Application time: 0.0305216 seconds
[2024-05-17T08:57:11.418+0000][36.972s][info ][safepoint     ] Entering safepoint region: CollectForMetadataAllocation
[2024-05-17T08:57:11.418+0000][36.973s][info ][safepoint     ] Leaving safepoint region
[2024-05-17T08:57:11.418+0000][36.973s][info ][safepoint     ] Total time for which application threads were stopped: 0.0002746 seconds, Stopping threads took: 0.0000370 seconds
[2024-05-17T08:57:11.428+0000][36.983s][info ][gc,marking    ] GC(43) Concurrent Mark From Roots 147.609ms
[2024-05-17T08:57:11.428+0000][36.983s][info ][gc,marking    ] GC(43) Concurrent Preclean
[2024-05-17T08:57:11.428+0000][36.983s][info ][gc,marking    ] GC(43) Concurrent Preclean 0.177ms
[2024-05-17T08:57:11.428+0000][36.983s][info ][gc,marking    ] GC(43) Concurrent Mark (36.835s, 36.983s) 147.854ms
[2024-05-17T08:57:11.428+0000][36.983s][debug][safepoint     ] Safepoint synchronization initiated. (53 threads)
[2024-05-17T08:57:11.429+0000][36.983s][info ][safepoint     ] Application time: 0.0104113 seconds
[2024-05-17T08:57:11.429+0000][36.983s][debug][safepoint     ] Waiting for 1 thread(s) to block
[2024-05-17T08:57:11.429+0000][36.983s][info ][safepoint     ] Entering safepoint region: CGC_Operation
[2024-05-17T08:57:11.429+0000][36.983s][info ][gc,start      ] GC(43) Pause Remark
[2024-05-17T08:57:11.448+0000][37.003s][info ][gc,stringtable] GC(43) Cleaned string and symbol table, strings: 51159 processed, 52 removed, symbols: 301345 processed, 273 removed
[2024-05-17T08:57:11.449+0000][37.003s][info ][gc            ] GC(43) Pause Remark 89M->89M(384M) 19.939ms
[2024-05-17T08:57:11.449+0000][37.003s][info ][gc,cpu        ] GC(43) User=0.07s Sys=0.00s Real=0.02s
[2024-05-17T08:57:11.449+0000][37.003s][info ][safepoint     ] Leaving safepoint region
[2024-05-17T08:57:11.449+0000][37.003s][info ][safepoint     ] Total time for which application threads were stopped: 0.0203092 seconds, Stopping threads took: 0.0001059 seconds
[2024-05-17T08:57:11.449+0000][37.004s][info ][gc,marking    ] GC(43) Concurrent Rebuild Remembered Sets
[2024-05-17T08:57:11.545+0000][37.100s][info ][gc,marking    ] GC(43) Concurrent Rebuild Remembered Sets 95.976ms
[2024-05-17T08:57:11.545+0000][37.100s][debug][safepoint     ] Safepoint synchronization initiated. (53 threads)
[2024-05-17T08:57:11.545+0000][37.100s][info ][safepoint     ] Application time: 0.0961615 seconds
[2024-05-17T08:57:11.545+0000][37.100s][debug][safepoint     ] Waiting for 1 thread(s) to block
[2024-05-17T08:57:11.545+0000][37.100s][info ][safepoint     ] Entering safepoint region: CGC_Operation
[2024-05-17T08:57:11.545+0000][37.100s][info ][gc,start      ] GC(43) Pause Cleanup
[2024-05-17T08:57:11.546+0000][37.100s][info ][gc            ] GC(43) Pause Cleanup 102M->102M(384M) 0.361ms
[2024-05-17T08:57:11.546+0000][37.100s][info ][gc,cpu        ] GC(43) User=0.00s Sys=0.00s Real=0.00s
[2024-05-17T08:57:11.546+0000][37.100s][info ][safepoint     ] Leaving safepoint region
[2024-05-17T08:57:11.546+0000][37.101s][info ][safepoint     ] Total time for which application threads were stopped: 0.0008445 seconds, Stopping threads took: 0.0001934 seconds
[2024-05-17T08:57:11.546+0000][37.101s][info ][gc,marking    ] GC(43) Concurrent Cleanup for Next Mark
[2024-05-17T08:57:11.551+0000][37.105s][info ][gc,marking    ] GC(43) Concurrent Cleanup for Next Mark 4.919ms
[2024-05-17T08:57:11.551+0000][37.106s][info ][gc            ] GC(43) Concurrent Cycle 283.273ms
[2024-05-17T08:57:11.836+0000][37.390s][debug][safepoint     ] Safepoint synchronization initiated. (54 threads)
[2024-05-17T08:57:11.836+0000][37.390s][info ][safepoint     ] Application time: 0.2897470 seconds
[2024-05-17T08:57:11.836+0000][37.390s][info ][safepoint     ] Entering safepoint region: Deoptimize
[2024-05-17T08:57:11.839+0000][37.394s][info ][safepoint     ] Leaving safepoint region
[2024-05-17T08:57:11.839+0000][37.394s][info ][safepoint     ] Total time for which application threads were stopped: 0.0036429 seconds, Stopping threads took: 0.0000738 seconds
[2024-05-17T08:57:11.961+0000][37.516s][debug][safepoint     ] Safepoint synchronization initiated. (55 threads)
[2024-05-17T08:57:11.961+0000][37.516s][info ][safepoint     ] Application time: 0.1216244 seconds
[2024-05-17T08:57:11.961+0000][37.516s][debug][safepoint     ] ... found polling page return exception at pc = 0x00007faa8686515b, stub =0x00007faa84824b00
[2024-05-17T08:57:11.961+0000][37.516s][debug][safepoint     ] Waiting for 2 thread(s) to block
[2024-05-17T08:57:11.961+0000][37.516s][info ][safepoint     ] Entering safepoint region: Deoptimize
[2024-05-17T08:57:11.964+0000][37.519s][info ][safepoint     ] Leaving safepoint region
[2024-05-17T08:57:11.964+0000][37.519s][info ][safepoint     ] Total time for which application threads were stopped: 0.0031134 seconds, Stopping threads took: 0.0001474 seconds
[2024-05-17T08:57:12.964+0000][38.519s][debug][safepoint     ] Safepoint synchronization initiated. (63 threads)
[2024-05-17T08:57:12.964+0000][38.519s][info ][safepoint     ] Application time: 1.0003024 seconds
[2024-05-17T08:57:12.965+0000][38.520s][debug][safepoint     ] ... found polling page loop exception at pc = 0x00007faa8c867e6b, stub =0x00007faa84826680
[2024-05-17T08:57:12.965+0000][38.520s][debug][safepoint     ] Waiting for 1 thread(s) to block
[2024-05-17T08:57:12.965+0000][38.520s][info ][safepoint     ] Entering safepoint region: Cleanup
[2024-05-17T08:57:12.966+0000][38.520s][info ][safepoint     ] Leaving safepoint region
[2024-05-17T08:57:12.966+0000][38.520s][info ][safepoint     ] Total time for which application threads were stopped: 0.0013914 seconds, Stopping threads took: 0.0010370 seconds
[2024-05-17T08:57:12.998+0000][38.553s][debug][safepoint     ] Safepoint synchronization initiated. (63 threads)
[2024-05-17T08:57:12.998+0000][38.553s][info ][safepoint     ] Application time: 0.0322495 seconds
[2024-05-17T08:57:12.998+0000][38.553s][info ][safepoint     ] Entering safepoint region: Deoptimize
[2024-05-17T08:57:13.000+0000][38.555s][info ][safepoint     ] Leaving safepoint region
[2024-05-17T08:57:13.001+0000][38.555s][info ][safepoint     ] Total time for which application threads were stopped: 0.0024841 seconds, Stopping threads took: 0.0000303 seconds
[2024-05-17T08:57:13.374+0000][38.929s][debug][safepoint     ] Safepoint synchronization initiated. (66 threads)
[2024-05-17T08:57:13.374+0000][38.929s][info ][safepoint     ] Application time: 0.3738495 seconds
[2024-05-17T08:57:13.374+0000][38.929s][info ][safepoint     ] Entering safepoint region: G1CollectForAllocation
[2024-05-17T08:57:13.375+0000][38.929s][info ][gc,start      ] GC(44) Pause Young (Concurrent Start) (G1 Evacuation Pause)
[2024-05-17T08:57:13.375+0000][38.929s][info ][gc,task       ] GC(44) Using 4 workers of 4 for evacuation
[2024-05-17T08:57:13.414+0000][38.968s][info ][gc,phases     ] GC(44)   Pre Evacuate Collection Set: 0.4ms
[2024-05-17T08:57:13.414+0000][38.969s][info ][gc,phases     ] GC(44)   Evacuate Collection Set: 31.4ms
[2024-05-17T08:57:13.414+0000][38.969s][info ][gc,phases     ] GC(44)   Post Evacuate Collection Set: 6.9ms
[2024-05-17T08:57:13.414+0000][38.969s][info ][gc,phases     ] GC(44)   Other: 0.4ms
[2024-05-17T08:57:13.414+0000][38.969s][info ][gc,heap       ] GC(44) Eden regions: 215->0(212)
[2024-05-17T08:57:13.414+0000][38.969s][info ][gc,heap       ] GC(44) Survivor regions: 13->18(29)
[2024-05-17T08:57:13.414+0000][38.969s][info ][gc,heap       ] GC(44) Old regions: 70->70
[2024-05-17T08:57:13.414+0000][38.969s][info ][gc,heap       ] GC(44) Humongous regions: 0->0
[2024-05-17T08:57:13.414+0000][38.969s][info ][gc,metaspace  ] GC(44) Metaspace: 116382K(119940K)->116382K(119940K) NonClass: 102195K(104376K)->102195K(104376K) Class: 14187K(15564K)->14187K(15564K)
[2024-05-17T08:57:13.414+0000][38.969s][info ][gc            ] GC(44) Pause Young (Concurrent Start) (G1 Evacuation Pause) 296M->86M(384M) 39.352ms
[2024-05-17T08:57:13.414+0000][38.969s][info ][gc,cpu        ] GC(44) User=0.13s Sys=0.00s Real=0.04s
[2024-05-17T08:57:13.414+0000][38.969s][info ][safepoint     ] Leaving safepoint region
[2024-05-17T08:57:13.414+0000][38.969s][info ][safepoint     ] Total time for which application threads were stopped: 0.0397748 seconds, Stopping threads took: 0.0000416 seconds
[2024-05-17T08:57:13.414+0000][38.969s][info ][gc            ] GC(45) Concurrent Cycle
[2024-05-17T08:57:13.414+0000][38.969s][info ][gc,marking    ] GC(45) Concurrent Clear Claimed Marks
[2024-05-17T08:57:13.415+0000][38.969s][info ][gc,marking    ] GC(45) Concurrent Clear Claimed Marks 0.329ms
[2024-05-17T08:57:13.415+0000][38.969s][info ][gc,marking    ] GC(45) Concurrent Scan Root Regions
[2024-05-17T08:57:13.418+0000][38.972s][info ][gc,stringdedup] Concurrent String Deduplication (38.972s)
[2024-05-17T08:57:13.433+0000][38.988s][info ][gc,stringdedup] Concurrent String Deduplication 505.5K->305.7K(199.7K) avg 50.3% (38.972s, 38.988s) 15.580ms
[2024-05-17T08:57:13.444+0000][38.998s][info ][gc,marking    ] GC(45) Concurrent Scan Root Regions 29.090ms
[2024-05-17T08:57:13.444+0000][38.998s][info ][gc,marking    ] GC(45) Concurrent Mark (38.998s)
[2024-05-17T08:57:13.444+0000][38.998s][info ][gc,marking    ] GC(45) Concurrent Mark From Roots
[2024-05-17T08:57:13.444+0000][38.998s][info ][gc,task       ] GC(45) Using 1 workers of 1 for marking
[2024-05-17T08:57:13.594+0000][39.148s][info ][gc,marking    ] GC(45) Concurrent Mark From Roots 149.716ms
[2024-05-17T08:57:13.594+0000][39.148s][info ][gc,marking    ] GC(45) Concurrent Preclean
[2024-05-17T08:57:13.594+0000][39.148s][info ][gc,marking    ] GC(45) Concurrent Preclean 0.210ms
[2024-05-17T08:57:13.594+0000][39.148s][info ][gc,marking    ] GC(45) Concurrent Mark (38.998s, 39.148s) 150.028ms
[2024-05-17T08:57:13.594+0000][39.149s][debug][safepoint     ] Safepoint synchronization initiated. (68 threads)
[2024-05-17T08:57:13.594+0000][39.149s][info ][safepoint     ] Application time: 0.1797058 seconds
[2024-05-17T08:57:13.594+0000][39.149s][debug][safepoint     ] ... found polling page return exception at pc = 0x00007faa8c657bf4, stub =0x00007faa84824b00
[2024-05-17T08:57:13.594+0000][39.149s][debug][safepoint     ] Waiting for 1 thread(s) to block
[2024-05-17T08:57:13.594+0000][39.149s][info ][safepoint     ] Entering safepoint region: CGC_Operation
[2024-05-17T08:57:13.594+0000][39.149s][info ][gc,start      ] GC(45) Pause Remark
[2024-05-17T08:57:13.615+0000][39.170s][info ][gc,stringtable] GC(45) Cleaned string and symbol table, strings: 53679 processed, 1 removed, symbols: 316147 processed, 26 removed
[2024-05-17T08:57:13.615+0000][39.170s][info ][gc            ] GC(45) Pause Remark 115M->115M(384M) 21.054ms
[2024-05-17T08:57:13.615+0000][39.170s][info ][gc,cpu        ] GC(45) User=0.08s Sys=0.00s Real=0.02s
[2024-05-17T08:57:13.615+0000][39.170s][info ][safepoint     ] Leaving safepoint region
[2024-05-17T08:57:13.615+0000][39.170s][info ][safepoint     ] Total time for which application threads were stopped: 0.0215512 seconds, Stopping threads took: 0.0001335 seconds
[2024-05-17T08:57:13.616+0000][39.170s][info ][gc,marking    ] GC(45) Concurrent Rebuild Remembered Sets
[2024-05-17T08:57:13.717+0000][39.272s][info ][gc,marking    ] GC(45) Concurrent Rebuild Remembered Sets 101.452ms
[2024-05-17T08:57:13.717+0000][39.272s][debug][safepoint     ] Safepoint synchronization initiated. (68 threads)
[2024-05-17T08:57:13.717+0000][39.272s][info ][safepoint     ] Application time: 0.1016638 seconds
[2024-05-17T08:57:13.717+0000][39.272s][debug][safepoint     ] ... found polling page return exception at pc = 0x00007faa8c2adf73, stub =0x00007faa84824b00
[2024-05-17T08:57:13.717+0000][39.272s][debug][safepoint     ] Waiting for 2 thread(s) to block
[2024-05-17T08:57:13.717+0000][39.272s][info ][safepoint     ] Entering safepoint region: CGC_Operation
[2024-05-17T08:57:13.718+0000][39.272s][info ][gc,start      ] GC(45) Pause Cleanup
[2024-05-17T08:57:13.718+0000][39.273s][info ][gc            ] GC(45) Pause Cleanup 129M->129M(384M) 0.315ms
[2024-05-17T08:57:13.718+0000][39.273s][info ][gc,cpu        ] GC(45) User=0.00s Sys=0.00s Real=0.01s
[2024-05-17T08:57:13.718+0000][39.273s][info ][safepoint     ] Leaving safepoint region
[2024-05-17T08:57:13.718+0000][39.273s][info ][safepoint     ] Total time for which application threads were stopped: 0.0007597 seconds, Stopping threads took: 0.0001441 seconds
[2024-05-17T08:57:13.718+0000][39.273s][info ][gc,marking    ] GC(45) Concurrent Cleanup for Next Mark
[2024-05-17T08:57:13.724+0000][39.279s][info ][gc,marking    ] GC(45) Concurrent Cleanup for Next Mark 6.231ms
[2024-05-17T08:57:13.724+0000][39.279s][info ][gc            ] GC(45) Concurrent Cycle 310.055ms
[2024-05-17T08:57:13.760+0000][39.315s][debug][safepoint     ] Safepoint synchronization initiated. (68 threads)
[2024-05-17T08:57:13.760+0000][39.315s][info ][safepoint     ] Application time: 0.0422213 seconds
[2024-05-17T08:57:13.760+0000][39.315s][info ][safepoint     ] Entering safepoint region: Deoptimize
[2024-05-17T08:57:13.763+0000][39.318s][info ][safepoint     ] Leaving safepoint region
[2024-05-17T08:57:13.763+0000][39.318s][info ][safepoint     ] Total time for which application threads were stopped: 0.0029299 seconds, Stopping threads took: 0.0000319 seconds
[2024-05-17T08:57:14.225+0000][39.779s][debug][safepoint     ] Safepoint synchronization initiated. (69 threads)
[2024-05-17T08:57:14.225+0000][39.779s][info ][safepoint     ] Application time: 0.4616876 seconds
[2024-05-17T08:57:14.225+0000][39.779s][info ][safepoint     ] Entering safepoint region: Deoptimize
[2024-05-17T08:57:14.228+0000][39.782s][info ][safepoint     ] Leaving safepoint region
[2024-05-17T08:57:14.228+0000][39.782s][info ][safepoint     ] Total time for which application threads were stopped: 0.0028935 seconds, Stopping threads took: 0.0000427 seconds
[2024-05-17T08:57:14.593+0000][40.148s][debug][safepoint     ] Safepoint synchronization initiated. (69 threads)
[2024-05-17T08:57:14.594+0000][40.148s][info ][safepoint     ] Application time: 0.3657955 seconds
[2024-05-17T08:57:14.594+0000][40.148s][debug][safepoint     ] ... found polling page return exception at pc = 0x00007faa8687e49b, stub =0x00007faa84824b00
[2024-05-17T08:57:14.594+0000][40.148s][debug][safepoint     ] Waiting for 1 thread(s) to block
[2024-05-17T08:57:14.594+0000][40.148s][info ][safepoint     ] Entering safepoint region: Deoptimize
[2024-05-17T08:57:14.598+0000][40.152s][info ][safepoint     ] Leaving safepoint region
[2024-05-17T08:57:14.598+0000][40.153s][info ][safepoint     ] Total time for which application threads were stopped: 0.0043203 seconds, Stopping threads took: 0.0001569 seconds
[2024-05-17T08:57:14.600+0000][40.154s][debug][safepoint     ] Safepoint synchronization initiated. (69 threads)
[2024-05-17T08:57:14.600+0000][40.154s][info ][safepoint     ] Application time: 0.0019376 seconds
[2024-05-17T08:57:14.600+0000][40.155s][info ][safepoint     ] Entering safepoint region: Deoptimize
[2024-05-17T08:57:14.602+0000][40.157s][info ][safepoint     ] Leaving safepoint region
[2024-05-17T08:57:14.602+0000][40.157s][info ][safepoint     ] Total time for which application threads were stopped: 0.0024844 seconds, Stopping threads took: 0.0000844 seconds
[2024-05-17T08:57:14.641+0000][40.196s][debug][safepoint     ] Safepoint synchronization initiated. (69 threads)
[2024-05-17T08:57:14.641+0000][40.196s][info ][safepoint     ] Application time: 0.0390762 seconds
[2024-05-17T08:57:14.641+0000][40.196s][info ][safepoint     ] Entering safepoint region: Deoptimize
[2024-05-17T08:57:14.643+0000][40.198s][info ][safepoint     ] Leaving safepoint region
[2024-05-17T08:57:14.643+0000][40.198s][info ][safepoint     ] Total time for which application threads were stopped: 0.0018114 seconds, Stopping threads took: 0.0000661 seconds
[2024-05-17T08:57:14.920+0000][40.475s][debug][safepoint     ] Safepoint synchronization initiated. (69 threads)
[2024-05-17T08:57:14.920+0000][40.475s][info ][safepoint     ] Application time: 0.2768078 seconds
[2024-05-17T08:57:14.920+0000][40.475s][debug][safepoint     ] Waiting for 1 thread(s) to block
[2024-05-17T08:57:14.920+0000][40.475s][info ][safepoint     ] Entering safepoint region: G1CollectForAllocation
[2024-05-17T08:57:14.921+0000][40.475s][info ][gc,start      ] GC(46) Pause Young (Normal) (G1 Evacuation Pause)
[2024-05-17T08:57:14.921+0000][40.475s][info ][gc,task       ] GC(46) Using 4 workers of 4 for evacuation
[2024-05-17T08:57:14.952+0000][40.506s][info ][gc,phases     ] GC(46)   Pre Evacuate Collection Set: 0.1ms
[2024-05-17T08:57:14.952+0000][40.506s][info ][gc,phases     ] GC(46)   Evacuate Collection Set: 25.8ms
[2024-05-17T08:57:14.952+0000][40.506s][info ][gc,phases     ] GC(46)   Post Evacuate Collection Set: 4.7ms
[2024-05-17T08:57:14.952+0000][40.506s][info ][gc,phases     ] GC(46)   Other: 0.6ms
[2024-05-17T08:57:14.952+0000][40.506s][info ][gc,heap       ] GC(46) Eden regions: 212->0(214)
[2024-05-17T08:57:14.952+0000][40.506s][info ][gc,heap       ] GC(46) Survivor regions: 18->16(29)
[2024-05-17T08:57:14.952+0000][40.506s][info ][gc,heap       ] GC(46) Old regions: 70->76
[2024-05-17T08:57:14.952+0000][40.506s][info ][gc,heap       ] GC(46) Humongous regions: 0->0
[2024-05-17T08:57:14.952+0000][40.506s][info ][gc,metaspace  ] GC(46) Metaspace: 120913K(124548K)->120913K(124548K) NonClass: 106230K(108472K)->106230K(108472K) Class: 14683K(16076K)->14683K(16076K)
[2024-05-17T08:57:14.952+0000][40.506s][info ][gc            ] GC(46) Pause Young (Normal) (G1 Evacuation Pause) 298M->89M(384M) 31.189ms
[2024-05-17T08:57:14.952+0000][40.507s][info ][gc,cpu        ] GC(46) User=0.12s Sys=0.00s Real=0.03s
[2024-05-17T08:57:14.952+0000][40.507s][info ][safepoint     ] Leaving safepoint region
[2024-05-17T08:57:14.952+0000][40.507s][info ][safepoint     ] Total time for which application threads were stopped: 0.0318374 seconds, Stopping threads took: 0.0002049 seconds
[2024-05-17T08:57:14.953+0000][40.508s][info ][gc,stringdedup] Concurrent String Deduplication (40.508s)
[2024-05-17T08:57:14.955+0000][40.510s][info ][gc,stringdedup] Concurrent String Deduplication 157.1K->81088.0B(79760.0B) avg 50.3% (40.508s, 40.510s) 1.954ms
[2024-05-17T08:57:15.168+0000][40.723s][debug][safepoint     ] Safepoint synchronization initiated. (72 threads)
[2024-05-17T08:57:15.168+0000][40.723s][info ][safepoint     ] Application time: 0.2165062 seconds
[2024-05-17T08:57:15.169+0000][40.723s][debug][safepoint     ] Waiting for 1 thread(s) to block
[2024-05-17T08:57:15.169+0000][40.723s][info ][safepoint     ] Entering safepoint region: Deoptimize
[2024-05-17T08:57:15.171+0000][40.725s][info ][safepoint     ] Leaving safepoint region
[2024-05-17T08:57:15.171+0000][40.725s][info ][safepoint     ] Total time for which application threads were stopped: 0.0022192 seconds, Stopping threads took: 0.0000749 seconds
[2024-05-17T08:57:15.825+0000][41.380s][debug][safepoint     ] Safepoint synchronization initiated. (73 threads)
[2024-05-17T08:57:15.825+0000][41.380s][info ][safepoint     ] Application time: 0.6547543 seconds
[2024-05-17T08:57:15.826+0000][41.380s][info ][safepoint     ] Entering safepoint region: ICBufferFull
[2024-05-17T08:57:15.826+0000][41.380s][info ][safepoint     ] Leaving safepoint region
[2024-05-17T08:57:15.826+0000][41.381s][info ][safepoint     ] Total time for which application threads were stopped: 0.0003503 seconds, Stopping threads took: 0.0000658 seconds
[2024-05-17T08:57:15.840+0000][41.395s][debug][safepoint     ] Safepoint synchronization initiated. (73 threads)
[2024-05-17T08:57:15.840+0000][41.395s][info ][safepoint     ] Application time: 0.0140629 seconds
[2024-05-17T08:57:15.840+0000][41.395s][info ][safepoint     ] Entering safepoint region: ICBufferFull
[2024-05-17T08:57:15.840+0000][41.395s][info ][safepoint     ] Leaving safepoint region
[2024-05-17T08:57:15.840+0000][41.395s][info ][safepoint     ] Total time for which application threads were stopped: 0.0002294 seconds, Stopping threads took: 0.0000269 seconds
[2024-05-17T08:57:16.341+0000][41.896s][debug][safepoint     ] Safepoint synchronization initiated. (73 threads)
[2024-05-17T08:57:16.341+0000][41.896s][info ][safepoint     ] Application time: 0.5011598 seconds
[2024-05-17T08:57:16.341+0000][41.896s][debug][safepoint     ] Waiting for 2 thread(s) to block
[2024-05-17T08:57:16.342+0000][41.896s][info ][safepoint     ] Entering safepoint region: G1CollectForAllocation
[2024-05-17T08:57:16.342+0000][41.897s][info ][gc,start      ] GC(47) Pause Young (Normal) (G1 Evacuation Pause)
[2024-05-17T08:57:16.342+0000][41.897s][info ][gc,task       ] GC(47) Using 4 workers of 4 for evacuation
[2024-05-17T08:57:16.367+0000][41.922s][info ][gc,phases     ] GC(47)   Pre Evacuate Collection Set: 0.0ms
[2024-05-17T08:57:16.367+0000][41.922s][info ][gc,phases     ] GC(47)   Evacuate Collection Set: 20.7ms
[2024-05-17T08:57:16.367+0000][41.922s][info ][gc,phases     ] GC(47)   Post Evacuate Collection Set: 4.5ms
[2024-05-17T08:57:16.367+0000][41.922s][info ][gc,phases     ] GC(47)   Other: 0.3ms
[2024-05-17T08:57:16.367+0000][41.922s][info ][gc,heap       ] GC(47) Eden regions: 214->0(213)
[2024-05-17T08:57:16.367+0000][41.922s][info ][gc,heap       ] GC(47) Survivor regions: 16->17(29)
[2024-05-17T08:57:16.368+0000][41.922s][info ][gc,heap       ] GC(47) Old regions: 76->80
[2024-05-17T08:57:16.368+0000][41.922s][info ][gc,heap       ] GC(47) Humongous regions: 1->0
[2024-05-17T08:57:16.368+0000][41.922s][info ][gc,metaspace  ] GC(47) Metaspace: 125159K(128900K)->125159K(128900K) NonClass: 110198K(112568K)->110198K(112568K) Class: 14960K(16332K)->14960K(16332K)
[2024-05-17T08:57:16.368+0000][41.922s][info ][gc            ] GC(47) Pause Young (Normal) (G1 Evacuation Pause) 304M->95M(384M) 25.701ms
[2024-05-17T08:57:16.368+0000][41.922s][info ][gc,cpu        ] GC(47) User=0.10s Sys=0.00s Real=0.02s
[2024-05-17T08:57:16.368+0000][41.922s][info ][safepoint     ] Leaving safepoint region
[2024-05-17T08:57:16.368+0000][41.922s][info ][safepoint     ] Total time for which application threads were stopped: 0.0262851 seconds, Stopping threads took: 0.0001347 seconds
[2024-05-17T08:57:16.368+0000][41.922s][info ][gc,stringdedup] Concurrent String Deduplication (41.922s)
[2024-05-17T08:57:16.375+0000][41.930s][info ][gc,stringdedup] Concurrent String Deduplication 483.5K->243.2K(240.4K) avg 50.3% (41.922s, 41.930s) 7.507ms
[2024-05-17T08:57:16.858+0000][42.412s][debug][safepoint     ] Safepoint synchronization initiated. (73 threads)
[2024-05-17T08:57:16.858+0000][42.412s][info ][safepoint     ] Application time: 0.4900952 seconds
[2024-05-17T08:57:16.858+0000][42.412s][info ][safepoint     ] Entering safepoint region: Deoptimize
[2024-05-17T08:57:16.860+0000][42.415s][info ][safepoint     ] Leaving safepoint region
[2024-05-17T08:57:16.860+0000][42.415s][info ][safepoint     ] Total time for which application threads were stopped: 0.0025735 seconds, Stopping threads took: 0.0000579 seconds
[2024-05-17T08:57:17.191+0000][42.745s][debug][safepoint     ] Safepoint synchronization initiated. (73 threads)
[2024-05-17T08:57:17.191+0000][42.745s][info ][safepoint     ] Application time: 0.3303346 seconds
[2024-05-17T08:57:17.191+0000][42.745s][info ][safepoint     ] Entering safepoint region: ICBufferFull
[2024-05-17T08:57:17.191+0000][42.746s][info ][safepoint     ] Leaving safepoint region
[2024-05-17T08:57:17.191+0000][42.746s][info ][safepoint     ] Total time for which application threads were stopped: 0.0003789 seconds, Stopping threads took: 0.0000462 seconds
[2024-05-17T08:57:18.012+0000][43.567s][debug][safepoint     ] Safepoint synchronization initiated. (74 threads)
[2024-05-17T08:57:18.012+0000][43.567s][info ][safepoint     ] Application time: 0.8213370 seconds
[2024-05-17T08:57:18.013+0000][43.567s][info ][safepoint     ] Entering safepoint region: G1CollectForAllocation
[2024-05-17T08:57:18.013+0000][43.568s][info ][gc,start      ] GC(48) Pause Young (Normal) (G1 Evacuation Pause)
[2024-05-17T08:57:18.013+0000][43.568s][info ][gc,task       ] GC(48) Using 4 workers of 4 for evacuation
[2024-05-17T08:57:18.044+0000][43.599s][info ][gc,phases     ] GC(48)   Pre Evacuate Collection Set: 0.0ms
[2024-05-17T08:57:18.044+0000][43.599s][info ][gc,phases     ] GC(48)   Evacuate Collection Set: 20.6ms
[2024-05-17T08:57:18.044+0000][43.599s][info ][gc,phases     ] GC(48)   Post Evacuate Collection Set: 10.1ms
[2024-05-17T08:57:18.044+0000][43.599s][info ][gc,phases     ] GC(48)   Other: 0.3ms
[2024-05-17T08:57:18.044+0000][43.599s][info ][gc,heap       ] GC(48) Eden regions: 213->0(215)
[2024-05-17T08:57:18.044+0000][43.599s][info ][gc,heap       ] GC(48) Survivor regions: 17->15(29)
[2024-05-17T08:57:18.044+0000][43.599s][info ][gc,heap       ] GC(48) Old regions: 80->86
[2024-05-17T08:57:18.044+0000][43.599s][info ][gc,heap       ] GC(48) Humongous regions: 0->0
[2024-05-17T08:57:18.044+0000][43.599s][info ][gc,metaspace  ] GC(48) Metaspace: 129648K(133380K)->129648K(133380K) NonClass: 114261K(116664K)->114261K(116664K) Class: 15387K(16716K)->15387K(16716K)
[2024-05-17T08:57:18.044+0000][43.599s][info ][gc            ] GC(48) Pause Young (Normal) (G1 Evacuation Pause) 308M->99M(384M) 31.324ms
[2024-05-17T08:57:18.044+0000][43.599s][info ][gc,cpu        ] GC(48) User=0.10s Sys=0.00s Real=0.03s
[2024-05-17T08:57:18.044+0000][43.599s][info ][safepoint     ] Leaving safepoint region
[2024-05-17T08:57:18.044+0000][43.599s][info ][safepoint     ] Total time for which application threads were stopped: 0.0319233 seconds, Stopping threads took: 0.0000542 seconds
[2024-05-17T08:57:18.045+0000][43.599s][info ][gc,stringdedup] Concurrent String Deduplication (43.599s)
[2024-05-17T08:57:18.055+0000][43.610s][info ][gc,stringdedup] Concurrent String Deduplication 543.8K->368.6K(175.2K) avg 49.6% (43.599s, 43.610s) 10.617ms
[2024-05-17T08:57:18.970+0000][44.525s][debug][safepoint     ] Safepoint synchronization initiated. (75 threads)
[2024-05-17T08:57:18.970+0000][44.525s][info ][safepoint     ] Application time: 0.9259762 seconds
[2024-05-17T08:57:18.971+0000][44.525s][info ][safepoint     ] Entering safepoint region: Deoptimize
[2024-05-17T08:57:18.974+0000][44.529s][info ][safepoint     ] Leaving safepoint region
[2024-05-17T08:57:18.974+0000][44.529s][info ][safepoint     ] Total time for which application threads were stopped: 0.0037776 seconds, Stopping threads took: 0.0000848 seconds
[2024-05-17T08:57:19.074+0000][44.629s][debug][safepoint     ] Safepoint synchronization initiated. (75 threads)
[2024-05-17T08:57:19.074+0000][44.629s][info ][safepoint     ] Application time: 0.1001469 seconds
[2024-05-17T08:57:19.074+0000][44.629s][debug][safepoint     ] Waiting for 1 thread(s) to block
[2024-05-17T08:57:19.075+0000][44.629s][info ][safepoint     ] Entering safepoint region: Deoptimize
[2024-05-17T08:57:19.077+0000][44.632s][info ][safepoint     ] Leaving safepoint region
[2024-05-17T08:57:19.077+0000][44.632s][info ][safepoint     ] Total time for which application threads were stopped: 0.0030420 seconds, Stopping threads took: 0.0002189 seconds
[2024-05-17T08:57:19.348+0000][44.902s][debug][safepoint     ] Safepoint synchronization initiated. (79 threads)
[2024-05-17T08:57:19.348+0000][44.903s][info ][safepoint     ] Application time: 0.2703926 seconds
[2024-05-17T08:57:19.348+0000][44.903s][debug][safepoint     ] Waiting for 1 thread(s) to block
[2024-05-17T08:57:19.348+0000][44.903s][info ][safepoint     ] Entering safepoint region: Deoptimize
[2024-05-17T08:57:19.350+0000][44.905s][info ][safepoint     ] Leaving safepoint region
[2024-05-17T08:57:19.350+0000][44.905s][info ][safepoint     ] Total time for which application threads were stopped: 0.0023853 seconds, Stopping threads took: 0.0000952 seconds
[2024-05-17T08:57:19.380+0000][44.934s][debug][safepoint     ] Safepoint synchronization initiated. (79 threads)
[2024-05-17T08:57:19.380+0000][44.934s][info ][safepoint     ] Application time: 0.0292029 seconds
[2024-05-17T08:57:19.380+0000][44.934s][debug][safepoint     ] Waiting for 1 thread(s) to block
[2024-05-17T08:57:19.380+0000][44.934s][info ][safepoint     ] Entering safepoint region: G1CollectForAllocation
[2024-05-17T08:57:19.380+0000][44.935s][info ][gc,start      ] GC(49) Pause Young (Normal) (G1 Evacuation Pause)
[2024-05-17T08:57:19.380+0000][44.935s][info ][gc,task       ] GC(49) Using 4 workers of 4 for evacuation
[2024-05-17T08:57:19.409+0000][44.964s][info ][gc,phases     ] GC(49)   Pre Evacuate Collection Set: 0.0ms
[2024-05-17T08:57:19.409+0000][44.964s][info ][gc,phases     ] GC(49)   Evacuate Collection Set: 24.1ms
[2024-05-17T08:57:19.409+0000][44.964s][info ][gc,phases     ] GC(49)   Post Evacuate Collection Set: 4.5ms
[2024-05-17T08:57:19.409+0000][44.964s][info ][gc,phases     ] GC(49)   Other: 0.3ms
[2024-05-17T08:57:19.409+0000][44.964s][info ][gc,heap       ] GC(49) Eden regions: 215->0(212)
[2024-05-17T08:57:19.409+0000][44.964s][info ][gc,heap       ] GC(49) Survivor regions: 15->18(29)
[2024-05-17T08:57:19.409+0000][44.964s][info ][gc,heap       ] GC(49) Old regions: 86->86
[2024-05-17T08:57:19.409+0000][44.964s][info ][gc,heap       ] GC(49) Humongous regions: 0->0
[2024-05-17T08:57:19.409+0000][44.964s][info ][gc,metaspace  ] GC(49) Metaspace: 133323K(137092K)->133323K(137092K) NonClass: 117616K(119992K)->117616K(119992K) Class: 15706K(17100K)->15706K(17100K)
[2024-05-17T08:57:19.409+0000][44.964s][info ][gc            ] GC(49) Pause Young (Normal) (G1 Evacuation Pause) 314M->102M(384M) 29.231ms
[2024-05-17T08:57:19.409+0000][44.964s][info ][gc,cpu        ] GC(49) User=0.11s Sys=0.00s Real=0.02s
[2024-05-17T08:57:19.409+0000][44.964s][info ][safepoint     ] Leaving safepoint region
[2024-05-17T08:57:19.409+0000][44.964s][info ][safepoint     ] Total time for which application threads were stopped: 0.0296757 seconds, Stopping threads took: 0.0000961 seconds
[2024-05-17T08:57:19.409+0000][44.964s][info ][gc,stringdedup] Concurrent String Deduplication (44.964s)
[2024-05-17T08:57:19.413+0000][44.968s][info ][gc,stringdedup] Concurrent String Deduplication 534.3K->175.0K(359.3K) avg 50.3% (44.964s, 44.968s) 3.729ms
[2024-05-17T08:57:19.511+0000][45.066s][debug][safepoint     ] Safepoint synchronization initiated. (79 threads)
[2024-05-17T08:57:19.511+0000][45.066s][info ][safepoint     ] Application time: 0.1018171 seconds
[2024-05-17T08:57:19.511+0000][45.066s][info ][safepoint     ] Entering safepoint region: Deoptimize
[2024-05-17T08:57:19.514+0000][45.068s][info ][safepoint     ] Leaving safepoint region
[2024-05-17T08:57:19.514+0000][45.068s][info ][safepoint     ] Total time for which application threads were stopped: 0.0025417 seconds, Stopping threads took: 0.0000490 seconds
[2024-05-17T08:57:19.562+0000][45.116s][debug][safepoint     ] Safepoint synchronization initiated. (79 threads)
[2024-05-17T08:57:19.562+0000][45.117s][info ][safepoint     ] Application time: 0.0482637 seconds
[2024-05-17T08:57:19.562+0000][45.117s][info ][safepoint     ] Entering safepoint region: Deoptimize
[2024-05-17T08:57:19.565+0000][45.120s][info ][safepoint     ] Leaving safepoint region
[2024-05-17T08:57:19.565+0000][45.120s][info ][safepoint     ] Total time for which application threads were stopped: 0.0030907 seconds, Stopping threads took: 0.0000499 seconds
[2024-05-17T08:57:19.619+0000][45.174s][debug][safepoint     ] Safepoint synchronization initiated. (79 threads)
[2024-05-17T08:57:19.619+0000][45.174s][info ][safepoint     ] Application time: 0.0537907 seconds
[2024-05-17T08:57:19.619+0000][45.174s][info ][safepoint     ] Entering safepoint region: Deoptimize
[2024-05-17T08:57:19.623+0000][45.177s][info ][safepoint     ] Leaving safepoint region
[2024-05-17T08:57:19.623+0000][45.177s][info ][safepoint     ] Total time for which application threads were stopped: 0.0037573 seconds, Stopping threads took: 0.0000480 seconds
[2024-05-17T08:57:19.864+0000][45.418s][debug][safepoint     ] Safepoint synchronization initiated. (79 threads)
[2024-05-17T08:57:19.864+0000][45.419s][info ][safepoint     ] Application time: 0.2411894 seconds
[2024-05-17T08:57:19.864+0000][45.419s][info ][safepoint     ] Entering safepoint region: Deoptimize
[2024-05-17T08:57:19.867+0000][45.422s][info ][safepoint     ] Leaving safepoint region
[2024-05-17T08:57:19.867+0000][45.422s][info ][safepoint     ] Total time for which application threads were stopped: 0.0035092 seconds, Stopping threads took: 0.0000764 seconds
[2024-05-17T08:57:19.869+0000][45.424s][debug][safepoint     ] Safepoint synchronization initiated. (79 threads)
[2024-05-17T08:57:19.869+0000][45.424s][info ][safepoint     ] Application time: 0.0016055 seconds
[2024-05-17T08:57:19.869+0000][45.424s][info ][safepoint     ] Entering safepoint region: Deoptimize
[2024-05-17T08:57:19.872+0000][45.427s][info ][safepoint     ] Leaving safepoint region
[2024-05-17T08:57:19.872+0000][45.427s][info ][safepoint     ] Total time for which application threads were stopped: 0.0028155 seconds, Stopping threads took: 0.0000463 seconds
[2024-05-17T08:57:19.900+0000][45.454s][debug][safepoint     ] Safepoint synchronization initiated. (79 threads)
[2024-05-17T08:57:19.900+0000][45.454s][info ][safepoint     ] Application time: 0.0277925 seconds
[2024-05-17T08:57:19.900+0000][45.454s][debug][safepoint     ] ... found polling page loop exception at pc = 0x00007faa8c867da7, stub =0x00007faa84826680
[2024-05-17T08:57:19.900+0000][45.454s][debug][safepoint     ] Waiting for 1 thread(s) to block
[2024-05-17T08:57:19.900+0000][45.455s][info ][safepoint     ] Entering safepoint region: ICBufferFull
[2024-05-17T08:57:19.900+0000][45.455s][info ][safepoint     ] Leaving safepoint region
[2024-05-17T08:57:19.900+0000][45.455s][info ][safepoint     ] Total time for which application threads were stopped: 0.0005609 seconds, Stopping threads took: 0.0001578 seconds
[2024-05-17T08:57:20.900+0000][46.455s][debug][safepoint     ] Safepoint synchronization initiated. (79 threads)
[2024-05-17T08:57:20.900+0000][46.455s][info ][safepoint     ] Application time: 1.0001551 seconds
[2024-05-17T08:57:20.901+0000][46.455s][debug][safepoint     ] ... found polling page loop exception at pc = 0x00007faa8cace743, stub =0x00007faa84826680
[2024-05-17T08:57:20.901+0000][46.455s][debug][safepoint     ] Waiting for 1 thread(s) to block
[2024-05-17T08:57:20.901+0000][46.455s][info ][safepoint     ] Entering safepoint region: Cleanup
[2024-05-17T08:57:20.901+0000][46.456s][info ][safepoint     ] Leaving safepoint region
[2024-05-17T08:57:20.901+0000][46.456s][info ][safepoint     ] Total time for which application threads were stopped: 0.0005759 seconds, Stopping threads took: 0.0001561 seconds
[2024-05-17T08:57:21.294+0000][46.849s][debug][safepoint     ] Safepoint synchronization initiated. (79 threads)
[2024-05-17T08:57:21.295+0000][46.849s][info ][safepoint     ] Application time: 0.3934358 seconds
[2024-05-17T08:57:21.295+0000][46.849s][info ][safepoint     ] Entering safepoint region: G1CollectForAllocation
[2024-05-17T08:57:21.295+0000][46.850s][info ][gc,start      ] GC(50) Pause Young (Normal) (G1 Evacuation Pause)
[2024-05-17T08:57:21.295+0000][46.850s][info ][gc,task       ] GC(50) Using 4 workers of 4 for evacuation
[2024-05-17T08:57:21.325+0000][46.880s][info ][gc,phases     ] GC(50)   Pre Evacuate Collection Set: 0.0ms
[2024-05-17T08:57:21.325+0000][46.880s][info ][gc,phases     ] GC(50)   Evacuate Collection Set: 25.0ms
[2024-05-17T08:57:21.325+0000][46.880s][info ][gc,phases     ] GC(50)   Post Evacuate Collection Set: 5.0ms
[2024-05-17T08:57:21.325+0000][46.880s][info ][gc,phases     ] GC(50)   Other: 0.4ms
[2024-05-17T08:57:21.325+0000][46.880s][info ][gc,heap       ] GC(50) Eden regions: 212->0(211)
[2024-05-17T08:57:21.325+0000][46.880s][info ][gc,heap       ] GC(50) Survivor regions: 18->19(29)
[2024-05-17T08:57:21.325+0000][46.880s][info ][gc,heap       ] GC(50) Old regions: 86->91
[2024-05-17T08:57:21.325+0000][46.880s][info ][gc,heap       ] GC(50) Humongous regions: 0->0
[2024-05-17T08:57:21.325+0000][46.880s][info ][gc,metaspace  ] GC(50) Metaspace: 140871K(144900K)->140871K(144900K) NonClass: 124345K(126904K)->124345K(126904K) Class: 16525K(17996K)->16525K(17996K)
[2024-05-17T08:57:21.326+0000][46.880s][info ][gc            ] GC(50) Pause Young (Normal) (G1 Evacuation Pause) 314M->107M(384M) 30.649ms
[2024-05-17T08:57:21.326+0000][46.880s][info ][gc,cpu        ] GC(50) User=0.11s Sys=0.00s Real=0.03s
[2024-05-17T08:57:21.326+0000][46.880s][info ][safepoint     ] Leaving safepoint region
[2024-05-17T08:57:21.326+0000][46.880s][info ][safepoint     ] Total time for which application threads were stopped: 0.0311386 seconds, Stopping threads took: 0.0000633 seconds
[2024-05-17T08:57:21.326+0000][46.880s][info ][gc,stringdedup] Concurrent String Deduplication (46.880s)
[2024-05-17T08:57:21.330+0000][46.884s][info ][gc,stringdedup] Concurrent String Deduplication 483.6K->157.2K(326.4K) avg 50.8% (46.880s, 46.884s) 3.824ms
[2024-05-17T08:57:22.326+0000][47.880s][debug][safepoint     ] Safepoint synchronization initiated. (80 threads)
[2024-05-17T08:57:22.326+0000][47.881s][info ][safepoint     ] Application time: 1.0001856 seconds
[2024-05-17T08:57:22.326+0000][47.881s][debug][safepoint     ] Waiting for 1 thread(s) to block
[2024-05-17T08:57:22.326+0000][47.881s][info ][safepoint     ] Entering safepoint region: Cleanup
[2024-05-17T08:57:22.326+0000][47.881s][info ][safepoint     ] Leaving safepoint region
[2024-05-17T08:57:22.326+0000][47.881s][info ][safepoint     ] Total time for which application threads were stopped: 0.0004233 seconds, Stopping threads took: 0.0001774 seconds
[2024-05-17T08:57:22.464+0000][48.018s][debug][safepoint     ] Safepoint synchronization initiated. (80 threads)
[2024-05-17T08:57:22.464+0000][48.018s][info ][safepoint     ] Application time: 0.1375271 seconds
[2024-05-17T08:57:22.464+0000][48.019s][info ][safepoint     ] Entering safepoint region: G1CollectForAllocation
[2024-05-17T08:57:22.464+0000][48.019s][info ][gc,start      ] GC(51) Pause Young (Normal) (G1 Evacuation Pause)
[2024-05-17T08:57:22.464+0000][48.019s][info ][gc,task       ] GC(51) Using 4 workers of 4 for evacuation
[2024-05-17T08:57:22.497+0000][48.052s][info ][gc,phases     ] GC(51)   Pre Evacuate Collection Set: 0.0ms
[2024-05-17T08:57:22.497+0000][48.052s][info ][gc,phases     ] GC(51)   Evacuate Collection Set: 28.1ms
[2024-05-17T08:57:22.497+0000][48.052s][info ][gc,phases     ] GC(51)   Post Evacuate Collection Set: 4.4ms
[2024-05-17T08:57:22.497+0000][48.052s][info ][gc,phases     ] GC(51)   Other: 0.2ms
[2024-05-17T08:57:22.497+0000][48.052s][info ][gc,heap       ] GC(51) Eden regions: 211->0(210)
[2024-05-17T08:57:22.497+0000][48.052s][info ][gc,heap       ] GC(51) Survivor regions: 19->20(29)
[2024-05-17T08:57:22.497+0000][48.052s][info ][gc,heap       ] GC(51) Old regions: 91->95
[2024-05-17T08:57:22.497+0000][48.052s][info ][gc,heap       ] GC(51) Humongous regions: 0->0
[2024-05-17T08:57:22.497+0000][48.052s][info ][gc,metaspace  ] GC(51) Metaspace: 145787K(149764K)->145787K(149764K) NonClass: 128857K(131256K)->128857K(131256K) Class: 16930K(18508K)->16930K(18508K)
[2024-05-17T08:57:22.497+0000][48.052s][info ][gc            ] GC(51) Pause Young (Normal) (G1 Evacuation Pause) 318M->113M(384M) 33.006ms
[2024-05-17T08:57:22.497+0000][48.052s][info ][gc,cpu        ] GC(51) User=0.13s Sys=0.00s Real=0.03s
[2024-05-17T08:57:22.497+0000][48.052s][info ][safepoint     ] Leaving safepoint region
[2024-05-17T08:57:22.497+0000][48.052s][info ][safepoint     ] Total time for which application threads were stopped: 0.0333950 seconds, Stopping threads took: 0.0000474 seconds
[2024-05-17T08:57:22.497+0000][48.052s][info ][gc,stringdedup] Concurrent String Deduplication (48.052s)
[2024-05-17T08:57:22.500+0000][48.054s][info ][gc,stringdedup] Concurrent String Deduplication 243.7K->126.7K(117.0K) avg 50.7% (48.052s, 48.054s) 2.160ms
[2024-05-17T08:57:23.144+0000][48.699s][debug][safepoint     ] Safepoint synchronization initiated. (85 threads)
[2024-05-17T08:57:23.144+0000][48.699s][info ][safepoint     ] Application time: 0.6469601 seconds
[2024-05-17T08:57:23.144+0000][48.699s][info ][safepoint     ] Entering safepoint region: Deoptimize
[2024-05-17T08:57:23.148+0000][48.702s][info ][safepoint     ] Leaving safepoint region
[2024-05-17T08:57:23.148+0000][48.702s][info ][safepoint     ] Total time for which application threads were stopped: 0.0034945 seconds, Stopping threads took: 0.0000485 seconds
[2024-05-17T08:57:24.148+0000][49.703s][debug][safepoint     ] Safepoint synchronization initiated. (91 threads)
[2024-05-17T08:57:24.148+0000][49.703s][info ][safepoint     ] Application time: 1.0001760 seconds
[2024-05-17T08:57:24.148+0000][49.703s][info ][safepoint     ] Entering safepoint region: Cleanup
[2024-05-17T08:57:24.148+0000][49.703s][info ][safepoint     ] Leaving safepoint region
[2024-05-17T08:57:24.148+0000][49.703s][info ][safepoint     ] Total time for which application threads were stopped: 0.0003694 seconds, Stopping threads took: 0.0000551 seconds
[2024-05-17T08:57:24.263+0000][49.817s][debug][safepoint     ] Safepoint synchronization initiated. (91 threads)
[2024-05-17T08:57:24.263+0000][49.817s][info ][safepoint     ] Application time: 0.1144882 seconds
[2024-05-17T08:57:24.263+0000][49.818s][info ][safepoint     ] Entering safepoint region: Deoptimize
[2024-05-17T08:57:24.266+0000][49.821s][info ][safepoint     ] Leaving safepoint region
[2024-05-17T08:57:24.267+0000][49.821s][info ][safepoint     ] Total time for which application threads were stopped: 0.0036565 seconds, Stopping threads took: 0.0000765 seconds
[2024-05-17T08:57:24.474+0000][50.029s][debug][safepoint     ] Safepoint synchronization initiated. (103 threads)
[2024-05-17T08:57:24.475+0000][50.029s][info ][safepoint     ] Application time: 0.2079731 seconds
[2024-05-17T08:57:24.475+0000][50.029s][debug][safepoint     ] Waiting for 1 thread(s) to block
[2024-05-17T08:57:24.475+0000][50.029s][info ][safepoint     ] Entering safepoint region: G1CollectForAllocation
[2024-05-17T08:57:24.475+0000][50.029s][info ][gc,start      ] GC(52) Pause Young (Normal) (G1 Evacuation Pause)
[2024-05-17T08:57:24.475+0000][50.030s][info ][gc,task       ] GC(52) Using 4 workers of 4 for evacuation
[2024-05-17T08:57:24.516+0000][50.070s][info ][gc,phases     ] GC(52)   Pre Evacuate Collection Set: 0.0ms
[2024-05-17T08:57:24.516+0000][50.070s][info ][gc,phases     ] GC(52)   Evacuate Collection Set: 35.6ms
[2024-05-17T08:57:24.516+0000][50.070s][info ][gc,phases     ] GC(52)   Post Evacuate Collection Set: 5.0ms
[2024-05-17T08:57:24.516+0000][50.070s][info ][gc,phases     ] GC(52)   Other: 0.3ms
[2024-05-17T08:57:24.516+0000][50.070s][info ][gc,heap       ] GC(52) Eden regions: 210->0(203)
[2024-05-17T08:57:24.516+0000][50.071s][info ][gc,heap       ] GC(52) Survivor regions: 20->19(29)
[2024-05-17T08:57:24.516+0000][50.071s][info ][gc,heap       ] GC(52) Old regions: 95->103
[2024-05-17T08:57:24.516+0000][50.071s][info ][gc,heap       ] GC(52) Humongous regions: 0->0
[2024-05-17T08:57:24.516+0000][50.071s][info ][gc,metaspace  ] GC(52) Metaspace: 153516K(157700K)->153516K(157700K) NonClass: 135843K(138424K)->135843K(138424K) Class: 17672K(19276K)->17672K(19276K)
[2024-05-17T08:57:24.516+0000][50.071s][info ][gc            ] GC(52) Pause Young (Normal) (G1 Evacuation Pause) 323M->119M(384M) 41.125ms
[2024-05-17T08:57:24.516+0000][50.071s][info ][gc,cpu        ] GC(52) User=0.16s Sys=0.00s Real=0.04s
[2024-05-17T08:57:24.516+0000][50.071s][info ][safepoint     ] Leaving safepoint region
[2024-05-17T08:57:24.516+0000][50.071s][info ][safepoint     ] Total time for which application threads were stopped: 0.0416044 seconds, Stopping threads took: 0.0001126 seconds
[2024-05-17T08:57:24.516+0000][50.071s][info ][gc,stringdedup] Concurrent String Deduplication (50.071s)
[2024-05-17T08:57:24.519+0000][50.074s][info ][gc,stringdedup] Concurrent String Deduplication 343.1K->87904.0B(257.3K) avg 51.3% (50.071s, 50.074s) 3.098ms
[2024-05-17T08:57:25.152+0000][50.706s][debug][safepoint     ] Safepoint synchronization initiated. (103 threads)
[2024-05-17T08:57:25.152+0000][50.706s][info ][safepoint     ] Application time: 0.6355067 seconds
[2024-05-17T08:57:25.152+0000][50.706s][info ][safepoint     ] Entering safepoint region: Deoptimize
[2024-05-17T08:57:25.155+0000][50.709s][info ][safepoint     ] Leaving safepoint region
[2024-05-17T08:57:25.155+0000][50.709s][info ][safepoint     ] Total time for which application threads were stopped: 0.0029972 seconds, Stopping threads took: 0.0000569 seconds
[2024-05-17T08:57:25.155+0000][50.710s][debug][safepoint     ] Safepoint synchronization initiated. (103 threads)
[2024-05-17T08:57:25.155+0000][50.710s][info ][safepoint     ] Application time: 0.0002515 seconds
[2024-05-17T08:57:25.155+0000][50.710s][info ][safepoint     ] Entering safepoint region: Deoptimize
[2024-05-17T08:57:25.156+0000][50.710s][info ][safepoint     ] Leaving safepoint region
[2024-05-17T08:57:25.156+0000][50.710s][info ][safepoint     ] Total time for which application threads were stopped: 0.0009068 seconds, Stopping threads took: 0.0000296 seconds
[2024-05-17T08:57:25.157+0000][50.712s][debug][safepoint     ] Safepoint synchronization initiated. (103 threads)
[2024-05-17T08:57:25.157+0000][50.712s][info ][safepoint     ] Application time: 0.0012585 seconds
[2024-05-17T08:57:25.157+0000][50.712s][info ][safepoint     ] Entering safepoint region: Deoptimize
[2024-05-17T08:57:25.158+0000][50.713s][info ][safepoint     ] Leaving safepoint region
[2024-05-17T08:57:25.158+0000][50.713s][info ][safepoint     ] Total time for which application threads were stopped: 0.0008336 seconds, Stopping threads took: 0.0000307 seconds
[2024-05-17T08:57:25.195+0000][50.750s][debug][safepoint     ] Safepoint synchronization initiated. (103 threads)
[2024-05-17T08:57:25.195+0000][50.750s][info ][safepoint     ] Application time: 0.0375053 seconds
[2024-05-17T08:57:25.196+0000][50.750s][info ][safepoint     ] Entering safepoint region: Deoptimize
[2024-05-17T08:57:25.199+0000][50.754s][info ][safepoint     ] Leaving safepoint region
[2024-05-17T08:57:25.199+0000][50.754s][info ][safepoint     ] Total time for which application threads were stopped: 0.0037911 seconds, Stopping threads took: 0.0000893 seconds
[2024-05-17T08:57:25.457+0000][51.012s][debug][safepoint     ] Safepoint synchronization initiated. (103 threads)
[2024-05-17T08:57:25.457+0000][51.012s][info ][safepoint     ] Application time: 0.2580841 seconds
[2024-05-17T08:57:25.457+0000][51.012s][info ][safepoint     ] Entering safepoint region: Deoptimize
[2024-05-17T08:57:25.461+0000][51.015s][info ][safepoint     ] Leaving safepoint region
[2024-05-17T08:57:25.461+0000][51.015s][info ][safepoint     ] Total time for which application threads were stopped: 0.0032529 seconds, Stopping threads took: 0.0000754 seconds
[2024-05-17T08:57:25.584+0000][51.138s][debug][safepoint     ] Safepoint synchronization initiated. (103 threads)
[2024-05-17T08:57:25.584+0000][51.138s][info ][safepoint     ] Application time: 0.1231511 seconds
[2024-05-17T08:57:25.584+0000][51.139s][info ][safepoint     ] Entering safepoint region: G1CollectForAllocation
[2024-05-17T08:57:25.584+0000][51.139s][info ][gc,start      ] GC(53) Pause Young (Normal) (G1 Evacuation Pause)
[2024-05-17T08:57:25.584+0000][51.139s][info ][gc,task       ] GC(53) Using 4 workers of 4 for evacuation
[2024-05-17T08:57:25.613+0000][51.168s][info ][gc,phases     ] GC(53)   Pre Evacuate Collection Set: 0.0ms
[2024-05-17T08:57:25.614+0000][51.168s][info ][gc,phases     ] GC(53)   Evacuate Collection Set: 23.5ms
[2024-05-17T08:57:25.614+0000][51.168s][info ][gc,phases     ] GC(53)   Post Evacuate Collection Set: 5.4ms
[2024-05-17T08:57:25.614+0000][51.168s][info ][gc,phases     ] GC(53)   Other: 0.3ms
[2024-05-17T08:57:25.614+0000][51.168s][info ][gc,heap       ] GC(53) Eden regions: 203->0(201)
[2024-05-17T08:57:25.614+0000][51.168s][info ][gc,heap       ] GC(53) Survivor regions: 19->17(28)
[2024-05-17T08:57:25.614+0000][51.168s][info ][gc,heap       ] GC(53) Old regions: 103->109
[2024-05-17T08:57:25.614+0000][51.168s][info ][gc,heap       ] GC(53) Humongous regions: 0->0
[2024-05-17T08:57:25.614+0000][51.168s][info ][gc,metaspace  ] GC(53) Metaspace: 155652K(160004K)->155652K(160004K) NonClass: 137723K(140472K)->137723K(140472K) Class: 17929K(19532K)->17929K(19532K)
[2024-05-17T08:57:25.614+0000][51.168s][info ][gc            ] GC(53) Pause Young (Normal) (G1 Evacuation Pause) 322M->123M(384M) 29.598ms
[2024-05-17T08:57:25.614+0000][51.168s][info ][gc,cpu        ] GC(53) User=0.11s Sys=0.01s Real=0.03s
[2024-05-17T08:57:25.614+0000][51.168s][info ][safepoint     ] Leaving safepoint region
[2024-05-17T08:57:25.614+0000][51.169s][info ][safepoint     ] Total time for which application threads were stopped: 0.0300272 seconds, Stopping threads took: 0.0000640 seconds
[2024-05-17T08:57:25.614+0000][51.169s][info ][gc,stringdedup] Concurrent String Deduplication (51.169s)
[2024-05-17T08:57:25.616+0000][51.171s][info ][gc,stringdedup] Concurrent String Deduplication 269.6K->41528.0B(229.0K) avg 51.8% (51.169s, 51.171s) 2.299ms
[2024-05-17T08:57:26.470+0000][52.024s][debug][safepoint     ] Safepoint synchronization initiated. (103 threads)
[2024-05-17T08:57:26.470+0000][52.024s][info ][safepoint     ] Application time: 0.8557287 seconds
[2024-05-17T08:57:26.470+0000][52.024s][info ][safepoint     ] Entering safepoint region: Deoptimize
[2024-05-17T08:57:26.474+0000][52.028s][info ][safepoint     ] Leaving safepoint region
[2024-05-17T08:57:26.474+0000][52.028s][info ][safepoint     ] Total time for which application threads were stopped: 0.0040189 seconds, Stopping threads took: 0.0002003 seconds
[2024-05-17T08:57:26.559+0000][52.114s][debug][safepoint     ] Safepoint synchronization initiated. (104 threads)
[2024-05-17T08:57:26.559+0000][52.114s][info ][safepoint     ] Application time: 0.0857447 seconds
[2024-05-17T08:57:26.560+0000][52.114s][info ][safepoint     ] Entering safepoint region: G1CollectForAllocation
[2024-05-17T08:57:26.560+0000][52.114s][info ][gc,start      ] GC(54) Pause Young (Normal) (G1 Evacuation Pause)
[2024-05-17T08:57:26.560+0000][52.114s][info ][gc,task       ] GC(54) Using 4 workers of 4 for evacuation
[2024-05-17T08:57:26.593+0000][52.148s][info ][gc,phases     ] GC(54)   Pre Evacuate Collection Set: 0.0ms
[2024-05-17T08:57:26.593+0000][52.148s][info ][gc,phases     ] GC(54)   Evacuate Collection Set: 27.4ms
[2024-05-17T08:57:26.594+0000][52.148s][info ][gc,phases     ] GC(54)   Post Evacuate Collection Set: 5.9ms
[2024-05-17T08:57:26.594+0000][52.148s][info ][gc,phases     ] GC(54)   Other: 0.3ms
[2024-05-17T08:57:26.594+0000][52.148s][info ][gc,heap       ] GC(54) Eden regions: 201->0(202)
[2024-05-17T08:57:26.594+0000][52.148s][info ][gc,heap       ] GC(54) Survivor regions: 17->14(28)
[2024-05-17T08:57:26.594+0000][52.148s][info ][gc,heap       ] GC(54) Old regions: 109->114
[2024-05-17T08:57:26.594+0000][52.148s][info ][gc,heap       ] GC(54) Humongous regions: 0->0
[2024-05-17T08:57:26.594+0000][52.148s][info ][gc,metaspace  ] GC(54) Metaspace: 157700K(162180K)->157700K(162180K) NonClass: 139471K(142264K)->139471K(142264K) Class: 18229K(19916K)->18229K(19916K)
[2024-05-17T08:57:26.594+0000][52.148s][info ][gc            ] GC(54) Pause Young (Normal) (G1 Evacuation Pause) 324M->126M(384M) 33.899ms
[2024-05-17T08:57:26.594+0000][52.148s][info ][gc,cpu        ] GC(54) User=0.13s Sys=0.00s Real=0.03s
[2024-05-17T08:57:26.594+0000][52.148s][info ][safepoint     ] Leaving safepoint region
[2024-05-17T08:57:26.594+0000][52.148s][info ][safepoint     ] Total time for which application threads were stopped: 0.0343440 seconds, Stopping threads took: 0.0000587 seconds
[2024-05-17T08:57:26.594+0000][52.149s][info ][gc,stringdedup] Concurrent String Deduplication (52.149s)
[2024-05-17T08:57:26.607+0000][52.162s][info ][gc,stringdedup] Concurrent String Deduplication 564.1K->166.6K(397.5K) avg 52.4% (52.149s, 52.162s) 13.248ms
[2024-05-17T08:57:26.979+0000][52.533s][debug][safepoint     ] Safepoint synchronization initiated. (104 threads)
[2024-05-17T08:57:26.979+0000][52.533s][info ][safepoint     ] Application time: 0.3848700 seconds
[2024-05-17T08:57:26.979+0000][52.534s][info ][safepoint     ] Entering safepoint region: Deoptimize
[2024-05-17T08:57:26.982+0000][52.537s][info ][safepoint     ] Leaving safepoint region
[2024-05-17T08:57:26.982+0000][52.537s][info ][safepoint     ] Total time for which application threads were stopped: 0.0033070 seconds, Stopping threads took: 0.0001827 seconds
[2024-05-17T08:57:27.067+0000][52.622s][debug][safepoint     ] Safepoint synchronization initiated. (104 threads)
[2024-05-17T08:57:27.067+0000][52.622s][info ][safepoint     ] Application time: 0.0851833 seconds
[2024-05-17T08:57:27.067+0000][52.622s][info ][safepoint     ] Entering safepoint region: Deoptimize
[2024-05-17T08:57:27.071+0000][52.625s][info ][safepoint     ] Leaving safepoint region
[2024-05-17T08:57:27.071+0000][52.625s][info ][safepoint     ] Total time for which application threads were stopped: 0.0033936 seconds, Stopping threads took: 0.0000880 seconds
[2024-05-17T08:57:27.756+0000][53.310s][debug][safepoint     ] Safepoint synchronization initiated. (109 threads)
[2024-05-17T08:57:27.756+0000][53.310s][info ][safepoint     ] Application time: 0.6848499 seconds
[2024-05-17T08:57:27.756+0000][53.310s][info ][safepoint     ] Entering safepoint region: G1CollectForAllocation
[2024-05-17T08:57:27.756+0000][53.311s][info ][gc,start      ] GC(55) Pause Young (Normal) (G1 Evacuation Pause)
[2024-05-17T08:57:27.756+0000][53.311s][info ][gc,task       ] GC(55) Using 4 workers of 4 for evacuation
[2024-05-17T08:57:27.787+0000][53.342s][info ][gc,phases     ] GC(55)   Pre Evacuate Collection Set: 0.1ms
[2024-05-17T08:57:27.787+0000][53.342s][info ][gc,phases     ] GC(55)   Evacuate Collection Set: 25.1ms
[2024-05-17T08:57:27.787+0000][53.342s][info ][gc,phases     ] GC(55)   Post Evacuate Collection Set: 5.3ms
[2024-05-17T08:57:27.787+0000][53.342s][info ][gc,phases     ] GC(55)   Other: 0.3ms
[2024-05-17T08:57:27.787+0000][53.342s][info ][gc,heap       ] GC(55) Eden regions: 202->0(197)
[2024-05-17T08:57:27.787+0000][53.342s][info ][gc,heap       ] GC(55) Survivor regions: 14->17(27)
[2024-05-17T08:57:27.787+0000][53.342s][info ][gc,heap       ] GC(55) Old regions: 114->114
[2024-05-17T08:57:27.787+0000][53.342s][info ][gc,heap       ] GC(55) Humongous regions: 0->0
[2024-05-17T08:57:27.787+0000][53.342s][info ][gc,metaspace  ] GC(55) Metaspace: 159940K(164356K)->159940K(164356K) NonClass: 141367K(144056K)->141367K(144056K) Class: 18572K(20300K)->18572K(20300K)
[2024-05-17T08:57:27.787+0000][53.342s][info ][gc            ] GC(55) Pause Young (Normal) (G1 Evacuation Pause) 328M->129M(384M) 31.017ms
[2024-05-17T08:57:27.787+0000][53.342s][info ][gc,cpu        ] GC(55) User=0.12s Sys=0.00s Real=0.03s
[2024-05-17T08:57:27.787+0000][53.342s][info ][safepoint     ] Leaving safepoint region
[2024-05-17T08:57:27.787+0000][53.342s][info ][safepoint     ] Total time for which application threads were stopped: 0.0316444 seconds, Stopping threads took: 0.0001020 seconds
[2024-05-17T08:57:27.787+0000][53.342s][info ][gc,stringdedup] Concurrent String Deduplication (53.342s)
[2024-05-17T08:57:27.790+0000][53.345s][info ][gc,stringdedup] Concurrent String Deduplication 324.6K->189.5K(135.1K) avg 52.2% (53.342s, 53.345s) 2.599ms
[2024-05-17T08:57:28.264+0000][53.819s][debug][safepoint     ] Safepoint synchronization initiated. (109 threads)
[2024-05-17T08:57:28.264+0000][53.819s][info ][safepoint     ] Application time: 0.4770148 seconds
[2024-05-17T08:57:28.264+0000][53.819s][info ][safepoint     ] Entering safepoint region: Deoptimize
[2024-05-17T08:57:28.268+0000][53.823s][info ][safepoint     ] Leaving safepoint region
[2024-05-17T08:57:28.268+0000][53.823s][info ][safepoint     ] Total time for which application threads were stopped: 0.0040374 seconds, Stopping threads took: 0.0000967 seconds
[2024-05-17T08:57:29.146+0000][54.701s][debug][safepoint     ] Safepoint synchronization initiated. (121 threads)
[2024-05-17T08:57:29.146+0000][54.701s][info ][safepoint     ] Application time: 0.8778439 seconds
[2024-05-17T08:57:29.146+0000][54.701s][info ][safepoint     ] Entering safepoint region: G1CollectForAllocation
[2024-05-17T08:57:29.147+0000][54.702s][info ][gc,start      ] GC(56) Pause Young (Normal) (G1 Evacuation Pause)
[2024-05-17T08:57:29.147+0000][54.702s][info ][gc,task       ] GC(56) Using 4 workers of 4 for evacuation
[2024-05-17T08:57:29.188+0000][54.742s][info ][gc,phases     ] GC(56)   Pre Evacuate Collection Set: 0.0ms
[2024-05-17T08:57:29.188+0000][54.742s][info ][gc,phases     ] GC(56)   Evacuate Collection Set: 34.5ms
[2024-05-17T08:57:29.188+0000][54.742s][info ][gc,phases     ] GC(56)   Post Evacuate Collection Set: 5.6ms
[2024-05-17T08:57:29.188+0000][54.742s][info ][gc,phases     ] GC(56)   Other: 0.6ms
[2024-05-17T08:57:29.188+0000][54.742s][info ][gc,heap       ] GC(56) Eden regions: 197->0(192)
[2024-05-17T08:57:29.188+0000][54.742s][info ][gc,heap       ] GC(56) Survivor regions: 17->16(27)
[2024-05-17T08:57:29.188+0000][54.742s][info ][gc,heap       ] GC(56) Old regions: 114->121
[2024-05-17T08:57:29.188+0000][54.742s][info ][gc,heap       ] GC(56) Humongous regions: 0->0
[2024-05-17T08:57:29.188+0000][54.742s][info ][gc,metaspace  ] GC(56) Metaspace: 161748K(166404K)->161748K(166404K) NonClass: 142940K(145848K)->142940K(145848K) Class: 18808K(20556K)->18808K(20556K)
[2024-05-17T08:57:29.188+0000][54.743s][info ][gc            ] GC(56) Pause Young (Normal) (G1 Evacuation Pause) 326M->135M(384M) 40.765ms
[2024-05-17T08:57:29.188+0000][54.743s][info ][gc,cpu        ] GC(56) User=0.16s Sys=0.00s Real=0.04s
[2024-05-17T08:57:29.188+0000][54.743s][info ][safepoint     ] Leaving safepoint region
[2024-05-17T08:57:29.188+0000][54.743s][info ][safepoint     ] Total time for which application threads were stopped: 0.0417466 seconds, Stopping threads took: 0.0001094 seconds
[2024-05-17T08:57:29.189+0000][54.744s][info ][gc,stringdedup] Concurrent String Deduplication (54.744s)
[2024-05-17T08:57:29.194+0000][54.748s][info ][gc,stringdedup] Concurrent String Deduplication 225.9K->90240.0B(137.8K) avg 52.3% (54.744s, 54.748s) 4.680ms
[2024-05-17T08:57:29.616+0000][55.171s][debug][safepoint     ] Safepoint synchronization initiated. (122 threads)
[2024-05-17T08:57:29.616+0000][55.171s][info ][safepoint     ] Application time: 0.4279799 seconds
[2024-05-17T08:57:29.616+0000][55.171s][debug][safepoint     ] Waiting for 1 thread(s) to block
[2024-05-17T08:57:29.616+0000][55.171s][info ][safepoint     ] Entering safepoint region: ICBufferFull
[2024-05-17T08:57:29.617+0000][55.172s][info ][safepoint     ] Leaving safepoint region
[2024-05-17T08:57:29.617+0000][55.172s][info ][safepoint     ] Total time for which application threads were stopped: 0.0008670 seconds, Stopping threads took: 0.0002153 seconds
[2024-05-17T08:57:30.397+0000][55.952s][debug][safepoint     ] Safepoint synchronization initiated. (122 threads)
[2024-05-17T08:57:30.398+0000][55.952s][info ][safepoint     ] Application time: 0.7806592 seconds
[2024-05-17T08:57:30.398+0000][55.952s][info ][safepoint     ] Entering safepoint region: ICBufferFull
[2024-05-17T08:57:30.398+0000][55.953s][info ][safepoint     ] Leaving safepoint region
[2024-05-17T08:57:30.398+0000][55.953s][info ][safepoint     ] Total time for which application threads were stopped: 0.0006264 seconds, Stopping threads took: 0.0001476 seconds
[2024-05-17T08:57:30.543+0000][56.098s][debug][safepoint     ] Safepoint synchronization initiated. (122 threads)
[2024-05-17T08:57:30.543+0000][56.098s][info ][safepoint     ] Application time: 0.1450277 seconds
[2024-05-17T08:57:30.543+0000][56.098s][info ][safepoint     ] Entering safepoint region: ICBufferFull
[2024-05-17T08:57:30.544+0000][56.098s][info ][safepoint     ] Leaving safepoint region
[2024-05-17T08:57:30.544+0000][56.098s][info ][safepoint     ] Total time for which application threads were stopped: 0.0004567 seconds, Stopping threads took: 0.0000823 seconds
[2024-05-17T08:57:30.721+0000][56.276s][debug][safepoint     ] Safepoint synchronization initiated. (122 threads)
[2024-05-17T08:57:30.721+0000][56.276s][info ][safepoint     ] Application time: 0.1775755 seconds
[2024-05-17T08:57:30.721+0000][56.276s][info ][safepoint     ] Entering safepoint region: ICBufferFull
[2024-05-17T08:57:30.722+0000][56.277s][info ][safepoint     ] Leaving safepoint region
[2024-05-17T08:57:30.722+0000][56.277s][info ][safepoint     ] Total time for which application threads were stopped: 0.0005631 seconds, Stopping threads took: 0.0000854 seconds
[2024-05-17T08:57:30.872+0000][56.427s][debug][safepoint     ] Safepoint synchronization initiated. (122 threads)
[2024-05-17T08:57:30.872+0000][56.427s][info ][safepoint     ] Application time: 0.1500862 seconds
[2024-05-17T08:57:30.872+0000][56.427s][info ][safepoint     ] Entering safepoint region: G1CollectForAllocation
[2024-05-17T08:57:30.873+0000][56.427s][info ][gc,start      ] GC(57) Pause Young (Normal) (G1 Evacuation Pause)
[2024-05-17T08:57:30.873+0000][56.427s][info ][gc,task       ] GC(57) Using 4 workers of 4 for evacuation
[2024-05-17T08:57:30.909+0000][56.464s][info ][gc,phases     ] GC(57)   Pre Evacuate Collection Set: 0.0ms
[2024-05-17T08:57:30.909+0000][56.464s][info ][gc,phases     ] GC(57)   Evacuate Collection Set: 30.1ms
[2024-05-17T08:57:30.909+0000][56.464s][info ][gc,phases     ] GC(57)   Post Evacuate Collection Set: 6.1ms
[2024-05-17T08:57:30.909+0000][56.464s][info ][gc,phases     ] GC(57)   Other: 0.4ms
[2024-05-17T08:57:30.909+0000][56.464s][info ][gc,heap       ] GC(57) Eden regions: 192->0(187)
[2024-05-17T08:57:30.909+0000][56.464s][info ][gc,heap       ] GC(57) Survivor regions: 16->17(26)
[2024-05-17T08:57:30.909+0000][56.464s][info ][gc,heap       ] GC(57) Old regions: 121->124
[2024-05-17T08:57:30.909+0000][56.464s][info ][gc,heap       ] GC(57) Humongous regions: 0->0
[2024-05-17T08:57:30.909+0000][56.464s][info ][gc,metaspace  ] GC(57) Metaspace: 163500K(168580K)->163500K(168580K) NonClass: 144497K(147640K)->144497K(147640K) Class: 19003K(20940K)->19003K(20940K)
[2024-05-17T08:57:30.909+0000][56.464s][info ][gc            ] GC(57) Pause Young (Normal) (G1 Evacuation Pause) 327M->139M(384M) 36.852ms
[2024-05-17T08:57:30.909+0000][56.464s][info ][gc,cpu        ] GC(57) User=0.14s Sys=0.00s Real=0.03s
[2024-05-17T08:57:30.909+0000][56.464s][info ][safepoint     ] Leaving safepoint region
[2024-05-17T08:57:30.910+0000][56.464s][info ][safepoint     ] Total time for which application threads were stopped: 0.0374495 seconds, Stopping threads took: 0.0000684 seconds
[2024-05-17T08:57:30.910+0000][56.464s][info ][gc,stringdedup] Concurrent String Deduplication (56.464s)
[2024-05-17T08:57:30.912+0000][56.466s][info ][gc,stringdedup] Concurrent String Deduplication 192.7K->81816.0B(112.8K) avg 52.4% (56.464s, 56.466s) 1.755ms
[2024-05-17T08:57:31.208+0000][56.763s][debug][safepoint     ] Safepoint synchronization initiated. (122 threads)
[2024-05-17T08:57:31.208+0000][56.763s][info ][safepoint     ] Application time: 0.2985926 seconds
[2024-05-17T08:57:31.208+0000][56.763s][info ][safepoint     ] Entering safepoint region: ICBufferFull
[2024-05-17T08:57:31.209+0000][56.763s][info ][safepoint     ] Leaving safepoint region
[2024-05-17T08:57:31.209+0000][56.763s][info ][safepoint     ] Total time for which application threads were stopped: 0.0004628 seconds, Stopping threads took: 0.0000752 seconds
[2024-05-17T08:57:31.278+0000][56.833s][debug][safepoint     ] Safepoint synchronization initiated. (122 threads)
[2024-05-17T08:57:31.278+0000][56.833s][info ][safepoint     ] Application time: 0.0696123 seconds
[2024-05-17T08:57:31.278+0000][56.833s][info ][safepoint     ] Entering safepoint region: ICBufferFull
[2024-05-17T08:57:31.279+0000][56.834s][info ][safepoint     ] Leaving safepoint region
[2024-05-17T08:57:31.279+0000][56.834s][info ][safepoint     ] Total time for which application threads were stopped: 0.0007151 seconds, Stopping threads took: 0.0001894 seconds
[2024-05-17T08:57:31.855+0000][57.409s][debug][safepoint     ] Safepoint synchronization initiated. (122 threads)
[2024-05-17T08:57:31.855+0000][57.409s][info ][safepoint     ] Application time: 0.5757018 seconds
[2024-05-17T08:57:31.855+0000][57.409s][info ][safepoint     ] Entering safepoint region: G1CollectForAllocation
[2024-05-17T08:57:31.855+0000][57.410s][info ][gc,start      ] GC(58) Pause Young (Normal) (G1 Evacuation Pause)
[2024-05-17T08:57:31.855+0000][57.410s][info ][gc,task       ] GC(58) Using 4 workers of 4 for evacuation
[2024-05-17T08:57:31.886+0000][57.440s][info ][gc,phases     ] GC(58)   Pre Evacuate Collection Set: 0.0ms
[2024-05-17T08:57:31.886+0000][57.440s][info ][gc,phases     ] GC(58)   Evacuate Collection Set: 25.3ms
[2024-05-17T08:57:31.886+0000][57.440s][info ][gc,phases     ] GC(58)   Post Evacuate Collection Set: 4.8ms
[2024-05-17T08:57:31.886+0000][57.440s][info ][gc,phases     ] GC(58)   Other: 0.4ms
[2024-05-17T08:57:31.886+0000][57.440s][info ][gc,heap       ] GC(58) Eden regions: 187->0(183)
[2024-05-17T08:57:31.886+0000][57.440s][info ][gc,heap       ] GC(58) Survivor regions: 17->16(26)
[2024-05-17T08:57:31.886+0000][57.441s][info ][gc,heap       ] GC(58) Old regions: 124->130
[2024-05-17T08:57:31.886+0000][57.441s][info ][gc,heap       ] GC(58) Humongous regions: 0->0
[2024-05-17T08:57:31.886+0000][57.441s][info ][gc,metaspace  ] GC(58) Metaspace: 164003K(168964K)->164003K(168964K) NonClass: 144946K(147896K)->144946K(147896K) Class: 19056K(21068K)->19056K(21068K)
[2024-05-17T08:57:31.886+0000][57.441s][info ][gc            ] GC(58) Pause Young (Normal) (G1 Evacuation Pause) 326M->143M(384M) 30.757ms
[2024-05-17T08:57:31.886+0000][57.441s][info ][gc,cpu        ] GC(58) User=0.12s Sys=0.00s Real=0.03s
[2024-05-17T08:57:31.886+0000][57.441s][info ][safepoint     ] Leaving safepoint region
[2024-05-17T08:57:31.886+0000][57.441s][info ][safepoint     ] Total time for which application threads were stopped: 0.0314711 seconds, Stopping threads took: 0.0000833 seconds
[2024-05-17T08:57:31.886+0000][57.441s][info ][gc,stringdedup] Concurrent String Deduplication (57.441s)
[2024-05-17T08:57:31.891+0000][57.446s][info ][gc,stringdedup] Concurrent String Deduplication 531.9K->102208.0B(432.1K) avg 53.2% (57.441s, 57.446s) 5.179ms
[2024-05-17T08:57:32.533+0000][58.088s][debug][safepoint     ] Safepoint synchronization initiated. (122 threads)
[2024-05-17T08:57:32.533+0000][58.088s][info ][safepoint     ] Application time: 0.6469659 seconds
[2024-05-17T08:57:32.533+0000][58.088s][info ][safepoint     ] Entering safepoint region: G1CollectForAllocation
[2024-05-17T08:57:32.535+0000][58.090s][info ][gc,start      ] GC(59) Pause Young (Normal) (G1 Evacuation Pause)
[2024-05-17T08:57:32.535+0000][58.090s][info ][gc,task       ] GC(59) Using 4 workers of 4 for evacuation
[2024-05-17T08:57:32.595+0000][58.149s][info ][gc,phases     ] GC(59)   Pre Evacuate Collection Set: 0.1ms
[2024-05-17T08:57:32.595+0000][58.150s][info ][gc,phases     ] GC(59)   Evacuate Collection Set: 45.0ms
[2024-05-17T08:57:32.595+0000][58.150s][info ][gc,phases     ] GC(59)   Post Evacuate Collection Set: 14.0ms
[2024-05-17T08:57:32.595+0000][58.150s][info ][gc,phases     ] GC(59)   Other: 1.0ms
[2024-05-17T08:57:32.595+0000][58.150s][info ][gc,heap       ] GC(59) Eden regions: 183->0(185)
[2024-05-17T08:57:32.595+0000][58.150s][info ][gc,heap       ] GC(59) Survivor regions: 16->11(25)
[2024-05-17T08:57:32.595+0000][58.150s][info ][gc,heap       ] GC(59) Old regions: 130->136
[2024-05-17T08:57:32.595+0000][58.150s][info ][gc,heap       ] GC(59) Humongous regions: 0->0
[2024-05-17T08:57:32.595+0000][58.150s][info ][gc,metaspace  ] GC(59) Metaspace: 164115K(169220K)->164115K(169220K) NonClass: 145049K(148152K)->145049K(148152K) Class: 19066K(21068K)->19066K(21068K)
[2024-05-17T08:57:32.595+0000][58.150s][info ][gc            ] GC(59) Pause Young (Normal) (G1 Evacuation Pause) 326M->145M(384M) 60.127ms
[2024-05-17T08:57:32.595+0000][58.150s][info ][gc,cpu        ] GC(59) User=0.15s Sys=0.00s Real=0.06s
[2024-05-17T08:57:32.595+0000][58.150s][info ][safepoint     ] Leaving safepoint region
[2024-05-17T08:57:32.595+0000][58.150s][info ][safepoint     ] Total time for which application threads were stopped: 0.0622627 seconds, Stopping threads took: 0.0001566 seconds
[2024-05-17T08:57:32.596+0000][58.150s][info ][gc,stringdedup] Concurrent String Deduplication (58.150s)
[2024-05-17T08:57:32.600+0000][58.155s][info ][gc,stringdedup] Concurrent String Deduplication 450.0K->172.4K(277.6K) avg 53.4% (58.150s, 58.155s) 4.350ms
[2024-05-17T08:57:32.696+0000][58.251s][debug][safepoint     ] Safepoint synchronization initiated. (122 threads)
[2024-05-17T08:57:32.696+0000][58.251s][info ][safepoint     ] Application time: 0.1005920 seconds
[2024-05-17T08:57:32.696+0000][58.251s][debug][safepoint     ] Waiting for 1 thread(s) to block
[2024-05-17T08:57:32.696+0000][58.251s][info ][safepoint     ] Entering safepoint region: Deoptimize
[2024-05-17T08:57:32.702+0000][58.257s][info ][safepoint     ] Leaving safepoint region
[2024-05-17T08:57:32.702+0000][58.257s][info ][safepoint     ] Total time for which application threads were stopped: 0.0060876 seconds, Stopping threads took: 0.0001383 seconds
[2024-05-17T08:57:32.888+0000][58.443s][debug][safepoint     ] Safepoint synchronization initiated. (122 threads)
[2024-05-17T08:57:32.888+0000][58.443s][info ][safepoint     ] Application time: 0.1859043 seconds
[2024-05-17T08:57:32.892+0000][58.446s][debug][safepoint     ] ... found polling page return exception at pc = 0x00007faa8c482a1d, stub =0x00007faa84824b00
[2024-05-17T08:57:32.892+0000][58.447s][debug][safepoint     ] Waiting for 1 thread(s) to block
[2024-05-17T08:57:32.892+0000][58.447s][info ][safepoint     ] Entering safepoint region: Deoptimize
[2024-05-17T08:57:32.897+0000][58.451s][info ][safepoint     ] Leaving safepoint region
[2024-05-17T08:57:32.897+0000][58.451s][info ][safepoint     ] Total time for which application threads were stopped: 0.0086675 seconds, Stopping threads took: 0.0038934 seconds
[2024-05-17T08:57:33.147+0000][58.702s][debug][safepoint     ] Safepoint synchronization initiated. (122 threads)
[2024-05-17T08:57:33.147+0000][58.702s][info ][safepoint     ] Application time: 0.2504270 seconds
[2024-05-17T08:57:33.147+0000][58.702s][debug][safepoint     ] Waiting for 1 thread(s) to block
[2024-05-17T08:57:33.147+0000][58.702s][info ][safepoint     ] Entering safepoint region: G1CollectForAllocation
[2024-05-17T08:57:33.148+0000][58.702s][info ][gc,start      ] GC(60) Pause Young (Normal) (G1 Evacuation Pause)
[2024-05-17T08:57:33.148+0000][58.702s][info ][gc,task       ] GC(60) Using 4 workers of 4 for evacuation
[2024-05-17T08:57:33.168+0000][58.723s][info ][gc,phases     ] GC(60)   Pre Evacuate Collection Set: 0.1ms
[2024-05-17T08:57:33.169+0000][58.723s][info ][gc,phases     ] GC(60)   Evacuate Collection Set: 15.0ms
[2024-05-17T08:57:33.169+0000][58.723s][info ][gc,phases     ] GC(60)   Post Evacuate Collection Set: 5.4ms
[2024-05-17T08:57:33.169+0000][58.723s][info ][gc,phases     ] GC(60)   Other: 0.3ms
[2024-05-17T08:57:33.169+0000][58.723s][info ][gc,heap       ] GC(60) Eden regions: 185->0(181)
[2024-05-17T08:57:33.169+0000][58.723s][info ][gc,heap       ] GC(60) Survivor regions: 11->14(25)
[2024-05-17T08:57:33.169+0000][58.723s][info ][gc,heap       ] GC(60) Old regions: 136->136
[2024-05-17T08:57:33.169+0000][58.723s][info ][gc,heap       ] GC(60) Humongous regions: 0->0
[2024-05-17T08:57:33.169+0000][58.723s][info ][gc,metaspace  ] GC(60) Metaspace: 166510K(171524K)->166510K(171524K) NonClass: 147169K(150200K)->147169K(150200K) Class: 19341K(21324K)->19341K(21324K)
[2024-05-17T08:57:33.169+0000][58.723s][info ][gc            ] GC(60) Pause Young (Normal) (G1 Evacuation Pause) 330M->148M(384M) 20.942ms
[2024-05-17T08:57:33.169+0000][58.723s][info ][gc,cpu        ] GC(60) User=0.06s Sys=0.00s Real=0.02s
[2024-05-17T08:57:33.169+0000][58.724s][info ][safepoint     ] Leaving safepoint region
[2024-05-17T08:57:33.169+0000][58.724s][info ][safepoint     ] Total time for which application threads were stopped: 0.0217041 seconds, Stopping threads took: 0.0001572 seconds
[2024-05-17T08:57:33.169+0000][58.724s][info ][gc,stringdedup] Concurrent String Deduplication (58.724s)
[2024-05-17T08:57:33.172+0000][58.727s][info ][gc,stringdedup] Concurrent String Deduplication 367.1K->147.2K(219.9K) avg 53.5% (58.724s, 58.727s) 3.241ms
[2024-05-17T08:57:33.761+0000][59.316s][debug][safepoint     ] Safepoint synchronization initiated. (122 threads)
[2024-05-17T08:57:33.761+0000][59.316s][info ][safepoint     ] Application time: 0.5924875 seconds
[2024-05-17T08:57:33.762+0000][59.316s][info ][safepoint     ] Entering safepoint region: G1CollectForAllocation
[2024-05-17T08:57:33.762+0000][59.317s][info ][gc,start      ] GC(61) Pause Young (Normal) (G1 Evacuation Pause)
[2024-05-17T08:57:33.762+0000][59.317s][info ][gc,task       ] GC(61) Using 4 workers of 4 for evacuation
[2024-05-17T08:57:33.783+0000][59.337s][info ][gc,phases     ] GC(61)   Pre Evacuate Collection Set: 0.0ms
[2024-05-17T08:57:33.783+0000][59.337s][info ][gc,phases     ] GC(61)   Evacuate Collection Set: 14.5ms
[2024-05-17T08:57:33.783+0000][59.337s][info ][gc,phases     ] GC(61)   Post Evacuate Collection Set: 6.1ms
[2024-05-17T08:57:33.783+0000][59.338s][info ][gc,phases     ] GC(61)   Other: 0.2ms
[2024-05-17T08:57:33.783+0000][59.338s][info ][gc,heap       ] GC(61) Eden regions: 181->0(182)
[2024-05-17T08:57:33.783+0000][59.338s][info ][gc,heap       ] GC(61) Survivor regions: 14->11(25)
[2024-05-17T08:57:33.783+0000][59.338s][info ][gc,heap       ] GC(61) Old regions: 136->141
[2024-05-17T08:57:33.783+0000][59.338s][info ][gc,heap       ] GC(61) Humongous regions: 0->0
[2024-05-17T08:57:33.783+0000][59.338s][info ][gc,metaspace  ] GC(61) Metaspace: 166693K(171780K)->166693K(171780K) NonClass: 147335K(150456K)->147335K(150456K) Class: 19357K(21324K)->19357K(21324K)
[2024-05-17T08:57:33.783+0000][59.338s][info ][gc            ] GC(61) Pause Young (Normal) (G1 Evacuation Pause) 329M->150M(384M) 21.046ms
[2024-05-17T08:57:33.783+0000][59.338s][info ][gc,cpu        ] GC(61) User=0.08s Sys=0.00s Real=0.02s
[2024-05-17T08:57:33.783+0000][59.338s][info ][safepoint     ] Leaving safepoint region
[2024-05-17T08:57:33.783+0000][59.338s][info ][safepoint     ] Total time for which application threads were stopped: 0.0216794 seconds, Stopping threads took: 0.0001961 seconds
[2024-05-17T08:57:33.783+0000][59.338s][info ][gc,stringdedup] Concurrent String Deduplication (59.338s)
[2024-05-17T08:57:33.785+0000][59.340s][info ][gc,stringdedup] Concurrent String Deduplication 297.2K->88960.0B(210.4K) avg 53.8% (59.338s, 59.340s) 2.008ms
[2024-05-17T08:57:34.404+0000][59.958s][debug][safepoint     ] Safepoint synchronization initiated. (122 threads)
[2024-05-17T08:57:34.404+0000][59.958s][info ][safepoint     ] Application time: 0.6205770 seconds
[2024-05-17T08:57:34.404+0000][59.958s][info ][safepoint     ] Entering safepoint region: G1CollectForAllocation
[2024-05-17T08:57:34.404+0000][59.959s][info ][gc,start      ] GC(62) Pause Young (Normal) (G1 Evacuation Pause)
[2024-05-17T08:57:34.405+0000][59.959s][info ][gc,task       ] GC(62) Using 4 workers of 4 for evacuation
[2024-05-17T08:57:34.427+0000][59.982s][info ][gc,phases     ] GC(62)   Pre Evacuate Collection Set: 0.0ms
[2024-05-17T08:57:34.427+0000][59.982s][info ][gc,phases     ] GC(62)   Evacuate Collection Set: 16.1ms
[2024-05-17T08:57:34.427+0000][59.982s][info ][gc,phases     ] GC(62)   Post Evacuate Collection Set: 6.0ms
[2024-05-17T08:57:34.427+0000][59.982s][info ][gc,phases     ] GC(62)   Other: 0.4ms
[2024-05-17T08:57:34.427+0000][59.982s][info ][gc,heap       ] GC(62) Eden regions: 182->0(178)
[2024-05-17T08:57:34.427+0000][59.982s][info ][gc,heap       ] GC(62) Survivor regions: 11->13(25)
[2024-05-17T08:57:34.427+0000][59.982s][info ][gc,heap       ] GC(62) Old regions: 141->141
[2024-05-17T08:57:34.427+0000][59.982s][info ][gc,heap       ] GC(62) Humongous regions: 0->0
[2024-05-17T08:57:34.427+0000][59.982s][info ][gc,metaspace  ] GC(62) Metaspace: 166855K(172036K)->166855K(172036K) NonClass: 147479K(150712K)->147479K(150712K) Class: 19375K(21324K)->19375K(21324K)
[2024-05-17T08:57:34.427+0000][59.982s][info ][gc            ] GC(62) Pause Young (Normal) (G1 Evacuation Pause) 332M->152M(384M) 22.733ms
[2024-05-17T08:57:34.427+0000][59.982s][info ][gc,cpu        ] GC(62) User=0.09s Sys=0.00s Real=0.02s
[2024-05-17T08:57:34.427+0000][59.982s][info ][safepoint     ] Leaving safepoint region
[2024-05-17T08:57:34.427+0000][59.982s][info ][safepoint     ] Total time for which application threads were stopped: 0.0235853 seconds, Stopping threads took: 0.0001487 seconds
[2024-05-17T08:57:34.427+0000][59.982s][info ][gc,stringdedup] Concurrent String Deduplication (59.982s)
[2024-05-17T08:57:34.430+0000][59.984s][info ][gc,stringdedup] Concurrent String Deduplication 282.4K->101.7K(180.6K) avg 54.0% (59.982s, 59.984s) 2.204ms
[2024-05-17T08:57:35.025+0000][60.579s][debug][safepoint     ] Safepoint synchronization initiated. (122 threads)
[2024-05-17T08:57:35.025+0000][60.579s][info ][safepoint     ] Application time: 0.5974856 seconds
[2024-05-17T08:57:35.025+0000][60.580s][debug][safepoint     ] Waiting for 1 thread(s) to block
[2024-05-17T08:57:35.025+0000][60.580s][info ][safepoint     ] Entering safepoint region: G1CollectForAllocation
[2024-05-17T08:57:35.025+0000][60.580s][info ][gc,start      ] GC(63) Pause Young (Normal) (G1 Evacuation Pause)
[2024-05-17T08:57:35.025+0000][60.580s][info ][gc,task       ] GC(63) Using 4 workers of 4 for evacuation
[2024-05-17T08:57:35.044+0000][60.599s][info ][gc,phases     ] GC(63)   Pre Evacuate Collection Set: 0.0ms
[2024-05-17T08:57:35.044+0000][60.599s][info ][gc,phases     ] GC(63)   Evacuate Collection Set: 12.6ms
[2024-05-17T08:57:35.044+0000][60.599s][info ][gc,phases     ] GC(63)   Post Evacuate Collection Set: 5.9ms
[2024-05-17T08:57:35.044+0000][60.599s][info ][gc,phases     ] GC(63)   Other: 0.4ms
[2024-05-17T08:57:35.044+0000][60.599s][info ][gc,heap       ] GC(63) Eden regions: 178->0(177)
[2024-05-17T08:57:35.044+0000][60.599s][info ][gc,heap       ] GC(63) Survivor regions: 13->12(24)
[2024-05-17T08:57:35.044+0000][60.599s][info ][gc,heap       ] GC(63) Old regions: 141->144
[2024-05-17T08:57:35.044+0000][60.599s][info ][gc,heap       ] GC(63) Humongous regions: 0->0
[2024-05-17T08:57:35.044+0000][60.599s][info ][gc,metaspace  ] GC(63) Metaspace: 166939K(172036K)->166939K(172036K) NonClass: 147553K(150712K)->147553K(150712K) Class: 19385K(21324K)->19385K(21324K)
[2024-05-17T08:57:35.045+0000][60.599s][info ][gc            ] GC(63) Pause Young (Normal) (G1 Evacuation Pause) 330M->153M(384M) 19.133ms
[2024-05-17T08:57:35.045+0000][60.599s][info ][gc,cpu        ] GC(63) User=0.08s Sys=0.00s Real=0.02s
[2024-05-17T08:57:35.045+0000][60.599s][info ][safepoint     ] Leaving safepoint region
[2024-05-17T08:57:35.045+0000][60.599s][info ][safepoint     ] Total time for which application threads were stopped: 0.0198229 seconds, Stopping threads took: 0.0002426 seconds
[2024-05-17T08:57:35.045+0000][60.599s][info ][gc,stringdedup] Concurrent String Deduplication (60.599s)
[2024-05-17T08:57:35.047+0000][60.602s][info ][gc,stringdedup] Concurrent String Deduplication 199.4K->75736.0B(125.4K) avg 54.0% (60.599s, 60.602s) 2.170ms
[2024-05-17T08:57:35.433+0000][60.987s][debug][safepoint     ] Safepoint synchronization initiated. (122 threads)
[2024-05-17T08:57:35.433+0000][60.987s][info ][safepoint     ] Application time: 0.3879976 seconds
[2024-05-17T08:57:35.433+0000][60.987s][info ][safepoint     ] Entering safepoint region: G1CollectForAllocation
[2024-05-17T08:57:35.433+0000][60.988s][info ][gc,start      ] GC(64) Pause Young (Normal) (G1 Evacuation Pause)
[2024-05-17T08:57:35.433+0000][60.988s][info ][gc,task       ] GC(64) Using 4 workers of 4 for evacuation
[2024-05-17T08:57:35.453+0000][61.008s][info ][gc,phases     ] GC(64)   Pre Evacuate Collection Set: 0.0ms
[2024-05-17T08:57:35.453+0000][61.008s][info ][gc,phases     ] GC(64)   Evacuate Collection Set: 14.4ms
[2024-05-17T08:57:35.453+0000][61.008s][info ][gc,phases     ] GC(64)   Post Evacuate Collection Set: 5.3ms
[2024-05-17T08:57:35.453+0000][61.008s][info ][gc,phases     ] GC(64)   Other: 0.3ms
[2024-05-17T08:57:35.453+0000][61.008s][info ][gc,heap       ] GC(64) Eden regions: 177->0(175)
[2024-05-17T08:57:35.453+0000][61.008s][info ][gc,heap       ] GC(64) Survivor regions: 12->13(24)
[2024-05-17T08:57:35.453+0000][61.008s][info ][gc,heap       ] GC(64) Old regions: 144->144
[2024-05-17T08:57:35.453+0000][61.008s][info ][gc,heap       ] GC(64) Humongous regions: 0->0
[2024-05-17T08:57:35.453+0000][61.008s][info ][gc,metaspace  ] GC(64) Metaspace: 166985K(172036K)->166985K(172036K) NonClass: 147595K(150712K)->147595K(150712K) Class: 19389K(21324K)->19389K(21324K)
[2024-05-17T08:57:35.453+0000][61.008s][info ][gc            ] GC(64) Pause Young (Normal) (G1 Evacuation Pause) 330M->154M(384M) 20.090ms
[2024-05-17T08:57:35.453+0000][61.008s][info ][gc,cpu        ] GC(64) User=0.08s Sys=0.00s Real=0.02s
[2024-05-17T08:57:35.453+0000][61.008s][info ][safepoint     ] Leaving safepoint region
[2024-05-17T08:57:35.453+0000][61.008s][info ][safepoint     ] Total time for which application threads were stopped: 0.0205882 seconds, Stopping threads took: 0.0000978 seconds
[2024-05-17T08:57:35.453+0000][61.008s][info ][gc,stringdedup] Concurrent String Deduplication (61.008s)
[2024-05-17T08:57:35.456+0000][61.010s][info ][gc,stringdedup] Concurrent String Deduplication 310.9K->94744.0B(218.4K) avg 54.3% (61.008s, 61.010s) 2.143ms
[2024-05-17T08:57:35.886+0000][61.441s][debug][safepoint     ] Safepoint synchronization initiated. (122 threads)
[2024-05-17T08:57:35.886+0000][61.441s][info ][safepoint     ] Application time: 0.4331292 seconds
[2024-05-17T08:57:35.887+0000][61.441s][info ][safepoint     ] Entering safepoint region: G1CollectForAllocation
[2024-05-17T08:57:35.887+0000][61.442s][info ][gc,start      ] GC(65) Pause Young (Normal) (G1 Evacuation Pause)
[2024-05-17T08:57:35.887+0000][61.442s][info ][gc,task       ] GC(65) Using 4 workers of 4 for evacuation
[2024-05-17T08:57:35.908+0000][61.463s][info ][gc,phases     ] GC(65)   Pre Evacuate Collection Set: 1.2ms
[2024-05-17T08:57:35.908+0000][61.463s][info ][gc,phases     ] GC(65)   Evacuate Collection Set: 13.6ms
[2024-05-17T08:57:35.908+0000][61.463s][info ][gc,phases     ] GC(65)   Post Evacuate Collection Set: 5.8ms
[2024-05-17T08:57:35.908+0000][61.463s][info ][gc,phases     ] GC(65)   Other: 0.3ms
[2024-05-17T08:57:35.908+0000][61.463s][info ][gc,heap       ] GC(65) Eden regions: 175->0(173)
[2024-05-17T08:57:35.908+0000][61.463s][info ][gc,heap       ] GC(65) Survivor regions: 13->14(24)
[2024-05-17T08:57:35.908+0000][61.463s][info ][gc,heap       ] GC(65) Old regions: 144->144
[2024-05-17T08:57:35.908+0000][61.463s][info ][gc,heap       ] GC(65) Humongous regions: 0->0
[2024-05-17T08:57:35.908+0000][61.463s][info ][gc,metaspace  ] GC(65) Metaspace: 167081K(172036K)->167081K(172036K) NonClass: 147684K(150712K)->147684K(150712K) Class: 19397K(21324K)->19397K(21324K)
[2024-05-17T08:57:35.908+0000][61.463s][info ][gc            ] GC(65) Pause Young (Normal) (G1 Evacuation Pause) 329M->156M(384M) 21.150ms
[2024-05-17T08:57:35.908+0000][61.463s][info ][gc,cpu        ] GC(65) User=0.07s Sys=0.00s Real=0.02s
[2024-05-17T08:57:35.908+0000][61.463s][info ][safepoint     ] Leaving safepoint region
[2024-05-17T08:57:35.908+0000][61.463s][info ][safepoint     ] Total time for which application threads were stopped: 0.0218299 seconds, Stopping threads took: 0.0001283 seconds
[2024-05-17T08:57:35.908+0000][61.463s][info ][gc,stringdedup] Concurrent String Deduplication (61.463s)
[2024-05-17T08:57:35.910+0000][61.465s][info ][gc,stringdedup] Concurrent String Deduplication 178.7K->61544.0B(118.6K) avg 54.4% (61.463s, 61.465s) 2.050ms
[2024-05-17T08:57:36.249+0000][61.804s][debug][safepoint     ] Safepoint synchronization initiated. (122 threads)
[2024-05-17T08:57:36.249+0000][61.804s][info ][safepoint     ] Application time: 0.3406920 seconds
[2024-05-17T08:57:36.249+0000][61.804s][info ][safepoint     ] Entering safepoint region: G1CollectForAllocation
[2024-05-17T08:57:36.249+0000][61.804s][info ][gc,start      ] GC(66) Pause Young (Normal) (G1 Evacuation Pause)
[2024-05-17T08:57:36.249+0000][61.804s][info ][gc,task       ] GC(66) Using 4 workers of 4 for evacuation
[2024-05-17T08:57:36.269+0000][61.824s][info ][gc,phases     ] GC(66)   Pre Evacuate Collection Set: 0.0ms
[2024-05-17T08:57:36.269+0000][61.824s][info ][gc,phases     ] GC(66)   Evacuate Collection Set: 15.1ms
[2024-05-17T08:57:36.269+0000][61.824s][info ][gc,phases     ] GC(66)   Post Evacuate Collection Set: 4.7ms
[2024-05-17T08:57:36.269+0000][61.824s][info ][gc,phases     ] GC(66)   Other: 0.2ms
[2024-05-17T08:57:36.270+0000][61.824s][info ][gc,heap       ] GC(66) Eden regions: 173->0(173)
[2024-05-17T08:57:36.270+0000][61.824s][info ][gc,heap       ] GC(66) Survivor regions: 14->13(24)
[2024-05-17T08:57:36.270+0000][61.824s][info ][gc,heap       ] GC(66) Old regions: 144->146
[2024-05-17T08:57:36.270+0000][61.824s][info ][gc,heap       ] GC(66) Humongous regions: 0->0
[2024-05-17T08:57:36.270+0000][61.824s][info ][gc,metaspace  ] GC(66) Metaspace: 167105K(172036K)->167105K(172036K) NonClass: 147708K(150712K)->147708K(150712K) Class: 19397K(21324K)->19397K(21324K)
[2024-05-17T08:57:36.270+0000][61.824s][info ][gc            ] GC(66) Pause Young (Normal) (G1 Evacuation Pause) 329M->157M(384M) 20.275ms
[2024-05-17T08:57:36.270+0000][61.824s][info ][gc,cpu        ] GC(66) User=0.07s Sys=0.00s Real=0.03s
[2024-05-17T08:57:36.270+0000][61.824s][info ][safepoint     ] Leaving safepoint region
[2024-05-17T08:57:36.270+0000][61.824s][info ][safepoint     ] Total time for which application threads were stopped: 0.0207569 seconds, Stopping threads took: 0.0000594 seconds
[2024-05-17T08:57:36.270+0000][61.824s][info ][gc,stringdedup] Concurrent String Deduplication (61.824s)
[2024-05-17T08:57:36.271+0000][61.826s][info ][gc,stringdedup] Concurrent String Deduplication 139.9K->54480.0B(88792.0B) avg 54.4% (61.824s, 61.826s) 1.426ms
[2024-05-17T08:57:36.512+0000][62.067s][debug][safepoint     ] Safepoint synchronization initiated. (126 threads)
[2024-05-17T08:57:36.512+0000][62.067s][info ][safepoint     ] Application time: 0.2422687 seconds
[2024-05-17T08:57:36.512+0000][62.067s][info ][safepoint     ] Entering safepoint region: Deoptimize
[2024-05-17T08:57:36.520+0000][62.074s][info ][safepoint     ] Leaving safepoint region
[2024-05-17T08:57:36.520+0000][62.074s][info ][safepoint     ] Total time for which application threads were stopped: 0.0077840 seconds, Stopping threads took: 0.0001333 seconds
[2024-05-17T08:57:36.569+0000][62.124s][debug][safepoint     ] Safepoint synchronization initiated. (127 threads)
[2024-05-17T08:57:36.569+0000][62.124s][info ][safepoint     ] Application time: 0.0493169 seconds
[2024-05-17T08:57:36.569+0000][62.124s][info ][safepoint     ] Entering safepoint region: Deoptimize
[2024-05-17T08:57:36.572+0000][62.126s][info ][safepoint     ] Leaving safepoint region
[2024-05-17T08:57:36.572+0000][62.126s][info ][safepoint     ] Total time for which application threads were stopped: 0.0026212 seconds, Stopping threads took: 0.0000475 seconds
[2024-05-17T08:57:36.713+0000][62.268s][debug][safepoint     ] Safepoint synchronization initiated. (131 threads)
[2024-05-17T08:57:36.713+0000][62.268s][info ][safepoint     ] Application time: 0.1412446 seconds
[2024-05-17T08:57:36.713+0000][62.268s][info ][safepoint     ] Entering safepoint region: Deoptimize
[2024-05-17T08:57:36.716+0000][62.271s][info ][safepoint     ] Leaving safepoint region
[2024-05-17T08:57:36.716+0000][62.271s][info ][safepoint     ] Total time for which application threads were stopped: 0.0031181 seconds, Stopping threads took: 0.0000626 seconds
[2024-05-17T08:57:37.177+0000][62.731s][debug][safepoint     ] Safepoint synchronization initiated. (159 threads)
[2024-05-17T08:57:37.177+0000][62.731s][info ][safepoint     ] Application time: 0.4605108 seconds
[2024-05-17T08:57:37.177+0000][62.731s][debug][safepoint     ] ... found polling page return exception at pc = 0x00007faa8c922386, stub =0x00007faa84824b00
[2024-05-17T08:57:37.177+0000][62.732s][debug][safepoint     ] ... found polling page loop exception at pc = 0x00007faa872caae3, stub =0x00007faa84826680
[2024-05-17T08:57:37.177+0000][62.732s][debug][safepoint     ] Waiting for 7 thread(s) to block
[2024-05-17T08:57:37.178+0000][62.732s][info ][safepoint     ] Entering safepoint region: ICBufferFull
[2024-05-17T08:57:37.178+0000][62.733s][info ][safepoint     ] Leaving safepoint region
[2024-05-17T08:57:37.178+0000][62.733s][info ][safepoint     ] Total time for which application threads were stopped: 0.0015355 seconds, Stopping threads took: 0.0010116 seconds
[2024-05-17T08:57:37.301+0000][62.856s][debug][safepoint     ] Safepoint synchronization initiated. (179 threads)
[2024-05-17T08:57:37.301+0000][62.856s][info ][safepoint     ] Application time: 0.1231111 seconds
[2024-05-17T08:57:37.306+0000][62.860s][debug][safepoint     ] ... found polling page return exception at pc = 0x00007faa8cd49037, stub =0x00007faa84824b00
[2024-05-17T08:57:37.306+0000][62.860s][debug][safepoint     ] ... found polling page return exception at pc = 0x00007faa8c2ac994, stub =0x00007faa84824b00
[2024-05-17T08:57:37.306+0000][62.860s][debug][safepoint     ] Waiting for 4 thread(s) to block
[2024-05-17T08:57:37.306+0000][62.861s][info ][safepoint     ] Entering safepoint region: Deoptimize
[2024-05-17T08:57:37.310+0000][62.865s][info ][safepoint     ] Leaving safepoint region
[2024-05-17T08:57:37.311+0000][62.865s][info ][safepoint     ] Total time for which application threads were stopped: 0.0091027 seconds, Stopping threads took: 0.0046173 seconds
[2024-05-17T08:57:37.387+0000][62.942s][debug][safepoint     ] Safepoint synchronization initiated. (181 threads)
[2024-05-17T08:57:37.387+0000][62.942s][info ][safepoint     ] Application time: 0.0765589 seconds
[2024-05-17T08:57:37.387+0000][62.942s][debug][safepoint     ] ... found polling page return exception at pc = 0x00007faa86b487b0, stub =0x00007faa84824b00
[2024-05-17T08:57:37.387+0000][62.942s][debug][safepoint     ] ... found polling page return exception at pc = 0x00007faa8c35d77d, stub =0x00007faa84824b00
[2024-05-17T08:57:37.387+0000][62.942s][debug][safepoint     ] Waiting for 9 thread(s) to block
[2024-05-17T08:57:37.388+0000][62.942s][info ][safepoint     ] Entering safepoint region: G1CollectForAllocation
[2024-05-17T08:57:37.388+0000][62.943s][info ][gc,start      ] GC(67) Pause Young (Normal) (G1 Evacuation Pause)
[2024-05-17T08:57:37.388+0000][62.943s][info ][gc,task       ] GC(67) Using 4 workers of 4 for evacuation
[2024-05-17T08:57:37.419+0000][62.974s][info ][gc,phases     ] GC(67)   Pre Evacuate Collection Set: 0.0ms
[2024-05-17T08:57:37.419+0000][62.974s][info ][gc,phases     ] GC(67)   Evacuate Collection Set: 24.0ms
[2024-05-17T08:57:37.419+0000][62.974s][info ][gc,phases     ] GC(67)   Post Evacuate Collection Set: 6.5ms
[2024-05-17T08:57:37.419+0000][62.974s][info ][gc,phases     ] GC(67)   Other: 0.5ms
[2024-05-17T08:57:37.419+0000][62.974s][info ][gc,heap       ] GC(67) Eden regions: 173->0(165)
[2024-05-17T08:57:37.419+0000][62.974s][info ][gc,heap       ] GC(67) Survivor regions: 13->17(24)
[2024-05-17T08:57:37.419+0000][62.974s][info ][gc,heap       ] GC(67) Old regions: 146->146
[2024-05-17T08:57:37.419+0000][62.974s][info ][gc,heap       ] GC(67) Humongous regions: 0->0
[2024-05-17T08:57:37.419+0000][62.974s][info ][gc,metaspace  ] GC(67) Metaspace: 173241K(178948K)->173241K(178948K) NonClass: 153101K(156600K)->153101K(156600K) Class: 20140K(22348K)->20140K(22348K)
[2024-05-17T08:57:37.419+0000][62.974s][info ][gc            ] GC(67) Pause Young (Normal) (G1 Evacuation Pause) 330M->161M(384M) 31.158ms
[2024-05-17T08:57:37.419+0000][62.974s][info ][gc,cpu        ] GC(67) User=0.12s Sys=0.00s Real=0.04s
[2024-05-17T08:57:37.419+0000][62.974s][info ][safepoint     ] Leaving safepoint region
[2024-05-17T08:57:37.419+0000][62.974s][info ][safepoint     ] Total time for which application threads were stopped: 0.0323251 seconds, Stopping threads took: 0.0004646 seconds
[2024-05-17T08:57:37.420+0000][62.974s][info ][gc,stringdedup] Concurrent String Deduplication (62.974s)
[2024-05-17T08:57:37.421+0000][62.976s][info ][gc,stringdedup] Concurrent String Deduplication 172.3K->53408.0B(120.2K) avg 54.6% (62.974s, 62.976s) 1.632ms
[2024-05-17T08:57:37.450+0000][63.005s][debug][safepoint     ] Safepoint synchronization initiated. (181 threads)
[2024-05-17T08:57:37.450+0000][63.005s][info ][safepoint     ] Application time: 0.0310471 seconds
[2024-05-17T08:57:37.451+0000][63.005s][debug][safepoint     ] Waiting for 1 thread(s) to block
[2024-05-17T08:57:37.451+0000][63.005s][info ][safepoint     ] Entering safepoint region: Deoptimize
[2024-05-17T08:57:37.454+0000][63.009s][info ][safepoint     ] Leaving safepoint region
[2024-05-17T08:57:37.454+0000][63.009s][info ][safepoint     ] Total time for which application threads were stopped: 0.0035919 seconds, Stopping threads took: 0.0002085 seconds
[2024-05-17T08:57:37.455+0000][63.009s][debug][safepoint     ] Safepoint synchronization initiated. (181 threads)
[2024-05-17T08:57:37.455+0000][63.009s][info ][safepoint     ] Application time: 0.0007443 seconds
[2024-05-17T08:57:37.455+0000][63.010s][info ][safepoint     ] Entering safepoint region: Deoptimize
[2024-05-17T08:57:37.456+0000][63.010s][info ][safepoint     ] Leaving safepoint region
[2024-05-17T08:57:37.456+0000][63.011s][info ][safepoint     ] Total time for which application threads were stopped: 0.0010153 seconds, Stopping threads took: 0.0000417 seconds
[2024-05-17T08:57:37.462+0000][63.016s][debug][safepoint     ] Safepoint synchronization initiated. (181 threads)
[2024-05-17T08:57:37.462+0000][63.017s][info ][safepoint     ] Application time: 0.0062518 seconds
[2024-05-17T08:57:37.462+0000][63.017s][debug][safepoint     ] Waiting for 1 thread(s) to block
[2024-05-17T08:57:37.462+0000][63.017s][info ][safepoint     ] Entering safepoint region: Deoptimize
[2024-05-17T08:57:37.463+0000][63.018s][info ][safepoint     ] Leaving safepoint region
[2024-05-17T08:57:37.463+0000][63.018s][info ][safepoint     ] Total time for which application threads were stopped: 0.0012141 seconds, Stopping threads took: 0.0001251 seconds
[2024-05-17T08:57:37.498+0000][63.053s][debug][safepoint     ] Safepoint synchronization initiated. (190 threads)
[2024-05-17T08:57:37.498+0000][63.053s][info ][safepoint     ] Application time: 0.0346327 seconds
[2024-05-17T08:57:37.499+0000][63.053s][debug][safepoint     ] Waiting for 2 thread(s) to block
[2024-05-17T08:57:37.499+0000][63.053s][info ][safepoint     ] Entering safepoint region: Deoptimize
[2024-05-17T08:57:37.502+0000][63.056s][info ][safepoint     ] Leaving safepoint region
[2024-05-17T08:57:37.502+0000][63.056s][info ][safepoint     ] Total time for which application threads were stopped: 0.0037926 seconds, Stopping threads took: 0.0008110 seconds
[2024-05-17T08:57:37.677+0000][63.231s][debug][safepoint     ] Safepoint synchronization initiated. (198 threads)
[2024-05-17T08:57:37.677+0000][63.231s][info ][safepoint     ] Application time: 0.1747750 seconds
[2024-05-17T08:57:37.677+0000][63.231s][debug][safepoint     ] ... found polling page return exception at pc = 0x00007faa8c4265f4, stub =0x00007faa84824b00
[2024-05-17T08:57:37.677+0000][63.231s][debug][safepoint     ] ... found polling page return exception at pc = 0x00007faa8cb94bc5, stub =0x00007faa84824b00
[2024-05-17T08:57:37.677+0000][63.231s][debug][safepoint     ] Waiting for 2 thread(s) to block
[2024-05-17T08:57:37.677+0000][63.232s][info ][safepoint     ] Entering safepoint region: Deoptimize
[2024-05-17T08:57:37.681+0000][63.236s][info ][safepoint     ] Leaving safepoint region
[2024-05-17T08:57:37.681+0000][63.236s][info ][safepoint     ] Total time for which application threads were stopped: 0.0047303 seconds, Stopping threads took: 0.0007384 seconds
[2024-05-17T08:57:37.696+0000][63.250s][debug][safepoint     ] Safepoint synchronization initiated. (198 threads)
[2024-05-17T08:57:37.696+0000][63.251s][info ][safepoint     ] Application time: 0.0145279 seconds
[2024-05-17T08:57:37.696+0000][63.251s][debug][safepoint     ] ... found polling page return exception at pc = 0x00007faa8cd76828, stub =0x00007faa84824b00
[2024-05-17T08:57:37.696+0000][63.251s][debug][safepoint     ] ... found polling page return exception at pc = 0x00007faa8cda2e4e, stub =0x00007faa84824b00
[2024-05-17T08:57:37.696+0000][63.251s][debug][safepoint     ] ... found polling page return exception at pc = 0x00007faa8668abda, stub =0x00007faa84824b00
[2024-05-17T08:57:37.696+0000][63.251s][debug][safepoint     ] ... found polling page return exception at pc = 0x00007faa8cc390b4, stub =0x00007faa84824b00
[2024-05-17T08:57:37.696+0000][63.251s][debug][safepoint     ] Waiting for 5 thread(s) to block
[2024-05-17T08:57:37.696+0000][63.251s][info ][safepoint     ] Entering safepoint region: Deoptimize
[2024-05-17T08:57:37.699+0000][63.254s][info ][safepoint     ] Leaving safepoint region
[2024-05-17T08:57:37.699+0000][63.254s][info ][safepoint     ] Total time for which application threads were stopped: 0.0033057 seconds, Stopping threads took: 0.0004744 seconds
[2024-05-17T08:57:37.702+0000][63.256s][debug][safepoint     ] Safepoint synchronization initiated. (198 threads)
[2024-05-17T08:57:37.702+0000][63.256s][info ][safepoint     ] Application time: 0.0024534 seconds
[2024-05-17T08:57:37.702+0000][63.256s][debug][safepoint     ] ... found polling page return exception at pc = 0x00007faa86608ea5, stub =0x00007faa84824b00
[2024-05-17T08:57:37.702+0000][63.256s][debug][safepoint     ] Waiting for 6 thread(s) to block
[2024-05-17T08:57:37.702+0000][63.257s][info ][safepoint     ] Entering safepoint region: Deoptimize
[2024-05-17T08:57:37.703+0000][63.258s][info ][safepoint     ] Leaving safepoint region
[2024-05-17T08:57:37.703+0000][63.258s][info ][safepoint     ] Total time for which application threads were stopped: 0.0012471 seconds, Stopping threads took: 0.0001732 seconds
[2024-05-17T08:57:37.924+0000][63.479s][debug][safepoint     ] Safepoint synchronization initiated. (212 threads)
[2024-05-17T08:57:37.924+0000][63.479s][info ][safepoint     ] Application time: 0.2209213 seconds
[2024-05-17T08:57:37.924+0000][63.479s][debug][safepoint     ] ... found polling page return exception at pc = 0x00007faa8c4265f4, stub =0x00007faa84824b00
[2024-05-17T08:57:37.924+0000][63.479s][debug][safepoint     ] ... found polling page return exception at pc = 0x00007faa86aeeafe, stub =0x00007faa84824b00
[2024-05-17T08:57:37.927+0000][63.481s][debug][safepoint     ] ... found polling page return exception at pc = 0x00007faa8cdb2ba7, stub =0x00007faa84824b00
[2024-05-17T08:57:37.927+0000][63.481s][debug][safepoint     ] Waiting for 3 thread(s) to block
[2024-05-17T08:57:37.927+0000][63.482s][info ][safepoint     ] Entering safepoint region: Deoptimize
[2024-05-17T08:57:37.935+0000][63.489s][info ][safepoint     ] Leaving safepoint region
[2024-05-17T08:57:37.935+0000][63.489s][info ][safepoint     ] Total time for which application threads were stopped: 0.0106795 seconds, Stopping threads took: 0.0030593 seconds
[2024-05-17T08:57:38.935+0000][64.489s][debug][safepoint     ] Safepoint synchronization initiated. (275 threads)
[2024-05-17T08:57:38.935+0000][64.490s][info ][safepoint     ] Application time: 1.0002805 seconds
[2024-05-17T08:57:38.935+0000][64.490s][info ][safepoint     ] Entering safepoint region: Cleanup
[2024-05-17T08:57:38.936+0000][64.490s][info ][safepoint     ] Leaving safepoint region
[2024-05-17T08:57:38.936+0000][64.490s][info ][safepoint     ] Total time for which application threads were stopped: 0.0008682 seconds, Stopping threads took: 0.0002802 seconds
[2024-05-17T08:57:39.936+0000][65.491s][debug][safepoint     ] Safepoint synchronization initiated. (276 threads)
[2024-05-17T08:57:39.936+0000][65.491s][info ][safepoint     ] Application time: 1.0003883 seconds
[2024-05-17T08:57:39.937+0000][65.491s][info ][safepoint     ] Entering safepoint region: Cleanup
[2024-05-17T08:57:39.938+0000][65.492s][info ][safepoint     ] Leaving safepoint region
[2024-05-17T08:57:39.938+0000][65.492s][info ][safepoint     ] Total time for which application threads were stopped: 0.0013697 seconds, Stopping threads took: 0.0004655 seconds
[2024-05-17T08:57:40.939+0000][66.493s][debug][safepoint     ] Safepoint synchronization initiated. (276 threads)
[2024-05-17T08:57:40.939+0000][66.494s][info ][safepoint     ] Application time: 1.0012595 seconds
[2024-05-17T08:57:40.939+0000][66.494s][debug][safepoint     ] ... found polling page return exception at pc = 0x00007faa8c87e388, stub =0x00007faa84824b00
[2024-05-17T08:57:40.939+0000][66.494s][debug][safepoint     ] Waiting for 1 thread(s) to block
[2024-05-17T08:57:40.939+0000][66.494s][info ][safepoint     ] Entering safepoint region: Cleanup
[2024-05-17T08:57:40.940+0000][66.495s][info ][safepoint     ] Leaving safepoint region
[2024-05-17T08:57:40.940+0000][66.495s][info ][safepoint     ] Total time for which application threads were stopped: 0.0010006 seconds, Stopping threads took: 0.0005669 seconds
[2024-05-17T08:57:41.940+0000][67.495s][debug][safepoint     ] Safepoint synchronization initiated. (276 threads)
[2024-05-17T08:57:41.940+0000][67.495s][info ][safepoint     ] Application time: 1.0002017 seconds
[2024-05-17T08:57:41.940+0000][67.495s][info ][safepoint     ] Entering safepoint region: Cleanup
[2024-05-17T08:57:41.941+0000][67.495s][info ][safepoint     ] Leaving safepoint region
[2024-05-17T08:57:41.941+0000][67.495s][info ][safepoint     ] Total time for which application threads were stopped: 0.0006709 seconds, Stopping threads took: 0.0002349 seconds
[2024-05-17T08:57:42.941+0000][68.496s][debug][safepoint     ] Safepoint synchronization initiated. (276 threads)
[2024-05-17T08:57:42.941+0000][68.496s][info ][safepoint     ] Application time: 1.0002248 seconds
[2024-05-17T08:57:42.941+0000][68.496s][info ][safepoint     ] Entering safepoint region: Cleanup
[2024-05-17T08:57:42.942+0000][68.496s][info ][safepoint     ] Leaving safepoint region
[2024-05-17T08:57:42.942+0000][68.496s][info ][safepoint     ] Total time for which application threads were stopped: 0.0005856 seconds, Stopping threads took: 0.0002089 seconds
[2024-05-17T08:57:43.942+0000][69.496s][debug][safepoint     ] Safepoint synchronization initiated. (276 threads)
[2024-05-17T08:57:43.942+0000][69.496s][info ][safepoint     ] Application time: 1.0001574 seconds
[2024-05-17T08:57:43.942+0000][69.497s][debug][safepoint     ] Waiting for 1 thread(s) to block
[2024-05-17T08:57:43.942+0000][69.497s][info ][safepoint     ] Entering safepoint region: Cleanup
[2024-05-17T08:57:43.943+0000][69.497s][info ][safepoint     ] Leaving safepoint region
[2024-05-17T08:57:43.943+0000][69.497s][info ][safepoint     ] Total time for which application threads were stopped: 0.0007210 seconds, Stopping threads took: 0.0002948 seconds
[2024-05-17T08:57:44.652+0000][70.206s][debug][safepoint     ] Safepoint synchronization initiated. (278 threads)
[2024-05-17T08:57:44.652+0000][70.206s][info ][safepoint     ] Application time: 0.7091424 seconds
[2024-05-17T08:57:44.652+0000][70.207s][debug][safepoint     ] Waiting for 1 thread(s) to block
[2024-05-17T08:57:44.653+0000][70.207s][info ][safepoint     ] Entering safepoint region: ICBufferFull
[2024-05-17T08:57:44.653+0000][70.208s][info ][safepoint     ] Leaving safepoint region
[2024-05-17T08:57:44.653+0000][70.208s][info ][safepoint     ] Total time for which application threads were stopped: 0.0013216 seconds, Stopping threads took: 0.0008102 seconds
[2024-05-17T08:57:45.653+0000][71.208s][debug][safepoint     ] Safepoint synchronization initiated. (278 threads)
[2024-05-17T08:57:45.654+0000][71.208s][info ][safepoint     ] Application time: 1.0004649 seconds
[2024-05-17T08:57:45.654+0000][71.209s][info ][safepoint     ] Entering safepoint region: Cleanup
[2024-05-17T08:57:45.655+0000][71.209s][info ][safepoint     ] Leaving safepoint region
[2024-05-17T08:57:45.655+0000][71.209s][info ][safepoint     ] Total time for which application threads were stopped: 0.0011548 seconds, Stopping threads took: 0.0003341 seconds
[2024-05-17T08:57:45.738+0000][71.292s][debug][safepoint     ] Safepoint synchronization initiated. (278 threads)
[2024-05-17T08:57:45.738+0000][71.292s][info ][safepoint     ] Application time: 0.0828205 seconds
[2024-05-17T08:57:45.738+0000][71.292s][debug][safepoint     ] ... found polling page return exception at pc = 0x00007faa8cb419ce, stub =0x00007faa84824b00
[2024-05-17T08:57:45.738+0000][71.293s][debug][safepoint     ] Waiting for 1 thread(s) to block
[2024-05-17T08:57:45.738+0000][71.293s][info ][safepoint     ] Entering safepoint region: G1CollectForAllocation
[2024-05-17T08:57:45.739+0000][71.294s][info ][gc,start      ] GC(68) Pause Young (Normal) (G1 Evacuation Pause)
[2024-05-17T08:57:45.739+0000][71.294s][info ][gc,task       ] GC(68) Using 4 workers of 4 for evacuation
[2024-05-17T08:57:45.789+0000][71.343s][info ][gc,phases     ] GC(68)   Pre Evacuate Collection Set: 0.2ms
[2024-05-17T08:57:45.789+0000][71.343s][info ][gc,phases     ] GC(68)   Evacuate Collection Set: 40.7ms
[2024-05-17T08:57:45.789+0000][71.343s][info ][gc,phases     ] GC(68)   Post Evacuate Collection Set: 7.7ms
[2024-05-17T08:57:45.789+0000][71.343s][info ][gc,phases     ] GC(68)   Other: 1.3ms
[2024-05-17T08:57:45.789+0000][71.343s][info ][gc,heap       ] GC(68) Eden regions: 165->0(151)
[2024-05-17T08:57:45.789+0000][71.343s][info ][gc,heap       ] GC(68) Survivor regions: 17->21(23)
[2024-05-17T08:57:45.789+0000][71.343s][info ][gc,heap       ] GC(68) Old regions: 146->152
[2024-05-17T08:57:45.789+0000][71.343s][info ][gc,heap       ] GC(68) Humongous regions: 0->0
[2024-05-17T08:57:45.789+0000][71.343s][info ][gc,metaspace  ] GC(68) Metaspace: 177394K(183300K)->177394K(183300K) NonClass: 156794K(160440K)->156794K(160440K) Class: 20599K(22860K)->20599K(22860K)
[2024-05-17T08:57:45.789+0000][71.343s][info ][gc            ] GC(68) Pause Young (Normal) (G1 Evacuation Pause) 326M->170M(384M) 49.827ms
[2024-05-17T08:57:45.789+0000][71.344s][info ][gc,cpu        ] GC(68) User=0.18s Sys=0.00s Real=0.04s
[2024-05-17T08:57:45.789+0000][71.344s][info ][safepoint     ] Leaving safepoint region
[2024-05-17T08:57:45.789+0000][71.344s][info ][safepoint     ] Total time for which application threads were stopped: 0.0512781 seconds, Stopping threads took: 0.0003328 seconds
[2024-05-17T08:57:45.789+0000][71.344s][info ][gc,stringdedup] Concurrent String Deduplication (71.344s)
[2024-05-17T08:57:45.791+0000][71.346s][info ][gc,stringdedup] Concurrent String Deduplication 117.4K->46848.0B(73320.0B) avg 54.6% (71.344s, 71.346s) 1.790ms
[2024-05-17T08:57:46.789+0000][72.344s][debug][safepoint     ] Safepoint synchronization initiated. (278 threads)
[2024-05-17T08:57:46.789+0000][72.344s][info ][safepoint     ] Application time: 1.0001981 seconds
[2024-05-17T08:57:46.789+0000][72.344s][info ][safepoint     ] Entering safepoint region: Cleanup
[2024-05-17T08:57:46.790+0000][72.344s][info ][safepoint     ] Leaving safepoint region
[2024-05-17T08:57:46.790+0000][72.344s][info ][safepoint     ] Total time for which application threads were stopped: 0.0005317 seconds, Stopping threads took: 0.0001403 seconds
[2024-05-17T08:57:47.790+0000][73.345s][debug][safepoint     ] Safepoint synchronization initiated. (280 threads)
[2024-05-17T08:57:47.790+0000][73.345s][info ][safepoint     ] Application time: 1.0001786 seconds
[2024-05-17T08:57:47.790+0000][73.345s][info ][safepoint     ] Entering safepoint region: Cleanup
[2024-05-17T08:57:47.791+0000][73.345s][info ][safepoint     ] Leaving safepoint region
[2024-05-17T08:57:47.791+0000][73.345s][info ][safepoint     ] Total time for which application threads were stopped: 0.0007656 seconds, Stopping threads took: 0.0002285 seconds
[2024-05-17T08:57:48.791+0000][74.346s][debug][safepoint     ] Safepoint synchronization initiated. (280 threads)
[2024-05-17T08:57:48.791+0000][74.346s][info ][safepoint     ] Application time: 1.0002175 seconds
[2024-05-17T08:57:48.791+0000][74.346s][info ][safepoint     ] Entering safepoint region: Cleanup
[2024-05-17T08:57:48.792+0000][74.346s][info ][safepoint     ] Leaving safepoint region
[2024-05-17T08:57:48.792+0000][74.346s][info ][safepoint     ] Total time for which application threads were stopped: 0.0007939 seconds, Stopping threads took: 0.0002586 seconds
[2024-05-17T08:57:49.361+0000][74.916s][debug][safepoint     ] Safepoint synchronization initiated. (281 threads)
[2024-05-17T08:57:49.361+0000][74.916s][info ][safepoint     ] Application time: 0.5692472 seconds
[2024-05-17T08:57:49.361+0000][74.916s][info ][safepoint     ] Entering safepoint region: ICBufferFull
[2024-05-17T08:57:49.362+0000][74.916s][info ][safepoint     ] Leaving safepoint region
[2024-05-17T08:57:49.362+0000][74.916s][info ][safepoint     ] Total time for which application threads were stopped: 0.0007541 seconds, Stopping threads took: 0.0001611 seconds
[2024-05-17T08:57:50.362+0000][75.917s][debug][safepoint     ] Safepoint synchronization initiated. (281 threads)
[2024-05-17T08:57:50.362+0000][75.917s][info ][safepoint     ] Application time: 1.0001925 seconds
[2024-05-17T08:57:50.362+0000][75.917s][info ][safepoint     ] Entering safepoint region: Cleanup
[2024-05-17T08:57:50.363+0000][75.918s][info ][safepoint     ] Leaving safepoint region
[2024-05-17T08:57:50.363+0000][75.918s][info ][safepoint     ] Total time for which application threads were stopped: 0.0009985 seconds, Stopping threads took: 0.0001971 seconds
[2024-05-17T08:57:51.363+0000][76.918s][debug][safepoint     ] Safepoint synchronization initiated. (281 threads)
[2024-05-17T08:57:51.363+0000][76.918s][info ][safepoint     ] Application time: 1.0003541 seconds
[2024-05-17T08:57:51.364+0000][76.918s][info ][safepoint     ] Entering safepoint region: Cleanup
[2024-05-17T08:57:51.364+0000][76.919s][info ][safepoint     ] Leaving safepoint region
[2024-05-17T08:57:51.364+0000][76.919s][info ][safepoint     ] Total time for which application threads were stopped: 0.0008098 seconds, Stopping threads took: 0.0002095 seconds
[2024-05-17T08:57:52.364+0000][77.919s][debug][safepoint     ] Safepoint synchronization initiated. (280 threads)
[2024-05-17T08:57:52.365+0000][77.919s][info ][safepoint     ] Application time: 1.0002080 seconds
[2024-05-17T08:57:52.365+0000][77.919s][info ][safepoint     ] Entering safepoint region: Cleanup
[2024-05-17T08:57:52.365+0000][77.920s][info ][safepoint     ] Leaving safepoint region
[2024-05-17T08:57:52.365+0000][77.920s][info ][safepoint     ] Total time for which application threads were stopped: 0.0004843 seconds, Stopping threads took: 0.0001569 seconds
[2024-05-17T08:57:53.365+0000][78.920s][debug][safepoint     ] Safepoint synchronization initiated. (280 threads)
[2024-05-17T08:57:53.365+0000][78.920s][info ][safepoint     ] Application time: 1.0001753 seconds
[2024-05-17T08:57:53.365+0000][78.920s][info ][safepoint     ] Entering safepoint region: Cleanup
[2024-05-17T08:57:53.366+0000][78.921s][info ][safepoint     ] Leaving safepoint region
[2024-05-17T08:57:53.366+0000][78.921s][info ][safepoint     ] Total time for which application threads were stopped: 0.0006672 seconds, Stopping threads took: 0.0001798 seconds
[2024-05-17T08:57:54.366+0000][79.921s][debug][safepoint     ] Safepoint synchronization initiated. (280 threads)
[2024-05-17T08:57:54.366+0000][79.921s][info ][safepoint     ] Application time: 1.0002258 seconds
[2024-05-17T08:57:54.366+0000][79.921s][info ][safepoint     ] Entering safepoint region: Cleanup
[2024-05-17T08:57:54.367+0000][79.921s][info ][safepoint     ] Leaving safepoint region
[2024-05-17T08:57:54.367+0000][79.921s][info ][safepoint     ] Total time for which application threads were stopped: 0.0006349 seconds, Stopping threads took: 0.0001614 seconds
[2024-05-17T08:57:55.367+0000][80.922s][debug][safepoint     ] Safepoint synchronization initiated. (280 threads)
[2024-05-17T08:57:55.367+0000][80.922s][info ][safepoint     ] Application time: 1.0001440 seconds
[2024-05-17T08:57:55.367+0000][80.922s][info ][safepoint     ] Entering safepoint region: Cleanup
[2024-05-17T08:57:55.368+0000][80.922s][info ][safepoint     ] Leaving safepoint region
[2024-05-17T08:57:55.368+0000][80.922s][info ][safepoint     ] Total time for which application threads were stopped: 0.0006687 seconds, Stopping threads took: 0.0001830 seconds
[2024-05-17T08:57:55.368+0000][80.922s][debug][safepoint     ] ... found polling page return exception at pc = 0x00007faa8ce45156, stub =0x00007faa84824b00
[2024-05-17T08:57:55.368+0000][80.922s][debug][safepoint     ] ... found polling page return exception at pc = 0x00007faa8ce45156, stub =0x00007faa84824b00
[2024-05-17T08:57:56.368+0000][81.923s][debug][safepoint     ] Safepoint synchronization initiated. (280 threads)
[2024-05-17T08:57:56.368+0000][81.923s][info ][safepoint     ] Application time: 1.0002978 seconds
[2024-05-17T08:57:56.368+0000][81.923s][info ][safepoint     ] Entering safepoint region: Cleanup
[2024-05-17T08:57:56.369+0000][81.923s][info ][safepoint     ] Leaving safepoint region
[2024-05-17T08:57:56.369+0000][81.923s][info ][safepoint     ] Total time for which application threads were stopped: 0.0007693 seconds, Stopping threads took: 0.0002097 seconds
[2024-05-17T08:57:57.369+0000][82.924s][debug][safepoint     ] Safepoint synchronization initiated. (280 threads)
[2024-05-17T08:57:57.369+0000][82.924s][info ][safepoint     ] Application time: 1.0002838 seconds
[2024-05-17T08:57:57.369+0000][82.924s][info ][safepoint     ] Entering safepoint region: Cleanup
[2024-05-17T08:57:57.370+0000][82.924s][info ][safepoint     ] Leaving safepoint region
[2024-05-17T08:57:57.370+0000][82.924s][info ][safepoint     ] Total time for which application threads were stopped: 0.0007480 seconds, Stopping threads took: 0.0001755 seconds
[2024-05-17T08:57:58.370+0000][83.925s][debug][safepoint     ] Safepoint synchronization initiated. (280 threads)
[2024-05-17T08:57:58.370+0000][83.925s][info ][safepoint     ] Application time: 1.0002278 seconds
[2024-05-17T08:57:58.370+0000][83.925s][info ][safepoint     ] Entering safepoint region: Cleanup
[2024-05-17T08:57:58.371+0000][83.925s][info ][safepoint     ] Leaving safepoint region
[2024-05-17T08:57:58.371+0000][83.925s][info ][safepoint     ] Total time for which application threads were stopped: 0.0006474 seconds, Stopping threads took: 0.0001802 seconds
[2024-05-17T08:57:58.371+0000][83.925s][debug][safepoint     ] ... found polling page return exception at pc = 0x00007faa8ce45156, stub =0x00007faa84824b00
[2024-05-17T08:57:59.371+0000][84.926s][debug][safepoint     ] Safepoint synchronization initiated. (280 threads)
[2024-05-17T08:57:59.371+0000][84.926s][info ][safepoint     ] Application time: 1.0002823 seconds
[2024-05-17T08:57:59.371+0000][84.926s][info ][safepoint     ] Entering safepoint region: Cleanup
[2024-05-17T08:57:59.372+0000][84.927s][info ][safepoint     ] Leaving safepoint region
[2024-05-17T08:57:59.372+0000][84.927s][info ][safepoint     ] Total time for which application threads were stopped: 0.0011202 seconds, Stopping threads took: 0.0003759 seconds
[2024-05-17T08:58:00.372+0000][85.927s][debug][safepoint     ] Safepoint synchronization initiated. (280 threads)
[2024-05-17T08:58:00.373+0000][85.927s][info ][safepoint     ] Application time: 1.0002693 seconds
[2024-05-17T08:58:00.373+0000][85.927s][info ][safepoint     ] Entering safepoint region: Cleanup
[2024-05-17T08:58:00.374+0000][85.929s][info ][safepoint     ] Leaving safepoint region
[2024-05-17T08:58:00.374+0000][85.929s][info ][safepoint     ] Total time for which application threads were stopped: 0.0014063 seconds, Stopping threads took: 0.0002997 seconds
[2024-05-17T08:58:01.374+0000][86.929s][debug][safepoint     ] Safepoint synchronization initiated. (280 threads)
[2024-05-17T08:58:01.374+0000][86.929s][info ][safepoint     ] Application time: 1.0002326 seconds
[2024-05-17T08:58:01.374+0000][86.929s][info ][safepoint     ] Entering safepoint region: Cleanup
[2024-05-17T08:58:01.375+0000][86.929s][info ][safepoint     ] Leaving safepoint region
[2024-05-17T08:58:01.375+0000][86.930s][info ][safepoint     ] Total time for which application threads were stopped: 0.0006468 seconds, Stopping threads took: 0.0002168 seconds
[2024-05-17T08:58:02.375+0000][87.930s][debug][safepoint     ] Safepoint synchronization initiated. (280 threads)
[2024-05-17T08:58:02.375+0000][87.930s][info ][safepoint     ] Application time: 1.0003060 seconds
[2024-05-17T08:58:02.375+0000][87.930s][info ][safepoint     ] Entering safepoint region: Cleanup
[2024-05-17T08:58:02.376+0000][87.931s][info ][safepoint     ] Leaving safepoint region
[2024-05-17T08:58:02.376+0000][87.931s][info ][safepoint     ] Total time for which application threads were stopped: 0.0006778 seconds, Stopping threads took: 0.0002179 seconds
[2024-05-17T08:58:03.376+0000][88.931s][debug][safepoint     ] Safepoint synchronization initiated. (280 threads)
[2024-05-17T08:58:03.376+0000][88.931s][info ][safepoint     ] Application time: 1.0001936 seconds
[2024-05-17T08:58:03.376+0000][88.931s][info ][safepoint     ] Entering safepoint region: Cleanup
[2024-05-17T08:58:03.377+0000][88.931s][info ][safepoint     ] Leaving safepoint region
[2024-05-17T08:58:03.377+0000][88.931s][info ][safepoint     ] Total time for which application threads were stopped: 0.0006464 seconds, Stopping threads took: 0.0001962 seconds
[2024-05-17T08:58:04.377+0000][89.932s][debug][safepoint     ] Safepoint synchronization initiated. (280 threads)
[2024-05-17T08:58:04.377+0000][89.932s][info ][safepoint     ] Application time: 1.0002741 seconds
[2024-05-17T08:58:04.377+0000][89.932s][info ][safepoint     ] Entering safepoint region: Cleanup
[2024-05-17T08:58:04.378+0000][89.932s][info ][safepoint     ] Leaving safepoint region
[2024-05-17T08:58:04.378+0000][89.932s][info ][safepoint     ] Total time for which application threads were stopped: 0.0006502 seconds, Stopping threads took: 0.0001718 seconds
[2024-05-17T08:58:05.378+0000][90.933s][debug][safepoint     ] Safepoint synchronization initiated. (280 threads)
[2024-05-17T08:58:05.378+0000][90.933s][info ][safepoint     ] Application time: 1.0002397 seconds
[2024-05-17T08:58:05.378+0000][90.933s][info ][safepoint     ] Entering safepoint region: Cleanup
[2024-05-17T08:58:05.379+0000][90.933s][info ][safepoint     ] Leaving safepoint region
[2024-05-17T08:58:05.379+0000][90.933s][info ][safepoint     ] Total time for which application threads were stopped: 0.0007331 seconds, Stopping threads took: 0.0001617 seconds
[2024-05-17T08:58:06.379+0000][91.934s][debug][safepoint     ] Safepoint synchronization initiated. (280 threads)
[2024-05-17T08:58:06.379+0000][91.934s][info ][safepoint     ] Application time: 1.0001945 seconds
[2024-05-17T08:58:06.379+0000][91.934s][debug][safepoint     ] ... found polling page return exception at pc = 0x00007faa8ce4c225, stub =0x00007faa84824b00
[2024-05-17T08:58:06.379+0000][91.934s][debug][safepoint     ] Waiting for 2 thread(s) to block
[2024-05-17T08:58:06.379+0000][91.934s][info ][safepoint     ] Entering safepoint region: Cleanup
[2024-05-17T08:58:06.380+0000][91.934s][info ][safepoint     ] Leaving safepoint region
[2024-05-17T08:58:06.380+0000][91.934s][info ][safepoint     ] Total time for which application threads were stopped: 0.0007815 seconds, Stopping threads took: 0.0003776 seconds
[2024-05-17T08:58:07.342+0000][92.896s][debug][safepoint     ] Safepoint synchronization initiated. (280 threads)
[2024-05-17T08:58:07.342+0000][92.896s][info ][safepoint     ] Application time: 0.9619816 seconds
[2024-05-17T08:58:07.342+0000][92.897s][info ][safepoint     ] Entering safepoint region: G1CollectForAllocation
[2024-05-17T08:58:07.343+0000][92.897s][info ][gc,start      ] GC(69) Pause Young (Normal) (G1 Evacuation Pause)
[2024-05-17T08:58:07.343+0000][92.897s][info ][gc,task       ] GC(69) Using 4 workers of 4 for evacuation
[2024-05-17T08:58:07.377+0000][92.932s][info ][gc,phases     ] GC(69)   Pre Evacuate Collection Set: 0.1ms
[2024-05-17T08:58:07.377+0000][92.932s][info ][gc,phases     ] GC(69)   Evacuate Collection Set: 27.9ms
[2024-05-17T08:58:07.377+0000][92.932s][info ][gc,phases     ] GC(69)   Post Evacuate Collection Set: 6.2ms
[2024-05-17T08:58:07.377+0000][92.932s][info ][gc,phases     ] GC(69)   Other: 0.6ms
[2024-05-17T08:58:07.377+0000][92.932s][info ][gc,heap       ] GC(69) Eden regions: 151->0(157)
[2024-05-17T08:58:07.377+0000][92.932s][info ][gc,heap       ] GC(69) Survivor regions: 21->11(22)
[2024-05-17T08:58:07.377+0000][92.932s][info ][gc,heap       ] GC(69) Old regions: 152->163
[2024-05-17T08:58:07.377+0000][92.932s][info ][gc,heap       ] GC(69) Humongous regions: 0->0
[2024-05-17T08:58:07.377+0000][92.932s][info ][gc,metaspace  ] GC(69) Metaspace: 177828K(183684K)->177828K(183684K) NonClass: 157206K(160696K)->157206K(160696K) Class: 20622K(22988K)->20622K(22988K)
[2024-05-17T08:58:07.377+0000][92.932s][info ][gc            ] GC(69) Pause Young (Normal) (G1 Evacuation Pause) 321M->171M(384M) 34.922ms
[2024-05-17T08:58:07.378+0000][92.932s][info ][gc,cpu        ] GC(69) User=0.13s Sys=0.00s Real=0.03s
[2024-05-17T08:58:07.378+0000][92.932s][info ][safepoint     ] Leaving safepoint region
[2024-05-17T08:58:07.378+0000][92.932s][info ][safepoint     ] Total time for which application threads were stopped: 0.0358753 seconds, Stopping threads took: 0.0001817 seconds
[2024-05-17T08:58:07.378+0000][92.932s][info ][gc,stringdedup] Concurrent String Deduplication (92.932s)
[2024-05-17T08:58:07.389+0000][92.943s][info ][gc,stringdedup] Concurrent String Deduplication 463.8K->254.3K(209.5K) avg 54.4% (92.932s, 92.943s) 10.779ms
[2024-05-17T08:58:08.378+0000][93.932s][debug][safepoint     ] Safepoint synchronization initiated. (280 threads)
[2024-05-17T08:58:08.378+0000][93.933s][info ][safepoint     ] Application time: 1.0001665 seconds
[2024-05-17T08:58:08.378+0000][93.933s][info ][safepoint     ] Entering safepoint region: Cleanup
[2024-05-17T08:58:08.378+0000][93.933s][info ][safepoint     ] Leaving safepoint region
[2024-05-17T08:58:08.378+0000][93.933s][info ][safepoint     ] Total time for which application threads were stopped: 0.0004450 seconds, Stopping threads took: 0.0001294 seconds
[2024-05-17T08:58:09.378+0000][94.933s][debug][safepoint     ] Safepoint synchronization initiated. (280 threads)
[2024-05-17T08:58:09.379+0000][94.933s][info ][safepoint     ] Application time: 1.0001467 seconds
[2024-05-17T08:58:09.379+0000][94.933s][info ][safepoint     ] Entering safepoint region: Cleanup
[2024-05-17T08:58:09.379+0000][94.934s][info ][safepoint     ] Leaving safepoint region
[2024-05-17T08:58:09.379+0000][94.934s][info ][safepoint     ] Total time for which application threads were stopped: 0.0004878 seconds, Stopping threads took: 0.0001874 seconds
[2024-05-17T08:58:10.379+0000][95.934s][debug][safepoint     ] Safepoint synchronization initiated. (280 threads)
[2024-05-17T08:58:10.379+0000][95.934s][info ][safepoint     ] Application time: 1.0002733 seconds
[2024-05-17T08:58:10.379+0000][95.934s][info ][safepoint     ] Entering safepoint region: Cleanup
[2024-05-17T08:58:10.380+0000][95.935s][info ][safepoint     ] Leaving safepoint region
[2024-05-17T08:58:10.380+0000][95.935s][info ][safepoint     ] Total time for which application threads were stopped: 0.0008056 seconds, Stopping threads took: 0.0001996 seconds
[2024-05-17T08:58:11.380+0000][96.935s][debug][safepoint     ] Safepoint synchronization initiated. (280 threads)
[2024-05-17T08:58:11.380+0000][96.935s][info ][safepoint     ] Application time: 1.0001718 seconds
[2024-05-17T08:58:11.380+0000][96.935s][info ][safepoint     ] Entering safepoint region: Cleanup
[2024-05-17T08:58:11.381+0000][96.935s][info ][safepoint     ] Leaving safepoint region
[2024-05-17T08:58:11.381+0000][96.935s][info ][safepoint     ] Total time for which application threads were stopped: 0.0004168 seconds, Stopping threads took: 0.0001219 seconds
[2024-05-17T08:58:12.381+0000][97.936s][debug][safepoint     ] Safepoint synchronization initiated. (280 threads)
[2024-05-17T08:58:12.381+0000][97.936s][info ][safepoint     ] Application time: 1.0002016 seconds
[2024-05-17T08:58:12.381+0000][97.936s][info ][safepoint     ] Entering safepoint region: Cleanup
[2024-05-17T08:58:12.386+0000][97.940s][info ][safepoint     ] Leaving safepoint region
[2024-05-17T08:58:12.386+0000][97.941s][info ][safepoint     ] Total time for which application threads were stopped: 0.0048935 seconds, Stopping threads took: 0.0045145 seconds
[2024-05-17T08:58:13.386+0000][98.941s][debug][safepoint     ] Safepoint synchronization initiated. (280 threads)
[2024-05-17T08:58:13.386+0000][98.941s][info ][safepoint     ] Application time: 1.0002393 seconds
[2024-05-17T08:58:13.386+0000][98.941s][info ][safepoint     ] Entering safepoint region: Cleanup
[2024-05-17T08:58:13.387+0000][98.941s][info ][safepoint     ] Leaving safepoint region
[2024-05-17T08:58:13.387+0000][98.941s][debug][safepoint     ] ... found polling page return exception at pc = 0x00007faa8ce45156, stub =0x00007faa84824b00
[2024-05-17T08:58:13.387+0000][98.941s][info ][safepoint     ] Total time for which application threads were stopped: 0.0005901 seconds, Stopping threads took: 0.0002001 seconds
[2024-05-17T08:58:14.387+0000][99.942s][debug][safepoint     ] Safepoint synchronization initiated. (280 threads)
[2024-05-17T08:58:14.387+0000][99.942s][info ][safepoint     ] Application time: 1.0003238 seconds
[2024-05-17T08:58:14.387+0000][99.942s][info ][safepoint     ] Entering safepoint region: Cleanup
[2024-05-17T08:58:14.388+0000][99.943s][info ][safepoint     ] Leaving safepoint region
[2024-05-17T08:58:14.388+0000][99.943s][info ][safepoint     ] Total time for which application threads were stopped: 0.0007878 seconds, Stopping threads took: 0.0002128 seconds
[2024-05-17T08:58:15.388+0000][100.943s][debug][safepoint     ] Safepoint synchronization initiated. (280 threads)
[2024-05-17T08:58:15.388+0000][100.943s][info ][safepoint     ] Application time: 1.0002532 seconds
[2024-05-17T08:58:15.388+0000][100.943s][info ][safepoint     ] Entering safepoint region: Cleanup
[2024-05-17T08:58:15.389+0000][100.944s][info ][safepoint     ] Leaving safepoint region
[2024-05-17T08:58:15.389+0000][100.944s][info ][safepoint     ] Total time for which application threads were stopped: 0.0007097 seconds, Stopping threads took: 0.0002366 seconds
[2024-05-17T08:58:16.389+0000][101.944s][debug][safepoint     ] Safepoint synchronization initiated. (280 threads)
[2024-05-17T08:58:16.389+0000][101.944s][info ][safepoint     ] Application time: 1.0001923 seconds
[2024-05-17T08:58:16.389+0000][101.944s][info ][safepoint     ] Entering safepoint region: Cleanup
[2024-05-17T08:58:16.390+0000][101.944s][info ][safepoint     ] Leaving safepoint region
[2024-05-17T08:58:16.390+0000][101.944s][info ][safepoint     ] Total time for which application threads were stopped: 0.0004427 seconds, Stopping threads took: 0.0001357 seconds
[2024-05-17T08:58:17.390+0000][102.944s][debug][safepoint     ] Safepoint synchronization initiated. (280 threads)
[2024-05-17T08:58:17.390+0000][102.945s][info ][safepoint     ] Application time: 1.0002018 seconds
[2024-05-17T08:58:17.390+0000][102.945s][info ][safepoint     ] Entering safepoint region: Cleanup
[2024-05-17T08:58:17.391+0000][102.945s][info ][safepoint     ] Leaving safepoint region
[2024-05-17T08:58:17.391+0000][102.945s][info ][safepoint     ] Total time for which application threads were stopped: 0.0006305 seconds, Stopping threads took: 0.0001681 seconds
[2024-05-17T08:58:18.391+0000][103.945s][debug][safepoint     ] Safepoint synchronization initiated. (280 threads)
[2024-05-17T08:58:18.391+0000][103.945s][info ][safepoint     ] Application time: 1.0002424 seconds
[2024-05-17T08:58:18.391+0000][103.946s][info ][safepoint     ] Entering safepoint region: Cleanup
[2024-05-17T08:58:18.392+0000][103.946s][info ][safepoint     ] Leaving safepoint region
[2024-05-17T08:58:18.392+0000][103.946s][info ][safepoint     ] Total time for which application threads were stopped: 0.0007837 seconds, Stopping threads took: 0.0001696 seconds
[2024-05-17T08:58:19.392+0000][104.946s][debug][safepoint     ] Safepoint synchronization initiated. (280 threads)
[2024-05-17T08:58:19.392+0000][104.946s][info ][safepoint     ] Application time: 1.0002129 seconds
[2024-05-17T08:58:19.392+0000][104.947s][info ][safepoint     ] Entering safepoint region: Cleanup
[2024-05-17T08:58:19.393+0000][104.947s][info ][safepoint     ] Leaving safepoint region
[2024-05-17T08:58:19.393+0000][104.947s][info ][safepoint     ] Total time for which application threads were stopped: 0.0007287 seconds, Stopping threads took: 0.0002694 seconds
[2024-05-17T08:58:20.393+0000][105.948s][debug][safepoint     ] Safepoint synchronization initiated. (280 threads)
[2024-05-17T08:58:20.393+0000][105.948s][info ][safepoint     ] Application time: 1.0003232 seconds
[2024-05-17T08:58:20.393+0000][105.948s][info ][safepoint     ] Entering safepoint region: Cleanup
[2024-05-17T08:58:20.394+0000][105.949s][info ][safepoint     ] Leaving safepoint region
[2024-05-17T08:58:20.394+0000][105.949s][info ][safepoint     ] Total time for which application threads were stopped: 0.0011772 seconds, Stopping threads took: 0.0002810 seconds
[2024-05-17T08:58:21.394+0000][106.949s][debug][safepoint     ] Safepoint synchronization initiated. (280 threads)
[2024-05-17T08:58:21.394+0000][106.949s][info ][safepoint     ] Application time: 1.0002701 seconds
[2024-05-17T08:58:21.395+0000][106.949s][info ][safepoint     ] Entering safepoint region: Cleanup
[2024-05-17T08:58:21.395+0000][106.950s][info ][safepoint     ] Leaving safepoint region
[2024-05-17T08:58:21.395+0000][106.950s][info ][safepoint     ] Total time for which application threads were stopped: 0.0005562 seconds, Stopping threads took: 0.0001740 seconds
[2024-05-17T08:58:22.395+0000][107.950s][debug][safepoint     ] Safepoint synchronization initiated. (280 threads)
[2024-05-17T08:58:22.395+0000][107.950s][info ][safepoint     ] Application time: 1.0002105 seconds
[2024-05-17T08:58:22.395+0000][107.950s][info ][safepoint     ] Entering safepoint region: Cleanup
[2024-05-17T08:58:22.396+0000][107.951s][info ][safepoint     ] Leaving safepoint region
[2024-05-17T08:58:22.396+0000][107.951s][info ][safepoint     ] Total time for which application threads were stopped: 0.0006087 seconds, Stopping threads took: 0.0001927 seconds
[2024-05-17T08:58:23.396+0000][108.951s][debug][safepoint     ] Safepoint synchronization initiated. (280 threads)
[2024-05-17T08:58:23.396+0000][108.951s][info ][safepoint     ] Application time: 1.0002673 seconds
[2024-05-17T08:58:23.396+0000][108.951s][info ][safepoint     ] Entering safepoint region: Cleanup
[2024-05-17T08:58:23.397+0000][108.952s][info ][safepoint     ] Leaving safepoint region
[2024-05-17T08:58:23.397+0000][108.952s][info ][safepoint     ] Total time for which application threads were stopped: 0.0007875 seconds, Stopping threads took: 0.0001926 seconds
[2024-05-17T08:58:24.397+0000][109.952s][debug][safepoint     ] Safepoint synchronization initiated. (280 threads)
[2024-05-17T08:58:24.397+0000][109.952s][info ][safepoint     ] Application time: 1.0002757 seconds
[2024-05-17T08:58:24.398+0000][109.952s][info ][safepoint     ] Entering safepoint region: Cleanup
[2024-05-17T08:58:24.398+0000][109.953s][info ][safepoint     ] Leaving safepoint region
[2024-05-17T08:58:24.398+0000][109.953s][info ][safepoint     ] Total time for which application threads were stopped: 0.0007234 seconds, Stopping threads took: 0.0004385 seconds
[2024-05-17T08:58:25.398+0000][110.953s][debug][safepoint     ] Safepoint synchronization initiated. (280 threads)
[2024-05-17T08:58:25.398+0000][110.953s][info ][safepoint     ] Application time: 1.0002449 seconds
[2024-05-17T08:58:25.399+0000][110.953s][info ][safepoint     ] Entering safepoint region: Cleanup
[2024-05-17T08:58:25.399+0000][110.954s][info ][safepoint     ] Leaving safepoint region
[2024-05-17T08:58:25.399+0000][110.954s][info ][safepoint     ] Total time for which application threads were stopped: 0.0008053 seconds, Stopping threads took: 0.0002007 seconds
[2024-05-17T08:58:26.399+0000][111.954s][debug][safepoint     ] Safepoint synchronization initiated. (280 threads)
[2024-05-17T08:58:26.399+0000][111.954s][info ][safepoint     ] Application time: 1.0002723 seconds
[2024-05-17T08:58:26.400+0000][111.954s][info ][safepoint     ] Entering safepoint region: Cleanup
[2024-05-17T08:58:26.400+0000][111.955s][info ][safepoint     ] Leaving safepoint region
[2024-05-17T08:58:26.400+0000][111.955s][info ][safepoint     ] Total time for which application threads were stopped: 0.0007748 seconds, Stopping threads took: 0.0001979 seconds
[2024-05-17T08:58:27.400+0000][112.955s][debug][safepoint     ] Safepoint synchronization initiated. (280 threads)
[2024-05-17T08:58:27.401+0000][112.955s][info ][safepoint     ] Application time: 1.0002549 seconds
[2024-05-17T08:58:27.401+0000][112.955s][info ][safepoint     ] Entering safepoint region: Cleanup
[2024-05-17T08:58:27.401+0000][112.956s][info ][safepoint     ] Leaving safepoint region
[2024-05-17T08:58:27.401+0000][112.956s][info ][safepoint     ] Total time for which application threads were stopped: 0.0007905 seconds, Stopping threads took: 0.0002372 seconds
[2024-05-17T08:58:28.402+0000][113.956s][debug][safepoint     ] Safepoint synchronization initiated. (280 threads)
[2024-05-17T08:58:28.402+0000][113.956s][info ][safepoint     ] Application time: 1.0003360 seconds
[2024-05-17T08:58:28.402+0000][113.957s][debug][safepoint     ] ... found polling page return exception at pc = 0x00007faa8ce45156, stub =0x00007faa84824b00
[2024-05-17T08:58:28.402+0000][113.957s][debug][safepoint     ] Waiting for 1 thread(s) to block
[2024-05-17T08:58:28.402+0000][113.957s][info ][safepoint     ] Entering safepoint region: Cleanup
[2024-05-17T08:58:28.403+0000][113.957s][info ][safepoint     ] Leaving safepoint region
[2024-05-17T08:58:28.403+0000][113.957s][info ][safepoint     ] Total time for which application threads were stopped: 0.0010587 seconds, Stopping threads took: 0.0005610 seconds
[2024-05-17T08:58:29.403+0000][114.958s][debug][safepoint     ] Safepoint synchronization initiated. (280 threads)
[2024-05-17T08:58:29.403+0000][114.958s][info ][safepoint     ] Application time: 1.0003188 seconds
[2024-05-17T08:58:29.403+0000][114.958s][info ][safepoint     ] Entering safepoint region: Cleanup
[2024-05-17T08:58:29.408+0000][114.963s][info ][safepoint     ] Leaving safepoint region
[2024-05-17T08:58:29.409+0000][114.963s][info ][safepoint     ] Total time for which application threads were stopped: 0.0053411 seconds, Stopping threads took: 0.0043221 seconds
[2024-05-17T08:58:30.409+0000][115.963s][debug][safepoint     ] Safepoint synchronization initiated. (280 threads)
[2024-05-17T08:58:30.409+0000][115.963s][info ][safepoint     ] Application time: 1.0001930 seconds
[2024-05-17T08:58:30.409+0000][115.964s][info ][safepoint     ] Entering safepoint region: Cleanup
[2024-05-17T08:58:30.410+0000][115.964s][info ][safepoint     ] Leaving safepoint region
[2024-05-17T08:58:30.410+0000][115.964s][info ][safepoint     ] Total time for which application threads were stopped: 0.0008254 seconds, Stopping threads took: 0.0001730 seconds
[2024-05-17T08:58:31.106+0000][116.661s][debug][safepoint     ] Safepoint synchronization initiated. (280 threads)
[2024-05-17T08:58:31.107+0000][116.661s][info ][safepoint     ] Application time: 0.6969006 seconds
[2024-05-17T08:58:31.107+0000][116.661s][debug][safepoint     ] ... found polling page return exception at pc = 0x00007faa8ced62ff, stub =0x00007faa84824b00
[2024-05-17T08:58:31.107+0000][116.661s][debug][safepoint     ] Waiting for 1 thread(s) to block
[2024-05-17T08:58:31.107+0000][116.662s][info ][safepoint     ] Entering safepoint region: G1CollectForAllocation
[2024-05-17T08:58:31.108+0000][116.663s][info ][gc,start      ] GC(70) Pause Young (Normal) (G1 Evacuation Pause)
[2024-05-17T08:58:31.108+0000][116.663s][info ][gc,task       ] GC(70) Using 4 workers of 4 for evacuation
[2024-05-17T08:58:31.133+0000][116.688s][info ][gc,phases     ] GC(70)   Pre Evacuate Collection Set: 0.1ms
[2024-05-17T08:58:31.133+0000][116.688s][info ][gc,phases     ] GC(70)   Evacuate Collection Set: 17.6ms
[2024-05-17T08:58:31.133+0000][116.688s][info ][gc,phases     ] GC(70)   Post Evacuate Collection Set: 6.8ms
[2024-05-17T08:58:31.133+0000][116.688s][info ][gc,phases     ] GC(70)   Other: 1.2ms
[2024-05-17T08:58:31.133+0000][116.688s][info ][gc,heap       ] GC(70) Eden regions: 157->0(159)
[2024-05-17T08:58:31.133+0000][116.688s][info ][gc,heap       ] GC(70) Survivor regions: 11->11(21)
[2024-05-17T08:58:31.133+0000][116.688s][info ][gc,heap       ] GC(70) Old regions: 163->163
[2024-05-17T08:58:31.133+0000][116.688s][info ][gc,heap       ] GC(70) Humongous regions: 0->0
[2024-05-17T08:58:31.133+0000][116.688s][info ][gc,metaspace  ] GC(70) Metaspace: 178119K(183940K)->178119K(183940K) NonClass: 157488K(160952K)->157488K(160952K) Class: 20631K(22988K)->20631K(22988K)
[2024-05-17T08:58:31.133+0000][116.688s][info ][gc            ] GC(70) Pause Young (Normal) (G1 Evacuation Pause) 328M->171M(384M) 25.591ms
[2024-05-17T08:58:31.134+0000][116.688s][info ][gc,cpu        ] GC(70) User=0.08s Sys=0.00s Real=0.03s
[2024-05-17T08:58:31.134+0000][116.688s][info ][safepoint     ] Leaving safepoint region
[2024-05-17T08:58:31.134+0000][116.688s][info ][safepoint     ] Total time for which application threads were stopped: 0.0271669 seconds, Stopping threads took: 0.0003817 seconds
[2024-05-17T08:58:31.134+0000][116.688s][info ][gc,stringdedup] Concurrent String Deduplication (116.688s)
[2024-05-17T08:58:31.139+0000][116.693s][info ][gc,stringdedup] Concurrent String Deduplication 563.0K->208.5K(354.4K) avg 54.6% (116.688s, 116.693s) 4.722ms
[2024-05-17T08:58:32.135+0000][117.689s][debug][safepoint     ] Safepoint synchronization initiated. (280 threads)
[2024-05-17T08:58:32.135+0000][117.689s][info ][safepoint     ] Application time: 1.0008967 seconds
[2024-05-17T08:58:32.135+0000][117.689s][info ][safepoint     ] Entering safepoint region: Cleanup
[2024-05-17T08:58:32.135+0000][117.690s][info ][safepoint     ] Leaving safepoint region
[2024-05-17T08:58:32.135+0000][117.690s][info ][safepoint     ] Total time for which application threads were stopped: 0.0006801 seconds, Stopping threads took: 0.0001863 seconds
[2024-05-17T08:58:33.136+0000][118.690s][debug][safepoint     ] Safepoint synchronization initiated. (280 threads)
[2024-05-17T08:58:33.136+0000][118.690s][info ][safepoint     ] Application time: 1.0003155 seconds
[2024-05-17T08:58:33.136+0000][118.690s][info ][safepoint     ] Entering safepoint region: Cleanup
[2024-05-17T08:58:33.136+0000][118.691s][info ][safepoint     ] Leaving safepoint region
[2024-05-17T08:58:33.136+0000][118.691s][info ][safepoint     ] Total time for which application threads were stopped: 0.0007127 seconds, Stopping threads took: 0.0001924 seconds
[2024-05-17T08:58:34.137+0000][119.691s][debug][safepoint     ] Safepoint synchronization initiated. (280 threads)
[2024-05-17T08:58:34.137+0000][119.691s][info ][safepoint     ] Application time: 1.0003356 seconds
[2024-05-17T08:58:34.137+0000][119.692s][info ][safepoint     ] Entering safepoint region: Cleanup
[2024-05-17T08:58:34.138+0000][119.693s][info ][safepoint     ] Leaving safepoint region
[2024-05-17T08:58:34.138+0000][119.693s][info ][safepoint     ] Total time for which application threads were stopped: 0.0011972 seconds, Stopping threads took: 0.0003916 seconds
[2024-05-17T08:58:35.138+0000][120.693s][debug][safepoint     ] Safepoint synchronization initiated. (280 threads)
[2024-05-17T08:58:35.138+0000][120.693s][info ][safepoint     ] Application time: 1.0002381 seconds
[2024-05-17T08:58:35.139+0000][120.693s][info ][safepoint     ] Entering safepoint region: Cleanup
[2024-05-17T08:58:35.139+0000][120.694s][info ][safepoint     ] Leaving safepoint region
[2024-05-17T08:58:35.139+0000][120.694s][info ][safepoint     ] Total time for which application threads were stopped: 0.0008132 seconds, Stopping threads took: 0.0002712 seconds
[2024-05-17T08:58:36.139+0000][121.694s][debug][safepoint     ] Safepoint synchronization initiated. (280 threads)
[2024-05-17T08:58:36.139+0000][121.694s][info ][safepoint     ] Application time: 1.0002502 seconds
[2024-05-17T08:58:36.140+0000][121.694s][info ][safepoint     ] Entering safepoint region: Cleanup
[2024-05-17T08:58:36.140+0000][121.695s][debug][safepoint     ] ... found polling page return exception at pc = 0x00007faa8ce45156, stub =0x00007faa84824b00
[2024-05-17T08:58:36.140+0000][121.695s][info ][safepoint     ] Leaving safepoint region
[2024-05-17T08:58:36.140+0000][121.695s][debug][safepoint     ] ... found polling page return exception at pc = 0x00007faa8cf30108, stub =0x00007faa84824b00
[2024-05-17T08:58:36.140+0000][121.695s][info ][safepoint     ] Total time for which application threads were stopped: 0.0008179 seconds, Stopping threads took: 0.0001831 seconds
[2024-05-17T08:58:37.141+0000][122.695s][debug][safepoint     ] Safepoint synchronization initiated. (280 threads)
[2024-05-17T08:58:37.141+0000][122.695s][info ][safepoint     ] Application time: 1.0003163 seconds
[2024-05-17T08:58:37.141+0000][122.696s][info ][safepoint     ] Entering safepoint region: Cleanup
[2024-05-17T08:58:37.142+0000][122.696s][info ][safepoint     ] Leaving safepoint region
[2024-05-17T08:58:37.142+0000][122.697s][info ][safepoint     ] Total time for which application threads were stopped: 0.0011762 seconds, Stopping threads took: 0.0003252 seconds
[2024-05-17T08:58:38.142+0000][123.697s][debug][safepoint     ] Safepoint synchronization initiated. (279 threads)
[2024-05-17T08:58:38.142+0000][123.697s][info ][safepoint     ] Application time: 1.0002332 seconds
[2024-05-17T08:58:38.142+0000][123.697s][info ][safepoint     ] Entering safepoint region: Cleanup
[2024-05-17T08:58:38.143+0000][123.698s][info ][safepoint     ] Leaving safepoint region
[2024-05-17T08:58:38.143+0000][123.698s][info ][safepoint     ] Total time for which application threads were stopped: 0.0008061 seconds, Stopping threads took: 0.0002550 seconds
[2024-05-17T08:58:39.143+0000][124.698s][debug][safepoint     ] Safepoint synchronization initiated. (278 threads)
[2024-05-17T08:58:39.147+0000][124.702s][info ][safepoint     ] Application time: 1.0041000 seconds
[2024-05-17T08:58:39.147+0000][124.702s][info ][safepoint     ] Entering safepoint region: Cleanup
[2024-05-17T08:58:39.148+0000][124.702s][info ][safepoint     ] Leaving safepoint region
[2024-05-17T08:58:39.148+0000][124.702s][info ][safepoint     ] Total time for which application threads were stopped: 0.0004884 seconds, Stopping threads took: 0.0001318 seconds
[2024-05-17T08:58:40.148+0000][125.702s][debug][safepoint     ] Safepoint synchronization initiated. (278 threads)
[2024-05-17T08:58:40.148+0000][125.703s][info ][safepoint     ] Application time: 1.0003307 seconds
[2024-05-17T08:58:40.148+0000][125.703s][debug][safepoint     ] ... found polling page loop exception at pc = 0x00007faa8ca1020a, stub =0x00007faa84826680
[2024-05-17T08:58:40.149+0000][125.703s][debug][safepoint     ] Waiting for 1 thread(s) to block
[2024-05-17T08:58:40.149+0000][125.703s][info ][safepoint     ] Entering safepoint region: Cleanup
[2024-05-17T08:58:40.149+0000][125.704s][info ][safepoint     ] Leaving safepoint region
[2024-05-17T08:58:40.149+0000][125.704s][info ][safepoint     ] Total time for which application threads were stopped: 0.0013541 seconds, Stopping threads took: 0.0008112 seconds
[2024-05-17T08:58:41.150+0000][126.704s][debug][safepoint     ] Safepoint synchronization initiated. (278 threads)
[2024-05-17T08:58:41.150+0000][126.704s][info ][safepoint     ] Application time: 1.0003285 seconds
[2024-05-17T08:58:41.150+0000][126.705s][info ][safepoint     ] Entering safepoint region: Cleanup
[2024-05-17T08:58:41.150+0000][126.705s][info ][safepoint     ] Leaving safepoint region
[2024-05-17T08:58:41.150+0000][126.705s][info ][safepoint     ] Total time for which application threads were stopped: 0.0006190 seconds, Stopping threads took: 0.0001699 seconds
[2024-05-17T08:58:42.150+0000][127.705s][debug][safepoint     ] Safepoint synchronization initiated. (278 threads)
[2024-05-17T08:58:42.151+0000][127.705s][info ][safepoint     ] Application time: 1.0001745 seconds
[2024-05-17T08:58:42.151+0000][127.705s][info ][safepoint     ] Entering safepoint region: Cleanup
[2024-05-17T08:58:42.151+0000][127.706s][info ][safepoint     ] Leaving safepoint region
[2024-05-17T08:58:42.151+0000][127.706s][info ][safepoint     ] Total time for which application threads were stopped: 0.0005563 seconds, Stopping threads took: 0.0001287 seconds
[2024-05-17T08:58:43.151+0000][128.706s][debug][safepoint     ] Safepoint synchronization initiated. (278 threads)
[2024-05-17T08:58:43.151+0000][128.706s][info ][safepoint     ] Application time: 1.0002408 seconds
[2024-05-17T08:58:43.152+0000][128.707s][debug][safepoint     ] Waiting for 1 thread(s) to block
[2024-05-17T08:58:43.152+0000][128.707s][info ][safepoint     ] Entering safepoint region: Cleanup
[2024-05-17T08:58:43.153+0000][128.707s][debug][safepoint     ] ... found polling page return exception at pc = 0x00007faa8ce45156, stub =0x00007faa84824b00
[2024-05-17T08:58:43.153+0000][128.707s][info ][safepoint     ] Leaving safepoint region
[2024-05-17T08:58:43.153+0000][128.707s][info ][safepoint     ] Total time for which application threads were stopped: 0.0013036 seconds, Stopping threads took: 0.0006589 seconds
[2024-05-17T08:58:44.153+0000][129.708s][debug][safepoint     ] Safepoint synchronization initiated. (278 threads)
[2024-05-17T08:58:44.153+0000][129.708s][info ][safepoint     ] Application time: 1.0001979 seconds
[2024-05-17T08:58:44.153+0000][129.708s][info ][safepoint     ] Entering safepoint region: Cleanup
[2024-05-17T08:58:44.153+0000][129.708s][info ][safepoint     ] Leaving safepoint region
[2024-05-17T08:58:44.153+0000][129.708s][info ][safepoint     ] Total time for which application threads were stopped: 0.0004497 seconds, Stopping threads took: 0.0001256 seconds
[2024-05-17T08:58:45.154+0000][130.708s][debug][safepoint     ] Safepoint synchronization initiated. (278 threads)
[2024-05-17T08:58:45.154+0000][130.708s][info ][safepoint     ] Application time: 1.0002798 seconds
[2024-05-17T08:58:45.154+0000][130.709s][info ][safepoint     ] Entering safepoint region: Cleanup
[2024-05-17T08:58:45.154+0000][130.709s][info ][safepoint     ] Leaving safepoint region
[2024-05-17T08:58:45.154+0000][130.709s][info ][safepoint     ] Total time for which application threads were stopped: 0.0006806 seconds, Stopping threads took: 0.0001655 seconds
[2024-05-17T08:58:46.155+0000][131.709s][debug][safepoint     ] Safepoint synchronization initiated. (278 threads)
[2024-05-17T08:58:46.155+0000][131.709s][info ][safepoint     ] Application time: 1.0002780 seconds
[2024-05-17T08:58:46.155+0000][131.710s][info ][safepoint     ] Entering safepoint region: Cleanup
[2024-05-17T08:58:46.156+0000][131.710s][info ][safepoint     ] Leaving safepoint region
[2024-05-17T08:58:46.156+0000][131.710s][info ][safepoint     ] Total time for which application threads were stopped: 0.0009442 seconds, Stopping threads took: 0.0003135 seconds
[2024-05-17T08:58:47.156+0000][132.711s][debug][safepoint     ] Safepoint synchronization initiated. (278 threads)
[2024-05-17T08:58:47.156+0000][132.711s][info ][safepoint     ] Application time: 1.0004132 seconds
[2024-05-17T08:58:47.156+0000][132.711s][info ][safepoint     ] Entering safepoint region: Cleanup
[2024-05-17T08:58:47.157+0000][132.711s][info ][safepoint     ] Leaving safepoint region
[2024-05-17T08:58:47.157+0000][132.712s][info ][safepoint     ] Total time for which application threads were stopped: 0.0007065 seconds, Stopping threads took: 0.0003078 seconds
[2024-05-17T08:58:48.157+0000][133.712s][debug][safepoint     ] Safepoint synchronization initiated. (278 threads)
[2024-05-17T08:58:48.157+0000][133.712s][info ][safepoint     ] Application time: 1.0002038 seconds
[2024-05-17T08:58:48.157+0000][133.712s][info ][safepoint     ] Entering safepoint region: Cleanup
[2024-05-17T08:58:48.158+0000][133.713s][info ][safepoint     ] Leaving safepoint region
[2024-05-17T08:58:48.158+0000][133.713s][info ][safepoint     ] Total time for which application threads were stopped: 0.0007988 seconds, Stopping threads took: 0.0001712 seconds
[2024-05-17T08:58:49.158+0000][134.713s][debug][safepoint     ] Safepoint synchronization initiated. (278 threads)
[2024-05-17T08:58:49.158+0000][134.713s][info ][safepoint     ] Application time: 1.0001499 seconds
[2024-05-17T08:58:49.158+0000][134.713s][info ][safepoint     ] Entering safepoint region: Cleanup
[2024-05-17T08:58:49.159+0000][134.713s][info ][safepoint     ] Leaving safepoint region
[2024-05-17T08:58:49.159+0000][134.713s][info ][safepoint     ] Total time for which application threads were stopped: 0.0004168 seconds, Stopping threads took: 0.0001315 seconds
[2024-05-17T08:58:50.159+0000][135.713s][debug][safepoint     ] Safepoint synchronization initiated. (278 threads)
[2024-05-17T08:58:50.159+0000][135.713s][info ][safepoint     ] Application time: 1.0001869 seconds
[2024-05-17T08:58:50.159+0000][135.714s][info ][safepoint     ] Entering safepoint region: Cleanup
[2024-05-17T08:58:50.159+0000][135.714s][info ][safepoint     ] Leaving safepoint region
[2024-05-17T08:58:50.159+0000][135.714s][info ][safepoint     ] Total time for which application threads were stopped: 0.0004670 seconds, Stopping threads took: 0.0001283 seconds
[2024-05-17T08:58:51.160+0000][136.714s][debug][safepoint     ] Safepoint synchronization initiated. (278 threads)
[2024-05-17T08:58:51.160+0000][136.714s][info ][safepoint     ] Application time: 1.0003711 seconds
[2024-05-17T08:58:51.160+0000][136.714s][info ][safepoint     ] Entering safepoint region: Cleanup
[2024-05-17T08:58:51.160+0000][136.715s][info ][safepoint     ] Leaving safepoint region
[2024-05-17T08:58:51.160+0000][136.715s][info ][safepoint     ] Total time for which application threads were stopped: 0.0005477 seconds, Stopping threads took: 0.0001729 seconds
[2024-05-17T08:58:52.160+0000][137.715s][debug][safepoint     ] Safepoint synchronization initiated. (278 threads)
[2024-05-17T08:58:52.160+0000][137.715s][info ][safepoint     ] Application time: 1.0002824 seconds
[2024-05-17T08:58:52.161+0000][137.715s][info ][safepoint     ] Entering safepoint region: Cleanup
[2024-05-17T08:58:52.161+0000][137.716s][info ][safepoint     ] Leaving safepoint region
[2024-05-17T08:58:52.161+0000][137.716s][info ][safepoint     ] Total time for which application threads were stopped: 0.0009017 seconds, Stopping threads took: 0.0002400 seconds
[2024-05-17T08:58:53.162+0000][138.716s][debug][safepoint     ] Safepoint synchronization initiated. (278 threads)
[2024-05-17T08:58:53.162+0000][138.716s][info ][safepoint     ] Application time: 1.0001984 seconds
[2024-05-17T08:58:53.162+0000][138.716s][info ][safepoint     ] Entering safepoint region: Cleanup
[2024-05-17T08:58:53.162+0000][138.717s][info ][safepoint     ] Leaving safepoint region
[2024-05-17T08:58:53.162+0000][138.717s][info ][safepoint     ] Total time for which application threads were stopped: 0.0005534 seconds, Stopping threads took: 0.0001354 seconds
[2024-05-17T08:58:54.162+0000][139.717s][debug][safepoint     ] Safepoint synchronization initiated. (278 threads)
[2024-05-17T08:58:54.163+0000][139.717s][info ][safepoint     ] Application time: 1.0003309 seconds
[2024-05-17T08:58:54.163+0000][139.717s][info ][safepoint     ] Entering safepoint region: Cleanup
[2024-05-17T08:58:54.163+0000][139.718s][info ][safepoint     ] Leaving safepoint region
[2024-05-17T08:58:54.163+0000][139.718s][info ][safepoint     ] Total time for which application threads were stopped: 0.0006199 seconds, Stopping threads took: 0.0001726 seconds
[2024-05-17T08:58:55.163+0000][140.718s][debug][safepoint     ] Safepoint synchronization initiated. (278 threads)
[2024-05-17T08:58:55.164+0000][140.718s][info ][safepoint     ] Application time: 1.0002686 seconds
[2024-05-17T08:58:55.164+0000][140.718s][info ][safepoint     ] Entering safepoint region: Cleanup
[2024-05-17T08:58:55.165+0000][140.719s][info ][safepoint     ] Leaving safepoint region
[2024-05-17T08:58:55.165+0000][140.719s][info ][safepoint     ] Total time for which application threads were stopped: 0.0010267 seconds, Stopping threads took: 0.0001758 seconds
[2024-05-17T08:58:55.747+0000][141.302s][debug][safepoint     ] Safepoint synchronization initiated. (278 threads)
[2024-05-17T08:58:55.747+0000][141.302s][info ][safepoint     ] Application time: 0.5825852 seconds
[2024-05-17T08:58:55.748+0000][141.302s][info ][safepoint     ] Entering safepoint region: G1CollectForAllocation
[2024-05-17T08:58:55.749+0000][141.303s][info ][gc,start      ] GC(71) Pause Young (Normal) (G1 Evacuation Pause)
[2024-05-17T08:58:55.749+0000][141.303s][info ][gc,task       ] GC(71) Using 4 workers of 4 for evacuation
[2024-05-17T08:58:55.777+0000][141.332s][info ][gc,phases     ] GC(71)   Pre Evacuate Collection Set: 0.7ms
[2024-05-17T08:58:55.777+0000][141.332s][info ][gc,phases     ] GC(71)   Evacuate Collection Set: 17.8ms
[2024-05-17T08:58:55.777+0000][141.332s][info ][gc,phases     ] GC(71)   Post Evacuate Collection Set: 9.1ms
[2024-05-17T08:58:55.777+0000][141.332s][info ][gc,phases     ] GC(71)   Other: 1.3ms
[2024-05-17T08:58:55.777+0000][141.332s][info ][gc,heap       ] GC(71) Eden regions: 159->0(160)
[2024-05-17T08:58:55.777+0000][141.332s][info ][gc,heap       ] GC(71) Survivor regions: 11->11(22)
[2024-05-17T08:58:55.777+0000][141.332s][info ][gc,heap       ] GC(71) Old regions: 163->163
[2024-05-17T08:58:55.777+0000][141.332s][info ][gc,heap       ] GC(71) Humongous regions: 0->0
[2024-05-17T08:58:55.777+0000][141.332s][info ][gc,metaspace  ] GC(71) Metaspace: 178711K(184708K)->178711K(184708K) NonClass: 158068K(161720K)->158068K(161720K) Class: 20643K(22988K)->20643K(22988K)
[2024-05-17T08:58:55.777+0000][141.332s][info ][gc            ] GC(71) Pause Young (Normal) (G1 Evacuation Pause) 330M->171M(384M) 28.744ms
[2024-05-17T08:58:55.777+0000][141.332s][info ][gc,cpu        ] GC(71) User=0.10s Sys=0.00s Real=0.03s
[2024-05-17T08:58:55.778+0000][141.332s][info ][safepoint     ] Leaving safepoint region
[2024-05-17T08:58:55.778+0000][141.332s][info ][safepoint     ] Total time for which application threads were stopped: 0.0303529 seconds, Stopping threads took: 0.0004445 seconds
[2024-05-17T08:58:55.778+0000][141.332s][info ][gc,stringdedup] Concurrent String Deduplication (141.332s)
[2024-05-17T08:58:55.778+0000][141.333s][info ][gc,stringdedup] Concurrent String Deduplication 14336.0B->5688.0B(8648.0B) avg 54.6% (141.332s, 141.333s) 0.248ms
[2024-05-17T08:58:56.778+0000][142.332s][debug][safepoint     ] Safepoint synchronization initiated. (278 threads)
[2024-05-17T08:58:56.778+0000][142.333s][info ][safepoint     ] Application time: 1.0002569 seconds
[2024-05-17T08:58:56.778+0000][142.333s][info ][safepoint     ] Entering safepoint region: Cleanup
[2024-05-17T08:58:56.779+0000][142.333s][info ][safepoint     ] Leaving safepoint region
[2024-05-17T08:58:56.779+0000][142.333s][info ][safepoint     ] Total time for which application threads were stopped: 0.0007409 seconds, Stopping threads took: 0.0001512 seconds
[2024-05-17T08:58:57.779+0000][143.333s][debug][safepoint     ] Safepoint synchronization initiated. (278 threads)
[2024-05-17T08:58:57.779+0000][143.334s][info ][safepoint     ] Application time: 1.0002484 seconds
[2024-05-17T08:58:57.779+0000][143.334s][info ][safepoint     ] Entering safepoint region: Cleanup
[2024-05-17T08:58:57.780+0000][143.335s][info ][safepoint     ] Leaving safepoint region
[2024-05-17T08:58:57.780+0000][143.335s][info ][safepoint     ] Total time for which application threads were stopped: 0.0009992 seconds, Stopping threads took: 0.0003287 seconds
[2024-05-17T08:58:58.780+0000][144.335s][debug][safepoint     ] Safepoint synchronization initiated. (278 threads)
[2024-05-17T08:58:58.780+0000][144.335s][info ][safepoint     ] Application time: 1.0002728 seconds
[2024-05-17T08:58:58.780+0000][144.335s][info ][safepoint     ] Entering safepoint region: Cleanup
[2024-05-17T08:58:58.781+0000][144.335s][info ][safepoint     ] Leaving safepoint region
[2024-05-17T08:58:58.781+0000][144.336s][info ][safepoint     ] Total time for which application threads were stopped: 0.0006363 seconds, Stopping threads took: 0.0002035 seconds
[2024-05-17T08:58:59.781+0000][145.336s][debug][safepoint     ] Safepoint synchronization initiated. (278 threads)
[2024-05-17T08:58:59.781+0000][145.336s][info ][safepoint     ] Application time: 1.0002797 seconds
[2024-05-17T08:58:59.781+0000][145.336s][info ][safepoint     ] Entering safepoint region: Cleanup
[2024-05-17T08:58:59.782+0000][145.337s][info ][safepoint     ] Leaving safepoint region
[2024-05-17T08:58:59.782+0000][145.337s][info ][safepoint     ] Total time for which application threads were stopped: 0.0007842 seconds, Stopping threads took: 0.0001891 seconds
[2024-05-17T08:59:00.782+0000][146.337s][debug][safepoint     ] Safepoint synchronization initiated. (278 threads)
[2024-05-17T08:59:00.782+0000][146.337s][info ][safepoint     ] Application time: 1.0002223 seconds
[2024-05-17T08:59:00.782+0000][146.337s][debug][safepoint     ] ... found polling page return exception at pc = 0x00007faa8c8dda5b, stub =0x00007faa84824b00
[2024-05-17T08:59:00.782+0000][146.337s][debug][safepoint     ] Waiting for 1 thread(s) to block
[2024-05-17T08:59:00.783+0000][146.337s][info ][safepoint     ] Entering safepoint region: Cleanup
[2024-05-17T08:59:00.783+0000][146.338s][info ][safepoint     ] Leaving safepoint region
[2024-05-17T08:59:00.783+0000][146.338s][info ][safepoint     ] Total time for which application threads were stopped: 0.0009726 seconds, Stopping threads took: 0.0003323 seconds
[2024-05-17T08:59:01.783+0000][147.338s][debug][safepoint     ] Safepoint synchronization initiated. (278 threads)
[2024-05-17T08:59:01.784+0000][147.338s][info ][safepoint     ] Application time: 1.0002986 seconds
[2024-05-17T08:59:01.784+0000][147.338s][info ][safepoint     ] Entering safepoint region: Cleanup
[2024-05-17T08:59:01.784+0000][147.339s][info ][safepoint     ] Leaving safepoint region
[2024-05-17T08:59:01.785+0000][147.339s][info ][safepoint     ] Total time for which application threads were stopped: 0.0009708 seconds, Stopping threads took: 0.0001949 seconds
[2024-05-17T08:59:01.784+0000][147.339s][debug][safepoint     ] ... found polling page return exception at pc = 0x00007faa8ce45156, stub =0x00007faa84824b00
[2024-05-17T08:59:02.785+0000][148.339s][debug][safepoint     ] Safepoint synchronization initiated. (278 threads)
[2024-05-17T08:59:02.785+0000][148.340s][info ][safepoint     ] Application time: 1.0002750 seconds
[2024-05-17T08:59:02.785+0000][148.340s][info ][safepoint     ] Entering safepoint region: Cleanup
[2024-05-17T08:59:02.785+0000][148.340s][info ][safepoint     ] Leaving safepoint region
[2024-05-17T08:59:02.786+0000][148.340s][info ][safepoint     ] Total time for which application threads were stopped: 0.0005888 seconds, Stopping threads took: 0.0001856 seconds
[2024-05-17T08:59:03.786+0000][149.340s][debug][safepoint     ] Safepoint synchronization initiated. (278 threads)
[2024-05-17T08:59:03.786+0000][149.340s][info ][safepoint     ] Application time: 1.0002146 seconds
[2024-05-17T08:59:03.786+0000][149.341s][info ][safepoint     ] Entering safepoint region: Cleanup
[2024-05-17T08:59:03.786+0000][149.341s][info ][safepoint     ] Leaving safepoint region
[2024-05-17T08:59:03.786+0000][149.341s][info ][safepoint     ] Total time for which application threads were stopped: 0.0007115 seconds, Stopping threads took: 0.0001582 seconds
[2024-05-17T08:59:04.787+0000][150.341s][debug][safepoint     ] Safepoint synchronization initiated. (278 threads)
[2024-05-17T08:59:04.787+0000][150.341s][info ][safepoint     ] Application time: 1.0002598 seconds
[2024-05-17T08:59:04.787+0000][150.342s][info ][safepoint     ] Entering safepoint region: Cleanup
[2024-05-17T08:59:04.788+0000][150.342s][info ][safepoint     ] Leaving safepoint region
[2024-05-17T08:59:04.788+0000][150.342s][info ][safepoint     ] Total time for which application threads were stopped: 0.0008110 seconds, Stopping threads took: 0.0002016 seconds
[2024-05-17T08:59:05.788+0000][151.342s][debug][safepoint     ] Safepoint synchronization initiated. (278 threads)
[2024-05-17T08:59:05.788+0000][151.342s][info ][safepoint     ] Application time: 1.0002130 seconds
[2024-05-17T08:59:05.788+0000][151.343s][info ][safepoint     ] Entering safepoint region: Cleanup
[2024-05-17T08:59:05.789+0000][151.343s][info ][safepoint     ] Leaving safepoint region
[2024-05-17T08:59:05.789+0000][151.343s][info ][safepoint     ] Total time for which application threads were stopped: 0.0006521 seconds, Stopping threads took: 0.0001719 seconds
[2024-05-17T08:59:06.789+0000][152.343s][debug][safepoint     ] Safepoint synchronization initiated. (278 threads)
[2024-05-17T08:59:06.789+0000][152.343s][info ][safepoint     ] Application time: 1.0002351 seconds
[2024-05-17T08:59:06.789+0000][152.344s][debug][safepoint     ] ... found polling page return exception at pc = 0x00007faa8cef131e, stub =0x00007faa84824b00
[2024-05-17T08:59:06.789+0000][152.344s][debug][safepoint     ] ... found polling page return exception at pc = 0x00007faa8770dc0c, stub =0x00007faa84824b00
[2024-05-17T08:59:06.789+0000][152.344s][debug][safepoint     ] Waiting for 2 thread(s) to block
[2024-05-17T08:59:06.789+0000][152.344s][info ][safepoint     ] Entering safepoint region: Cleanup
[2024-05-17T08:59:06.790+0000][152.344s][info ][safepoint     ] Leaving safepoint region
[2024-05-17T08:59:06.790+0000][152.344s][info ][safepoint     ] Total time for which application threads were stopped: 0.0009307 seconds, Stopping threads took: 0.0004463 seconds
[2024-05-17T08:59:07.790+0000][153.345s][debug][safepoint     ] Safepoint synchronization initiated. (278 threads)
[2024-05-17T08:59:07.790+0000][153.345s][info ][safepoint     ] Application time: 1.0002833 seconds
[2024-05-17T08:59:07.790+0000][153.345s][info ][safepoint     ] Entering safepoint region: Cleanup
[2024-05-17T08:59:07.791+0000][153.346s][info ][safepoint     ] Leaving safepoint region
[2024-05-17T08:59:07.791+0000][153.346s][info ][safepoint     ] Total time for which application threads were stopped: 0.0008578 seconds, Stopping threads took: 0.0002418 seconds
[2024-05-17T08:59:08.791+0000][154.346s][debug][safepoint     ] Safepoint synchronization initiated. (278 threads)
[2024-05-17T08:59:08.791+0000][154.346s][info ][safepoint     ] Application time: 1.0002526 seconds
[2024-05-17T08:59:08.791+0000][154.346s][info ][safepoint     ] Entering safepoint region: Cleanup
[2024-05-17T08:59:08.792+0000][154.347s][info ][safepoint     ] Leaving safepoint region
[2024-05-17T08:59:08.792+0000][154.347s][info ][safepoint     ] Total time for which application threads were stopped: 0.0006494 seconds, Stopping threads took: 0.0002202 seconds
[2024-05-17T08:59:09.792+0000][155.347s][debug][safepoint     ] Safepoint synchronization initiated. (278 threads)
[2024-05-17T08:59:09.792+0000][155.347s][info ][safepoint     ] Application time: 1.0002300 seconds
[2024-05-17T08:59:09.792+0000][155.347s][debug][safepoint     ] ... found polling page return exception at pc = 0x00007faa8c4296f8, stub =0x00007faa84824b00
[2024-05-17T08:59:09.792+0000][155.347s][debug][safepoint     ] ... found polling page return exception at pc = 0x00007faa8ce8912d, stub =0x00007faa84824b00
[2024-05-17T08:59:09.792+0000][155.347s][debug][safepoint     ] ... found polling page return exception at pc = 0x00007faa8cacbf72, stub =0x00007faa84824b00
[2024-05-17T08:59:09.793+0000][155.347s][debug][safepoint     ] Waiting for 3 thread(s) to block
[2024-05-17T08:59:09.793+0000][155.347s][info ][safepoint     ] Entering safepoint region: Cleanup
[2024-05-17T08:59:09.793+0000][155.348s][info ][safepoint     ] Leaving safepoint region
[2024-05-17T08:59:09.793+0000][155.348s][info ][safepoint     ] Total time for which application threads were stopped: 0.0010740 seconds, Stopping threads took: 0.0006173 seconds
[2024-05-17T08:59:10.793+0000][156.348s][debug][safepoint     ] Safepoint synchronization initiated. (278 threads)
[2024-05-17T08:59:10.794+0000][156.348s][info ][safepoint     ] Application time: 1.0002963 seconds
[2024-05-17T08:59:10.794+0000][156.349s][info ][safepoint     ] Entering safepoint region: Cleanup
[2024-05-17T08:59:10.794+0000][156.349s][info ][safepoint     ] Leaving safepoint region
[2024-05-17T08:59:10.795+0000][156.349s][info ][safepoint     ] Total time for which application threads were stopped: 0.0008778 seconds, Stopping threads took: 0.0003377 seconds
[2024-05-17T08:59:11.795+0000][157.349s][debug][safepoint     ] Safepoint synchronization initiated. (278 threads)
[2024-05-17T08:59:11.795+0000][157.350s][info ][safepoint     ] Application time: 1.0003419 seconds
[2024-05-17T08:59:11.795+0000][157.350s][info ][safepoint     ] Entering safepoint region: Cleanup
[2024-05-17T08:59:11.795+0000][157.350s][info ][safepoint     ] Leaving safepoint region
[2024-05-17T08:59:11.795+0000][157.350s][info ][safepoint     ] Total time for which application threads were stopped: 0.0005837 seconds, Stopping threads took: 0.0001857 seconds
[2024-05-17T08:59:12.796+0000][158.350s][debug][safepoint     ] Safepoint synchronization initiated. (278 threads)
[2024-05-17T08:59:12.796+0000][158.350s][info ][safepoint     ] Application time: 1.0002199 seconds
[2024-05-17T08:59:12.796+0000][158.350s][debug][safepoint     ] ... found polling page return exception at pc = 0x00007faa8cacc872, stub =0x00007faa84824b00
[2024-05-17T08:59:12.796+0000][158.351s][debug][safepoint     ] Waiting for 1 thread(s) to block
[2024-05-17T08:59:12.796+0000][158.351s][info ][safepoint     ] Entering safepoint region: Cleanup
[2024-05-17T08:59:12.797+0000][158.351s][info ][safepoint     ] Leaving safepoint region
[2024-05-17T08:59:12.797+0000][158.351s][debug][safepoint     ] ... found polling page return exception at pc = 0x00007faa8ce45156, stub =0x00007faa84824b00
[2024-05-17T08:59:12.797+0000][158.351s][debug][safepoint     ] ... found polling page return exception at pc = 0x00007faa8ce45156, stub =0x00007faa84824b00
[2024-05-17T08:59:12.797+0000][158.351s][info ][safepoint     ] Total time for which application threads were stopped: 0.0008084 seconds, Stopping threads took: 0.0003953 seconds
[2024-05-17T08:59:13.797+0000][159.352s][debug][safepoint     ] Safepoint synchronization initiated. (278 threads)
[2024-05-17T08:59:13.797+0000][159.352s][info ][safepoint     ] Application time: 1.0002313 seconds
[2024-05-17T08:59:13.797+0000][159.352s][info ][safepoint     ] Entering safepoint region: Cleanup
[2024-05-17T08:59:13.798+0000][159.353s][info ][safepoint     ] Leaving safepoint region
[2024-05-17T08:59:13.798+0000][159.353s][info ][safepoint     ] Total time for which application threads were stopped: 0.0013652 seconds, Stopping threads took: 0.0002131 seconds
[2024-05-17T08:59:14.799+0000][160.353s][debug][safepoint     ] Safepoint synchronization initiated. (278 threads)
[2024-05-17T08:59:14.799+0000][160.353s][info ][safepoint     ] Application time: 1.0002688 seconds
[2024-05-17T08:59:14.799+0000][160.354s][info ][safepoint     ] Entering safepoint region: Cleanup
[2024-05-17T08:59:14.799+0000][160.354s][info ][safepoint     ] Leaving safepoint region
[2024-05-17T08:59:14.799+0000][160.354s][info ][safepoint     ] Total time for which application threads were stopped: 0.0007594 seconds, Stopping threads took: 0.0001900 seconds
[2024-05-17T08:59:15.800+0000][161.354s][debug][safepoint     ] Safepoint synchronization initiated. (278 threads)
[2024-05-17T08:59:15.800+0000][161.354s][info ][safepoint     ] Application time: 1.0002421 seconds
[2024-05-17T08:59:15.800+0000][161.355s][info ][safepoint     ] Entering safepoint region: Cleanup
[2024-05-17T08:59:15.800+0000][161.355s][info ][safepoint     ] Leaving safepoint region
[2024-05-17T08:59:15.800+0000][161.355s][info ][safepoint     ] Total time for which application threads were stopped: 0.0006334 seconds, Stopping threads took: 0.0001632 seconds
[2024-05-17T08:59:16.801+0000][162.355s][debug][safepoint     ] Safepoint synchronization initiated. (278 threads)
[2024-05-17T08:59:16.801+0000][162.355s][info ][safepoint     ] Application time: 1.0002470 seconds
[2024-05-17T08:59:16.801+0000][162.355s][info ][safepoint     ] Entering safepoint region: Cleanup
[2024-05-17T08:59:16.801+0000][162.356s][info ][safepoint     ] Leaving safepoint region
[2024-05-17T08:59:16.801+0000][162.356s][info ][safepoint     ] Total time for which application threads were stopped: 0.0005920 seconds, Stopping threads took: 0.0001710 seconds
[2024-05-17T08:59:17.802+0000][163.356s][debug][safepoint     ] Safepoint synchronization initiated. (278 threads)
[2024-05-17T08:59:17.802+0000][163.356s][info ][safepoint     ] Application time: 1.0004425 seconds
[2024-05-17T08:59:17.802+0000][163.357s][info ][safepoint     ] Entering safepoint region: Cleanup
[2024-05-17T08:59:17.802+0000][163.357s][info ][safepoint     ] Leaving safepoint region
[2024-05-17T08:59:17.803+0000][163.357s][info ][safepoint     ] Total time for which application threads were stopped: 0.0007204 seconds, Stopping threads took: 0.0001635 seconds
[2024-05-17T08:59:18.803+0000][164.357s][debug][safepoint     ] Safepoint synchronization initiated. (278 threads)
[2024-05-17T08:59:18.806+0000][164.361s][info ][safepoint     ] Application time: 1.0035430 seconds
[2024-05-17T08:59:18.806+0000][164.361s][info ][safepoint     ] Entering safepoint region: Cleanup
[2024-05-17T08:59:18.807+0000][164.361s][info ][safepoint     ] Leaving safepoint region
[2024-05-17T08:59:18.807+0000][164.361s][info ][safepoint     ] Total time for which application threads were stopped: 0.0007231 seconds, Stopping threads took: 0.0001998 seconds
[2024-05-17T08:59:19.807+0000][165.362s][debug][safepoint     ] Safepoint synchronization initiated. (278 threads)
[2024-05-17T08:59:19.807+0000][165.362s][info ][safepoint     ] Application time: 1.0002387 seconds
[2024-05-17T08:59:19.807+0000][165.362s][info ][safepoint     ] Entering safepoint region: Cleanup
[2024-05-17T08:59:19.808+0000][165.362s][info ][safepoint     ] Leaving safepoint region
[2024-05-17T08:59:19.808+0000][165.363s][info ][safepoint     ] Total time for which application threads were stopped: 0.0007231 seconds, Stopping threads took: 0.0002007 seconds
[2024-05-17T08:59:20.642+0000][166.196s][debug][safepoint     ] Safepoint synchronization initiated. (278 threads)
[2024-05-17T08:59:20.642+0000][166.196s][info ][safepoint     ] Application time: 0.8337683 seconds
[2024-05-17T08:59:20.642+0000][166.197s][info ][safepoint     ] Entering safepoint region: G1CollectForAllocation
[2024-05-17T08:59:20.643+0000][166.197s][info ][gc,start      ] GC(72) Pause Young (Normal) (G1 Evacuation Pause)
[2024-05-17T08:59:20.643+0000][166.197s][info ][gc,task       ] GC(72) Using 4 workers of 4 for evacuation
[2024-05-17T08:59:20.670+0000][166.224s][info ][gc,phases     ] GC(72)   Pre Evacuate Collection Set: 0.2ms
[2024-05-17T08:59:20.670+0000][166.225s][info ][gc,phases     ] GC(72)   Evacuate Collection Set: 20.5ms
[2024-05-17T08:59:20.670+0000][166.225s][info ][gc,phases     ] GC(72)   Post Evacuate Collection Set: 5.9ms
[2024-05-17T08:59:20.670+0000][166.225s][info ][gc,phases     ] GC(72)   Other: 0.8ms
[2024-05-17T08:59:20.670+0000][166.225s][info ][gc,heap       ] GC(72) Eden regions: 160->0(160)
[2024-05-17T08:59:20.670+0000][166.225s][info ][gc,heap       ] GC(72) Survivor regions: 11->11(22)
[2024-05-17T08:59:20.670+0000][166.225s][info ][gc,heap       ] GC(72) Old regions: 163->163
[2024-05-17T08:59:20.670+0000][166.225s][info ][gc,heap       ] GC(72) Humongous regions: 0->0
[2024-05-17T08:59:20.670+0000][166.225s][info ][gc,metaspace  ] GC(72) Metaspace: 179082K(184964K)->179082K(184964K) NonClass: 158435K(161976K)->158435K(161976K) Class: 20647K(22988K)->20647K(22988K)
[2024-05-17T08:59:20.670+0000][166.225s][info ][gc            ] GC(72) Pause Young (Normal) (G1 Evacuation Pause) 331M->171M(384M) 27.477ms
[2024-05-17T08:59:20.670+0000][166.225s][info ][gc,cpu        ] GC(72) User=0.06s Sys=0.00s Real=0.03s
[2024-05-17T08:59:20.670+0000][166.225s][info ][safepoint     ] Leaving safepoint region
[2024-05-17T08:59:20.670+0000][166.225s][info ][safepoint     ] Total time for which application threads were stopped: 0.0285802 seconds, Stopping threads took: 0.0002078 seconds
[2024-05-17T08:59:20.670+0000][166.225s][info ][gc,stringdedup] Concurrent String Deduplication (166.225s)
[2024-05-17T08:59:20.671+0000][166.225s][info ][gc,stringdedup] Concurrent String Deduplication 6264.0B->2280.0B(3984.0B) avg 54.6% (166.225s, 166.225s) 0.113ms
[2024-05-17T08:59:21.671+0000][167.225s][debug][safepoint     ] Safepoint synchronization initiated. (278 threads)
[2024-05-17T08:59:21.671+0000][167.225s][info ][safepoint     ] Application time: 1.0003515 seconds
[2024-05-17T08:59:21.671+0000][167.226s][info ][safepoint     ] Entering safepoint region: Cleanup
[2024-05-17T08:59:21.671+0000][167.226s][info ][safepoint     ] Leaving safepoint region
[2024-05-17T08:59:21.671+0000][167.226s][info ][safepoint     ] Total time for which application threads were stopped: 0.0007025 seconds, Stopping threads took: 0.0002398 seconds
[2024-05-17T08:59:22.672+0000][168.226s][debug][safepoint     ] Safepoint synchronization initiated. (278 threads)
[2024-05-17T08:59:22.672+0000][168.226s][info ][safepoint     ] Application time: 1.0002675 seconds
[2024-05-17T08:59:22.672+0000][168.227s][info ][safepoint     ] Entering safepoint region: Cleanup
[2024-05-17T08:59:22.673+0000][168.227s][info ][safepoint     ] Leaving safepoint region
[2024-05-17T08:59:22.673+0000][168.227s][info ][safepoint     ] Total time for which application threads were stopped: 0.0010175 seconds, Stopping threads took: 0.0002421 seconds
[2024-05-17T08:59:23.673+0000][169.228s][debug][safepoint     ] Safepoint synchronization initiated. (278 threads)
[2024-05-17T08:59:23.673+0000][169.228s][info ][safepoint     ] Application time: 1.0001957 seconds
[2024-05-17T08:59:23.673+0000][169.228s][info ][safepoint     ] Entering safepoint region: Cleanup
[2024-05-17T08:59:23.674+0000][169.228s][info ][safepoint     ] Leaving safepoint region
[2024-05-17T08:59:23.674+0000][169.228s][info ][safepoint     ] Total time for which application threads were stopped: 0.0006880 seconds, Stopping threads took: 0.0001799 seconds
[2024-05-17T08:59:24.674+0000][170.229s][debug][safepoint     ] Safepoint synchronization initiated. (278 threads)
[2024-05-17T08:59:24.674+0000][170.229s][info ][safepoint     ] Application time: 1.0002178 seconds
[2024-05-17T08:59:24.674+0000][170.229s][info ][safepoint     ] Entering safepoint region: Cleanup
[2024-05-17T08:59:24.675+0000][170.229s][info ][safepoint     ] Leaving safepoint region
[2024-05-17T08:59:24.675+0000][170.230s][info ][safepoint     ] Total time for which application threads were stopped: 0.0009025 seconds, Stopping threads took: 0.0002165 seconds
[2024-05-17T08:59:25.675+0000][171.230s][debug][safepoint     ] Safepoint synchronization initiated. (278 threads)
[2024-05-17T08:59:25.675+0000][171.230s][info ][safepoint     ] Application time: 1.0003059 seconds
[2024-05-17T08:59:25.675+0000][171.230s][info ][safepoint     ] Entering safepoint region: Cleanup
[2024-05-17T08:59:25.676+0000][171.231s][info ][safepoint     ] Leaving safepoint region
[2024-05-17T08:59:25.676+0000][171.231s][info ][safepoint     ] Total time for which application threads were stopped: 0.0010303 seconds, Stopping threads took: 0.0001931 seconds
[2024-05-17T08:59:26.676+0000][172.231s][debug][safepoint     ] Safepoint synchronization initiated. (278 threads)
[2024-05-17T08:59:26.677+0000][172.231s][info ][safepoint     ] Application time: 1.0001958 seconds
[2024-05-17T08:59:26.677+0000][172.231s][debug][safepoint     ] ... found polling page return exception at pc = 0x00007faa8c8d3344, stub =0x00007faa84824b00
[2024-05-17T08:59:26.677+0000][172.232s][debug][safepoint     ] Waiting for 1 thread(s) to block
[2024-05-17T08:59:26.677+0000][172.232s][info ][safepoint     ] Entering safepoint region: Cleanup
[2024-05-17T08:59:26.678+0000][172.233s][info ][safepoint     ] Leaving safepoint region
[2024-05-17T08:59:26.678+0000][172.233s][info ][safepoint     ] Total time for which application threads were stopped: 0.0013739 seconds, Stopping threads took: 0.0008994 seconds
[2024-05-17T08:59:27.678+0000][173.233s][debug][safepoint     ] Safepoint synchronization initiated. (278 threads)
[2024-05-17T08:59:27.678+0000][173.233s][info ][safepoint     ] Application time: 1.0002510 seconds
[2024-05-17T08:59:27.678+0000][173.233s][info ][safepoint     ] Entering safepoint region: Cleanup
[2024-05-17T08:59:27.679+0000][173.233s][info ][safepoint     ] Leaving safepoint region
[2024-05-17T08:59:27.679+0000][173.233s][info ][safepoint     ] Total time for which application threads were stopped: 0.0006520 seconds, Stopping threads took: 0.0002133 seconds
[2024-05-17T08:59:28.679+0000][174.234s][debug][safepoint     ] Safepoint synchronization initiated. (278 threads)
[2024-05-17T08:59:28.679+0000][174.234s][info ][safepoint     ] Application time: 1.0001554 seconds
[2024-05-17T08:59:28.679+0000][174.234s][info ][safepoint     ] Entering safepoint region: Cleanup
[2024-05-17T08:59:28.680+0000][174.234s][info ][safepoint     ] Leaving safepoint region
[2024-05-17T08:59:28.680+0000][174.234s][info ][safepoint     ] Total time for which application threads were stopped: 0.0004545 seconds, Stopping threads took: 0.0001383 seconds
[2024-05-17T08:59:29.680+0000][175.234s][debug][safepoint     ] Safepoint synchronization initiated. (278 threads)
[2024-05-17T08:59:29.680+0000][175.234s][info ][safepoint     ] Application time: 1.0002604 seconds
[2024-05-17T08:59:29.680+0000][175.235s][info ][safepoint     ] Entering safepoint region: Cleanup
[2024-05-17T08:59:29.680+0000][175.235s][info ][safepoint     ] Leaving safepoint region
[2024-05-17T08:59:29.681+0000][175.235s][info ][safepoint     ] Total time for which application threads were stopped: 0.0006854 seconds, Stopping threads took: 0.0001810 seconds
[2024-05-17T08:59:30.681+0000][176.235s][debug][safepoint     ] Safepoint synchronization initiated. (278 threads)
[2024-05-17T08:59:30.681+0000][176.235s][info ][safepoint     ] Application time: 1.0002280 seconds
[2024-05-17T08:59:30.681+0000][176.236s][info ][safepoint     ] Entering safepoint region: Cleanup
[2024-05-17T08:59:30.682+0000][176.236s][info ][safepoint     ] Leaving safepoint region
[2024-05-17T08:59:30.682+0000][176.236s][info ][safepoint     ] Total time for which application threads were stopped: 0.0009402 seconds, Stopping threads took: 0.0001812 seconds
[2024-05-17T08:59:31.682+0000][177.237s][debug][safepoint     ] Safepoint synchronization initiated. (278 threads)
[2024-05-17T08:59:31.682+0000][177.237s][info ][safepoint     ] Application time: 1.0001918 seconds
[2024-05-17T08:59:31.682+0000][177.237s][info ][safepoint     ] Entering safepoint region: Cleanup
[2024-05-17T08:59:31.683+0000][177.237s][info ][safepoint     ] Leaving safepoint region
[2024-05-17T08:59:31.683+0000][177.237s][info ][safepoint     ] Total time for which application threads were stopped: 0.0006673 seconds, Stopping threads took: 0.0001705 seconds
[2024-05-17T08:59:32.683+0000][178.237s][debug][safepoint     ] Safepoint synchronization initiated. (278 threads)
[2024-05-17T08:59:32.683+0000][178.238s][info ][safepoint     ] Application time: 1.0002516 seconds
[2024-05-17T08:59:32.683+0000][178.238s][info ][safepoint     ] Entering safepoint region: Cleanup
[2024-05-17T08:59:32.684+0000][178.238s][info ][safepoint     ] Leaving safepoint region
[2024-05-17T08:59:32.684+0000][178.238s][info ][safepoint     ] Total time for which application threads were stopped: 0.0006273 seconds, Stopping threads took: 0.0002303 seconds
[2024-05-17T08:59:33.684+0000][179.238s][debug][safepoint     ] Safepoint synchronization initiated. (278 threads)
[2024-05-17T08:59:33.684+0000][179.238s][info ][safepoint     ] Application time: 1.0002455 seconds
[2024-05-17T08:59:33.684+0000][179.239s][info ][safepoint     ] Entering safepoint region: Cleanup
[2024-05-17T08:59:33.684+0000][179.239s][info ][safepoint     ] Leaving safepoint region
[2024-05-17T08:59:33.684+0000][179.239s][info ][safepoint     ] Total time for which application threads were stopped: 0.0004028 seconds, Stopping threads took: 0.0001215 seconds
[2024-05-17T08:59:34.684+0000][180.239s][debug][safepoint     ] Safepoint synchronization initiated. (278 threads)
[2024-05-17T08:59:34.684+0000][180.239s][info ][safepoint     ] Application time: 1.0001900 seconds
[2024-05-17T08:59:34.685+0000][180.239s][info ][safepoint     ] Entering safepoint region: Cleanup
[2024-05-17T08:59:34.685+0000][180.240s][info ][safepoint     ] Leaving safepoint region
[2024-05-17T08:59:34.685+0000][180.240s][info ][safepoint     ] Total time for which application threads were stopped: 0.0004438 seconds, Stopping threads took: 0.0001305 seconds
[2024-05-17T08:59:35.685+0000][181.240s][debug][safepoint     ] Safepoint synchronization initiated. (278 threads)
[2024-05-17T08:59:35.685+0000][181.240s][info ][safepoint     ] Application time: 1.0001924 seconds
[2024-05-17T08:59:35.686+0000][181.240s][info ][safepoint     ] Entering safepoint region: Cleanup
[2024-05-17T08:59:35.686+0000][181.241s][info ][safepoint     ] Leaving safepoint region
[2024-05-17T08:59:35.686+0000][181.241s][info ][safepoint     ] Total time for which application threads were stopped: 0.0011518 seconds, Stopping threads took: 0.0004270 seconds
[2024-05-17T08:59:36.686+0000][182.241s][debug][safepoint     ] Safepoint synchronization initiated. (278 threads)
[2024-05-17T08:59:36.687+0000][182.241s][info ][safepoint     ] Application time: 1.0001873 seconds
[2024-05-17T08:59:36.687+0000][182.241s][info ][safepoint     ] Entering safepoint region: Cleanup
[2024-05-17T08:59:36.687+0000][182.242s][info ][safepoint     ] Leaving safepoint region
[2024-05-17T08:59:36.687+0000][182.242s][info ][safepoint     ] Total time for which application threads were stopped: 0.0006787 seconds, Stopping threads took: 0.0001685 seconds
[2024-05-17T08:59:37.687+0000][183.242s][debug][safepoint     ] Safepoint synchronization initiated. (278 threads)
[2024-05-17T08:59:37.687+0000][183.242s][info ][safepoint     ] Application time: 1.0001522 seconds
[2024-05-17T08:59:37.688+0000][183.242s][debug][safepoint     ] Waiting for 2 thread(s) to block
[2024-05-17T08:59:37.688+0000][183.242s][info ][safepoint     ] Entering safepoint region: Cleanup
[2024-05-17T08:59:37.688+0000][183.243s][info ][safepoint     ] Leaving safepoint region
[2024-05-17T08:59:37.688+0000][183.243s][info ][safepoint     ] Total time for which application threads were stopped: 0.0007689 seconds, Stopping threads took: 0.0002411 seconds
[2024-05-17T08:59:38.688+0000][184.243s][debug][safepoint     ] Safepoint synchronization initiated. (276 threads)
[2024-05-17T08:59:38.689+0000][184.243s][info ][safepoint     ] Application time: 1.0002906 seconds
[2024-05-17T08:59:38.689+0000][184.243s][info ][safepoint     ] Entering safepoint region: Cleanup
[2024-05-17T08:59:38.689+0000][184.244s][info ][safepoint     ] Leaving safepoint region
[2024-05-17T08:59:38.689+0000][184.244s][info ][safepoint     ] Total time for which application threads were stopped: 0.0006743 seconds, Stopping threads took: 0.0001641 seconds
[2024-05-17T08:59:39.689+0000][185.244s][debug][safepoint     ] Safepoint synchronization initiated. (276 threads)
[2024-05-17T08:59:39.689+0000][185.244s][info ][safepoint     ] Application time: 1.0002074 seconds
[2024-05-17T08:59:39.690+0000][185.244s][info ][safepoint     ] Entering safepoint region: Cleanup
[2024-05-17T08:59:39.690+0000][185.245s][info ][safepoint     ] Leaving safepoint region
[2024-05-17T08:59:39.690+0000][185.245s][info ][safepoint     ] Total time for which application threads were stopped: 0.0006764 seconds, Stopping threads took: 0.0002868 seconds
[2024-05-17T08:59:40.690+0000][186.245s][debug][safepoint     ] Safepoint synchronization initiated. (276 threads)
[2024-05-17T08:59:40.690+0000][186.245s][info ][safepoint     ] Application time: 1.0002982 seconds
[2024-05-17T08:59:40.691+0000][186.245s][info ][safepoint     ] Entering safepoint region: Cleanup
[2024-05-17T08:59:40.691+0000][186.246s][info ][safepoint     ] Leaving safepoint region
[2024-05-17T08:59:40.691+0000][186.246s][info ][safepoint     ] Total time for which application threads were stopped: 0.0009395 seconds, Stopping threads took: 0.0001863 seconds
[2024-05-17T08:59:41.692+0000][187.246s][debug][safepoint     ] Safepoint synchronization initiated. (276 threads)
[2024-05-17T08:59:41.692+0000][187.246s][info ][safepoint     ] Application time: 1.0002104 seconds
[2024-05-17T08:59:41.692+0000][187.247s][info ][safepoint     ] Entering safepoint region: Cleanup
[2024-05-17T08:59:41.693+0000][187.247s][info ][safepoint     ] Leaving safepoint region
[2024-05-17T08:59:41.693+0000][187.247s][info ][safepoint     ] Total time for which application threads were stopped: 0.0009438 seconds, Stopping threads took: 0.0002560 seconds
[2024-05-17T08:59:42.693+0000][188.248s][debug][safepoint     ] Safepoint synchronization initiated. (276 threads)
[2024-05-17T08:59:42.693+0000][188.248s][info ][safepoint     ] Application time: 1.0002665 seconds
[2024-05-17T08:59:42.693+0000][188.248s][info ][safepoint     ] Entering safepoint region: Cleanup
[2024-05-17T08:59:42.694+0000][188.249s][info ][safepoint     ] Leaving safepoint region
[2024-05-17T08:59:42.694+0000][188.249s][info ][safepoint     ] Total time for which application threads were stopped: 0.0010107 seconds, Stopping threads took: 0.0002061 seconds
[2024-05-17T08:59:43.694+0000][189.249s][debug][safepoint     ] Safepoint synchronization initiated. (276 threads)
[2024-05-17T08:59:43.694+0000][189.249s][info ][safepoint     ] Application time: 1.0002594 seconds
[2024-05-17T08:59:43.694+0000][189.249s][info ][safepoint     ] Entering safepoint region: Cleanup
[2024-05-17T08:59:43.695+0000][189.250s][info ][safepoint     ] Leaving safepoint region
[2024-05-17T08:59:43.695+0000][189.250s][info ][safepoint     ] Total time for which application threads were stopped: 0.0006805 seconds, Stopping threads took: 0.0001479 seconds
[2024-05-17T08:59:44.695+0000][190.250s][debug][safepoint     ] Safepoint synchronization initiated. (276 threads)
[2024-05-17T08:59:44.695+0000][190.250s][info ][safepoint     ] Application time: 1.0002228 seconds
[2024-05-17T08:59:44.695+0000][190.250s][info ][safepoint     ] Entering safepoint region: Cleanup
[2024-05-17T08:59:44.696+0000][190.251s][info ][safepoint     ] Leaving safepoint region
[2024-05-17T08:59:44.696+0000][190.251s][info ][safepoint     ] Total time for which application threads were stopped: 0.0008438 seconds, Stopping threads took: 0.0001698 seconds
[2024-05-17T08:59:45.609+0000][191.164s][debug][safepoint     ] Safepoint synchronization initiated. (276 threads)
[2024-05-17T08:59:45.609+0000][191.164s][info ][safepoint     ] Application time: 0.9128614 seconds
[2024-05-17T08:59:45.609+0000][191.164s][info ][safepoint     ] Entering safepoint region: G1CollectForAllocation
[2024-05-17T08:59:45.610+0000][191.165s][info ][gc,start      ] GC(73) Pause Young (Normal) (G1 Evacuation Pause)
[2024-05-17T08:59:45.610+0000][191.165s][info ][gc,task       ] GC(73) Using 4 workers of 4 for evacuation
[2024-05-17T08:59:45.634+0000][191.189s][info ][gc,phases     ] GC(73)   Pre Evacuate Collection Set: 0.1ms
[2024-05-17T08:59:45.634+0000][191.189s][info ][gc,phases     ] GC(73)   Evacuate Collection Set: 15.7ms
[2024-05-17T08:59:45.634+0000][191.189s][info ][gc,phases     ] GC(73)   Post Evacuate Collection Set: 7.2ms
[2024-05-17T08:59:45.634+0000][191.189s][info ][gc,phases     ] GC(73)   Other: 1.1ms
[2024-05-17T08:59:45.634+0000][191.189s][info ][gc,heap       ] GC(73) Eden regions: 160->0(160)
[2024-05-17T08:59:45.634+0000][191.189s][info ][gc,heap       ] GC(73) Survivor regions: 11->11(22)
[2024-05-17T08:59:45.634+0000][191.189s][info ][gc,heap       ] GC(73) Old regions: 163->163
[2024-05-17T08:59:45.634+0000][191.189s][info ][gc,heap       ] GC(73) Humongous regions: 0->0
[2024-05-17T08:59:45.634+0000][191.189s][info ][gc,metaspace  ] GC(73) Metaspace: 179437K(185476K)->179437K(185476K) NonClass: 158788K(162488K)->158788K(162488K) Class: 20648K(22988K)->20648K(22988K)
[2024-05-17T08:59:45.634+0000][191.189s][info ][gc            ] GC(73) Pause Young (Normal) (G1 Evacuation Pause) 331M->171M(384M) 24.015ms
[2024-05-17T08:59:45.634+0000][191.189s][info ][gc,cpu        ] GC(73) User=0.09s Sys=0.00s Real=0.02s
[2024-05-17T08:59:45.634+0000][191.189s][info ][safepoint     ] Leaving safepoint region
[2024-05-17T08:59:45.634+0000][191.189s][info ][safepoint     ] Total time for which application threads were stopped: 0.0253141 seconds, Stopping threads took: 0.0001869 seconds
[2024-05-17T08:59:45.634+0000][191.189s][info ][gc,stringdedup] Concurrent String Deduplication (191.189s)
[2024-05-17T08:59:45.635+0000][191.189s][info ][gc,stringdedup] Concurrent String Deduplication 8288.0B->3168.0B(5120.0B) avg 54.6% (191.189s, 191.189s) 0.369ms
[2024-05-17T08:59:46.635+0000][192.189s][debug][safepoint     ] Safepoint synchronization initiated. (276 threads)
[2024-05-17T08:59:46.635+0000][192.189s][info ][safepoint     ] Application time: 1.0002450 seconds
[2024-05-17T08:59:46.635+0000][192.189s][info ][safepoint     ] Entering safepoint region: Cleanup
[2024-05-17T08:59:46.635+0000][192.190s][info ][safepoint     ] Leaving safepoint region
[2024-05-17T08:59:46.635+0000][192.190s][info ][safepoint     ] Total time for which application threads were stopped: 0.0007282 seconds, Stopping threads took: 0.0001610 seconds
[2024-05-17T08:59:47.636+0000][193.190s][debug][safepoint     ] Safepoint synchronization initiated. (292 threads)
[2024-05-17T08:59:47.636+0000][193.190s][info ][safepoint     ] Application time: 1.0002609 seconds
[2024-05-17T08:59:47.636+0000][193.190s][debug][safepoint     ] ... found polling page return exception at pc = 0x00007faa8ca2d27e, stub =0x00007faa84824b00
[2024-05-17T08:59:47.636+0000][193.191s][debug][safepoint     ] Waiting for 1 thread(s) to block
[2024-05-17T08:59:47.636+0000][193.191s][info ][safepoint     ] Entering safepoint region: Cleanup
[2024-05-17T08:59:47.637+0000][193.191s][info ][safepoint     ] Leaving safepoint region
[2024-05-17T08:59:47.637+0000][193.191s][info ][safepoint     ] Total time for which application threads were stopped: 0.0009052 seconds, Stopping threads took: 0.0003969 seconds
[2024-05-17T08:59:48.637+0000][194.192s][debug][safepoint     ] Safepoint synchronization initiated. (292 threads)
[2024-05-17T08:59:48.637+0000][194.192s][info ][safepoint     ] Application time: 1.0003895 seconds
[2024-05-17T08:59:48.637+0000][194.192s][info ][safepoint     ] Entering safepoint region: Cleanup
[2024-05-17T08:59:48.638+0000][194.193s][info ][safepoint     ] Leaving safepoint region
[2024-05-17T08:59:48.638+0000][194.193s][debug][safepoint     ] ... found polling page return exception at pc = 0x00007faa8ce45156, stub =0x00007faa84824b00
[2024-05-17T08:59:48.638+0000][194.193s][debug][safepoint     ] ... found polling page return exception at pc = 0x00007faa8ce45156, stub =0x00007faa84824b00
[2024-05-17T08:59:48.638+0000][194.193s][info ][safepoint     ] Total time for which application threads were stopped: 0.0012619 seconds, Stopping threads took: 0.0005384 seconds
[2024-05-17T08:59:49.639+0000][195.193s][debug][safepoint     ] Safepoint synchronization initiated. (292 threads)
[2024-05-17T08:59:49.639+0000][195.193s][info ][safepoint     ] Application time: 1.0002745 seconds
[2024-05-17T08:59:49.639+0000][195.194s][info ][safepoint     ] Entering safepoint region: Cleanup
[2024-05-17T08:59:49.640+0000][195.194s][info ][safepoint     ] Leaving safepoint region
[2024-05-17T08:59:49.640+0000][195.194s][info ][safepoint     ] Total time for which application threads were stopped: 0.0007712 seconds, Stopping threads took: 0.0001976 seconds
[2024-05-17T08:59:50.640+0000][196.194s][debug][safepoint     ] Safepoint synchronization initiated. (292 threads)
[2024-05-17T08:59:50.640+0000][196.195s][info ][safepoint     ] Application time: 1.0002763 seconds
[2024-05-17T08:59:50.640+0000][196.195s][debug][safepoint     ] ... found polling page return exception at pc = 0x00007faa8c922386, stub =0x00007faa84824b00
[2024-05-17T08:59:50.640+0000][196.195s][debug][safepoint     ] Waiting for 1 thread(s) to block
[2024-05-17T08:59:50.640+0000][196.195s][info ][safepoint     ] Entering safepoint region: Cleanup
[2024-05-17T08:59:50.641+0000][196.195s][info ][safepoint     ] Leaving safepoint region
[2024-05-17T08:59:50.641+0000][196.195s][info ][safepoint     ] Total time for which application threads were stopped: 0.0008438 seconds, Stopping threads took: 0.0002469 seconds
[2024-05-17T08:59:51.641+0000][197.196s][debug][safepoint     ] Safepoint synchronization initiated. (292 threads)
[2024-05-17T08:59:51.641+0000][197.196s][info ][safepoint     ] Application time: 1.0002652 seconds
[2024-05-17T08:59:51.641+0000][197.196s][info ][safepoint     ] Entering safepoint region: Cleanup
[2024-05-17T08:59:51.642+0000][197.197s][info ][safepoint     ] Leaving safepoint region
[2024-05-17T08:59:51.642+0000][197.197s][info ][safepoint     ] Total time for which application threads were stopped: 0.0008345 seconds, Stopping threads took: 0.0001928 seconds
[2024-05-17T08:59:52.642+0000][198.197s][debug][safepoint     ] Safepoint synchronization initiated. (292 threads)
[2024-05-17T08:59:52.642+0000][198.197s][info ][safepoint     ] Application time: 1.0002208 seconds
[2024-05-17T08:59:52.643+0000][198.197s][info ][safepoint     ] Entering safepoint region: Cleanup
[2024-05-17T08:59:52.643+0000][198.198s][info ][safepoint     ] Leaving safepoint region
[2024-05-17T08:59:52.643+0000][198.198s][info ][safepoint     ] Total time for which application threads were stopped: 0.0010181 seconds, Stopping threads took: 0.0004450 seconds
[2024-05-17T08:59:53.643+0000][199.198s][debug][safepoint     ] Safepoint synchronization initiated. (292 threads)
[2024-05-17T08:59:53.644+0000][199.198s][info ][safepoint     ] Application time: 1.0002678 seconds
[2024-05-17T08:59:53.644+0000][199.198s][info ][safepoint     ] Entering safepoint region: Cleanup
[2024-05-17T08:59:53.644+0000][199.199s][debug][safepoint     ] ... found polling page return exception at pc = 0x00007faa8ce45156, stub =0x00007faa84824b00
[2024-05-17T08:59:53.644+0000][199.199s][info ][safepoint     ] Leaving safepoint region
[2024-05-17T08:59:53.646+0000][199.200s][info ][safepoint     ] Total time for which application threads were stopped: 0.0022572 seconds, Stopping threads took: 0.0002655 seconds
[2024-05-17T08:59:54.646+0000][200.201s][debug][safepoint     ] Safepoint synchronization initiated. (292 threads)
[2024-05-17T08:59:54.646+0000][200.201s][info ][safepoint     ] Application time: 1.0001672 seconds
[2024-05-17T08:59:54.646+0000][200.201s][info ][safepoint     ] Entering safepoint region: Cleanup
[2024-05-17T08:59:54.647+0000][200.201s][info ][safepoint     ] Leaving safepoint region
[2024-05-17T08:59:54.647+0000][200.201s][info ][safepoint     ] Total time for which application threads were stopped: 0.0005833 seconds, Stopping threads took: 0.0001312 seconds
[2024-05-17T08:59:55.647+0000][201.201s][debug][safepoint     ] Safepoint synchronization initiated. (292 threads)
[2024-05-17T08:59:55.647+0000][201.202s][info ][safepoint     ] Application time: 1.0002688 seconds
[2024-05-17T08:59:55.647+0000][201.202s][info ][safepoint     ] Entering safepoint region: Cleanup
[2024-05-17T08:59:55.648+0000][201.202s][info ][safepoint     ] Leaving safepoint region
[2024-05-17T08:59:55.648+0000][201.202s][info ][safepoint     ] Total time for which application threads were stopped: 0.0007094 seconds, Stopping threads took: 0.0001662 seconds
[2024-05-17T08:59:56.648+0000][202.202s][debug][safepoint     ] Safepoint synchronization initiated. (292 threads)
[2024-05-17T08:59:56.648+0000][202.202s][info ][safepoint     ] Application time: 1.0002063 seconds
[2024-05-17T08:59:56.648+0000][202.203s][info ][safepoint     ] Entering safepoint region: Cleanup
[2024-05-17T08:59:56.648+0000][202.203s][info ][safepoint     ] Leaving safepoint region
[2024-05-17T08:59:56.648+0000][202.203s][debug][safepoint     ] ... found polling page return exception at pc = 0x00007faa8ce45156, stub =0x00007faa84824b00
[2024-05-17T08:59:56.648+0000][202.203s][info ][safepoint     ] Total time for which application threads were stopped: 0.0005776 seconds, Stopping threads took: 0.0001485 seconds
[2024-05-17T08:59:57.649+0000][203.203s][debug][safepoint     ] Safepoint synchronization initiated. (292 threads)
[2024-05-17T08:59:57.649+0000][203.203s][info ][safepoint     ] Application time: 1.0003313 seconds
[2024-05-17T08:59:57.649+0000][203.204s][info ][safepoint     ] Entering safepoint region: Cleanup
[2024-05-17T08:59:57.650+0000][203.204s][info ][safepoint     ] Leaving safepoint region
[2024-05-17T08:59:57.650+0000][203.204s][info ][safepoint     ] Total time for which application threads were stopped: 0.0009472 seconds, Stopping threads took: 0.0002032 seconds
[2024-05-17T08:59:58.650+0000][204.205s][debug][safepoint     ] Safepoint synchronization initiated. (292 threads)
[2024-05-17T08:59:58.650+0000][204.205s][info ][safepoint     ] Application time: 1.0001864 seconds
[2024-05-17T08:59:58.650+0000][204.205s][info ][safepoint     ] Entering safepoint region: Cleanup
[2024-05-17T08:59:58.651+0000][204.205s][info ][safepoint     ] Leaving safepoint region
[2024-05-17T08:59:58.651+0000][204.205s][info ][safepoint     ] Total time for which application threads were stopped: 0.0005344 seconds, Stopping threads took: 0.0001333 seconds
[2024-05-17T08:59:59.651+0000][205.205s][debug][safepoint     ] Safepoint synchronization initiated. (292 threads)
[2024-05-17T08:59:59.651+0000][205.205s][info ][safepoint     ] Application time: 1.0001543 seconds
[2024-05-17T08:59:59.651+0000][205.206s][info ][safepoint     ] Entering safepoint region: Cleanup
[2024-05-17T08:59:59.651+0000][205.206s][debug][safepoint     ] ... found polling page return exception at pc = 0x00007faa8ce45156, stub =0x00007faa84824b00
[2024-05-17T08:59:59.651+0000][205.206s][info ][safepoint     ] Leaving safepoint region
[2024-05-17T08:59:59.651+0000][205.206s][info ][safepoint     ] Total time for which application threads were stopped: 0.0006268 seconds, Stopping threads took: 0.0001595 seconds
[2024-05-17T09:00:00.652+0000][206.206s][debug][safepoint     ] Safepoint synchronization initiated. (292 threads)
[2024-05-17T09:00:00.652+0000][206.206s][info ][safepoint     ] Application time: 1.0002993 seconds
[2024-05-17T09:00:00.652+0000][206.207s][info ][safepoint     ] Entering safepoint region: Cleanup
[2024-05-17T09:00:00.653+0000][206.207s][info ][safepoint     ] Leaving safepoint region
[2024-05-17T09:00:00.653+0000][206.207s][info ][safepoint     ] Total time for which application threads were stopped: 0.0007894 seconds, Stopping threads took: 0.0001661 seconds
[2024-05-17T09:00:01.653+0000][207.207s][debug][safepoint     ] Safepoint synchronization initiated. (292 threads)
[2024-05-17T09:00:01.653+0000][207.207s][info ][safepoint     ] Application time: 1.0002022 seconds
[2024-05-17T09:00:01.653+0000][207.208s][info ][safepoint     ] Entering safepoint region: Cleanup
[2024-05-17T09:00:01.653+0000][207.208s][info ][safepoint     ] Leaving safepoint region
[2024-05-17T09:00:01.653+0000][207.208s][info ][safepoint     ] Total time for which application threads were stopped: 0.0005839 seconds, Stopping threads took: 0.0001702 seconds
[2024-05-17T09:00:02.654+0000][208.208s][debug][safepoint     ] Safepoint synchronization initiated. (292 threads)
[2024-05-17T09:00:02.654+0000][208.208s][info ][safepoint     ] Application time: 1.0002153 seconds
[2024-05-17T09:00:02.654+0000][208.208s][info ][safepoint     ] Entering safepoint region: Cleanup
[2024-05-17T09:00:02.654+0000][208.209s][info ][safepoint     ] Leaving safepoint region
[2024-05-17T09:00:02.654+0000][208.209s][info ][safepoint     ] Total time for which application threads were stopped: 0.0005460 seconds, Stopping threads took: 0.0001785 seconds
[2024-05-17T09:00:03.654+0000][209.209s][debug][safepoint     ] Safepoint synchronization initiated. (292 threads)
[2024-05-17T09:00:03.654+0000][209.209s][info ][safepoint     ] Application time: 1.0002527 seconds
[2024-05-17T09:00:03.655+0000][209.209s][info ][safepoint     ] Entering safepoint region: Cleanup
[2024-05-17T09:00:03.655+0000][209.210s][info ][safepoint     ] Leaving safepoint region
[2024-05-17T09:00:03.656+0000][209.210s][info ][safepoint     ] Total time for which application threads were stopped: 0.0010201 seconds, Stopping threads took: 0.0001719 seconds
[2024-05-17T09:00:04.656+0000][210.210s][debug][safepoint     ] Safepoint synchronization initiated. (292 threads)
[2024-05-17T09:00:04.656+0000][210.210s][info ][safepoint     ] Application time: 1.0002084 seconds
[2024-05-17T09:00:04.656+0000][210.211s][info ][safepoint     ] Entering safepoint region: Cleanup
[2024-05-17T09:00:04.656+0000][210.211s][info ][safepoint     ] Leaving safepoint region
[2024-05-17T09:00:04.657+0000][210.211s][info ][safepoint     ] Total time for which application threads were stopped: 0.0007807 seconds, Stopping threads took: 0.0001863 seconds
[2024-05-17T09:00:05.657+0000][211.211s][debug][safepoint     ] Safepoint synchronization initiated. (292 threads)
[2024-05-17T09:00:05.657+0000][211.211s][info ][safepoint     ] Application time: 1.0002429 seconds
[2024-05-17T09:00:05.657+0000][211.212s][info ][safepoint     ] Entering safepoint region: Cleanup
[2024-05-17T09:00:05.658+0000][211.213s][info ][safepoint     ] Leaving safepoint region
[2024-05-17T09:00:05.658+0000][211.213s][info ][safepoint     ] Total time for which application threads were stopped: 0.0010499 seconds, Stopping threads took: 0.0003377 seconds
[2024-05-17T09:00:06.658+0000][212.213s][debug][safepoint     ] Safepoint synchronization initiated. (292 threads)
[2024-05-17T09:00:06.658+0000][212.213s][info ][safepoint     ] Application time: 1.0001724 seconds
[2024-05-17T09:00:06.658+0000][212.213s][info ][safepoint     ] Entering safepoint region: Cleanup
[2024-05-17T09:00:06.659+0000][212.213s][info ][safepoint     ] Leaving safepoint region
[2024-05-17T09:00:06.659+0000][212.213s][info ][safepoint     ] Total time for which application threads were stopped: 0.0005902 seconds, Stopping threads took: 0.0002587 seconds
[2024-05-17T09:00:07.659+0000][213.213s][debug][safepoint     ] Safepoint synchronization initiated. (292 threads)
[2024-05-17T09:00:07.659+0000][213.213s][info ][safepoint     ] Application time: 1.0001400 seconds
[2024-05-17T09:00:07.659+0000][213.214s][debug][safepoint     ] Waiting for 2 thread(s) to block
[2024-05-17T09:00:07.659+0000][213.214s][info ][safepoint     ] Entering safepoint region: Cleanup
[2024-05-17T09:00:07.660+0000][213.214s][info ][safepoint     ] Leaving safepoint region
[2024-05-17T09:00:07.660+0000][213.214s][info ][safepoint     ] Total time for which application threads were stopped: 0.0008988 seconds, Stopping threads took: 0.0003083 seconds
[2024-05-17T09:00:08.660+0000][214.215s][debug][safepoint     ] Safepoint synchronization initiated. (293 threads)
[2024-05-17T09:00:08.660+0000][214.215s][info ][safepoint     ] Application time: 1.0002462 seconds
[2024-05-17T09:00:08.660+0000][214.215s][info ][safepoint     ] Entering safepoint region: Cleanup
[2024-05-17T09:00:08.661+0000][214.215s][info ][safepoint     ] Leaving safepoint region
[2024-05-17T09:00:08.661+0000][214.215s][info ][safepoint     ] Total time for which application threads were stopped: 0.0006695 seconds, Stopping threads took: 0.0001988 seconds
[2024-05-17T09:00:08.759+0000][214.314s][debug][safepoint     ] Safepoint synchronization initiated. (293 threads)
[2024-05-17T09:00:08.759+0000][214.314s][info ][safepoint     ] Application time: 0.0984188 seconds
[2024-05-17T09:00:08.759+0000][214.314s][debug][safepoint     ] ... found polling page return exception at pc = 0x00007faa8c87bb74, stub =0x00007faa84824b00
[2024-05-17T09:00:08.759+0000][214.314s][debug][safepoint     ] ... found polling page return exception at pc = 0x00007faa8c320cb0, stub =0x00007faa84824b00
[2024-05-17T09:00:08.760+0000][214.314s][debug][safepoint     ] Waiting for 2 thread(s) to block
[2024-05-17T09:00:08.760+0000][214.314s][info ][safepoint     ] Entering safepoint region: G1CollectForAllocation
[2024-05-17T09:00:08.761+0000][214.316s][info ][gc,start      ] GC(74) Pause Young (Normal) (G1 Evacuation Pause)
[2024-05-17T09:00:08.761+0000][214.316s][info ][gc,task       ] GC(74) Using 4 workers of 4 for evacuation
[2024-05-17T09:00:08.787+0000][214.342s][info ][gc,phases     ] GC(74)   Pre Evacuate Collection Set: 0.4ms
[2024-05-17T09:00:08.787+0000][214.342s][info ][gc,phases     ] GC(74)   Evacuate Collection Set: 17.5ms
[2024-05-17T09:00:08.787+0000][214.342s][info ][gc,phases     ] GC(74)   Post Evacuate Collection Set: 7.3ms
[2024-05-17T09:00:08.787+0000][214.342s][info ][gc,phases     ] GC(74)   Other: 1.3ms
[2024-05-17T09:00:08.787+0000][214.342s][info ][gc,heap       ] GC(74) Eden regions: 160->0(160)
[2024-05-17T09:00:08.787+0000][214.342s][info ][gc,heap       ] GC(74) Survivor regions: 11->11(22)
[2024-05-17T09:00:08.787+0000][214.342s][info ][gc,heap       ] GC(74) Old regions: 163->163
[2024-05-17T09:00:08.787+0000][214.342s][info ][gc,heap       ] GC(74) Humongous regions: 0->0
[2024-05-17T09:00:08.787+0000][214.342s][info ][gc,metaspace  ] GC(74) Metaspace: 179768K(185732K)->179768K(185732K) NonClass: 159114K(162744K)->159114K(162744K) Class: 20654K(22988K)->20654K(22988K)
[2024-05-17T09:00:08.787+0000][214.342s][info ][gc            ] GC(74) Pause Young (Normal) (G1 Evacuation Pause) 331M->171M(384M) 26.380ms
[2024-05-17T09:00:08.787+0000][214.342s][info ][gc,cpu        ] GC(74) User=0.09s Sys=0.00s Real=0.02s
[2024-05-17T09:00:08.788+0000][214.342s][info ][safepoint     ] Leaving safepoint region
[2024-05-17T09:00:08.788+0000][214.342s][info ][safepoint     ] Total time for which application threads were stopped: 0.0283548 seconds, Stopping threads took: 0.0005942 seconds
[2024-05-17T09:00:08.788+0000][214.342s][info ][gc,stringdedup] Concurrent String Deduplication (214.342s)
[2024-05-17T09:00:08.788+0000][214.342s][info ][gc,stringdedup] Concurrent String Deduplication 3864.0B->2520.0B(1344.0B) avg 54.6% (214.342s, 214.342s) 0.107ms
[2024-05-17T09:00:09.788+0000][215.342s][debug][safepoint     ] Safepoint synchronization initiated. (293 threads)
[2024-05-17T09:00:09.788+0000][215.343s][info ][safepoint     ] Application time: 1.0002721 seconds
[2024-05-17T09:00:09.788+0000][215.343s][info ][safepoint     ] Entering safepoint region: Cleanup
[2024-05-17T09:00:09.789+0000][215.343s][info ][safepoint     ] Leaving safepoint region
[2024-05-17T09:00:09.789+0000][215.343s][info ][safepoint     ] Total time for which application threads were stopped: 0.0008419 seconds, Stopping threads took: 0.0002647 seconds
[2024-05-17T09:00:10.789+0000][216.344s][debug][safepoint     ] Safepoint synchronization initiated. (293 threads)
[2024-05-17T09:00:10.789+0000][216.344s][info ][safepoint     ] Application time: 1.0002888 seconds
[2024-05-17T09:00:10.789+0000][216.344s][info ][safepoint     ] Entering safepoint region: Cleanup
[2024-05-17T09:00:10.790+0000][216.344s][info ][safepoint     ] Leaving safepoint region
[2024-05-17T09:00:10.790+0000][216.345s][info ][safepoint     ] Total time for which application threads were stopped: 0.0007946 seconds, Stopping threads took: 0.0001649 seconds
[2024-05-17T09:00:11.790+0000][217.345s][debug][safepoint     ] Safepoint synchronization initiated. (293 threads)
[2024-05-17T09:00:11.790+0000][217.345s][info ][safepoint     ] Application time: 1.0002994 seconds
[2024-05-17T09:00:11.791+0000][217.345s][info ][safepoint     ] Entering safepoint region: Cleanup
[2024-05-17T09:00:11.791+0000][217.346s][info ][safepoint     ] Leaving safepoint region
[2024-05-17T09:00:11.791+0000][217.346s][info ][safepoint     ] Total time for which application threads were stopped: 0.0010660 seconds, Stopping threads took: 0.0003158 seconds
[2024-05-17T09:00:12.792+0000][218.346s][debug][safepoint     ] Safepoint synchronization initiated. (293 threads)
[2024-05-17T09:00:12.792+0000][218.346s][info ][safepoint     ] Application time: 1.0002422 seconds
[2024-05-17T09:00:12.792+0000][218.346s][info ][safepoint     ] Entering safepoint region: Cleanup
[2024-05-17T09:00:12.792+0000][218.347s][info ][safepoint     ] Leaving safepoint region
[2024-05-17T09:00:12.792+0000][218.347s][info ][safepoint     ] Total time for which application threads were stopped: 0.0007382 seconds, Stopping threads took: 0.0001982 seconds
[2024-05-17T09:00:13.793+0000][219.347s][debug][safepoint     ] Safepoint synchronization initiated. (293 threads)
[2024-05-17T09:00:13.793+0000][219.347s][info ][safepoint     ] Application time: 1.0003668 seconds
[2024-05-17T09:00:13.793+0000][219.348s][info ][safepoint     ] Entering safepoint region: Cleanup
[2024-05-17T09:00:13.794+0000][219.348s][info ][safepoint     ] Leaving safepoint region
[2024-05-17T09:00:13.794+0000][219.348s][info ][safepoint     ] Total time for which application threads were stopped: 0.0009813 seconds, Stopping threads took: 0.0003601 seconds
[2024-05-17T09:00:14.794+0000][220.349s][debug][safepoint     ] Safepoint synchronization initiated. (292 threads)
[2024-05-17T09:00:14.794+0000][220.349s][info ][safepoint     ] Application time: 1.0001397 seconds
[2024-05-17T09:00:14.794+0000][220.349s][debug][safepoint     ] ... found polling page return exception at pc = 0x00007faa8cf1c772, stub =0x00007faa84824b00
[2024-05-17T09:00:14.795+0000][220.349s][debug][safepoint     ] Waiting for 1 thread(s) to block
[2024-05-17T09:00:14.795+0000][220.350s][info ][safepoint     ] Entering safepoint region: Cleanup
[2024-05-17T09:00:14.796+0000][220.350s][info ][safepoint     ] Leaving safepoint region
[2024-05-17T09:00:14.796+0000][220.350s][info ][safepoint     ] Total time for which application threads were stopped: 0.0013549 seconds, Stopping threads took: 0.0007073 seconds
[2024-05-17T09:00:15.796+0000][221.350s][debug][safepoint     ] Safepoint synchronization initiated. (292 threads)
[2024-05-17T09:00:15.796+0000][221.350s][info ][safepoint     ] Application time: 1.0002728 seconds
[2024-05-17T09:00:15.796+0000][221.351s][info ][safepoint     ] Entering safepoint region: Cleanup
[2024-05-17T09:00:15.797+0000][221.351s][info ][safepoint     ] Leaving safepoint region
[2024-05-17T09:00:15.797+0000][221.351s][info ][safepoint     ] Total time for which application threads were stopped: 0.0008594 seconds, Stopping threads took: 0.0001684 seconds
[2024-05-17T09:00:16.797+0000][222.352s][debug][safepoint     ] Safepoint synchronization initiated. (292 threads)
[2024-05-17T09:00:16.797+0000][222.352s][info ][safepoint     ] Application time: 1.0002779 seconds
[2024-05-17T09:00:16.797+0000][222.352s][info ][safepoint     ] Entering safepoint region: Cleanup
[2024-05-17T09:00:16.798+0000][222.353s][info ][safepoint     ] Leaving safepoint region
[2024-05-17T09:00:16.798+0000][222.353s][info ][safepoint     ] Total time for which application threads were stopped: 0.0009430 seconds, Stopping threads took: 0.0002870 seconds
[2024-05-17T09:00:17.798+0000][223.353s][debug][safepoint     ] Safepoint synchronization initiated. (292 threads)
[2024-05-17T09:00:17.798+0000][223.353s][info ][safepoint     ] Application time: 1.0002707 seconds
[2024-05-17T09:00:17.799+0000][223.353s][info ][safepoint     ] Entering safepoint region: Cleanup
[2024-05-17T09:00:17.799+0000][223.354s][info ][safepoint     ] Leaving safepoint region
[2024-05-17T09:00:17.799+0000][223.354s][info ][safepoint     ] Total time for which application threads were stopped: 0.0009050 seconds, Stopping threads took: 0.0002612 seconds
[2024-05-17T09:00:17.799+0000][223.354s][debug][safepoint     ] ... found polling page return exception at pc = 0x00007faa8ce45156, stub =0x00007faa84824b00
[2024-05-17T09:00:18.799+0000][224.354s][debug][safepoint     ] Safepoint synchronization initiated. (292 threads)
[2024-05-17T09:00:18.800+0000][224.354s][info ][safepoint     ] Application time: 1.0002485 seconds
[2024-05-17T09:00:18.800+0000][224.354s][info ][safepoint     ] Entering safepoint region: Cleanup
[2024-05-17T09:00:18.800+0000][224.355s][info ][safepoint     ] Leaving safepoint region
[2024-05-17T09:00:18.800+0000][224.355s][info ][safepoint     ] Total time for which application threads were stopped: 0.0007592 seconds, Stopping threads took: 0.0001799 seconds
[2024-05-17T09:00:19.801+0000][225.355s][debug][safepoint     ] Safepoint synchronization initiated. (292 threads)
[2024-05-17T09:00:19.801+0000][225.355s][info ][safepoint     ] Application time: 1.0002924 seconds
[2024-05-17T09:00:19.801+0000][225.355s][info ][safepoint     ] Entering safepoint region: Cleanup
[2024-05-17T09:00:19.801+0000][225.356s][info ][safepoint     ] Leaving safepoint region
[2024-05-17T09:00:19.801+0000][225.356s][info ][safepoint     ] Total time for which application threads were stopped: 0.0007731 seconds, Stopping threads took: 0.0001964 seconds
[2024-05-17T09:00:20.802+0000][226.356s][debug][safepoint     ] Safepoint synchronization initiated. (292 threads)
[2024-05-17T09:00:20.802+0000][226.357s][info ][safepoint     ] Application time: 1.0003312 seconds
[2024-05-17T09:00:20.802+0000][226.357s][debug][safepoint     ] ... found polling page return exception at pc = 0x00007faa8cf99c55, stub =0x00007faa84824b00
[2024-05-17T09:00:20.802+0000][226.357s][debug][safepoint     ] Waiting for 1 thread(s) to block
[2024-05-17T09:00:20.802+0000][226.357s][info ][safepoint     ] Entering safepoint region: Cleanup
[2024-05-17T09:00:20.803+0000][226.357s][info ][safepoint     ] Leaving safepoint region
[2024-05-17T09:00:20.803+0000][226.357s][info ][safepoint     ] Total time for which application threads were stopped: 0.0008345 seconds, Stopping threads took: 0.0003904 seconds
[2024-05-17T09:00:21.803+0000][227.358s][debug][safepoint     ] Safepoint synchronization initiated. (292 threads)
[2024-05-17T09:00:21.803+0000][227.358s][info ][safepoint     ] Application time: 1.0002939 seconds
[2024-05-17T09:00:21.803+0000][227.358s][info ][safepoint     ] Entering safepoint region: Cleanup
[2024-05-17T09:00:21.804+0000][227.359s][info ][safepoint     ] Leaving safepoint region
[2024-05-17T09:00:21.804+0000][227.359s][info ][safepoint     ] Total time for which application threads were stopped: 0.0009161 seconds, Stopping threads took: 0.0002505 seconds
[2024-05-17T09:00:22.804+0000][228.359s][debug][safepoint     ] Safepoint synchronization initiated. (292 threads)
[2024-05-17T09:00:22.804+0000][228.359s][info ][safepoint     ] Application time: 1.0002228 seconds
[2024-05-17T09:00:22.804+0000][228.359s][info ][safepoint     ] Entering safepoint region: Cleanup
[2024-05-17T09:00:22.805+0000][228.360s][info ][safepoint     ] Leaving safepoint region
[2024-05-17T09:00:22.805+0000][228.360s][info ][safepoint     ] Total time for which application threads were stopped: 0.0007112 seconds, Stopping threads took: 0.0001705 seconds
[2024-05-17T09:00:23.805+0000][229.360s][debug][safepoint     ] Safepoint synchronization initiated. (292 threads)
[2024-05-17T09:00:23.805+0000][229.360s][info ][safepoint     ] Application time: 1.0002636 seconds
[2024-05-17T09:00:23.805+0000][229.360s][info ][safepoint     ] Entering safepoint region: Cleanup
[2024-05-17T09:00:23.806+0000][229.361s][info ][safepoint     ] Leaving safepoint region
[2024-05-17T09:00:23.806+0000][229.361s][info ][safepoint     ] Total time for which application threads were stopped: 0.0008420 seconds, Stopping threads took: 0.0002067 seconds
[2024-05-17T09:00:24.806+0000][230.361s][debug][safepoint     ] Safepoint synchronization initiated. (292 threads)
[2024-05-17T09:00:24.806+0000][230.361s][info ][safepoint     ] Application time: 1.0001892 seconds
[2024-05-17T09:00:24.806+0000][230.361s][info ][safepoint     ] Entering safepoint region: Cleanup
[2024-05-17T09:00:24.807+0000][230.362s][info ][safepoint     ] Leaving safepoint region
[2024-05-17T09:00:24.807+0000][230.362s][info ][safepoint     ] Total time for which application threads were stopped: 0.0005943 seconds, Stopping threads took: 0.0001357 seconds
[2024-05-17T09:00:25.807+0000][231.362s][debug][safepoint     ] Safepoint synchronization initiated. (292 threads)
[2024-05-17T09:00:25.807+0000][231.362s][info ][safepoint     ] Application time: 1.0003067 seconds
[2024-05-17T09:00:25.807+0000][231.362s][debug][safepoint     ] ... found polling page return exception at pc = 0x00007faa8c87e388, stub =0x00007faa84824b00
[2024-05-17T09:00:25.808+0000][231.362s][debug][safepoint     ] Waiting for 1 thread(s) to block
[2024-05-17T09:00:25.808+0000][231.363s][info ][safepoint     ] Entering safepoint region: Cleanup
[2024-05-17T09:00:25.808+0000][231.363s][info ][safepoint     ] Leaving safepoint region
[2024-05-17T09:00:25.809+0000][231.363s][info ][safepoint     ] Total time for which application threads were stopped: 0.0011535 seconds, Stopping threads took: 0.0007047 seconds
[2024-05-17T09:00:25.808+0000][231.363s][debug][safepoint     ] ... found polling page return exception at pc = 0x00007faa8ce45156, stub =0x00007faa84824b00
[2024-05-17T09:00:26.809+0000][232.363s][debug][safepoint     ] Safepoint synchronization initiated. (292 threads)
[2024-05-17T09:00:26.809+0000][232.363s][info ][safepoint     ] Application time: 1.0003137 seconds
[2024-05-17T09:00:26.809+0000][232.364s][info ][safepoint     ] Entering safepoint region: Cleanup
[2024-05-17T09:00:26.810+0000][232.364s][info ][safepoint     ] Leaving safepoint region
[2024-05-17T09:00:26.810+0000][232.364s][info ][safepoint     ] Total time for which application threads were stopped: 0.0007710 seconds, Stopping threads took: 0.0001854 seconds
[2024-05-17T09:00:27.810+0000][233.365s][debug][safepoint     ] Safepoint synchronization initiated. (292 threads)
[2024-05-17T09:00:27.810+0000][233.365s][info ][safepoint     ] Application time: 1.0003035 seconds
[2024-05-17T09:00:27.810+0000][233.365s][info ][safepoint     ] Entering safepoint region: Cleanup
[2024-05-17T09:00:27.811+0000][233.365s][info ][safepoint     ] Leaving safepoint region
[2024-05-17T09:00:27.811+0000][233.365s][info ][safepoint     ] Total time for which application threads were stopped: 0.0005851 seconds, Stopping threads took: 0.0001752 seconds
[2024-05-17T09:00:28.811+0000][234.365s][debug][safepoint     ] Safepoint synchronization initiated. (292 threads)
[2024-05-17T09:00:28.811+0000][234.366s][info ][safepoint     ] Application time: 1.0002706 seconds
[2024-05-17T09:00:28.811+0000][234.366s][info ][safepoint     ] Entering safepoint region: Cleanup
[2024-05-17T09:00:28.812+0000][234.366s][info ][safepoint     ] Leaving safepoint region
[2024-05-17T09:00:28.812+0000][234.366s][info ][safepoint     ] Total time for which application threads were stopped: 0.0006809 seconds, Stopping threads took: 0.0002069 seconds
[2024-05-17T09:00:29.812+0000][235.366s][debug][safepoint     ] Safepoint synchronization initiated. (292 threads)
[2024-05-17T09:00:29.812+0000][235.367s][info ][safepoint     ] Application time: 1.0003031 seconds
[2024-05-17T09:00:29.812+0000][235.367s][info ][safepoint     ] Entering safepoint region: Cleanup
[2024-05-17T09:00:29.813+0000][235.367s][info ][safepoint     ] Leaving safepoint region
[2024-05-17T09:00:29.813+0000][235.367s][info ][safepoint     ] Total time for which application threads were stopped: 0.0007611 seconds, Stopping threads took: 0.0002086 seconds
[2024-05-17T09:00:30.813+0000][236.368s][debug][safepoint     ] Safepoint synchronization initiated. (292 threads)
[2024-05-17T09:00:30.813+0000][236.368s][info ][safepoint     ] Application time: 1.0003205 seconds
[2024-05-17T09:00:30.813+0000][236.368s][debug][safepoint     ] ... found polling page return exception at pc = 0x00007faa8c87e388, stub =0x00007faa84824b00
[2024-05-17T09:00:30.813+0000][236.368s][debug][safepoint     ] Waiting for 1 thread(s) to block
[2024-05-17T09:00:30.813+0000][236.368s][info ][safepoint     ] Entering safepoint region: Cleanup
[2024-05-17T09:00:30.814+0000][236.369s][info ][safepoint     ] Leaving safepoint region
[2024-05-17T09:00:30.814+0000][236.369s][info ][safepoint     ] Total time for which application threads were stopped: 0.0008938 seconds, Stopping threads took: 0.0003488 seconds
[2024-05-17T09:00:31.814+0000][237.369s][debug][safepoint     ] Safepoint synchronization initiated. (292 threads)
[2024-05-17T09:00:31.814+0000][237.369s][info ][safepoint     ] Application time: 1.0002241 seconds
[2024-05-17T09:00:31.814+0000][237.369s][info ][safepoint     ] Entering safepoint region: Cleanup
[2024-05-17T09:00:31.815+0000][237.369s][info ][safepoint     ] Leaving safepoint region
[2024-05-17T09:00:31.815+0000][237.370s][info ][safepoint     ] Total time for which application threads were stopped: 0.0006083 seconds, Stopping threads took: 0.0001810 seconds
[2024-05-17T09:00:32.815+0000][238.370s][debug][safepoint     ] Safepoint synchronization initiated. (292 threads)
[2024-05-17T09:00:32.815+0000][238.370s][info ][safepoint     ] Application time: 1.0002478 seconds
[2024-05-17T09:00:32.815+0000][238.370s][info ][safepoint     ] Entering safepoint region: Cleanup
[2024-05-17T09:00:32.816+0000][238.371s][info ][safepoint     ] Leaving safepoint region
[2024-05-17T09:00:32.816+0000][238.371s][info ][safepoint     ] Total time for which application threads were stopped: 0.0007908 seconds, Stopping threads took: 0.0002397 seconds
[2024-05-17T09:00:33.001+0000][238.556s][debug][safepoint     ] Safepoint synchronization initiated. (292 threads)
[2024-05-17T09:00:33.001+0000][238.556s][info ][safepoint     ] Application time: 0.1853528 seconds
[2024-05-17T09:00:33.001+0000][238.556s][debug][safepoint     ] ... found polling page return exception at pc = 0x00007faa8c8dcf1f, stub =0x00007faa84824b00
[2024-05-17T09:00:33.001+0000][238.556s][debug][safepoint     ] ... found polling page return exception at pc = 0x00007faa8c2ef401, stub =0x00007faa84824b00
[2024-05-17T09:00:33.002+0000][238.556s][debug][safepoint     ] Waiting for 3 thread(s) to block
[2024-05-17T09:00:33.002+0000][238.556s][info ][safepoint     ] Entering safepoint region: G1CollectForAllocation
[2024-05-17T09:00:33.003+0000][238.557s][info ][gc,start      ] GC(75) Pause Young (Normal) (G1 Evacuation Pause)
[2024-05-17T09:00:33.003+0000][238.557s][info ][gc,task       ] GC(75) Using 4 workers of 4 for evacuation
[2024-05-17T09:00:33.037+0000][238.591s][info ][gc,phases     ] GC(75)   Pre Evacuate Collection Set: 0.4ms
[2024-05-17T09:00:33.037+0000][238.592s][info ][gc,phases     ] GC(75)   Evacuate Collection Set: 24.3ms
[2024-05-17T09:00:33.037+0000][238.592s][info ][gc,phases     ] GC(75)   Post Evacuate Collection Set: 9.2ms
[2024-05-17T09:00:33.037+0000][238.592s][info ][gc,phases     ] GC(75)   Other: 0.8ms
[2024-05-17T09:00:33.037+0000][238.592s][info ][gc,heap       ] GC(75) Eden regions: 160->0(158)
[2024-05-17T09:00:33.037+0000][238.592s][info ][gc,heap       ] GC(75) Survivor regions: 11->12(22)
[2024-05-17T09:00:33.037+0000][238.592s][info ][gc,heap       ] GC(75) Old regions: 163->163
[2024-05-17T09:00:33.037+0000][238.592s][info ][gc,heap       ] GC(75) Humongous regions: 0->0
[2024-05-17T09:00:33.037+0000][238.592s][info ][gc,metaspace  ] GC(75) Metaspace: 180016K(185988K)->180016K(185988K) NonClass: 159362K(163000K)->159362K(163000K) Class: 20654K(22988K)->20654K(22988K)
[2024-05-17T09:00:33.037+0000][238.592s][info ][gc            ] GC(75) Pause Young (Normal) (G1 Evacuation Pause) 331M->172M(384M) 34.537ms
[2024-05-17T09:00:33.037+0000][238.592s][info ][gc,cpu        ] GC(75) User=0.06s Sys=0.02s Real=0.03s
[2024-05-17T09:00:33.037+0000][238.592s][info ][safepoint     ] Leaving safepoint region
[2024-05-17T09:00:33.037+0000][238.592s][info ][safepoint     ] Total time for which application threads were stopped: 0.0359222 seconds, Stopping threads took: 0.0003494 seconds
[2024-05-17T09:00:33.037+0000][238.592s][info ][gc,stringdedup] Concurrent String Deduplication (238.592s)
[2024-05-17T09:00:33.037+0000][238.592s][info ][gc,stringdedup] Concurrent String Deduplication 352.0B->216.0B(136.0B) avg 54.6% (238.592s, 238.592s) 0.065ms
[2024-05-17T09:00:34.037+0000][239.592s][debug][safepoint     ] Safepoint synchronization initiated. (292 threads)
[2024-05-17T09:00:34.038+0000][239.592s][info ][safepoint     ] Application time: 1.0002877 seconds
[2024-05-17T09:00:34.038+0000][239.593s][info ][safepoint     ] Entering safepoint region: Cleanup
[2024-05-17T09:00:34.038+0000][239.593s][info ][safepoint     ] Leaving safepoint region
[2024-05-17T09:00:34.039+0000][239.593s][info ][safepoint     ] Total time for which application threads were stopped: 0.0009301 seconds, Stopping threads took: 0.0003204 seconds
[2024-05-17T09:00:35.039+0000][240.593s][debug][safepoint     ] Safepoint synchronization initiated. (292 threads)
[2024-05-17T09:00:35.039+0000][240.593s][info ][safepoint     ] Application time: 1.0002167 seconds
[2024-05-17T09:00:35.039+0000][240.594s][info ][safepoint     ] Entering safepoint region: Cleanup
[2024-05-17T09:00:35.039+0000][240.594s][info ][safepoint     ] Leaving safepoint region
[2024-05-17T09:00:35.039+0000][240.594s][info ][safepoint     ] Total time for which application threads were stopped: 0.0006155 seconds, Stopping threads took: 0.0001379 seconds
[2024-05-17T09:00:36.040+0000][241.594s][debug][safepoint     ] Safepoint synchronization initiated. (292 threads)
[2024-05-17T09:00:36.040+0000][241.594s][info ][safepoint     ] Application time: 1.0003513 seconds
[2024-05-17T09:00:36.040+0000][241.595s][info ][safepoint     ] Entering safepoint region: Cleanup
[2024-05-17T09:00:36.041+0000][241.595s][info ][safepoint     ] Leaving safepoint region
[2024-05-17T09:00:36.041+0000][241.595s][info ][safepoint     ] Total time for which application threads were stopped: 0.0008325 seconds, Stopping threads took: 0.0002440 seconds
[2024-05-17T09:00:37.041+0000][242.595s][debug][safepoint     ] Safepoint synchronization initiated. (292 threads)
[2024-05-17T09:00:37.041+0000][242.596s][info ][safepoint     ] Application time: 1.0002218 seconds
[2024-05-17T09:00:37.041+0000][242.596s][info ][safepoint     ] Entering safepoint region: Cleanup
[2024-05-17T09:00:37.042+0000][242.596s][info ][safepoint     ] Leaving safepoint region
[2024-05-17T09:00:37.042+0000][242.596s][info ][safepoint     ] Total time for which application threads were stopped: 0.0007251 seconds, Stopping threads took: 0.0001581 seconds
[2024-05-17T09:00:38.042+0000][243.596s][debug][safepoint     ] Safepoint synchronization initiated. (291 threads)
[2024-05-17T09:00:38.042+0000][243.596s][info ][safepoint     ] Application time: 1.0002261 seconds
[2024-05-17T09:00:38.042+0000][243.597s][info ][safepoint     ] Entering safepoint region: Cleanup
[2024-05-17T09:00:38.043+0000][243.597s][info ][safepoint     ] Leaving safepoint region
[2024-05-17T09:00:38.043+0000][243.597s][info ][safepoint     ] Total time for which application threads were stopped: 0.0009009 seconds, Stopping threads took: 0.0002840 seconds
[2024-05-17T09:00:38.043+0000][243.597s][debug][safepoint     ] ... found polling page return exception at pc = 0x00007faa8ce45156, stub =0x00007faa84824b00
[2024-05-17T09:00:38.043+0000][243.597s][debug][safepoint     ] ... found polling page return exception at pc = 0x00007faa8ce45156, stub =0x00007faa84824b00
[2024-05-17T09:00:39.043+0000][244.598s][debug][safepoint     ] Safepoint synchronization initiated. (290 threads)
[2024-05-17T09:00:39.043+0000][244.598s][info ][safepoint     ] Application time: 1.0002179 seconds
[2024-05-17T09:00:39.043+0000][244.598s][info ][safepoint     ] Entering safepoint region: Cleanup
[2024-05-17T09:00:39.047+0000][244.602s][info ][safepoint     ] Leaving safepoint region
[2024-05-17T09:00:39.047+0000][244.602s][info ][safepoint     ] Total time for which application threads were stopped: 0.0043821 seconds, Stopping threads took: 0.0038932 seconds
[2024-05-17T09:00:40.048+0000][245.602s][debug][safepoint     ] Safepoint synchronization initiated. (290 threads)
[2024-05-17T09:00:40.048+0000][245.602s][info ][safepoint     ] Application time: 1.0002413 seconds
[2024-05-17T09:00:40.048+0000][245.603s][info ][safepoint     ] Entering safepoint region: Cleanup
[2024-05-17T09:00:40.049+0000][245.603s][info ][safepoint     ] Leaving safepoint region
[2024-05-17T09:00:40.049+0000][245.603s][info ][safepoint     ] Total time for which application threads were stopped: 0.0009156 seconds, Stopping threads took: 0.0002660 seconds
[2024-05-17T09:00:41.049+0000][246.603s][debug][safepoint     ] Safepoint synchronization initiated. (290 threads)
[2024-05-17T09:00:41.049+0000][246.604s][info ][safepoint     ] Application time: 1.0002007 seconds
[2024-05-17T09:00:41.049+0000][246.604s][info ][safepoint     ] Entering safepoint region: Cleanup
[2024-05-17T09:00:41.050+0000][246.604s][info ][safepoint     ] Leaving safepoint region
[2024-05-17T09:00:41.050+0000][246.604s][info ][safepoint     ] Total time for which application threads were stopped: 0.0006779 seconds, Stopping threads took: 0.0002082 seconds
[2024-05-17T09:00:42.050+0000][247.604s][debug][safepoint     ] Safepoint synchronization initiated. (290 threads)
[2024-05-17T09:00:42.050+0000][247.604s][info ][safepoint     ] Application time: 1.0002480 seconds
[2024-05-17T09:00:42.050+0000][247.605s][info ][safepoint     ] Entering safepoint region: Cleanup
[2024-05-17T09:00:42.051+0000][247.605s][info ][safepoint     ] Leaving safepoint region
[2024-05-17T09:00:42.051+0000][247.605s][info ][safepoint     ] Total time for which application threads were stopped: 0.0008436 seconds, Stopping threads took: 0.0002327 seconds
[2024-05-17T09:00:43.051+0000][248.606s][debug][safepoint     ] Safepoint synchronization initiated. (290 threads)
[2024-05-17T09:00:43.051+0000][248.606s][info ][safepoint     ] Application time: 1.0002128 seconds
[2024-05-17T09:00:43.051+0000][248.606s][info ][safepoint     ] Entering safepoint region: Cleanup
[2024-05-17T09:00:43.052+0000][248.606s][info ][safepoint     ] Leaving safepoint region
[2024-05-17T09:00:43.052+0000][248.606s][info ][safepoint     ] Total time for which application threads were stopped: 0.0006095 seconds, Stopping threads took: 0.0001661 seconds
[2024-05-17T09:00:44.052+0000][249.607s][debug][safepoint     ] Safepoint synchronization initiated. (290 threads)
[2024-05-17T09:00:44.052+0000][249.607s][info ][safepoint     ] Application time: 1.0004578 seconds
[2024-05-17T09:00:44.052+0000][249.607s][debug][safepoint     ] ... found polling page return exception at pc = 0x00007faa8c5180ef, stub =0x00007faa84824b00
[2024-05-17T09:00:44.053+0000][249.607s][debug][safepoint     ] Waiting for 1 thread(s) to block
[2024-05-17T09:00:44.053+0000][249.607s][info ][safepoint     ] Entering safepoint region: Cleanup
[2024-05-17T09:00:44.053+0000][249.608s][info ][safepoint     ] Leaving safepoint region
[2024-05-17T09:00:44.053+0000][249.608s][info ][safepoint     ] Total time for which application threads were stopped: 0.0010020 seconds, Stopping threads took: 0.0006022 seconds
[2024-05-17T09:00:45.053+0000][250.608s][debug][safepoint     ] Safepoint synchronization initiated. (290 threads)
[2024-05-17T09:00:45.053+0000][250.608s][info ][safepoint     ] Application time: 1.0002565 seconds
[2024-05-17T09:00:45.054+0000][250.608s][info ][safepoint     ] Entering safepoint region: Cleanup
[2024-05-17T09:00:45.054+0000][250.609s][info ][safepoint     ] Leaving safepoint region
[2024-05-17T09:00:45.054+0000][250.609s][info ][safepoint     ] Total time for which application threads were stopped: 0.0009591 seconds, Stopping threads took: 0.0004158 seconds
[2024-05-17T09:00:46.055+0000][251.609s][debug][safepoint     ] Safepoint synchronization initiated. (290 threads)
[2024-05-17T09:00:46.055+0000][251.609s][info ][safepoint     ] Application time: 1.0003670 seconds
[2024-05-17T09:00:46.055+0000][251.610s][info ][safepoint     ] Entering safepoint region: Cleanup
[2024-05-17T09:00:46.056+0000][251.610s][info ][safepoint     ] Leaving safepoint region
[2024-05-17T09:00:46.056+0000][251.610s][info ][safepoint     ] Total time for which application threads were stopped: 0.0010822 seconds, Stopping threads took: 0.0003956 seconds
[2024-05-17T09:00:47.056+0000][252.611s][debug][safepoint     ] Safepoint synchronization initiated. (290 threads)
[2024-05-17T09:00:47.056+0000][252.611s][info ][safepoint     ] Application time: 1.0003074 seconds
[2024-05-17T09:00:47.056+0000][252.611s][info ][safepoint     ] Entering safepoint region: Cleanup
[2024-05-17T09:00:47.057+0000][252.612s][info ][safepoint     ] Leaving safepoint region
[2024-05-17T09:00:47.057+0000][252.612s][info ][safepoint     ] Total time for which application threads were stopped: 0.0010271 seconds, Stopping threads took: 0.0002547 seconds
[2024-05-17T09:00:48.057+0000][253.612s][debug][safepoint     ] Safepoint synchronization initiated. (290 threads)
[2024-05-17T09:00:48.058+0000][253.612s][info ][safepoint     ] Application time: 1.0003352 seconds
[2024-05-17T09:00:48.058+0000][253.613s][info ][safepoint     ] Entering safepoint region: Cleanup
[2024-05-17T09:00:48.059+0000][253.613s][info ][safepoint     ] Leaving safepoint region
[2024-05-17T09:00:48.059+0000][253.613s][info ][safepoint     ] Total time for which application threads were stopped: 0.0010239 seconds, Stopping threads took: 0.0003063 seconds
[2024-05-17T09:00:49.059+0000][254.613s][debug][safepoint     ] Safepoint synchronization initiated. (290 threads)
[2024-05-17T09:00:49.063+0000][254.618s][info ][safepoint     ] Application time: 1.0045598 seconds
[2024-05-17T09:00:49.064+0000][254.618s][info ][safepoint     ] Entering safepoint region: Cleanup
[2024-05-17T09:00:49.064+0000][254.619s][info ][safepoint     ] Leaving safepoint region
[2024-05-17T09:00:49.064+0000][254.619s][info ][safepoint     ] Total time for which application threads were stopped: 0.0007975 seconds, Stopping threads took: 0.0002331 seconds
[2024-05-17T09:00:50.064+0000][255.619s][debug][safepoint     ] Safepoint synchronization initiated. (290 threads)
[2024-05-17T09:00:50.064+0000][255.619s][info ][safepoint     ] Application time: 1.0002941 seconds
[2024-05-17T09:00:50.065+0000][255.620s][info ][safepoint     ] Entering safepoint region: Cleanup
[2024-05-17T09:00:50.066+0000][255.620s][info ][safepoint     ] Leaving safepoint region
[2024-05-17T09:00:50.066+0000][255.620s][info ][safepoint     ] Total time for which application threads were stopped: 0.0012280 seconds, Stopping threads took: 0.0004963 seconds
[2024-05-17T09:00:51.066+0000][256.621s][debug][safepoint     ] Safepoint synchronization initiated. (290 threads)
[2024-05-17T09:00:51.066+0000][256.621s][info ][safepoint     ] Application time: 1.0002018 seconds
[2024-05-17T09:00:51.066+0000][256.621s][info ][safepoint     ] Entering safepoint region: Cleanup
[2024-05-17T09:00:51.067+0000][256.621s][info ][safepoint     ] Leaving safepoint region
[2024-05-17T09:00:51.067+0000][256.622s][info ][safepoint     ] Total time for which application threads were stopped: 0.0009157 seconds, Stopping threads took: 0.0002474 seconds
[2024-05-17T09:00:52.067+0000][257.622s][debug][safepoint     ] Safepoint synchronization initiated. (290 threads)
[2024-05-17T09:00:52.067+0000][257.622s][info ][safepoint     ] Application time: 1.0002305 seconds
[2024-05-17T09:00:52.067+0000][257.622s][debug][safepoint     ] ... found polling page return exception at pc = 0x00007faa8cee5c7b, stub =0x00007faa84824b00
[2024-05-17T09:00:52.067+0000][257.622s][debug][safepoint     ] Waiting for 1 thread(s) to block
[2024-05-17T09:00:52.068+0000][257.622s][info ][safepoint     ] Entering safepoint region: Cleanup
[2024-05-17T09:00:52.068+0000][257.623s][info ][safepoint     ] Leaving safepoint region
[2024-05-17T09:00:52.068+0000][257.623s][info ][safepoint     ] Total time for which application threads were stopped: 0.0010514 seconds, Stopping threads took: 0.0005128 seconds
[2024-05-17T09:00:53.068+0000][258.623s][debug][safepoint     ] Safepoint synchronization initiated. (290 threads)
[2024-05-17T09:00:53.069+0000][258.623s][info ][safepoint     ] Application time: 1.0003695 seconds
[2024-05-17T09:00:53.069+0000][258.624s][info ][safepoint     ] Entering safepoint region: Cleanup
[2024-05-17T09:00:53.070+0000][258.624s][info ][safepoint     ] Leaving safepoint region
[2024-05-17T09:00:53.070+0000][258.624s][info ][safepoint     ] Total time for which application threads were stopped: 0.0010787 seconds, Stopping threads took: 0.0003544 seconds
[2024-05-17T09:00:54.070+0000][259.625s][debug][safepoint     ] Safepoint synchronization initiated. (290 threads)
[2024-05-17T09:00:54.070+0000][259.625s][info ][safepoint     ] Application time: 1.0002460 seconds
[2024-05-17T09:00:54.070+0000][259.625s][debug][safepoint     ] ... found polling page return exception at pc = 0x00007faa8c8d3344, stub =0x00007faa84824b00
[2024-05-17T09:00:54.071+0000][259.625s][debug][safepoint     ] Waiting for 1 thread(s) to block
[2024-05-17T09:00:54.071+0000][259.626s][info ][safepoint     ] Entering safepoint region: Cleanup
[2024-05-17T09:00:54.072+0000][259.627s][info ][safepoint     ] Leaving safepoint region
[2024-05-17T09:00:54.072+0000][259.627s][debug][safepoint     ] ... found polling page return exception at pc = 0x00007faa8ce45156, stub =0x00007faa84824b00
[2024-05-17T09:00:54.072+0000][259.627s][info ][safepoint     ] Total time for which application threads were stopped: 0.0020954 seconds, Stopping threads took: 0.0011688 seconds
[2024-05-17T09:00:55.072+0000][260.627s][debug][safepoint     ] Safepoint synchronization initiated. (290 threads)
[2024-05-17T09:00:55.073+0000][260.627s][info ][safepoint     ] Application time: 1.0003058 seconds
[2024-05-17T09:00:55.073+0000][260.628s][info ][safepoint     ] Entering safepoint region: Cleanup
[2024-05-17T09:00:55.074+0000][260.628s][info ][safepoint     ] Leaving safepoint region
[2024-05-17T09:00:55.074+0000][260.628s][info ][safepoint     ] Total time for which application threads were stopped: 0.0013078 seconds, Stopping threads took: 0.0006808 seconds
[2024-05-17T09:00:55.887+0000][261.442s][debug][safepoint     ] Safepoint synchronization initiated. (290 threads)
[2024-05-17T09:00:55.887+0000][261.442s][info ][safepoint     ] Application time: 0.8133379 seconds
[2024-05-17T09:00:55.887+0000][261.442s][info ][safepoint     ] Entering safepoint region: G1CollectForAllocation
[2024-05-17T09:00:55.888+0000][261.443s][info ][gc,start      ] GC(76) Pause Young (Normal) (G1 Evacuation Pause)
[2024-05-17T09:00:55.888+0000][261.443s][info ][gc,task       ] GC(76) Using 4 workers of 4 for evacuation
[2024-05-17T09:00:55.928+0000][261.483s][info ][gc,phases     ] GC(76)   Pre Evacuate Collection Set: 0.1ms
[2024-05-17T09:00:55.928+0000][261.483s][info ][gc,phases     ] GC(76)   Evacuate Collection Set: 24.2ms
[2024-05-17T09:00:55.928+0000][261.483s][info ][gc,phases     ] GC(76)   Post Evacuate Collection Set: 14.9ms
[2024-05-17T09:00:55.928+0000][261.483s][info ][gc,phases     ] GC(76)   Other: 0.9ms
[2024-05-17T09:00:55.928+0000][261.483s][info ][gc,heap       ] GC(76) Eden regions: 158->0(158)
[2024-05-17T09:00:55.928+0000][261.483s][info ][gc,heap       ] GC(76) Survivor regions: 12->12(22)
[2024-05-17T09:00:55.928+0000][261.483s][info ][gc,heap       ] GC(76) Old regions: 163->163
[2024-05-17T09:00:55.928+0000][261.483s][info ][gc,heap       ] GC(76) Humongous regions: 0->0
[2024-05-17T09:00:55.928+0000][261.483s][info ][gc,metaspace  ] GC(76) Metaspace: 180350K(186244K)->180350K(186244K) NonClass: 159686K(163256K)->159686K(163256K) Class: 20663K(22988K)->20663K(22988K)
[2024-05-17T09:00:55.928+0000][261.483s][info ][gc            ] GC(76) Pause Young (Normal) (G1 Evacuation Pause) 330M->172M(384M) 40.110ms
[2024-05-17T09:00:55.929+0000][261.483s][info ][gc,cpu        ] GC(76) User=0.12s Sys=0.00s Real=0.04s
[2024-05-17T09:00:55.929+0000][261.483s][info ][safepoint     ] Leaving safepoint region
[2024-05-17T09:00:55.929+0000][261.483s][info ][safepoint     ] Total time for which application threads were stopped: 0.0414570 seconds, Stopping threads took: 0.0002824 seconds
[2024-05-17T09:00:55.929+0000][261.483s][info ][gc,stringdedup] Concurrent String Deduplication (261.483s)
[2024-05-17T09:00:55.929+0000][261.484s][info ][gc,stringdedup] Concurrent String Deduplication 1736.0B->1192.0B(544.0B) avg 54.6% (261.483s, 261.484s) 0.160ms
[2024-05-17T09:00:56.929+0000][262.484s][debug][safepoint     ] Safepoint synchronization initiated. (290 threads)
[2024-05-17T09:00:56.929+0000][262.484s][info ][safepoint     ] Application time: 1.0003653 seconds
[2024-05-17T09:00:56.929+0000][262.484s][info ][safepoint     ] Entering safepoint region: Cleanup
[2024-05-17T09:00:56.930+0000][262.485s][info ][safepoint     ] Leaving safepoint region
[2024-05-17T09:00:56.930+0000][262.485s][info ][safepoint     ] Total time for which application threads were stopped: 0.0011433 seconds, Stopping threads took: 0.0003335 seconds
[2024-05-17T09:00:57.931+0000][263.485s][debug][safepoint     ] Safepoint synchronization initiated. (290 threads)
[2024-05-17T09:00:57.931+0000][263.485s][info ][safepoint     ] Application time: 1.0004181 seconds
[2024-05-17T09:00:57.931+0000][263.486s][info ][safepoint     ] Entering safepoint region: Cleanup
[2024-05-17T09:00:57.932+0000][263.486s][info ][safepoint     ] Leaving safepoint region
[2024-05-17T09:00:57.932+0000][263.486s][info ][safepoint     ] Total time for which application threads were stopped: 0.0010627 seconds, Stopping threads took: 0.0002682 seconds
[2024-05-17T09:00:58.932+0000][264.487s][debug][safepoint     ] Safepoint synchronization initiated. (290 threads)
[2024-05-17T09:00:58.932+0000][264.487s][info ][safepoint     ] Application time: 1.0003655 seconds
[2024-05-17T09:00:58.933+0000][264.487s][info ][safepoint     ] Entering safepoint region: Cleanup
[2024-05-17T09:00:58.933+0000][264.488s][info ][safepoint     ] Leaving safepoint region
[2024-05-17T09:00:58.933+0000][264.488s][info ][safepoint     ] Total time for which application threads were stopped: 0.0010428 seconds, Stopping threads took: 0.0003992 seconds
[2024-05-17T09:00:59.934+0000][265.488s][debug][safepoint     ] Safepoint synchronization initiated. (290 threads)
[2024-05-17T09:00:59.934+0000][265.489s][info ][safepoint     ] Application time: 1.0006007 seconds
[2024-05-17T09:00:59.934+0000][265.489s][info ][safepoint     ] Entering safepoint region: Cleanup
[2024-05-17T09:00:59.935+0000][265.490s][info ][safepoint     ] Leaving safepoint region
[2024-05-17T09:00:59.935+0000][265.490s][info ][safepoint     ] Total time for which application threads were stopped: 0.0015287 seconds, Stopping threads took: 0.0005656 seconds
[2024-05-17T09:01:00.936+0000][266.490s][debug][safepoint     ] Safepoint synchronization initiated. (290 threads)
[2024-05-17T09:01:00.936+0000][266.490s][info ][safepoint     ] Application time: 1.0003446 seconds
[2024-05-17T09:01:00.936+0000][266.491s][info ][safepoint     ] Entering safepoint region: Cleanup
[2024-05-17T09:01:00.937+0000][266.491s][info ][safepoint     ] Leaving safepoint region
[2024-05-17T09:01:00.937+0000][266.491s][info ][safepoint     ] Total time for which application threads were stopped: 0.0009856 seconds, Stopping threads took: 0.0002731 seconds
[2024-05-17T09:01:01.937+0000][267.492s][debug][safepoint     ] Safepoint synchronization initiated. (290 threads)
[2024-05-17T09:01:01.937+0000][267.492s][info ][safepoint     ] Application time: 1.0005293 seconds
[2024-05-17T09:01:01.938+0000][267.492s][debug][safepoint     ] ... found polling page return exception at pc = 0x00007faa8ce62369, stub =0x00007faa84824b00
[2024-05-17T09:01:01.938+0000][267.492s][debug][safepoint     ] Waiting for 1 thread(s) to block
[2024-05-17T09:01:01.938+0000][267.492s][info ][safepoint     ] Entering safepoint region: Cleanup
[2024-05-17T09:01:01.938+0000][267.493s][info ][safepoint     ] Leaving safepoint region
[2024-05-17T09:01:01.939+0000][267.493s][info ][safepoint     ] Total time for which application threads were stopped: 0.0010856 seconds, Stopping threads took: 0.0004788 seconds
[2024-05-17T09:01:02.939+0000][268.494s][debug][safepoint     ] Safepoint synchronization initiated. (290 threads)
[2024-05-17T09:01:02.939+0000][268.494s][info ][safepoint     ] Application time: 1.0006913 seconds
[2024-05-17T09:01:02.939+0000][268.494s][debug][safepoint     ] ... found polling page return exception at pc = 0x00007faa85a410b0, stub =0x00007faa84824b00
[2024-05-17T09:01:02.939+0000][268.494s][debug][safepoint     ] ... found polling page return exception at pc = 0x00007faa8cacc872, stub =0x00007faa84824b00
[2024-05-17T09:01:02.940+0000][268.494s][debug][safepoint     ] Waiting for 3 thread(s) to block
[2024-05-17T09:01:02.941+0000][268.495s][info ][safepoint     ] Entering safepoint region: Cleanup
[2024-05-17T09:01:02.941+0000][268.496s][info ][safepoint     ] Leaving safepoint region
[2024-05-17T09:01:02.941+0000][268.496s][info ][safepoint     ] Total time for which application threads were stopped: 0.0019607 seconds, Stopping threads took: 0.0013917 seconds
[2024-05-17T09:01:03.941+0000][269.496s][debug][safepoint     ] Safepoint synchronization initiated. (290 threads)
[2024-05-17T09:01:03.941+0000][269.496s][info ][safepoint     ] Application time: 1.0001710 seconds
[2024-05-17T09:01:03.942+0000][269.496s][debug][safepoint     ] ... found polling page return exception at pc = 0x00007faa8ce772e4, stub =0x00007faa84824b00
[2024-05-17T09:01:03.942+0000][269.496s][debug][safepoint     ] Waiting for 1 thread(s) to block
[2024-05-17T09:01:03.942+0000][269.496s][info ][safepoint     ] Entering safepoint region: Cleanup
[2024-05-17T09:01:03.942+0000][269.497s][info ][safepoint     ] Leaving safepoint region
[2024-05-17T09:01:03.942+0000][269.497s][info ][safepoint     ] Total time for which application threads were stopped: 0.0011012 seconds, Stopping threads took: 0.0005070 seconds
[2024-05-17T09:01:04.943+0000][270.497s][debug][safepoint     ] Safepoint synchronization initiated. (290 threads)
[2024-05-17T09:01:04.943+0000][270.497s][info ][safepoint     ] Application time: 1.0002503 seconds
[2024-05-17T09:01:04.943+0000][270.498s][info ][safepoint     ] Entering safepoint region: Cleanup
[2024-05-17T09:01:04.944+0000][270.498s][info ][safepoint     ] Leaving safepoint region
[2024-05-17T09:01:04.944+0000][270.498s][info ][safepoint     ] Total time for which application threads were stopped: 0.0007678 seconds, Stopping threads took: 0.0002073 seconds
[2024-05-17T09:01:05.944+0000][271.498s][debug][safepoint     ] Safepoint synchronization initiated. (290 threads)
[2024-05-17T09:01:05.944+0000][271.498s][info ][safepoint     ] Application time: 1.0002214 seconds
[2024-05-17T09:01:05.944+0000][271.499s][info ][safepoint     ] Entering safepoint region: Cleanup
[2024-05-17T09:01:05.945+0000][271.499s][info ][safepoint     ] Leaving safepoint region
[2024-05-17T09:01:05.945+0000][271.499s][info ][safepoint     ] Total time for which application threads were stopped: 0.0010027 seconds, Stopping threads took: 0.0002935 seconds
[2024-05-17T09:01:06.945+0000][272.500s][debug][safepoint     ] Safepoint synchronization initiated. (290 threads)
[2024-05-17T09:01:06.945+0000][272.500s][info ][safepoint     ] Application time: 1.0003763 seconds
[2024-05-17T09:01:06.945+0000][272.500s][info ][safepoint     ] Entering safepoint region: Cleanup
[2024-05-17T09:01:06.946+0000][272.501s][info ][safepoint     ] Leaving safepoint region
[2024-05-17T09:01:06.946+0000][272.501s][info ][safepoint     ] Total time for which application threads were stopped: 0.0009255 seconds, Stopping threads took: 0.0002312 seconds
[2024-05-17T09:01:07.946+0000][273.501s][debug][safepoint     ] Safepoint synchronization initiated. (290 threads)
[2024-05-17T09:01:07.946+0000][273.501s][info ][safepoint     ] Application time: 1.0001774 seconds
[2024-05-17T09:01:07.947+0000][273.501s][info ][safepoint     ] Entering safepoint region: Cleanup
[2024-05-17T09:01:07.947+0000][273.502s][info ][safepoint     ] Leaving safepoint region
[2024-05-17T09:01:07.947+0000][273.502s][info ][safepoint     ] Total time for which application threads were stopped: 0.0007806 seconds, Stopping threads took: 0.0001826 seconds
[2024-05-17T09:01:08.917+0000][274.472s][debug][safepoint     ] Safepoint synchronization initiated. (290 threads)
[2024-05-17T09:01:08.917+0000][274.472s][info ][safepoint     ] Application time: 0.9698928 seconds
[2024-05-17T09:01:08.917+0000][274.472s][debug][safepoint     ] Waiting for 1 thread(s) to block
[2024-05-17T09:01:08.918+0000][274.472s][info ][safepoint     ] Entering safepoint region: ICBufferFull
[2024-05-17T09:01:08.919+0000][274.473s][info ][safepoint     ] Leaving safepoint region
[2024-05-17T09:01:08.919+0000][274.473s][info ][safepoint     ] Total time for which application threads were stopped: 0.0014233 seconds, Stopping threads took: 0.0005464 seconds
[2024-05-17T09:01:09.919+0000][275.473s][debug][safepoint     ] Safepoint synchronization initiated. (290 threads)
[2024-05-17T09:01:09.919+0000][275.473s][info ][safepoint     ] Application time: 1.0002396 seconds
[2024-05-17T09:01:09.919+0000][275.474s][info ][safepoint     ] Entering safepoint region: Cleanup
[2024-05-17T09:01:09.920+0000][275.475s][info ][safepoint     ] Leaving safepoint region
[2024-05-17T09:01:09.920+0000][275.475s][info ][safepoint     ] Total time for which application threads were stopped: 0.0010559 seconds, Stopping threads took: 0.0002440 seconds
[2024-05-17T09:01:10.920+0000][276.475s][debug][safepoint     ] Safepoint synchronization initiated. (290 threads)
[2024-05-17T09:01:10.920+0000][276.475s][info ][safepoint     ] Application time: 1.0003076 seconds
[2024-05-17T09:01:10.921+0000][276.475s][info ][safepoint     ] Entering safepoint region: Cleanup
[2024-05-17T09:01:10.921+0000][276.476s][info ][safepoint     ] Leaving safepoint region
[2024-05-17T09:01:10.921+0000][276.476s][info ][safepoint     ] Total time for which application threads were stopped: 0.0008293 seconds, Stopping threads took: 0.0002754 seconds
[2024-05-17T09:01:11.921+0000][277.476s][debug][safepoint     ] Safepoint synchronization initiated. (290 threads)
[2024-05-17T09:01:11.921+0000][277.476s][info ][safepoint     ] Application time: 1.0002659 seconds
[2024-05-17T09:01:11.922+0000][277.476s][info ][safepoint     ] Entering safepoint region: Cleanup
[2024-05-17T09:01:11.923+0000][277.477s][info ][safepoint     ] Leaving safepoint region
[2024-05-17T09:01:11.923+0000][277.477s][info ][safepoint     ] Total time for which application threads were stopped: 0.0013551 seconds, Stopping threads took: 0.0003925 seconds
[2024-05-17T09:01:12.923+0000][278.478s][debug][safepoint     ] Safepoint synchronization initiated. (290 threads)
[2024-05-17T09:01:12.923+0000][278.478s][info ][safepoint     ] Application time: 1.0002363 seconds
[2024-05-17T09:01:12.923+0000][278.478s][info ][safepoint     ] Entering safepoint region: Cleanup
[2024-05-17T09:01:12.924+0000][278.479s][info ][safepoint     ] Leaving safepoint region
[2024-05-17T09:01:12.924+0000][278.479s][info ][safepoint     ] Total time for which application threads were stopped: 0.0008784 seconds, Stopping threads took: 0.0001908 seconds
[2024-05-17T09:01:13.924+0000][279.479s][debug][safepoint     ] Safepoint synchronization initiated. (290 threads)
[2024-05-17T09:01:13.924+0000][279.479s][info ][safepoint     ] Application time: 1.0002570 seconds
[2024-05-17T09:01:13.924+0000][279.479s][info ][safepoint     ] Entering safepoint region: Cleanup
[2024-05-17T09:01:13.925+0000][279.480s][info ][safepoint     ] Leaving safepoint region
[2024-05-17T09:01:13.925+0000][279.480s][info ][safepoint     ] Total time for which application threads were stopped: 0.0008124 seconds, Stopping threads took: 0.0002309 seconds
[2024-05-17T09:01:14.925+0000][280.480s][debug][safepoint     ] Safepoint synchronization initiated. (290 threads)
[2024-05-17T09:01:14.925+0000][280.480s][info ][safepoint     ] Application time: 1.0002398 seconds
[2024-05-17T09:01:14.926+0000][280.480s][info ][safepoint     ] Entering safepoint region: Cleanup
[2024-05-17T09:01:14.926+0000][280.481s][info ][safepoint     ] Leaving safepoint region
[2024-05-17T09:01:14.926+0000][280.481s][info ][safepoint     ] Total time for which application threads were stopped: 0.0009158 seconds, Stopping threads took: 0.0003645 seconds
[2024-05-17T09:01:15.926+0000][281.481s][debug][safepoint     ] Safepoint synchronization initiated. (290 threads)
[2024-05-17T09:01:15.927+0000][281.481s][info ][safepoint     ] Application time: 1.0002857 seconds
[2024-05-17T09:01:15.927+0000][281.481s][info ][safepoint     ] Entering safepoint region: Cleanup
[2024-05-17T09:01:15.927+0000][281.482s][info ][safepoint     ] Leaving safepoint region
[2024-05-17T09:01:15.927+0000][281.482s][info ][safepoint     ] Total time for which application threads were stopped: 0.0008529 seconds, Stopping threads took: 0.0002389 seconds
[2024-05-17T09:01:16.928+0000][282.482s][debug][safepoint     ] Safepoint synchronization initiated. (290 threads)
[2024-05-17T09:01:16.928+0000][282.482s][info ][safepoint     ] Application time: 1.0002584 seconds
[2024-05-17T09:01:16.928+0000][282.483s][debug][safepoint     ] ... found polling page return exception at pc = 0x00007faa8cef00fa, stub =0x00007faa84824b00
[2024-05-17T09:01:16.928+0000][282.483s][debug][safepoint     ] Waiting for 1 thread(s) to block
[2024-05-17T09:01:16.928+0000][282.483s][info ][safepoint     ] Entering safepoint region: Cleanup
[2024-05-17T09:01:16.929+0000][282.484s][info ][safepoint     ] Leaving safepoint region
[2024-05-17T09:01:16.929+0000][282.484s][info ][safepoint     ] Total time for which application threads were stopped: 0.0012266 seconds, Stopping threads took: 0.0004706 seconds
[2024-05-17T09:01:17.929+0000][283.484s][debug][safepoint     ] Safepoint synchronization initiated. (290 threads)
[2024-05-17T09:01:17.929+0000][283.484s][info ][safepoint     ] Application time: 1.0002215 seconds
[2024-05-17T09:01:17.929+0000][283.484s][info ][safepoint     ] Entering safepoint region: Cleanup
[2024-05-17T09:01:17.930+0000][283.485s][info ][safepoint     ] Leaving safepoint region
[2024-05-17T09:01:17.930+0000][283.485s][info ][safepoint     ] Total time for which application threads were stopped: 0.0008012 seconds, Stopping threads took: 0.0002331 seconds
[2024-05-17T09:01:18.930+0000][284.485s][debug][safepoint     ] Safepoint synchronization initiated. (290 threads)
[2024-05-17T09:01:18.930+0000][284.485s][info ][safepoint     ] Application time: 1.0001956 seconds
[2024-05-17T09:01:18.931+0000][284.485s][info ][safepoint     ] Entering safepoint region: Cleanup
[2024-05-17T09:01:18.931+0000][284.486s][info ][safepoint     ] Leaving safepoint region
[2024-05-17T09:01:18.931+0000][284.486s][info ][safepoint     ] Total time for which application threads were stopped: 0.0006603 seconds, Stopping threads took: 0.0001989 seconds
[2024-05-17T09:01:19.676+0000][285.231s][debug][safepoint     ] Safepoint synchronization initiated. (290 threads)
[2024-05-17T09:01:19.677+0000][285.231s][info ][safepoint     ] Application time: 0.7455379 seconds
[2024-05-17T09:01:19.677+0000][285.231s][info ][safepoint     ] Entering safepoint region: G1CollectForAllocation
[2024-05-17T09:01:19.678+0000][285.232s][info ][gc,start      ] GC(77) Pause Young (Normal) (G1 Evacuation Pause)
[2024-05-17T09:01:19.678+0000][285.232s][info ][gc,task       ] GC(77) Using 4 workers of 4 for evacuation
[2024-05-17T09:01:19.704+0000][285.259s][info ][gc,phases     ] GC(77)   Pre Evacuate Collection Set: 0.3ms
[2024-05-17T09:01:19.704+0000][285.259s][info ][gc,phases     ] GC(77)   Evacuate Collection Set: 18.8ms
[2024-05-17T09:01:19.704+0000][285.259s][info ][gc,phases     ] GC(77)   Post Evacuate Collection Set: 6.7ms
[2024-05-17T09:01:19.704+0000][285.259s][info ][gc,phases     ] GC(77)   Other: 1.1ms
[2024-05-17T09:01:19.704+0000][285.259s][info ][gc,heap       ] GC(77) Eden regions: 158->0(158)
[2024-05-17T09:01:19.704+0000][285.259s][info ][gc,heap       ] GC(77) Survivor regions: 12->12(22)
[2024-05-17T09:01:19.704+0000][285.259s][info ][gc,heap       ] GC(77) Old regions: 163->163
[2024-05-17T09:01:19.704+0000][285.259s][info ][gc,heap       ] GC(77) Humongous regions: 0->0
[2024-05-17T09:01:19.704+0000][285.259s][info ][gc,metaspace  ] GC(77) Metaspace: 180631K(186500K)->180631K(186500K) NonClass: 159967K(163512K)->159967K(163512K) Class: 20664K(22988K)->20664K(22988K)
[2024-05-17T09:01:19.705+0000][285.259s][info ][gc            ] GC(77) Pause Young (Normal) (G1 Evacuation Pause) 330M->172M(384M) 26.850ms
[2024-05-17T09:01:19.705+0000][285.259s][info ][gc,cpu        ] GC(77) User=0.07s Sys=0.00s Real=0.03s
[2024-05-17T09:01:19.705+0000][285.259s][info ][safepoint     ] Leaving safepoint region
[2024-05-17T09:01:19.705+0000][285.259s][info ][safepoint     ] Total time for which application threads were stopped: 0.0281199 seconds, Stopping threads took: 0.0002465 seconds
[2024-05-17T09:01:19.705+0000][285.260s][info ][gc,stringdedup] Concurrent String Deduplication (285.259s)
[2024-05-17T09:01:19.705+0000][285.260s][info ][gc,stringdedup] Concurrent String Deduplication 296.0B->176.0B(120.0B) avg 54.6% (285.259s, 285.260s) 0.151ms
[2024-05-17T09:01:20.705+0000][286.260s][debug][safepoint     ] Safepoint synchronization initiated. (290 threads)
[2024-05-17T09:01:20.705+0000][286.260s][info ][safepoint     ] Application time: 1.0002585 seconds
[2024-05-17T09:01:20.705+0000][286.260s][debug][safepoint     ] ... found polling page return exception at pc = 0x00007faa8ca8529d, stub =0x00007faa84824b00
[2024-05-17T09:01:20.705+0000][286.260s][debug][safepoint     ] Waiting for 1 thread(s) to block
[2024-05-17T09:01:20.706+0000][286.260s][info ][safepoint     ] Entering safepoint region: Cleanup
[2024-05-17T09:01:20.706+0000][286.261s][info ][safepoint     ] Leaving safepoint region
[2024-05-17T09:01:20.706+0000][286.261s][info ][safepoint     ] Total time for which application threads were stopped: 0.0012771 seconds, Stopping threads took: 0.0006654 seconds
[2024-05-17T09:01:21.707+0000][287.261s][debug][safepoint     ] Safepoint synchronization initiated. (290 threads)
[2024-05-17T09:01:21.707+0000][287.261s][info ][safepoint     ] Application time: 1.0002236 seconds
[2024-05-17T09:01:21.707+0000][287.261s][info ][safepoint     ] Entering safepoint region: Cleanup
[2024-05-17T09:01:21.707+0000][287.262s][info ][safepoint     ] Leaving safepoint region
[2024-05-17T09:01:21.707+0000][287.262s][info ][safepoint     ] Total time for which application threads were stopped: 0.0007886 seconds, Stopping threads took: 0.0001632 seconds
[2024-05-17T09:01:22.708+0000][288.262s][debug][safepoint     ] Safepoint synchronization initiated. (290 threads)
[2024-05-17T09:01:22.708+0000][288.262s][info ][safepoint     ] Application time: 1.0002568 seconds
[2024-05-17T09:01:22.708+0000][288.262s][info ][safepoint     ] Entering safepoint region: Cleanup
[2024-05-17T09:01:22.708+0000][288.263s][info ][safepoint     ] Leaving safepoint region
[2024-05-17T09:01:22.709+0000][288.263s][info ][safepoint     ] Total time for which application threads were stopped: 0.0008423 seconds, Stopping threads took: 0.0002226 seconds
[2024-05-17T09:01:23.709+0000][289.263s][debug][safepoint     ] Safepoint synchronization initiated. (290 threads)
[2024-05-17T09:01:23.709+0000][289.263s][info ][safepoint     ] Application time: 1.0002355 seconds
[2024-05-17T09:01:23.709+0000][289.264s][info ][safepoint     ] Entering safepoint region: Cleanup
[2024-05-17T09:01:23.709+0000][289.264s][info ][safepoint     ] Leaving safepoint region
[2024-05-17T09:01:23.709+0000][289.264s][info ][safepoint     ] Total time for which application threads were stopped: 0.0006671 seconds, Stopping threads took: 0.0001766 seconds
[2024-05-17T09:01:24.710+0000][290.264s][debug][safepoint     ] Safepoint synchronization initiated. (290 threads)
[2024-05-17T09:01:24.710+0000][290.264s][info ][safepoint     ] Application time: 1.0002309 seconds
[2024-05-17T09:01:24.710+0000][290.265s][info ][safepoint     ] Entering safepoint region: Cleanup
[2024-05-17T09:01:24.711+0000][290.265s][info ][safepoint     ] Leaving safepoint region
[2024-05-17T09:01:24.711+0000][290.265s][info ][safepoint     ] Total time for which application threads were stopped: 0.0007955 seconds, Stopping threads took: 0.0001706 seconds
[2024-05-17T09:01:25.711+0000][291.265s][debug][safepoint     ] Safepoint synchronization initiated. (290 threads)
[2024-05-17T09:01:25.711+0000][291.266s][info ][safepoint     ] Application time: 1.0002844 seconds
[2024-05-17T09:01:25.711+0000][291.266s][info ][safepoint     ] Entering safepoint region: Cleanup
[2024-05-17T09:01:25.712+0000][291.266s][info ][safepoint     ] Leaving safepoint region
[2024-05-17T09:01:25.712+0000][291.266s][info ][safepoint     ] Total time for which application threads were stopped: 0.0007727 seconds, Stopping threads took: 0.0002622 seconds
[2024-05-17T09:01:26.712+0000][292.267s][debug][safepoint     ] Safepoint synchronization initiated. (290 threads)
[2024-05-17T09:01:26.712+0000][292.267s][info ][safepoint     ] Application time: 1.0002410 seconds
[2024-05-17T09:01:26.712+0000][292.267s][info ][safepoint     ] Entering safepoint region: Cleanup
[2024-05-17T09:01:26.713+0000][292.267s][info ][safepoint     ] Leaving safepoint region
[2024-05-17T09:01:26.713+0000][292.267s][info ][safepoint     ] Total time for which application threads were stopped: 0.0006602 seconds, Stopping threads took: 0.0001653 seconds
[2024-05-17T09:01:27.713+0000][293.267s][debug][safepoint     ] Safepoint synchronization initiated. (290 threads)
[2024-05-17T09:01:27.713+0000][293.268s][info ][safepoint     ] Application time: 1.0002131 seconds
[2024-05-17T09:01:27.713+0000][293.268s][info ][safepoint     ] Entering safepoint region: Cleanup
[2024-05-17T09:01:27.714+0000][293.268s][info ][safepoint     ] Leaving safepoint region
[2024-05-17T09:01:27.714+0000][293.268s][info ][safepoint     ] Total time for which application threads were stopped: 0.0009421 seconds, Stopping threads took: 0.0002310 seconds
[2024-05-17T09:01:28.714+0000][294.269s][debug][safepoint     ] Safepoint synchronization initiated. (290 threads)
[2024-05-17T09:01:28.714+0000][294.269s][info ][safepoint     ] Application time: 1.0003360 seconds
[2024-05-17T09:01:28.714+0000][294.269s][info ][safepoint     ] Entering safepoint region: Cleanup
[2024-05-17T09:01:28.715+0000][294.270s][info ][safepoint     ] Leaving safepoint region
[2024-05-17T09:01:28.715+0000][294.270s][info ][safepoint     ] Total time for which application threads were stopped: 0.0007397 seconds, Stopping threads took: 0.0002128 seconds
[2024-05-17T09:01:29.715+0000][295.270s][debug][safepoint     ] Safepoint synchronization initiated. (290 threads)
[2024-05-17T09:01:29.715+0000][295.270s][info ][safepoint     ] Application time: 1.0003214 seconds
[2024-05-17T09:01:29.716+0000][295.270s][info ][safepoint     ] Entering safepoint region: Cleanup
[2024-05-17T09:01:29.716+0000][295.271s][info ][safepoint     ] Leaving safepoint region
[2024-05-17T09:01:29.716+0000][295.271s][info ][safepoint     ] Total time for which application threads were stopped: 0.0007058 seconds, Stopping threads took: 0.0002079 seconds
[2024-05-17T09:01:30.716+0000][296.271s][debug][safepoint     ] Safepoint synchronization initiated. (290 threads)
[2024-05-17T09:01:30.716+0000][296.271s][info ][safepoint     ] Application time: 1.0002630 seconds
[2024-05-17T09:01:30.717+0000][296.271s][info ][safepoint     ] Entering safepoint region: Cleanup
[2024-05-17T09:01:30.717+0000][296.272s][info ][safepoint     ] Leaving safepoint region
[2024-05-17T09:01:30.717+0000][296.272s][info ][safepoint     ] Total time for which application threads were stopped: 0.0008254 seconds, Stopping threads took: 0.0001894 seconds
[2024-05-17T09:01:31.717+0000][297.272s][debug][safepoint     ] Safepoint synchronization initiated. (290 threads)
[2024-05-17T09:01:31.717+0000][297.272s][info ][safepoint     ] Application time: 1.0002681 seconds
[2024-05-17T09:01:31.718+0000][297.272s][info ][safepoint     ] Entering safepoint region: Cleanup
[2024-05-17T09:01:31.718+0000][297.273s][info ][safepoint     ] Leaving safepoint region
[2024-05-17T09:01:31.718+0000][297.273s][info ][safepoint     ] Total time for which application threads were stopped: 0.0008713 seconds, Stopping threads took: 0.0002942 seconds
[2024-05-17T09:01:32.719+0000][298.273s][debug][safepoint     ] Safepoint synchronization initiated. (290 threads)
[2024-05-17T09:01:32.719+0000][298.273s][info ][safepoint     ] Application time: 1.0003431 seconds
[2024-05-17T09:01:32.719+0000][298.274s][info ][safepoint     ] Entering safepoint region: Cleanup
[2024-05-17T09:01:32.720+0000][298.274s][info ][safepoint     ] Leaving safepoint region
[2024-05-17T09:01:32.720+0000][298.274s][info ][safepoint     ] Total time for which application threads were stopped: 0.0007952 seconds, Stopping threads took: 0.0001960 seconds
[2024-05-17T09:01:33.720+0000][299.274s][debug][safepoint     ] Safepoint synchronization initiated. (290 threads)
[2024-05-17T09:01:33.720+0000][299.275s][info ][safepoint     ] Application time: 1.0003045 seconds
[2024-05-17T09:01:33.720+0000][299.275s][info ][safepoint     ] Entering safepoint region: Cleanup
[2024-05-17T09:01:33.721+0000][299.275s][info ][safepoint     ] Leaving safepoint region
[2024-05-17T09:01:33.721+0000][299.275s][info ][safepoint     ] Total time for which application threads were stopped: 0.0008226 seconds, Stopping threads took: 0.0002405 seconds
[2024-05-17T09:01:33.721+0000][299.275s][debug][safepoint     ] ... found polling page return exception at pc = 0x00007faa8ce45156, stub =0x00007faa84824b00
[2024-05-17T09:01:33.721+0000][299.275s][debug][safepoint     ] ... found polling page return exception at pc = 0x00007faa8ce45156, stub =0x00007faa84824b00
[2024-05-17T09:01:33.721+0000][299.275s][debug][safepoint     ] ... found polling page return exception at pc = 0x00007faa8ce45156, stub =0x00007faa84824b00
[2024-05-17T09:01:34.721+0000][300.276s][debug][safepoint     ] Safepoint synchronization initiated. (290 threads)
[2024-05-17T09:01:34.721+0000][300.276s][info ][safepoint     ] Application time: 1.0003448 seconds
[2024-05-17T09:01:34.721+0000][300.276s][info ][safepoint     ] Entering safepoint region: Cleanup
[2024-05-17T09:01:34.722+0000][300.277s][info ][safepoint     ] Leaving safepoint region
[2024-05-17T09:01:34.722+0000][300.277s][info ][safepoint     ] Total time for which application threads were stopped: 0.0011041 seconds, Stopping threads took: 0.0002494 seconds
[2024-05-17T09:01:35.722+0000][301.277s][debug][safepoint     ] Safepoint synchronization initiated. (290 threads)
[2024-05-17T09:01:35.723+0000][301.277s][info ][safepoint     ] Application time: 1.0002404 seconds
[2024-05-17T09:01:35.723+0000][301.278s][info ][safepoint     ] Entering safepoint region: Cleanup
[2024-05-17T09:01:35.724+0000][301.278s][info ][safepoint     ] Leaving safepoint region
[2024-05-17T09:01:35.724+0000][301.278s][info ][safepoint     ] Total time for which application threads were stopped: 0.0010942 seconds, Stopping threads took: 0.0003689 seconds
[2024-05-17T09:01:36.724+0000][302.278s][debug][safepoint     ] Safepoint synchronization initiated. (290 threads)
[2024-05-17T09:01:36.724+0000][302.279s][info ][safepoint     ] Application time: 1.0002329 seconds
[2024-05-17T09:01:36.724+0000][302.279s][info ][safepoint     ] Entering safepoint region: Cleanup
[2024-05-17T09:01:36.725+0000][302.279s][info ][safepoint     ] Leaving safepoint region
[2024-05-17T09:01:36.725+0000][302.279s][info ][safepoint     ] Total time for which application threads were stopped: 0.0007484 seconds, Stopping threads took: 0.0001822 seconds
[2024-05-17T09:01:37.725+0000][303.280s][debug][safepoint     ] Safepoint synchronization initiated. (290 threads)
[2024-05-17T09:01:37.725+0000][303.280s][info ][safepoint     ] Application time: 1.0002340 seconds
[2024-05-17T09:01:37.725+0000][303.280s][info ][safepoint     ] Entering safepoint region: Cleanup
[2024-05-17T09:01:37.726+0000][303.281s][info ][safepoint     ] Leaving safepoint region
[2024-05-17T09:01:37.726+0000][303.281s][info ][safepoint     ] Total time for which application threads were stopped: 0.0009488 seconds, Stopping threads took: 0.0002106 seconds
[2024-05-17T09:01:38.726+0000][304.281s][debug][safepoint     ] Safepoint synchronization initiated. (289 threads)
[2024-05-17T09:01:38.726+0000][304.281s][info ][safepoint     ] Application time: 1.0001884 seconds
[2024-05-17T09:01:38.726+0000][304.281s][info ][safepoint     ] Entering safepoint region: Cleanup
[2024-05-17T09:01:38.727+0000][304.281s][debug][safepoint     ] ... found polling page return exception at pc = 0x00007faa8ce45156, stub =0x00007faa84824b00
[2024-05-17T09:01:38.727+0000][304.281s][info ][safepoint     ] Leaving safepoint region
[2024-05-17T09:01:38.727+0000][304.282s][info ][safepoint     ] Total time for which application threads were stopped: 0.0007107 seconds, Stopping threads took: 0.0002509 seconds
[2024-05-17T09:01:39.727+0000][305.282s][debug][safepoint     ] Safepoint synchronization initiated. (289 threads)
[2024-05-17T09:01:39.727+0000][305.282s][info ][safepoint     ] Application time: 1.0001893 seconds
[2024-05-17T09:01:39.727+0000][305.282s][info ][safepoint     ] Entering safepoint region: Cleanup
[2024-05-17T09:01:39.728+0000][305.282s][info ][safepoint     ] Leaving safepoint region
[2024-05-17T09:01:39.728+0000][305.283s][info ][safepoint     ] Total time for which application threads were stopped: 0.0007563 seconds, Stopping threads took: 0.0001818 seconds
[2024-05-17T09:01:40.728+0000][306.283s][debug][safepoint     ] Safepoint synchronization initiated. (289 threads)
[2024-05-17T09:01:40.728+0000][306.283s][info ][safepoint     ] Application time: 1.0002235 seconds
[2024-05-17T09:01:40.728+0000][306.283s][info ][safepoint     ] Entering safepoint region: Cleanup
[2024-05-17T09:01:40.729+0000][306.283s][info ][safepoint     ] Leaving safepoint region
[2024-05-17T09:01:40.729+0000][306.284s][info ][safepoint     ] Total time for which application threads were stopped: 0.0007680 seconds, Stopping threads took: 0.0001915 seconds
[2024-05-17T09:01:41.729+0000][307.284s][debug][safepoint     ] Safepoint synchronization initiated. (289 threads)
[2024-05-17T09:01:41.729+0000][307.284s][info ][safepoint     ] Application time: 1.0002776 seconds
[2024-05-17T09:01:41.729+0000][307.284s][info ][safepoint     ] Entering safepoint region: Cleanup
[2024-05-17T09:01:41.730+0000][307.285s][info ][safepoint     ] Leaving safepoint region
[2024-05-17T09:01:41.730+0000][307.285s][info ][safepoint     ] Total time for which application threads were stopped: 0.0008071 seconds, Stopping threads took: 0.0002178 seconds
[2024-05-17T09:01:42.362+0000][307.917s][debug][safepoint     ] Safepoint synchronization initiated. (289 threads)
[2024-05-17T09:01:42.362+0000][307.917s][info ][safepoint     ] Application time: 0.6319366 seconds
[2024-05-17T09:01:42.362+0000][307.917s][info ][safepoint     ] Entering safepoint region: G1CollectForAllocation
[2024-05-17T09:01:42.363+0000][307.918s][info ][gc,start      ] GC(78) Pause Young (Normal) (G1 Evacuation Pause)
[2024-05-17T09:01:42.363+0000][307.918s][info ][gc,task       ] GC(78) Using 4 workers of 4 for evacuation
[2024-05-17T09:01:42.395+0000][307.950s][info ][gc,phases     ] GC(78)   Pre Evacuate Collection Set: 0.1ms
[2024-05-17T09:01:42.395+0000][307.950s][info ][gc,phases     ] GC(78)   Evacuate Collection Set: 25.5ms
[2024-05-17T09:01:42.395+0000][307.950s][info ][gc,phases     ] GC(78)   Post Evacuate Collection Set: 5.8ms
[2024-05-17T09:01:42.395+0000][307.950s][info ][gc,phases     ] GC(78)   Other: 0.8ms
[2024-05-17T09:01:42.395+0000][307.950s][info ][gc,heap       ] GC(78) Eden regions: 158->0(163)
[2024-05-17T09:01:42.395+0000][307.950s][info ][gc,heap       ] GC(78) Survivor regions: 12->3(22)
[2024-05-17T09:01:42.395+0000][307.950s][info ][gc,heap       ] GC(78) Old regions: 163->172
[2024-05-17T09:01:42.395+0000][307.950s][info ][gc,heap       ] GC(78) Humongous regions: 0->0
[2024-05-17T09:01:42.395+0000][307.950s][info ][gc,metaspace  ] GC(78) Metaspace: 180805K(186756K)->180805K(186756K) NonClass: 160140K(163768K)->160140K(163768K) Class: 20664K(22988K)->20664K(22988K)
[2024-05-17T09:01:42.395+0000][307.950s][info ][gc            ] GC(78) Pause Young (Normal) (G1 Evacuation Pause) 330M->172M(384M) 32.169ms
[2024-05-17T09:01:42.395+0000][307.950s][info ][gc,cpu        ] GC(78) User=0.11s Sys=0.00s Real=0.03s
[2024-05-17T09:01:42.395+0000][307.950s][info ][safepoint     ] Leaving safepoint region
[2024-05-17T09:01:42.395+0000][307.950s][info ][safepoint     ] Total time for which application threads were stopped: 0.0333384 seconds, Stopping threads took: 0.0002597 seconds
[2024-05-17T09:01:42.396+0000][307.950s][info ][gc,stringdedup] Concurrent String Deduplication (307.950s)
[2024-05-17T09:01:42.396+0000][307.950s][info ][gc,stringdedup] Concurrent String Deduplication 3264.0B->1800.0B(1464.0B) avg 54.6% (307.950s, 307.950s) 0.129ms
[2024-05-17T09:01:43.396+0000][308.950s][debug][safepoint     ] Safepoint synchronization initiated. (289 threads)
[2024-05-17T09:01:43.396+0000][308.950s][info ][safepoint     ] Application time: 1.0003446 seconds
[2024-05-17T09:01:43.396+0000][308.951s][info ][safepoint     ] Entering safepoint region: Cleanup
[2024-05-17T09:01:43.397+0000][308.951s][info ][safepoint     ] Leaving safepoint region
[2024-05-17T09:01:43.397+0000][308.951s][info ][safepoint     ] Total time for which application threads were stopped: 0.0008323 seconds, Stopping threads took: 0.0002145 seconds
[2024-05-17T09:01:44.397+0000][309.951s][debug][safepoint     ] Safepoint synchronization initiated. (289 threads)
[2024-05-17T09:01:44.397+0000][309.952s][info ][safepoint     ] Application time: 1.0002223 seconds
[2024-05-17T09:01:44.397+0000][309.952s][info ][safepoint     ] Entering safepoint region: Cleanup
[2024-05-17T09:01:44.398+0000][309.952s][info ][safepoint     ] Leaving safepoint region
[2024-05-17T09:01:44.398+0000][309.952s][info ][safepoint     ] Total time for which application threads were stopped: 0.0008748 seconds, Stopping threads took: 0.0001915 seconds
[2024-05-17T09:01:45.398+0000][310.953s][debug][safepoint     ] Safepoint synchronization initiated. (289 threads)
[2024-05-17T09:01:45.398+0000][310.953s][info ][safepoint     ] Application time: 1.0002178 seconds
[2024-05-17T09:01:45.398+0000][310.953s][info ][safepoint     ] Entering safepoint region: Cleanup
[2024-05-17T09:01:45.399+0000][310.953s][info ][safepoint     ] Leaving safepoint region
[2024-05-17T09:01:45.399+0000][310.954s][info ][safepoint     ] Total time for which application threads were stopped: 0.0008680 seconds, Stopping threads took: 0.0001886 seconds
[2024-05-17T09:01:46.399+0000][311.954s][debug][safepoint     ] Safepoint synchronization initiated. (289 threads)
[2024-05-17T09:01:46.399+0000][311.954s][info ][safepoint     ] Application time: 1.0004231 seconds
[2024-05-17T09:01:46.400+0000][311.954s][info ][safepoint     ] Entering safepoint region: Cleanup
[2024-05-17T09:01:46.400+0000][311.955s][info ][safepoint     ] Leaving safepoint region
[2024-05-17T09:01:46.400+0000][311.955s][info ][safepoint     ] Total time for which application threads were stopped: 0.0007003 seconds, Stopping threads took: 0.0002390 seconds
[2024-05-17T09:01:47.400+0000][312.955s][debug][safepoint     ] Safepoint synchronization initiated. (289 threads)
[2024-05-17T09:01:47.400+0000][312.955s][info ][safepoint     ] Application time: 1.0002310 seconds
[2024-05-17T09:01:47.400+0000][312.955s][info ][safepoint     ] Entering safepoint region: Cleanup
[2024-05-17T09:01:47.401+0000][312.956s][info ][safepoint     ] Leaving safepoint region
[2024-05-17T09:01:47.401+0000][312.956s][info ][safepoint     ] Total time for which application threads were stopped: 0.0005936 seconds, Stopping threads took: 0.0001834 seconds
[2024-05-17T09:01:48.401+0000][313.956s][debug][safepoint     ] Safepoint synchronization initiated. (288 threads)
[2024-05-17T09:01:48.401+0000][313.956s][info ][safepoint     ] Application time: 1.0001830 seconds
[2024-05-17T09:01:48.401+0000][313.956s][info ][safepoint     ] Entering safepoint region: Cleanup
[2024-05-17T09:01:48.402+0000][313.956s][info ][safepoint     ] Leaving safepoint region
[2024-05-17T09:01:48.402+0000][313.956s][info ][safepoint     ] Total time for which application threads were stopped: 0.0006387 seconds, Stopping threads took: 0.0001616 seconds
[2024-05-17T09:01:49.402+0000][314.957s][debug][safepoint     ] Safepoint synchronization initiated. (288 threads)
[2024-05-17T09:01:49.402+0000][314.957s][info ][safepoint     ] Application time: 1.0002737 seconds
[2024-05-17T09:01:49.402+0000][314.957s][debug][safepoint     ] ... found polling page return exception at pc = 0x00007faa8ced6a1b, stub =0x00007faa84824b00
[2024-05-17T09:01:49.406+0000][314.961s][debug][safepoint     ] Waiting for 1 thread(s) to block
[2024-05-17T09:01:49.406+0000][314.961s][info ][safepoint     ] Entering safepoint region: Cleanup
[2024-05-17T09:01:49.407+0000][314.962s][info ][safepoint     ] Leaving safepoint region
[2024-05-17T09:01:49.407+0000][314.962s][info ][safepoint     ] Total time for which application threads were stopped: 0.0048109 seconds, Stopping threads took: 0.0042025 seconds
[2024-05-17T09:01:50.407+0000][315.962s][debug][safepoint     ] Safepoint synchronization initiated. (288 threads)
[2024-05-17T09:01:50.407+0000][315.962s][info ][safepoint     ] Application time: 1.0003785 seconds
[2024-05-17T09:01:50.408+0000][315.962s][info ][safepoint     ] Entering safepoint region: Cleanup
[2024-05-17T09:01:50.408+0000][315.963s][info ][safepoint     ] Leaving safepoint region
[2024-05-17T09:01:50.408+0000][315.963s][info ][safepoint     ] Total time for which application threads were stopped: 0.0006712 seconds, Stopping threads took: 0.0001853 seconds
[2024-05-17T09:01:51.408+0000][316.963s][debug][safepoint     ] Safepoint synchronization initiated. (288 threads)
[2024-05-17T09:01:51.408+0000][316.963s][info ][safepoint     ] Application time: 1.0001470 seconds
[2024-05-17T09:01:51.408+0000][316.963s][debug][safepoint     ] Waiting for 1 thread(s) to block
[2024-05-17T09:01:51.409+0000][316.963s][info ][safepoint     ] Entering safepoint region: Cleanup
[2024-05-17T09:01:51.409+0000][316.964s][info ][safepoint     ] Leaving safepoint region
[2024-05-17T09:01:51.409+0000][316.964s][info ][safepoint     ] Total time for which application threads were stopped: 0.0006215 seconds, Stopping threads took: 0.0003104 seconds
[2024-05-17T09:01:52.409+0000][317.964s][debug][safepoint     ] Safepoint synchronization initiated. (288 threads)
[2024-05-17T09:01:52.409+0000][317.964s][info ][safepoint     ] Application time: 1.0002026 seconds
[2024-05-17T09:01:52.409+0000][317.964s][debug][safepoint     ] ... found polling page return exception at pc = 0x00007faa8cfb72c5, stub =0x00007faa84824b00
[2024-05-17T09:01:52.409+0000][317.964s][debug][safepoint     ] Waiting for 1 thread(s) to block
[2024-05-17T09:01:52.410+0000][317.964s][info ][safepoint     ] Entering safepoint region: Cleanup
[2024-05-17T09:01:52.410+0000][317.965s][info ][safepoint     ] Leaving safepoint region
[2024-05-17T09:01:52.410+0000][317.965s][info ][safepoint     ] Total time for which application threads were stopped: 0.0011050 seconds, Stopping threads took: 0.0004893 seconds
[2024-05-17T09:01:53.410+0000][318.965s][debug][safepoint     ] Safepoint synchronization initiated. (288 threads)
[2024-05-17T09:01:53.411+0000][318.965s][info ][safepoint     ] Application time: 1.0002663 seconds
[2024-05-17T09:01:53.411+0000][318.965s][info ][safepoint     ] Entering safepoint region: Cleanup
[2024-05-17T09:01:53.411+0000][318.966s][info ][safepoint     ] Leaving safepoint region
[2024-05-17T09:01:53.411+0000][318.966s][info ][safepoint     ] Total time for which application threads were stopped: 0.0005592 seconds, Stopping threads took: 0.0001719 seconds
[2024-05-17T09:01:54.411+0000][319.966s][debug][safepoint     ] Safepoint synchronization initiated. (288 threads)
[2024-05-17T09:01:54.411+0000][319.966s][info ][safepoint     ] Application time: 1.0002668 seconds
[2024-05-17T09:01:54.412+0000][319.966s][info ][safepoint     ] Entering safepoint region: Cleanup
[2024-05-17T09:01:54.412+0000][319.967s][debug][safepoint     ] ... found polling page return exception at pc = 0x00007faa8ce45156, stub =0x00007faa84824b00
[2024-05-17T09:01:54.412+0000][319.967s][debug][safepoint     ] ... found polling page return exception at pc = 0x00007faa8ce45156, stub =0x00007faa84824b00
[2024-05-17T09:01:54.412+0000][319.967s][info ][safepoint     ] Leaving safepoint region
[2024-05-17T09:01:54.413+0000][319.967s][info ][safepoint     ] Total time for which application threads were stopped: 0.0010842 seconds, Stopping threads took: 0.0002072 seconds
[2024-05-17T09:01:55.413+0000][320.967s][debug][safepoint     ] Safepoint synchronization initiated. (288 threads)
[2024-05-17T09:01:55.413+0000][320.967s][info ][safepoint     ] Application time: 1.0002741 seconds
[2024-05-17T09:01:55.413+0000][320.968s][info ][safepoint     ] Entering safepoint region: Cleanup
[2024-05-17T09:01:55.413+0000][320.968s][info ][safepoint     ] Leaving safepoint region
[2024-05-17T09:01:55.413+0000][320.968s][info ][safepoint     ] Total time for which application threads were stopped: 0.0004523 seconds, Stopping threads took: 0.0001439 seconds
[2024-05-17T09:01:55.413+0000][320.968s][debug][safepoint     ] ... found polling page return exception at pc = 0x00007faa8ce45156, stub =0x00007faa84824b00
[2024-05-17T09:01:56.414+0000][321.968s][debug][safepoint     ] Safepoint synchronization initiated. (288 threads)
[2024-05-17T09:01:56.414+0000][321.968s][info ][safepoint     ] Application time: 1.0003102 seconds
[2024-05-17T09:01:56.414+0000][321.968s][debug][safepoint     ] ... found polling page return exception at pc = 0x00007faa8c8dcf1f, stub =0x00007faa84824b00
[2024-05-17T09:01:56.414+0000][321.968s][debug][safepoint     ] Waiting for 1 thread(s) to block
[2024-05-17T09:01:56.414+0000][321.969s][info ][safepoint     ] Entering safepoint region: Cleanup
[2024-05-17T09:01:56.415+0000][321.969s][info ][safepoint     ] Leaving safepoint region
[2024-05-17T09:01:56.415+0000][321.969s][info ][safepoint     ] Total time for which application threads were stopped: 0.0010261 seconds, Stopping threads took: 0.0004603 seconds
[2024-05-17T09:01:57.415+0000][322.970s][debug][safepoint     ] Safepoint synchronization initiated. (288 threads)
[2024-05-17T09:01:57.415+0000][322.970s][info ][safepoint     ] Application time: 1.0002777 seconds
[2024-05-17T09:01:57.415+0000][322.970s][info ][safepoint     ] Entering safepoint region: Cleanup
[2024-05-17T09:01:57.416+0000][322.970s][info ][safepoint     ] Leaving safepoint region
[2024-05-17T09:01:57.416+0000][322.970s][info ][safepoint     ] Total time for which application threads were stopped: 0.0007923 seconds, Stopping threads took: 0.0002040 seconds
[2024-05-17T09:01:58.416+0000][323.971s][debug][safepoint     ] Safepoint synchronization initiated. (288 threads)
[2024-05-17T09:01:58.416+0000][323.971s][info ][safepoint     ] Application time: 1.0003210 seconds
[2024-05-17T09:01:58.416+0000][323.971s][info ][safepoint     ] Entering safepoint region: Cleanup
[2024-05-17T09:01:58.417+0000][323.972s][info ][safepoint     ] Leaving safepoint region
[2024-05-17T09:01:58.417+0000][323.972s][info ][safepoint     ] Total time for which application threads were stopped: 0.0009202 seconds, Stopping threads took: 0.0002224 seconds
[2024-05-17T09:01:59.417+0000][324.972s][debug][safepoint     ] Safepoint synchronization initiated. (288 threads)
[2024-05-17T09:01:59.418+0000][324.972s][info ][safepoint     ] Application time: 1.0004141 seconds
[2024-05-17T09:01:59.418+0000][324.972s][info ][safepoint     ] Entering safepoint region: Cleanup
[2024-05-17T09:01:59.418+0000][324.973s][info ][safepoint     ] Leaving safepoint region
[2024-05-17T09:01:59.418+0000][324.973s][info ][safepoint     ] Total time for which application threads were stopped: 0.0006964 seconds, Stopping threads took: 0.0002452 seconds
[2024-05-17T09:02:00.418+0000][325.973s][debug][safepoint     ] Safepoint synchronization initiated. (288 threads)
[2024-05-17T09:02:00.418+0000][325.973s][info ][safepoint     ] Application time: 1.0002050 seconds
[2024-05-17T09:02:00.419+0000][325.973s][info ][safepoint     ] Entering safepoint region: Cleanup
[2024-05-17T09:02:00.419+0000][325.974s][info ][safepoint     ] Leaving safepoint region
[2024-05-17T09:02:00.419+0000][325.974s][info ][safepoint     ] Total time for which application threads were stopped: 0.0008228 seconds, Stopping threads took: 0.0002256 seconds
[2024-05-17T09:02:01.420+0000][326.974s][debug][safepoint     ] Safepoint synchronization initiated. (288 threads)
[2024-05-17T09:02:01.420+0000][326.974s][info ][safepoint     ] Application time: 1.0002821 seconds
[2024-05-17T09:02:01.420+0000][326.974s][info ][safepoint     ] Entering safepoint region: Cleanup
[2024-05-17T09:02:01.420+0000][326.975s][info ][safepoint     ] Leaving safepoint region
[2024-05-17T09:02:01.420+0000][326.975s][info ][safepoint     ] Total time for which application threads were stopped: 0.0007373 seconds, Stopping threads took: 0.0001860 seconds
[2024-05-17T09:02:02.421+0000][327.975s][debug][safepoint     ] Safepoint synchronization initiated. (288 threads)
[2024-05-17T09:02:02.421+0000][327.975s][info ][safepoint     ] Application time: 1.0003222 seconds
[2024-05-17T09:02:02.421+0000][327.976s][info ][safepoint     ] Entering safepoint region: Cleanup
[2024-05-17T09:02:02.422+0000][327.976s][info ][safepoint     ] Leaving safepoint region
[2024-05-17T09:02:02.422+0000][327.976s][info ][safepoint     ] Total time for which application threads were stopped: 0.0008361 seconds, Stopping threads took: 0.0002022 seconds
[2024-05-17T09:02:03.422+0000][328.976s][debug][safepoint     ] Safepoint synchronization initiated. (288 threads)
[2024-05-17T09:02:03.422+0000][328.976s][info ][safepoint     ] Application time: 1.0001936 seconds
[2024-05-17T09:02:03.422+0000][328.977s][info ][safepoint     ] Entering safepoint region: Cleanup
[2024-05-17T09:02:03.423+0000][328.977s][info ][safepoint     ] Leaving safepoint region
[2024-05-17T09:02:03.423+0000][328.978s][info ][safepoint     ] Total time for which application threads were stopped: 0.0010569 seconds, Stopping threads took: 0.0006332 seconds
[2024-05-17T09:02:04.423+0000][329.978s][debug][safepoint     ] Safepoint synchronization initiated. (288 threads)
[2024-05-17T09:02:04.423+0000][329.978s][info ][safepoint     ] Application time: 1.0002888 seconds
[2024-05-17T09:02:04.423+0000][329.978s][info ][safepoint     ] Entering safepoint region: Cleanup
[2024-05-17T09:02:04.424+0000][329.979s][info ][safepoint     ] Leaving safepoint region
[2024-05-17T09:02:04.424+0000][329.979s][info ][safepoint     ] Total time for which application threads were stopped: 0.0007458 seconds, Stopping threads took: 0.0002233 seconds
[2024-05-17T09:02:05.424+0000][330.979s][debug][safepoint     ] Safepoint synchronization initiated. (288 threads)
[2024-05-17T09:02:05.424+0000][330.979s][info ][safepoint     ] Application time: 1.0002291 seconds
[2024-05-17T09:02:05.424+0000][330.979s][debug][safepoint     ] ... found polling page return exception at pc = 0x00007faa8c4a01e8, stub =0x00007faa84824b00
[2024-05-17T09:02:05.424+0000][330.979s][debug][safepoint     ] Waiting for 1 thread(s) to block
[2024-05-17T09:02:05.425+0000][330.979s][info ][safepoint     ] Entering safepoint region: Cleanup
[2024-05-17T09:02:05.425+0000][330.980s][info ][safepoint     ] Leaving safepoint region
[2024-05-17T09:02:05.425+0000][330.980s][info ][safepoint     ] Total time for which application threads were stopped: 0.0008850 seconds, Stopping threads took: 0.0003901 seconds
[2024-05-17T09:02:06.425+0000][331.980s][debug][safepoint     ] Safepoint synchronization initiated. (288 threads)
[2024-05-17T09:02:06.425+0000][331.980s][info ][safepoint     ] Application time: 1.0003129 seconds
[2024-05-17T09:02:06.426+0000][331.980s][debug][safepoint     ] ... found polling page loop exception at pc = 0x00007faa8cfe4570, stub =0x00007faa84826680
[2024-05-17T09:02:06.426+0000][331.980s][debug][safepoint     ] Waiting for 1 thread(s) to block
[2024-05-17T09:02:06.426+0000][331.980s][info ][safepoint     ] Entering safepoint region: Cleanup
[2024-05-17T09:02:06.426+0000][331.981s][debug][safepoint     ] ... found polling page return exception at pc = 0x00007faa8ce45156, stub =0x00007faa84824b00
[2024-05-17T09:02:06.426+0000][331.981s][info ][safepoint     ] Leaving safepoint region
[2024-05-17T09:02:06.426+0000][331.981s][info ][safepoint     ] Total time for which application threads were stopped: 0.0008490 seconds, Stopping threads took: 0.0003678 seconds
[2024-05-17T09:02:06.531+0000][332.086s][debug][safepoint     ] Safepoint synchronization initiated. (288 threads)
[2024-05-17T09:02:06.531+0000][332.086s][info ][safepoint     ] Application time: 0.1046275 seconds
[2024-05-17T09:02:06.531+0000][332.086s][debug][safepoint     ] ... found polling page return exception at pc = 0x00007faa8c58fb0a, stub =0x00007faa84824b00
[2024-05-17T09:02:06.531+0000][332.086s][debug][safepoint     ] Waiting for 1 thread(s) to block
[2024-05-17T09:02:06.531+0000][332.086s][info ][safepoint     ] Entering safepoint region: G1CollectForAllocation
[2024-05-17T09:02:06.532+0000][332.086s][info ][gc,start      ] GC(79) Pause Young (Normal) (G1 Evacuation Pause)
[2024-05-17T09:02:06.532+0000][332.087s][info ][gc,task       ] GC(79) Using 4 workers of 4 for evacuation
[2024-05-17T09:02:06.545+0000][332.100s][info ][gc,phases     ] GC(79)   Pre Evacuate Collection Set: 0.1ms
[2024-05-17T09:02:06.546+0000][332.100s][info ][gc,phases     ] GC(79)   Evacuate Collection Set: 8.0ms
[2024-05-17T09:02:06.546+0000][332.100s][info ][gc,phases     ] GC(79)   Post Evacuate Collection Set: 4.9ms
[2024-05-17T09:02:06.546+0000][332.100s][info ][gc,phases     ] GC(79)   Other: 0.8ms
[2024-05-17T09:02:06.546+0000][332.100s][info ][gc,heap       ] GC(79) Eden regions: 163->0(164)
[2024-05-17T09:02:06.546+0000][332.100s][info ][gc,heap       ] GC(79) Survivor regions: 3->2(21)
[2024-05-17T09:02:06.546+0000][332.100s][info ][gc,heap       ] GC(79) Old regions: 172->172
[2024-05-17T09:02:06.546+0000][332.100s][info ][gc,heap       ] GC(79) Humongous regions: 0->0
[2024-05-17T09:02:06.546+0000][332.100s][info ][gc,metaspace  ] GC(79) Metaspace: 181017K(187012K)->181017K(187012K) NonClass: 160352K(164024K)->160352K(164024K) Class: 20664K(22988K)->20664K(22988K)
[2024-05-17T09:02:06.546+0000][332.100s][info ][gc            ] GC(79) Pause Young (Normal) (G1 Evacuation Pause) 335M->172M(384M) 13.944ms
[2024-05-17T09:02:06.546+0000][332.101s][info ][gc,cpu        ] GC(79) User=0.05s Sys=0.01s Real=0.01s
[2024-05-17T09:02:06.546+0000][332.101s][info ][safepoint     ] Leaving safepoint region
[2024-05-17T09:02:06.546+0000][332.101s][info ][safepoint     ] Total time for which application threads were stopped: 0.0149273 seconds, Stopping threads took: 0.0002868 seconds
[2024-05-17T09:02:06.546+0000][332.101s][info ][gc,stringdedup] Concurrent String Deduplication (332.101s)
[2024-05-17T09:02:06.546+0000][332.101s][info ][gc,stringdedup] Concurrent String Deduplication 440.0B->0.0B(440.0B) avg 54.6% (332.101s, 332.101s) 0.052ms
[2024-05-17T09:02:07.546+0000][333.101s][debug][safepoint     ] Safepoint synchronization initiated. (288 threads)
[2024-05-17T09:02:07.546+0000][333.101s][info ][safepoint     ] Application time: 1.0003197 seconds
[2024-05-17T09:02:07.546+0000][333.101s][info ][safepoint     ] Entering safepoint region: Cleanup
[2024-05-17T09:02:07.547+0000][333.102s][info ][safepoint     ] Leaving safepoint region
[2024-05-17T09:02:07.547+0000][333.102s][info ][safepoint     ] Total time for which application threads were stopped: 0.0005863 seconds, Stopping threads took: 0.0001802 seconds
[2024-05-17T09:02:07.937+0000][333.492s][debug][safepoint     ] Safepoint synchronization initiated. (288 threads)
[2024-05-17T09:02:07.937+0000][333.492s][info ][safepoint     ] Application time: 0.3900910 seconds
[2024-05-17T09:02:07.937+0000][333.492s][info ][safepoint     ] Entering safepoint region: Deoptimize
[2024-05-17T09:02:07.945+0000][333.499s][info ][safepoint     ] Leaving safepoint region
[2024-05-17T09:02:07.945+0000][333.499s][info ][safepoint     ] Total time for which application threads were stopped: 0.0076406 seconds, Stopping threads took: 0.0002187 seconds
[2024-05-17T09:02:08.945+0000][334.500s][debug][safepoint     ] Safepoint synchronization initiated. (288 threads)
[2024-05-17T09:02:08.945+0000][334.500s][info ][safepoint     ] Application time: 1.0002524 seconds
[2024-05-17T09:02:08.945+0000][334.500s][debug][safepoint     ] ... found polling page return exception at pc = 0x00007faa8cacc24a, stub =0x00007faa84824b00
[2024-05-17T09:02:08.945+0000][334.500s][debug][safepoint     ] Waiting for 1 thread(s) to block
[2024-05-17T09:02:08.945+0000][334.500s][info ][safepoint     ] Entering safepoint region: Cleanup
[2024-05-17T09:02:08.946+0000][334.501s][info ][safepoint     ] Leaving safepoint region
[2024-05-17T09:02:08.946+0000][334.501s][info ][safepoint     ] Total time for which application threads were stopped: 0.0010637 seconds, Stopping threads took: 0.0004118 seconds
[2024-05-17T09:02:09.946+0000][335.501s][debug][safepoint     ] Safepoint synchronization initiated. (288 threads)
[2024-05-17T09:02:09.946+0000][335.501s][info ][safepoint     ] Application time: 1.0002486 seconds
[2024-05-17T09:02:09.947+0000][335.501s][info ][safepoint     ] Entering safepoint region: Cleanup
[2024-05-17T09:02:09.947+0000][335.502s][info ][safepoint     ] Leaving safepoint region
[2024-05-17T09:02:09.947+0000][335.502s][info ][safepoint     ] Total time for which application threads were stopped: 0.0007166 seconds, Stopping threads took: 0.0001924 seconds
[2024-05-17T09:02:10.947+0000][336.502s][debug][safepoint     ] Safepoint synchronization initiated. (288 threads)
[2024-05-17T09:02:10.947+0000][336.502s][info ][safepoint     ] Application time: 1.0002202 seconds
[2024-05-17T09:02:10.948+0000][336.502s][info ][safepoint     ] Entering safepoint region: Cleanup
[2024-05-17T09:02:10.948+0000][336.503s][info ][safepoint     ] Leaving safepoint region
[2024-05-17T09:02:10.948+0000][336.503s][info ][safepoint     ] Total time for which application threads were stopped: 0.0010051 seconds, Stopping threads took: 0.0003077 seconds
[2024-05-17T09:02:11.949+0000][337.503s][debug][safepoint     ] Safepoint synchronization initiated. (288 threads)
[2024-05-17T09:02:11.949+0000][337.503s][info ][safepoint     ] Application time: 1.0002294 seconds
[2024-05-17T09:02:11.949+0000][337.503s][info ][safepoint     ] Entering safepoint region: Cleanup
[2024-05-17T09:02:11.949+0000][337.504s][info ][safepoint     ] Leaving safepoint region
[2024-05-17T09:02:11.949+0000][337.504s][info ][safepoint     ] Total time for which application threads were stopped: 0.0006714 seconds, Stopping threads took: 0.0001824 seconds
[2024-05-17T09:02:12.950+0000][338.504s][debug][safepoint     ] Safepoint synchronization initiated. (288 threads)
[2024-05-17T09:02:12.950+0000][338.504s][info ][safepoint     ] Application time: 1.0002255 seconds
[2024-05-17T09:02:12.950+0000][338.504s][info ][safepoint     ] Entering safepoint region: Cleanup
[2024-05-17T09:02:12.950+0000][338.505s][info ][safepoint     ] Leaving safepoint region
[2024-05-17T09:02:12.950+0000][338.505s][info ][safepoint     ] Total time for which application threads were stopped: 0.0006108 seconds, Stopping threads took: 0.0002127 seconds
[2024-05-17T09:02:13.950+0000][339.505s][debug][safepoint     ] Safepoint synchronization initiated. (288 threads)
[2024-05-17T09:02:13.950+0000][339.505s][info ][safepoint     ] Application time: 1.0001978 seconds
[2024-05-17T09:02:13.951+0000][339.505s][debug][safepoint     ] ... found polling page return exception at pc = 0x00007faa8c87bb74, stub =0x00007faa84824b00
[2024-05-17T09:02:13.951+0000][339.505s][debug][safepoint     ] Waiting for 1 thread(s) to block
[2024-05-17T09:02:13.951+0000][339.505s][info ][safepoint     ] Entering safepoint region: Cleanup
[2024-05-17T09:02:13.951+0000][339.506s][info ][safepoint     ] Leaving safepoint region
[2024-05-17T09:02:13.951+0000][339.506s][info ][safepoint     ] Total time for which application threads were stopped: 0.0008185 seconds, Stopping threads took: 0.0003678 seconds
[2024-05-17T09:02:14.951+0000][340.506s][debug][safepoint     ] Safepoint synchronization initiated. (288 threads)
[2024-05-17T09:02:14.952+0000][340.506s][info ][safepoint     ] Application time: 1.0002845 seconds
[2024-05-17T09:02:14.952+0000][340.506s][info ][safepoint     ] Entering safepoint region: Cleanup
[2024-05-17T09:02:14.952+0000][340.507s][info ][safepoint     ] Leaving safepoint region
[2024-05-17T09:02:14.952+0000][340.507s][info ][safepoint     ] Total time for which application threads were stopped: 0.0007879 seconds, Stopping threads took: 0.0002170 seconds
[2024-05-17T09:02:15.953+0000][341.507s][debug][safepoint     ] Safepoint synchronization initiated. (288 threads)
[2024-05-17T09:02:15.953+0000][341.507s][info ][safepoint     ] Application time: 1.0002932 seconds
[2024-05-17T09:02:15.953+0000][341.508s][info ][safepoint     ] Entering safepoint region: Cleanup
[2024-05-17T09:02:15.954+0000][341.508s][info ][safepoint     ] Leaving safepoint region
[2024-05-17T09:02:15.954+0000][341.508s][info ][safepoint     ] Total time for which application threads were stopped: 0.0008437 seconds, Stopping threads took: 0.0001794 seconds
[2024-05-17T09:02:16.954+0000][342.508s][debug][safepoint     ] Safepoint synchronization initiated. (288 threads)
[2024-05-17T09:02:16.954+0000][342.508s][info ][safepoint     ] Application time: 1.0002295 seconds
[2024-05-17T09:02:16.954+0000][342.509s][debug][safepoint     ] ... found polling page return exception at pc = 0x00007faa8c58fb0a, stub =0x00007faa84824b00
[2024-05-17T09:02:16.954+0000][342.509s][debug][safepoint     ] ... found polling page loop exception at pc = 0x00007faa8c9d8009, stub =0x00007faa84826680
[2024-05-17T09:02:16.954+0000][342.509s][debug][safepoint     ] Waiting for 2 thread(s) to block
[2024-05-17T09:02:16.954+0000][342.509s][info ][safepoint     ] Entering safepoint region: Cleanup
[2024-05-17T09:02:16.955+0000][342.509s][info ][safepoint     ] Leaving safepoint region
[2024-05-17T09:02:16.955+0000][342.509s][info ][safepoint     ] Total time for which application threads were stopped: 0.0007783 seconds, Stopping threads took: 0.0004190 seconds
[2024-05-17T09:02:17.955+0000][343.509s][debug][safepoint     ] Safepoint synchronization initiated. (288 threads)
[2024-05-17T09:02:17.955+0000][343.510s][info ][safepoint     ] Application time: 1.0002613 seconds
[2024-05-17T09:02:17.955+0000][343.510s][info ][safepoint     ] Entering safepoint region: Cleanup
[2024-05-17T09:02:17.956+0000][343.510s][info ][safepoint     ] Leaving safepoint region
[2024-05-17T09:02:17.956+0000][343.510s][info ][safepoint     ] Total time for which application threads were stopped: 0.0006544 seconds, Stopping threads took: 0.0001842 seconds
[2024-05-17T09:02:18.956+0000][344.510s][debug][safepoint     ] Safepoint synchronization initiated. (288 threads)
[2024-05-17T09:02:18.956+0000][344.510s][info ][safepoint     ] Application time: 1.0002047 seconds
[2024-05-17T09:02:18.956+0000][344.511s][info ][safepoint     ] Entering safepoint region: Cleanup
[2024-05-17T09:02:18.956+0000][344.511s][info ][safepoint     ] Leaving safepoint region
[2024-05-17T09:02:18.956+0000][344.511s][info ][safepoint     ] Total time for which application threads were stopped: 0.0004696 seconds, Stopping threads took: 0.0001608 seconds
[2024-05-17T09:02:19.956+0000][345.511s][debug][safepoint     ] Safepoint synchronization initiated. (288 threads)
[2024-05-17T09:02:19.957+0000][345.511s][info ][safepoint     ] Application time: 1.0005181 seconds
[2024-05-17T09:02:19.957+0000][345.512s][info ][safepoint     ] Entering safepoint region: Cleanup
[2024-05-17T09:02:19.957+0000][345.512s][info ][safepoint     ] Leaving safepoint region
[2024-05-17T09:02:19.957+0000][345.512s][debug][safepoint     ] ... found polling page return exception at pc = 0x00007faa8ce45156, stub =0x00007faa84824b00
[2024-05-17T09:02:19.957+0000][345.512s][info ][safepoint     ] Total time for which application threads were stopped: 0.0006135 seconds, Stopping threads took: 0.0002137 seconds
[2024-05-17T09:02:20.958+0000][346.512s][debug][safepoint     ] Safepoint synchronization initiated. (288 threads)
[2024-05-17T09:02:20.958+0000][346.512s][info ][safepoint     ] Application time: 1.0002719 seconds
[2024-05-17T09:02:20.958+0000][346.513s][info ][safepoint     ] Entering safepoint region: Cleanup
[2024-05-17T09:02:20.959+0000][346.513s][info ][safepoint     ] Leaving safepoint region
[2024-05-17T09:02:20.959+0000][346.513s][info ][safepoint     ] Total time for which application threads were stopped: 0.0008384 seconds, Stopping threads took: 0.0001934 seconds
[2024-05-17T09:02:21.959+0000][347.514s][debug][safepoint     ] Safepoint synchronization initiated. (288 threads)
[2024-05-17T09:02:21.959+0000][347.514s][info ][safepoint     ] Application time: 1.0002132 seconds
[2024-05-17T09:02:21.959+0000][347.514s][info ][safepoint     ] Entering safepoint region: Cleanup
[2024-05-17T09:02:21.959+0000][347.514s][info ][safepoint     ] Leaving safepoint region
[2024-05-17T09:02:21.960+0000][347.514s][info ][safepoint     ] Total time for which application threads were stopped: 0.0005551 seconds, Stopping threads took: 0.0001549 seconds
[2024-05-17T09:02:22.960+0000][348.514s][debug][safepoint     ] Safepoint synchronization initiated. (288 threads)
[2024-05-17T09:02:22.960+0000][348.514s][info ][safepoint     ] Application time: 1.0002270 seconds
[2024-05-17T09:02:22.960+0000][348.515s][info ][safepoint     ] Entering safepoint region: Cleanup
[2024-05-17T09:02:22.960+0000][348.515s][info ][safepoint     ] Leaving safepoint region
[2024-05-17T09:02:22.960+0000][348.515s][info ][safepoint     ] Total time for which application threads were stopped: 0.0005521 seconds, Stopping threads took: 0.0001568 seconds
[2024-05-17T09:02:23.960+0000][349.515s][debug][safepoint     ] Safepoint synchronization initiated. (288 threads)
[2024-05-17T09:02:23.961+0000][349.515s][info ][safepoint     ] Application time: 1.0002077 seconds
[2024-05-17T09:02:23.961+0000][349.515s][debug][safepoint     ] ... found polling page return exception at pc = 0x00007faa8ce45156, stub =0x00007faa84824b00
[2024-05-17T09:02:23.961+0000][349.515s][debug][safepoint     ] Waiting for 1 thread(s) to block
[2024-05-17T09:02:23.961+0000][349.516s][info ][safepoint     ] Entering safepoint region: Cleanup
[2024-05-17T09:02:23.962+0000][349.516s][info ][safepoint     ] Leaving safepoint region
[2024-05-17T09:02:23.962+0000][349.516s][info ][safepoint     ] Total time for which application threads were stopped: 0.0009873 seconds, Stopping threads took: 0.0003415 seconds
[2024-05-17T09:02:24.962+0000][350.516s][debug][safepoint     ] Safepoint synchronization initiated. (288 threads)
[2024-05-17T09:02:24.962+0000][350.516s][info ][safepoint     ] Application time: 1.0001398 seconds
[2024-05-17T09:02:24.962+0000][350.517s][info ][safepoint     ] Entering safepoint region: Cleanup
[2024-05-17T09:02:24.962+0000][350.517s][info ][safepoint     ] Leaving safepoint region
[2024-05-17T09:02:24.962+0000][350.517s][info ][safepoint     ] Total time for which application threads were stopped: 0.0005145 seconds, Stopping threads took: 0.0001597 seconds
[2024-05-17T09:02:25.963+0000][351.517s][debug][safepoint     ] Safepoint synchronization initiated. (288 threads)
[2024-05-17T09:02:25.963+0000][351.518s][info ][safepoint     ] Application time: 1.0005680 seconds
[2024-05-17T09:02:25.963+0000][351.518s][info ][safepoint     ] Entering safepoint region: Cleanup
[2024-05-17T09:02:25.964+0000][351.519s][info ][safepoint     ] Leaving safepoint region
[2024-05-17T09:02:25.964+0000][351.519s][info ][safepoint     ] Total time for which application threads were stopped: 0.0011622 seconds, Stopping threads took: 0.0005942 seconds
[2024-05-17T09:02:26.964+0000][352.519s][debug][safepoint     ] Safepoint synchronization initiated. (288 threads)
[2024-05-17T09:02:26.964+0000][352.519s][info ][safepoint     ] Application time: 1.0002953 seconds
[2024-05-17T09:02:26.965+0000][352.519s][info ][safepoint     ] Entering safepoint region: Cleanup
[2024-05-17T09:02:26.965+0000][352.520s][info ][safepoint     ] Leaving safepoint region
[2024-05-17T09:02:26.965+0000][352.520s][info ][safepoint     ] Total time for which application threads were stopped: 0.0009915 seconds, Stopping threads took: 0.0002589 seconds
[2024-05-17T09:02:27.966+0000][353.520s][debug][safepoint     ] Safepoint synchronization initiated. (288 threads)
[2024-05-17T09:02:27.966+0000][353.520s][info ][safepoint     ] Application time: 1.0003230 seconds
[2024-05-17T09:02:27.966+0000][353.521s][info ][safepoint     ] Entering safepoint region: Cleanup
[2024-05-17T09:02:27.967+0000][353.521s][info ][safepoint     ] Leaving safepoint region
[2024-05-17T09:02:27.967+0000][353.521s][info ][safepoint     ] Total time for which application threads were stopped: 0.0008378 seconds, Stopping threads took: 0.0001948 seconds
[2024-05-17T09:02:28.967+0000][354.521s][debug][safepoint     ] Safepoint synchronization initiated. (288 threads)
[2024-05-17T09:02:28.970+0000][354.525s][info ][safepoint     ] Application time: 1.0035103 seconds
[2024-05-17T09:02:28.970+0000][354.525s][info ][safepoint     ] Entering safepoint region: Cleanup
[2024-05-17T09:02:28.971+0000][354.525s][debug][safepoint     ] ... found polling page return exception at pc = 0x00007faa8ce45156, stub =0x00007faa84824b00
[2024-05-17T09:02:28.971+0000][354.525s][info ][safepoint     ] Leaving safepoint region
[2024-05-17T09:02:28.971+0000][354.526s][info ][safepoint     ] Total time for which application threads were stopped: 0.0007485 seconds, Stopping threads took: 0.0003004 seconds
[2024-05-17T09:02:29.772+0000][355.327s][debug][safepoint     ] Safepoint synchronization initiated. (288 threads)
[2024-05-17T09:02:29.772+0000][355.327s][info ][safepoint     ] Application time: 0.8012438 seconds
[2024-05-17T09:02:29.772+0000][355.327s][debug][safepoint     ] ... found polling page return exception at pc = 0x00007faa8ce7f24d, stub =0x00007faa84824b00
[2024-05-17T09:02:29.772+0000][355.327s][debug][safepoint     ] Waiting for 1 thread(s) to block
[2024-05-17T09:02:29.773+0000][355.327s][info ][safepoint     ] Entering safepoint region: G1CollectForAllocation
[2024-05-17T09:02:29.773+0000][355.328s][info ][gc,start      ] GC(80) Pause Young (Normal) (G1 Evacuation Pause)
[2024-05-17T09:02:29.773+0000][355.328s][info ][gc,task       ] GC(80) Using 4 workers of 4 for evacuation
[2024-05-17T09:02:29.788+0000][355.343s][info ][gc,phases     ] GC(80)   Pre Evacuate Collection Set: 0.1ms
[2024-05-17T09:02:29.788+0000][355.343s][info ][gc,phases     ] GC(80)   Evacuate Collection Set: 8.9ms
[2024-05-17T09:02:29.788+0000][355.343s][info ][gc,phases     ] GC(80)   Post Evacuate Collection Set: 4.9ms
[2024-05-17T09:02:29.788+0000][355.343s][info ][gc,phases     ] GC(80)   Other: 0.9ms
[2024-05-17T09:02:29.788+0000][355.343s][info ][gc,heap       ] GC(80) Eden regions: 164->0(164)
[2024-05-17T09:02:29.788+0000][355.343s][info ][gc,heap       ] GC(80) Survivor regions: 2->2(21)
[2024-05-17T09:02:29.788+0000][355.343s][info ][gc,heap       ] GC(80) Old regions: 172->173
[2024-05-17T09:02:29.788+0000][355.343s][info ][gc,heap       ] GC(80) Humongous regions: 0->0
[2024-05-17T09:02:29.788+0000][355.343s][info ][gc,metaspace  ] GC(80) Metaspace: 181172K(187268K)->181172K(187268K) NonClass: 160504K(164280K)->160504K(164280K) Class: 20668K(22988K)->20668K(22988K)
[2024-05-17T09:02:29.788+0000][355.343s][info ][gc            ] GC(80) Pause Young (Normal) (G1 Evacuation Pause) 336M->172M(384M) 14.843ms
[2024-05-17T09:02:29.788+0000][355.343s][info ][gc,cpu        ] GC(80) User=0.05s Sys=0.00s Real=0.01s
[2024-05-17T09:02:29.788+0000][355.343s][info ][safepoint     ] Leaving safepoint region
[2024-05-17T09:02:29.788+0000][355.343s][info ][safepoint     ] Total time for which application threads were stopped: 0.0162073 seconds, Stopping threads took: 0.0004078 seconds
[2024-05-17T09:02:29.789+0000][355.343s][info ][gc,stringdedup] Concurrent String Deduplication (355.343s)
[2024-05-17T09:02:29.789+0000][355.343s][info ][gc,stringdedup] Concurrent String Deduplication 104.0B->32.0B(72.0B) avg 54.6% (355.343s, 355.343s) 0.054ms
[2024-05-17T09:02:30.789+0000][356.343s][debug][safepoint     ] Safepoint synchronization initiated. (288 threads)
[2024-05-17T09:02:30.789+0000][356.343s][info ][safepoint     ] Application time: 1.0003661 seconds
[2024-05-17T09:02:30.789+0000][356.344s][info ][safepoint     ] Entering safepoint region: Cleanup
[2024-05-17T09:02:30.789+0000][356.344s][info ][safepoint     ] Leaving safepoint region
[2024-05-17T09:02:30.789+0000][356.344s][info ][safepoint     ] Total time for which application threads were stopped: 0.0004890 seconds, Stopping threads took: 0.0001516 seconds
[2024-05-17T09:02:31.789+0000][357.344s][debug][safepoint     ] Safepoint synchronization initiated. (288 threads)
[2024-05-17T09:02:31.790+0000][357.344s][info ][safepoint     ] Application time: 1.0002237 seconds
[2024-05-17T09:02:31.790+0000][357.344s][info ][safepoint     ] Entering safepoint region: Cleanup
[2024-05-17T09:02:31.790+0000][357.345s][info ][safepoint     ] Leaving safepoint region
[2024-05-17T09:02:31.790+0000][357.345s][info ][safepoint     ] Total time for which application threads were stopped: 0.0006912 seconds, Stopping threads took: 0.0002638 seconds
[2024-05-17T09:02:32.791+0000][358.345s][debug][safepoint     ] Safepoint synchronization initiated. (288 threads)
[2024-05-17T09:02:32.791+0000][358.345s][info ][safepoint     ] Application time: 1.0003049 seconds
[2024-05-17T09:02:32.791+0000][358.345s][info ][safepoint     ] Entering safepoint region: Cleanup
[2024-05-17T09:02:32.792+0000][358.346s][info ][safepoint     ] Leaving safepoint region
[2024-05-17T09:02:32.792+0000][358.346s][info ][safepoint     ] Total time for which application threads were stopped: 0.0009260 seconds, Stopping threads took: 0.0002209 seconds
[2024-05-17T09:02:33.792+0000][359.346s][debug][safepoint     ] Safepoint synchronization initiated. (288 threads)
[2024-05-17T09:02:33.792+0000][359.346s][info ][safepoint     ] Application time: 1.0002671 seconds
[2024-05-17T09:02:33.792+0000][359.347s][info ][safepoint     ] Entering safepoint region: Cleanup
[2024-05-17T09:02:33.793+0000][359.347s][info ][safepoint     ] Leaving safepoint region
[2024-05-17T09:02:33.793+0000][359.347s][info ][safepoint     ] Total time for which application threads were stopped: 0.0007269 seconds, Stopping threads took: 0.0001916 seconds
[2024-05-17T09:02:34.793+0000][360.347s][debug][safepoint     ] Safepoint synchronization initiated. (288 threads)
[2024-05-17T09:02:34.793+0000][360.348s][info ][safepoint     ] Application time: 1.0002149 seconds
[2024-05-17T09:02:34.793+0000][360.348s][info ][safepoint     ] Entering safepoint region: Cleanup
[2024-05-17T09:02:34.794+0000][360.348s][info ][safepoint     ] Leaving safepoint region
[2024-05-17T09:02:34.794+0000][360.348s][info ][safepoint     ] Total time for which application threads were stopped: 0.0008144 seconds, Stopping threads took: 0.0001981 seconds
[2024-05-17T09:02:35.794+0000][361.349s][debug][safepoint     ] Safepoint synchronization initiated. (288 threads)
[2024-05-17T09:02:35.794+0000][361.349s][info ][safepoint     ] Application time: 1.0002342 seconds
[2024-05-17T09:02:35.794+0000][361.349s][info ][safepoint     ] Entering safepoint region: Cleanup
[2024-05-17T09:02:35.795+0000][361.350s][info ][safepoint     ] Leaving safepoint region
[2024-05-17T09:02:35.795+0000][361.350s][info ][safepoint     ] Total time for which application threads were stopped: 0.0009487 seconds, Stopping threads took: 0.0001903 seconds
[2024-05-17T09:02:36.795+0000][362.350s][debug][safepoint     ] Safepoint synchronization initiated. (288 threads)
[2024-05-17T09:02:36.795+0000][362.350s][info ][safepoint     ] Application time: 1.0002906 seconds
[2024-05-17T09:02:36.795+0000][362.350s][info ][safepoint     ] Entering safepoint region: Cleanup
[2024-05-17T09:02:36.796+0000][362.351s][info ][safepoint     ] Leaving safepoint region
[2024-05-17T09:02:36.796+0000][362.351s][info ][safepoint     ] Total time for which application threads were stopped: 0.0007540 seconds, Stopping threads took: 0.0001753 seconds
[2024-05-17T09:02:37.796+0000][363.351s][debug][safepoint     ] Safepoint synchronization initiated. (288 threads)
[2024-05-17T09:02:37.796+0000][363.351s][info ][safepoint     ] Application time: 1.0003037 seconds
[2024-05-17T09:02:37.797+0000][363.351s][info ][safepoint     ] Entering safepoint region: Cleanup
[2024-05-17T09:02:37.797+0000][363.352s][info ][safepoint     ] Leaving safepoint region
[2024-05-17T09:02:37.797+0000][363.352s][info ][safepoint     ] Total time for which application threads were stopped: 0.0007100 seconds, Stopping threads took: 0.0001997 seconds
[2024-05-17T09:02:38.797+0000][364.352s][debug][safepoint     ] Safepoint synchronization initiated. (288 threads)
[2024-05-17T09:02:38.797+0000][364.352s][info ][safepoint     ] Application time: 1.0002129 seconds
[2024-05-17T09:02:38.798+0000][364.352s][info ][safepoint     ] Entering safepoint region: Cleanup
[2024-05-17T09:02:38.798+0000][364.353s][debug][safepoint     ] ... found polling page return exception at pc = 0x00007faa8ce45156, stub =0x00007faa84824b00
[2024-05-17T09:02:38.798+0000][364.353s][info ][safepoint     ] Leaving safepoint region
[2024-05-17T09:02:38.798+0000][364.353s][info ][safepoint     ] Total time for which application threads were stopped: 0.0009598 seconds, Stopping threads took: 0.0002502 seconds
[2024-05-17T09:02:39.799+0000][365.354s][debug][safepoint     ] Safepoint synchronization initiated. (288 threads)
[2024-05-17T09:02:39.799+0000][365.354s][info ][safepoint     ] Application time: 1.0009919 seconds
[2024-05-17T09:02:39.799+0000][365.354s][info ][safepoint     ] Entering safepoint region: Cleanup
[2024-05-17T09:02:39.800+0000][365.354s][info ][safepoint     ] Leaving safepoint region
[2024-05-17T09:02:39.800+0000][365.354s][info ][safepoint     ] Total time for which application threads were stopped: 0.0004784 seconds, Stopping threads took: 0.0001464 seconds
[2024-05-17T09:02:40.800+0000][366.355s][debug][safepoint     ] Safepoint synchronization initiated. (288 threads)
[2024-05-17T09:02:40.800+0000][366.355s][info ][safepoint     ] Application time: 1.0001875 seconds
[2024-05-17T09:02:40.800+0000][366.355s][info ][safepoint     ] Entering safepoint region: Cleanup
[2024-05-17T09:02:40.800+0000][366.355s][info ][safepoint     ] Leaving safepoint region
[2024-05-17T09:02:40.801+0000][366.355s][info ][safepoint     ] Total time for which application threads were stopped: 0.0004476 seconds, Stopping threads took: 0.0001441 seconds
[2024-05-17T09:02:41.801+0000][367.355s][debug][safepoint     ] Safepoint synchronization initiated. (290 threads)
[2024-05-17T09:02:41.801+0000][367.355s][info ][safepoint     ] Application time: 1.0001603 seconds
[2024-05-17T09:02:41.801+0000][367.355s][info ][safepoint     ] Entering safepoint region: Cleanup
[2024-05-17T09:02:41.801+0000][367.356s][info ][safepoint     ] Leaving safepoint region
[2024-05-17T09:02:41.801+0000][367.356s][info ][safepoint     ] Total time for which application threads were stopped: 0.0004974 seconds, Stopping threads took: 0.0001526 seconds
[2024-05-17T09:02:41.801+0000][367.356s][debug][safepoint     ] ... found polling page return exception at pc = 0x00007faa8ce45156, stub =0x00007faa84824b00
[2024-05-17T09:02:42.801+0000][368.356s][debug][safepoint     ] Safepoint synchronization initiated. (290 threads)
[2024-05-17T09:02:42.801+0000][368.356s][info ][safepoint     ] Application time: 1.0001660 seconds
[2024-05-17T09:02:42.802+0000][368.356s][info ][safepoint     ] Entering safepoint region: Cleanup
[2024-05-17T09:02:42.802+0000][368.357s][info ][safepoint     ] Leaving safepoint region
[2024-05-17T09:02:42.802+0000][368.357s][info ][safepoint     ] Total time for which application threads were stopped: 0.0005274 seconds, Stopping threads took: 0.0001637 seconds
[2024-05-17T09:02:43.802+0000][369.357s][debug][safepoint     ] Safepoint synchronization initiated. (290 threads)
[2024-05-17T09:02:43.802+0000][369.357s][info ][safepoint     ] Application time: 1.0001644 seconds
[2024-05-17T09:02:43.802+0000][369.357s][info ][safepoint     ] Entering safepoint region: Cleanup
[2024-05-17T09:02:43.803+0000][369.357s][info ][safepoint     ] Leaving safepoint region
[2024-05-17T09:02:43.803+0000][369.357s][info ][safepoint     ] Total time for which application threads were stopped: 0.0004860 seconds, Stopping threads took: 0.0001488 seconds
[2024-05-17T09:02:44.803+0000][370.357s][debug][safepoint     ] Safepoint synchronization initiated. (290 threads)
[2024-05-17T09:02:44.803+0000][370.357s][info ][safepoint     ] Application time: 1.0001936 seconds
[2024-05-17T09:02:44.803+0000][370.358s][info ][safepoint     ] Entering safepoint region: Cleanup
[2024-05-17T09:02:44.803+0000][370.358s][info ][safepoint     ] Leaving safepoint region
[2024-05-17T09:02:44.803+0000][370.358s][info ][safepoint     ] Total time for which application threads were stopped: 0.0004585 seconds, Stopping threads took: 0.0001285 seconds
[2024-05-17T09:02:45.803+0000][371.358s][debug][safepoint     ] Safepoint synchronization initiated. (290 threads)
[2024-05-17T09:02:45.803+0000][371.358s][info ][safepoint     ] Application time: 1.0001711 seconds
[2024-05-17T09:02:45.804+0000][371.358s][debug][safepoint     ] Waiting for 1 thread(s) to block
[2024-05-17T09:02:45.804+0000][371.358s][info ][safepoint     ] Entering safepoint region: Cleanup
[2024-05-17T09:02:45.804+0000][371.359s][info ][safepoint     ] Leaving safepoint region
[2024-05-17T09:02:45.804+0000][371.359s][info ][safepoint     ] Total time for which application threads were stopped: 0.0005628 seconds, Stopping threads took: 0.0002592 seconds
[2024-05-17T09:02:46.804+0000][372.359s][debug][safepoint     ] Safepoint synchronization initiated. (290 threads)
[2024-05-17T09:02:46.804+0000][372.359s][info ][safepoint     ] Application time: 1.0001620 seconds
[2024-05-17T09:02:46.804+0000][372.359s][info ][safepoint     ] Entering safepoint region: Cleanup
[2024-05-17T09:02:46.805+0000][372.359s][info ][safepoint     ] Leaving safepoint region
[2024-05-17T09:02:46.805+0000][372.359s][info ][safepoint     ] Total time for which application threads were stopped: 0.0005362 seconds, Stopping threads took: 0.0001705 seconds
[2024-05-17T09:02:47.805+0000][373.360s][debug][safepoint     ] Safepoint synchronization initiated. (289 threads)
[2024-05-17T09:02:47.805+0000][373.360s][info ][safepoint     ] Application time: 1.0001690 seconds
[2024-05-17T09:02:47.805+0000][373.360s][info ][safepoint     ] Entering safepoint region: Cleanup
[2024-05-17T09:02:47.805+0000][373.360s][info ][safepoint     ] Leaving safepoint region
[2024-05-17T09:02:47.805+0000][373.360s][info ][safepoint     ] Total time for which application threads were stopped: 0.0005013 seconds, Stopping threads took: 0.0001394 seconds
[2024-05-17T09:02:48.806+0000][374.360s][debug][safepoint     ] Safepoint synchronization initiated. (289 threads)
[2024-05-17T09:02:48.806+0000][374.360s][info ][safepoint     ] Application time: 1.0001608 seconds
[2024-05-17T09:02:48.808+0000][374.363s][debug][safepoint     ] ... found polling page return exception at pc = 0x00007faa8773b9b4, stub =0x00007faa84824b00
[2024-05-17T09:02:48.808+0000][374.363s][debug][safepoint     ] Waiting for 2 thread(s) to block
[2024-05-17T09:02:48.808+0000][374.363s][info ][safepoint     ] Entering safepoint region: Cleanup
[2024-05-17T09:02:48.809+0000][374.364s][info ][safepoint     ] Leaving safepoint region
[2024-05-17T09:02:48.809+0000][374.364s][info ][safepoint     ] Total time for which application threads were stopped: 0.0030069 seconds, Stopping threads took: 0.0024564 seconds
